{"op_code":0,"worker_id":"c1e01a24-3e99-4f01-b087-63f1ef0e330f-20268","study_name":"peter_voting_k3","directions":[2]}
{"op_code":0,"worker_id":"1495448d-c29f-4fad-9887-db4020148a95-22708","study_name":"peter_voting_k3","directions":[2]}
{"op_code":0,"worker_id":"2090048f-125e-47a3-b735-f5e04b955d1f-28600","study_name":"peter_voting_k3","directions":[2]}
{"op_code":4,"worker_id":"2090048f-125e-47a3-b735-f5e04b955d1f-28600","study_id":0,"datetime_start":"2026-07-24T09:13:01.599498"}
{"op_code":5,"worker_id":"2090048f-125e-47a3-b735-f5e04b955d1f-28600","trial_id":0,"param_name":"lr","param_value_internal":0.00037348752583077653,"distribution":"{\"name\": \"FloatDistribution\", \"attributes\": {\"step\": null, \"low\": 1e-08, \"high\": 0.5, \"log\": true}}"}
{"op_code":5,"worker_id":"2090048f-125e-47a3-b735-f5e04b955d1f-28600","trial_id":0,"param_name":"ratio","param_value_internal":2.562248293373434,"distribution":"{\"name\": \"FloatDistribution\", \"attributes\": {\"step\": null, \"low\": 0.1, \"high\": 100.0, \"log\": true}}"}
{"op_code":0,"worker_id":"6f8cd1d7-bea1-4a05-b1c9-d1fb61091e6c-25052","study_name":"peter_voting_k3","directions":[2]}
{"op_code":4,"worker_id":"6f8cd1d7-bea1-4a05-b1c9-d1fb61091e6c-25052","study_id":0,"datetime_start":"2026-07-24T09:13:02.622724"}
{"op_code":0,"worker_id":"c77f4f1f-c06c-498a-a9c7-b19af29a823f-23456247935296","study_name":"peter_voting_k3","directions":[2]}
{"op_code":0,"worker_id":"0f3ccfc5-74fd-45f7-96f3-ee9a99f3d57a-23456247935296","study_name":"peter_voting_k3","directions":[2]}
{"op_code":4,"worker_id":"0f3ccfc5-74fd-45f7-96f3-ee9a99f3d57a-23456247935296","study_id":0,"datetime_start":"2026-07-24T10:21:57.338674"}
{"op_code":5,"worker_id":"0f3ccfc5-74fd-45f7-96f3-ee9a99f3d57a-23456247935296","trial_id":2,"param_name":"lr","param_value_internal":0.024106447373547054,"distribution":"{\"name\": \"FloatDistribution\", \"attributes\": {\"step\": null, \"low\": 1e-08, \"high\": 0.5, \"log\": true}}"}
{"op_code":5,"worker_id":"0f3ccfc5-74fd-45f7-96f3-ee9a99f3d57a-23456247935296","trial_id":2,"param_name":"ratio","param_value_internal":0.11084689867047132,"distribution":"{\"name\": \"FloatDistribution\", \"attributes\": {\"step\": null, \"low\": 0.1, \"high\": 100.0, \"log\": true}}"}
{"op_code":6,"worker_id":"0f3ccfc5-74fd-45f7-96f3-ee9a99f3d57a-23456247935296","trial_id":2,"state":3,"values":null,"datetime_complete":"2026-07-24T10:22:47.984930"}
{"op_code":0,"worker_id":"2c571b1c-b44e-4576-984b-ccc9805c4623-23456247935296","study_name":"peter_voting_k3","directions":[2]}
{"op_code":4,"worker_id":"2c571b1c-b44e-4576-984b-ccc9805c4623-23456247935296","study_id":0,"datetime_start":"2026-07-24T10:23:21.014442"}
{"op_code":5,"worker_id":"2c571b1c-b44e-4576-984b-ccc9805c4623-23456247935296","trial_id":3,"param_name":"lr","param_value_internal":0.0012074629602111372,"distribution":"{\"name\": \"FloatDistribution\", \"attributes\": {\"step\": null, \"low\": 1e-08, \"high\": 0.5, \"log\": true}}"}
{"op_code":5,"worker_id":"2c571b1c-b44e-4576-984b-ccc9805c4623-23456247935296","trial_id":3,"param_name":"ratio","param_value_internal":5.57637773318185,"distribution":"{\"name\": \"FloatDistribution\", \"attributes\": {\"step\": null, \"low\": 0.1, \"high\": 100.0, \"log\": true}}"}
{"op_code":6,"worker_id":"2c571b1c-b44e-4576-984b-ccc9805c4623-23456247935296","trial_id":3,"state":3,"values":null,"datetime_complete":"2026-07-24T10:25:32.174380"}
{"op_code":0,"worker_id":"8a8be96a-7b9c-4a78-8458-5a9d7ea2801a-23456247935296","study_name":"peter_voting_k3","directions":[2]}
{"op_code":4,"worker_id":"8a8be96a-7b9c-4a78-8458-5a9d7ea2801a-23456247935296","study_id":0,"datetime_start":"2026-07-24T10:26:35.211863"}
{"op_code":5,"worker_id":"8a8be96a-7b9c-4a78-8458-5a9d7ea2801a-23456247935296","trial_id":4,"param_name":"lr","param_value_internal":0.4887147567223507,"distribution":"{\"name\": \"FloatDistribution\", \"attributes\": {\"step\": null, \"low\": 1e-08, \"high\": 0.5, \"log\": true}}"}
{"op_code":5,"worker_id":"8a8be96a-7b9c-4a78-8458-5a9d7ea2801a-23456247935296","trial_id":4,"param_name":"ratio","param_value_internal":0.1565657002090358,"distribution":"{\"name\": \"FloatDistribution\", \"attributes\": {\"step\": null, \"low\": 0.1, \"high\": 100.0, \"log\": true}}"}
{"op_code":6,"worker_id":"8a8be96a-7b9c-4a78-8458-5a9d7ea2801a-23456247935296","trial_id":4,"state":3,"values":null,"datetime_complete":"2026-07-24T10:27:21.657620"}
{"op_code":0,"worker_id":"07297b21-a3c6-4300-bfe5-e607b81ba980-23456247935296","study_name":"peter_voting_k3","directions":[2]}
{"op_code":4,"worker_id":"07297b21-a3c6-4300-bfe5-e607b81ba980-23456247935296","study_id":0,"datetime_start":"2026-07-24T10:30:09.684310"}
{"op_code":5,"worker_id":"07297b21-a3c6-4300-bfe5-e607b81ba980-23456247935296","trial_id":5,"param_name":"lr","param_value_internal":6.164659466338132e-08,"distribution":"{\"name\": \"FloatDistribution\", \"attributes\": {\"step\": null, \"low\": 1e-08, \"high\": 0.5, \"log\": true}}"}
{"op_code":5,"worker_id":"07297b21-a3c6-4300-bfe5-e607b81ba980-23456247935296","trial_id":5,"param_name":"ratio","param_value_internal":10.16058212793398,"distribution":"{\"name\": \"FloatDistribution\", \"attributes\": {\"step\": null, \"low\": 0.1, \"high\": 100.0, \"log\": true}}"}
{"op_code":0,"worker_id":"95fb6090-809c-4c5d-88ce-798d8aacb786-23456247935296","study_name":"peter_voting_k3","directions":[2]}
{"op_code":4,"worker_id":"95fb6090-809c-4c5d-88ce-798d8aacb786-23456247935296","study_id":0,"datetime_start":"2026-07-24T10:33:41.544365"}
{"op_code":5,"worker_id":"95fb6090-809c-4c5d-88ce-798d8aacb786-23456247935296","trial_id":6,"param_name":"lr","param_value_internal":0.000142884316701906,"distribution":"{\"name\": \"FloatDistribution\", \"attributes\": {\"step\": null, \"low\": 1e-08, \"high\": 0.5, \"log\": true}}"}
{"op_code":5,"worker_id":"95fb6090-809c-4c5d-88ce-798d8aacb786-23456247935296","trial_id":6,"param_name":"ratio","param_value_internal":5.74631524523188,"distribution":"{\"name\": \"FloatDistribution\", \"attributes\": {\"step\": null, \"low\": 0.1, \"high\": 100.0, \"log\": true}}"}
{"op_code":6,"worker_id":"07297b21-a3c6-4300-bfe5-e607b81ba980-23456247935296","trial_id":5,"state":1,"values":[-269.2301214993922],"datetime_complete":"2026-07-24T10:35:41.041173"}
{"op_code":0,"worker_id":"14cbf353-53e0-4147-beba-962433295af0-23456247935296","study_name":"peter_voting_k3","directions":[2]}
{"op_code":4,"worker_id":"14cbf353-53e0-4147-beba-962433295af0-23456247935296","study_id":0,"datetime_start":"2026-07-24T10:37:02.020254"}
{"op_code":5,"worker_id":"14cbf353-53e0-4147-beba-962433295af0-23456247935296","trial_id":7,"param_name":"lr","param_value_internal":0.06951414250269229,"distribution":"{\"name\": \"FloatDistribution\", \"attributes\": {\"step\": null, \"low\": 1e-08, \"high\": 0.5, \"log\": true}}"}
{"op_code":5,"worker_id":"14cbf353-53e0-4147-beba-962433295af0-23456247935296","trial_id":7,"param_name":"ratio","param_value_internal":77.88413825557821,"distribution":"{\"name\": \"FloatDistribution\", \"attributes\": {\"step\": null, \"low\": 0.1, \"high\": 100.0, \"log\": true}}"}
{"op_code":6,"worker_id":"14cbf353-53e0-4147-beba-962433295af0-23456247935296","trial_id":7,"state":3,"values":null,"datetime_complete":"2026-07-24T10:37:42.360833"}
{"op_code":6,"worker_id":"95fb6090-809c-4c5d-88ce-798d8aacb786-23456247935296","trial_id":6,"state":1,"values":[-331.7046794831814],"datetime_complete":"2026-07-24T10:40:11.724577"}
{"op_code":0,"worker_id":"b64ae46d-bda1-4d75-83ff-f7bbe03f6f82-23456247935296","study_name":"peter_voting_k3","directions":[2]}
{"op_code":4,"worker_id":"b64ae46d-bda1-4d75-83ff-f7bbe03f6f82-23456247935296","study_id":0,"datetime_start":"2026-07-24T10:40:47.598382"}
{"op_code":5,"worker_id":"b64ae46d-bda1-4d75-83ff-f7bbe03f6f82-23456247935296","trial_id":8,"param_name":"lr","param_value_internal":7.07771149077066e-07,"distribution":"{\"name\": \"FloatDistribution\", \"attributes\": {\"step\": null, \"low\": 1e-08, \"high\": 0.5, \"log\": true}}"}
{"op_code":5,"worker_id":"b64ae46d-bda1-4d75-83ff-f7bbe03f6f82-23456247935296","trial_id":8,"param_name":"ratio","param_value_internal":2.9972347183369523,"distribution":"{\"name\": \"FloatDistribution\", \"attributes\": {\"step\": null, \"low\": 0.1, \"high\": 100.0, \"log\": true}}"}
{"op_code":0,"worker_id":"038c8b69-0538-44fe-b6d8-8d39e0446e40-23456247935296","study_name":"peter_voting_k3","directions":[2]}
{"op_code":4,"worker_id":"038c8b69-0538-44fe-b6d8-8d39e0446e40-23456247935296","study_id":0,"datetime_start":"2026-07-24T10:44:48.366988"}
{"op_code":5,"worker_id":"038c8b69-0538-44fe-b6d8-8d39e0446e40-23456247935296","trial_id":9,"param_name":"lr","param_value_internal":4.3433221744643284e-08,"distribution":"{\"name\": \"FloatDistribution\", \"attributes\": {\"step\": null, \"low\": 1e-08, \"high\": 0.5, \"log\": true}}"}
{"op_code":5,"worker_id":"038c8b69-0538-44fe-b6d8-8d39e0446e40-23456247935296","trial_id":9,"param_name":"ratio","param_value_internal":54.69973828934183,"distribution":"{\"name\": \"FloatDistribution\", \"attributes\": {\"step\": null, \"low\": 0.1, \"high\": 100.0, \"log\": true}}"}
{"op_code":6,"worker_id":"b64ae46d-bda1-4d75-83ff-f7bbe03f6f82-23456247935296","trial_id":8,"state":1,"values":[-269.46693340612757],"datetime_complete":"2026-07-24T10:45:52.010769"}
{"op_code":0,"worker_id":"426b1215-f649-4a4d-be68-76e8fba1aa92-23456247935296","study_name":"peter_voting_k3","directions":[2]}
{"op_code":4,"worker_id":"426b1215-f649-4a4d-be68-76e8fba1aa92-23456247935296","study_id":0,"datetime_start":"2026-07-24T10:49:21.001328"}
{"op_code":5,"worker_id":"426b1215-f649-4a4d-be68-76e8fba1aa92-23456247935296","trial_id":10,"param_name":"lr","param_value_internal":1.9602023546750905e-06,"distribution":"{\"name\": \"FloatDistribution\", \"attributes\": {\"step\": null, \"low\": 1e-08, \"high\": 0.5, \"log\": true}}"}
{"op_code":5,"worker_id":"426b1215-f649-4a4d-be68-76e8fba1aa92-23456247935296","trial_id":10,"param_name":"ratio","param_value_internal":1.4847311830376906,"distribution":"{\"name\": \"FloatDistribution\", \"attributes\": {\"step\": null, \"low\": 0.1, \"high\": 100.0, \"log\": true}}"}
{"op_code":6,"worker_id":"038c8b69-0538-44fe-b6d8-8d39e0446e40-23456247935296","trial_id":9,"state":1,"values":[-269.22683874469897],"datetime_complete":"2026-07-24T10:51:03.459283"}
{"op_code":0,"worker_id":"6ef8b8d9-9496-4f42-ba05-343bc60b798c-23456247935296","study_name":"peter_voting_k3","directions":[2]}
{"op_code":4,"worker_id":"6ef8b8d9-9496-4f42-ba05-343bc60b798c-23456247935296","study_id":0,"datetime_start":"2026-07-24T10:53:52.068637"}
{"op_code":5,"worker_id":"6ef8b8d9-9496-4f42-ba05-343bc60b798c-23456247935296","trial_id":11,"param_name":"lr","param_value_internal":0.08362706491782755,"distribution":"{\"name\": \"FloatDistribution\", \"attributes\": {\"step\": null, \"low\": 1e-08, \"high\": 0.5, \"log\": true}}"}
{"op_code":5,"worker_id":"6ef8b8d9-9496-4f42-ba05-343bc60b798c-23456247935296","trial_id":11,"param_name":"ratio","param_value_internal":46.92562725587097,"distribution":"{\"name\": \"FloatDistribution\", \"attributes\": {\"step\": null, \"low\": 0.1, \"high\": 100.0, \"log\": true}}"}
{"op_code":6,"worker_id":"6ef8b8d9-9496-4f42-ba05-343bc60b798c-23456247935296","trial_id":11,"state":3,"values":null,"datetime_complete":"2026-07-24T10:54:42.566288"}
{"op_code":6,"worker_id":"426b1215-f649-4a4d-be68-76e8fba1aa92-23456247935296","trial_id":10,"state":1,"values":[-271.407831427728],"datetime_complete":"2026-07-24T10:55:48.594443"}
{"op_code":0,"worker_id":"1be514f9-9e41-4f91-98bd-ca188f389b0c-23456247935296","study_name":"peter_voting_k3","directions":[2]}
{"op_code":4,"worker_id":"1be514f9-9e41-4f91-98bd-ca188f389b0c-23456247935296","study_id":0,"datetime_start":"2026-07-24T10:57:52.073221"}
{"op_code":5,"worker_id":"1be514f9-9e41-4f91-98bd-ca188f389b0c-23456247935296","trial_id":12,"param_name":"lr","param_value_internal":0.15071009630660284,"distribution":"{\"name\": \"FloatDistribution\", \"attributes\": {\"step\": null, \"low\": 1e-08, \"high\": 0.5, \"log\": true}}"}
{"op_code":5,"worker_id":"1be514f9-9e41-4f91-98bd-ca188f389b0c-23456247935296","trial_id":12,"param_name":"ratio","param_value_internal":0.5175638763592719,"distribution":"{\"name\": \"FloatDistribution\", \"attributes\": {\"step\": null, \"low\": 0.1, \"high\": 100.0, \"log\": true}}"}
{"op_code":6,"worker_id":"1be514f9-9e41-4f91-98bd-ca188f389b0c-23456247935296","trial_id":12,"state":3,"values":null,"datetime_complete":"2026-07-24T10:58:45.185556"}
{"op_code":0,"worker_id":"27d2ecb2-40bb-4f93-b9e3-44e6464132cc-23456247935296","study_name":"peter_voting_k3","directions":[2]}
{"op_code":4,"worker_id":"27d2ecb2-40bb-4f93-b9e3-44e6464132cc-23456247935296","study_id":0,"datetime_start":"2026-07-24T11:03:23.801978"}
{"op_code":5,"worker_id":"27d2ecb2-40bb-4f93-b9e3-44e6464132cc-23456247935296","trial_id":13,"param_name":"lr","param_value_internal":3.3420707486867755e-06,"distribution":"{\"name\": \"FloatDistribution\", \"attributes\": {\"step\": null, \"low\": 1e-08, \"high\": 0.5, \"log\": true}}"}
{"op_code":5,"worker_id":"27d2ecb2-40bb-4f93-b9e3-44e6464132cc-23456247935296","trial_id":13,"param_name":"ratio","param_value_internal":1.9674528018068784,"distribution":"{\"name\": \"FloatDistribution\", \"attributes\": {\"step\": null, \"low\": 0.1, \"high\": 100.0, \"log\": true}}"}
{"op_code":0,"worker_id":"33a678c2-0c0d-4b64-baae-adc9ca35a349-23456247935296","study_name":"peter_voting_k3","directions":[2]}
{"op_code":4,"worker_id":"33a678c2-0c0d-4b64-baae-adc9ca35a349-23456247935296","study_id":0,"datetime_start":"2026-07-24T11:08:02.259615"}
{"op_code":5,"worker_id":"33a678c2-0c0d-4b64-baae-adc9ca35a349-23456247935296","trial_id":14,"param_name":"lr","param_value_internal":1.4532532244826287e-08,"distribution":"{\"name\": \"FloatDistribution\", \"attributes\": {\"step\": null, \"low\": 1e-08, \"high\": 0.5, \"log\": true}}"}
{"op_code":5,"worker_id":"33a678c2-0c0d-4b64-baae-adc9ca35a349-23456247935296","trial_id":14,"param_name":"ratio","param_value_internal":1.0650896100435068,"distribution":"{\"name\": \"FloatDistribution\", \"attributes\": {\"step\": null, \"low\": 0.1, \"high\": 100.0, \"log\": true}}"}
{"op_code":6,"worker_id":"27d2ecb2-40bb-4f93-b9e3-44e6464132cc-23456247935296","trial_id":13,"state":1,"values":[-338.9576265905075],"datetime_complete":"2026-07-24T11:10:18.703194"}
{"op_code":0,"worker_id":"ee35353e-7d27-4014-8c0b-5beb30f788a0-23456247935296","study_name":"peter_voting_k3","directions":[2]}
{"op_code":4,"worker_id":"ee35353e-7d27-4014-8c0b-5beb30f788a0-23456247935296","study_id":0,"datetime_start":"2026-07-24T11:12:33.983392"}
{"op_code":5,"worker_id":"ee35353e-7d27-4014-8c0b-5beb30f788a0-23456247935296","trial_id":15,"param_name":"lr","param_value_internal":0.00011993920381931557,"distribution":"{\"name\": \"FloatDistribution\", \"attributes\": {\"step\": null, \"low\": 1e-08, \"high\": 0.5, \"log\": true}}"}
{"op_code":5,"worker_id":"ee35353e-7d27-4014-8c0b-5beb30f788a0-23456247935296","trial_id":15,"param_name":"ratio","param_value_internal":16.301252530946325,"distribution":"{\"name\": \"FloatDistribution\", \"attributes\": {\"step\": null, \"low\": 0.1, \"high\": 100.0, \"log\": true}}"}
{"op_code":6,"worker_id":"33a678c2-0c0d-4b64-baae-adc9ca35a349-23456247935296","trial_id":14,"state":1,"values":[-269.2569824406045],"datetime_complete":"2026-07-24T11:14:39.637854"}
{"op_code":0,"worker_id":"91ff554c-adb9-42dd-ab3a-c3ce78c89156-23456247935296","study_name":"peter_voting_k3","directions":[2]}
{"op_code":4,"worker_id":"91ff554c-adb9-42dd-ab3a-c3ce78c89156-23456247935296","study_id":0,"datetime_start":"2026-07-24T11:16:52.686039"}
{"op_code":5,"worker_id":"91ff554c-adb9-42dd-ab3a-c3ce78c89156-23456247935296","trial_id":16,"param_name":"lr","param_value_internal":0.0006889104774737986,"distribution":"{\"name\": \"FloatDistribution\", \"attributes\": {\"step\": null, \"low\": 1e-08, \"high\": 0.5, \"log\": true}}"}
{"op_code":5,"worker_id":"91ff554c-adb9-42dd-ab3a-c3ce78c89156-23456247935296","trial_id":16,"param_name":"ratio","param_value_internal":65.76646382619307,"distribution":"{\"name\": \"FloatDistribution\", \"attributes\": {\"step\": null, \"low\": 0.1, \"high\": 100.0, \"log\": true}}"}
{"op_code":6,"worker_id":"ee35353e-7d27-4014-8c0b-5beb30f788a0-23456247935296","trial_id":15,"state":1,"values":[-336.0597008927451],"datetime_complete":"2026-07-24T11:19:14.118803"}
{"op_code":6,"worker_id":"91ff554c-adb9-42dd-ab3a-c3ce78c89156-23456247935296","trial_id":16,"state":3,"values":null,"datetime_complete":"2026-07-24T11:19:15.290204"}
{"op_code":0,"worker_id":"6805656f-3fc8-4aec-84b9-3bd86829ffa9-23456247935296","study_name":"peter_voting_k3","directions":[2]}
{"op_code":4,"worker_id":"6805656f-3fc8-4aec-84b9-3bd86829ffa9-23456247935296","study_id":0,"datetime_start":"2026-07-24T11:20:54.175464"}
{"op_code":5,"worker_id":"6805656f-3fc8-4aec-84b9-3bd86829ffa9-23456247935296","trial_id":17,"param_name":"lr","param_value_internal":2.618816009236885e-05,"distribution":"{\"name\": \"FloatDistribution\", \"attributes\": {\"step\": null, \"low\": 1e-08, \"high\": 0.5, \"log\": true}}"}
{"op_code":5,"worker_id":"6805656f-3fc8-4aec-84b9-3bd86829ffa9-23456247935296","trial_id":17,"param_name":"ratio","param_value_internal":7.428977734849891,"distribution":"{\"name\": \"FloatDistribution\", \"attributes\": {\"step\": null, \"low\": 0.1, \"high\": 100.0, \"log\": true}}"}
{"op_code":0,"worker_id":"9e433fa3-e7bf-45a2-9aa8-96d17bfd1b48-23456247935296","study_name":"peter_voting_k3","directions":[2]}
{"op_code":4,"worker_id":"9e433fa3-e7bf-45a2-9aa8-96d17bfd1b48-23456247935296","study_id":0,"datetime_start":"2026-07-24T11:25:08.528996"}
{"op_code":5,"worker_id":"9e433fa3-e7bf-45a2-9aa8-96d17bfd1b48-23456247935296","trial_id":18,"param_name":"lr","param_value_internal":7.508226827128537e-06,"distribution":"{\"name\": \"FloatDistribution\", \"attributes\": {\"step\": null, \"low\": 1e-08, \"high\": 0.5, \"log\": true}}"}
{"op_code":5,"worker_id":"9e433fa3-e7bf-45a2-9aa8-96d17bfd1b48-23456247935296","trial_id":18,"param_name":"ratio","param_value_internal":1.7167828207558244,"distribution":"{\"name\": \"FloatDistribution\", \"attributes\": {\"step\": null, \"low\": 0.1, \"high\": 100.0, \"log\": true}}"}
{"op_code":6,"worker_id":"6805656f-3fc8-4aec-84b9-3bd86829ffa9-23456247935296","trial_id":17,"state":1,"values":[-285.37924201215577],"datetime_complete":"2026-07-24T11:27:11.638642"}
{"op_code":0,"worker_id":"4dd7bf62-4911-4def-98f3-d67eba5bf400-23456247935296","study_name":"peter_voting_k3","directions":[2]}
{"op_code":4,"worker_id":"4dd7bf62-4911-4def-98f3-d67eba5bf400-23456247935296","study_id":0,"datetime_start":"2026-07-24T11:28:44.598230"}
{"op_code":5,"worker_id":"4dd7bf62-4911-4def-98f3-d67eba5bf400-23456247935296","trial_id":19,"param_name":"lr","param_value_internal":0.0006373066309745671,"distribution":"{\"name\": \"FloatDistribution\", \"attributes\": {\"step\": null, \"low\": 1e-08, \"high\": 0.5, \"log\": true}}"}
{"op_code":5,"worker_id":"4dd7bf62-4911-4def-98f3-d67eba5bf400-23456247935296","trial_id":19,"param_name":"ratio","param_value_internal":51.34294015641798,"distribution":"{\"name\": \"FloatDistribution\", \"attributes\": {\"step\": null, \"low\": 0.1, \"high\": 100.0, \"log\": true}}"}
{"op_code":6,"worker_id":"4dd7bf62-4911-4def-98f3-d67eba5bf400-23456247935296","trial_id":19,"state":3,"values":null,"datetime_complete":"2026-07-24T11:31:11.762638"}
{"op_code":6,"worker_id":"9e433fa3-e7bf-45a2-9aa8-96d17bfd1b48-23456247935296","trial_id":18,"state":1,"values":[-340.89888128565656],"datetime_complete":"2026-07-24T11:31:38.132993"}
{"op_code":0,"worker_id":"9d065302-0262-4470-9272-6da77b2ff374-23456247935296","study_name":"peter_voting_k3","directions":[2]}
{"op_code":4,"worker_id":"9d065302-0262-4470-9272-6da77b2ff374-23456247935296","study_id":0,"datetime_start":"2026-07-24T11:34:02.553497"}
{"op_code":9,"worker_id":"9d065302-0262-4470-9272-6da77b2ff374-23456247935296","trial_id":20,"system_attr":{"tpe:relative_params:0":"{\"lr\": 1.583853815169109e-07, \"ratio\": 93.4344956509395}"}}
{"op_code":5,"worker_id":"9d065302-0262-4470-9272-6da77b2ff374-23456247935296","trial_id":20,"param_name":"lr","param_value_internal":1.583853815169109e-07,"distribution":"{\"name\": \"FloatDistribution\", \"attributes\": {\"step\": null, \"low\": 1e-08, \"high\": 0.5, \"log\": true}}"}
{"op_code":5,"worker_id":"9d065302-0262-4470-9272-6da77b2ff374-23456247935296","trial_id":20,"param_name":"ratio","param_value_internal":93.4344956509395,"distribution":"{\"name\": \"FloatDistribution\", \"attributes\": {\"step\": null, \"low\": 0.1, \"high\": 100.0, \"log\": true}}"}
{"op_code":0,"worker_id":"657e5ae4-555c-4f1c-ad73-fd50d39e3364-23456247935296","study_name":"peter_voting_k3","directions":[2]}
{"op_code":4,"worker_id":"657e5ae4-555c-4f1c-ad73-fd50d39e3364-23456247935296","study_id":0,"datetime_start":"2026-07-24T11:38:29.814029"}
{"op_code":9,"worker_id":"657e5ae4-555c-4f1c-ad73-fd50d39e3364-23456247935296","trial_id":21,"system_attr":{"tpe:relative_params:0":"{\"lr\": 0.25465991084509876, \"ratio\": 5.815058958806351}"}}
{"op_code":5,"worker_id":"657e5ae4-555c-4f1c-ad73-fd50d39e3364-23456247935296","trial_id":21,"param_name":"lr","param_value_internal":0.25465991084509876,"distribution":"{\"name\": \"FloatDistribution\", \"attributes\": {\"step\": null, \"low\": 1e-08, \"high\": 0.5, \"log\": true}}"}
{"op_code":5,"worker_id":"657e5ae4-555c-4f1c-ad73-fd50d39e3364-23456247935296","trial_id":21,"param_name":"ratio","param_value_internal":5.815058958806351,"distribution":"{\"name\": \"FloatDistribution\", \"attributes\": {\"step\": null, \"low\": 0.1, \"high\": 100.0, \"log\": true}}"}
{"op_code":6,"worker_id":"657e5ae4-555c-4f1c-ad73-fd50d39e3364-23456247935296","trial_id":21,"state":3,"values":null,"datetime_complete":"2026-07-24T11:39:27.925416"}
{"op_code":6,"worker_id":"9d065302-0262-4470-9272-6da77b2ff374-23456247935296","trial_id":20,"state":1,"values":[-268.90007435937656],"datetime_complete":"2026-07-24T11:40:13.995524"}
{"op_code":0,"worker_id":"390894b0-057d-42cd-b747-0dde5dd9b59d-23456247935296","study_name":"peter_voting_k3","directions":[2]}
{"op_code":4,"worker_id":"390894b0-057d-42cd-b747-0dde5dd9b59d-23456247935296","study_id":0,"datetime_start":"2026-07-24T11:42:19.890255"}
{"op_code":9,"worker_id":"390894b0-057d-42cd-b747-0dde5dd9b59d-23456247935296","trial_id":22,"system_attr":{"tpe:relative_params:0":"{\"lr\": 5.244182702348418e-08, \"ratio\": 94.91113088487994}"}}
{"op_code":5,"worker_id":"390894b0-057d-42cd-b747-0dde5dd9b59d-23456247935296","trial_id":22,"param_name":"lr","param_value_internal":5.244182702348418e-08,"distribution":"{\"name\": \"FloatDistribution\", \"attributes\": {\"step\": null, \"low\": 1e-08, \"high\": 0.5, \"log\": true}}"}
{"op_code":5,"worker_id":"390894b0-057d-42cd-b747-0dde5dd9b59d-23456247935296","trial_id":22,"param_name":"ratio","param_value_internal":94.91113088487994,"distribution":"{\"name\": \"FloatDistribution\", \"attributes\": {\"step\": null, \"low\": 0.1, \"high\": 100.0, \"log\": true}}"}
{"op_code":0,"worker_id":"12f568b7-d84f-4bad-90af-5818eeb6b227-23456247935296","study_name":"peter_voting_k3","directions":[2]}
{"op_code":4,"worker_id":"12f568b7-d84f-4bad-90af-5818eeb6b227-23456247935296","study_id":0,"datetime_start":"2026-07-24T11:45:26.831957"}
{"op_code":9,"worker_id":"12f568b7-d84f-4bad-90af-5818eeb6b227-23456247935296","trial_id":23,"system_attr":{"tpe:relative_params:0":"{\"lr\": 2.73056915200715e-06, \"ratio\": 69.92044691564332}"}}
{"op_code":5,"worker_id":"12f568b7-d84f-4bad-90af-5818eeb6b227-23456247935296","trial_id":23,"param_name":"lr","param_value_internal":2.73056915200715e-06,"distribution":"{\"name\": \"FloatDistribution\", \"attributes\": {\"step\": null, \"low\": 1e-08, \"high\": 0.5, \"log\": true}}"}
{"op_code":5,"worker_id":"12f568b7-d84f-4bad-90af-5818eeb6b227-23456247935296","trial_id":23,"param_name":"ratio","param_value_internal":69.92044691564332,"distribution":"{\"name\": \"FloatDistribution\", \"attributes\": {\"step\": null, \"low\": 0.1, \"high\": 100.0, \"log\": true}}"}
{"op_code":0,"worker_id":"b90de98e-649d-4876-93c4-dfde7f055e28-23456247935296","study_name":"peter_voting_k3","directions":[2]}
{"op_code":4,"worker_id":"b90de98e-649d-4876-93c4-dfde7f055e28-23456247935296","study_id":0,"datetime_start":"2026-07-24T11:49:04.375740"}
{"op_code":9,"worker_id":"b90de98e-649d-4876-93c4-dfde7f055e28-23456247935296","trial_id":24,"system_attr":{"tpe:relative_params:0":"{\"lr\": 0.02475797621627693, \"ratio\": 0.17644734655879016}"}}
{"op_code":5,"worker_id":"b90de98e-649d-4876-93c4-dfde7f055e28-23456247935296","trial_id":24,"param_name":"lr","param_value_internal":0.02475797621627693,"distribution":"{\"name\": \"FloatDistribution\", \"attributes\": {\"step\": null, \"low\": 1e-08, \"high\": 0.5, \"log\": true}}"}
{"op_code":5,"worker_id":"b90de98e-649d-4876-93c4-dfde7f055e28-23456247935296","trial_id":24,"param_name":"ratio","param_value_internal":0.17644734655879016,"distribution":"{\"name\": \"FloatDistribution\", \"attributes\": {\"step\": null, \"low\": 0.1, \"high\": 100.0, \"log\": true}}"}
{"op_code":6,"worker_id":"390894b0-057d-42cd-b747-0dde5dd9b59d-23456247935296","trial_id":22,"state":1,"values":[-269.21709267509226],"datetime_complete":"2026-07-24T11:49:17.306410"}
{"op_code":6,"worker_id":"b90de98e-649d-4876-93c4-dfde7f055e28-23456247935296","trial_id":24,"state":3,"values":null,"datetime_complete":"2026-07-24T11:49:56.122779"}
{"op_code":6,"worker_id":"12f568b7-d84f-4bad-90af-5818eeb6b227-23456247935296","trial_id":23,"state":1,"values":[-265.712465560557],"datetime_complete":"2026-07-24T11:51:31.901612"}
{"op_code":0,"worker_id":"5e88c103-d595-4840-8b2e-f203e010eea1-23456247935296","study_name":"peter_voting_k3","directions":[2]}
{"op_code":4,"worker_id":"5e88c103-d595-4840-8b2e-f203e010eea1-23456247935296","study_id":0,"datetime_start":"2026-07-24T11:52:40.158456"}
{"op_code":9,"worker_id":"5e88c103-d595-4840-8b2e-f203e010eea1-23456247935296","trial_id":25,"system_attr":{"tpe:relative_params:0":"{\"lr\": 4.856030806890088e-05, \"ratio\": 71.6005759092177}"}}
{"op_code":5,"worker_id":"5e88c103-d595-4840-8b2e-f203e010eea1-23456247935296","trial_id":25,"param_name":"lr","param_value_internal":4.856030806890088e-05,"distribution":"{\"name\": \"FloatDistribution\", \"attributes\": {\"step\": null, \"low\": 1e-08, \"high\": 0.5, \"log\": true}}"}
{"op_code":5,"worker_id":"5e88c103-d595-4840-8b2e-f203e010eea1-23456247935296","trial_id":25,"param_name":"ratio","param_value_internal":71.6005759092177,"distribution":"{\"name\": \"FloatDistribution\", \"attributes\": {\"step\": null, \"low\": 0.1, \"high\": 100.0, \"log\": true}}"}
{"op_code":0,"worker_id":"9c436204-3eca-4516-a527-3f7e6a86b1da-23456247935296","study_name":"peter_voting_k3","directions":[2]}
{"op_code":4,"worker_id":"9c436204-3eca-4516-a527-3f7e6a86b1da-23456247935296","study_id":0,"datetime_start":"2026-07-24T11:55:46.556538"}
{"op_code":9,"worker_id":"9c436204-3eca-4516-a527-3f7e6a86b1da-23456247935296","trial_id":26,"system_attr":{"tpe:relative_params:0":"{\"lr\": 0.3337887331340398, \"ratio\": 0.22263266322338776}"}}
{"op_code":5,"worker_id":"9c436204-3eca-4516-a527-3f7e6a86b1da-23456247935296","trial_id":26,"param_name":"lr","param_value_internal":0.3337887331340398,"distribution":"{\"name\": \"FloatDistribution\", \"attributes\": {\"step\": null, \"low\": 1e-08, \"high\": 0.5, \"log\": true}}"}
{"op_code":5,"worker_id":"9c436204-3eca-4516-a527-3f7e6a86b1da-23456247935296","trial_id":26,"param_name":"ratio","param_value_internal":0.22263266322338776,"distribution":"{\"name\": \"FloatDistribution\", \"attributes\": {\"step\": null, \"low\": 0.1, \"high\": 100.0, \"log\": true}}"}
{"op_code":6,"worker_id":"9c436204-3eca-4516-a527-3f7e6a86b1da-23456247935296","trial_id":26,"state":3,"values":null,"datetime_complete":"2026-07-24T11:57:16.512362"}
{"op_code":6,"worker_id":"5e88c103-d595-4840-8b2e-f203e010eea1-23456247935296","trial_id":25,"state":1,"values":[-341.1948864886138],"datetime_complete":"2026-07-24T11:59:51.973233"}
{"op_code":0,"worker_id":"0502af09-e503-4371-80a9-ce92a33d261d-23456247935296","study_name":"peter_voting_k3","directions":[2]}
{"op_code":4,"worker_id":"0502af09-e503-4371-80a9-ce92a33d261d-23456247935296","study_id":0,"datetime_start":"2026-07-24T11:59:56.945189"}
{"op_code":9,"worker_id":"0502af09-e503-4371-80a9-ce92a33d261d-23456247935296","trial_id":27,"system_attr":{"tpe:relative_params:0":"{\"lr\": 0.19259445227872765, \"ratio\": 51.81557247743554}"}}
{"op_code":5,"worker_id":"0502af09-e503-4371-80a9-ce92a33d261d-23456247935296","trial_id":27,"param_name":"lr","param_value_internal":0.19259445227872765,"distribution":"{\"name\": \"FloatDistribution\", \"attributes\": {\"step\": null, \"low\": 1e-08, \"high\": 0.5, \"log\": true}}"}
{"op_code":5,"worker_id":"0502af09-e503-4371-80a9-ce92a33d261d-23456247935296","trial_id":27,"param_name":"ratio","param_value_internal":51.81557247743554,"distribution":"{\"name\": \"FloatDistribution\", \"attributes\": {\"step\": null, \"low\": 0.1, \"high\": 100.0, \"log\": true}}"}
{"op_code":6,"worker_id":"0502af09-e503-4371-80a9-ce92a33d261d-23456247935296","trial_id":27,"state":3,"values":null,"datetime_complete":"2026-07-24T12:00:52.964879"}
{"op_code":0,"worker_id":"a17cf7bd-44ab-4bf3-aedb-e125af3ae4b6-23456247935296","study_name":"peter_voting_k3","directions":[2]}
{"op_code":4,"worker_id":"a17cf7bd-44ab-4bf3-aedb-e125af3ae4b6-23456247935296","study_id":0,"datetime_start":"2026-07-24T12:03:27.241792"}
{"op_code":9,"worker_id":"a17cf7bd-44ab-4bf3-aedb-e125af3ae4b6-23456247935296","trial_id":28,"system_attr":{"tpe:relative_params:0":"{\"lr\": 2.827087252318448e-06, \"ratio\": 54.8292260313021}"}}
{"op_code":5,"worker_id":"a17cf7bd-44ab-4bf3-aedb-e125af3ae4b6-23456247935296","trial_id":28,"param_name":"lr","param_value_internal":2.827087252318448e-06,"distribution":"{\"name\": \"FloatDistribution\", \"attributes\": {\"step\": null, \"low\": 1e-08, \"high\": 0.5, \"log\": true}}"}
{"op_code":5,"worker_id":"a17cf7bd-44ab-4bf3-aedb-e125af3ae4b6-23456247935296","trial_id":28,"param_name":"ratio","param_value_internal":54.8292260313021,"distribution":"{\"name\": \"FloatDistribution\", \"attributes\": {\"step\": null, \"low\": 0.1, \"high\": 100.0, \"log\": true}}"}
{"op_code":0,"worker_id":"d5ec9e29-50b0-492d-a970-cf64078e257d-23456247935296","study_name":"peter_voting_k3","directions":[2]}
{"op_code":4,"worker_id":"d5ec9e29-50b0-492d-a970-cf64078e257d-23456247935296","study_id":0,"datetime_start":"2026-07-24T12:07:18.721369"}
{"op_code":9,"worker_id":"d5ec9e29-50b0-492d-a970-cf64078e257d-23456247935296","trial_id":29,"system_attr":{"tpe:relative_params:0":"{\"lr\": 0.3603985626750967, \"ratio\": 99.75748155099251}"}}
{"op_code":5,"worker_id":"d5ec9e29-50b0-492d-a970-cf64078e257d-23456247935296","trial_id":29,"param_name":"lr","param_value_internal":0.3603985626750967,"distribution":"{\"name\": \"FloatDistribution\", \"attributes\": {\"step\": null, \"low\": 1e-08, \"high\": 0.5, \"log\": true}}"}
{"op_code":5,"worker_id":"d5ec9e29-50b0-492d-a970-cf64078e257d-23456247935296","trial_id":29,"param_name":"ratio","param_value_internal":99.75748155099251,"distribution":"{\"name\": \"FloatDistribution\", \"attributes\": {\"step\": null, \"low\": 0.1, \"high\": 100.0, \"log\": true}}"}
{"op_code":6,"worker_id":"d5ec9e29-50b0-492d-a970-cf64078e257d-23456247935296","trial_id":29,"state":3,"values":null,"datetime_complete":"2026-07-24T12:08:14.991619"}
{"op_code":6,"worker_id":"a17cf7bd-44ab-4bf3-aedb-e125af3ae4b6-23456247935296","trial_id":28,"state":1,"values":[-265.938162876569],"datetime_complete":"2026-07-24T12:09:56.615134"}
{"op_code":0,"worker_id":"6efe4934-410b-417b-88f6-2fa3e885a0a7-23456247935296","study_name":"peter_voting_k3","directions":[2]}
{"op_code":4,"worker_id":"6efe4934-410b-417b-88f6-2fa3e885a0a7-23456247935296","study_id":0,"datetime_start":"2026-07-24T12:11:11.101502"}
{"op_code":9,"worker_id":"6efe4934-410b-417b-88f6-2fa3e885a0a7-23456247935296","trial_id":30,"system_attr":{"tpe:relative_params:0":"{\"lr\": 0.05522912064686802, \"ratio\": 22.031442243255157}"}}
{"op_code":5,"worker_id":"6efe4934-410b-417b-88f6-2fa3e885a0a7-23456247935296","trial_id":30,"param_name":"lr","param_value_internal":0.05522912064686802,"distribution":"{\"name\": \"FloatDistribution\", \"attributes\": {\"step\": null, \"low\": 1e-08, \"high\": 0.5, \"log\": true}}"}
{"op_code":5,"worker_id":"6efe4934-410b-417b-88f6-2fa3e885a0a7-23456247935296","trial_id":30,"param_name":"ratio","param_value_internal":22.031442243255157,"distribution":"{\"name\": \"FloatDistribution\", \"attributes\": {\"step\": null, \"low\": 0.1, \"high\": 100.0, \"log\": true}}"}
{"op_code":6,"worker_id":"6efe4934-410b-417b-88f6-2fa3e885a0a7-23456247935296","trial_id":30,"state":3,"values":null,"datetime_complete":"2026-07-24T12:12:03.749688"}
{"op_code":0,"worker_id":"fb44f320-d1ff-4816-9157-3626ea5a5fe3-23456247935296","study_name":"peter_voting_k3","directions":[2]}
{"op_code":4,"worker_id":"fb44f320-d1ff-4816-9157-3626ea5a5fe3-23456247935296","study_id":0,"datetime_start":"2026-07-24T12:14:51.181009"}
{"op_code":9,"worker_id":"fb44f320-d1ff-4816-9157-3626ea5a5fe3-23456247935296","trial_id":31,"system_attr":{"tpe:relative_params:0":"{\"lr\": 0.34478840811948575, \"ratio\": 43.355025479287576}"}}
{"op_code":5,"worker_id":"fb44f320-d1ff-4816-9157-3626ea5a5fe3-23456247935296","trial_id":31,"param_name":"lr","param_value_internal":0.34478840811948575,"distribution":"{\"name\": \"FloatDistribution\", \"attributes\": {\"step\": null, \"low\": 1e-08, \"high\": 0.5, \"log\": true}}"}
{"op_code":5,"worker_id":"fb44f320-d1ff-4816-9157-3626ea5a5fe3-23456247935296","trial_id":31,"param_name":"ratio","param_value_internal":43.355025479287576,"distribution":"{\"name\": \"FloatDistribution\", \"attributes\": {\"step\": null, \"low\": 0.1, \"high\": 100.0, \"log\": true}}"}
{"op_code":6,"worker_id":"fb44f320-d1ff-4816-9157-3626ea5a5fe3-23456247935296","trial_id":31,"state":3,"values":null,"datetime_complete":"2026-07-24T12:15:43.075375"}
{"op_code":0,"worker_id":"e35bb1a3-48f2-4147-9ac7-beb69daa6e75-23456247935296","study_name":"peter_voting_k3","directions":[2]}
{"op_code":4,"worker_id":"e35bb1a3-48f2-4147-9ac7-beb69daa6e75-23456247935296","study_id":0,"datetime_start":"2026-07-24T12:18:23.052806"}
{"op_code":9,"worker_id":"e35bb1a3-48f2-4147-9ac7-beb69daa6e75-23456247935296","trial_id":32,"system_attr":{"tpe:relative_params:0":"{\"lr\": 0.01951710277009021, \"ratio\": 32.37129489816207}"}}
{"op_code":5,"worker_id":"e35bb1a3-48f2-4147-9ac7-beb69daa6e75-23456247935296","trial_id":32,"param_name":"lr","param_value_internal":0.01951710277009021,"distribution":"{\"name\": \"FloatDistribution\", \"attributes\": {\"step\": null, \"low\": 1e-08, \"high\": 0.5, \"log\": true}}"}
{"op_code":5,"worker_id":"e35bb1a3-48f2-4147-9ac7-beb69daa6e75-23456247935296","trial_id":32,"param_name":"ratio","param_value_internal":32.37129489816207,"distribution":"{\"name\": \"FloatDistribution\", \"attributes\": {\"step\": null, \"low\": 0.1, \"high\": 100.0, \"log\": true}}"}
{"op_code":6,"worker_id":"e35bb1a3-48f2-4147-9ac7-beb69daa6e75-23456247935296","trial_id":32,"state":3,"values":null,"datetime_complete":"2026-07-24T12:19:19.143737"}
{"op_code":0,"worker_id":"50e1fb2b-dab8-4fa6-8f59-83ca7b22bcdb-23456247935296","study_name":"peter_voting_k3","directions":[2]}
{"op_code":4,"worker_id":"50e1fb2b-dab8-4fa6-8f59-83ca7b22bcdb-23456247935296","study_id":0,"datetime_start":"2026-07-24T12:22:29.300103"}
{"op_code":9,"worker_id":"50e1fb2b-dab8-4fa6-8f59-83ca7b22bcdb-23456247935296","trial_id":33,"system_attr":{"tpe:relative_params:0":"{\"lr\": 0.049843619470185195, \"ratio\": 49.60239459317631}"}}
{"op_code":5,"worker_id":"50e1fb2b-dab8-4fa6-8f59-83ca7b22bcdb-23456247935296","trial_id":33,"param_name":"lr","param_value_internal":0.049843619470185195,"distribution":"{\"name\": \"FloatDistribution\", \"attributes\": {\"step\": null, \"low\": 1e-08, \"high\": 0.5, \"log\": true}}"}
{"op_code":5,"worker_id":"50e1fb2b-dab8-4fa6-8f59-83ca7b22bcdb-23456247935296","trial_id":33,"param_name":"ratio","param_value_internal":49.60239459317631,"distribution":"{\"name\": \"FloatDistribution\", \"attributes\": {\"step\": null, \"low\": 0.1, \"high\": 100.0, \"log\": true}}"}
{"op_code":6,"worker_id":"50e1fb2b-dab8-4fa6-8f59-83ca7b22bcdb-23456247935296","trial_id":33,"state":3,"values":null,"datetime_complete":"2026-07-24T12:23:33.718666"}
{"op_code":0,"worker_id":"2db9727d-84a0-4bae-818f-8c8d1003c768-23456247935296","study_name":"peter_voting_k3","directions":[2]}
{"op_code":4,"worker_id":"2db9727d-84a0-4bae-818f-8c8d1003c768-23456247935296","study_id":0,"datetime_start":"2026-07-24T12:28:15.293201"}
{"op_code":9,"worker_id":"2db9727d-84a0-4bae-818f-8c8d1003c768-23456247935296","trial_id":34,"system_attr":{"tpe:relative_params:0":"{\"lr\": 0.004279452014316699, \"ratio\": 0.1513495828023615}"}}
{"op_code":5,"worker_id":"2db9727d-84a0-4bae-818f-8c8d1003c768-23456247935296","trial_id":34,"param_name":"lr","param_value_internal":0.004279452014316699,"distribution":"{\"name\": \"FloatDistribution\", \"attributes\": {\"step\": null, \"low\": 1e-08, \"high\": 0.5, \"log\": true}}"}
{"op_code":5,"worker_id":"2db9727d-84a0-4bae-818f-8c8d1003c768-23456247935296","trial_id":34,"param_name":"ratio","param_value_internal":0.1513495828023615,"distribution":"{\"name\": \"FloatDistribution\", \"attributes\": {\"step\": null, \"low\": 0.1, \"high\": 100.0, \"log\": true}}"}
{"op_code":6,"worker_id":"2db9727d-84a0-4bae-818f-8c8d1003c768-23456247935296","trial_id":34,"state":3,"values":null,"datetime_complete":"2026-07-24T12:29:25.509444"}
{"op_code":0,"worker_id":"11262e82-4109-463f-ace2-754e1d56c9c8-23456247935296","study_name":"peter_voting_k3","directions":[2]}
{"op_code":4,"worker_id":"11262e82-4109-463f-ace2-754e1d56c9c8-23456247935296","study_id":0,"datetime_start":"2026-07-24T12:33:00.168431"}
{"op_code":9,"worker_id":"11262e82-4109-463f-ace2-754e1d56c9c8-23456247935296","trial_id":35,"system_attr":{"tpe:relative_params:0":"{\"lr\": 0.028279518557607845, \"ratio\": 48.20504015066652}"}}
{"op_code":5,"worker_id":"11262e82-4109-463f-ace2-754e1d56c9c8-23456247935296","trial_id":35,"param_name":"lr","param_value_internal":0.028279518557607845,"distribution":"{\"name\": \"FloatDistribution\", \"attributes\": {\"step\": null, \"low\": 1e-08, \"high\": 0.5, \"log\": true}}"}
{"op_code":5,"worker_id":"11262e82-4109-463f-ace2-754e1d56c9c8-23456247935296","trial_id":35,"param_name":"ratio","param_value_internal":48.20504015066652,"distribution":"{\"name\": \"FloatDistribution\", \"attributes\": {\"step\": null, \"low\": 0.1, \"high\": 100.0, \"log\": true}}"}
{"op_code":6,"worker_id":"11262e82-4109-463f-ace2-754e1d56c9c8-23456247935296","trial_id":35,"state":3,"values":null,"datetime_complete":"2026-07-24T12:34:06.066400"}
{"op_code":0,"worker_id":"9d9e41ca-e8ad-46af-bec0-78b7f2f711aa-23456247935296","study_name":"peter_voting_k3","directions":[2]}
{"op_code":4,"worker_id":"9d9e41ca-e8ad-46af-bec0-78b7f2f711aa-23456247935296","study_id":0,"datetime_start":"2026-07-24T12:37:05.645306"}
{"op_code":9,"worker_id":"9d9e41ca-e8ad-46af-bec0-78b7f2f711aa-23456247935296","trial_id":36,"system_attr":{"tpe:relative_params:0":"{\"lr\": 0.3499673126558637, \"ratio\": 5.369251302514542}"}}
{"op_code":5,"worker_id":"9d9e41ca-e8ad-46af-bec0-78b7f2f711aa-23456247935296","trial_id":36,"param_name":"lr","param_value_internal":0.3499673126558637,"distribution":"{\"name\": \"FloatDistribution\", \"attributes\": {\"step\": null, \"low\": 1e-08, \"high\": 0.5, \"log\": true}}"}
{"op_code":5,"worker_id":"9d9e41ca-e8ad-46af-bec0-78b7f2f711aa-23456247935296","trial_id":36,"param_name":"ratio","param_value_internal":5.369251302514542,"distribution":"{\"name\": \"FloatDistribution\", \"attributes\": {\"step\": null, \"low\": 0.1, \"high\": 100.0, \"log\": true}}"}
{"op_code":6,"worker_id":"9d9e41ca-e8ad-46af-bec0-78b7f2f711aa-23456247935296","trial_id":36,"state":3,"values":null,"datetime_complete":"2026-07-24T12:38:19.137607"}
{"op_code":0,"worker_id":"0e703e9f-21ba-4252-9b40-96955a97983e-23456247935296","study_name":"peter_voting_k3","directions":[2]}
{"op_code":4,"worker_id":"0e703e9f-21ba-4252-9b40-96955a97983e-23456247935296","study_id":0,"datetime_start":"2026-07-24T12:42:05.217592"}
{"op_code":9,"worker_id":"0e703e9f-21ba-4252-9b40-96955a97983e-23456247935296","trial_id":37,"system_attr":{"tpe:relative_params:0":"{\"lr\": 0.16046179952888287, \"ratio\": 72.97732586101435}"}}
{"op_code":5,"worker_id":"0e703e9f-21ba-4252-9b40-96955a97983e-23456247935296","trial_id":37,"param_name":"lr","param_value_internal":0.16046179952888287,"distribution":"{\"name\": \"FloatDistribution\", \"attributes\": {\"step\": null, \"low\": 1e-08, \"high\": 0.5, \"log\": true}}"}
{"op_code":5,"worker_id":"0e703e9f-21ba-4252-9b40-96955a97983e-23456247935296","trial_id":37,"param_name":"ratio","param_value_internal":72.97732586101435,"distribution":"{\"name\": \"FloatDistribution\", \"attributes\": {\"step\": null, \"low\": 0.1, \"high\": 100.0, \"log\": true}}"}
{"op_code":6,"worker_id":"0e703e9f-21ba-4252-9b40-96955a97983e-23456247935296","trial_id":37,"state":3,"values":null,"datetime_complete":"2026-07-24T12:43:22.306747"}
{"op_code":0,"worker_id":"d7c1cd5f-6c5d-4b4e-a2d7-b2d6086057d6-23456247935296","study_name":"peter_voting_k3","directions":[2]}
{"op_code":4,"worker_id":"d7c1cd5f-6c5d-4b4e-a2d7-b2d6086057d6-23456247935296","study_id":0,"datetime_start":"2026-07-24T12:47:05.332762"}
{"op_code":9,"worker_id":"d7c1cd5f-6c5d-4b4e-a2d7-b2d6086057d6-23456247935296","trial_id":38,"system_attr":{"tpe:relative_params:0":"{\"lr\": 0.004175064504119258, \"ratio\": 73.37885016544084}"}}
{"op_code":5,"worker_id":"d7c1cd5f-6c5d-4b4e-a2d7-b2d6086057d6-23456247935296","trial_id":38,"param_name":"lr","param_value_internal":0.004175064504119258,"distribution":"{\"name\": \"FloatDistribution\", \"attributes\": {\"step\": null, \"low\": 1e-08, \"high\": 0.5, \"log\": true}}"}
{"op_code":5,"worker_id":"d7c1cd5f-6c5d-4b4e-a2d7-b2d6086057d6-23456247935296","trial_id":38,"param_name":"ratio","param_value_internal":73.37885016544084,"distribution":"{\"name\": \"FloatDistribution\", \"attributes\": {\"step\": null, \"low\": 0.1, \"high\": 100.0, \"log\": true}}"}
{"op_code":6,"worker_id":"d7c1cd5f-6c5d-4b4e-a2d7-b2d6086057d6-23456247935296","trial_id":38,"state":3,"values":null,"datetime_complete":"2026-07-24T12:48:43.787426"}
{"op_code":0,"worker_id":"5eddabdf-13a5-4fc5-98f0-5cb5870fb344-23456247935296","study_name":"peter_voting_k3","directions":[2]}
{"op_code":4,"worker_id":"5eddabdf-13a5-4fc5-98f0-5cb5870fb344-23456247935296","study_id":0,"datetime_start":"2026-07-24T12:51:48.551191"}
{"op_code":9,"worker_id":"5eddabdf-13a5-4fc5-98f0-5cb5870fb344-23456247935296","trial_id":39,"system_attr":{"tpe:relative_params:0":"{\"lr\": 0.06649789950061011, \"ratio\": 2.0001924744068798}"}}
{"op_code":5,"worker_id":"5eddabdf-13a5-4fc5-98f0-5cb5870fb344-23456247935296","trial_id":39,"param_name":"lr","param_value_internal":0.06649789950061011,"distribution":"{\"name\": \"FloatDistribution\", \"attributes\": {\"step\": null, \"low\": 1e-08, \"high\": 0.5, \"log\": true}}"}
{"op_code":5,"worker_id":"5eddabdf-13a5-4fc5-98f0-5cb5870fb344-23456247935296","trial_id":39,"param_name":"ratio","param_value_internal":2.0001924744068798,"distribution":"{\"name\": \"FloatDistribution\", \"attributes\": {\"step\": null, \"low\": 0.1, \"high\": 100.0, \"log\": true}}"}
{"op_code":6,"worker_id":"5eddabdf-13a5-4fc5-98f0-5cb5870fb344-23456247935296","trial_id":39,"state":3,"values":null,"datetime_complete":"2026-07-24T12:52:47.022932"}
{"op_code":0,"worker_id":"4293df4d-183f-44f2-af98-654f96cf9d73-23456247935296","study_name":"peter_voting_k3","directions":[2]}
{"op_code":4,"worker_id":"4293df4d-183f-44f2-af98-654f96cf9d73-23456247935296","study_id":0,"datetime_start":"2026-07-24T12:56:23.845100"}
{"op_code":9,"worker_id":"4293df4d-183f-44f2-af98-654f96cf9d73-23456247935296","trial_id":40,"system_attr":{"tpe:relative_params:0":"{\"lr\": 0.04097860866030009, \"ratio\": 0.10855562656831919}"}}
{"op_code":5,"worker_id":"4293df4d-183f-44f2-af98-654f96cf9d73-23456247935296","trial_id":40,"param_name":"lr","param_value_internal":0.04097860866030009,"distribution":"{\"name\": \"FloatDistribution\", \"attributes\": {\"step\": null, \"low\": 1e-08, \"high\": 0.5, \"log\": true}}"}
{"op_code":5,"worker_id":"4293df4d-183f-44f2-af98-654f96cf9d73-23456247935296","trial_id":40,"param_name":"ratio","param_value_internal":0.10855562656831919,"distribution":"{\"name\": \"FloatDistribution\", \"attributes\": {\"step\": null, \"low\": 0.1, \"high\": 100.0, \"log\": true}}"}
{"op_code":6,"worker_id":"4293df4d-183f-44f2-af98-654f96cf9d73-23456247935296","trial_id":40,"state":3,"values":null,"datetime_complete":"2026-07-24T12:57:29.909165"}
{"op_code":0,"worker_id":"18b882ed-c76b-4f4c-bd7f-a25c67c914ca-23456247935296","study_name":"peter_voting_k3","directions":[2]}
{"op_code":4,"worker_id":"18b882ed-c76b-4f4c-bd7f-a25c67c914ca-23456247935296","study_id":0,"datetime_start":"2026-07-24T13:00:20.714863"}
{"op_code":9,"worker_id":"18b882ed-c76b-4f4c-bd7f-a25c67c914ca-23456247935296","trial_id":41,"system_attr":{"tpe:relative_params:0":"{\"lr\": 0.0005053879746076244, \"ratio\": 0.13343018210154228}"}}
{"op_code":5,"worker_id":"18b882ed-c76b-4f4c-bd7f-a25c67c914ca-23456247935296","trial_id":41,"param_name":"lr","param_value_internal":0.0005053879746076244,"distribution":"{\"name\": \"FloatDistribution\", \"attributes\": {\"step\": null, \"low\": 1e-08, \"high\": 0.5, \"log\": true}}"}
{"op_code":5,"worker_id":"18b882ed-c76b-4f4c-bd7f-a25c67c914ca-23456247935296","trial_id":41,"param_name":"ratio","param_value_internal":0.13343018210154228,"distribution":"{\"name\": \"FloatDistribution\", \"attributes\": {\"step\": null, \"low\": 0.1, \"high\": 100.0, \"log\": true}}"}
{"op_code":6,"worker_id":"18b882ed-c76b-4f4c-bd7f-a25c67c914ca-23456247935296","trial_id":41,"state":3,"values":null,"datetime_complete":"2026-07-24T13:03:23.030551"}
{"op_code":0,"worker_id":"927d4f38-1c85-4585-81fb-8dc1d5337584-23456247935296","study_name":"peter_voting_k3","directions":[2]}
{"op_code":4,"worker_id":"927d4f38-1c85-4585-81fb-8dc1d5337584-23456247935296","study_id":0,"datetime_start":"2026-07-24T13:04:34.006285"}
{"op_code":9,"worker_id":"927d4f38-1c85-4585-81fb-8dc1d5337584-23456247935296","trial_id":42,"system_attr":{"tpe:relative_params:0":"{\"lr\": 0.12520846362774474, \"ratio\": 47.2610531659203}"}}
{"op_code":5,"worker_id":"927d4f38-1c85-4585-81fb-8dc1d5337584-23456247935296","trial_id":42,"param_name":"lr","param_value_internal":0.12520846362774474,"distribution":"{\"name\": \"FloatDistribution\", \"attributes\": {\"step\": null, \"low\": 1e-08, \"high\": 0.5, \"log\": true}}"}
{"op_code":5,"worker_id":"927d4f38-1c85-4585-81fb-8dc1d5337584-23456247935296","trial_id":42,"param_name":"ratio","param_value_internal":47.2610531659203,"distribution":"{\"name\": \"FloatDistribution\", \"attributes\": {\"step\": null, \"low\": 0.1, \"high\": 100.0, \"log\": true}}"}
{"op_code":6,"worker_id":"927d4f38-1c85-4585-81fb-8dc1d5337584-23456247935296","trial_id":42,"state":3,"values":null,"datetime_complete":"2026-07-24T13:05:39.030118"}
{"op_code":0,"worker_id":"419f4954-f319-4a3b-a22c-9c4c451b5b96-23456247935296","study_name":"peter_voting_k3","directions":[2]}
{"op_code":4,"worker_id":"419f4954-f319-4a3b-a22c-9c4c451b5b96-23456247935296","study_id":0,"datetime_start":"2026-07-24T13:09:19.778499"}
{"op_code":9,"worker_id":"419f4954-f319-4a3b-a22c-9c4c451b5b96-23456247935296","trial_id":43,"system_attr":{"tpe:relative_params:0":"{\"lr\": 0.2335742653688245, \"ratio\": 71.50462885073838}"}}
{"op_code":5,"worker_id":"419f4954-f319-4a3b-a22c-9c4c451b5b96-23456247935296","trial_id":43,"param_name":"lr","param_value_internal":0.2335742653688245,"distribution":"{\"name\": \"FloatDistribution\", \"attributes\": {\"step\": null, \"low\": 1e-08, \"high\": 0.5, \"log\": true}}"}
{"op_code":5,"worker_id":"419f4954-f319-4a3b-a22c-9c4c451b5b96-23456247935296","trial_id":43,"param_name":"ratio","param_value_internal":71.50462885073838,"distribution":"{\"name\": \"FloatDistribution\", \"attributes\": {\"step\": null, \"low\": 0.1, \"high\": 100.0, \"log\": true}}"}
{"op_code":6,"worker_id":"419f4954-f319-4a3b-a22c-9c4c451b5b96-23456247935296","trial_id":43,"state":3,"values":null,"datetime_complete":"2026-07-24T13:10:28.290498"}
{"op_code":0,"worker_id":"e9cabd91-b777-4ee8-975e-688d109aa51e-23456247935296","study_name":"peter_voting_k3","directions":[2]}
{"op_code":4,"worker_id":"e9cabd91-b777-4ee8-975e-688d109aa51e-23456247935296","study_id":0,"datetime_start":"2026-07-24T13:14:02.482723"}
{"op_code":9,"worker_id":"e9cabd91-b777-4ee8-975e-688d109aa51e-23456247935296","trial_id":44,"system_attr":{"tpe:relative_params:0":"{\"lr\": 0.02506739763272579, \"ratio\": 69.0480346529093}"}}
{"op_code":5,"worker_id":"e9cabd91-b777-4ee8-975e-688d109aa51e-23456247935296","trial_id":44,"param_name":"lr","param_value_internal":0.02506739763272579,"distribution":"{\"name\": \"FloatDistribution\", \"attributes\": {\"step\": null, \"low\": 1e-08, \"high\": 0.5, \"log\": true}}"}
{"op_code":5,"worker_id":"e9cabd91-b777-4ee8-975e-688d109aa51e-23456247935296","trial_id":44,"param_name":"ratio","param_value_internal":69.0480346529093,"distribution":"{\"name\": \"FloatDistribution\", \"attributes\": {\"step\": null, \"low\": 0.1, \"high\": 100.0, \"log\": true}}"}
{"op_code":6,"worker_id":"e9cabd91-b777-4ee8-975e-688d109aa51e-23456247935296","trial_id":44,"state":3,"values":null,"datetime_complete":"2026-07-24T13:15:59.610788"}
{"op_code":0,"worker_id":"1bbfafce-7200-45c4-9caa-51e477dcfbdc-23456247935296","study_name":"peter_voting_k3","directions":[2]}
{"op_code":4,"worker_id":"1bbfafce-7200-45c4-9caa-51e477dcfbdc-23456247935296","study_id":0,"datetime_start":"2026-07-24T13:18:15.879256"}
{"op_code":9,"worker_id":"1bbfafce-7200-45c4-9caa-51e477dcfbdc-23456247935296","trial_id":45,"system_attr":{"tpe:relative_params:0":"{\"lr\": 0.004728864935247634, \"ratio\": 0.13126030857438245}"}}
{"op_code":5,"worker_id":"1bbfafce-7200-45c4-9caa-51e477dcfbdc-23456247935296","trial_id":45,"param_name":"lr","param_value_internal":0.004728864935247634,"distribution":"{\"name\": \"FloatDistribution\", \"attributes\": {\"step\": null, \"low\": 1e-08, \"high\": 0.5, \"log\": true}}"}
{"op_code":5,"worker_id":"1bbfafce-7200-45c4-9caa-51e477dcfbdc-23456247935296","trial_id":45,"param_name":"ratio","param_value_internal":0.13126030857438245,"distribution":"{\"name\": \"FloatDistribution\", \"attributes\": {\"step\": null, \"low\": 0.1, \"high\": 100.0, \"log\": true}}"}
{"op_code":6,"worker_id":"1bbfafce-7200-45c4-9caa-51e477dcfbdc-23456247935296","trial_id":45,"state":3,"values":null,"datetime_complete":"2026-07-24T13:19:17.972675"}
{"op_code":0,"worker_id":"11af655a-b872-406c-8f1b-d6d4377c2b6e-23456247935296","study_name":"peter_voting_k3","directions":[2]}
{"op_code":4,"worker_id":"11af655a-b872-406c-8f1b-d6d4377c2b6e-23456247935296","study_id":0,"datetime_start":"2026-07-24T13:21:15.925709"}
{"op_code":9,"worker_id":"11af655a-b872-406c-8f1b-d6d4377c2b6e-23456247935296","trial_id":46,"system_attr":{"tpe:relative_params:0":"{\"lr\": 0.014970935997335412, \"ratio\": 47.70861905647216}"}}
{"op_code":5,"worker_id":"11af655a-b872-406c-8f1b-d6d4377c2b6e-23456247935296","trial_id":46,"param_name":"lr","param_value_internal":0.014970935997335412,"distribution":"{\"name\": \"FloatDistribution\", \"attributes\": {\"step\": null, \"low\": 1e-08, \"high\": 0.5, \"log\": true}}"}
{"op_code":5,"worker_id":"11af655a-b872-406c-8f1b-d6d4377c2b6e-23456247935296","trial_id":46,"param_name":"ratio","param_value_internal":47.70861905647216,"distribution":"{\"name\": \"FloatDistribution\", \"attributes\": {\"step\": null, \"low\": 0.1, \"high\": 100.0, \"log\": true}}"}
{"op_code":6,"worker_id":"11af655a-b872-406c-8f1b-d6d4377c2b6e-23456247935296","trial_id":46,"state":3,"values":null,"datetime_complete":"2026-07-24T13:23:26.245926"}
{"op_code":0,"worker_id":"259aaf5e-94fa-414f-b362-3b8af666f6a2-23456247935296","study_name":"peter_voting_k3","directions":[2]}
{"op_code":4,"worker_id":"259aaf5e-94fa-414f-b362-3b8af666f6a2-23456247935296","study_id":0,"datetime_start":"2026-07-24T13:24:01.122353"}
{"op_code":9,"worker_id":"259aaf5e-94fa-414f-b362-3b8af666f6a2-23456247935296","trial_id":47,"system_attr":{"tpe:relative_params:0":"{\"lr\": 0.4847114993647505, \"ratio\": 0.2920770441673713}"}}
{"op_code":5,"worker_id":"259aaf5e-94fa-414f-b362-3b8af666f6a2-23456247935296","trial_id":47,"param_name":"lr","param_value_internal":0.4847114993647505,"distribution":"{\"name\": \"FloatDistribution\", \"attributes\": {\"step\": null, \"low\": 1e-08, \"high\": 0.5, \"log\": true}}"}
{"op_code":5,"worker_id":"259aaf5e-94fa-414f-b362-3b8af666f6a2-23456247935296","trial_id":47,"param_name":"ratio","param_value_internal":0.2920770441673713,"distribution":"{\"name\": \"FloatDistribution\", \"attributes\": {\"step\": null, \"low\": 0.1, \"high\": 100.0, \"log\": true}}"}
{"op_code":6,"worker_id":"259aaf5e-94fa-414f-b362-3b8af666f6a2-23456247935296","trial_id":47,"state":3,"values":null,"datetime_complete":"2026-07-24T13:25:03.330900"}
{"op_code":0,"worker_id":"3bb6e5f5-9b47-4171-8783-65b9277d11e2-23456247935296","study_name":"peter_voting_k3","directions":[2]}
{"op_code":4,"worker_id":"3bb6e5f5-9b47-4171-8783-65b9277d11e2-23456247935296","study_id":0,"datetime_start":"2026-07-24T13:26:59.557157"}
{"op_code":9,"worker_id":"3bb6e5f5-9b47-4171-8783-65b9277d11e2-23456247935296","trial_id":48,"system_attr":{"tpe:relative_params:0":"{\"lr\": 0.0006666795178570922, \"ratio\": 0.21849306337887647}"}}
{"op_code":5,"worker_id":"3bb6e5f5-9b47-4171-8783-65b9277d11e2-23456247935296","trial_id":48,"param_name":"lr","param_value_internal":0.0006666795178570922,"distribution":"{\"name\": \"FloatDistribution\", \"attributes\": {\"step\": null, \"low\": 1e-08, \"high\": 0.5, \"log\": true}}"}
{"op_code":5,"worker_id":"3bb6e5f5-9b47-4171-8783-65b9277d11e2-23456247935296","trial_id":48,"param_name":"ratio","param_value_internal":0.21849306337887647,"distribution":"{\"name\": \"FloatDistribution\", \"attributes\": {\"step\": null, \"low\": 0.1, \"high\": 100.0, \"log\": true}}"}
{"op_code":6,"worker_id":"3bb6e5f5-9b47-4171-8783-65b9277d11e2-23456247935296","trial_id":48,"state":3,"values":null,"datetime_complete":"2026-07-24T13:30:51.128213"}
{"op_code":0,"worker_id":"f01ff0f5-c14f-4fbc-8eb9-02e661b1d308-23456247935296","study_name":"peter_voting_k3","directions":[2]}
{"op_code":4,"worker_id":"f01ff0f5-c14f-4fbc-8eb9-02e661b1d308-23456247935296","study_id":0,"datetime_start":"2026-07-24T13:30:58.347332"}
{"op_code":9,"worker_id":"f01ff0f5-c14f-4fbc-8eb9-02e661b1d308-23456247935296","trial_id":49,"system_attr":{"tpe:relative_params:0":"{\"lr\": 0.0061767756102747845, \"ratio\": 0.1509579381306049}"}}
{"op_code":5,"worker_id":"f01ff0f5-c14f-4fbc-8eb9-02e661b1d308-23456247935296","trial_id":49,"param_name":"lr","param_value_internal":0.0061767756102747845,"distribution":"{\"name\": \"FloatDistribution\", \"attributes\": {\"step\": null, \"low\": 1e-08, \"high\": 0.5, \"log\": true}}"}
{"op_code":5,"worker_id":"f01ff0f5-c14f-4fbc-8eb9-02e661b1d308-23456247935296","trial_id":49,"param_name":"ratio","param_value_internal":0.1509579381306049,"distribution":"{\"name\": \"FloatDistribution\", \"attributes\": {\"step\": null, \"low\": 0.1, \"high\": 100.0, \"log\": true}}"}
{"op_code":6,"worker_id":"f01ff0f5-c14f-4fbc-8eb9-02e661b1d308-23456247935296","trial_id":49,"state":3,"values":null,"datetime_complete":"2026-07-24T13:32:03.016036"}
{"op_code":0,"worker_id":"8b8e584a-8e97-4473-8ab8-dc9ce15bea2b-23456247935296","study_name":"peter_voting_k3","directions":[2]}
{"op_code":4,"worker_id":"8b8e584a-8e97-4473-8ab8-dc9ce15bea2b-23456247935296","study_id":0,"datetime_start":"2026-07-24T13:34:34.528636"}
{"op_code":9,"worker_id":"8b8e584a-8e97-4473-8ab8-dc9ce15bea2b-23456247935296","trial_id":50,"system_attr":{"tpe:relative_params:0":"{\"lr\": 0.035700979117025064, \"ratio\": 8.540904216281744}"}}
{"op_code":5,"worker_id":"8b8e584a-8e97-4473-8ab8-dc9ce15bea2b-23456247935296","trial_id":50,"param_name":"lr","param_value_internal":0.035700979117025064,"distribution":"{\"name\": \"FloatDistribution\", \"attributes\": {\"step\": null, \"low\": 1e-08, \"high\": 0.5, \"log\": true}}"}
{"op_code":5,"worker_id":"8b8e584a-8e97-4473-8ab8-dc9ce15bea2b-23456247935296","trial_id":50,"param_name":"ratio","param_value_internal":8.540904216281744,"distribution":"{\"name\": \"FloatDistribution\", \"attributes\": {\"step\": null, \"low\": 0.1, \"high\": 100.0, \"log\": true}}"}
{"op_code":6,"worker_id":"8b8e584a-8e97-4473-8ab8-dc9ce15bea2b-23456247935296","trial_id":50,"state":3,"values":null,"datetime_complete":"2026-07-24T13:35:35.738477"}
{"op_code":0,"worker_id":"75a970ea-9b31-4601-bec1-885e50339a27-23456247935296","study_name":"peter_voting_k3","directions":[2]}
{"op_code":4,"worker_id":"75a970ea-9b31-4601-bec1-885e50339a27-23456247935296","study_id":0,"datetime_start":"2026-07-24T13:37:05.379546"}
{"op_code":9,"worker_id":"75a970ea-9b31-4601-bec1-885e50339a27-23456247935296","trial_id":51,"system_attr":{"tpe:relative_params:0":"{\"lr\": 0.20306731035449263, \"ratio\": 0.21376363483547117}"}}
{"op_code":5,"worker_id":"75a970ea-9b31-4601-bec1-885e50339a27-23456247935296","trial_id":51,"param_name":"lr","param_value_internal":0.20306731035449263,"distribution":"{\"name\": \"FloatDistribution\", \"attributes\": {\"step\": null, \"low\": 1e-08, \"high\": 0.5, \"log\": true}}"}
{"op_code":5,"worker_id":"75a970ea-9b31-4601-bec1-885e50339a27-23456247935296","trial_id":51,"param_name":"ratio","param_value_internal":0.21376363483547117,"distribution":"{\"name\": \"FloatDistribution\", \"attributes\": {\"step\": null, \"low\": 0.1, \"high\": 100.0, \"log\": true}}"}
{"op_code":6,"worker_id":"75a970ea-9b31-4601-bec1-885e50339a27-23456247935296","trial_id":51,"state":3,"values":null,"datetime_complete":"2026-07-24T13:38:06.147474"}
{"op_code":0,"worker_id":"45641bf3-bbc7-4728-86b6-44c03545aeed-23456247935296","study_name":"peter_voting_k3","directions":[2]}
{"op_code":0,"worker_id":"c9a65092-5774-4e71-986b-1b754d76ba1c-23456247935296","study_name":"peter_voting_k3","directions":[2]}
