{"op_code":0,"worker_id":"91103a20-ae20-4d0a-980d-da67d3c83977-20268","study_name":"peter_msnbc_k1","directions":[2]}
{"op_code":0,"worker_id":"3b8f50e0-d9cc-40c5-99f0-6baaf9cc0c9e-38392","study_name":"peter_msnbc_k1","directions":[2]}
{"op_code":4,"worker_id":"3b8f50e0-d9cc-40c5-99f0-6baaf9cc0c9e-38392","study_id":0,"datetime_start":"2026-07-24T09:08:02.147793"}
{"op_code":5,"worker_id":"3b8f50e0-d9cc-40c5-99f0-6baaf9cc0c9e-38392","trial_id":0,"param_name":"lr","param_value_internal":0.058401840680520185,"distribution":"{\"name\": \"FloatDistribution\", \"attributes\": {\"step\": null, \"low\": 1e-08, \"high\": 0.5, \"log\": true}}"}
{"op_code":5,"worker_id":"3b8f50e0-d9cc-40c5-99f0-6baaf9cc0c9e-38392","trial_id":0,"param_name":"ratio","param_value_internal":1.033797019287579,"distribution":"{\"name\": \"FloatDistribution\", \"attributes\": {\"step\": null, \"low\": 0.1, \"high\": 100.0, \"log\": true}}"}
{"op_code":6,"worker_id":"3b8f50e0-d9cc-40c5-99f0-6baaf9cc0c9e-38392","trial_id":0,"state":1,"values":[-8.564716613141826],"datetime_complete":"2026-07-24T09:10:19.260883"}
{"op_code":0,"worker_id":"e57ca6b2-e7dc-492a-8bcf-0d57e39dab02-16900","study_name":"peter_msnbc_k1","directions":[2]}
{"op_code":4,"worker_id":"e57ca6b2-e7dc-492a-8bcf-0d57e39dab02-16900","study_id":0,"datetime_start":"2026-07-24T09:13:00.854785"}
{"op_code":5,"worker_id":"e57ca6b2-e7dc-492a-8bcf-0d57e39dab02-16900","trial_id":1,"param_name":"lr","param_value_internal":0.0032915352863104245,"distribution":"{\"name\": \"FloatDistribution\", \"attributes\": {\"step\": null, \"low\": 1e-08, \"high\": 0.5, \"log\": true}}"}
{"op_code":5,"worker_id":"e57ca6b2-e7dc-492a-8bcf-0d57e39dab02-16900","trial_id":1,"param_name":"ratio","param_value_internal":75.09087964375382,"distribution":"{\"name\": \"FloatDistribution\", \"attributes\": {\"step\": null, \"low\": 0.1, \"high\": 100.0, \"log\": true}}"}
{"op_code":0,"worker_id":"7ceec2c7-1bae-4834-9f39-6bb8eeefd136-25052","study_name":"peter_msnbc_k1","directions":[2]}
{"op_code":4,"worker_id":"7ceec2c7-1bae-4834-9f39-6bb8eeefd136-25052","study_id":0,"datetime_start":"2026-07-24T09:13:01.944174"}
{"op_code":5,"worker_id":"7ceec2c7-1bae-4834-9f39-6bb8eeefd136-25052","trial_id":2,"param_name":"lr","param_value_internal":3.9222323246325626e-05,"distribution":"{\"name\": \"FloatDistribution\", \"attributes\": {\"step\": null, \"low\": 1e-08, \"high\": 0.5, \"log\": true}}"}
{"op_code":5,"worker_id":"7ceec2c7-1bae-4834-9f39-6bb8eeefd136-25052","trial_id":2,"param_name":"ratio","param_value_internal":0.2481736792907506,"distribution":"{\"name\": \"FloatDistribution\", \"attributes\": {\"step\": null, \"low\": 0.1, \"high\": 100.0, \"log\": true}}"}
{"op_code":0,"worker_id":"719e6b06-2bae-44cb-9bd0-ff5e0d55dd0d-23456247935296","study_name":"peter_msnbc_k1","directions":[2]}
{"op_code":0,"worker_id":"f1ed56f7-b031-42a5-a624-8f1017c1f783-23456247935296","study_name":"peter_msnbc_k1","directions":[2]}
{"op_code":4,"worker_id":"f1ed56f7-b031-42a5-a624-8f1017c1f783-23456247935296","study_id":0,"datetime_start":"2026-07-24T10:21:57.192682"}
{"op_code":5,"worker_id":"f1ed56f7-b031-42a5-a624-8f1017c1f783-23456247935296","trial_id":3,"param_name":"lr","param_value_internal":6.816277082318183e-07,"distribution":"{\"name\": \"FloatDistribution\", \"attributes\": {\"step\": null, \"low\": 1e-08, \"high\": 0.5, \"log\": true}}"}
{"op_code":5,"worker_id":"f1ed56f7-b031-42a5-a624-8f1017c1f783-23456247935296","trial_id":3,"param_name":"ratio","param_value_internal":11.458021224951231,"distribution":"{\"name\": \"FloatDistribution\", \"attributes\": {\"step\": null, \"low\": 0.1, \"high\": 100.0, \"log\": true}}"}
{"op_code":0,"worker_id":"fdbf8e1b-c8fd-4675-ae94-ed0993e662a0-23456247935296","study_name":"peter_msnbc_k1","directions":[2]}
{"op_code":4,"worker_id":"fdbf8e1b-c8fd-4675-ae94-ed0993e662a0-23456247935296","study_id":0,"datetime_start":"2026-07-24T10:21:58.494839"}
{"op_code":5,"worker_id":"fdbf8e1b-c8fd-4675-ae94-ed0993e662a0-23456247935296","trial_id":4,"param_name":"lr","param_value_internal":0.008424140080110398,"distribution":"{\"name\": \"FloatDistribution\", \"attributes\": {\"step\": null, \"low\": 1e-08, \"high\": 0.5, \"log\": true}}"}
{"op_code":5,"worker_id":"fdbf8e1b-c8fd-4675-ae94-ed0993e662a0-23456247935296","trial_id":4,"param_name":"ratio","param_value_internal":1.107753848961981,"distribution":"{\"name\": \"FloatDistribution\", \"attributes\": {\"step\": null, \"low\": 0.1, \"high\": 100.0, \"log\": true}}"}
{"op_code":6,"worker_id":"fdbf8e1b-c8fd-4675-ae94-ed0993e662a0-23456247935296","trial_id":4,"state":1,"values":[-8.881121845214224],"datetime_complete":"2026-07-24T10:24:39.673307"}
{"op_code":0,"worker_id":"fb38621d-e1a5-4625-9379-1eae89b67975-23456247935296","study_name":"peter_msnbc_k1","directions":[2]}
{"op_code":4,"worker_id":"fb38621d-e1a5-4625-9379-1eae89b67975-23456247935296","study_id":0,"datetime_start":"2026-07-24T10:24:59.132249"}
{"op_code":5,"worker_id":"fb38621d-e1a5-4625-9379-1eae89b67975-23456247935296","trial_id":5,"param_name":"lr","param_value_internal":0.002498173936340723,"distribution":"{\"name\": \"FloatDistribution\", \"attributes\": {\"step\": null, \"low\": 1e-08, \"high\": 0.5, \"log\": true}}"}
{"op_code":5,"worker_id":"fb38621d-e1a5-4625-9379-1eae89b67975-23456247935296","trial_id":5,"param_name":"ratio","param_value_internal":4.069089993055017,"distribution":"{\"name\": \"FloatDistribution\", \"attributes\": {\"step\": null, \"low\": 0.1, \"high\": 100.0, \"log\": true}}"}
{"op_code":6,"worker_id":"f1ed56f7-b031-42a5-a624-8f1017c1f783-23456247935296","trial_id":3,"state":1,"values":[-12.006957062556475],"datetime_complete":"2026-07-24T10:25:05.269210"}
{"op_code":6,"worker_id":"fb38621d-e1a5-4625-9379-1eae89b67975-23456247935296","trial_id":5,"state":1,"values":[-8.903402106376118],"datetime_complete":"2026-07-24T10:28:09.277497"}
{"op_code":0,"worker_id":"b7516c7f-1a1f-47dd-a777-f89733fd15e4-23456247935296","study_name":"peter_msnbc_k1","directions":[2]}
{"op_code":4,"worker_id":"b7516c7f-1a1f-47dd-a777-f89733fd15e4-23456247935296","study_id":0,"datetime_start":"2026-07-24T10:28:22.168662"}
{"op_code":5,"worker_id":"b7516c7f-1a1f-47dd-a777-f89733fd15e4-23456247935296","trial_id":6,"param_name":"lr","param_value_internal":2.2087784392824892e-07,"distribution":"{\"name\": \"FloatDistribution\", \"attributes\": {\"step\": null, \"low\": 1e-08, \"high\": 0.5, \"log\": true}}"}
{"op_code":5,"worker_id":"b7516c7f-1a1f-47dd-a777-f89733fd15e4-23456247935296","trial_id":6,"param_name":"ratio","param_value_internal":38.630714486354705,"distribution":"{\"name\": \"FloatDistribution\", \"attributes\": {\"step\": null, \"low\": 0.1, \"high\": 100.0, \"log\": true}}"}
{"op_code":6,"worker_id":"b7516c7f-1a1f-47dd-a777-f89733fd15e4-23456247935296","trial_id":6,"state":1,"values":[-12.008911055208534],"datetime_complete":"2026-07-24T10:31:34.868495"}
{"op_code":0,"worker_id":"bf24224b-2866-4442-a300-1118d9301d45-23456247935296","study_name":"peter_msnbc_k1","directions":[2]}
{"op_code":4,"worker_id":"bf24224b-2866-4442-a300-1118d9301d45-23456247935296","study_id":0,"datetime_start":"2026-07-24T10:31:57.433562"}
{"op_code":5,"worker_id":"bf24224b-2866-4442-a300-1118d9301d45-23456247935296","trial_id":7,"param_name":"lr","param_value_internal":0.0015168173275786783,"distribution":"{\"name\": \"FloatDistribution\", \"attributes\": {\"step\": null, \"low\": 1e-08, \"high\": 0.5, \"log\": true}}"}
{"op_code":5,"worker_id":"bf24224b-2866-4442-a300-1118d9301d45-23456247935296","trial_id":7,"param_name":"ratio","param_value_internal":3.8481753362754825,"distribution":"{\"name\": \"FloatDistribution\", \"attributes\": {\"step\": null, \"low\": 0.1, \"high\": 100.0, \"log\": true}}"}
{"op_code":6,"worker_id":"bf24224b-2866-4442-a300-1118d9301d45-23456247935296","trial_id":7,"state":1,"values":[-9.06940072750096],"datetime_complete":"2026-07-24T10:34:42.256853"}
{"op_code":0,"worker_id":"2cb144b3-499d-443f-8165-17c53b2893b8-23456247935296","study_name":"peter_msnbc_k1","directions":[2]}
{"op_code":4,"worker_id":"2cb144b3-499d-443f-8165-17c53b2893b8-23456247935296","study_id":0,"datetime_start":"2026-07-24T10:35:31.383237"}
{"op_code":5,"worker_id":"2cb144b3-499d-443f-8165-17c53b2893b8-23456247935296","trial_id":8,"param_name":"lr","param_value_internal":0.002702146744410348,"distribution":"{\"name\": \"FloatDistribution\", \"attributes\": {\"step\": null, \"low\": 1e-08, \"high\": 0.5, \"log\": true}}"}
{"op_code":5,"worker_id":"2cb144b3-499d-443f-8165-17c53b2893b8-23456247935296","trial_id":8,"param_name":"ratio","param_value_internal":0.74014579213828,"distribution":"{\"name\": \"FloatDistribution\", \"attributes\": {\"step\": null, \"low\": 0.1, \"high\": 100.0, \"log\": true}}"}
{"op_code":6,"worker_id":"2cb144b3-499d-443f-8165-17c53b2893b8-23456247935296","trial_id":8,"state":1,"values":[-9.35543001112899],"datetime_complete":"2026-07-24T10:38:43.580529"}
{"op_code":0,"worker_id":"c5c315a0-560c-4e41-9c0c-dcd94d9392ec-23456247935296","study_name":"peter_msnbc_k1","directions":[2]}
{"op_code":4,"worker_id":"c5c315a0-560c-4e41-9c0c-dcd94d9392ec-23456247935296","study_id":0,"datetime_start":"2026-07-24T10:38:52.168487"}
{"op_code":5,"worker_id":"c5c315a0-560c-4e41-9c0c-dcd94d9392ec-23456247935296","trial_id":9,"param_name":"lr","param_value_internal":0.024603387955247715,"distribution":"{\"name\": \"FloatDistribution\", \"attributes\": {\"step\": null, \"low\": 1e-08, \"high\": 0.5, \"log\": true}}"}
{"op_code":5,"worker_id":"c5c315a0-560c-4e41-9c0c-dcd94d9392ec-23456247935296","trial_id":9,"param_name":"ratio","param_value_internal":0.28960676416554026,"distribution":"{\"name\": \"FloatDistribution\", \"attributes\": {\"step\": null, \"low\": 0.1, \"high\": 100.0, \"log\": true}}"}
{"op_code":6,"worker_id":"c5c315a0-560c-4e41-9c0c-dcd94d9392ec-23456247935296","trial_id":9,"state":1,"values":[-8.952837084834687],"datetime_complete":"2026-07-24T10:41:46.343071"}
{"op_code":0,"worker_id":"4246ce14-bdfe-4c1b-a9ae-9ac25e483016-23456247935296","study_name":"peter_msnbc_k1","directions":[2]}
{"op_code":4,"worker_id":"4246ce14-bdfe-4c1b-a9ae-9ac25e483016-23456247935296","study_id":0,"datetime_start":"2026-07-24T10:43:09.589968"}
{"op_code":5,"worker_id":"4246ce14-bdfe-4c1b-a9ae-9ac25e483016-23456247935296","trial_id":10,"param_name":"lr","param_value_internal":7.021810159621496e-08,"distribution":"{\"name\": \"FloatDistribution\", \"attributes\": {\"step\": null, \"low\": 1e-08, \"high\": 0.5, \"log\": true}}"}
{"op_code":5,"worker_id":"4246ce14-bdfe-4c1b-a9ae-9ac25e483016-23456247935296","trial_id":10,"param_name":"ratio","param_value_internal":4.578292258358732,"distribution":"{\"name\": \"FloatDistribution\", \"attributes\": {\"step\": null, \"low\": 0.1, \"high\": 100.0, \"log\": true}}"}
{"op_code":6,"worker_id":"4246ce14-bdfe-4c1b-a9ae-9ac25e483016-23456247935296","trial_id":10,"state":1,"values":[-12.009729451726885],"datetime_complete":"2026-07-24T10:46:21.185259"}
{"op_code":0,"worker_id":"6150a71f-3b2a-47a2-89f6-b55ef1cf4ef5-23456247935296","study_name":"peter_msnbc_k1","directions":[2]}
{"op_code":4,"worker_id":"6150a71f-3b2a-47a2-89f6-b55ef1cf4ef5-23456247935296","study_id":0,"datetime_start":"2026-07-24T10:47:38.996494"}
{"op_code":5,"worker_id":"6150a71f-3b2a-47a2-89f6-b55ef1cf4ef5-23456247935296","trial_id":11,"param_name":"lr","param_value_internal":0.12555825880724,"distribution":"{\"name\": \"FloatDistribution\", \"attributes\": {\"step\": null, \"low\": 1e-08, \"high\": 0.5, \"log\": true}}"}
{"op_code":5,"worker_id":"6150a71f-3b2a-47a2-89f6-b55ef1cf4ef5-23456247935296","trial_id":11,"param_name":"ratio","param_value_internal":0.6549119636504974,"distribution":"{\"name\": \"FloatDistribution\", \"attributes\": {\"step\": null, \"low\": 0.1, \"high\": 100.0, \"log\": true}}"}
{"op_code":6,"worker_id":"6150a71f-3b2a-47a2-89f6-b55ef1cf4ef5-23456247935296","trial_id":11,"state":3,"values":null,"datetime_complete":"2026-07-24T10:47:46.376690"}
{"op_code":0,"worker_id":"1023f5a5-0185-43b5-9ea1-af31450f4eef-23456247935296","study_name":"peter_msnbc_k1","directions":[2]}
{"op_code":4,"worker_id":"1023f5a5-0185-43b5-9ea1-af31450f4eef-23456247935296","study_id":0,"datetime_start":"2026-07-24T10:51:56.402136"}
{"op_code":5,"worker_id":"1023f5a5-0185-43b5-9ea1-af31450f4eef-23456247935296","trial_id":12,"param_name":"lr","param_value_internal":0.0014274424286598265,"distribution":"{\"name\": \"FloatDistribution\", \"attributes\": {\"step\": null, \"low\": 1e-08, \"high\": 0.5, \"log\": true}}"}
{"op_code":5,"worker_id":"1023f5a5-0185-43b5-9ea1-af31450f4eef-23456247935296","trial_id":12,"param_name":"ratio","param_value_internal":28.818044933285478,"distribution":"{\"name\": \"FloatDistribution\", \"attributes\": {\"step\": null, \"low\": 0.1, \"high\": 100.0, \"log\": true}}"}
{"op_code":6,"worker_id":"1023f5a5-0185-43b5-9ea1-af31450f4eef-23456247935296","trial_id":12,"state":1,"values":[-8.701573617952633],"datetime_complete":"2026-07-24T10:55:11.190699"}
{"op_code":0,"worker_id":"49f67d84-092f-4ccd-ae8b-dbe414a689db-23456247935296","study_name":"peter_msnbc_k1","directions":[2]}
{"op_code":4,"worker_id":"49f67d84-092f-4ccd-ae8b-dbe414a689db-23456247935296","study_id":0,"datetime_start":"2026-07-24T10:56:00.873850"}
{"op_code":9,"worker_id":"49f67d84-092f-4ccd-ae8b-dbe414a689db-23456247935296","trial_id":13,"system_attr":{"tpe:relative_params:0":"{\"lr\": 0.17263547859203232, \"ratio\": 8.25774146393751}"}}
{"op_code":5,"worker_id":"49f67d84-092f-4ccd-ae8b-dbe414a689db-23456247935296","trial_id":13,"param_name":"lr","param_value_internal":0.17263547859203232,"distribution":"{\"name\": \"FloatDistribution\", \"attributes\": {\"step\": null, \"low\": 1e-08, \"high\": 0.5, \"log\": true}}"}
{"op_code":5,"worker_id":"49f67d84-092f-4ccd-ae8b-dbe414a689db-23456247935296","trial_id":13,"param_name":"ratio","param_value_internal":8.25774146393751,"distribution":"{\"name\": \"FloatDistribution\", \"attributes\": {\"step\": null, \"low\": 0.1, \"high\": 100.0, \"log\": true}}"}
{"op_code":6,"worker_id":"49f67d84-092f-4ccd-ae8b-dbe414a689db-23456247935296","trial_id":13,"state":3,"values":null,"datetime_complete":"2026-07-24T10:56:21.831359"}
{"op_code":0,"worker_id":"6ea3bd76-9647-47de-93ea-0096d8a9a6f0-23456247935296","study_name":"peter_msnbc_k1","directions":[2]}
{"op_code":4,"worker_id":"6ea3bd76-9647-47de-93ea-0096d8a9a6f0-23456247935296","study_id":0,"datetime_start":"2026-07-24T11:00:56.437233"}
{"op_code":9,"worker_id":"6ea3bd76-9647-47de-93ea-0096d8a9a6f0-23456247935296","trial_id":14,"system_attr":{"tpe:relative_params:0":"{\"lr\": 2.985308512914069e-08, \"ratio\": 0.1382272864852047}"}}
{"op_code":5,"worker_id":"6ea3bd76-9647-47de-93ea-0096d8a9a6f0-23456247935296","trial_id":14,"param_name":"lr","param_value_internal":2.985308512914069e-08,"distribution":"{\"name\": \"FloatDistribution\", \"attributes\": {\"step\": null, \"low\": 1e-08, \"high\": 0.5, \"log\": true}}"}
{"op_code":5,"worker_id":"6ea3bd76-9647-47de-93ea-0096d8a9a6f0-23456247935296","trial_id":14,"param_name":"ratio","param_value_internal":0.1382272864852047,"distribution":"{\"name\": \"FloatDistribution\", \"attributes\": {\"step\": null, \"low\": 0.1, \"high\": 100.0, \"log\": true}}"}
{"op_code":6,"worker_id":"6ea3bd76-9647-47de-93ea-0096d8a9a6f0-23456247935296","trial_id":14,"state":1,"values":[-12.009797558421825],"datetime_complete":"2026-07-24T11:04:29.001330"}
{"op_code":0,"worker_id":"3ccdab37-c235-4e99-95bd-650608343d34-23456247935296","study_name":"peter_msnbc_k1","directions":[2]}
{"op_code":4,"worker_id":"3ccdab37-c235-4e99-95bd-650608343d34-23456247935296","study_id":0,"datetime_start":"2026-07-24T11:05:58.451903"}
{"op_code":9,"worker_id":"3ccdab37-c235-4e99-95bd-650608343d34-23456247935296","trial_id":15,"system_attr":{"tpe:relative_params:0":"{\"lr\": 0.07926932353942927, \"ratio\": 17.795288497835312}"}}
{"op_code":5,"worker_id":"3ccdab37-c235-4e99-95bd-650608343d34-23456247935296","trial_id":15,"param_name":"lr","param_value_internal":0.07926932353942927,"distribution":"{\"name\": \"FloatDistribution\", \"attributes\": {\"step\": null, \"low\": 1e-08, \"high\": 0.5, \"log\": true}}"}
{"op_code":5,"worker_id":"3ccdab37-c235-4e99-95bd-650608343d34-23456247935296","trial_id":15,"param_name":"ratio","param_value_internal":17.795288497835312,"distribution":"{\"name\": \"FloatDistribution\", \"attributes\": {\"step\": null, \"low\": 0.1, \"high\": 100.0, \"log\": true}}"}
{"op_code":6,"worker_id":"3ccdab37-c235-4e99-95bd-650608343d34-23456247935296","trial_id":15,"state":1,"values":[-9.720095001144403],"datetime_complete":"2026-07-24T11:09:10.523357"}
{"op_code":0,"worker_id":"36f4c342-d4d3-43ea-9f2f-1056f8825227-23456247935296","study_name":"peter_msnbc_k1","directions":[2]}
{"op_code":4,"worker_id":"36f4c342-d4d3-43ea-9f2f-1056f8825227-23456247935296","study_id":0,"datetime_start":"2026-07-24T11:10:38.912870"}
{"op_code":9,"worker_id":"36f4c342-d4d3-43ea-9f2f-1056f8825227-23456247935296","trial_id":16,"system_attr":{"tpe:relative_params:0":"{\"lr\": 5.074389890070577e-05, \"ratio\": 26.81955922199548}"}}
{"op_code":5,"worker_id":"36f4c342-d4d3-43ea-9f2f-1056f8825227-23456247935296","trial_id":16,"param_name":"lr","param_value_internal":5.074389890070577e-05,"distribution":"{\"name\": \"FloatDistribution\", \"attributes\": {\"step\": null, \"low\": 1e-08, \"high\": 0.5, \"log\": true}}"}
{"op_code":5,"worker_id":"36f4c342-d4d3-43ea-9f2f-1056f8825227-23456247935296","trial_id":16,"param_name":"ratio","param_value_internal":26.81955922199548,"distribution":"{\"name\": \"FloatDistribution\", \"attributes\": {\"step\": null, \"low\": 0.1, \"high\": 100.0, \"log\": true}}"}
{"op_code":6,"worker_id":"36f4c342-d4d3-43ea-9f2f-1056f8825227-23456247935296","trial_id":16,"state":1,"values":[-10.30919138495541],"datetime_complete":"2026-07-24T11:13:53.408327"}
{"op_code":0,"worker_id":"5b997b75-563b-4831-bb88-da19952dbb00-23456247935296","study_name":"peter_msnbc_k1","directions":[2]}
{"op_code":4,"worker_id":"5b997b75-563b-4831-bb88-da19952dbb00-23456247935296","study_id":0,"datetime_start":"2026-07-24T11:14:39.682482"}
{"op_code":9,"worker_id":"5b997b75-563b-4831-bb88-da19952dbb00-23456247935296","trial_id":17,"system_attr":{"tpe:relative_params:0":"{\"lr\": 0.4734504376302229, \"ratio\": 0.31093915360375163}"}}
{"op_code":5,"worker_id":"5b997b75-563b-4831-bb88-da19952dbb00-23456247935296","trial_id":17,"param_name":"lr","param_value_internal":0.4734504376302229,"distribution":"{\"name\": \"FloatDistribution\", \"attributes\": {\"step\": null, \"low\": 1e-08, \"high\": 0.5, \"log\": true}}"}
{"op_code":5,"worker_id":"5b997b75-563b-4831-bb88-da19952dbb00-23456247935296","trial_id":17,"param_name":"ratio","param_value_internal":0.31093915360375163,"distribution":"{\"name\": \"FloatDistribution\", \"attributes\": {\"step\": null, \"low\": 0.1, \"high\": 100.0, \"log\": true}}"}
{"op_code":6,"worker_id":"5b997b75-563b-4831-bb88-da19952dbb00-23456247935296","trial_id":17,"state":3,"values":null,"datetime_complete":"2026-07-24T11:14:48.595892"}
{"op_code":0,"worker_id":"a13657fc-a5f9-4bae-82ac-5877b4c5dafc-23456247935296","study_name":"peter_msnbc_k1","directions":[2]}
{"op_code":4,"worker_id":"a13657fc-a5f9-4bae-82ac-5877b4c5dafc-23456247935296","study_id":0,"datetime_start":"2026-07-24T11:19:18.076162"}
{"op_code":9,"worker_id":"a13657fc-a5f9-4bae-82ac-5877b4c5dafc-23456247935296","trial_id":18,"system_attr":{"tpe:relative_params:0":"{\"lr\": 0.3542447093793418, \"ratio\": 2.352677941758924}"}}
{"op_code":5,"worker_id":"a13657fc-a5f9-4bae-82ac-5877b4c5dafc-23456247935296","trial_id":18,"param_name":"lr","param_value_internal":0.3542447093793418,"distribution":"{\"name\": \"FloatDistribution\", \"attributes\": {\"step\": null, \"low\": 1e-08, \"high\": 0.5, \"log\": true}}"}
{"op_code":5,"worker_id":"a13657fc-a5f9-4bae-82ac-5877b4c5dafc-23456247935296","trial_id":18,"param_name":"ratio","param_value_internal":2.352677941758924,"distribution":"{\"name\": \"FloatDistribution\", \"attributes\": {\"step\": null, \"low\": 0.1, \"high\": 100.0, \"log\": true}}"}
{"op_code":6,"worker_id":"a13657fc-a5f9-4bae-82ac-5877b4c5dafc-23456247935296","trial_id":18,"state":3,"values":null,"datetime_complete":"2026-07-24T11:19:25.309216"}
{"op_code":0,"worker_id":"0d91dfac-36f4-418c-8d78-6b8d928bfd67-23456247935296","study_name":"peter_msnbc_k1","directions":[2]}
{"op_code":4,"worker_id":"0d91dfac-36f4-418c-8d78-6b8d928bfd67-23456247935296","study_id":0,"datetime_start":"2026-07-24T11:23:23.453083"}
{"op_code":9,"worker_id":"0d91dfac-36f4-418c-8d78-6b8d928bfd67-23456247935296","trial_id":19,"system_attr":{"tpe:relative_params:0":"{\"lr\": 0.4466936438591495, \"ratio\": 5.73032260967356}"}}
{"op_code":5,"worker_id":"0d91dfac-36f4-418c-8d78-6b8d928bfd67-23456247935296","trial_id":19,"param_name":"lr","param_value_internal":0.4466936438591495,"distribution":"{\"name\": \"FloatDistribution\", \"attributes\": {\"step\": null, \"low\": 1e-08, \"high\": 0.5, \"log\": true}}"}
{"op_code":5,"worker_id":"0d91dfac-36f4-418c-8d78-6b8d928bfd67-23456247935296","trial_id":19,"param_name":"ratio","param_value_internal":5.73032260967356,"distribution":"{\"name\": \"FloatDistribution\", \"attributes\": {\"step\": null, \"low\": 0.1, \"high\": 100.0, \"log\": true}}"}
{"op_code":6,"worker_id":"0d91dfac-36f4-418c-8d78-6b8d928bfd67-23456247935296","trial_id":19,"state":3,"values":null,"datetime_complete":"2026-07-24T11:23:31.681606"}
{"op_code":0,"worker_id":"f34a8c0e-8cdb-44ac-a195-b538430850ba-23456247935296","study_name":"peter_msnbc_k1","directions":[2]}
{"op_code":4,"worker_id":"f34a8c0e-8cdb-44ac-a195-b538430850ba-23456247935296","study_id":0,"datetime_start":"2026-07-24T11:26:51.630176"}
{"op_code":9,"worker_id":"f34a8c0e-8cdb-44ac-a195-b538430850ba-23456247935296","trial_id":20,"system_attr":{"tpe:relative_params:0":"{\"lr\": 0.12266881837998903, \"ratio\": 2.7236135656131237}"}}
{"op_code":5,"worker_id":"f34a8c0e-8cdb-44ac-a195-b538430850ba-23456247935296","trial_id":20,"param_name":"lr","param_value_internal":0.12266881837998903,"distribution":"{\"name\": \"FloatDistribution\", \"attributes\": {\"step\": null, \"low\": 1e-08, \"high\": 0.5, \"log\": true}}"}
{"op_code":5,"worker_id":"f34a8c0e-8cdb-44ac-a195-b538430850ba-23456247935296","trial_id":20,"param_name":"ratio","param_value_internal":2.7236135656131237,"distribution":"{\"name\": \"FloatDistribution\", \"attributes\": {\"step\": null, \"low\": 0.1, \"high\": 100.0, \"log\": true}}"}
{"op_code":6,"worker_id":"f34a8c0e-8cdb-44ac-a195-b538430850ba-23456247935296","trial_id":20,"state":3,"values":null,"datetime_complete":"2026-07-24T11:27:07.596488"}
{"op_code":0,"worker_id":"c0bbc500-83a0-4384-b755-9f30b248c9c4-23456247935296","study_name":"peter_msnbc_k1","directions":[2]}
{"op_code":4,"worker_id":"c0bbc500-83a0-4384-b755-9f30b248c9c4-23456247935296","study_id":0,"datetime_start":"2026-07-24T11:31:11.826090"}
{"op_code":9,"worker_id":"c0bbc500-83a0-4384-b755-9f30b248c9c4-23456247935296","trial_id":21,"system_attr":{"tpe:relative_params:0":"{\"lr\": 0.4119941760329645, \"ratio\": 2.243071475122445}"}}
{"op_code":5,"worker_id":"c0bbc500-83a0-4384-b755-9f30b248c9c4-23456247935296","trial_id":21,"param_name":"lr","param_value_internal":0.4119941760329645,"distribution":"{\"name\": \"FloatDistribution\", \"attributes\": {\"step\": null, \"low\": 1e-08, \"high\": 0.5, \"log\": true}}"}
{"op_code":5,"worker_id":"c0bbc500-83a0-4384-b755-9f30b248c9c4-23456247935296","trial_id":21,"param_name":"ratio","param_value_internal":2.243071475122445,"distribution":"{\"name\": \"FloatDistribution\", \"attributes\": {\"step\": null, \"low\": 0.1, \"high\": 100.0, \"log\": true}}"}
{"op_code":6,"worker_id":"c0bbc500-83a0-4384-b755-9f30b248c9c4-23456247935296","trial_id":21,"state":3,"values":null,"datetime_complete":"2026-07-24T11:31:19.811683"}
{"op_code":0,"worker_id":"a398fc75-5165-43f2-8373-2c000fec06b0-23456247935296","study_name":"peter_msnbc_k1","directions":[2]}
{"op_code":4,"worker_id":"a398fc75-5165-43f2-8373-2c000fec06b0-23456247935296","study_id":0,"datetime_start":"2026-07-24T11:36:36.382282"}
{"op_code":9,"worker_id":"a398fc75-5165-43f2-8373-2c000fec06b0-23456247935296","trial_id":22,"system_attr":{"tpe:relative_params:0":"{\"lr\": 0.25076378998017845, \"ratio\": 0.10864145765855869}"}}
{"op_code":5,"worker_id":"a398fc75-5165-43f2-8373-2c000fec06b0-23456247935296","trial_id":22,"param_name":"lr","param_value_internal":0.25076378998017845,"distribution":"{\"name\": \"FloatDistribution\", \"attributes\": {\"step\": null, \"low\": 1e-08, \"high\": 0.5, \"log\": true}}"}
{"op_code":5,"worker_id":"a398fc75-5165-43f2-8373-2c000fec06b0-23456247935296","trial_id":22,"param_name":"ratio","param_value_internal":0.10864145765855869,"distribution":"{\"name\": \"FloatDistribution\", \"attributes\": {\"step\": null, \"low\": 0.1, \"high\": 100.0, \"log\": true}}"}
{"op_code":6,"worker_id":"a398fc75-5165-43f2-8373-2c000fec06b0-23456247935296","trial_id":22,"state":3,"values":null,"datetime_complete":"2026-07-24T11:38:05.077847"}
{"op_code":0,"worker_id":"ec930417-2d6c-40d3-9b34-8dc3e27ddd48-23456247935296","study_name":"peter_msnbc_k1","directions":[2]}
{"op_code":4,"worker_id":"ec930417-2d6c-40d3-9b34-8dc3e27ddd48-23456247935296","study_id":0,"datetime_start":"2026-07-24T11:40:23.198733"}
{"op_code":9,"worker_id":"ec930417-2d6c-40d3-9b34-8dc3e27ddd48-23456247935296","trial_id":23,"system_attr":{"tpe:relative_params:0":"{\"lr\": 0.20099253473544768, \"ratio\": 1.958452328230901}"}}
{"op_code":5,"worker_id":"ec930417-2d6c-40d3-9b34-8dc3e27ddd48-23456247935296","trial_id":23,"param_name":"lr","param_value_internal":0.20099253473544768,"distribution":"{\"name\": \"FloatDistribution\", \"attributes\": {\"step\": null, \"low\": 1e-08, \"high\": 0.5, \"log\": true}}"}
{"op_code":5,"worker_id":"ec930417-2d6c-40d3-9b34-8dc3e27ddd48-23456247935296","trial_id":23,"param_name":"ratio","param_value_internal":1.958452328230901,"distribution":"{\"name\": \"FloatDistribution\", \"attributes\": {\"step\": null, \"low\": 0.1, \"high\": 100.0, \"log\": true}}"}
{"op_code":6,"worker_id":"ec930417-2d6c-40d3-9b34-8dc3e27ddd48-23456247935296","trial_id":23,"state":3,"values":null,"datetime_complete":"2026-07-24T11:41:09.132842"}
{"op_code":0,"worker_id":"a117505b-6b97-4db8-9921-7be34dbb22c4-23456247935296","study_name":"peter_msnbc_k1","directions":[2]}
{"op_code":4,"worker_id":"a117505b-6b97-4db8-9921-7be34dbb22c4-23456247935296","study_id":0,"datetime_start":"2026-07-24T11:43:49.575509"}
{"op_code":9,"worker_id":"a117505b-6b97-4db8-9921-7be34dbb22c4-23456247935296","trial_id":24,"system_attr":{"tpe:relative_params:0":"{\"lr\": 0.3412913496574881, \"ratio\": 2.194125143769826}"}}
{"op_code":5,"worker_id":"a117505b-6b97-4db8-9921-7be34dbb22c4-23456247935296","trial_id":24,"param_name":"lr","param_value_internal":0.3412913496574881,"distribution":"{\"name\": \"FloatDistribution\", \"attributes\": {\"step\": null, \"low\": 1e-08, \"high\": 0.5, \"log\": true}}"}
{"op_code":5,"worker_id":"a117505b-6b97-4db8-9921-7be34dbb22c4-23456247935296","trial_id":24,"param_name":"ratio","param_value_internal":2.194125143769826,"distribution":"{\"name\": \"FloatDistribution\", \"attributes\": {\"step\": null, \"low\": 0.1, \"high\": 100.0, \"log\": true}}"}
{"op_code":6,"worker_id":"a117505b-6b97-4db8-9921-7be34dbb22c4-23456247935296","trial_id":24,"state":3,"values":null,"datetime_complete":"2026-07-24T11:43:59.437228"}
{"op_code":0,"worker_id":"1562ffcf-a94d-4821-ba7f-b141f1d3a05e-23456247935296","study_name":"peter_msnbc_k1","directions":[2]}
{"op_code":4,"worker_id":"1562ffcf-a94d-4821-ba7f-b141f1d3a05e-23456247935296","study_id":0,"datetime_start":"2026-07-24T11:47:21.176515"}
{"op_code":9,"worker_id":"1562ffcf-a94d-4821-ba7f-b141f1d3a05e-23456247935296","trial_id":25,"system_attr":{"tpe:relative_params:0":"{\"lr\": 0.3794711083934255, \"ratio\": 1.2451653664223339}"}}
{"op_code":5,"worker_id":"1562ffcf-a94d-4821-ba7f-b141f1d3a05e-23456247935296","trial_id":25,"param_name":"lr","param_value_internal":0.3794711083934255,"distribution":"{\"name\": \"FloatDistribution\", \"attributes\": {\"step\": null, \"low\": 1e-08, \"high\": 0.5, \"log\": true}}"}
{"op_code":5,"worker_id":"1562ffcf-a94d-4821-ba7f-b141f1d3a05e-23456247935296","trial_id":25,"param_name":"ratio","param_value_internal":1.2451653664223339,"distribution":"{\"name\": \"FloatDistribution\", \"attributes\": {\"step\": null, \"low\": 0.1, \"high\": 100.0, \"log\": true}}"}
{"op_code":6,"worker_id":"1562ffcf-a94d-4821-ba7f-b141f1d3a05e-23456247935296","trial_id":25,"state":3,"values":null,"datetime_complete":"2026-07-24T11:47:29.855752"}
{"op_code":0,"worker_id":"c5df1c4f-0753-4232-a411-a31873341aa5-23456247935296","study_name":"peter_msnbc_k1","directions":[2]}
{"op_code":4,"worker_id":"c5df1c4f-0753-4232-a411-a31873341aa5-23456247935296","study_id":0,"datetime_start":"2026-07-24T11:51:10.672260"}
{"op_code":9,"worker_id":"c5df1c4f-0753-4232-a411-a31873341aa5-23456247935296","trial_id":26,"system_attr":{"tpe:relative_params:0":"{\"lr\": 0.14525941362801206, \"ratio\": 6.23807613640525}"}}
{"op_code":5,"worker_id":"c5df1c4f-0753-4232-a411-a31873341aa5-23456247935296","trial_id":26,"param_name":"lr","param_value_internal":0.14525941362801206,"distribution":"{\"name\": \"FloatDistribution\", \"attributes\": {\"step\": null, \"low\": 1e-08, \"high\": 0.5, \"log\": true}}"}
{"op_code":5,"worker_id":"c5df1c4f-0753-4232-a411-a31873341aa5-23456247935296","trial_id":26,"param_name":"ratio","param_value_internal":6.23807613640525,"distribution":"{\"name\": \"FloatDistribution\", \"attributes\": {\"step\": null, \"low\": 0.1, \"high\": 100.0, \"log\": true}}"}
{"op_code":6,"worker_id":"c5df1c4f-0753-4232-a411-a31873341aa5-23456247935296","trial_id":26,"state":3,"values":null,"datetime_complete":"2026-07-24T11:51:33.735860"}
{"op_code":0,"worker_id":"0e4cc79b-f7a4-4510-b561-5d8f093c6f67-23456247935296","study_name":"peter_msnbc_k1","directions":[2]}
{"op_code":4,"worker_id":"0e4cc79b-f7a4-4510-b561-5d8f093c6f67-23456247935296","study_id":0,"datetime_start":"2026-07-24T11:54:09.119800"}
{"op_code":9,"worker_id":"0e4cc79b-f7a4-4510-b561-5d8f093c6f67-23456247935296","trial_id":27,"system_attr":{"tpe:relative_params:0":"{\"lr\": 0.4513108604873702, \"ratio\": 3.847328386851948}"}}
{"op_code":5,"worker_id":"0e4cc79b-f7a4-4510-b561-5d8f093c6f67-23456247935296","trial_id":27,"param_name":"lr","param_value_internal":0.4513108604873702,"distribution":"{\"name\": \"FloatDistribution\", \"attributes\": {\"step\": null, \"low\": 1e-08, \"high\": 0.5, \"log\": true}}"}
{"op_code":5,"worker_id":"0e4cc79b-f7a4-4510-b561-5d8f093c6f67-23456247935296","trial_id":27,"param_name":"ratio","param_value_internal":3.847328386851948,"distribution":"{\"name\": \"FloatDistribution\", \"attributes\": {\"step\": null, \"low\": 0.1, \"high\": 100.0, \"log\": true}}"}
{"op_code":6,"worker_id":"0e4cc79b-f7a4-4510-b561-5d8f093c6f67-23456247935296","trial_id":27,"state":3,"values":null,"datetime_complete":"2026-07-24T11:54:16.551593"}
{"op_code":0,"worker_id":"71966525-1ae4-424f-afc8-81a16ddfabf9-23456247935296","study_name":"peter_msnbc_k1","directions":[2]}
{"op_code":4,"worker_id":"71966525-1ae4-424f-afc8-81a16ddfabf9-23456247935296","study_id":0,"datetime_start":"2026-07-24T11:58:32.295965"}
{"op_code":9,"worker_id":"71966525-1ae4-424f-afc8-81a16ddfabf9-23456247935296","trial_id":28,"system_attr":{"tpe:relative_params:0":"{\"lr\": 0.4941288807825151, \"ratio\": 0.25428074479037904}"}}
{"op_code":5,"worker_id":"71966525-1ae4-424f-afc8-81a16ddfabf9-23456247935296","trial_id":28,"param_name":"lr","param_value_internal":0.4941288807825151,"distribution":"{\"name\": \"FloatDistribution\", \"attributes\": {\"step\": null, \"low\": 1e-08, \"high\": 0.5, \"log\": true}}"}
{"op_code":5,"worker_id":"71966525-1ae4-424f-afc8-81a16ddfabf9-23456247935296","trial_id":28,"param_name":"ratio","param_value_internal":0.25428074479037904,"distribution":"{\"name\": \"FloatDistribution\", \"attributes\": {\"step\": null, \"low\": 0.1, \"high\": 100.0, \"log\": true}}"}
{"op_code":6,"worker_id":"71966525-1ae4-424f-afc8-81a16ddfabf9-23456247935296","trial_id":28,"state":3,"values":null,"datetime_complete":"2026-07-24T11:58:40.938372"}
{"op_code":0,"worker_id":"499d39c0-bd27-48fa-a1ca-2c645b55912d-23456247935296","study_name":"peter_msnbc_k1","directions":[2]}
{"op_code":4,"worker_id":"499d39c0-bd27-48fa-a1ca-2c645b55912d-23456247935296","study_id":0,"datetime_start":"2026-07-24T12:01:30.432330"}
{"op_code":9,"worker_id":"499d39c0-bd27-48fa-a1ca-2c645b55912d-23456247935296","trial_id":29,"system_attr":{"tpe:relative_params:0":"{\"lr\": 0.22592832653119302, \"ratio\": 3.787318954453276}"}}
{"op_code":5,"worker_id":"499d39c0-bd27-48fa-a1ca-2c645b55912d-23456247935296","trial_id":29,"param_name":"lr","param_value_internal":0.22592832653119302,"distribution":"{\"name\": \"FloatDistribution\", \"attributes\": {\"step\": null, \"low\": 1e-08, \"high\": 0.5, \"log\": true}}"}
{"op_code":5,"worker_id":"499d39c0-bd27-48fa-a1ca-2c645b55912d-23456247935296","trial_id":29,"param_name":"ratio","param_value_internal":3.787318954453276,"distribution":"{\"name\": \"FloatDistribution\", \"attributes\": {\"step\": null, \"low\": 0.1, \"high\": 100.0, \"log\": true}}"}
{"op_code":6,"worker_id":"499d39c0-bd27-48fa-a1ca-2c645b55912d-23456247935296","trial_id":29,"state":3,"values":null,"datetime_complete":"2026-07-24T12:01:39.850006"}
{"op_code":0,"worker_id":"1bd37c14-b67b-48b2-963e-9da6f3ee371a-23456247935296","study_name":"peter_msnbc_k1","directions":[2]}
{"op_code":4,"worker_id":"1bd37c14-b67b-48b2-963e-9da6f3ee371a-23456247935296","study_id":0,"datetime_start":"2026-07-24T12:05:53.482655"}
{"op_code":9,"worker_id":"1bd37c14-b67b-48b2-963e-9da6f3ee371a-23456247935296","trial_id":30,"system_attr":{"tpe:relative_params:0":"{\"lr\": 0.3545278276396735, \"ratio\": 0.12661251337997464}"}}
{"op_code":5,"worker_id":"1bd37c14-b67b-48b2-963e-9da6f3ee371a-23456247935296","trial_id":30,"param_name":"lr","param_value_internal":0.3545278276396735,"distribution":"{\"name\": \"FloatDistribution\", \"attributes\": {\"step\": null, \"low\": 1e-08, \"high\": 0.5, \"log\": true}}"}
{"op_code":5,"worker_id":"1bd37c14-b67b-48b2-963e-9da6f3ee371a-23456247935296","trial_id":30,"param_name":"ratio","param_value_internal":0.12661251337997464,"distribution":"{\"name\": \"FloatDistribution\", \"attributes\": {\"step\": null, \"low\": 0.1, \"high\": 100.0, \"log\": true}}"}
{"op_code":6,"worker_id":"1bd37c14-b67b-48b2-963e-9da6f3ee371a-23456247935296","trial_id":30,"state":3,"values":null,"datetime_complete":"2026-07-24T12:06:02.360869"}
{"op_code":0,"worker_id":"ce033c27-d5d7-49ca-ada2-78ac756e520b-23456247935296","study_name":"peter_msnbc_k1","directions":[2]}
{"op_code":4,"worker_id":"ce033c27-d5d7-49ca-ada2-78ac756e520b-23456247935296","study_id":0,"datetime_start":"2026-07-24T12:09:30.322892"}
{"op_code":9,"worker_id":"ce033c27-d5d7-49ca-ada2-78ac756e520b-23456247935296","trial_id":31,"system_attr":{"tpe:relative_params:0":"{\"lr\": 0.12533091675487576, \"ratio\": 1.7479796182326932}"}}
{"op_code":5,"worker_id":"ce033c27-d5d7-49ca-ada2-78ac756e520b-23456247935296","trial_id":31,"param_name":"lr","param_value_internal":0.12533091675487576,"distribution":"{\"name\": \"FloatDistribution\", \"attributes\": {\"step\": null, \"low\": 1e-08, \"high\": 0.5, \"log\": true}}"}
{"op_code":5,"worker_id":"ce033c27-d5d7-49ca-ada2-78ac756e520b-23456247935296","trial_id":31,"param_name":"ratio","param_value_internal":1.7479796182326932,"distribution":"{\"name\": \"FloatDistribution\", \"attributes\": {\"step\": null, \"low\": 0.1, \"high\": 100.0, \"log\": true}}"}
{"op_code":0,"worker_id":"72ec7c60-b96d-4db3-a55f-c007e3452a08-23456247935296","study_name":"peter_msnbc_k1","directions":[2]}
{"op_code":4,"worker_id":"72ec7c60-b96d-4db3-a55f-c007e3452a08-23456247935296","study_id":0,"datetime_start":"2026-07-24T12:12:58.883804"}
{"op_code":9,"worker_id":"72ec7c60-b96d-4db3-a55f-c007e3452a08-23456247935296","trial_id":32,"system_attr":{"tpe:relative_params:0":"{\"lr\": 0.42145037697594523, \"ratio\": 90.9262883997876}"}}
{"op_code":5,"worker_id":"72ec7c60-b96d-4db3-a55f-c007e3452a08-23456247935296","trial_id":32,"param_name":"lr","param_value_internal":0.42145037697594523,"distribution":"{\"name\": \"FloatDistribution\", \"attributes\": {\"step\": null, \"low\": 1e-08, \"high\": 0.5, \"log\": true}}"}
{"op_code":5,"worker_id":"72ec7c60-b96d-4db3-a55f-c007e3452a08-23456247935296","trial_id":32,"param_name":"ratio","param_value_internal":90.9262883997876,"distribution":"{\"name\": \"FloatDistribution\", \"attributes\": {\"step\": null, \"low\": 0.1, \"high\": 100.0, \"log\": true}}"}
{"op_code":6,"worker_id":"72ec7c60-b96d-4db3-a55f-c007e3452a08-23456247935296","trial_id":32,"state":3,"values":null,"datetime_complete":"2026-07-24T12:13:06.991095"}
{"op_code":6,"worker_id":"ce033c27-d5d7-49ca-ada2-78ac756e520b-23456247935296","trial_id":31,"state":1,"values":[-9.198641321107454],"datetime_complete":"2026-07-24T12:13:16.372777"}
{"op_code":0,"worker_id":"a366f0c3-4b32-4145-ab65-802a8df547a0-23456247935296","study_name":"peter_msnbc_k1","directions":[2]}
{"op_code":4,"worker_id":"a366f0c3-4b32-4145-ab65-802a8df547a0-23456247935296","study_id":0,"datetime_start":"2026-07-24T12:17:02.925778"}
{"op_code":9,"worker_id":"a366f0c3-4b32-4145-ab65-802a8df547a0-23456247935296","trial_id":33,"system_attr":{"tpe:relative_params:0":"{\"lr\": 0.21217011278547968, \"ratio\": 0.13906922694650128}"}}
{"op_code":5,"worker_id":"a366f0c3-4b32-4145-ab65-802a8df547a0-23456247935296","trial_id":33,"param_name":"lr","param_value_internal":0.21217011278547968,"distribution":"{\"name\": \"FloatDistribution\", \"attributes\": {\"step\": null, \"low\": 1e-08, \"high\": 0.5, \"log\": true}}"}
{"op_code":5,"worker_id":"a366f0c3-4b32-4145-ab65-802a8df547a0-23456247935296","trial_id":33,"param_name":"ratio","param_value_internal":0.13906922694650128,"distribution":"{\"name\": \"FloatDistribution\", \"attributes\": {\"step\": null, \"low\": 0.1, \"high\": 100.0, \"log\": true}}"}
{"op_code":6,"worker_id":"a366f0c3-4b32-4145-ab65-802a8df547a0-23456247935296","trial_id":33,"state":3,"values":null,"datetime_complete":"2026-07-24T12:17:20.159265"}
{"op_code":0,"worker_id":"93873465-43d8-4fec-8f8f-a8a2caf1a45d-23456247935296","study_name":"peter_msnbc_k1","directions":[2]}
{"op_code":4,"worker_id":"93873465-43d8-4fec-8f8f-a8a2caf1a45d-23456247935296","study_id":0,"datetime_start":"2026-07-24T12:20:33.245159"}
{"op_code":9,"worker_id":"93873465-43d8-4fec-8f8f-a8a2caf1a45d-23456247935296","trial_id":34,"system_attr":{"tpe:relative_params:0":"{\"lr\": 1.489672533904364e-05, \"ratio\": 4.539794983419041}"}}
{"op_code":5,"worker_id":"93873465-43d8-4fec-8f8f-a8a2caf1a45d-23456247935296","trial_id":34,"param_name":"lr","param_value_internal":1.489672533904364e-05,"distribution":"{\"name\": \"FloatDistribution\", \"attributes\": {\"step\": null, \"low\": 1e-08, \"high\": 0.5, \"log\": true}}"}
{"op_code":5,"worker_id":"93873465-43d8-4fec-8f8f-a8a2caf1a45d-23456247935296","trial_id":34,"param_name":"ratio","param_value_internal":4.539794983419041,"distribution":"{\"name\": \"FloatDistribution\", \"attributes\": {\"step\": null, \"low\": 0.1, \"high\": 100.0, \"log\": true}}"}
{"op_code":6,"worker_id":"93873465-43d8-4fec-8f8f-a8a2caf1a45d-23456247935296","trial_id":34,"state":1,"values":[-11.774222605484342],"datetime_complete":"2026-07-24T12:24:07.216704"}
{"op_code":0,"worker_id":"40420f07-91c7-43c9-9d5c-c2f3adacc2e9-23456247935296","study_name":"peter_msnbc_k1","directions":[2]}
{"op_code":4,"worker_id":"40420f07-91c7-43c9-9d5c-c2f3adacc2e9-23456247935296","study_id":0,"datetime_start":"2026-07-24T12:25:46.966992"}
{"op_code":9,"worker_id":"40420f07-91c7-43c9-9d5c-c2f3adacc2e9-23456247935296","trial_id":35,"system_attr":{"tpe:relative_params:0":"{\"lr\": 0.00025883416967849765, \"ratio\": 25.3466217404578}"}}
{"op_code":5,"worker_id":"40420f07-91c7-43c9-9d5c-c2f3adacc2e9-23456247935296","trial_id":35,"param_name":"lr","param_value_internal":0.00025883416967849765,"distribution":"{\"name\": \"FloatDistribution\", \"attributes\": {\"step\": null, \"low\": 1e-08, \"high\": 0.5, \"log\": true}}"}
{"op_code":5,"worker_id":"40420f07-91c7-43c9-9d5c-c2f3adacc2e9-23456247935296","trial_id":35,"param_name":"ratio","param_value_internal":25.3466217404578,"distribution":"{\"name\": \"FloatDistribution\", \"attributes\": {\"step\": null, \"low\": 0.1, \"high\": 100.0, \"log\": true}}"}
{"op_code":6,"worker_id":"40420f07-91c7-43c9-9d5c-c2f3adacc2e9-23456247935296","trial_id":35,"state":1,"values":[-9.356548074956624],"datetime_complete":"2026-07-24T12:29:28.107777"}
{"op_code":0,"worker_id":"b0d7d8ca-d8ed-4a48-9eb3-1e593cb15f81-23456247935296","study_name":"peter_msnbc_k1","directions":[2]}
{"op_code":4,"worker_id":"b0d7d8ca-d8ed-4a48-9eb3-1e593cb15f81-23456247935296","study_id":0,"datetime_start":"2026-07-24T12:30:55.527088"}
{"op_code":9,"worker_id":"b0d7d8ca-d8ed-4a48-9eb3-1e593cb15f81-23456247935296","trial_id":36,"system_attr":{"tpe:relative_params:0":"{\"lr\": 0.40452998365788756, \"ratio\": 2.62984282057098}"}}
{"op_code":5,"worker_id":"b0d7d8ca-d8ed-4a48-9eb3-1e593cb15f81-23456247935296","trial_id":36,"param_name":"lr","param_value_internal":0.40452998365788756,"distribution":"{\"name\": \"FloatDistribution\", \"attributes\": {\"step\": null, \"low\": 1e-08, \"high\": 0.5, \"log\": true}}"}
{"op_code":5,"worker_id":"b0d7d8ca-d8ed-4a48-9eb3-1e593cb15f81-23456247935296","trial_id":36,"param_name":"ratio","param_value_internal":2.62984282057098,"distribution":"{\"name\": \"FloatDistribution\", \"attributes\": {\"step\": null, \"low\": 0.1, \"high\": 100.0, \"log\": true}}"}
{"op_code":6,"worker_id":"b0d7d8ca-d8ed-4a48-9eb3-1e593cb15f81-23456247935296","trial_id":36,"state":3,"values":null,"datetime_complete":"2026-07-24T12:31:04.042811"}
{"op_code":0,"worker_id":"f3979a75-3ae1-45fb-95e2-233d3ec99d67-23456247935296","study_name":"peter_msnbc_k1","directions":[2]}
{"op_code":4,"worker_id":"f3979a75-3ae1-45fb-95e2-233d3ec99d67-23456247935296","study_id":0,"datetime_start":"2026-07-24T12:35:04.948354"}
{"op_code":9,"worker_id":"f3979a75-3ae1-45fb-95e2-233d3ec99d67-23456247935296","trial_id":37,"system_attr":{"tpe:relative_params:0":"{\"lr\": 0.36270950162918475, \"ratio\": 0.13161730367130509}"}}
{"op_code":5,"worker_id":"f3979a75-3ae1-45fb-95e2-233d3ec99d67-23456247935296","trial_id":37,"param_name":"lr","param_value_internal":0.36270950162918475,"distribution":"{\"name\": \"FloatDistribution\", \"attributes\": {\"step\": null, \"low\": 1e-08, \"high\": 0.5, \"log\": true}}"}
{"op_code":5,"worker_id":"f3979a75-3ae1-45fb-95e2-233d3ec99d67-23456247935296","trial_id":37,"param_name":"ratio","param_value_internal":0.13161730367130509,"distribution":"{\"name\": \"FloatDistribution\", \"attributes\": {\"step\": null, \"low\": 0.1, \"high\": 100.0, \"log\": true}}"}
{"op_code":6,"worker_id":"f3979a75-3ae1-45fb-95e2-233d3ec99d67-23456247935296","trial_id":37,"state":3,"values":null,"datetime_complete":"2026-07-24T12:35:13.633796"}
{"op_code":0,"worker_id":"a3e9d736-bb0d-4694-b8dd-62f2b296684b-23456247935296","study_name":"peter_msnbc_k1","directions":[2]}
{"op_code":4,"worker_id":"a3e9d736-bb0d-4694-b8dd-62f2b296684b-23456247935296","study_id":0,"datetime_start":"2026-07-24T12:39:39.516564"}
{"op_code":9,"worker_id":"a3e9d736-bb0d-4694-b8dd-62f2b296684b-23456247935296","trial_id":38,"system_attr":{"tpe:relative_params:0":"{\"lr\": 0.3327813803712925, \"ratio\": 0.1512842429702282}"}}
{"op_code":5,"worker_id":"a3e9d736-bb0d-4694-b8dd-62f2b296684b-23456247935296","trial_id":38,"param_name":"lr","param_value_internal":0.3327813803712925,"distribution":"{\"name\": \"FloatDistribution\", \"attributes\": {\"step\": null, \"low\": 1e-08, \"high\": 0.5, \"log\": true}}"}
{"op_code":5,"worker_id":"a3e9d736-bb0d-4694-b8dd-62f2b296684b-23456247935296","trial_id":38,"param_name":"ratio","param_value_internal":0.1512842429702282,"distribution":"{\"name\": \"FloatDistribution\", \"attributes\": {\"step\": null, \"low\": 0.1, \"high\": 100.0, \"log\": true}}"}
{"op_code":6,"worker_id":"a3e9d736-bb0d-4694-b8dd-62f2b296684b-23456247935296","trial_id":38,"state":3,"values":null,"datetime_complete":"2026-07-24T12:39:48.515396"}
{"op_code":0,"worker_id":"189b849d-e6df-413f-a79e-4bdfacb5220e-23456247935296","study_name":"peter_msnbc_k1","directions":[2]}
{"op_code":4,"worker_id":"189b849d-e6df-413f-a79e-4bdfacb5220e-23456247935296","study_id":0,"datetime_start":"2026-07-24T12:44:53.151989"}
{"op_code":9,"worker_id":"189b849d-e6df-413f-a79e-4bdfacb5220e-23456247935296","trial_id":39,"system_attr":{"tpe:relative_params:0":"{\"lr\": 0.051410313005854434, \"ratio\": 0.11656187006861742}"}}
{"op_code":5,"worker_id":"189b849d-e6df-413f-a79e-4bdfacb5220e-23456247935296","trial_id":39,"param_name":"lr","param_value_internal":0.051410313005854434,"distribution":"{\"name\": \"FloatDistribution\", \"attributes\": {\"step\": null, \"low\": 1e-08, \"high\": 0.5, \"log\": true}}"}
{"op_code":5,"worker_id":"189b849d-e6df-413f-a79e-4bdfacb5220e-23456247935296","trial_id":39,"param_name":"ratio","param_value_internal":0.11656187006861742,"distribution":"{\"name\": \"FloatDistribution\", \"attributes\": {\"step\": null, \"low\": 0.1, \"high\": 100.0, \"log\": true}}"}
{"op_code":6,"worker_id":"189b849d-e6df-413f-a79e-4bdfacb5220e-23456247935296","trial_id":39,"state":1,"values":[-9.006840487129429],"datetime_complete":"2026-07-24T12:48:34.192681"}
{"op_code":0,"worker_id":"ce596069-54d1-4d61-8529-6b7fe68f2ce8-23456247935296","study_name":"peter_msnbc_k1","directions":[2]}
{"op_code":4,"worker_id":"ce596069-54d1-4d61-8529-6b7fe68f2ce8-23456247935296","study_id":0,"datetime_start":"2026-07-24T12:49:59.024858"}
{"op_code":9,"worker_id":"ce596069-54d1-4d61-8529-6b7fe68f2ce8-23456247935296","trial_id":40,"system_attr":{"tpe:relative_params:0":"{\"lr\": 5.556105446167097e-05, \"ratio\": 94.6600948871399}"}}
{"op_code":5,"worker_id":"ce596069-54d1-4d61-8529-6b7fe68f2ce8-23456247935296","trial_id":40,"param_name":"lr","param_value_internal":5.556105446167097e-05,"distribution":"{\"name\": \"FloatDistribution\", \"attributes\": {\"step\": null, \"low\": 1e-08, \"high\": 0.5, \"log\": true}}"}
{"op_code":5,"worker_id":"ce596069-54d1-4d61-8529-6b7fe68f2ce8-23456247935296","trial_id":40,"param_name":"ratio","param_value_internal":94.6600948871399,"distribution":"{\"name\": \"FloatDistribution\", \"attributes\": {\"step\": null, \"low\": 0.1, \"high\": 100.0, \"log\": true}}"}
{"op_code":6,"worker_id":"ce596069-54d1-4d61-8529-6b7fe68f2ce8-23456247935296","trial_id":40,"state":1,"values":[-9.931461316062014],"datetime_complete":"2026-07-24T12:53:11.182950"}
{"op_code":0,"worker_id":"77d3afb0-297e-415b-a15c-6d768c33fe9e-23456247935296","study_name":"peter_msnbc_k1","directions":[2]}
{"op_code":4,"worker_id":"77d3afb0-297e-415b-a15c-6d768c33fe9e-23456247935296","study_id":0,"datetime_start":"2026-07-24T12:54:07.406649"}
{"op_code":9,"worker_id":"77d3afb0-297e-415b-a15c-6d768c33fe9e-23456247935296","trial_id":41,"system_attr":{"tpe:relative_params:0":"{\"lr\": 0.13867580928748585, \"ratio\": 5.6021525478589185}"}}
{"op_code":5,"worker_id":"77d3afb0-297e-415b-a15c-6d768c33fe9e-23456247935296","trial_id":41,"param_name":"lr","param_value_internal":0.13867580928748585,"distribution":"{\"name\": \"FloatDistribution\", \"attributes\": {\"step\": null, \"low\": 1e-08, \"high\": 0.5, \"log\": true}}"}
{"op_code":5,"worker_id":"77d3afb0-297e-415b-a15c-6d768c33fe9e-23456247935296","trial_id":41,"param_name":"ratio","param_value_internal":5.6021525478589185,"distribution":"{\"name\": \"FloatDistribution\", \"attributes\": {\"step\": null, \"low\": 0.1, \"high\": 100.0, \"log\": true}}"}
{"op_code":6,"worker_id":"77d3afb0-297e-415b-a15c-6d768c33fe9e-23456247935296","trial_id":41,"state":3,"values":null,"datetime_complete":"2026-07-24T12:54:28.399681"}
{"op_code":0,"worker_id":"00df3ff5-8704-4ab2-bce2-6f25c1164136-23456247935296","study_name":"peter_msnbc_k1","directions":[2]}
{"op_code":4,"worker_id":"00df3ff5-8704-4ab2-bce2-6f25c1164136-23456247935296","study_id":0,"datetime_start":"2026-07-24T12:58:20.526806"}
{"op_code":9,"worker_id":"00df3ff5-8704-4ab2-bce2-6f25c1164136-23456247935296","trial_id":42,"system_attr":{"tpe:relative_params:0":"{\"lr\": 0.4578833090939952, \"ratio\": 4.721544883921947}"}}
{"op_code":5,"worker_id":"00df3ff5-8704-4ab2-bce2-6f25c1164136-23456247935296","trial_id":42,"param_name":"lr","param_value_internal":0.4578833090939952,"distribution":"{\"name\": \"FloatDistribution\", \"attributes\": {\"step\": null, \"low\": 1e-08, \"high\": 0.5, \"log\": true}}"}
{"op_code":5,"worker_id":"00df3ff5-8704-4ab2-bce2-6f25c1164136-23456247935296","trial_id":42,"param_name":"ratio","param_value_internal":4.721544883921947,"distribution":"{\"name\": \"FloatDistribution\", \"attributes\": {\"step\": null, \"low\": 0.1, \"high\": 100.0, \"log\": true}}"}
{"op_code":6,"worker_id":"00df3ff5-8704-4ab2-bce2-6f25c1164136-23456247935296","trial_id":42,"state":3,"values":null,"datetime_complete":"2026-07-24T12:58:31.139600"}
{"op_code":0,"worker_id":"d63ad2c5-8b61-425d-a106-398de1a965a5-23456247935296","study_name":"peter_msnbc_k1","directions":[2]}
{"op_code":4,"worker_id":"d63ad2c5-8b61-425d-a106-398de1a965a5-23456247935296","study_id":0,"datetime_start":"2026-07-24T13:02:41.582624"}
{"op_code":9,"worker_id":"d63ad2c5-8b61-425d-a106-398de1a965a5-23456247935296","trial_id":43,"system_attr":{"tpe:relative_params:0":"{\"lr\": 0.19650754624562428, \"ratio\": 8.863541705547517}"}}
{"op_code":5,"worker_id":"d63ad2c5-8b61-425d-a106-398de1a965a5-23456247935296","trial_id":43,"param_name":"lr","param_value_internal":0.19650754624562428,"distribution":"{\"name\": \"FloatDistribution\", \"attributes\": {\"step\": null, \"low\": 1e-08, \"high\": 0.5, \"log\": true}}"}
{"op_code":5,"worker_id":"d63ad2c5-8b61-425d-a106-398de1a965a5-23456247935296","trial_id":43,"param_name":"ratio","param_value_internal":8.863541705547517,"distribution":"{\"name\": \"FloatDistribution\", \"attributes\": {\"step\": null, \"low\": 0.1, \"high\": 100.0, \"log\": true}}"}
{"op_code":6,"worker_id":"d63ad2c5-8b61-425d-a106-398de1a965a5-23456247935296","trial_id":43,"state":3,"values":null,"datetime_complete":"2026-07-24T13:03:29.993893"}
{"op_code":0,"worker_id":"4d3d79d6-385d-46e6-aec8-8a368f4b35a2-23456247935296","study_name":"peter_msnbc_k1","directions":[2]}
{"op_code":4,"worker_id":"4d3d79d6-385d-46e6-aec8-8a368f4b35a2-23456247935296","study_id":0,"datetime_start":"2026-07-24T13:07:11.904775"}
{"op_code":9,"worker_id":"4d3d79d6-385d-46e6-aec8-8a368f4b35a2-23456247935296","trial_id":44,"system_attr":{"tpe:relative_params:0":"{\"lr\": 0.11919111091999902, \"ratio\": 6.159428281210902}"}}
{"op_code":5,"worker_id":"4d3d79d6-385d-46e6-aec8-8a368f4b35a2-23456247935296","trial_id":44,"param_name":"lr","param_value_internal":0.11919111091999902,"distribution":"{\"name\": \"FloatDistribution\", \"attributes\": {\"step\": null, \"low\": 1e-08, \"high\": 0.5, \"log\": true}}"}
{"op_code":5,"worker_id":"4d3d79d6-385d-46e6-aec8-8a368f4b35a2-23456247935296","trial_id":44,"param_name":"ratio","param_value_internal":6.159428281210902,"distribution":"{\"name\": \"FloatDistribution\", \"attributes\": {\"step\": null, \"low\": 0.1, \"high\": 100.0, \"log\": true}}"}
{"op_code":6,"worker_id":"4d3d79d6-385d-46e6-aec8-8a368f4b35a2-23456247935296","trial_id":44,"state":3,"values":null,"datetime_complete":"2026-07-24T13:08:05.734938"}
{"op_code":0,"worker_id":"24364cf7-17f6-4a42-80a9-8890aa077488-23456247935296","study_name":"peter_msnbc_k1","directions":[2]}
{"op_code":4,"worker_id":"24364cf7-17f6-4a42-80a9-8890aa077488-23456247935296","study_id":0,"datetime_start":"2026-07-24T13:12:02.223990"}
{"op_code":9,"worker_id":"24364cf7-17f6-4a42-80a9-8890aa077488-23456247935296","trial_id":45,"system_attr":{"tpe:relative_params:0":"{\"lr\": 0.09823558674702992, \"ratio\": 7.141074747520226}"}}
{"op_code":5,"worker_id":"24364cf7-17f6-4a42-80a9-8890aa077488-23456247935296","trial_id":45,"param_name":"lr","param_value_internal":0.09823558674702992,"distribution":"{\"name\": \"FloatDistribution\", \"attributes\": {\"step\": null, \"low\": 1e-08, \"high\": 0.5, \"log\": true}}"}
{"op_code":5,"worker_id":"24364cf7-17f6-4a42-80a9-8890aa077488-23456247935296","trial_id":45,"param_name":"ratio","param_value_internal":7.141074747520226,"distribution":"{\"name\": \"FloatDistribution\", \"attributes\": {\"step\": null, \"low\": 0.1, \"high\": 100.0, \"log\": true}}"}
{"op_code":6,"worker_id":"24364cf7-17f6-4a42-80a9-8890aa077488-23456247935296","trial_id":45,"state":3,"values":null,"datetime_complete":"2026-07-24T13:12:10.845223"}
{"op_code":0,"worker_id":"f67f8713-5217-4a04-9028-e76a0d33ad94-23456247935296","study_name":"peter_msnbc_k1","directions":[2]}
{"op_code":4,"worker_id":"f67f8713-5217-4a04-9028-e76a0d33ad94-23456247935296","study_id":0,"datetime_start":"2026-07-24T13:16:38.397764"}
{"op_code":9,"worker_id":"f67f8713-5217-4a04-9028-e76a0d33ad94-23456247935296","trial_id":46,"system_attr":{"tpe:relative_params:0":"{\"lr\": 0.37187658186076344, \"ratio\": 68.8332682486296}"}}
{"op_code":5,"worker_id":"f67f8713-5217-4a04-9028-e76a0d33ad94-23456247935296","trial_id":46,"param_name":"lr","param_value_internal":0.37187658186076344,"distribution":"{\"name\": \"FloatDistribution\", \"attributes\": {\"step\": null, \"low\": 1e-08, \"high\": 0.5, \"log\": true}}"}
{"op_code":5,"worker_id":"f67f8713-5217-4a04-9028-e76a0d33ad94-23456247935296","trial_id":46,"param_name":"ratio","param_value_internal":68.8332682486296,"distribution":"{\"name\": \"FloatDistribution\", \"attributes\": {\"step\": null, \"low\": 0.1, \"high\": 100.0, \"log\": true}}"}
{"op_code":6,"worker_id":"f67f8713-5217-4a04-9028-e76a0d33ad94-23456247935296","trial_id":46,"state":3,"values":null,"datetime_complete":"2026-07-24T13:16:54.371897"}
{"op_code":0,"worker_id":"b26588fc-2f8e-46e1-9062-da3648007531-23456247935296","study_name":"peter_msnbc_k1","directions":[2]}
{"op_code":4,"worker_id":"b26588fc-2f8e-46e1-9062-da3648007531-23456247935296","study_id":0,"datetime_start":"2026-07-24T13:19:53.907802"}
{"op_code":9,"worker_id":"b26588fc-2f8e-46e1-9062-da3648007531-23456247935296","trial_id":47,"system_attr":{"tpe:relative_params:0":"{\"lr\": 0.45609898581193303, \"ratio\": 10.459693434905688}"}}
{"op_code":5,"worker_id":"b26588fc-2f8e-46e1-9062-da3648007531-23456247935296","trial_id":47,"param_name":"lr","param_value_internal":0.45609898581193303,"distribution":"{\"name\": \"FloatDistribution\", \"attributes\": {\"step\": null, \"low\": 1e-08, \"high\": 0.5, \"log\": true}}"}
{"op_code":5,"worker_id":"b26588fc-2f8e-46e1-9062-da3648007531-23456247935296","trial_id":47,"param_name":"ratio","param_value_internal":10.459693434905688,"distribution":"{\"name\": \"FloatDistribution\", \"attributes\": {\"step\": null, \"low\": 0.1, \"high\": 100.0, \"log\": true}}"}
{"op_code":6,"worker_id":"b26588fc-2f8e-46e1-9062-da3648007531-23456247935296","trial_id":47,"state":3,"values":null,"datetime_complete":"2026-07-24T13:20:02.301795"}
{"op_code":0,"worker_id":"abeb1707-c0a3-43ce-a8b9-6840b22527f2-23456247935296","study_name":"peter_msnbc_k1","directions":[2]}
{"op_code":4,"worker_id":"abeb1707-c0a3-43ce-a8b9-6840b22527f2-23456247935296","study_id":0,"datetime_start":"2026-07-24T13:22:52.414837"}
{"op_code":9,"worker_id":"abeb1707-c0a3-43ce-a8b9-6840b22527f2-23456247935296","trial_id":48,"system_attr":{"tpe:relative_params:0":"{\"lr\": 0.25549468673846354, \"ratio\": 7.204426442383666}"}}
{"op_code":5,"worker_id":"abeb1707-c0a3-43ce-a8b9-6840b22527f2-23456247935296","trial_id":48,"param_name":"lr","param_value_internal":0.25549468673846354,"distribution":"{\"name\": \"FloatDistribution\", \"attributes\": {\"step\": null, \"low\": 1e-08, \"high\": 0.5, \"log\": true}}"}
{"op_code":5,"worker_id":"abeb1707-c0a3-43ce-a8b9-6840b22527f2-23456247935296","trial_id":48,"param_name":"ratio","param_value_internal":7.204426442383666,"distribution":"{\"name\": \"FloatDistribution\", \"attributes\": {\"step\": null, \"low\": 0.1, \"high\": 100.0, \"log\": true}}"}
{"op_code":6,"worker_id":"abeb1707-c0a3-43ce-a8b9-6840b22527f2-23456247935296","trial_id":48,"state":3,"values":null,"datetime_complete":"2026-07-24T13:24:26.688025"}
{"op_code":0,"worker_id":"7c53244a-c250-4a94-b727-5d16c38825d0-23456247935296","study_name":"peter_msnbc_k1","directions":[2]}
{"op_code":4,"worker_id":"7c53244a-c250-4a94-b727-5d16c38825d0-23456247935296","study_id":0,"datetime_start":"2026-07-24T13:25:34.340704"}
{"op_code":9,"worker_id":"7c53244a-c250-4a94-b727-5d16c38825d0-23456247935296","trial_id":49,"system_attr":{"tpe:relative_params:0":"{\"lr\": 0.3166005989863764, \"ratio\": 2.428093530647111}"}}
{"op_code":5,"worker_id":"7c53244a-c250-4a94-b727-5d16c38825d0-23456247935296","trial_id":49,"param_name":"lr","param_value_internal":0.3166005989863764,"distribution":"{\"name\": \"FloatDistribution\", \"attributes\": {\"step\": null, \"low\": 1e-08, \"high\": 0.5, \"log\": true}}"}
{"op_code":5,"worker_id":"7c53244a-c250-4a94-b727-5d16c38825d0-23456247935296","trial_id":49,"param_name":"ratio","param_value_internal":2.428093530647111,"distribution":"{\"name\": \"FloatDistribution\", \"attributes\": {\"step\": null, \"low\": 0.1, \"high\": 100.0, \"log\": true}}"}
{"op_code":6,"worker_id":"7c53244a-c250-4a94-b727-5d16c38825d0-23456247935296","trial_id":49,"state":3,"values":null,"datetime_complete":"2026-07-24T13:25:43.658250"}
{"op_code":0,"worker_id":"153bfa68-0254-404f-b23c-5d344ef6fa90-23456247935296","study_name":"peter_msnbc_k1","directions":[2]}
{"op_code":4,"worker_id":"153bfa68-0254-404f-b23c-5d344ef6fa90-23456247935296","study_id":0,"datetime_start":"2026-07-24T13:29:11.320894"}
{"op_code":9,"worker_id":"153bfa68-0254-404f-b23c-5d344ef6fa90-23456247935296","trial_id":50,"system_attr":{"tpe:relative_params:0":"{\"lr\": 0.008909988863373394, \"ratio\": 15.20952673606547}"}}
{"op_code":5,"worker_id":"153bfa68-0254-404f-b23c-5d344ef6fa90-23456247935296","trial_id":50,"param_name":"lr","param_value_internal":0.008909988863373394,"distribution":"{\"name\": \"FloatDistribution\", \"attributes\": {\"step\": null, \"low\": 1e-08, \"high\": 0.5, \"log\": true}}"}
{"op_code":5,"worker_id":"153bfa68-0254-404f-b23c-5d344ef6fa90-23456247935296","trial_id":50,"param_name":"ratio","param_value_internal":15.20952673606547,"distribution":"{\"name\": \"FloatDistribution\", \"attributes\": {\"step\": null, \"low\": 0.1, \"high\": 100.0, \"log\": true}}"}
{"op_code":6,"worker_id":"153bfa68-0254-404f-b23c-5d344ef6fa90-23456247935296","trial_id":50,"state":1,"values":[-8.53953766351608],"datetime_complete":"2026-07-24T13:32:34.633717"}
{"op_code":0,"worker_id":"fd5d438e-db58-42f4-b75d-c9c1a9ae91df-23456247935296","study_name":"peter_msnbc_k1","directions":[2]}
{"op_code":4,"worker_id":"fd5d438e-db58-42f4-b75d-c9c1a9ae91df-23456247935296","study_id":0,"datetime_start":"2026-07-24T13:32:45.939548"}
{"op_code":9,"worker_id":"fd5d438e-db58-42f4-b75d-c9c1a9ae91df-23456247935296","trial_id":51,"system_attr":{"tpe:relative_params:0":"{\"lr\": 0.32186673933906906, \"ratio\": 61.50897667735239}"}}
{"op_code":5,"worker_id":"fd5d438e-db58-42f4-b75d-c9c1a9ae91df-23456247935296","trial_id":51,"param_name":"lr","param_value_internal":0.32186673933906906,"distribution":"{\"name\": \"FloatDistribution\", \"attributes\": {\"step\": null, \"low\": 1e-08, \"high\": 0.5, \"log\": true}}"}
{"op_code":5,"worker_id":"fd5d438e-db58-42f4-b75d-c9c1a9ae91df-23456247935296","trial_id":51,"param_name":"ratio","param_value_internal":61.50897667735239,"distribution":"{\"name\": \"FloatDistribution\", \"attributes\": {\"step\": null, \"low\": 0.1, \"high\": 100.0, \"log\": true}}"}
{"op_code":6,"worker_id":"fd5d438e-db58-42f4-b75d-c9c1a9ae91df-23456247935296","trial_id":51,"state":3,"values":null,"datetime_complete":"2026-07-24T13:32:54.004898"}
{"op_code":0,"worker_id":"21268cd6-1711-4b93-abf7-534b4f1a10de-23456247935296","study_name":"peter_msnbc_k1","directions":[2]}
{"op_code":0,"worker_id":"e3536bb6-314c-4c2c-899f-2a9868ffba4b-23456247935296","study_name":"peter_msnbc_k1","directions":[2]}
