{"op_code":0,"worker_id":"c32eff16-db29-4c82-934b-9e32f74835eb-20268","study_name":"peter_kdd_k3","directions":[2]}
{"op_code":0,"worker_id":"e6aaa15c-2492-43af-8607-6869f6223491-24408","study_name":"peter_kdd_k3","directions":[2]}
{"op_code":4,"worker_id":"e6aaa15c-2492-43af-8607-6869f6223491-24408","study_id":0,"datetime_start":"2026-07-24T09:13:00.410993"}
{"op_code":5,"worker_id":"e6aaa15c-2492-43af-8607-6869f6223491-24408","trial_id":0,"param_name":"lr","param_value_internal":0.00052593548082137,"distribution":"{\"name\": \"FloatDistribution\", \"attributes\": {\"step\": null, \"low\": 1e-08, \"high\": 0.5, \"log\": true}}"}
{"op_code":5,"worker_id":"e6aaa15c-2492-43af-8607-6869f6223491-24408","trial_id":0,"param_name":"ratio","param_value_internal":1.4569765799428025,"distribution":"{\"name\": \"FloatDistribution\", \"attributes\": {\"step\": null, \"low\": 0.1, \"high\": 100.0, \"log\": true}}"}
{"op_code":0,"worker_id":"a53fbd13-3f7b-4a4d-8a25-e12bf91bb34d-37480","study_name":"peter_kdd_k3","directions":[2]}
{"op_code":4,"worker_id":"a53fbd13-3f7b-4a4d-8a25-e12bf91bb34d-37480","study_id":0,"datetime_start":"2026-07-24T09:13:01.456363"}
{"op_code":5,"worker_id":"a53fbd13-3f7b-4a4d-8a25-e12bf91bb34d-37480","trial_id":1,"param_name":"lr","param_value_internal":0.007015105055561755,"distribution":"{\"name\": \"FloatDistribution\", \"attributes\": {\"step\": null, \"low\": 1e-08, \"high\": 0.5, \"log\": true}}"}
{"op_code":5,"worker_id":"a53fbd13-3f7b-4a4d-8a25-e12bf91bb34d-37480","trial_id":1,"param_name":"ratio","param_value_internal":31.94937896050173,"distribution":"{\"name\": \"FloatDistribution\", \"attributes\": {\"step\": null, \"low\": 0.1, \"high\": 100.0, \"log\": true}}"}
{"op_code":0,"worker_id":"d4ba38d2-fca6-48bd-b49c-7907f2416766-4260","study_name":"peter_kdd_k3","directions":[2]}
{"op_code":0,"worker_id":"5d7d06cc-501c-4db6-85e2-2dbab3808d04-23456247935296","study_name":"peter_kdd_k3","directions":[2]}
{"op_code":0,"worker_id":"d639d8a7-62ce-4967-857b-9bc97d565659-23456247935296","study_name":"peter_kdd_k3","directions":[2]}
{"op_code":4,"worker_id":"d639d8a7-62ce-4967-857b-9bc97d565659-23456247935296","study_id":0,"datetime_start":"2026-07-24T10:21:57.268651"}
{"op_code":5,"worker_id":"d639d8a7-62ce-4967-857b-9bc97d565659-23456247935296","trial_id":2,"param_name":"lr","param_value_internal":0.271182064116802,"distribution":"{\"name\": \"FloatDistribution\", \"attributes\": {\"step\": null, \"low\": 1e-08, \"high\": 0.5, \"log\": true}}"}
{"op_code":5,"worker_id":"d639d8a7-62ce-4967-857b-9bc97d565659-23456247935296","trial_id":2,"param_name":"ratio","param_value_internal":9.591492448030841,"distribution":"{\"name\": \"FloatDistribution\", \"attributes\": {\"step\": null, \"low\": 0.1, \"high\": 100.0, \"log\": true}}"}
{"op_code":6,"worker_id":"d639d8a7-62ce-4967-857b-9bc97d565659-23456247935296","trial_id":2,"state":3,"values":null,"datetime_complete":"2026-07-24T10:22:22.987093"}
{"op_code":0,"worker_id":"0b9461b7-9e6f-4f44-a820-6fd227b2e0d4-23456247935296","study_name":"peter_kdd_k3","directions":[2]}
{"op_code":4,"worker_id":"0b9461b7-9e6f-4f44-a820-6fd227b2e0d4-23456247935296","study_id":0,"datetime_start":"2026-07-24T10:22:46.392205"}
{"op_code":5,"worker_id":"0b9461b7-9e6f-4f44-a820-6fd227b2e0d4-23456247935296","trial_id":3,"param_name":"lr","param_value_internal":1.5269399722356206e-07,"distribution":"{\"name\": \"FloatDistribution\", \"attributes\": {\"step\": null, \"low\": 1e-08, \"high\": 0.5, \"log\": true}}"}
{"op_code":5,"worker_id":"0b9461b7-9e6f-4f44-a820-6fd227b2e0d4-23456247935296","trial_id":3,"param_name":"ratio","param_value_internal":19.144379494265657,"distribution":"{\"name\": \"FloatDistribution\", \"attributes\": {\"step\": null, \"low\": 0.1, \"high\": 100.0, \"log\": true}}"}
{"op_code":0,"worker_id":"0e1952c1-64ed-4528-ad58-db199782aaa7-23456247935296","study_name":"peter_kdd_k3","directions":[2]}
{"op_code":4,"worker_id":"0e1952c1-64ed-4528-ad58-db199782aaa7-23456247935296","study_id":0,"datetime_start":"2026-07-24T10:26:04.341752"}
{"op_code":5,"worker_id":"0e1952c1-64ed-4528-ad58-db199782aaa7-23456247935296","trial_id":4,"param_name":"lr","param_value_internal":0.0008456414136864717,"distribution":"{\"name\": \"FloatDistribution\", \"attributes\": {\"step\": null, \"low\": 1e-08, \"high\": 0.5, \"log\": true}}"}
{"op_code":5,"worker_id":"0e1952c1-64ed-4528-ad58-db199782aaa7-23456247935296","trial_id":4,"param_name":"ratio","param_value_internal":70.37907391358299,"distribution":"{\"name\": \"FloatDistribution\", \"attributes\": {\"step\": null, \"low\": 0.1, \"high\": 100.0, \"log\": true}}"}
{"op_code":0,"worker_id":"873ee472-18dd-4d5e-8d8c-072e42cc1ffb-23456247935296","study_name":"peter_kdd_k3","directions":[2]}
{"op_code":4,"worker_id":"873ee472-18dd-4d5e-8d8c-072e42cc1ffb-23456247935296","study_id":0,"datetime_start":"2026-07-24T10:29:31.928327"}
{"op_code":5,"worker_id":"873ee472-18dd-4d5e-8d8c-072e42cc1ffb-23456247935296","trial_id":5,"param_name":"lr","param_value_internal":1.4792020602782549e-08,"distribution":"{\"name\": \"FloatDistribution\", \"attributes\": {\"step\": null, \"low\": 1e-08, \"high\": 0.5, \"log\": true}}"}
{"op_code":5,"worker_id":"873ee472-18dd-4d5e-8d8c-072e42cc1ffb-23456247935296","trial_id":5,"param_name":"ratio","param_value_internal":86.43669782028043,"distribution":"{\"name\": \"FloatDistribution\", \"attributes\": {\"step\": null, \"low\": 0.1, \"high\": 100.0, \"log\": true}}"}
{"op_code":6,"worker_id":"0b9461b7-9e6f-4f44-a820-6fd227b2e0d4-23456247935296","trial_id":3,"state":1,"values":[-26.716942812670634],"datetime_complete":"2026-07-24T10:32:55.756795"}
{"op_code":0,"worker_id":"255b896d-39db-45c3-a056-03c1c0a0389c-23456247935296","study_name":"peter_kdd_k3","directions":[2]}
{"op_code":4,"worker_id":"255b896d-39db-45c3-a056-03c1c0a0389c-23456247935296","study_id":0,"datetime_start":"2026-07-24T10:33:08.833884"}
{"op_code":5,"worker_id":"255b896d-39db-45c3-a056-03c1c0a0389c-23456247935296","trial_id":6,"param_name":"lr","param_value_internal":7.741948449103825e-07,"distribution":"{\"name\": \"FloatDistribution\", \"attributes\": {\"step\": null, \"low\": 1e-08, \"high\": 0.5, \"log\": true}}"}
{"op_code":5,"worker_id":"255b896d-39db-45c3-a056-03c1c0a0389c-23456247935296","trial_id":6,"param_name":"ratio","param_value_internal":26.10002770971093,"distribution":"{\"name\": \"FloatDistribution\", \"attributes\": {\"step\": null, \"low\": 0.1, \"high\": 100.0, \"log\": true}}"}
{"op_code":0,"worker_id":"6909f1eb-2ddd-4c39-9508-bc8033eeea1c-23456247935296","study_name":"peter_kdd_k3","directions":[2]}
{"op_code":4,"worker_id":"6909f1eb-2ddd-4c39-9508-bc8033eeea1c-23456247935296","study_id":0,"datetime_start":"2026-07-24T10:36:31.898144"}
{"op_code":5,"worker_id":"6909f1eb-2ddd-4c39-9508-bc8033eeea1c-23456247935296","trial_id":7,"param_name":"lr","param_value_internal":1.3705560817262436e-06,"distribution":"{\"name\": \"FloatDistribution\", \"attributes\": {\"step\": null, \"low\": 1e-08, \"high\": 0.5, \"log\": true}}"}
{"op_code":5,"worker_id":"6909f1eb-2ddd-4c39-9508-bc8033eeea1c-23456247935296","trial_id":7,"param_name":"ratio","param_value_internal":0.6287712663824033,"distribution":"{\"name\": \"FloatDistribution\", \"attributes\": {\"step\": null, \"low\": 0.1, \"high\": 100.0, \"log\": true}}"}
{"op_code":6,"worker_id":"0e1952c1-64ed-4528-ad58-db199782aaa7-23456247935296","trial_id":4,"state":1,"values":[-14.71022545089361],"datetime_complete":"2026-07-24T10:36:41.520170"}
{"op_code":6,"worker_id":"873ee472-18dd-4d5e-8d8c-072e42cc1ffb-23456247935296","trial_id":5,"state":1,"values":[-26.868645266108512],"datetime_complete":"2026-07-24T10:38:23.791486"}
{"op_code":0,"worker_id":"8a093853-bc6d-4f21-b5b4-1329bb634ce5-23456247935296","study_name":"peter_kdd_k3","directions":[2]}
{"op_code":4,"worker_id":"8a093853-bc6d-4f21-b5b4-1329bb634ce5-23456247935296","study_id":0,"datetime_start":"2026-07-24T10:40:02.757724"}
{"op_code":5,"worker_id":"8a093853-bc6d-4f21-b5b4-1329bb634ce5-23456247935296","trial_id":8,"param_name":"lr","param_value_internal":5.249103550969279e-06,"distribution":"{\"name\": \"FloatDistribution\", \"attributes\": {\"step\": null, \"low\": 1e-08, \"high\": 0.5, \"log\": true}}"}
{"op_code":5,"worker_id":"8a093853-bc6d-4f21-b5b4-1329bb634ce5-23456247935296","trial_id":8,"param_name":"ratio","param_value_internal":1.5541915603396206,"distribution":"{\"name\": \"FloatDistribution\", \"attributes\": {\"step\": null, \"low\": 0.1, \"high\": 100.0, \"log\": true}}"}
{"op_code":6,"worker_id":"255b896d-39db-45c3-a056-03c1c0a0389c-23456247935296","trial_id":6,"state":1,"values":[-25.26048933415137],"datetime_complete":"2026-07-24T10:41:50.675083"}
{"op_code":0,"worker_id":"b8077498-5aaa-424a-8b3d-060f1bf2f920-23456247935296","study_name":"peter_kdd_k3","directions":[2]}
{"op_code":4,"worker_id":"b8077498-5aaa-424a-8b3d-060f1bf2f920-23456247935296","study_id":0,"datetime_start":"2026-07-24T10:44:13.771938"}
{"op_code":5,"worker_id":"b8077498-5aaa-424a-8b3d-060f1bf2f920-23456247935296","trial_id":9,"param_name":"lr","param_value_internal":0.2652851413864085,"distribution":"{\"name\": \"FloatDistribution\", \"attributes\": {\"step\": null, \"low\": 1e-08, \"high\": 0.5, \"log\": true}}"}
{"op_code":5,"worker_id":"b8077498-5aaa-424a-8b3d-060f1bf2f920-23456247935296","trial_id":9,"param_name":"ratio","param_value_internal":1.2307766852525273,"distribution":"{\"name\": \"FloatDistribution\", \"attributes\": {\"step\": null, \"low\": 0.1, \"high\": 100.0, \"log\": true}}"}
{"op_code":6,"worker_id":"b8077498-5aaa-424a-8b3d-060f1bf2f920-23456247935296","trial_id":9,"state":3,"values":null,"datetime_complete":"2026-07-24T10:44:48.295742"}
{"op_code":6,"worker_id":"6909f1eb-2ddd-4c39-9508-bc8033eeea1c-23456247935296","trial_id":7,"state":1,"values":[-26.565441390503498],"datetime_complete":"2026-07-24T10:47:16.115423"}
{"op_code":0,"worker_id":"cdc8da6a-d0e0-427f-998a-093750ecf573-23456247935296","study_name":"peter_kdd_k3","directions":[2]}
{"op_code":4,"worker_id":"cdc8da6a-d0e0-427f-998a-093750ecf573-23456247935296","study_id":0,"datetime_start":"2026-07-24T10:48:50.592853"}
{"op_code":5,"worker_id":"cdc8da6a-d0e0-427f-998a-093750ecf573-23456247935296","trial_id":10,"param_name":"lr","param_value_internal":0.038717542204229856,"distribution":"{\"name\": \"FloatDistribution\", \"attributes\": {\"step\": null, \"low\": 1e-08, \"high\": 0.5, \"log\": true}}"}
{"op_code":5,"worker_id":"cdc8da6a-d0e0-427f-998a-093750ecf573-23456247935296","trial_id":10,"param_name":"ratio","param_value_internal":56.75877573463486,"distribution":"{\"name\": \"FloatDistribution\", \"attributes\": {\"step\": null, \"low\": 0.1, \"high\": 100.0, \"log\": true}}"}
{"op_code":6,"worker_id":"8a093853-bc6d-4f21-b5b4-1329bb634ce5-23456247935296","trial_id":8,"state":1,"values":[-24.77393147407877],"datetime_complete":"2026-07-24T10:50:43.751759"}
{"op_code":0,"worker_id":"ef41e72b-7725-4c43-89f3-23b5cd1a84ad-23456247935296","study_name":"peter_kdd_k3","directions":[2]}
{"op_code":4,"worker_id":"ef41e72b-7725-4c43-89f3-23b5cd1a84ad-23456247935296","study_id":0,"datetime_start":"2026-07-24T10:53:09.558804"}
{"op_code":5,"worker_id":"ef41e72b-7725-4c43-89f3-23b5cd1a84ad-23456247935296","trial_id":11,"param_name":"lr","param_value_internal":8.244976956304361e-07,"distribution":"{\"name\": \"FloatDistribution\", \"attributes\": {\"step\": null, \"low\": 1e-08, \"high\": 0.5, \"log\": true}}"}
{"op_code":5,"worker_id":"ef41e72b-7725-4c43-89f3-23b5cd1a84ad-23456247935296","trial_id":11,"param_name":"ratio","param_value_internal":44.65905256060595,"distribution":"{\"name\": \"FloatDistribution\", \"attributes\": {\"step\": null, \"low\": 0.1, \"high\": 100.0, \"log\": true}}"}
{"op_code":0,"worker_id":"8d617cab-c018-4285-b40c-091cbaa39859-23456247935296","study_name":"peter_kdd_k3","directions":[2]}
{"op_code":4,"worker_id":"8d617cab-c018-4285-b40c-091cbaa39859-23456247935296","study_id":0,"datetime_start":"2026-07-24T10:57:17.189422"}
{"op_code":5,"worker_id":"8d617cab-c018-4285-b40c-091cbaa39859-23456247935296","trial_id":12,"param_name":"lr","param_value_internal":0.00778051522122167,"distribution":"{\"name\": \"FloatDistribution\", \"attributes\": {\"step\": null, \"low\": 1e-08, \"high\": 0.5, \"log\": true}}"}
{"op_code":5,"worker_id":"8d617cab-c018-4285-b40c-091cbaa39859-23456247935296","trial_id":12,"param_name":"ratio","param_value_internal":0.15730786243891257,"distribution":"{\"name\": \"FloatDistribution\", \"attributes\": {\"step\": null, \"low\": 0.1, \"high\": 100.0, \"log\": true}}"}
{"op_code":6,"worker_id":"cdc8da6a-d0e0-427f-998a-093750ecf573-23456247935296","trial_id":10,"state":1,"values":[-14.000666455511121],"datetime_complete":"2026-07-24T11:00:22.826045"}
{"op_code":0,"worker_id":"57ac3219-8b51-40a9-8a65-88a9ad4eecb0-23456247935296","study_name":"peter_kdd_k3","directions":[2]}
{"op_code":4,"worker_id":"57ac3219-8b51-40a9-8a65-88a9ad4eecb0-23456247935296","study_id":0,"datetime_start":"2026-07-24T11:02:27.434834"}
{"op_code":5,"worker_id":"57ac3219-8b51-40a9-8a65-88a9ad4eecb0-23456247935296","trial_id":13,"param_name":"lr","param_value_internal":8.043288541382156e-08,"distribution":"{\"name\": \"FloatDistribution\", \"attributes\": {\"step\": null, \"low\": 1e-08, \"high\": 0.5, \"log\": true}}"}
{"op_code":5,"worker_id":"57ac3219-8b51-40a9-8a65-88a9ad4eecb0-23456247935296","trial_id":13,"param_name":"ratio","param_value_internal":1.8708786983156769,"distribution":"{\"name\": \"FloatDistribution\", \"attributes\": {\"step\": null, \"low\": 0.1, \"high\": 100.0, \"log\": true}}"}
{"op_code":6,"worker_id":"ef41e72b-7725-4c43-89f3-23b5cd1a84ad-23456247935296","trial_id":11,"state":1,"values":[-24.772475152392136],"datetime_complete":"2026-07-24T11:03:21.586125"}
{"op_code":0,"worker_id":"b0139b91-5611-434e-a1d2-e82ab79c400e-23456247935296","study_name":"peter_kdd_k3","directions":[2]}
{"op_code":4,"worker_id":"b0139b91-5611-434e-a1d2-e82ab79c400e-23456247935296","study_id":0,"datetime_start":"2026-07-24T11:07:11.644316"}
{"op_code":5,"worker_id":"b0139b91-5611-434e-a1d2-e82ab79c400e-23456247935296","trial_id":14,"param_name":"lr","param_value_internal":0.00016654068439588444,"distribution":"{\"name\": \"FloatDistribution\", \"attributes\": {\"step\": null, \"low\": 1e-08, \"high\": 0.5, \"log\": true}}"}
{"op_code":5,"worker_id":"b0139b91-5611-434e-a1d2-e82ab79c400e-23456247935296","trial_id":14,"param_name":"ratio","param_value_internal":0.9740973879070619,"distribution":"{\"name\": \"FloatDistribution\", \"attributes\": {\"step\": null, \"low\": 0.1, \"high\": 100.0, \"log\": true}}"}
{"op_code":6,"worker_id":"8d617cab-c018-4285-b40c-091cbaa39859-23456247935296","trial_id":12,"state":1,"values":[-14.076528065687583],"datetime_complete":"2026-07-24T11:08:12.016844"}
{"op_code":0,"worker_id":"84cb795e-3ec5-4ee6-933e-d145b3e4efde-23456247935296","study_name":"peter_kdd_k3","directions":[2]}
{"op_code":4,"worker_id":"84cb795e-3ec5-4ee6-933e-d145b3e4efde-23456247935296","study_id":0,"datetime_start":"2026-07-24T11:11:52.298263"}
{"op_code":5,"worker_id":"84cb795e-3ec5-4ee6-933e-d145b3e4efde-23456247935296","trial_id":15,"param_name":"lr","param_value_internal":0.18149667931080365,"distribution":"{\"name\": \"FloatDistribution\", \"attributes\": {\"step\": null, \"low\": 1e-08, \"high\": 0.5, \"log\": true}}"}
{"op_code":5,"worker_id":"84cb795e-3ec5-4ee6-933e-d145b3e4efde-23456247935296","trial_id":15,"param_name":"ratio","param_value_internal":0.20112375099799024,"distribution":"{\"name\": \"FloatDistribution\", \"attributes\": {\"step\": null, \"low\": 0.1, \"high\": 100.0, \"log\": true}}"}
{"op_code":6,"worker_id":"84cb795e-3ec5-4ee6-933e-d145b3e4efde-23456247935296","trial_id":15,"state":3,"values":null,"datetime_complete":"2026-07-24T11:12:52.346246"}
{"op_code":6,"worker_id":"57ac3219-8b51-40a9-8a65-88a9ad4eecb0-23456247935296","trial_id":13,"state":1,"values":[-26.879731834456756],"datetime_complete":"2026-07-24T11:13:06.200433"}
{"op_code":0,"worker_id":"0ae0631e-a214-4b50-8ef0-ef1d9e0a33a2-23456247935296","study_name":"peter_kdd_k3","directions":[2]}
{"op_code":4,"worker_id":"0ae0631e-a214-4b50-8ef0-ef1d9e0a33a2-23456247935296","study_id":0,"datetime_start":"2026-07-24T11:16:05.514254"}
{"op_code":9,"worker_id":"0ae0631e-a214-4b50-8ef0-ef1d9e0a33a2-23456247935296","trial_id":16,"system_attr":{"tpe:relative_params:0":"{\"lr\": 0.2567097272096932, \"ratio\": 2.5138098759676852}"}}
{"op_code":5,"worker_id":"0ae0631e-a214-4b50-8ef0-ef1d9e0a33a2-23456247935296","trial_id":16,"param_name":"lr","param_value_internal":0.2567097272096932,"distribution":"{\"name\": \"FloatDistribution\", \"attributes\": {\"step\": null, \"low\": 1e-08, \"high\": 0.5, \"log\": true}}"}
{"op_code":5,"worker_id":"0ae0631e-a214-4b50-8ef0-ef1d9e0a33a2-23456247935296","trial_id":16,"param_name":"ratio","param_value_internal":2.5138098759676852,"distribution":"{\"name\": \"FloatDistribution\", \"attributes\": {\"step\": null, \"low\": 0.1, \"high\": 100.0, \"log\": true}}"}
{"op_code":6,"worker_id":"0ae0631e-a214-4b50-8ef0-ef1d9e0a33a2-23456247935296","trial_id":16,"state":3,"values":null,"datetime_complete":"2026-07-24T11:16:37.146693"}
{"op_code":6,"worker_id":"b0139b91-5611-434e-a1d2-e82ab79c400e-23456247935296","trial_id":14,"state":1,"values":[-18.844686856991295],"datetime_complete":"2026-07-24T11:18:41.403302"}
{"op_code":0,"worker_id":"f7912cca-f3ad-493b-9062-a5dea608e06e-23456247935296","study_name":"peter_kdd_k3","directions":[2]}
{"op_code":4,"worker_id":"f7912cca-f3ad-493b-9062-a5dea608e06e-23456247935296","study_id":0,"datetime_start":"2026-07-24T11:20:13.750466"}
{"op_code":9,"worker_id":"f7912cca-f3ad-493b-9062-a5dea608e06e-23456247935296","trial_id":17,"system_attr":{"tpe:relative_params:0":"{\"lr\": 0.22978289227033383, \"ratio\": 0.5594232495525587}"}}
{"op_code":5,"worker_id":"f7912cca-f3ad-493b-9062-a5dea608e06e-23456247935296","trial_id":17,"param_name":"lr","param_value_internal":0.22978289227033383,"distribution":"{\"name\": \"FloatDistribution\", \"attributes\": {\"step\": null, \"low\": 1e-08, \"high\": 0.5, \"log\": true}}"}
{"op_code":5,"worker_id":"f7912cca-f3ad-493b-9062-a5dea608e06e-23456247935296","trial_id":17,"param_name":"ratio","param_value_internal":0.5594232495525587,"distribution":"{\"name\": \"FloatDistribution\", \"attributes\": {\"step\": null, \"low\": 0.1, \"high\": 100.0, \"log\": true}}"}
{"op_code":6,"worker_id":"f7912cca-f3ad-493b-9062-a5dea608e06e-23456247935296","trial_id":17,"state":3,"values":null,"datetime_complete":"2026-07-24T11:20:54.607637"}
{"op_code":0,"worker_id":"6899d05e-772e-4a28-b57b-002863662554-23456247935296","study_name":"peter_kdd_k3","directions":[2]}
{"op_code":4,"worker_id":"6899d05e-772e-4a28-b57b-002863662554-23456247935296","study_id":0,"datetime_start":"2026-07-24T11:24:31.345233"}
{"op_code":9,"worker_id":"6899d05e-772e-4a28-b57b-002863662554-23456247935296","trial_id":18,"system_attr":{"tpe:relative_params:0":"{\"lr\": 0.3969101595998828, \"ratio\": 0.2703732910524616}"}}
{"op_code":5,"worker_id":"6899d05e-772e-4a28-b57b-002863662554-23456247935296","trial_id":18,"param_name":"lr","param_value_internal":0.3969101595998828,"distribution":"{\"name\": \"FloatDistribution\", \"attributes\": {\"step\": null, \"low\": 1e-08, \"high\": 0.5, \"log\": true}}"}
{"op_code":5,"worker_id":"6899d05e-772e-4a28-b57b-002863662554-23456247935296","trial_id":18,"param_name":"ratio","param_value_internal":0.2703732910524616,"distribution":"{\"name\": \"FloatDistribution\", \"attributes\": {\"step\": null, \"low\": 0.1, \"high\": 100.0, \"log\": true}}"}
{"op_code":6,"worker_id":"6899d05e-772e-4a28-b57b-002863662554-23456247935296","trial_id":18,"state":3,"values":null,"datetime_complete":"2026-07-24T11:25:14.190753"}
{"op_code":0,"worker_id":"27f25900-b66e-402b-b44d-dad9c03d2d92-23456247935296","study_name":"peter_kdd_k3","directions":[2]}
{"op_code":4,"worker_id":"27f25900-b66e-402b-b44d-dad9c03d2d92-23456247935296","study_id":0,"datetime_start":"2026-07-24T11:27:54.726471"}
{"op_code":9,"worker_id":"27f25900-b66e-402b-b44d-dad9c03d2d92-23456247935296","trial_id":19,"system_attr":{"tpe:relative_params:0":"{\"lr\": 0.04190633319641929, \"ratio\": 0.13472558389153236}"}}
{"op_code":5,"worker_id":"27f25900-b66e-402b-b44d-dad9c03d2d92-23456247935296","trial_id":19,"param_name":"lr","param_value_internal":0.04190633319641929,"distribution":"{\"name\": \"FloatDistribution\", \"attributes\": {\"step\": null, \"low\": 1e-08, \"high\": 0.5, \"log\": true}}"}
{"op_code":5,"worker_id":"27f25900-b66e-402b-b44d-dad9c03d2d92-23456247935296","trial_id":19,"param_name":"ratio","param_value_internal":0.13472558389153236,"distribution":"{\"name\": \"FloatDistribution\", \"attributes\": {\"step\": null, \"low\": 0.1, \"high\": 100.0, \"log\": true}}"}
{"op_code":0,"worker_id":"02419b93-1a46-4165-b414-6bf69afe41a2-23456247935296","study_name":"peter_kdd_k3","directions":[2]}
{"op_code":4,"worker_id":"02419b93-1a46-4165-b414-6bf69afe41a2-23456247935296","study_id":0,"datetime_start":"2026-07-24T11:33:00.252091"}
{"op_code":9,"worker_id":"02419b93-1a46-4165-b414-6bf69afe41a2-23456247935296","trial_id":20,"system_attr":{"tpe:relative_params:0":"{\"lr\": 0.23538094840441354, \"ratio\": 4.27703891876088}"}}
{"op_code":5,"worker_id":"02419b93-1a46-4165-b414-6bf69afe41a2-23456247935296","trial_id":20,"param_name":"lr","param_value_internal":0.23538094840441354,"distribution":"{\"name\": \"FloatDistribution\", \"attributes\": {\"step\": null, \"low\": 1e-08, \"high\": 0.5, \"log\": true}}"}
{"op_code":5,"worker_id":"02419b93-1a46-4165-b414-6bf69afe41a2-23456247935296","trial_id":20,"param_name":"ratio","param_value_internal":4.27703891876088,"distribution":"{\"name\": \"FloatDistribution\", \"attributes\": {\"step\": null, \"low\": 0.1, \"high\": 100.0, \"log\": true}}"}
{"op_code":6,"worker_id":"02419b93-1a46-4165-b414-6bf69afe41a2-23456247935296","trial_id":20,"state":3,"values":null,"datetime_complete":"2026-07-24T11:33:34.841550"}
{"op_code":0,"worker_id":"f5a4487b-ac28-4458-b892-67b38d12e081-23456247935296","study_name":"peter_kdd_k3","directions":[2]}
{"op_code":4,"worker_id":"f5a4487b-ac28-4458-b892-67b38d12e081-23456247935296","study_id":0,"datetime_start":"2026-07-24T11:37:51.314331"}
{"op_code":9,"worker_id":"f5a4487b-ac28-4458-b892-67b38d12e081-23456247935296","trial_id":21,"system_attr":{"tpe:relative_params:0":"{\"lr\": 0.25641011830634836, \"ratio\": 9.652861212750588}"}}
{"op_code":5,"worker_id":"f5a4487b-ac28-4458-b892-67b38d12e081-23456247935296","trial_id":21,"param_name":"lr","param_value_internal":0.25641011830634836,"distribution":"{\"name\": \"FloatDistribution\", \"attributes\": {\"step\": null, \"low\": 1e-08, \"high\": 0.5, \"log\": true}}"}
{"op_code":5,"worker_id":"f5a4487b-ac28-4458-b892-67b38d12e081-23456247935296","trial_id":21,"param_name":"ratio","param_value_internal":9.652861212750588,"distribution":"{\"name\": \"FloatDistribution\", \"attributes\": {\"step\": null, \"low\": 0.1, \"high\": 100.0, \"log\": true}}"}
{"op_code":6,"worker_id":"f5a4487b-ac28-4458-b892-67b38d12e081-23456247935296","trial_id":21,"state":3,"values":null,"datetime_complete":"2026-07-24T11:38:29.293172"}
{"op_code":6,"worker_id":"27f25900-b66e-402b-b44d-dad9c03d2d92-23456247935296","trial_id":19,"state":1,"values":[-13.274550976809694],"datetime_complete":"2026-07-24T11:38:43.445703"}
{"op_code":0,"worker_id":"e040c91d-d707-452b-8b04-d9a2c1ea125f-23456247935296","study_name":"peter_kdd_k3","directions":[2]}
{"op_code":4,"worker_id":"e040c91d-d707-452b-8b04-d9a2c1ea125f-23456247935296","study_id":0,"datetime_start":"2026-07-24T11:41:42.085324"}
{"op_code":9,"worker_id":"e040c91d-d707-452b-8b04-d9a2c1ea125f-23456247935296","trial_id":22,"system_attr":{"tpe:relative_params:0":"{\"lr\": 0.3407966239276326, \"ratio\": 0.38718269614812756}"}}
{"op_code":5,"worker_id":"e040c91d-d707-452b-8b04-d9a2c1ea125f-23456247935296","trial_id":22,"param_name":"lr","param_value_internal":0.3407966239276326,"distribution":"{\"name\": \"FloatDistribution\", \"attributes\": {\"step\": null, \"low\": 1e-08, \"high\": 0.5, \"log\": true}}"}
{"op_code":5,"worker_id":"e040c91d-d707-452b-8b04-d9a2c1ea125f-23456247935296","trial_id":22,"param_name":"ratio","param_value_internal":0.38718269614812756,"distribution":"{\"name\": \"FloatDistribution\", \"attributes\": {\"step\": null, \"low\": 0.1, \"high\": 100.0, \"log\": true}}"}
{"op_code":6,"worker_id":"e040c91d-d707-452b-8b04-d9a2c1ea125f-23456247935296","trial_id":22,"state":3,"values":null,"datetime_complete":"2026-07-24T11:42:31.130088"}
{"op_code":0,"worker_id":"759efc8e-0153-4511-b1e2-0af5f81ae0da-23456247935296","study_name":"peter_kdd_k3","directions":[2]}
{"op_code":4,"worker_id":"759efc8e-0153-4511-b1e2-0af5f81ae0da-23456247935296","study_id":0,"datetime_start":"2026-07-24T11:44:59.449655"}
{"op_code":9,"worker_id":"759efc8e-0153-4511-b1e2-0af5f81ae0da-23456247935296","trial_id":23,"system_attr":{"tpe:relative_params:0":"{\"lr\": 0.26537189053977517, \"ratio\": 22.978577518041227}"}}
{"op_code":5,"worker_id":"759efc8e-0153-4511-b1e2-0af5f81ae0da-23456247935296","trial_id":23,"param_name":"lr","param_value_internal":0.26537189053977517,"distribution":"{\"name\": \"FloatDistribution\", \"attributes\": {\"step\": null, \"low\": 1e-08, \"high\": 0.5, \"log\": true}}"}
{"op_code":5,"worker_id":"759efc8e-0153-4511-b1e2-0af5f81ae0da-23456247935296","trial_id":23,"param_name":"ratio","param_value_internal":22.978577518041227,"distribution":"{\"name\": \"FloatDistribution\", \"attributes\": {\"step\": null, \"low\": 0.1, \"high\": 100.0, \"log\": true}}"}
{"op_code":6,"worker_id":"759efc8e-0153-4511-b1e2-0af5f81ae0da-23456247935296","trial_id":23,"state":3,"values":null,"datetime_complete":"2026-07-24T11:45:28.960326"}
{"op_code":0,"worker_id":"3e2cd49d-ac4d-493c-bd59-3c7fa32bd621-23456247935296","study_name":"peter_kdd_k3","directions":[2]}
{"op_code":4,"worker_id":"3e2cd49d-ac4d-493c-bd59-3c7fa32bd621-23456247935296","study_id":0,"datetime_start":"2026-07-24T11:48:28.260515"}
{"op_code":9,"worker_id":"3e2cd49d-ac4d-493c-bd59-3c7fa32bd621-23456247935296","trial_id":24,"system_attr":{"tpe:relative_params:0":"{\"lr\": 0.20944679268101213, \"ratio\": 9.481268415427687}"}}
{"op_code":5,"worker_id":"3e2cd49d-ac4d-493c-bd59-3c7fa32bd621-23456247935296","trial_id":24,"param_name":"lr","param_value_internal":0.20944679268101213,"distribution":"{\"name\": \"FloatDistribution\", \"attributes\": {\"step\": null, \"low\": 1e-08, \"high\": 0.5, \"log\": true}}"}
{"op_code":5,"worker_id":"3e2cd49d-ac4d-493c-bd59-3c7fa32bd621-23456247935296","trial_id":24,"param_name":"ratio","param_value_internal":9.481268415427687,"distribution":"{\"name\": \"FloatDistribution\", \"attributes\": {\"step\": null, \"low\": 0.1, \"high\": 100.0, \"log\": true}}"}
{"op_code":6,"worker_id":"3e2cd49d-ac4d-493c-bd59-3c7fa32bd621-23456247935296","trial_id":24,"state":3,"values":null,"datetime_complete":"2026-07-24T11:49:02.150520"}
{"op_code":0,"worker_id":"05a8c35e-b0e9-470c-a144-05dc68b7ce77-23456247935296","study_name":"peter_kdd_k3","directions":[2]}
{"op_code":4,"worker_id":"05a8c35e-b0e9-470c-a144-05dc68b7ce77-23456247935296","study_id":0,"datetime_start":"2026-07-24T11:52:06.897769"}
{"op_code":9,"worker_id":"05a8c35e-b0e9-470c-a144-05dc68b7ce77-23456247935296","trial_id":25,"system_attr":{"tpe:relative_params:0":"{\"lr\": 0.060582001323175094, \"ratio\": 5.628114907031228}"}}
{"op_code":5,"worker_id":"05a8c35e-b0e9-470c-a144-05dc68b7ce77-23456247935296","trial_id":25,"param_name":"lr","param_value_internal":0.060582001323175094,"distribution":"{\"name\": \"FloatDistribution\", \"attributes\": {\"step\": null, \"low\": 1e-08, \"high\": 0.5, \"log\": true}}"}
{"op_code":5,"worker_id":"05a8c35e-b0e9-470c-a144-05dc68b7ce77-23456247935296","trial_id":25,"param_name":"ratio","param_value_internal":5.628114907031228,"distribution":"{\"name\": \"FloatDistribution\", \"attributes\": {\"step\": null, \"low\": 0.1, \"high\": 100.0, \"log\": true}}"}
{"op_code":6,"worker_id":"05a8c35e-b0e9-470c-a144-05dc68b7ce77-23456247935296","trial_id":25,"state":3,"values":null,"datetime_complete":"2026-07-24T11:52:33.261973"}
{"op_code":0,"worker_id":"a6f511fb-ca54-4971-9f5a-513523110293-23456247935296","study_name":"peter_kdd_k3","directions":[2]}
{"op_code":4,"worker_id":"a6f511fb-ca54-4971-9f5a-513523110293-23456247935296","study_id":0,"datetime_start":"2026-07-24T11:55:09.629420"}
{"op_code":9,"worker_id":"a6f511fb-ca54-4971-9f5a-513523110293-23456247935296","trial_id":26,"system_attr":{"tpe:relative_params:0":"{\"lr\": 0.2859915127282774, \"ratio\": 3.3555866485869537}"}}
{"op_code":5,"worker_id":"a6f511fb-ca54-4971-9f5a-513523110293-23456247935296","trial_id":26,"param_name":"lr","param_value_internal":0.2859915127282774,"distribution":"{\"name\": \"FloatDistribution\", \"attributes\": {\"step\": null, \"low\": 1e-08, \"high\": 0.5, \"log\": true}}"}
{"op_code":5,"worker_id":"a6f511fb-ca54-4971-9f5a-513523110293-23456247935296","trial_id":26,"param_name":"ratio","param_value_internal":3.3555866485869537,"distribution":"{\"name\": \"FloatDistribution\", \"attributes\": {\"step\": null, \"low\": 0.1, \"high\": 100.0, \"log\": true}}"}
{"op_code":6,"worker_id":"a6f511fb-ca54-4971-9f5a-513523110293-23456247935296","trial_id":26,"state":3,"values":null,"datetime_complete":"2026-07-24T11:55:36.295755"}
{"op_code":0,"worker_id":"bd2e6771-33a5-425b-bf7e-a26a3a44ffd6-23456247935296","study_name":"peter_kdd_k3","directions":[2]}
{"op_code":4,"worker_id":"bd2e6771-33a5-425b-bf7e-a26a3a44ffd6-23456247935296","study_id":0,"datetime_start":"2026-07-24T11:59:30.842406"}
{"op_code":9,"worker_id":"bd2e6771-33a5-425b-bf7e-a26a3a44ffd6-23456247935296","trial_id":27,"system_attr":{"tpe:relative_params:0":"{\"lr\": 0.28649574351149193, \"ratio\": 0.9941768921768278}"}}
{"op_code":5,"worker_id":"bd2e6771-33a5-425b-bf7e-a26a3a44ffd6-23456247935296","trial_id":27,"param_name":"lr","param_value_internal":0.28649574351149193,"distribution":"{\"name\": \"FloatDistribution\", \"attributes\": {\"step\": null, \"low\": 1e-08, \"high\": 0.5, \"log\": true}}"}
{"op_code":5,"worker_id":"bd2e6771-33a5-425b-bf7e-a26a3a44ffd6-23456247935296","trial_id":27,"param_name":"ratio","param_value_internal":0.9941768921768278,"distribution":"{\"name\": \"FloatDistribution\", \"attributes\": {\"step\": null, \"low\": 0.1, \"high\": 100.0, \"log\": true}}"}
{"op_code":6,"worker_id":"bd2e6771-33a5-425b-bf7e-a26a3a44ffd6-23456247935296","trial_id":27,"state":3,"values":null,"datetime_complete":"2026-07-24T12:00:03.557716"}
{"op_code":0,"worker_id":"e8db68ee-057c-4a53-a48c-33bb0ebe3bcf-23456247935296","study_name":"peter_kdd_k3","directions":[2]}
{"op_code":4,"worker_id":"e8db68ee-057c-4a53-a48c-33bb0ebe3bcf-23456247935296","study_id":0,"datetime_start":"2026-07-24T12:02:35.624204"}
{"op_code":9,"worker_id":"e8db68ee-057c-4a53-a48c-33bb0ebe3bcf-23456247935296","trial_id":28,"system_attr":{"tpe:relative_params:0":"{\"lr\": 0.4941778438466005, \"ratio\": 0.29328039357134167}"}}
{"op_code":5,"worker_id":"e8db68ee-057c-4a53-a48c-33bb0ebe3bcf-23456247935296","trial_id":28,"param_name":"lr","param_value_internal":0.4941778438466005,"distribution":"{\"name\": \"FloatDistribution\", \"attributes\": {\"step\": null, \"low\": 1e-08, \"high\": 0.5, \"log\": true}}"}
{"op_code":5,"worker_id":"e8db68ee-057c-4a53-a48c-33bb0ebe3bcf-23456247935296","trial_id":28,"param_name":"ratio","param_value_internal":0.29328039357134167,"distribution":"{\"name\": \"FloatDistribution\", \"attributes\": {\"step\": null, \"low\": 0.1, \"high\": 100.0, \"log\": true}}"}
{"op_code":6,"worker_id":"e8db68ee-057c-4a53-a48c-33bb0ebe3bcf-23456247935296","trial_id":28,"state":3,"values":null,"datetime_complete":"2026-07-24T12:03:05.028081"}
{"op_code":0,"worker_id":"dfcc5581-06d2-4843-8d8d-4dc8e1269ef5-23456247935296","study_name":"peter_kdd_k3","directions":[2]}
{"op_code":4,"worker_id":"dfcc5581-06d2-4843-8d8d-4dc8e1269ef5-23456247935296","study_id":0,"datetime_start":"2026-07-24T12:06:42.994432"}
{"op_code":9,"worker_id":"dfcc5581-06d2-4843-8d8d-4dc8e1269ef5-23456247935296","trial_id":29,"system_attr":{"tpe:relative_params:0":"{\"lr\": 0.4755757659333751, \"ratio\": 0.8489747009533624}"}}
{"op_code":5,"worker_id":"dfcc5581-06d2-4843-8d8d-4dc8e1269ef5-23456247935296","trial_id":29,"param_name":"lr","param_value_internal":0.4755757659333751,"distribution":"{\"name\": \"FloatDistribution\", \"attributes\": {\"step\": null, \"low\": 1e-08, \"high\": 0.5, \"log\": true}}"}
{"op_code":5,"worker_id":"dfcc5581-06d2-4843-8d8d-4dc8e1269ef5-23456247935296","trial_id":29,"param_name":"ratio","param_value_internal":0.8489747009533624,"distribution":"{\"name\": \"FloatDistribution\", \"attributes\": {\"step\": null, \"low\": 0.1, \"high\": 100.0, \"log\": true}}"}
{"op_code":6,"worker_id":"dfcc5581-06d2-4843-8d8d-4dc8e1269ef5-23456247935296","trial_id":29,"state":3,"values":null,"datetime_complete":"2026-07-24T12:07:09.239920"}
{"op_code":0,"worker_id":"13e830cd-6e2b-4e23-8e74-25ef9c4f8fb0-23456247935296","study_name":"peter_kdd_k3","directions":[2]}
{"op_code":4,"worker_id":"13e830cd-6e2b-4e23-8e74-25ef9c4f8fb0-23456247935296","study_id":0,"datetime_start":"2026-07-24T12:10:41.538083"}
{"op_code":9,"worker_id":"13e830cd-6e2b-4e23-8e74-25ef9c4f8fb0-23456247935296","trial_id":30,"system_attr":{"tpe:relative_params:0":"{\"lr\": 0.175588087808875, \"ratio\": 4.37629959918665}"}}
{"op_code":5,"worker_id":"13e830cd-6e2b-4e23-8e74-25ef9c4f8fb0-23456247935296","trial_id":30,"param_name":"lr","param_value_internal":0.175588087808875,"distribution":"{\"name\": \"FloatDistribution\", \"attributes\": {\"step\": null, \"low\": 1e-08, \"high\": 0.5, \"log\": true}}"}
{"op_code":5,"worker_id":"13e830cd-6e2b-4e23-8e74-25ef9c4f8fb0-23456247935296","trial_id":30,"param_name":"ratio","param_value_internal":4.37629959918665,"distribution":"{\"name\": \"FloatDistribution\", \"attributes\": {\"step\": null, \"low\": 0.1, \"high\": 100.0, \"log\": true}}"}
{"op_code":6,"worker_id":"13e830cd-6e2b-4e23-8e74-25ef9c4f8fb0-23456247935296","trial_id":30,"state":3,"values":null,"datetime_complete":"2026-07-24T12:11:08.551474"}
{"op_code":0,"worker_id":"ba60b3a1-5e23-4371-be6c-5ed025a939c0-23456247935296","study_name":"peter_kdd_k3","directions":[2]}
{"op_code":4,"worker_id":"ba60b3a1-5e23-4371-be6c-5ed025a939c0-23456247935296","study_id":0,"datetime_start":"2026-07-24T12:14:15.069264"}
{"op_code":9,"worker_id":"ba60b3a1-5e23-4371-be6c-5ed025a939c0-23456247935296","trial_id":31,"system_attr":{"tpe:relative_params:0":"{\"lr\": 0.20032711265062556, \"ratio\": 0.7358099634941118}"}}
{"op_code":5,"worker_id":"ba60b3a1-5e23-4371-be6c-5ed025a939c0-23456247935296","trial_id":31,"param_name":"lr","param_value_internal":0.20032711265062556,"distribution":"{\"name\": \"FloatDistribution\", \"attributes\": {\"step\": null, \"low\": 1e-08, \"high\": 0.5, \"log\": true}}"}
{"op_code":5,"worker_id":"ba60b3a1-5e23-4371-be6c-5ed025a939c0-23456247935296","trial_id":31,"param_name":"ratio","param_value_internal":0.7358099634941118,"distribution":"{\"name\": \"FloatDistribution\", \"attributes\": {\"step\": null, \"low\": 0.1, \"high\": 100.0, \"log\": true}}"}
{"op_code":6,"worker_id":"ba60b3a1-5e23-4371-be6c-5ed025a939c0-23456247935296","trial_id":31,"state":3,"values":null,"datetime_complete":"2026-07-24T12:14:56.688945"}
{"op_code":0,"worker_id":"8d261439-77d2-4c14-a646-1d35aaceb583-23456247935296","study_name":"peter_kdd_k3","directions":[2]}
{"op_code":4,"worker_id":"8d261439-77d2-4c14-a646-1d35aaceb583-23456247935296","study_id":0,"datetime_start":"2026-07-24T12:17:50.065555"}
{"op_code":9,"worker_id":"8d261439-77d2-4c14-a646-1d35aaceb583-23456247935296","trial_id":32,"system_attr":{"tpe:relative_params:0":"{\"lr\": 0.15746868371616476, \"ratio\": 8.020611943054128}"}}
{"op_code":5,"worker_id":"8d261439-77d2-4c14-a646-1d35aaceb583-23456247935296","trial_id":32,"param_name":"lr","param_value_internal":0.15746868371616476,"distribution":"{\"name\": \"FloatDistribution\", \"attributes\": {\"step\": null, \"low\": 1e-08, \"high\": 0.5, \"log\": true}}"}
{"op_code":5,"worker_id":"8d261439-77d2-4c14-a646-1d35aaceb583-23456247935296","trial_id":32,"param_name":"ratio","param_value_internal":8.020611943054128,"distribution":"{\"name\": \"FloatDistribution\", \"attributes\": {\"step\": null, \"low\": 0.1, \"high\": 100.0, \"log\": true}}"}
{"op_code":6,"worker_id":"8d261439-77d2-4c14-a646-1d35aaceb583-23456247935296","trial_id":32,"state":3,"values":null,"datetime_complete":"2026-07-24T12:18:18.446203"}
{"op_code":0,"worker_id":"907bcc94-d523-44a1-a174-6fbc94a881e6-23456247935296","study_name":"peter_kdd_k3","directions":[2]}
{"op_code":4,"worker_id":"907bcc94-d523-44a1-a174-6fbc94a881e6-23456247935296","study_id":0,"datetime_start":"2026-07-24T12:21:49.727274"}
{"op_code":9,"worker_id":"907bcc94-d523-44a1-a174-6fbc94a881e6-23456247935296","trial_id":33,"system_attr":{"tpe:relative_params:0":"{\"lr\": 0.11389067399855356, \"ratio\": 0.9745117875189276}"}}
{"op_code":5,"worker_id":"907bcc94-d523-44a1-a174-6fbc94a881e6-23456247935296","trial_id":33,"param_name":"lr","param_value_internal":0.11389067399855356,"distribution":"{\"name\": \"FloatDistribution\", \"attributes\": {\"step\": null, \"low\": 1e-08, \"high\": 0.5, \"log\": true}}"}
{"op_code":5,"worker_id":"907bcc94-d523-44a1-a174-6fbc94a881e6-23456247935296","trial_id":33,"param_name":"ratio","param_value_internal":0.9745117875189276,"distribution":"{\"name\": \"FloatDistribution\", \"attributes\": {\"step\": null, \"low\": 0.1, \"high\": 100.0, \"log\": true}}"}
{"op_code":6,"worker_id":"907bcc94-d523-44a1-a174-6fbc94a881e6-23456247935296","trial_id":33,"state":3,"values":null,"datetime_complete":"2026-07-24T12:22:30.723263"}
{"op_code":0,"worker_id":"75228514-baf9-4e91-9e2f-0c30bd799779-23456247935296","study_name":"peter_kdd_k3","directions":[2]}
{"op_code":4,"worker_id":"75228514-baf9-4e91-9e2f-0c30bd799779-23456247935296","study_id":0,"datetime_start":"2026-07-24T12:27:36.539969"}
{"op_code":9,"worker_id":"75228514-baf9-4e91-9e2f-0c30bd799779-23456247935296","trial_id":34,"system_attr":{"tpe:relative_params:0":"{\"lr\": 0.29562043677120325, \"ratio\": 0.6048950321039113}"}}
{"op_code":5,"worker_id":"75228514-baf9-4e91-9e2f-0c30bd799779-23456247935296","trial_id":34,"param_name":"lr","param_value_internal":0.29562043677120325,"distribution":"{\"name\": \"FloatDistribution\", \"attributes\": {\"step\": null, \"low\": 1e-08, \"high\": 0.5, \"log\": true}}"}
{"op_code":5,"worker_id":"75228514-baf9-4e91-9e2f-0c30bd799779-23456247935296","trial_id":34,"param_name":"ratio","param_value_internal":0.6048950321039113,"distribution":"{\"name\": \"FloatDistribution\", \"attributes\": {\"step\": null, \"low\": 0.1, \"high\": 100.0, \"log\": true}}"}
{"op_code":6,"worker_id":"75228514-baf9-4e91-9e2f-0c30bd799779-23456247935296","trial_id":34,"state":3,"values":null,"datetime_complete":"2026-07-24T12:28:09.010704"}
{"op_code":0,"worker_id":"b32fb1b4-dc2e-4c1e-91f1-f67834d6324a-23456247935296","study_name":"peter_kdd_k3","directions":[2]}
{"op_code":4,"worker_id":"b32fb1b4-dc2e-4c1e-91f1-f67834d6324a-23456247935296","study_id":0,"datetime_start":"2026-07-24T12:32:24.700213"}
{"op_code":9,"worker_id":"b32fb1b4-dc2e-4c1e-91f1-f67834d6324a-23456247935296","trial_id":35,"system_attr":{"tpe:relative_params:0":"{\"lr\": 0.4505412421251388, \"ratio\": 5.381307080694098}"}}
{"op_code":5,"worker_id":"b32fb1b4-dc2e-4c1e-91f1-f67834d6324a-23456247935296","trial_id":35,"param_name":"lr","param_value_internal":0.4505412421251388,"distribution":"{\"name\": \"FloatDistribution\", \"attributes\": {\"step\": null, \"low\": 1e-08, \"high\": 0.5, \"log\": true}}"}
{"op_code":5,"worker_id":"b32fb1b4-dc2e-4c1e-91f1-f67834d6324a-23456247935296","trial_id":35,"param_name":"ratio","param_value_internal":5.381307080694098,"distribution":"{\"name\": \"FloatDistribution\", \"attributes\": {\"step\": null, \"low\": 0.1, \"high\": 100.0, \"log\": true}}"}
{"op_code":6,"worker_id":"b32fb1b4-dc2e-4c1e-91f1-f67834d6324a-23456247935296","trial_id":35,"state":3,"values":null,"datetime_complete":"2026-07-24T12:32:50.958455"}
{"op_code":0,"worker_id":"934d4a74-1ae8-42d9-bbb1-6bcc18542ae3-23456247935296","study_name":"peter_kdd_k3","directions":[2]}
{"op_code":4,"worker_id":"934d4a74-1ae8-42d9-bbb1-6bcc18542ae3-23456247935296","study_id":0,"datetime_start":"2026-07-24T12:36:28.496376"}
{"op_code":9,"worker_id":"934d4a74-1ae8-42d9-bbb1-6bcc18542ae3-23456247935296","trial_id":36,"system_attr":{"tpe:relative_params:0":"{\"lr\": 0.1572473192106418, \"ratio\": 11.297024223153784}"}}
{"op_code":5,"worker_id":"934d4a74-1ae8-42d9-bbb1-6bcc18542ae3-23456247935296","trial_id":36,"param_name":"lr","param_value_internal":0.1572473192106418,"distribution":"{\"name\": \"FloatDistribution\", \"attributes\": {\"step\": null, \"low\": 1e-08, \"high\": 0.5, \"log\": true}}"}
{"op_code":5,"worker_id":"934d4a74-1ae8-42d9-bbb1-6bcc18542ae3-23456247935296","trial_id":36,"param_name":"ratio","param_value_internal":11.297024223153784,"distribution":"{\"name\": \"FloatDistribution\", \"attributes\": {\"step\": null, \"low\": 0.1, \"high\": 100.0, \"log\": true}}"}
{"op_code":6,"worker_id":"934d4a74-1ae8-42d9-bbb1-6bcc18542ae3-23456247935296","trial_id":36,"state":3,"values":null,"datetime_complete":"2026-07-24T12:36:57.296453"}
{"op_code":0,"worker_id":"50c086f7-538c-45f7-b5bb-a93655c8d1d7-23456247935296","study_name":"peter_kdd_k3","directions":[2]}
{"op_code":4,"worker_id":"50c086f7-538c-45f7-b5bb-a93655c8d1d7-23456247935296","study_id":0,"datetime_start":"2026-07-24T12:41:22.298743"}
{"op_code":9,"worker_id":"50c086f7-538c-45f7-b5bb-a93655c8d1d7-23456247935296","trial_id":37,"system_attr":{"tpe:relative_params:0":"{\"lr\": 0.3265278837901804, \"ratio\": 0.4888626300483448}"}}
{"op_code":5,"worker_id":"50c086f7-538c-45f7-b5bb-a93655c8d1d7-23456247935296","trial_id":37,"param_name":"lr","param_value_internal":0.3265278837901804,"distribution":"{\"name\": \"FloatDistribution\", \"attributes\": {\"step\": null, \"low\": 1e-08, \"high\": 0.5, \"log\": true}}"}
{"op_code":5,"worker_id":"50c086f7-538c-45f7-b5bb-a93655c8d1d7-23456247935296","trial_id":37,"param_name":"ratio","param_value_internal":0.4888626300483448,"distribution":"{\"name\": \"FloatDistribution\", \"attributes\": {\"step\": null, \"low\": 0.1, \"high\": 100.0, \"log\": true}}"}
{"op_code":6,"worker_id":"50c086f7-538c-45f7-b5bb-a93655c8d1d7-23456247935296","trial_id":37,"state":3,"values":null,"datetime_complete":"2026-07-24T12:41:54.175302"}
{"op_code":0,"worker_id":"46be447b-19b7-48f0-91b8-15922a342083-23456247935296","study_name":"peter_kdd_k3","directions":[2]}
{"op_code":4,"worker_id":"46be447b-19b7-48f0-91b8-15922a342083-23456247935296","study_id":0,"datetime_start":"2026-07-24T12:46:15.097098"}
{"op_code":9,"worker_id":"46be447b-19b7-48f0-91b8-15922a342083-23456247935296","trial_id":38,"system_attr":{"tpe:relative_params:0":"{\"lr\": 0.18981087778099442, \"ratio\": 6.578770344907291}"}}
{"op_code":5,"worker_id":"46be447b-19b7-48f0-91b8-15922a342083-23456247935296","trial_id":38,"param_name":"lr","param_value_internal":0.18981087778099442,"distribution":"{\"name\": \"FloatDistribution\", \"attributes\": {\"step\": null, \"low\": 1e-08, \"high\": 0.5, \"log\": true}}"}
{"op_code":5,"worker_id":"46be447b-19b7-48f0-91b8-15922a342083-23456247935296","trial_id":38,"param_name":"ratio","param_value_internal":6.578770344907291,"distribution":"{\"name\": \"FloatDistribution\", \"attributes\": {\"step\": null, \"low\": 0.1, \"high\": 100.0, \"log\": true}}"}
{"op_code":6,"worker_id":"46be447b-19b7-48f0-91b8-15922a342083-23456247935296","trial_id":38,"state":3,"values":null,"datetime_complete":"2026-07-24T12:47:24.807695"}
{"op_code":0,"worker_id":"22405ddb-f9bc-414a-a47d-e71fdd666aaf-23456247935296","study_name":"peter_kdd_k3","directions":[2]}
{"op_code":4,"worker_id":"22405ddb-f9bc-414a-a47d-e71fdd666aaf-23456247935296","study_id":0,"datetime_start":"2026-07-24T12:51:11.045521"}
{"op_code":9,"worker_id":"22405ddb-f9bc-414a-a47d-e71fdd666aaf-23456247935296","trial_id":39,"system_attr":{"tpe:relative_params:0":"{\"lr\": 0.4060365123483866, \"ratio\": 1.5397633107105317}"}}
{"op_code":5,"worker_id":"22405ddb-f9bc-414a-a47d-e71fdd666aaf-23456247935296","trial_id":39,"param_name":"lr","param_value_internal":0.4060365123483866,"distribution":"{\"name\": \"FloatDistribution\", \"attributes\": {\"step\": null, \"low\": 1e-08, \"high\": 0.5, \"log\": true}}"}
{"op_code":5,"worker_id":"22405ddb-f9bc-414a-a47d-e71fdd666aaf-23456247935296","trial_id":39,"param_name":"ratio","param_value_internal":1.5397633107105317,"distribution":"{\"name\": \"FloatDistribution\", \"attributes\": {\"step\": null, \"low\": 0.1, \"high\": 100.0, \"log\": true}}"}
{"op_code":6,"worker_id":"22405ddb-f9bc-414a-a47d-e71fdd666aaf-23456247935296","trial_id":39,"state":3,"values":null,"datetime_complete":"2026-07-24T12:51:36.963212"}
{"op_code":0,"worker_id":"38f71455-9e19-4938-b06f-b3b435b95564-23456247935296","study_name":"peter_kdd_k3","directions":[2]}
{"op_code":4,"worker_id":"38f71455-9e19-4938-b06f-b3b435b95564-23456247935296","study_id":0,"datetime_start":"2026-07-24T12:55:42.505718"}
{"op_code":9,"worker_id":"38f71455-9e19-4938-b06f-b3b435b95564-23456247935296","trial_id":40,"system_attr":{"tpe:relative_params:0":"{\"lr\": 0.4629801938824628, \"ratio\": 1.3888776426251326}"}}
{"op_code":5,"worker_id":"38f71455-9e19-4938-b06f-b3b435b95564-23456247935296","trial_id":40,"param_name":"lr","param_value_internal":0.4629801938824628,"distribution":"{\"name\": \"FloatDistribution\", \"attributes\": {\"step\": null, \"low\": 1e-08, \"high\": 0.5, \"log\": true}}"}
{"op_code":5,"worker_id":"38f71455-9e19-4938-b06f-b3b435b95564-23456247935296","trial_id":40,"param_name":"ratio","param_value_internal":1.3888776426251326,"distribution":"{\"name\": \"FloatDistribution\", \"attributes\": {\"step\": null, \"low\": 0.1, \"high\": 100.0, \"log\": true}}"}
{"op_code":6,"worker_id":"38f71455-9e19-4938-b06f-b3b435b95564-23456247935296","trial_id":40,"state":3,"values":null,"datetime_complete":"2026-07-24T12:56:09.307404"}
{"op_code":0,"worker_id":"3587063f-bd2a-4a8f-85d4-8a60daf4a0e9-23456247935296","study_name":"peter_kdd_k3","directions":[2]}
{"op_code":4,"worker_id":"3587063f-bd2a-4a8f-85d4-8a60daf4a0e9-23456247935296","study_id":0,"datetime_start":"2026-07-24T12:59:33.970438"}
{"op_code":9,"worker_id":"3587063f-bd2a-4a8f-85d4-8a60daf4a0e9-23456247935296","trial_id":41,"system_attr":{"tpe:relative_params:0":"{\"lr\": 0.12279935042281914, \"ratio\": 1.3970446194453747}"}}
{"op_code":5,"worker_id":"3587063f-bd2a-4a8f-85d4-8a60daf4a0e9-23456247935296","trial_id":41,"param_name":"lr","param_value_internal":0.12279935042281914,"distribution":"{\"name\": \"FloatDistribution\", \"attributes\": {\"step\": null, \"low\": 1e-08, \"high\": 0.5, \"log\": true}}"}
{"op_code":5,"worker_id":"3587063f-bd2a-4a8f-85d4-8a60daf4a0e9-23456247935296","trial_id":41,"param_name":"ratio","param_value_internal":1.3970446194453747,"distribution":"{\"name\": \"FloatDistribution\", \"attributes\": {\"step\": null, \"low\": 0.1, \"high\": 100.0, \"log\": true}}"}
{"op_code":6,"worker_id":"3587063f-bd2a-4a8f-85d4-8a60daf4a0e9-23456247935296","trial_id":41,"state":3,"values":null,"datetime_complete":"2026-07-24T13:00:27.292690"}
{"op_code":0,"worker_id":"3ed3981e-e290-4efd-ae2c-e2bc66165ef0-23456247935296","study_name":"peter_kdd_k3","directions":[2]}
{"op_code":4,"worker_id":"3ed3981e-e290-4efd-ae2c-e2bc66165ef0-23456247935296","study_id":0,"datetime_start":"2026-07-24T13:03:48.511358"}
{"op_code":9,"worker_id":"3ed3981e-e290-4efd-ae2c-e2bc66165ef0-23456247935296","trial_id":42,"system_attr":{"tpe:relative_params:0":"{\"lr\": 0.038996690501077, \"ratio\": 4.5974467380995785}"}}
{"op_code":5,"worker_id":"3ed3981e-e290-4efd-ae2c-e2bc66165ef0-23456247935296","trial_id":42,"param_name":"lr","param_value_internal":0.038996690501077,"distribution":"{\"name\": \"FloatDistribution\", \"attributes\": {\"step\": null, \"low\": 1e-08, \"high\": 0.5, \"log\": true}}"}
{"op_code":5,"worker_id":"3ed3981e-e290-4efd-ae2c-e2bc66165ef0-23456247935296","trial_id":42,"param_name":"ratio","param_value_internal":4.5974467380995785,"distribution":"{\"name\": \"FloatDistribution\", \"attributes\": {\"step\": null, \"low\": 0.1, \"high\": 100.0, \"log\": true}}"}
{"op_code":0,"worker_id":"2c54594e-4611-4398-8a07-2385a63beeb4-23456247935296","study_name":"peter_kdd_k3","directions":[2]}
{"op_code":4,"worker_id":"2c54594e-4611-4398-8a07-2385a63beeb4-23456247935296","study_id":0,"datetime_start":"2026-07-24T13:08:41.485090"}
{"op_code":9,"worker_id":"2c54594e-4611-4398-8a07-2385a63beeb4-23456247935296","trial_id":43,"system_attr":{"tpe:relative_params:0":"{\"lr\": 0.26811683676651676, \"ratio\": 96.27442547524596}"}}
{"op_code":5,"worker_id":"2c54594e-4611-4398-8a07-2385a63beeb4-23456247935296","trial_id":43,"param_name":"lr","param_value_internal":0.26811683676651676,"distribution":"{\"name\": \"FloatDistribution\", \"attributes\": {\"step\": null, \"low\": 1e-08, \"high\": 0.5, \"log\": true}}"}
{"op_code":5,"worker_id":"2c54594e-4611-4398-8a07-2385a63beeb4-23456247935296","trial_id":43,"param_name":"ratio","param_value_internal":96.27442547524596,"distribution":"{\"name\": \"FloatDistribution\", \"attributes\": {\"step\": null, \"low\": 0.1, \"high\": 100.0, \"log\": true}}"}
{"op_code":6,"worker_id":"2c54594e-4611-4398-8a07-2385a63beeb4-23456247935296","trial_id":43,"state":3,"values":null,"datetime_complete":"2026-07-24T13:09:15.184442"}
{"op_code":6,"worker_id":"3ed3981e-e290-4efd-ae2c-e2bc66165ef0-23456247935296","trial_id":42,"state":3,"values":null,"datetime_complete":"2026-07-24T13:13:10.618598"}
{"op_code":0,"worker_id":"817e34d7-c9ac-4d3a-8582-bb9396e9aa2a-23456247935296","study_name":"peter_kdd_k3","directions":[2]}
{"op_code":4,"worker_id":"817e34d7-c9ac-4d3a-8582-bb9396e9aa2a-23456247935296","study_id":0,"datetime_start":"2026-07-24T13:13:21.698853"}
{"op_code":9,"worker_id":"817e34d7-c9ac-4d3a-8582-bb9396e9aa2a-23456247935296","trial_id":44,"system_attr":{"tpe:relative_params:0":"{\"lr\": 0.476569103722091, \"ratio\": 2.971002180618943}"}}
{"op_code":5,"worker_id":"817e34d7-c9ac-4d3a-8582-bb9396e9aa2a-23456247935296","trial_id":44,"param_name":"lr","param_value_internal":0.476569103722091,"distribution":"{\"name\": \"FloatDistribution\", \"attributes\": {\"step\": null, \"low\": 1e-08, \"high\": 0.5, \"log\": true}}"}
{"op_code":5,"worker_id":"817e34d7-c9ac-4d3a-8582-bb9396e9aa2a-23456247935296","trial_id":44,"param_name":"ratio","param_value_internal":2.971002180618943,"distribution":"{\"name\": \"FloatDistribution\", \"attributes\": {\"step\": null, \"low\": 0.1, \"high\": 100.0, \"log\": true}}"}
{"op_code":6,"worker_id":"817e34d7-c9ac-4d3a-8582-bb9396e9aa2a-23456247935296","trial_id":44,"state":3,"values":null,"datetime_complete":"2026-07-24T13:13:49.190636"}
{"op_code":0,"worker_id":"52fcc4df-dafd-476f-babc-40c366613249-23456247935296","study_name":"peter_kdd_k3","directions":[2]}
{"op_code":4,"worker_id":"52fcc4df-dafd-476f-babc-40c366613249-23456247935296","study_id":0,"datetime_start":"2026-07-24T13:17:50.791857"}
{"op_code":9,"worker_id":"52fcc4df-dafd-476f-babc-40c366613249-23456247935296","trial_id":45,"system_attr":{"tpe:relative_params:0":"{\"lr\": 0.36224946739622443, \"ratio\": 0.1874879648062035}"}}
{"op_code":5,"worker_id":"52fcc4df-dafd-476f-babc-40c366613249-23456247935296","trial_id":45,"param_name":"lr","param_value_internal":0.36224946739622443,"distribution":"{\"name\": \"FloatDistribution\", \"attributes\": {\"step\": null, \"low\": 1e-08, \"high\": 0.5, \"log\": true}}"}
{"op_code":5,"worker_id":"52fcc4df-dafd-476f-babc-40c366613249-23456247935296","trial_id":45,"param_name":"ratio","param_value_internal":0.1874879648062035,"distribution":"{\"name\": \"FloatDistribution\", \"attributes\": {\"step\": null, \"low\": 0.1, \"high\": 100.0, \"log\": true}}"}
{"op_code":6,"worker_id":"52fcc4df-dafd-476f-babc-40c366613249-23456247935296","trial_id":45,"state":3,"values":null,"datetime_complete":"2026-07-24T13:18:23.023546"}
{"op_code":0,"worker_id":"f386abf7-5c5d-4dfe-a574-634b129ed3d8-23456247935296","study_name":"peter_kdd_k3","directions":[2]}
{"op_code":4,"worker_id":"f386abf7-5c5d-4dfe-a574-634b129ed3d8-23456247935296","study_id":0,"datetime_start":"2026-07-24T13:20:45.729415"}
{"op_code":9,"worker_id":"f386abf7-5c5d-4dfe-a574-634b129ed3d8-23456247935296","trial_id":46,"system_attr":{"tpe:relative_params:0":"{\"lr\": 0.49972109145336174, \"ratio\": 5.9666423591691204}"}}
{"op_code":5,"worker_id":"f386abf7-5c5d-4dfe-a574-634b129ed3d8-23456247935296","trial_id":46,"param_name":"lr","param_value_internal":0.49972109145336174,"distribution":"{\"name\": \"FloatDistribution\", \"attributes\": {\"step\": null, \"low\": 1e-08, \"high\": 0.5, \"log\": true}}"}
{"op_code":5,"worker_id":"f386abf7-5c5d-4dfe-a574-634b129ed3d8-23456247935296","trial_id":46,"param_name":"ratio","param_value_internal":5.9666423591691204,"distribution":"{\"name\": \"FloatDistribution\", \"attributes\": {\"step\": null, \"low\": 0.1, \"high\": 100.0, \"log\": true}}"}
{"op_code":6,"worker_id":"f386abf7-5c5d-4dfe-a574-634b129ed3d8-23456247935296","trial_id":46,"state":3,"values":null,"datetime_complete":"2026-07-24T13:21:14.342866"}
{"op_code":0,"worker_id":"4c04b40a-e5ee-41b3-b66c-bbd4d87acd20-23456247935296","study_name":"peter_kdd_k3","directions":[2]}
{"op_code":4,"worker_id":"4c04b40a-e5ee-41b3-b66c-bbd4d87acd20-23456247935296","study_id":0,"datetime_start":"2026-07-24T13:23:33.112202"}
{"op_code":9,"worker_id":"4c04b40a-e5ee-41b3-b66c-bbd4d87acd20-23456247935296","trial_id":47,"system_attr":{"tpe:relative_params:0":"{\"lr\": 0.24904454951700258, \"ratio\": 1.7588555592609303}"}}
{"op_code":5,"worker_id":"4c04b40a-e5ee-41b3-b66c-bbd4d87acd20-23456247935296","trial_id":47,"param_name":"lr","param_value_internal":0.24904454951700258,"distribution":"{\"name\": \"FloatDistribution\", \"attributes\": {\"step\": null, \"low\": 1e-08, \"high\": 0.5, \"log\": true}}"}
{"op_code":5,"worker_id":"4c04b40a-e5ee-41b3-b66c-bbd4d87acd20-23456247935296","trial_id":47,"param_name":"ratio","param_value_internal":1.7588555592609303,"distribution":"{\"name\": \"FloatDistribution\", \"attributes\": {\"step\": null, \"low\": 0.1, \"high\": 100.0, \"log\": true}}"}
{"op_code":6,"worker_id":"4c04b40a-e5ee-41b3-b66c-bbd4d87acd20-23456247935296","trial_id":47,"state":3,"values":null,"datetime_complete":"2026-07-24T13:24:11.702290"}
{"op_code":0,"worker_id":"83883304-0a52-4743-b2b2-4a976068f42a-23456247935296","study_name":"peter_kdd_k3","directions":[2]}
{"op_code":4,"worker_id":"83883304-0a52-4743-b2b2-4a976068f42a-23456247935296","study_id":0,"datetime_start":"2026-07-24T13:26:21.416376"}
{"op_code":9,"worker_id":"83883304-0a52-4743-b2b2-4a976068f42a-23456247935296","trial_id":48,"system_attr":{"tpe:relative_params:0":"{\"lr\": 0.26049428121816887, \"ratio\": 0.8029286279822274}"}}
{"op_code":5,"worker_id":"83883304-0a52-4743-b2b2-4a976068f42a-23456247935296","trial_id":48,"param_name":"lr","param_value_internal":0.26049428121816887,"distribution":"{\"name\": \"FloatDistribution\", \"attributes\": {\"step\": null, \"low\": 1e-08, \"high\": 0.5, \"log\": true}}"}
{"op_code":5,"worker_id":"83883304-0a52-4743-b2b2-4a976068f42a-23456247935296","trial_id":48,"param_name":"ratio","param_value_internal":0.8029286279822274,"distribution":"{\"name\": \"FloatDistribution\", \"attributes\": {\"step\": null, \"low\": 0.1, \"high\": 100.0, \"log\": true}}"}
{"op_code":6,"worker_id":"83883304-0a52-4743-b2b2-4a976068f42a-23456247935296","trial_id":48,"state":3,"values":null,"datetime_complete":"2026-07-24T13:26:52.455116"}
{"op_code":0,"worker_id":"f1d1c145-dc86-462e-b30f-a74dbe468771-23456247935296","study_name":"peter_kdd_k3","directions":[2]}
{"op_code":4,"worker_id":"f1d1c145-dc86-462e-b30f-a74dbe468771-23456247935296","study_id":0,"datetime_start":"2026-07-24T13:30:26.309921"}
{"op_code":9,"worker_id":"f1d1c145-dc86-462e-b30f-a74dbe468771-23456247935296","trial_id":49,"system_attr":{"tpe:relative_params:0":"{\"lr\": 0.23317434025527142, \"ratio\": 93.43757970574428}"}}
{"op_code":5,"worker_id":"f1d1c145-dc86-462e-b30f-a74dbe468771-23456247935296","trial_id":49,"param_name":"lr","param_value_internal":0.23317434025527142,"distribution":"{\"name\": \"FloatDistribution\", \"attributes\": {\"step\": null, \"low\": 1e-08, \"high\": 0.5, \"log\": true}}"}
{"op_code":5,"worker_id":"f1d1c145-dc86-462e-b30f-a74dbe468771-23456247935296","trial_id":49,"param_name":"ratio","param_value_internal":93.43757970574428,"distribution":"{\"name\": \"FloatDistribution\", \"attributes\": {\"step\": null, \"low\": 0.1, \"high\": 100.0, \"log\": true}}"}
{"op_code":6,"worker_id":"f1d1c145-dc86-462e-b30f-a74dbe468771-23456247935296","trial_id":49,"state":3,"values":null,"datetime_complete":"2026-07-24T13:30:55.154325"}
{"op_code":0,"worker_id":"4e0b34ee-a4b6-437c-bec4-084fe00306b4-23456247935296","study_name":"peter_kdd_k3","directions":[2]}
{"op_code":4,"worker_id":"4e0b34ee-a4b6-437c-bec4-084fe00306b4-23456247935296","study_id":0,"datetime_start":"2026-07-24T13:33:54.583875"}
{"op_code":9,"worker_id":"4e0b34ee-a4b6-437c-bec4-084fe00306b4-23456247935296","trial_id":50,"system_attr":{"tpe:relative_params:0":"{\"lr\": 0.07261444993982048, \"ratio\": 0.1422035249993616}"}}
{"op_code":5,"worker_id":"4e0b34ee-a4b6-437c-bec4-084fe00306b4-23456247935296","trial_id":50,"param_name":"lr","param_value_internal":0.07261444993982048,"distribution":"{\"name\": \"FloatDistribution\", \"attributes\": {\"step\": null, \"low\": 1e-08, \"high\": 0.5, \"log\": true}}"}
{"op_code":5,"worker_id":"4e0b34ee-a4b6-437c-bec4-084fe00306b4-23456247935296","trial_id":50,"param_name":"ratio","param_value_internal":0.1422035249993616,"distribution":"{\"name\": \"FloatDistribution\", \"attributes\": {\"step\": null, \"low\": 0.1, \"high\": 100.0, \"log\": true}}"}
{"op_code":6,"worker_id":"4e0b34ee-a4b6-437c-bec4-084fe00306b4-23456247935296","trial_id":50,"state":3,"values":null,"datetime_complete":"2026-07-24T13:35:12.091000"}
{"op_code":0,"worker_id":"754230d8-1e1b-4869-87da-b44ace41f4b7-23456247935296","study_name":"peter_kdd_k3","directions":[2]}
{"op_code":4,"worker_id":"754230d8-1e1b-4869-87da-b44ace41f4b7-23456247935296","study_id":0,"datetime_start":"2026-07-24T13:36:49.084652"}
{"op_code":9,"worker_id":"754230d8-1e1b-4869-87da-b44ace41f4b7-23456247935296","trial_id":51,"system_attr":{"tpe:relative_params:0":"{\"lr\": 0.42575973907214243, \"ratio\": 3.143514283468469}"}}
{"op_code":5,"worker_id":"754230d8-1e1b-4869-87da-b44ace41f4b7-23456247935296","trial_id":51,"param_name":"lr","param_value_internal":0.42575973907214243,"distribution":"{\"name\": \"FloatDistribution\", \"attributes\": {\"step\": null, \"low\": 1e-08, \"high\": 0.5, \"log\": true}}"}
{"op_code":5,"worker_id":"754230d8-1e1b-4869-87da-b44ace41f4b7-23456247935296","trial_id":51,"param_name":"ratio","param_value_internal":3.143514283468469,"distribution":"{\"name\": \"FloatDistribution\", \"attributes\": {\"step\": null, \"low\": 0.1, \"high\": 100.0, \"log\": true}}"}
{"op_code":6,"worker_id":"754230d8-1e1b-4869-87da-b44ace41f4b7-23456247935296","trial_id":51,"state":3,"values":null,"datetime_complete":"2026-07-24T13:37:18.749441"}
{"op_code":0,"worker_id":"650c14cb-cc4e-4730-ba46-38516d981721-23456247935296","study_name":"peter_kdd_k3","directions":[2]}
{"op_code":0,"worker_id":"7ce37cca-3b82-44ba-b5db-4343fe7a6af1-23456247935296","study_name":"peter_kdd_k3","directions":[2]}
