{"op_code":0,"worker_id":"c29321eb-89e8-4255-9249-c52ca041e664-20268","study_name":"peter_c20ng_k3","directions":[2]}
{"op_code":0,"worker_id":"ca7a8db3-28ee-4e0d-aa51-b3790fb5dbde-31232","study_name":"peter_c20ng_k3","directions":[2]}
{"op_code":4,"worker_id":"ca7a8db3-28ee-4e0d-aa51-b3790fb5dbde-31232","study_id":0,"datetime_start":"2026-07-24T09:11:52.951627"}
{"op_code":5,"worker_id":"ca7a8db3-28ee-4e0d-aa51-b3790fb5dbde-31232","trial_id":0,"param_name":"lr","param_value_internal":1.1959496637951162e-05,"distribution":"{\"name\": \"FloatDistribution\", \"attributes\": {\"step\": null, \"low\": 1e-08, \"high\": 0.5, \"log\": true}}"}
{"op_code":5,"worker_id":"ca7a8db3-28ee-4e0d-aa51-b3790fb5dbde-31232","trial_id":0,"param_name":"ratio","param_value_internal":5.876209893236261,"distribution":"{\"name\": \"FloatDistribution\", \"attributes\": {\"step\": null, \"low\": 0.1, \"high\": 100.0, \"log\": true}}"}
{"op_code":0,"worker_id":"0e2010c2-c70a-405b-b7a3-70b7bb8754df-26788","study_name":"peter_c20ng_k3","directions":[2]}
{"op_code":4,"worker_id":"0e2010c2-c70a-405b-b7a3-70b7bb8754df-26788","study_id":0,"datetime_start":"2026-07-24T09:13:01.426463"}
{"op_code":5,"worker_id":"0e2010c2-c70a-405b-b7a3-70b7bb8754df-26788","trial_id":1,"param_name":"lr","param_value_internal":1.1093443543910913e-06,"distribution":"{\"name\": \"FloatDistribution\", \"attributes\": {\"step\": null, \"low\": 1e-08, \"high\": 0.5, \"log\": true}}"}
{"op_code":5,"worker_id":"0e2010c2-c70a-405b-b7a3-70b7bb8754df-26788","trial_id":1,"param_name":"ratio","param_value_internal":0.19996423627227722,"distribution":"{\"name\": \"FloatDistribution\", \"attributes\": {\"step\": null, \"low\": 0.1, \"high\": 100.0, \"log\": true}}"}
{"op_code":0,"worker_id":"bf9758e8-9ebb-4e19-8257-2e46998c97f4-33256","study_name":"peter_c20ng_k3","directions":[2]}
{"op_code":4,"worker_id":"bf9758e8-9ebb-4e19-8257-2e46998c97f4-33256","study_id":0,"datetime_start":"2026-07-24T09:13:02.111531"}
{"op_code":5,"worker_id":"bf9758e8-9ebb-4e19-8257-2e46998c97f4-33256","trial_id":2,"param_name":"lr","param_value_internal":1.113767647259534e-06,"distribution":"{\"name\": \"FloatDistribution\", \"attributes\": {\"step\": null, \"low\": 1e-08, \"high\": 0.5, \"log\": true}}"}
{"op_code":5,"worker_id":"bf9758e8-9ebb-4e19-8257-2e46998c97f4-33256","trial_id":2,"param_name":"ratio","param_value_internal":2.201425445375422,"distribution":"{\"name\": \"FloatDistribution\", \"attributes\": {\"step\": null, \"low\": 0.1, \"high\": 100.0, \"log\": true}}"}
{"op_code":0,"worker_id":"6054f6ed-3824-4e0c-b3d1-f5c8ee679908-23456247935296","study_name":"peter_c20ng_k3","directions":[2]}
{"op_code":0,"worker_id":"78f3d053-363d-4b96-9cf1-a37299140797-23456247935296","study_name":"peter_c20ng_k3","directions":[2]}
{"op_code":4,"worker_id":"78f3d053-363d-4b96-9cf1-a37299140797-23456247935296","study_id":0,"datetime_start":"2026-07-24T10:21:56.644009"}
{"op_code":5,"worker_id":"78f3d053-363d-4b96-9cf1-a37299140797-23456247935296","trial_id":3,"param_name":"lr","param_value_internal":0.00010068345540431755,"distribution":"{\"name\": \"FloatDistribution\", \"attributes\": {\"step\": null, \"low\": 1e-08, \"high\": 0.5, \"log\": true}}"}
{"op_code":5,"worker_id":"78f3d053-363d-4b96-9cf1-a37299140797-23456247935296","trial_id":3,"param_name":"ratio","param_value_internal":2.4379625267730596,"distribution":"{\"name\": \"FloatDistribution\", \"attributes\": {\"step\": null, \"low\": 0.1, \"high\": 100.0, \"log\": true}}"}
{"op_code":0,"worker_id":"a4adba3e-ebb2-4e72-b660-efdc1e88335f-23456247935296","study_name":"peter_c20ng_k3","directions":[2]}
{"op_code":4,"worker_id":"a4adba3e-ebb2-4e72-b660-efdc1e88335f-23456247935296","study_id":0,"datetime_start":"2026-07-24T10:22:33.897685"}
{"op_code":5,"worker_id":"a4adba3e-ebb2-4e72-b660-efdc1e88335f-23456247935296","trial_id":4,"param_name":"lr","param_value_internal":3.099936039243554e-08,"distribution":"{\"name\": \"FloatDistribution\", \"attributes\": {\"step\": null, \"low\": 1e-08, \"high\": 0.5, \"log\": true}}"}
{"op_code":5,"worker_id":"a4adba3e-ebb2-4e72-b660-efdc1e88335f-23456247935296","trial_id":4,"param_name":"ratio","param_value_internal":0.44941263776033163,"distribution":"{\"name\": \"FloatDistribution\", \"attributes\": {\"step\": null, \"low\": 0.1, \"high\": 100.0, \"log\": true}}"}
{"op_code":0,"worker_id":"120c1768-2623-4cc4-84f6-c42c54b1358c-23456247935296","study_name":"peter_c20ng_k3","directions":[2]}
{"op_code":4,"worker_id":"120c1768-2623-4cc4-84f6-c42c54b1358c-23456247935296","study_id":0,"datetime_start":"2026-07-24T10:25:44.954084"}
{"op_code":5,"worker_id":"120c1768-2623-4cc4-84f6-c42c54b1358c-23456247935296","trial_id":5,"param_name":"lr","param_value_internal":0.04752423091073301,"distribution":"{\"name\": \"FloatDistribution\", \"attributes\": {\"step\": null, \"low\": 1e-08, \"high\": 0.5, \"log\": true}}"}
{"op_code":5,"worker_id":"120c1768-2623-4cc4-84f6-c42c54b1358c-23456247935296","trial_id":5,"param_name":"ratio","param_value_internal":2.2954440964181737,"distribution":"{\"name\": \"FloatDistribution\", \"attributes\": {\"step\": null, \"low\": 0.1, \"high\": 100.0, \"log\": true}}"}
{"op_code":6,"worker_id":"120c1768-2623-4cc4-84f6-c42c54b1358c-23456247935296","trial_id":5,"state":3,"values":null,"datetime_complete":"2026-07-24T10:27:26.695934"}
{"op_code":0,"worker_id":"4c16cda0-818a-4ec5-9f88-21f59e17506f-23456247935296","study_name":"peter_c20ng_k3","directions":[2]}
{"op_code":4,"worker_id":"4c16cda0-818a-4ec5-9f88-21f59e17506f-23456247935296","study_id":0,"datetime_start":"2026-07-24T10:29:09.268983"}
{"op_code":5,"worker_id":"4c16cda0-818a-4ec5-9f88-21f59e17506f-23456247935296","trial_id":6,"param_name":"lr","param_value_internal":0.021768117646110887,"distribution":"{\"name\": \"FloatDistribution\", \"attributes\": {\"step\": null, \"low\": 1e-08, \"high\": 0.5, \"log\": true}}"}
{"op_code":5,"worker_id":"4c16cda0-818a-4ec5-9f88-21f59e17506f-23456247935296","trial_id":6,"param_name":"ratio","param_value_internal":5.242730299586917,"distribution":"{\"name\": \"FloatDistribution\", \"attributes\": {\"step\": null, \"low\": 0.1, \"high\": 100.0, \"log\": true}}"}
{"op_code":0,"worker_id":"3461afae-34d0-4347-b0b4-00fc2add9d95-23456247935296","study_name":"peter_c20ng_k3","directions":[2]}
{"op_code":4,"worker_id":"3461afae-34d0-4347-b0b4-00fc2add9d95-23456247935296","study_id":0,"datetime_start":"2026-07-24T10:32:55.828258"}
{"op_code":5,"worker_id":"3461afae-34d0-4347-b0b4-00fc2add9d95-23456247935296","trial_id":7,"param_name":"lr","param_value_internal":0.0012552310161286215,"distribution":"{\"name\": \"FloatDistribution\", \"attributes\": {\"step\": null, \"low\": 1e-08, \"high\": 0.5, \"log\": true}}"}
{"op_code":5,"worker_id":"3461afae-34d0-4347-b0b4-00fc2add9d95-23456247935296","trial_id":7,"param_name":"ratio","param_value_internal":10.51524965178344,"distribution":"{\"name\": \"FloatDistribution\", \"attributes\": {\"step\": null, \"low\": 0.1, \"high\": 100.0, \"log\": true}}"}
{"op_code":6,"worker_id":"78f3d053-363d-4b96-9cf1-a37299140797-23456247935296","trial_id":3,"state":1,"values":[-171.13177941831876],"datetime_complete":"2026-07-24T10:35:22.534010"}
{"op_code":6,"worker_id":"a4adba3e-ebb2-4e72-b660-efdc1e88335f-23456247935296","trial_id":4,"state":1,"values":[-172.33659835171716],"datetime_complete":"2026-07-24T10:35:44.610408"}
{"op_code":0,"worker_id":"c6b63b7c-c788-4c97-be9d-43919dbfda06-23456247935296","study_name":"peter_c20ng_k3","directions":[2]}
{"op_code":4,"worker_id":"c6b63b7c-c788-4c97-be9d-43919dbfda06-23456247935296","study_id":0,"datetime_start":"2026-07-24T10:36:03.376421"}
{"op_code":5,"worker_id":"c6b63b7c-c788-4c97-be9d-43919dbfda06-23456247935296","trial_id":8,"param_name":"lr","param_value_internal":1.5223020202023477e-07,"distribution":"{\"name\": \"FloatDistribution\", \"attributes\": {\"step\": null, \"low\": 1e-08, \"high\": 0.5, \"log\": true}}"}
{"op_code":5,"worker_id":"c6b63b7c-c788-4c97-be9d-43919dbfda06-23456247935296","trial_id":8,"param_name":"ratio","param_value_internal":26.41591857867834,"distribution":"{\"name\": \"FloatDistribution\", \"attributes\": {\"step\": null, \"low\": 0.1, \"high\": 100.0, \"log\": true}}"}
{"op_code":0,"worker_id":"9f2587fd-4d40-4ed9-a89c-dc516d70e949-23456247935296","study_name":"peter_c20ng_k3","directions":[2]}
{"op_code":4,"worker_id":"9f2587fd-4d40-4ed9-a89c-dc516d70e949-23456247935296","study_id":0,"datetime_start":"2026-07-24T10:39:42.678613"}
{"op_code":5,"worker_id":"9f2587fd-4d40-4ed9-a89c-dc516d70e949-23456247935296","trial_id":9,"param_name":"lr","param_value_internal":5.443005810992408e-06,"distribution":"{\"name\": \"FloatDistribution\", \"attributes\": {\"step\": null, \"low\": 1e-08, \"high\": 0.5, \"log\": true}}"}
{"op_code":5,"worker_id":"9f2587fd-4d40-4ed9-a89c-dc516d70e949-23456247935296","trial_id":9,"param_name":"ratio","param_value_internal":10.52295994822793,"distribution":"{\"name\": \"FloatDistribution\", \"attributes\": {\"step\": null, \"low\": 0.1, \"high\": 100.0, \"log\": true}}"}
{"op_code":6,"worker_id":"4c16cda0-818a-4ec5-9f88-21f59e17506f-23456247935296","trial_id":6,"state":1,"values":[-172.22415633198457],"datetime_complete":"2026-07-24T10:43:01.531160"}
{"op_code":0,"worker_id":"c0bc2a18-f5e8-412e-8435-0042f331a686-23456247935296","study_name":"peter_c20ng_k3","directions":[2]}
{"op_code":4,"worker_id":"c0bc2a18-f5e8-412e-8435-0042f331a686-23456247935296","study_id":0,"datetime_start":"2026-07-24T10:43:52.656901"}
{"op_code":5,"worker_id":"c0bc2a18-f5e8-412e-8435-0042f331a686-23456247935296","trial_id":10,"param_name":"lr","param_value_internal":9.621805377999597e-05,"distribution":"{\"name\": \"FloatDistribution\", \"attributes\": {\"step\": null, \"low\": 1e-08, \"high\": 0.5, \"log\": true}}"}
{"op_code":5,"worker_id":"c0bc2a18-f5e8-412e-8435-0042f331a686-23456247935296","trial_id":10,"param_name":"ratio","param_value_internal":16.339272528350854,"distribution":"{\"name\": \"FloatDistribution\", \"attributes\": {\"step\": null, \"low\": 0.1, \"high\": 100.0, \"log\": true}}"}
{"op_code":6,"worker_id":"3461afae-34d0-4347-b0b4-00fc2add9d95-23456247935296","trial_id":7,"state":1,"values":[-169.6252895815712],"datetime_complete":"2026-07-24T10:46:31.424477"}
{"op_code":0,"worker_id":"099d6c07-f6f5-4d40-8f56-38412469dfd3-23456247935296","study_name":"peter_c20ng_k3","directions":[2]}
{"op_code":4,"worker_id":"099d6c07-f6f5-4d40-8f56-38412469dfd3-23456247935296","study_id":0,"datetime_start":"2026-07-24T10:48:32.219089"}
{"op_code":5,"worker_id":"099d6c07-f6f5-4d40-8f56-38412469dfd3-23456247935296","trial_id":11,"param_name":"lr","param_value_internal":0.25947208342590833,"distribution":"{\"name\": \"FloatDistribution\", \"attributes\": {\"step\": null, \"low\": 1e-08, \"high\": 0.5, \"log\": true}}"}
{"op_code":5,"worker_id":"099d6c07-f6f5-4d40-8f56-38412469dfd3-23456247935296","trial_id":11,"param_name":"ratio","param_value_internal":1.6574664584459118,"distribution":"{\"name\": \"FloatDistribution\", \"attributes\": {\"step\": null, \"low\": 0.1, \"high\": 100.0, \"log\": true}}"}
{"op_code":6,"worker_id":"c6b63b7c-c788-4c97-be9d-43919dbfda06-23456247935296","trial_id":8,"state":1,"values":[-172.33155370976303],"datetime_complete":"2026-07-24T10:49:28.826821"}
{"op_code":6,"worker_id":"099d6c07-f6f5-4d40-8f56-38412469dfd3-23456247935296","trial_id":11,"state":3,"values":null,"datetime_complete":"2026-07-24T10:49:32.687983"}
{"op_code":6,"worker_id":"9f2587fd-4d40-4ed9-a89c-dc516d70e949-23456247935296","trial_id":9,"state":1,"values":[-172.09904444984],"datetime_complete":"2026-07-24T10:51:53.398193"}
{"op_code":0,"worker_id":"958dc4f7-b388-4aa8-ad90-592a6471d211-23456247935296","study_name":"peter_c20ng_k3","directions":[2]}
{"op_code":4,"worker_id":"958dc4f7-b388-4aa8-ad90-592a6471d211-23456247935296","study_id":0,"datetime_start":"2026-07-24T10:52:49.519472"}
{"op_code":5,"worker_id":"958dc4f7-b388-4aa8-ad90-592a6471d211-23456247935296","trial_id":12,"param_name":"lr","param_value_internal":0.02231327113549266,"distribution":"{\"name\": \"FloatDistribution\", \"attributes\": {\"step\": null, \"low\": 1e-08, \"high\": 0.5, \"log\": true}}"}
{"op_code":5,"worker_id":"958dc4f7-b388-4aa8-ad90-592a6471d211-23456247935296","trial_id":12,"param_name":"ratio","param_value_internal":0.18233755690707856,"distribution":"{\"name\": \"FloatDistribution\", \"attributes\": {\"step\": null, \"low\": 0.1, \"high\": 100.0, \"log\": true}}"}
{"op_code":0,"worker_id":"55ed8b29-5aab-4d12-b9ad-d2c391c37964-23456247935296","study_name":"peter_c20ng_k3","directions":[2]}
{"op_code":4,"worker_id":"55ed8b29-5aab-4d12-b9ad-d2c391c37964-23456247935296","study_id":0,"datetime_start":"2026-07-24T10:56:37.267564"}
{"op_code":5,"worker_id":"55ed8b29-5aab-4d12-b9ad-d2c391c37964-23456247935296","trial_id":13,"param_name":"lr","param_value_internal":1.2470179467364544e-05,"distribution":"{\"name\": \"FloatDistribution\", \"attributes\": {\"step\": null, \"low\": 1e-08, \"high\": 0.5, \"log\": true}}"}
{"op_code":5,"worker_id":"55ed8b29-5aab-4d12-b9ad-d2c391c37964-23456247935296","trial_id":13,"param_name":"ratio","param_value_internal":47.34665697878554,"distribution":"{\"name\": \"FloatDistribution\", \"attributes\": {\"step\": null, \"low\": 0.1, \"high\": 100.0, \"log\": true}}"}
{"op_code":6,"worker_id":"c0bc2a18-f5e8-412e-8435-0042f331a686-23456247935296","trial_id":10,"state":1,"values":[-169.90870520368676],"datetime_complete":"2026-07-24T10:57:51.853954"}
{"op_code":0,"worker_id":"b15a3285-be80-4646-aad4-8d5592680895-23456247935296","study_name":"peter_c20ng_k3","directions":[2]}
{"op_code":4,"worker_id":"b15a3285-be80-4646-aad4-8d5592680895-23456247935296","study_id":0,"datetime_start":"2026-07-24T11:01:55.067438"}
{"op_code":5,"worker_id":"b15a3285-be80-4646-aad4-8d5592680895-23456247935296","trial_id":14,"param_name":"lr","param_value_internal":0.4200208999936075,"distribution":"{\"name\": \"FloatDistribution\", \"attributes\": {\"step\": null, \"low\": 1e-08, \"high\": 0.5, \"log\": true}}"}
{"op_code":5,"worker_id":"b15a3285-be80-4646-aad4-8d5592680895-23456247935296","trial_id":14,"param_name":"ratio","param_value_internal":1.1703172918552476,"distribution":"{\"name\": \"FloatDistribution\", \"attributes\": {\"step\": null, \"low\": 0.1, \"high\": 100.0, \"log\": true}}"}
{"op_code":6,"worker_id":"b15a3285-be80-4646-aad4-8d5592680895-23456247935296","trial_id":14,"state":3,"values":null,"datetime_complete":"2026-07-24T11:02:43.694711"}
{"op_code":6,"worker_id":"958dc4f7-b388-4aa8-ad90-592a6471d211-23456247935296","trial_id":12,"state":1,"values":[-173.5031035640088],"datetime_complete":"2026-07-24T11:06:07.896037"}
{"op_code":0,"worker_id":"73b3061c-0438-441e-8916-138ef83bfb7f-23456247935296","study_name":"peter_c20ng_k3","directions":[2]}
{"op_code":4,"worker_id":"73b3061c-0438-441e-8916-138ef83bfb7f-23456247935296","study_id":0,"datetime_start":"2026-07-24T11:06:52.913347"}
{"op_code":5,"worker_id":"73b3061c-0438-441e-8916-138ef83bfb7f-23456247935296","trial_id":15,"param_name":"lr","param_value_internal":0.002407725053359614,"distribution":"{\"name\": \"FloatDistribution\", \"attributes\": {\"step\": null, \"low\": 1e-08, \"high\": 0.5, \"log\": true}}"}
{"op_code":5,"worker_id":"73b3061c-0438-441e-8916-138ef83bfb7f-23456247935296","trial_id":15,"param_name":"ratio","param_value_internal":0.22936998055659813,"distribution":"{\"name\": \"FloatDistribution\", \"attributes\": {\"step\": null, \"low\": 0.1, \"high\": 100.0, \"log\": true}}"}
{"op_code":6,"worker_id":"55ed8b29-5aab-4d12-b9ad-d2c391c37964-23456247935296","trial_id":13,"state":1,"values":[-171.15188281255158],"datetime_complete":"2026-07-24T11:09:55.871348"}
{"op_code":0,"worker_id":"d2404e0c-97d6-4408-b060-be4ab188e98d-23456247935296","study_name":"peter_c20ng_k3","directions":[2]}
{"op_code":4,"worker_id":"d2404e0c-97d6-4408-b060-be4ab188e98d-23456247935296","study_id":0,"datetime_start":"2026-07-24T11:11:35.636865"}
{"op_code":5,"worker_id":"d2404e0c-97d6-4408-b060-be4ab188e98d-23456247935296","trial_id":16,"param_name":"lr","param_value_internal":0.27124865954924593,"distribution":"{\"name\": \"FloatDistribution\", \"attributes\": {\"step\": null, \"low\": 1e-08, \"high\": 0.5, \"log\": true}}"}
{"op_code":5,"worker_id":"d2404e0c-97d6-4408-b060-be4ab188e98d-23456247935296","trial_id":16,"param_name":"ratio","param_value_internal":0.2934921267706427,"distribution":"{\"name\": \"FloatDistribution\", \"attributes\": {\"step\": null, \"low\": 0.1, \"high\": 100.0, \"log\": true}}"}
{"op_code":6,"worker_id":"d2404e0c-97d6-4408-b060-be4ab188e98d-23456247935296","trial_id":16,"state":3,"values":null,"datetime_complete":"2026-07-24T11:12:46.419474"}
{"op_code":0,"worker_id":"9e690592-b574-4358-91ac-181e0b47353b-23456247935296","study_name":"peter_c20ng_k3","directions":[2]}
{"op_code":4,"worker_id":"9e690592-b574-4358-91ac-181e0b47353b-23456247935296","study_id":0,"datetime_start":"2026-07-24T11:15:43.765105"}
{"op_code":5,"worker_id":"9e690592-b574-4358-91ac-181e0b47353b-23456247935296","trial_id":17,"param_name":"lr","param_value_internal":0.24436201501784413,"distribution":"{\"name\": \"FloatDistribution\", \"attributes\": {\"step\": null, \"low\": 1e-08, \"high\": 0.5, \"log\": true}}"}
{"op_code":5,"worker_id":"9e690592-b574-4358-91ac-181e0b47353b-23456247935296","trial_id":17,"param_name":"ratio","param_value_internal":19.709952979736723,"distribution":"{\"name\": \"FloatDistribution\", \"attributes\": {\"step\": null, \"low\": 0.1, \"high\": 100.0, \"log\": true}}"}
{"op_code":6,"worker_id":"9e690592-b574-4358-91ac-181e0b47353b-23456247935296","trial_id":17,"state":3,"values":null,"datetime_complete":"2026-07-24T11:16:38.166040"}
{"op_code":0,"worker_id":"323a614a-7bc5-42b6-86ca-9ad14c5580a4-23456247935296","study_name":"peter_c20ng_k3","directions":[2]}
{"op_code":4,"worker_id":"323a614a-7bc5-42b6-86ca-9ad14c5580a4-23456247935296","study_id":0,"datetime_start":"2026-07-24T11:19:54.626653"}
{"op_code":5,"worker_id":"323a614a-7bc5-42b6-86ca-9ad14c5580a4-23456247935296","trial_id":18,"param_name":"lr","param_value_internal":0.19810980650524332,"distribution":"{\"name\": \"FloatDistribution\", \"attributes\": {\"step\": null, \"low\": 1e-08, \"high\": 0.5, \"log\": true}}"}
{"op_code":5,"worker_id":"323a614a-7bc5-42b6-86ca-9ad14c5580a4-23456247935296","trial_id":18,"param_name":"ratio","param_value_internal":0.16300450794727148,"distribution":"{\"name\": \"FloatDistribution\", \"attributes\": {\"step\": null, \"low\": 0.1, \"high\": 100.0, \"log\": true}}"}
{"op_code":6,"worker_id":"323a614a-7bc5-42b6-86ca-9ad14c5580a4-23456247935296","trial_id":18,"state":3,"values":null,"datetime_complete":"2026-07-24T11:21:21.103510"}
{"op_code":6,"worker_id":"73b3061c-0438-441e-8916-138ef83bfb7f-23456247935296","trial_id":15,"state":1,"values":[-168.98718988867512],"datetime_complete":"2026-07-24T11:22:46.632071"}
{"op_code":0,"worker_id":"70bdba00-e8a1-4cdd-96ab-b334f9dd5b93-23456247935296","study_name":"peter_c20ng_k3","directions":[2]}
{"op_code":4,"worker_id":"70bdba00-e8a1-4cdd-96ab-b334f9dd5b93-23456247935296","study_id":0,"datetime_start":"2026-07-24T11:24:10.350414"}
{"op_code":9,"worker_id":"70bdba00-e8a1-4cdd-96ab-b334f9dd5b93-23456247935296","trial_id":19,"system_attr":{"tpe:relative_params:0":"{\"lr\": 0.48213558489689284, \"ratio\": 1.6500517643461496}"}}
{"op_code":5,"worker_id":"70bdba00-e8a1-4cdd-96ab-b334f9dd5b93-23456247935296","trial_id":19,"param_name":"lr","param_value_internal":0.48213558489689284,"distribution":"{\"name\": \"FloatDistribution\", \"attributes\": {\"step\": null, \"low\": 1e-08, \"high\": 0.5, \"log\": true}}"}
{"op_code":5,"worker_id":"70bdba00-e8a1-4cdd-96ab-b334f9dd5b93-23456247935296","trial_id":19,"param_name":"ratio","param_value_internal":1.6500517643461496,"distribution":"{\"name\": \"FloatDistribution\", \"attributes\": {\"step\": null, \"low\": 0.1, \"high\": 100.0, \"log\": true}}"}
{"op_code":6,"worker_id":"70bdba00-e8a1-4cdd-96ab-b334f9dd5b93-23456247935296","trial_id":19,"state":3,"values":null,"datetime_complete":"2026-07-24T11:25:08.454803"}
{"op_code":0,"worker_id":"2ffea341-3bd0-47a9-8fcd-16096adda339-23456247935296","study_name":"peter_c20ng_k3","directions":[2]}
{"op_code":4,"worker_id":"2ffea341-3bd0-47a9-8fcd-16096adda339-23456247935296","study_id":0,"datetime_start":"2026-07-24T11:27:34.376172"}
{"op_code":9,"worker_id":"2ffea341-3bd0-47a9-8fcd-16096adda339-23456247935296","trial_id":20,"system_attr":{"tpe:relative_params:0":"{\"lr\": 0.38385373241593723, \"ratio\": 67.60372646715362}"}}
{"op_code":5,"worker_id":"2ffea341-3bd0-47a9-8fcd-16096adda339-23456247935296","trial_id":20,"param_name":"lr","param_value_internal":0.38385373241593723,"distribution":"{\"name\": \"FloatDistribution\", \"attributes\": {\"step\": null, \"low\": 1e-08, \"high\": 0.5, \"log\": true}}"}
{"op_code":5,"worker_id":"2ffea341-3bd0-47a9-8fcd-16096adda339-23456247935296","trial_id":20,"param_name":"ratio","param_value_internal":67.60372646715362,"distribution":"{\"name\": \"FloatDistribution\", \"attributes\": {\"step\": null, \"low\": 0.1, \"high\": 100.0, \"log\": true}}"}
{"op_code":6,"worker_id":"2ffea341-3bd0-47a9-8fcd-16096adda339-23456247935296","trial_id":20,"state":3,"values":null,"datetime_complete":"2026-07-24T11:28:26.041709"}
{"op_code":0,"worker_id":"594dcdfd-2801-43ae-b446-3144174ee722-23456247935296","study_name":"peter_c20ng_k3","directions":[2]}
{"op_code":4,"worker_id":"594dcdfd-2801-43ae-b446-3144174ee722-23456247935296","study_id":0,"datetime_start":"2026-07-24T11:32:29.758073"}
{"op_code":9,"worker_id":"594dcdfd-2801-43ae-b446-3144174ee722-23456247935296","trial_id":21,"system_attr":{"tpe:relative_params:0":"{\"lr\": 0.0008706446134030268, \"ratio\": 0.3665957596610512}"}}
{"op_code":5,"worker_id":"594dcdfd-2801-43ae-b446-3144174ee722-23456247935296","trial_id":21,"param_name":"lr","param_value_internal":0.0008706446134030268,"distribution":"{\"name\": \"FloatDistribution\", \"attributes\": {\"step\": null, \"low\": 1e-08, \"high\": 0.5, \"log\": true}}"}
{"op_code":5,"worker_id":"594dcdfd-2801-43ae-b446-3144174ee722-23456247935296","trial_id":21,"param_name":"ratio","param_value_internal":0.3665957596610512,"distribution":"{\"name\": \"FloatDistribution\", \"attributes\": {\"step\": null, \"low\": 0.1, \"high\": 100.0, \"log\": true}}"}
{"op_code":0,"worker_id":"f16fe3f9-00c3-41b2-8a3b-e90199828ead-23456247935296","study_name":"peter_c20ng_k3","directions":[2]}
{"op_code":4,"worker_id":"f16fe3f9-00c3-41b2-8a3b-e90199828ead-23456247935296","study_id":0,"datetime_start":"2026-07-24T11:37:25.893429"}
{"op_code":9,"worker_id":"f16fe3f9-00c3-41b2-8a3b-e90199828ead-23456247935296","trial_id":22,"system_attr":{"tpe:relative_params:0":"{\"lr\": 0.426579707516069, \"ratio\": 0.6145291576053428}"}}
{"op_code":5,"worker_id":"f16fe3f9-00c3-41b2-8a3b-e90199828ead-23456247935296","trial_id":22,"param_name":"lr","param_value_internal":0.426579707516069,"distribution":"{\"name\": \"FloatDistribution\", \"attributes\": {\"step\": null, \"low\": 1e-08, \"high\": 0.5, \"log\": true}}"}
{"op_code":5,"worker_id":"f16fe3f9-00c3-41b2-8a3b-e90199828ead-23456247935296","trial_id":22,"param_name":"ratio","param_value_internal":0.6145291576053428,"distribution":"{\"name\": \"FloatDistribution\", \"attributes\": {\"step\": null, \"low\": 0.1, \"high\": 100.0, \"log\": true}}"}
{"op_code":6,"worker_id":"f16fe3f9-00c3-41b2-8a3b-e90199828ead-23456247935296","trial_id":22,"state":3,"values":null,"datetime_complete":"2026-07-24T11:38:17.252784"}
{"op_code":0,"worker_id":"1c428949-50ef-44cd-96eb-bd1213cb9d56-23456247935296","study_name":"peter_c20ng_k3","directions":[2]}
{"op_code":4,"worker_id":"1c428949-50ef-44cd-96eb-bd1213cb9d56-23456247935296","study_id":0,"datetime_start":"2026-07-24T11:41:15.187982"}
{"op_code":9,"worker_id":"1c428949-50ef-44cd-96eb-bd1213cb9d56-23456247935296","trial_id":23,"system_attr":{"tpe:relative_params:0":"{\"lr\": 0.43754325208597206, \"ratio\": 0.16033043146989676}"}}
{"op_code":5,"worker_id":"1c428949-50ef-44cd-96eb-bd1213cb9d56-23456247935296","trial_id":23,"param_name":"lr","param_value_internal":0.43754325208597206,"distribution":"{\"name\": \"FloatDistribution\", \"attributes\": {\"step\": null, \"low\": 1e-08, \"high\": 0.5, \"log\": true}}"}
{"op_code":5,"worker_id":"1c428949-50ef-44cd-96eb-bd1213cb9d56-23456247935296","trial_id":23,"param_name":"ratio","param_value_internal":0.16033043146989676,"distribution":"{\"name\": \"FloatDistribution\", \"attributes\": {\"step\": null, \"low\": 0.1, \"high\": 100.0, \"log\": true}}"}
{"op_code":6,"worker_id":"1c428949-50ef-44cd-96eb-bd1213cb9d56-23456247935296","trial_id":23,"state":3,"values":null,"datetime_complete":"2026-07-24T11:42:18.772105"}
{"op_code":0,"worker_id":"1daa3574-3081-4162-bd62-c6798ebde93e-23456247935296","study_name":"peter_c20ng_k3","directions":[2]}
{"op_code":4,"worker_id":"1daa3574-3081-4162-bd62-c6798ebde93e-23456247935296","study_id":0,"datetime_start":"2026-07-24T11:44:38.324145"}
{"op_code":9,"worker_id":"1daa3574-3081-4162-bd62-c6798ebde93e-23456247935296","trial_id":24,"system_attr":{"tpe:relative_params:0":"{\"lr\": 0.0003631980520946408, \"ratio\": 0.12821957467817838}"}}
{"op_code":5,"worker_id":"1daa3574-3081-4162-bd62-c6798ebde93e-23456247935296","trial_id":24,"param_name":"lr","param_value_internal":0.0003631980520946408,"distribution":"{\"name\": \"FloatDistribution\", \"attributes\": {\"step\": null, \"low\": 1e-08, \"high\": 0.5, \"log\": true}}"}
{"op_code":5,"worker_id":"1daa3574-3081-4162-bd62-c6798ebde93e-23456247935296","trial_id":24,"param_name":"ratio","param_value_internal":0.12821957467817838,"distribution":"{\"name\": \"FloatDistribution\", \"attributes\": {\"step\": null, \"low\": 0.1, \"high\": 100.0, \"log\": true}}"}
{"op_code":6,"worker_id":"594dcdfd-2801-43ae-b446-3144174ee722-23456247935296","trial_id":21,"state":1,"values":[-169.95059265779156],"datetime_complete":"2026-07-24T11:45:39.434446"}
{"op_code":0,"worker_id":"02df0a58-d2e6-43c8-8172-fa37eec912fe-23456247935296","study_name":"peter_c20ng_k3","directions":[2]}
{"op_code":4,"worker_id":"02df0a58-d2e6-43c8-8172-fa37eec912fe-23456247935296","study_id":0,"datetime_start":"2026-07-24T11:48:06.517348"}
{"op_code":9,"worker_id":"02df0a58-d2e6-43c8-8172-fa37eec912fe-23456247935296","trial_id":25,"system_attr":{"tpe:relative_params:0":"{\"lr\": 0.014819439072233076, \"ratio\": 1.4635516489678229}"}}
{"op_code":5,"worker_id":"02df0a58-d2e6-43c8-8172-fa37eec912fe-23456247935296","trial_id":25,"param_name":"lr","param_value_internal":0.014819439072233076,"distribution":"{\"name\": \"FloatDistribution\", \"attributes\": {\"step\": null, \"low\": 1e-08, \"high\": 0.5, \"log\": true}}"}
{"op_code":5,"worker_id":"02df0a58-d2e6-43c8-8172-fa37eec912fe-23456247935296","trial_id":25,"param_name":"ratio","param_value_internal":1.4635516489678229,"distribution":"{\"name\": \"FloatDistribution\", \"attributes\": {\"step\": null, \"low\": 0.1, \"high\": 100.0, \"log\": true}}"}
{"op_code":0,"worker_id":"587c9e78-6a9d-4160-acf5-fc5ddea23f45-23456247935296","study_name":"peter_c20ng_k3","directions":[2]}
{"op_code":4,"worker_id":"587c9e78-6a9d-4160-acf5-fc5ddea23f45-23456247935296","study_id":0,"datetime_start":"2026-07-24T11:51:46.892130"}
{"op_code":9,"worker_id":"587c9e78-6a9d-4160-acf5-fc5ddea23f45-23456247935296","trial_id":26,"system_attr":{"tpe:relative_params:0":"{\"lr\": 0.14136548756054756, \"ratio\": 34.53969066876706}"}}
{"op_code":5,"worker_id":"587c9e78-6a9d-4160-acf5-fc5ddea23f45-23456247935296","trial_id":26,"param_name":"lr","param_value_internal":0.14136548756054756,"distribution":"{\"name\": \"FloatDistribution\", \"attributes\": {\"step\": null, \"low\": 1e-08, \"high\": 0.5, \"log\": true}}"}
{"op_code":5,"worker_id":"587c9e78-6a9d-4160-acf5-fc5ddea23f45-23456247935296","trial_id":26,"param_name":"ratio","param_value_internal":34.53969066876706,"distribution":"{\"name\": \"FloatDistribution\", \"attributes\": {\"step\": null, \"low\": 0.1, \"high\": 100.0, \"log\": true}}"}
{"op_code":6,"worker_id":"587c9e78-6a9d-4160-acf5-fc5ddea23f45-23456247935296","trial_id":26,"state":3,"values":null,"datetime_complete":"2026-07-24T11:52:56.539808"}
{"op_code":0,"worker_id":"72feadef-336a-4ac0-bc6c-ad0a436c5a1a-23456247935296","study_name":"peter_c20ng_k3","directions":[2]}
{"op_code":4,"worker_id":"72feadef-336a-4ac0-bc6c-ad0a436c5a1a-23456247935296","study_id":0,"datetime_start":"2026-07-24T11:54:48.658775"}
{"op_code":9,"worker_id":"72feadef-336a-4ac0-bc6c-ad0a436c5a1a-23456247935296","trial_id":27,"system_attr":{"tpe:relative_params:0":"{\"lr\": 0.007196896850863073, \"ratio\": 19.384221159610032}"}}
{"op_code":5,"worker_id":"72feadef-336a-4ac0-bc6c-ad0a436c5a1a-23456247935296","trial_id":27,"param_name":"lr","param_value_internal":0.007196896850863073,"distribution":"{\"name\": \"FloatDistribution\", \"attributes\": {\"step\": null, \"low\": 1e-08, \"high\": 0.5, \"log\": true}}"}
{"op_code":5,"worker_id":"72feadef-336a-4ac0-bc6c-ad0a436c5a1a-23456247935296","trial_id":27,"param_name":"ratio","param_value_internal":19.384221159610032,"distribution":"{\"name\": \"FloatDistribution\", \"attributes\": {\"step\": null, \"low\": 0.1, \"high\": 100.0, \"log\": true}}"}
{"op_code":0,"worker_id":"28354afa-9614-4f4d-a50d-273b21890345-23456247935296","study_name":"peter_c20ng_k3","directions":[2]}
{"op_code":4,"worker_id":"28354afa-9614-4f4d-a50d-273b21890345-23456247935296","study_id":0,"datetime_start":"2026-07-24T11:59:11.282939"}
{"op_code":9,"worker_id":"28354afa-9614-4f4d-a50d-273b21890345-23456247935296","trial_id":28,"system_attr":{"tpe:relative_params:0":"{\"lr\": 0.05147874711087073, \"ratio\": 97.02229001641227}"}}
{"op_code":5,"worker_id":"28354afa-9614-4f4d-a50d-273b21890345-23456247935296","trial_id":28,"param_name":"lr","param_value_internal":0.05147874711087073,"distribution":"{\"name\": \"FloatDistribution\", \"attributes\": {\"step\": null, \"low\": 1e-08, \"high\": 0.5, \"log\": true}}"}
{"op_code":5,"worker_id":"28354afa-9614-4f4d-a50d-273b21890345-23456247935296","trial_id":28,"param_name":"ratio","param_value_internal":97.02229001641227,"distribution":"{\"name\": \"FloatDistribution\", \"attributes\": {\"step\": null, \"low\": 0.1, \"high\": 100.0, \"log\": true}}"}
{"op_code":6,"worker_id":"1daa3574-3081-4162-bd62-c6798ebde93e-23456247935296","trial_id":24,"state":1,"values":[-170.8822681281925],"datetime_complete":"2026-07-24T11:59:33.055002"}
{"op_code":6,"worker_id":"28354afa-9614-4f4d-a50d-273b21890345-23456247935296","trial_id":28,"state":3,"values":null,"datetime_complete":"2026-07-24T12:01:10.652103"}
{"op_code":6,"worker_id":"02df0a58-d2e6-43c8-8172-fa37eec912fe-23456247935296","trial_id":25,"state":1,"values":[-172.8179800594279],"datetime_complete":"2026-07-24T12:01:31.826668"}
{"op_code":0,"worker_id":"1c37affb-6d5f-4d49-80a8-2eb0a756cd09-23456247935296","study_name":"peter_c20ng_k3","directions":[2]}
{"op_code":4,"worker_id":"1c37affb-6d5f-4d49-80a8-2eb0a756cd09-23456247935296","study_id":0,"datetime_start":"2026-07-24T12:02:09.015808"}
{"op_code":9,"worker_id":"1c37affb-6d5f-4d49-80a8-2eb0a756cd09-23456247935296","trial_id":29,"system_attr":{"tpe:relative_params:0":"{\"lr\": 0.0006304112722865853, \"ratio\": 1.183544745071526}"}}
{"op_code":5,"worker_id":"1c37affb-6d5f-4d49-80a8-2eb0a756cd09-23456247935296","trial_id":29,"param_name":"lr","param_value_internal":0.0006304112722865853,"distribution":"{\"name\": \"FloatDistribution\", \"attributes\": {\"step\": null, \"low\": 1e-08, \"high\": 0.5, \"log\": true}}"}
{"op_code":5,"worker_id":"1c37affb-6d5f-4d49-80a8-2eb0a756cd09-23456247935296","trial_id":29,"param_name":"ratio","param_value_internal":1.183544745071526,"distribution":"{\"name\": \"FloatDistribution\", \"attributes\": {\"step\": null, \"low\": 0.1, \"high\": 100.0, \"log\": true}}"}
{"op_code":0,"worker_id":"72e685ca-757c-47a2-8f12-f531c3037722-23456247935296","study_name":"peter_c20ng_k3","directions":[2]}
{"op_code":4,"worker_id":"72e685ca-757c-47a2-8f12-f531c3037722-23456247935296","study_id":0,"datetime_start":"2026-07-24T12:06:34.340875"}
{"op_code":9,"worker_id":"72e685ca-757c-47a2-8f12-f531c3037722-23456247935296","trial_id":30,"system_attr":{"tpe:relative_params:0":"{\"lr\": 0.40772671597624116, \"ratio\": 60.82959784377333}"}}
{"op_code":5,"worker_id":"72e685ca-757c-47a2-8f12-f531c3037722-23456247935296","trial_id":30,"param_name":"lr","param_value_internal":0.40772671597624116,"distribution":"{\"name\": \"FloatDistribution\", \"attributes\": {\"step\": null, \"low\": 1e-08, \"high\": 0.5, \"log\": true}}"}
{"op_code":5,"worker_id":"72e685ca-757c-47a2-8f12-f531c3037722-23456247935296","trial_id":30,"param_name":"ratio","param_value_internal":60.82959784377333,"distribution":"{\"name\": \"FloatDistribution\", \"attributes\": {\"step\": null, \"low\": 0.1, \"high\": 100.0, \"log\": true}}"}
{"op_code":6,"worker_id":"72e685ca-757c-47a2-8f12-f531c3037722-23456247935296","trial_id":30,"state":3,"values":null,"datetime_complete":"2026-07-24T12:07:30.731665"}
{"op_code":6,"worker_id":"72feadef-336a-4ac0-bc6c-ad0a436c5a1a-23456247935296","trial_id":27,"state":1,"values":[-169.9898942116332],"datetime_complete":"2026-07-24T12:09:23.500682"}
{"op_code":0,"worker_id":"7798b643-a525-452b-87e0-ed3fff255253-23456247935296","study_name":"peter_c20ng_k3","directions":[2]}
{"op_code":4,"worker_id":"7798b643-a525-452b-87e0-ed3fff255253-23456247935296","study_id":0,"datetime_start":"2026-07-24T12:10:20.563108"}
{"op_code":9,"worker_id":"7798b643-a525-452b-87e0-ed3fff255253-23456247935296","trial_id":31,"system_attr":{"tpe:relative_params:0":"{\"lr\": 0.34035934302605597, \"ratio\": 1.7872483061601276}"}}
{"op_code":5,"worker_id":"7798b643-a525-452b-87e0-ed3fff255253-23456247935296","trial_id":31,"param_name":"lr","param_value_internal":0.34035934302605597,"distribution":"{\"name\": \"FloatDistribution\", \"attributes\": {\"step\": null, \"low\": 1e-08, \"high\": 0.5, \"log\": true}}"}
{"op_code":5,"worker_id":"7798b643-a525-452b-87e0-ed3fff255253-23456247935296","trial_id":31,"param_name":"ratio","param_value_internal":1.7872483061601276,"distribution":"{\"name\": \"FloatDistribution\", \"attributes\": {\"step\": null, \"low\": 0.1, \"high\": 100.0, \"log\": true}}"}
{"op_code":6,"worker_id":"7798b643-a525-452b-87e0-ed3fff255253-23456247935296","trial_id":31,"state":3,"values":null,"datetime_complete":"2026-07-24T12:11:29.045310"}
{"op_code":0,"worker_id":"f3c1a2f5-e142-48b8-aa81-d9e4f9439eda-23456247935296","study_name":"peter_c20ng_k3","directions":[2]}
{"op_code":4,"worker_id":"f3c1a2f5-e142-48b8-aa81-d9e4f9439eda-23456247935296","study_id":0,"datetime_start":"2026-07-24T12:13:53.753493"}
{"op_code":9,"worker_id":"f3c1a2f5-e142-48b8-aa81-d9e4f9439eda-23456247935296","trial_id":32,"system_attr":{"tpe:relative_params:0":"{\"lr\": 0.05963410896726432, \"ratio\": 0.5992550571565194}"}}
{"op_code":5,"worker_id":"f3c1a2f5-e142-48b8-aa81-d9e4f9439eda-23456247935296","trial_id":32,"param_name":"lr","param_value_internal":0.05963410896726432,"distribution":"{\"name\": \"FloatDistribution\", \"attributes\": {\"step\": null, \"low\": 1e-08, \"high\": 0.5, \"log\": true}}"}
{"op_code":5,"worker_id":"f3c1a2f5-e142-48b8-aa81-d9e4f9439eda-23456247935296","trial_id":32,"param_name":"ratio","param_value_internal":0.5992550571565194,"distribution":"{\"name\": \"FloatDistribution\", \"attributes\": {\"step\": null, \"low\": 0.1, \"high\": 100.0, \"log\": true}}"}
{"op_code":6,"worker_id":"1c37affb-6d5f-4d49-80a8-2eb0a756cd09-23456247935296","trial_id":29,"state":1,"values":[-170.2594178023408],"datetime_complete":"2026-07-24T12:16:18.145289"}
{"op_code":6,"worker_id":"f3c1a2f5-e142-48b8-aa81-d9e4f9439eda-23456247935296","trial_id":32,"state":3,"values":null,"datetime_complete":"2026-07-24T12:17:07.959057"}
{"op_code":0,"worker_id":"4e090156-87c3-4763-afe6-6a44fa2e1a1a-23456247935296","study_name":"peter_c20ng_k3","directions":[2]}
{"op_code":4,"worker_id":"4e090156-87c3-4763-afe6-6a44fa2e1a1a-23456247935296","study_id":0,"datetime_start":"2026-07-24T12:17:39.016049"}
{"op_code":9,"worker_id":"4e090156-87c3-4763-afe6-6a44fa2e1a1a-23456247935296","trial_id":33,"system_attr":{"tpe:relative_params:0":"{\"lr\": 0.33961958198262293, \"ratio\": 22.22268629944843}"}}
{"op_code":5,"worker_id":"4e090156-87c3-4763-afe6-6a44fa2e1a1a-23456247935296","trial_id":33,"param_name":"lr","param_value_internal":0.33961958198262293,"distribution":"{\"name\": \"FloatDistribution\", \"attributes\": {\"step\": null, \"low\": 1e-08, \"high\": 0.5, \"log\": true}}"}
{"op_code":5,"worker_id":"4e090156-87c3-4763-afe6-6a44fa2e1a1a-23456247935296","trial_id":33,"param_name":"ratio","param_value_internal":22.22268629944843,"distribution":"{\"name\": \"FloatDistribution\", \"attributes\": {\"step\": null, \"low\": 0.1, \"high\": 100.0, \"log\": true}}"}
{"op_code":6,"worker_id":"4e090156-87c3-4763-afe6-6a44fa2e1a1a-23456247935296","trial_id":33,"state":3,"values":null,"datetime_complete":"2026-07-24T12:18:36.886339"}
{"op_code":0,"worker_id":"bcd9cf32-ca9f-46f8-8838-8863a32bed64-23456247935296","study_name":"peter_c20ng_k3","directions":[2]}
{"op_code":4,"worker_id":"bcd9cf32-ca9f-46f8-8838-8863a32bed64-23456247935296","study_id":0,"datetime_start":"2026-07-24T12:21:29.481797"}
{"op_code":9,"worker_id":"bcd9cf32-ca9f-46f8-8838-8863a32bed64-23456247935296","trial_id":34,"system_attr":{"tpe:relative_params:0":"{\"lr\": 0.41500666801006164, \"ratio\": 0.9322726675630693}"}}
{"op_code":5,"worker_id":"bcd9cf32-ca9f-46f8-8838-8863a32bed64-23456247935296","trial_id":34,"param_name":"lr","param_value_internal":0.41500666801006164,"distribution":"{\"name\": \"FloatDistribution\", \"attributes\": {\"step\": null, \"low\": 1e-08, \"high\": 0.5, \"log\": true}}"}
{"op_code":5,"worker_id":"bcd9cf32-ca9f-46f8-8838-8863a32bed64-23456247935296","trial_id":34,"param_name":"ratio","param_value_internal":0.9322726675630693,"distribution":"{\"name\": \"FloatDistribution\", \"attributes\": {\"step\": null, \"low\": 0.1, \"high\": 100.0, \"log\": true}}"}
{"op_code":6,"worker_id":"bcd9cf32-ca9f-46f8-8838-8863a32bed64-23456247935296","trial_id":34,"state":3,"values":null,"datetime_complete":"2026-07-24T12:22:35.600606"}
{"op_code":0,"worker_id":"dab26d64-657f-42e7-a598-d8f66e3c13eb-23456247935296","study_name":"peter_c20ng_k3","directions":[2]}
{"op_code":4,"worker_id":"dab26d64-657f-42e7-a598-d8f66e3c13eb-23456247935296","study_id":0,"datetime_start":"2026-07-24T12:27:08.430469"}
{"op_code":9,"worker_id":"dab26d64-657f-42e7-a598-d8f66e3c13eb-23456247935296","trial_id":35,"system_attr":{"tpe:relative_params:0":"{\"lr\": 0.0002917863444264184, \"ratio\": 96.3088464583737}"}}
{"op_code":5,"worker_id":"dab26d64-657f-42e7-a598-d8f66e3c13eb-23456247935296","trial_id":35,"param_name":"lr","param_value_internal":0.0002917863444264184,"distribution":"{\"name\": \"FloatDistribution\", \"attributes\": {\"step\": null, \"low\": 1e-08, \"high\": 0.5, \"log\": true}}"}
{"op_code":5,"worker_id":"dab26d64-657f-42e7-a598-d8f66e3c13eb-23456247935296","trial_id":35,"param_name":"ratio","param_value_internal":96.3088464583737,"distribution":"{\"name\": \"FloatDistribution\", \"attributes\": {\"step\": null, \"low\": 0.1, \"high\": 100.0, \"log\": true}}"}
{"op_code":0,"worker_id":"1fc94cd2-a9c6-49ee-bd65-997af2d2e0e0-23456247935296","study_name":"peter_c20ng_k3","directions":[2]}
{"op_code":4,"worker_id":"1fc94cd2-a9c6-49ee-bd65-997af2d2e0e0-23456247935296","study_id":0,"datetime_start":"2026-07-24T12:31:54.111493"}
{"op_code":9,"worker_id":"1fc94cd2-a9c6-49ee-bd65-997af2d2e0e0-23456247935296","trial_id":36,"system_attr":{"tpe:relative_params:0":"{\"lr\": 0.17731756427929876, \"ratio\": 0.4123927447768157}"}}
{"op_code":5,"worker_id":"1fc94cd2-a9c6-49ee-bd65-997af2d2e0e0-23456247935296","trial_id":36,"param_name":"lr","param_value_internal":0.17731756427929876,"distribution":"{\"name\": \"FloatDistribution\", \"attributes\": {\"step\": null, \"low\": 1e-08, \"high\": 0.5, \"log\": true}}"}
{"op_code":5,"worker_id":"1fc94cd2-a9c6-49ee-bd65-997af2d2e0e0-23456247935296","trial_id":36,"param_name":"ratio","param_value_internal":0.4123927447768157,"distribution":"{\"name\": \"FloatDistribution\", \"attributes\": {\"step\": null, \"low\": 0.1, \"high\": 100.0, \"log\": true}}"}
{"op_code":6,"worker_id":"1fc94cd2-a9c6-49ee-bd65-997af2d2e0e0-23456247935296","trial_id":36,"state":3,"values":null,"datetime_complete":"2026-07-24T12:33:08.942985"}
{"op_code":0,"worker_id":"8841bebf-0c72-40af-a6ea-be2e4c70a7e1-23456247935296","study_name":"peter_c20ng_k3","directions":[2]}
{"op_code":4,"worker_id":"8841bebf-0c72-40af-a6ea-be2e4c70a7e1-23456247935296","study_id":0,"datetime_start":"2026-07-24T12:35:55.186701"}
{"op_code":9,"worker_id":"8841bebf-0c72-40af-a6ea-be2e4c70a7e1-23456247935296","trial_id":37,"system_attr":{"tpe:relative_params:0":"{\"lr\": 0.4788339709340696, \"ratio\": 0.22900395916383545}"}}
{"op_code":5,"worker_id":"8841bebf-0c72-40af-a6ea-be2e4c70a7e1-23456247935296","trial_id":37,"param_name":"lr","param_value_internal":0.4788339709340696,"distribution":"{\"name\": \"FloatDistribution\", \"attributes\": {\"step\": null, \"low\": 1e-08, \"high\": 0.5, \"log\": true}}"}
{"op_code":5,"worker_id":"8841bebf-0c72-40af-a6ea-be2e4c70a7e1-23456247935296","trial_id":37,"param_name":"ratio","param_value_internal":0.22900395916383545,"distribution":"{\"name\": \"FloatDistribution\", \"attributes\": {\"step\": null, \"low\": 0.1, \"high\": 100.0, \"log\": true}}"}
{"op_code":6,"worker_id":"8841bebf-0c72-40af-a6ea-be2e4c70a7e1-23456247935296","trial_id":37,"state":3,"values":null,"datetime_complete":"2026-07-24T12:36:59.227740"}
{"op_code":0,"worker_id":"4b8ebb07-afbf-4415-9615-5652befb0e28-23456247935296","study_name":"peter_c20ng_k3","directions":[2]}
{"op_code":4,"worker_id":"4b8ebb07-afbf-4415-9615-5652befb0e28-23456247935296","study_id":0,"datetime_start":"2026-07-24T12:40:51.364696"}
{"op_code":9,"worker_id":"4b8ebb07-afbf-4415-9615-5652befb0e28-23456247935296","trial_id":38,"system_attr":{"tpe:relative_params:0":"{\"lr\": 0.380959217645045, \"ratio\": 58.969827693379116}"}}
{"op_code":5,"worker_id":"4b8ebb07-afbf-4415-9615-5652befb0e28-23456247935296","trial_id":38,"param_name":"lr","param_value_internal":0.380959217645045,"distribution":"{\"name\": \"FloatDistribution\", \"attributes\": {\"step\": null, \"low\": 1e-08, \"high\": 0.5, \"log\": true}}"}
{"op_code":5,"worker_id":"4b8ebb07-afbf-4415-9615-5652befb0e28-23456247935296","trial_id":38,"param_name":"ratio","param_value_internal":58.969827693379116,"distribution":"{\"name\": \"FloatDistribution\", \"attributes\": {\"step\": null, \"low\": 0.1, \"high\": 100.0, \"log\": true}}"}
{"op_code":6,"worker_id":"dab26d64-657f-42e7-a598-d8f66e3c13eb-23456247935296","trial_id":35,"state":1,"values":[-171.56556153543102],"datetime_complete":"2026-07-24T12:42:08.269051"}
{"op_code":6,"worker_id":"4b8ebb07-afbf-4415-9615-5652befb0e28-23456247935296","trial_id":38,"state":3,"values":null,"datetime_complete":"2026-07-24T12:42:28.832509"}
{"op_code":0,"worker_id":"65ef6abb-d4fa-4536-9db4-a8954220fdf3-23456247935296","study_name":"peter_c20ng_k3","directions":[2]}
{"op_code":4,"worker_id":"65ef6abb-d4fa-4536-9db4-a8954220fdf3-23456247935296","study_id":0,"datetime_start":"2026-07-24T12:45:48.329518"}
{"op_code":9,"worker_id":"65ef6abb-d4fa-4536-9db4-a8954220fdf3-23456247935296","trial_id":39,"system_attr":{"tpe:relative_params:0":"{\"lr\": 0.05170896221662175, \"ratio\": 82.57726898487613}"}}
{"op_code":5,"worker_id":"65ef6abb-d4fa-4536-9db4-a8954220fdf3-23456247935296","trial_id":39,"param_name":"lr","param_value_internal":0.05170896221662175,"distribution":"{\"name\": \"FloatDistribution\", \"attributes\": {\"step\": null, \"low\": 1e-08, \"high\": 0.5, \"log\": true}}"}
{"op_code":5,"worker_id":"65ef6abb-d4fa-4536-9db4-a8954220fdf3-23456247935296","trial_id":39,"param_name":"ratio","param_value_internal":82.57726898487613,"distribution":"{\"name\": \"FloatDistribution\", \"attributes\": {\"step\": null, \"low\": 0.1, \"high\": 100.0, \"log\": true}}"}
{"op_code":6,"worker_id":"65ef6abb-d4fa-4536-9db4-a8954220fdf3-23456247935296","trial_id":39,"state":3,"values":null,"datetime_complete":"2026-07-24T12:48:16.940403"}
{"op_code":0,"worker_id":"60f499d2-17b4-4f68-b4aa-b3a5e447f25d-23456247935296","study_name":"peter_c20ng_k3","directions":[2]}
{"op_code":4,"worker_id":"60f499d2-17b4-4f68-b4aa-b3a5e447f25d-23456247935296","study_id":0,"datetime_start":"2026-07-24T12:50:50.345337"}
{"op_code":9,"worker_id":"60f499d2-17b4-4f68-b4aa-b3a5e447f25d-23456247935296","trial_id":40,"system_attr":{"tpe:relative_params:0":"{\"lr\": 0.17799490754469452, \"ratio\": 14.178534105078409}"}}
{"op_code":5,"worker_id":"60f499d2-17b4-4f68-b4aa-b3a5e447f25d-23456247935296","trial_id":40,"param_name":"lr","param_value_internal":0.17799490754469452,"distribution":"{\"name\": \"FloatDistribution\", \"attributes\": {\"step\": null, \"low\": 1e-08, \"high\": 0.5, \"log\": true}}"}
{"op_code":5,"worker_id":"60f499d2-17b4-4f68-b4aa-b3a5e447f25d-23456247935296","trial_id":40,"param_name":"ratio","param_value_internal":14.178534105078409,"distribution":"{\"name\": \"FloatDistribution\", \"attributes\": {\"step\": null, \"low\": 0.1, \"high\": 100.0, \"log\": true}}"}
{"op_code":6,"worker_id":"60f499d2-17b4-4f68-b4aa-b3a5e447f25d-23456247935296","trial_id":40,"state":3,"values":null,"datetime_complete":"2026-07-24T12:52:07.849430"}
{"op_code":0,"worker_id":"9ec429d4-eb60-4616-bc26-6d8752f5cab0-23456247935296","study_name":"peter_c20ng_k3","directions":[2]}
{"op_code":4,"worker_id":"9ec429d4-eb60-4616-bc26-6d8752f5cab0-23456247935296","study_id":0,"datetime_start":"2026-07-24T12:55:10.750640"}
{"op_code":9,"worker_id":"9ec429d4-eb60-4616-bc26-6d8752f5cab0-23456247935296","trial_id":41,"system_attr":{"tpe:relative_params:0":"{\"lr\": 0.3643183585968599, \"ratio\": 0.7130206942317037}"}}
{"op_code":5,"worker_id":"9ec429d4-eb60-4616-bc26-6d8752f5cab0-23456247935296","trial_id":41,"param_name":"lr","param_value_internal":0.3643183585968599,"distribution":"{\"name\": \"FloatDistribution\", \"attributes\": {\"step\": null, \"low\": 1e-08, \"high\": 0.5, \"log\": true}}"}
{"op_code":5,"worker_id":"9ec429d4-eb60-4616-bc26-6d8752f5cab0-23456247935296","trial_id":41,"param_name":"ratio","param_value_internal":0.7130206942317037,"distribution":"{\"name\": \"FloatDistribution\", \"attributes\": {\"step\": null, \"low\": 0.1, \"high\": 100.0, \"log\": true}}"}
{"op_code":6,"worker_id":"9ec429d4-eb60-4616-bc26-6d8752f5cab0-23456247935296","trial_id":41,"state":3,"values":null,"datetime_complete":"2026-07-24T12:56:08.532902"}
{"op_code":0,"worker_id":"86e1df35-5895-48c9-b899-823746143b2e-23456247935296","study_name":"peter_c20ng_k3","directions":[2]}
{"op_code":4,"worker_id":"86e1df35-5895-48c9-b899-823746143b2e-23456247935296","study_id":0,"datetime_start":"2026-07-24T12:59:16.766963"}
{"op_code":9,"worker_id":"86e1df35-5895-48c9-b899-823746143b2e-23456247935296","trial_id":42,"system_attr":{"tpe:relative_params:0":"{\"lr\": 0.18298161129502696, \"ratio\": 0.5002671663962479}"}}
{"op_code":5,"worker_id":"86e1df35-5895-48c9-b899-823746143b2e-23456247935296","trial_id":42,"param_name":"lr","param_value_internal":0.18298161129502696,"distribution":"{\"name\": \"FloatDistribution\", \"attributes\": {\"step\": null, \"low\": 1e-08, \"high\": 0.5, \"log\": true}}"}
{"op_code":5,"worker_id":"86e1df35-5895-48c9-b899-823746143b2e-23456247935296","trial_id":42,"param_name":"ratio","param_value_internal":0.5002671663962479,"distribution":"{\"name\": \"FloatDistribution\", \"attributes\": {\"step\": null, \"low\": 0.1, \"high\": 100.0, \"log\": true}}"}
{"op_code":6,"worker_id":"86e1df35-5895-48c9-b899-823746143b2e-23456247935296","trial_id":42,"state":3,"values":null,"datetime_complete":"2026-07-24T13:00:20.637894"}
{"op_code":0,"worker_id":"49dfeb33-8974-40db-9f46-20b9ac649d11-23456247935296","study_name":"peter_c20ng_k3","directions":[2]}
{"op_code":4,"worker_id":"49dfeb33-8974-40db-9f46-20b9ac649d11-23456247935296","study_id":0,"datetime_start":"2026-07-24T13:03:30.176550"}
{"op_code":9,"worker_id":"49dfeb33-8974-40db-9f46-20b9ac649d11-23456247935296","trial_id":43,"system_attr":{"tpe:relative_params:0":"{\"lr\": 0.26737635657238074, \"ratio\": 0.9176718542875306}"}}
{"op_code":5,"worker_id":"49dfeb33-8974-40db-9f46-20b9ac649d11-23456247935296","trial_id":43,"param_name":"lr","param_value_internal":0.26737635657238074,"distribution":"{\"name\": \"FloatDistribution\", \"attributes\": {\"step\": null, \"low\": 1e-08, \"high\": 0.5, \"log\": true}}"}
{"op_code":5,"worker_id":"49dfeb33-8974-40db-9f46-20b9ac649d11-23456247935296","trial_id":43,"param_name":"ratio","param_value_internal":0.9176718542875306,"distribution":"{\"name\": \"FloatDistribution\", \"attributes\": {\"step\": null, \"low\": 0.1, \"high\": 100.0, \"log\": true}}"}
{"op_code":6,"worker_id":"49dfeb33-8974-40db-9f46-20b9ac649d11-23456247935296","trial_id":43,"state":3,"values":null,"datetime_complete":"2026-07-24T13:05:39.126034"}
{"op_code":0,"worker_id":"e6fc87e7-cea0-4466-b4d2-e48c92fdbbfe-23456247935296","study_name":"peter_c20ng_k3","directions":[2]}
{"op_code":4,"worker_id":"e6fc87e7-cea0-4466-b4d2-e48c92fdbbfe-23456247935296","study_id":0,"datetime_start":"2026-07-24T13:08:05.883656"}
{"op_code":9,"worker_id":"e6fc87e7-cea0-4466-b4d2-e48c92fdbbfe-23456247935296","trial_id":44,"system_attr":{"tpe:relative_params:0":"{\"lr\": 0.1505900778851454, \"ratio\": 57.852603017867196}"}}
{"op_code":5,"worker_id":"e6fc87e7-cea0-4466-b4d2-e48c92fdbbfe-23456247935296","trial_id":44,"param_name":"lr","param_value_internal":0.1505900778851454,"distribution":"{\"name\": \"FloatDistribution\", \"attributes\": {\"step\": null, \"low\": 1e-08, \"high\": 0.5, \"log\": true}}"}
{"op_code":5,"worker_id":"e6fc87e7-cea0-4466-b4d2-e48c92fdbbfe-23456247935296","trial_id":44,"param_name":"ratio","param_value_internal":57.852603017867196,"distribution":"{\"name\": \"FloatDistribution\", \"attributes\": {\"step\": null, \"low\": 0.1, \"high\": 100.0, \"log\": true}}"}
{"op_code":6,"worker_id":"e6fc87e7-cea0-4466-b4d2-e48c92fdbbfe-23456247935296","trial_id":44,"state":3,"values":null,"datetime_complete":"2026-07-24T13:09:09.477563"}
{"op_code":0,"worker_id":"03a07ce2-8efb-455b-bcb8-ed0a11b4b100-23456247935296","study_name":"peter_c20ng_k3","directions":[2]}
{"op_code":4,"worker_id":"03a07ce2-8efb-455b-bcb8-ed0a11b4b100-23456247935296","study_id":0,"datetime_start":"2026-07-24T13:12:54.888876"}
{"op_code":9,"worker_id":"03a07ce2-8efb-455b-bcb8-ed0a11b4b100-23456247935296","trial_id":45,"system_attr":{"tpe:relative_params:0":"{\"lr\": 0.3635501591037631, \"ratio\": 0.40181796694514266}"}}
{"op_code":5,"worker_id":"03a07ce2-8efb-455b-bcb8-ed0a11b4b100-23456247935296","trial_id":45,"param_name":"lr","param_value_internal":0.3635501591037631,"distribution":"{\"name\": \"FloatDistribution\", \"attributes\": {\"step\": null, \"low\": 1e-08, \"high\": 0.5, \"log\": true}}"}
{"op_code":5,"worker_id":"03a07ce2-8efb-455b-bcb8-ed0a11b4b100-23456247935296","trial_id":45,"param_name":"ratio","param_value_internal":0.40181796694514266,"distribution":"{\"name\": \"FloatDistribution\", \"attributes\": {\"step\": null, \"low\": 0.1, \"high\": 100.0, \"log\": true}}"}
{"op_code":6,"worker_id":"03a07ce2-8efb-455b-bcb8-ed0a11b4b100-23456247935296","trial_id":45,"state":3,"values":null,"datetime_complete":"2026-07-24T13:16:38.261061"}
{"op_code":0,"worker_id":"d538058b-b861-4033-8a09-0f23e066d2c4-23456247935296","study_name":"peter_c20ng_k3","directions":[2]}
{"op_code":4,"worker_id":"d538058b-b861-4033-8a09-0f23e066d2c4-23456247935296","study_id":0,"datetime_start":"2026-07-24T13:17:17.747715"}
{"op_code":9,"worker_id":"d538058b-b861-4033-8a09-0f23e066d2c4-23456247935296","trial_id":46,"system_attr":{"tpe:relative_params:0":"{\"lr\": 0.2399176249117687, \"ratio\": 64.86250790976042}"}}
{"op_code":5,"worker_id":"d538058b-b861-4033-8a09-0f23e066d2c4-23456247935296","trial_id":46,"param_name":"lr","param_value_internal":0.2399176249117687,"distribution":"{\"name\": \"FloatDistribution\", \"attributes\": {\"step\": null, \"low\": 1e-08, \"high\": 0.5, \"log\": true}}"}
{"op_code":5,"worker_id":"d538058b-b861-4033-8a09-0f23e066d2c4-23456247935296","trial_id":46,"param_name":"ratio","param_value_internal":64.86250790976042,"distribution":"{\"name\": \"FloatDistribution\", \"attributes\": {\"step\": null, \"low\": 0.1, \"high\": 100.0, \"log\": true}}"}
{"op_code":6,"worker_id":"d538058b-b861-4033-8a09-0f23e066d2c4-23456247935296","trial_id":46,"state":3,"values":null,"datetime_complete":"2026-07-24T13:18:22.888250"}
{"op_code":0,"worker_id":"15c32c57-f521-4278-b9fb-1182b72d3ec3-23456247935296","study_name":"peter_c20ng_k3","directions":[2]}
{"op_code":4,"worker_id":"15c32c57-f521-4278-b9fb-1182b72d3ec3-23456247935296","study_id":0,"datetime_start":"2026-07-24T13:20:36.272126"}
{"op_code":9,"worker_id":"15c32c57-f521-4278-b9fb-1182b72d3ec3-23456247935296","trial_id":47,"system_attr":{"tpe:relative_params:0":"{\"lr\": 0.4199986934511203, \"ratio\": 24.822656672986223}"}}
{"op_code":5,"worker_id":"15c32c57-f521-4278-b9fb-1182b72d3ec3-23456247935296","trial_id":47,"param_name":"lr","param_value_internal":0.4199986934511203,"distribution":"{\"name\": \"FloatDistribution\", \"attributes\": {\"step\": null, \"low\": 1e-08, \"high\": 0.5, \"log\": true}}"}
{"op_code":5,"worker_id":"15c32c57-f521-4278-b9fb-1182b72d3ec3-23456247935296","trial_id":47,"param_name":"ratio","param_value_internal":24.822656672986223,"distribution":"{\"name\": \"FloatDistribution\", \"attributes\": {\"step\": null, \"low\": 0.1, \"high\": 100.0, \"log\": true}}"}
{"op_code":6,"worker_id":"15c32c57-f521-4278-b9fb-1182b72d3ec3-23456247935296","trial_id":47,"state":3,"values":null,"datetime_complete":"2026-07-24T13:21:33.979421"}
{"op_code":0,"worker_id":"9917e467-6c00-44eb-86de-ff904e63c758-23456247935296","study_name":"peter_c20ng_k3","directions":[2]}
{"op_code":4,"worker_id":"9917e467-6c00-44eb-86de-ff904e63c758-23456247935296","study_id":0,"datetime_start":"2026-07-24T13:23:24.261192"}
{"op_code":9,"worker_id":"9917e467-6c00-44eb-86de-ff904e63c758-23456247935296","trial_id":48,"system_attr":{"tpe:relative_params:0":"{\"lr\": 0.3239570552785709, \"ratio\": 57.34271009731172}"}}
{"op_code":5,"worker_id":"9917e467-6c00-44eb-86de-ff904e63c758-23456247935296","trial_id":48,"param_name":"lr","param_value_internal":0.3239570552785709,"distribution":"{\"name\": \"FloatDistribution\", \"attributes\": {\"step\": null, \"low\": 1e-08, \"high\": 0.5, \"log\": true}}"}
{"op_code":5,"worker_id":"9917e467-6c00-44eb-86de-ff904e63c758-23456247935296","trial_id":48,"param_name":"ratio","param_value_internal":57.34271009731172,"distribution":"{\"name\": \"FloatDistribution\", \"attributes\": {\"step\": null, \"low\": 0.1, \"high\": 100.0, \"log\": true}}"}
{"op_code":6,"worker_id":"9917e467-6c00-44eb-86de-ff904e63c758-23456247935296","trial_id":48,"state":3,"values":null,"datetime_complete":"2026-07-24T13:24:25.116947"}
{"op_code":0,"worker_id":"e9115c28-c634-426f-8c64-abc19025321f-23456247935296","study_name":"peter_c20ng_k3","directions":[2]}
{"op_code":4,"worker_id":"e9115c28-c634-426f-8c64-abc19025321f-23456247935296","study_id":0,"datetime_start":"2026-07-24T13:26:14.813915"}
{"op_code":9,"worker_id":"e9115c28-c634-426f-8c64-abc19025321f-23456247935296","trial_id":49,"system_attr":{"tpe:relative_params:0":"{\"lr\": 0.48548917675003317, \"ratio\": 0.4076159888026324}"}}
{"op_code":5,"worker_id":"e9115c28-c634-426f-8c64-abc19025321f-23456247935296","trial_id":49,"param_name":"lr","param_value_internal":0.48548917675003317,"distribution":"{\"name\": \"FloatDistribution\", \"attributes\": {\"step\": null, \"low\": 1e-08, \"high\": 0.5, \"log\": true}}"}
{"op_code":5,"worker_id":"e9115c28-c634-426f-8c64-abc19025321f-23456247935296","trial_id":49,"param_name":"ratio","param_value_internal":0.4076159888026324,"distribution":"{\"name\": \"FloatDistribution\", \"attributes\": {\"step\": null, \"low\": 0.1, \"high\": 100.0, \"log\": true}}"}
{"op_code":6,"worker_id":"e9115c28-c634-426f-8c64-abc19025321f-23456247935296","trial_id":49,"state":3,"values":null,"datetime_complete":"2026-07-24T13:27:22.612849"}
{"op_code":0,"worker_id":"4c1f8db5-a258-4eb5-9781-e2612afe5399-23456247935296","study_name":"peter_c20ng_k3","directions":[2]}
{"op_code":4,"worker_id":"4c1f8db5-a258-4eb5-9781-e2612afe5399-23456247935296","study_id":0,"datetime_start":"2026-07-24T13:29:59.343929"}
{"op_code":9,"worker_id":"4c1f8db5-a258-4eb5-9781-e2612afe5399-23456247935296","trial_id":50,"system_attr":{"tpe:relative_params:0":"{\"lr\": 0.27398161702429424, \"ratio\": 81.91153130777508}"}}
{"op_code":5,"worker_id":"4c1f8db5-a258-4eb5-9781-e2612afe5399-23456247935296","trial_id":50,"param_name":"lr","param_value_internal":0.27398161702429424,"distribution":"{\"name\": \"FloatDistribution\", \"attributes\": {\"step\": null, \"low\": 1e-08, \"high\": 0.5, \"log\": true}}"}
{"op_code":5,"worker_id":"4c1f8db5-a258-4eb5-9781-e2612afe5399-23456247935296","trial_id":50,"param_name":"ratio","param_value_internal":81.91153130777508,"distribution":"{\"name\": \"FloatDistribution\", \"attributes\": {\"step\": null, \"low\": 0.1, \"high\": 100.0, \"log\": true}}"}
{"op_code":6,"worker_id":"4c1f8db5-a258-4eb5-9781-e2612afe5399-23456247935296","trial_id":50,"state":3,"values":null,"datetime_complete":"2026-07-24T13:31:28.445331"}
{"op_code":0,"worker_id":"504ab1dd-d004-4a1e-83a5-809dbf715581-23456247935296","study_name":"peter_c20ng_k3","directions":[2]}
{"op_code":4,"worker_id":"504ab1dd-d004-4a1e-83a5-809dbf715581-23456247935296","study_id":0,"datetime_start":"2026-07-24T13:33:33.983788"}
{"op_code":9,"worker_id":"504ab1dd-d004-4a1e-83a5-809dbf715581-23456247935296","trial_id":51,"system_attr":{"tpe:relative_params:0":"{\"lr\": 0.08513096922919938, \"ratio\": 69.09483253139068}"}}
{"op_code":5,"worker_id":"504ab1dd-d004-4a1e-83a5-809dbf715581-23456247935296","trial_id":51,"param_name":"lr","param_value_internal":0.08513096922919938,"distribution":"{\"name\": \"FloatDistribution\", \"attributes\": {\"step\": null, \"low\": 1e-08, \"high\": 0.5, \"log\": true}}"}
{"op_code":5,"worker_id":"504ab1dd-d004-4a1e-83a5-809dbf715581-23456247935296","trial_id":51,"param_name":"ratio","param_value_internal":69.09483253139068,"distribution":"{\"name\": \"FloatDistribution\", \"attributes\": {\"step\": null, \"low\": 0.1, \"high\": 100.0, \"log\": true}}"}
{"op_code":6,"worker_id":"504ab1dd-d004-4a1e-83a5-809dbf715581-23456247935296","trial_id":51,"state":3,"values":null,"datetime_complete":"2026-07-24T13:34:52.812806"}
{"op_code":0,"worker_id":"497c2e0b-e1bd-4f0d-9900-a64242669316-23456247935296","study_name":"peter_c20ng_k3","directions":[2]}
{"op_code":4,"worker_id":"497c2e0b-e1bd-4f0d-9900-a64242669316-23456247935296","study_id":0,"datetime_start":"2026-07-24T13:36:25.134967"}
{"op_code":9,"worker_id":"497c2e0b-e1bd-4f0d-9900-a64242669316-23456247935296","trial_id":52,"system_attr":{"tpe:relative_params:0":"{\"lr\": 0.48212910711631546, \"ratio\": 32.22693198940144}"}}
{"op_code":5,"worker_id":"497c2e0b-e1bd-4f0d-9900-a64242669316-23456247935296","trial_id":52,"param_name":"lr","param_value_internal":0.48212910711631546,"distribution":"{\"name\": \"FloatDistribution\", \"attributes\": {\"step\": null, \"low\": 1e-08, \"high\": 0.5, \"log\": true}}"}
{"op_code":5,"worker_id":"497c2e0b-e1bd-4f0d-9900-a64242669316-23456247935296","trial_id":52,"param_name":"ratio","param_value_internal":32.22693198940144,"distribution":"{\"name\": \"FloatDistribution\", \"attributes\": {\"step\": null, \"low\": 0.1, \"high\": 100.0, \"log\": true}}"}
{"op_code":6,"worker_id":"497c2e0b-e1bd-4f0d-9900-a64242669316-23456247935296","trial_id":52,"state":3,"values":null,"datetime_complete":"2026-07-24T13:37:28.546697"}
{"op_code":0,"worker_id":"226dea5c-0ed6-4f4c-97e5-50d8977cf5d0-23456247935296","study_name":"peter_c20ng_k3","directions":[2]}
{"op_code":0,"worker_id":"2ccc368b-8d58-4f10-828d-c20f119f5ab0-23456247935296","study_name":"peter_c20ng_k3","directions":[2]}
