{"op_code":0,"worker_id":"e689fbfa-8ef1-4f34-a2a9-61f756836531-20268","study_name":"peter_msnbc_k5","directions":[2]}
{"op_code":0,"worker_id":"0968ad24-8310-4a11-8665-3fee052a889c-36796","study_name":"peter_msnbc_k5","directions":[2]}
{"op_code":4,"worker_id":"0968ad24-8310-4a11-8665-3fee052a889c-36796","study_id":0,"datetime_start":"2026-07-24T09:13:00.548426"}
{"op_code":5,"worker_id":"0968ad24-8310-4a11-8665-3fee052a889c-36796","trial_id":0,"param_name":"lr","param_value_internal":4.453188660151302e-05,"distribution":"{\"name\": \"FloatDistribution\", \"attributes\": {\"step\": null, \"low\": 1e-08, \"high\": 0.5, \"log\": true}}"}
{"op_code":5,"worker_id":"0968ad24-8310-4a11-8665-3fee052a889c-36796","trial_id":0,"param_name":"ratio","param_value_internal":0.5683698359089262,"distribution":"{\"name\": \"FloatDistribution\", \"attributes\": {\"step\": null, \"low\": 0.1, \"high\": 100.0, \"log\": true}}"}
{"op_code":0,"worker_id":"4a059270-2ae2-4601-9398-29fe97fb0a39-28600","study_name":"peter_msnbc_k5","directions":[2]}
{"op_code":4,"worker_id":"4a059270-2ae2-4601-9398-29fe97fb0a39-28600","study_id":0,"datetime_start":"2026-07-24T09:13:01.758362"}
{"op_code":5,"worker_id":"4a059270-2ae2-4601-9398-29fe97fb0a39-28600","trial_id":1,"param_name":"lr","param_value_internal":2.673239034858111e-06,"distribution":"{\"name\": \"FloatDistribution\", \"attributes\": {\"step\": null, \"low\": 1e-08, \"high\": 0.5, \"log\": true}}"}
{"op_code":5,"worker_id":"4a059270-2ae2-4601-9398-29fe97fb0a39-28600","trial_id":1,"param_name":"ratio","param_value_internal":1.569429479767052,"distribution":"{\"name\": \"FloatDistribution\", \"attributes\": {\"step\": null, \"low\": 0.1, \"high\": 100.0, \"log\": true}}"}
{"op_code":0,"worker_id":"a14724a5-396c-4099-96ff-ddc92a308af5-22724","study_name":"peter_msnbc_k5","directions":[2]}
{"op_code":0,"worker_id":"7ae0375a-12c0-416a-8f6d-69dae6788923-23456247935296","study_name":"peter_msnbc_k5","directions":[2]}
{"op_code":0,"worker_id":"ae532da1-07b8-4026-85c4-b140913d8f62-23456247935296","study_name":"peter_msnbc_k5","directions":[2]}
{"op_code":4,"worker_id":"ae532da1-07b8-4026-85c4-b140913d8f62-23456247935296","study_id":0,"datetime_start":"2026-07-24T10:21:56.653055"}
{"op_code":5,"worker_id":"ae532da1-07b8-4026-85c4-b140913d8f62-23456247935296","trial_id":2,"param_name":"lr","param_value_internal":0.00025379679117956894,"distribution":"{\"name\": \"FloatDistribution\", \"attributes\": {\"step\": null, \"low\": 1e-08, \"high\": 0.5, \"log\": true}}"}
{"op_code":5,"worker_id":"ae532da1-07b8-4026-85c4-b140913d8f62-23456247935296","trial_id":2,"param_name":"ratio","param_value_internal":8.671084606161976,"distribution":"{\"name\": \"FloatDistribution\", \"attributes\": {\"step\": null, \"low\": 0.1, \"high\": 100.0, \"log\": true}}"}
{"op_code":0,"worker_id":"c6579e23-789e-4644-a094-fd2772535892-23456247935296","study_name":"peter_msnbc_k5","directions":[2]}
{"op_code":4,"worker_id":"c6579e23-789e-4644-a094-fd2772535892-23456247935296","study_id":0,"datetime_start":"2026-07-24T10:23:39.566426"}
{"op_code":5,"worker_id":"c6579e23-789e-4644-a094-fd2772535892-23456247935296","trial_id":3,"param_name":"lr","param_value_internal":0.19371641514057888,"distribution":"{\"name\": \"FloatDistribution\", \"attributes\": {\"step\": null, \"low\": 1e-08, \"high\": 0.5, \"log\": true}}"}
{"op_code":5,"worker_id":"c6579e23-789e-4644-a094-fd2772535892-23456247935296","trial_id":3,"param_name":"ratio","param_value_internal":5.008614874087596,"distribution":"{\"name\": \"FloatDistribution\", \"attributes\": {\"step\": null, \"low\": 0.1, \"high\": 100.0, \"log\": true}}"}
{"op_code":6,"worker_id":"c6579e23-789e-4644-a094-fd2772535892-23456247935296","trial_id":3,"state":3,"values":null,"datetime_complete":"2026-07-24T10:23:47.163921"}
{"op_code":6,"worker_id":"ae532da1-07b8-4026-85c4-b140913d8f62-23456247935296","trial_id":2,"state":1,"values":[-20.013130377382243],"datetime_complete":"2026-07-24T10:25:12.525410"}
{"op_code":0,"worker_id":"300f5643-8cf9-42ae-82bf-f86126b5f388-23456247935296","study_name":"peter_msnbc_k5","directions":[2]}
{"op_code":4,"worker_id":"300f5643-8cf9-42ae-82bf-f86126b5f388-23456247935296","study_id":0,"datetime_start":"2026-07-24T10:27:26.752727"}
{"op_code":5,"worker_id":"300f5643-8cf9-42ae-82bf-f86126b5f388-23456247935296","trial_id":4,"param_name":"lr","param_value_internal":8.015977932772812e-07,"distribution":"{\"name\": \"FloatDistribution\", \"attributes\": {\"step\": null, \"low\": 1e-08, \"high\": 0.5, \"log\": true}}"}
{"op_code":5,"worker_id":"300f5643-8cf9-42ae-82bf-f86126b5f388-23456247935296","trial_id":4,"param_name":"ratio","param_value_internal":0.13515562080322396,"distribution":"{\"name\": \"FloatDistribution\", \"attributes\": {\"step\": null, \"low\": 0.1, \"high\": 100.0, \"log\": true}}"}
{"op_code":6,"worker_id":"300f5643-8cf9-42ae-82bf-f86126b5f388-23456247935296","trial_id":4,"state":1,"values":[-25.39232926239528],"datetime_complete":"2026-07-24T10:30:36.778039"}
{"op_code":0,"worker_id":"5fd902c9-544a-4837-9fe3-a9591b09c76c-23456247935296","study_name":"peter_msnbc_k5","directions":[2]}
{"op_code":4,"worker_id":"5fd902c9-544a-4837-9fe3-a9591b09c76c-23456247935296","study_id":0,"datetime_start":"2026-07-24T10:30:53.114749"}
{"op_code":5,"worker_id":"5fd902c9-544a-4837-9fe3-a9591b09c76c-23456247935296","trial_id":5,"param_name":"lr","param_value_internal":1.2832001451090626e-08,"distribution":"{\"name\": \"FloatDistribution\", \"attributes\": {\"step\": null, \"low\": 1e-08, \"high\": 0.5, \"log\": true}}"}
{"op_code":5,"worker_id":"5fd902c9-544a-4837-9fe3-a9591b09c76c-23456247935296","trial_id":5,"param_name":"ratio","param_value_internal":0.19409052838279664,"distribution":"{\"name\": \"FloatDistribution\", \"attributes\": {\"step\": null, \"low\": 0.1, \"high\": 100.0, \"log\": true}}"}
{"op_code":6,"worker_id":"5fd902c9-544a-4837-9fe3-a9591b09c76c-23456247935296","trial_id":5,"state":1,"values":[-25.394306464221025],"datetime_complete":"2026-07-24T10:34:17.836332"}
{"op_code":0,"worker_id":"e265134b-f535-4dae-b2b0-d491148e6a7d-23456247935296","study_name":"peter_msnbc_k5","directions":[2]}
{"op_code":4,"worker_id":"e265134b-f535-4dae-b2b0-d491148e6a7d-23456247935296","study_id":0,"datetime_start":"2026-07-24T10:34:20.291792"}
{"op_code":5,"worker_id":"e265134b-f535-4dae-b2b0-d491148e6a7d-23456247935296","trial_id":6,"param_name":"lr","param_value_internal":6.266642162259201e-05,"distribution":"{\"name\": \"FloatDistribution\", \"attributes\": {\"step\": null, \"low\": 1e-08, \"high\": 0.5, \"log\": true}}"}
{"op_code":5,"worker_id":"e265134b-f535-4dae-b2b0-d491148e6a7d-23456247935296","trial_id":6,"param_name":"ratio","param_value_internal":9.603768633800307,"distribution":"{\"name\": \"FloatDistribution\", \"attributes\": {\"step\": null, \"low\": 0.1, \"high\": 100.0, \"log\": true}}"}
{"op_code":6,"worker_id":"e265134b-f535-4dae-b2b0-d491148e6a7d-23456247935296","trial_id":6,"state":1,"values":[-23.29596324688324],"datetime_complete":"2026-07-24T10:37:32.197281"}
{"op_code":0,"worker_id":"11e8afd0-8bd3-41ed-b76c-48fbfccb4661-23456247935296","study_name":"peter_msnbc_k5","directions":[2]}
{"op_code":4,"worker_id":"11e8afd0-8bd3-41ed-b76c-48fbfccb4661-23456247935296","study_id":0,"datetime_start":"2026-07-24T10:37:42.389072"}
{"op_code":5,"worker_id":"11e8afd0-8bd3-41ed-b76c-48fbfccb4661-23456247935296","trial_id":7,"param_name":"lr","param_value_internal":1.9468216471422915e-07,"distribution":"{\"name\": \"FloatDistribution\", \"attributes\": {\"step\": null, \"low\": 1e-08, \"high\": 0.5, \"log\": true}}"}
{"op_code":5,"worker_id":"11e8afd0-8bd3-41ed-b76c-48fbfccb4661-23456247935296","trial_id":7,"param_name":"ratio","param_value_internal":98.75660294183949,"distribution":"{\"name\": \"FloatDistribution\", \"attributes\": {\"step\": null, \"low\": 0.1, \"high\": 100.0, \"log\": true}}"}
{"op_code":6,"worker_id":"11e8afd0-8bd3-41ed-b76c-48fbfccb4661-23456247935296","trial_id":7,"state":1,"values":[-25.392928740151234],"datetime_complete":"2026-07-24T10:40:21.238537"}
{"op_code":0,"worker_id":"8eef79b0-b908-4bd1-90dc-9f4dfbcc4ddc-23456247935296","study_name":"peter_msnbc_k5","directions":[2]}
{"op_code":4,"worker_id":"8eef79b0-b908-4bd1-90dc-9f4dfbcc4ddc-23456247935296","study_id":0,"datetime_start":"2026-07-24T10:41:52.343191"}
{"op_code":5,"worker_id":"8eef79b0-b908-4bd1-90dc-9f4dfbcc4ddc-23456247935296","trial_id":8,"param_name":"lr","param_value_internal":0.0012798755722203254,"distribution":"{\"name\": \"FloatDistribution\", \"attributes\": {\"step\": null, \"low\": 1e-08, \"high\": 0.5, \"log\": true}}"}
{"op_code":5,"worker_id":"8eef79b0-b908-4bd1-90dc-9f4dfbcc4ddc-23456247935296","trial_id":8,"param_name":"ratio","param_value_internal":0.3181935075103096,"distribution":"{\"name\": \"FloatDistribution\", \"attributes\": {\"step\": null, \"low\": 0.1, \"high\": 100.0, \"log\": true}}"}
{"op_code":6,"worker_id":"8eef79b0-b908-4bd1-90dc-9f4dfbcc4ddc-23456247935296","trial_id":8,"state":1,"values":[-22.13195419468935],"datetime_complete":"2026-07-24T10:44:35.998038"}
{"op_code":0,"worker_id":"97e63600-b508-4728-963c-3032383318b8-23456247935296","study_name":"peter_msnbc_k5","directions":[2]}
{"op_code":4,"worker_id":"97e63600-b508-4728-963c-3032383318b8-23456247935296","study_id":0,"datetime_start":"2026-07-24T10:46:05.597575"}
{"op_code":5,"worker_id":"97e63600-b508-4728-963c-3032383318b8-23456247935296","trial_id":9,"param_name":"lr","param_value_internal":1.1634437760970083e-07,"distribution":"{\"name\": \"FloatDistribution\", \"attributes\": {\"step\": null, \"low\": 1e-08, \"high\": 0.5, \"log\": true}}"}
{"op_code":5,"worker_id":"97e63600-b508-4728-963c-3032383318b8-23456247935296","trial_id":9,"param_name":"ratio","param_value_internal":5.716474921059282,"distribution":"{\"name\": \"FloatDistribution\", \"attributes\": {\"step\": null, \"low\": 0.1, \"high\": 100.0, \"log\": true}}"}
{"op_code":6,"worker_id":"97e63600-b508-4728-963c-3032383318b8-23456247935296","trial_id":9,"state":1,"values":[-25.394047435627847],"datetime_complete":"2026-07-24T10:48:51.871051"}
{"op_code":0,"worker_id":"7acdeb06-c85d-47a3-9408-2fe5b0781827-23456247935296","study_name":"peter_msnbc_k5","directions":[2]}
{"op_code":4,"worker_id":"7acdeb06-c85d-47a3-9408-2fe5b0781827-23456247935296","study_id":0,"datetime_start":"2026-07-24T10:50:34.277824"}
{"op_code":5,"worker_id":"7acdeb06-c85d-47a3-9408-2fe5b0781827-23456247935296","trial_id":10,"param_name":"lr","param_value_internal":1.1761247881652233e-06,"distribution":"{\"name\": \"FloatDistribution\", \"attributes\": {\"step\": null, \"low\": 1e-08, \"high\": 0.5, \"log\": true}}"}
{"op_code":5,"worker_id":"7acdeb06-c85d-47a3-9408-2fe5b0781827-23456247935296","trial_id":10,"param_name":"ratio","param_value_internal":0.14073324230970677,"distribution":"{\"name\": \"FloatDistribution\", \"attributes\": {\"step\": null, \"low\": 0.1, \"high\": 100.0, \"log\": true}}"}
{"op_code":6,"worker_id":"7acdeb06-c85d-47a3-9408-2fe5b0781827-23456247935296","trial_id":10,"state":1,"values":[-25.391376085288723],"datetime_complete":"2026-07-24T10:53:37.389539"}
{"op_code":0,"worker_id":"403df62d-0a40-4a15-aec8-85e70d7a11fb-23456247935296","study_name":"peter_msnbc_k5","directions":[2]}
{"op_code":4,"worker_id":"403df62d-0a40-4a15-aec8-85e70d7a11fb-23456247935296","study_id":0,"datetime_start":"2026-07-24T10:54:53.176599"}
{"op_code":5,"worker_id":"403df62d-0a40-4a15-aec8-85e70d7a11fb-23456247935296","trial_id":11,"param_name":"lr","param_value_internal":0.01722938887803039,"distribution":"{\"name\": \"FloatDistribution\", \"attributes\": {\"step\": null, \"low\": 1e-08, \"high\": 0.5, \"log\": true}}"}
{"op_code":5,"worker_id":"403df62d-0a40-4a15-aec8-85e70d7a11fb-23456247935296","trial_id":11,"param_name":"ratio","param_value_internal":2.2461575340107327,"distribution":"{\"name\": \"FloatDistribution\", \"attributes\": {\"step\": null, \"low\": 0.1, \"high\": 100.0, \"log\": true}}"}
{"op_code":6,"worker_id":"403df62d-0a40-4a15-aec8-85e70d7a11fb-23456247935296","trial_id":11,"state":1,"values":[-12.197286344592632],"datetime_complete":"2026-07-24T10:58:09.094260"}
{"op_code":0,"worker_id":"a8bd0b06-109a-4feb-847e-c6b491196ea8-23456247935296","study_name":"peter_msnbc_k5","directions":[2]}
{"op_code":4,"worker_id":"a8bd0b06-109a-4feb-847e-c6b491196ea8-23456247935296","study_id":0,"datetime_start":"2026-07-24T10:59:13.034028"}
{"op_code":5,"worker_id":"a8bd0b06-109a-4feb-847e-c6b491196ea8-23456247935296","trial_id":12,"param_name":"lr","param_value_internal":1.737765846117437e-05,"distribution":"{\"name\": \"FloatDistribution\", \"attributes\": {\"step\": null, \"low\": 1e-08, \"high\": 0.5, \"log\": true}}"}
{"op_code":5,"worker_id":"a8bd0b06-109a-4feb-847e-c6b491196ea8-23456247935296","trial_id":12,"param_name":"ratio","param_value_internal":45.95442612546805,"distribution":"{\"name\": \"FloatDistribution\", \"attributes\": {\"step\": null, \"low\": 0.1, \"high\": 100.0, \"log\": true}}"}
{"op_code":6,"worker_id":"a8bd0b06-109a-4feb-847e-c6b491196ea8-23456247935296","trial_id":12,"state":1,"values":[-24.059508994169647],"datetime_complete":"2026-07-24T11:01:54.969596"}
{"op_code":0,"worker_id":"3c77af48-d6a2-4321-bf75-f5bff03549f6-23456247935296","study_name":"peter_msnbc_k5","directions":[2]}
{"op_code":4,"worker_id":"3c77af48-d6a2-4321-bf75-f5bff03549f6-23456247935296","study_id":0,"datetime_start":"2026-07-24T11:04:24.361891"}
{"op_code":9,"worker_id":"3c77af48-d6a2-4321-bf75-f5bff03549f6-23456247935296","trial_id":13,"system_attr":{"tpe:relative_params:0":"{\"lr\": 0.33774267541718755, \"ratio\": 1.9180715907814025}"}}
{"op_code":5,"worker_id":"3c77af48-d6a2-4321-bf75-f5bff03549f6-23456247935296","trial_id":13,"param_name":"lr","param_value_internal":0.33774267541718755,"distribution":"{\"name\": \"FloatDistribution\", \"attributes\": {\"step\": null, \"low\": 1e-08, \"high\": 0.5, \"log\": true}}"}
{"op_code":5,"worker_id":"3c77af48-d6a2-4321-bf75-f5bff03549f6-23456247935296","trial_id":13,"param_name":"ratio","param_value_internal":1.9180715907814025,"distribution":"{\"name\": \"FloatDistribution\", \"attributes\": {\"step\": null, \"low\": 0.1, \"high\": 100.0, \"log\": true}}"}
{"op_code":6,"worker_id":"3c77af48-d6a2-4321-bf75-f5bff03549f6-23456247935296","trial_id":13,"state":3,"values":null,"datetime_complete":"2026-07-24T11:04:30.822023"}
{"op_code":0,"worker_id":"2b8b6b18-e18d-446a-b099-0ec4bcbdec2d-23456247935296","study_name":"peter_msnbc_k5","directions":[2]}
{"op_code":4,"worker_id":"2b8b6b18-e18d-446a-b099-0ec4bcbdec2d-23456247935296","study_id":0,"datetime_start":"2026-07-24T11:09:01.879761"}
{"op_code":9,"worker_id":"2b8b6b18-e18d-446a-b099-0ec4bcbdec2d-23456247935296","trial_id":14,"system_attr":{"tpe:relative_params:0":"{\"lr\": 0.045478821553720294, \"ratio\": 3.3400643773982917}"}}
{"op_code":5,"worker_id":"2b8b6b18-e18d-446a-b099-0ec4bcbdec2d-23456247935296","trial_id":14,"param_name":"lr","param_value_internal":0.045478821553720294,"distribution":"{\"name\": \"FloatDistribution\", \"attributes\": {\"step\": null, \"low\": 1e-08, \"high\": 0.5, \"log\": true}}"}
{"op_code":5,"worker_id":"2b8b6b18-e18d-446a-b099-0ec4bcbdec2d-23456247935296","trial_id":14,"param_name":"ratio","param_value_internal":3.3400643773982917,"distribution":"{\"name\": \"FloatDistribution\", \"attributes\": {\"step\": null, \"low\": 0.1, \"high\": 100.0, \"log\": true}}"}
{"op_code":6,"worker_id":"2b8b6b18-e18d-446a-b099-0ec4bcbdec2d-23456247935296","trial_id":14,"state":1,"values":[-11.942690836599613],"datetime_complete":"2026-07-24T11:12:25.422209"}
{"op_code":0,"worker_id":"25868a86-f47e-4f5e-9e3d-abe243ccad8d-23456247935296","study_name":"peter_msnbc_k5","directions":[2]}
{"op_code":4,"worker_id":"25868a86-f47e-4f5e-9e3d-abe243ccad8d-23456247935296","study_id":0,"datetime_start":"2026-07-24T11:13:18.265385"}
{"op_code":9,"worker_id":"25868a86-f47e-4f5e-9e3d-abe243ccad8d-23456247935296","trial_id":15,"system_attr":{"tpe:relative_params:0":"{\"lr\": 0.25409308044258017, \"ratio\": 4.325847862657889}"}}
{"op_code":5,"worker_id":"25868a86-f47e-4f5e-9e3d-abe243ccad8d-23456247935296","trial_id":15,"param_name":"lr","param_value_internal":0.25409308044258017,"distribution":"{\"name\": \"FloatDistribution\", \"attributes\": {\"step\": null, \"low\": 1e-08, \"high\": 0.5, \"log\": true}}"}
{"op_code":5,"worker_id":"25868a86-f47e-4f5e-9e3d-abe243ccad8d-23456247935296","trial_id":15,"param_name":"ratio","param_value_internal":4.325847862657889,"distribution":"{\"name\": \"FloatDistribution\", \"attributes\": {\"step\": null, \"low\": 0.1, \"high\": 100.0, \"log\": true}}"}
{"op_code":6,"worker_id":"25868a86-f47e-4f5e-9e3d-abe243ccad8d-23456247935296","trial_id":15,"state":3,"values":null,"datetime_complete":"2026-07-24T11:13:26.457706"}
{"op_code":0,"worker_id":"52bb3518-7ab6-49e3-8973-770b754082c9-23456247935296","study_name":"peter_msnbc_k5","directions":[2]}
{"op_code":4,"worker_id":"52bb3518-7ab6-49e3-8973-770b754082c9-23456247935296","study_id":0,"datetime_start":"2026-07-24T11:17:57.610473"}
{"op_code":9,"worker_id":"52bb3518-7ab6-49e3-8973-770b754082c9-23456247935296","trial_id":16,"system_attr":{"tpe:relative_params:0":"{\"lr\": 0.2468521041291641, \"ratio\": 2.1777398273220765}"}}
{"op_code":5,"worker_id":"52bb3518-7ab6-49e3-8973-770b754082c9-23456247935296","trial_id":16,"param_name":"lr","param_value_internal":0.2468521041291641,"distribution":"{\"name\": \"FloatDistribution\", \"attributes\": {\"step\": null, \"low\": 1e-08, \"high\": 0.5, \"log\": true}}"}
{"op_code":5,"worker_id":"52bb3518-7ab6-49e3-8973-770b754082c9-23456247935296","trial_id":16,"param_name":"ratio","param_value_internal":2.1777398273220765,"distribution":"{\"name\": \"FloatDistribution\", \"attributes\": {\"step\": null, \"low\": 0.1, \"high\": 100.0, \"log\": true}}"}
{"op_code":6,"worker_id":"52bb3518-7ab6-49e3-8973-770b754082c9-23456247935296","trial_id":16,"state":3,"values":null,"datetime_complete":"2026-07-24T11:18:05.016151"}
{"op_code":0,"worker_id":"29515582-314d-4427-8e5e-f343f9a759f8-23456247935296","study_name":"peter_msnbc_k5","directions":[2]}
{"op_code":4,"worker_id":"29515582-314d-4427-8e5e-f343f9a759f8-23456247935296","study_id":0,"datetime_start":"2026-07-24T11:21:35.554690"}
{"op_code":9,"worker_id":"29515582-314d-4427-8e5e-f343f9a759f8-23456247935296","trial_id":17,"system_attr":{"tpe:relative_params:0":"{\"lr\": 0.48138750967797145, \"ratio\": 3.9665172938113487}"}}
{"op_code":5,"worker_id":"29515582-314d-4427-8e5e-f343f9a759f8-23456247935296","trial_id":17,"param_name":"lr","param_value_internal":0.48138750967797145,"distribution":"{\"name\": \"FloatDistribution\", \"attributes\": {\"step\": null, \"low\": 1e-08, \"high\": 0.5, \"log\": true}}"}
{"op_code":5,"worker_id":"29515582-314d-4427-8e5e-f343f9a759f8-23456247935296","trial_id":17,"param_name":"ratio","param_value_internal":3.9665172938113487,"distribution":"{\"name\": \"FloatDistribution\", \"attributes\": {\"step\": null, \"low\": 0.1, \"high\": 100.0, \"log\": true}}"}
{"op_code":6,"worker_id":"29515582-314d-4427-8e5e-f343f9a759f8-23456247935296","trial_id":17,"state":3,"values":null,"datetime_complete":"2026-07-24T11:21:43.874572"}
{"op_code":0,"worker_id":"d2217cf5-40e8-417c-9949-458cb4a7d269-23456247935296","study_name":"peter_msnbc_k5","directions":[2]}
{"op_code":4,"worker_id":"d2217cf5-40e8-417c-9949-458cb4a7d269-23456247935296","study_id":0,"datetime_start":"2026-07-24T11:25:50.987608"}
{"op_code":9,"worker_id":"d2217cf5-40e8-417c-9949-458cb4a7d269-23456247935296","trial_id":18,"system_attr":{"tpe:relative_params:0":"{\"lr\": 0.31645753436314544, \"ratio\": 7.071023174079926}"}}
{"op_code":5,"worker_id":"d2217cf5-40e8-417c-9949-458cb4a7d269-23456247935296","trial_id":18,"param_name":"lr","param_value_internal":0.31645753436314544,"distribution":"{\"name\": \"FloatDistribution\", \"attributes\": {\"step\": null, \"low\": 1e-08, \"high\": 0.5, \"log\": true}}"}
{"op_code":5,"worker_id":"d2217cf5-40e8-417c-9949-458cb4a7d269-23456247935296","trial_id":18,"param_name":"ratio","param_value_internal":7.071023174079926,"distribution":"{\"name\": \"FloatDistribution\", \"attributes\": {\"step\": null, \"low\": 0.1, \"high\": 100.0, \"log\": true}}"}
{"op_code":6,"worker_id":"d2217cf5-40e8-417c-9949-458cb4a7d269-23456247935296","trial_id":18,"state":3,"values":null,"datetime_complete":"2026-07-24T11:25:58.165267"}
{"op_code":0,"worker_id":"5ce7d3be-e6e7-4d22-a015-07b5c7d9619d-23456247935296","study_name":"peter_msnbc_k5","directions":[2]}
{"op_code":4,"worker_id":"5ce7d3be-e6e7-4d22-a015-07b5c7d9619d-23456247935296","study_id":0,"datetime_start":"2026-07-24T11:29:53.006607"}
{"op_code":9,"worker_id":"5ce7d3be-e6e7-4d22-a015-07b5c7d9619d-23456247935296","trial_id":19,"system_attr":{"tpe:relative_params:0":"{\"lr\": 0.4124964366792447, \"ratio\": 2.5085001776987492}"}}
{"op_code":5,"worker_id":"5ce7d3be-e6e7-4d22-a015-07b5c7d9619d-23456247935296","trial_id":19,"param_name":"lr","param_value_internal":0.4124964366792447,"distribution":"{\"name\": \"FloatDistribution\", \"attributes\": {\"step\": null, \"low\": 1e-08, \"high\": 0.5, \"log\": true}}"}
{"op_code":5,"worker_id":"5ce7d3be-e6e7-4d22-a015-07b5c7d9619d-23456247935296","trial_id":19,"param_name":"ratio","param_value_internal":2.5085001776987492,"distribution":"{\"name\": \"FloatDistribution\", \"attributes\": {\"step\": null, \"low\": 0.1, \"high\": 100.0, \"log\": true}}"}
{"op_code":6,"worker_id":"5ce7d3be-e6e7-4d22-a015-07b5c7d9619d-23456247935296","trial_id":19,"state":3,"values":null,"datetime_complete":"2026-07-24T11:30:00.729250"}
{"op_code":0,"worker_id":"5599ab33-37a8-4015-85c7-cb241d67d9c6-23456247935296","study_name":"peter_msnbc_k5","directions":[2]}
{"op_code":4,"worker_id":"5599ab33-37a8-4015-85c7-cb241d67d9c6-23456247935296","study_id":0,"datetime_start":"2026-07-24T11:35:13.282005"}
{"op_code":9,"worker_id":"5599ab33-37a8-4015-85c7-cb241d67d9c6-23456247935296","trial_id":20,"system_attr":{"tpe:relative_params:0":"{\"lr\": 0.18838834125271442, \"ratio\": 2.266461241418623}"}}
{"op_code":5,"worker_id":"5599ab33-37a8-4015-85c7-cb241d67d9c6-23456247935296","trial_id":20,"param_name":"lr","param_value_internal":0.18838834125271442,"distribution":"{\"name\": \"FloatDistribution\", \"attributes\": {\"step\": null, \"low\": 1e-08, \"high\": 0.5, \"log\": true}}"}
{"op_code":5,"worker_id":"5599ab33-37a8-4015-85c7-cb241d67d9c6-23456247935296","trial_id":20,"param_name":"ratio","param_value_internal":2.266461241418623,"distribution":"{\"name\": \"FloatDistribution\", \"attributes\": {\"step\": null, \"low\": 0.1, \"high\": 100.0, \"log\": true}}"}
{"op_code":6,"worker_id":"5599ab33-37a8-4015-85c7-cb241d67d9c6-23456247935296","trial_id":20,"state":3,"values":null,"datetime_complete":"2026-07-24T11:35:22.472359"}
{"op_code":0,"worker_id":"33ae8495-f318-4aae-95a5-93ea55c17a36-23456247935296","study_name":"peter_msnbc_k5","directions":[2]}
{"op_code":4,"worker_id":"33ae8495-f318-4aae-95a5-93ea55c17a36-23456247935296","study_id":0,"datetime_start":"2026-07-24T11:39:20.114484"}
{"op_code":9,"worker_id":"33ae8495-f318-4aae-95a5-93ea55c17a36-23456247935296","trial_id":21,"system_attr":{"tpe:relative_params:0":"{\"lr\": 0.3013224869117604, \"ratio\": 11.558909515841808}"}}
{"op_code":5,"worker_id":"33ae8495-f318-4aae-95a5-93ea55c17a36-23456247935296","trial_id":21,"param_name":"lr","param_value_internal":0.3013224869117604,"distribution":"{\"name\": \"FloatDistribution\", \"attributes\": {\"step\": null, \"low\": 1e-08, \"high\": 0.5, \"log\": true}}"}
{"op_code":5,"worker_id":"33ae8495-f318-4aae-95a5-93ea55c17a36-23456247935296","trial_id":21,"param_name":"ratio","param_value_internal":11.558909515841808,"distribution":"{\"name\": \"FloatDistribution\", \"attributes\": {\"step\": null, \"low\": 0.1, \"high\": 100.0, \"log\": true}}"}
{"op_code":6,"worker_id":"33ae8495-f318-4aae-95a5-93ea55c17a36-23456247935296","trial_id":21,"state":3,"values":null,"datetime_complete":"2026-07-24T11:39:27.486453"}
{"op_code":0,"worker_id":"ca09c42a-84a3-46b8-bb4e-c2bf593b12e4-23456247935296","study_name":"peter_msnbc_k5","directions":[2]}
{"op_code":4,"worker_id":"ca09c42a-84a3-46b8-bb4e-c2bf593b12e4-23456247935296","study_id":0,"datetime_start":"2026-07-24T11:42:58.725767"}
{"op_code":9,"worker_id":"ca09c42a-84a3-46b8-bb4e-c2bf593b12e4-23456247935296","trial_id":22,"system_attr":{"tpe:relative_params:0":"{\"lr\": 0.32044240110491196, \"ratio\": 3.843661685087564}"}}
{"op_code":5,"worker_id":"ca09c42a-84a3-46b8-bb4e-c2bf593b12e4-23456247935296","trial_id":22,"param_name":"lr","param_value_internal":0.32044240110491196,"distribution":"{\"name\": \"FloatDistribution\", \"attributes\": {\"step\": null, \"low\": 1e-08, \"high\": 0.5, \"log\": true}}"}
{"op_code":5,"worker_id":"ca09c42a-84a3-46b8-bb4e-c2bf593b12e4-23456247935296","trial_id":22,"param_name":"ratio","param_value_internal":3.843661685087564,"distribution":"{\"name\": \"FloatDistribution\", \"attributes\": {\"step\": null, \"low\": 0.1, \"high\": 100.0, \"log\": true}}"}
{"op_code":6,"worker_id":"ca09c42a-84a3-46b8-bb4e-c2bf593b12e4-23456247935296","trial_id":22,"state":3,"values":null,"datetime_complete":"2026-07-24T11:43:07.380603"}
{"op_code":0,"worker_id":"065ae432-5b8b-4624-932c-550bc41d36a6-23456247935296","study_name":"peter_msnbc_k5","directions":[2]}
{"op_code":4,"worker_id":"065ae432-5b8b-4624-932c-550bc41d36a6-23456247935296","study_id":0,"datetime_start":"2026-07-24T11:46:01.029340"}
{"op_code":9,"worker_id":"065ae432-5b8b-4624-932c-550bc41d36a6-23456247935296","trial_id":23,"system_attr":{"tpe:relative_params:0":"{\"lr\": 0.03454773152086074, \"ratio\": 3.6679479790603917}"}}
{"op_code":5,"worker_id":"065ae432-5b8b-4624-932c-550bc41d36a6-23456247935296","trial_id":23,"param_name":"lr","param_value_internal":0.03454773152086074,"distribution":"{\"name\": \"FloatDistribution\", \"attributes\": {\"step\": null, \"low\": 1e-08, \"high\": 0.5, \"log\": true}}"}
{"op_code":5,"worker_id":"065ae432-5b8b-4624-932c-550bc41d36a6-23456247935296","trial_id":23,"param_name":"ratio","param_value_internal":3.6679479790603917,"distribution":"{\"name\": \"FloatDistribution\", \"attributes\": {\"step\": null, \"low\": 0.1, \"high\": 100.0, \"log\": true}}"}
{"op_code":6,"worker_id":"065ae432-5b8b-4624-932c-550bc41d36a6-23456247935296","trial_id":23,"state":1,"values":[-11.950573873518316],"datetime_complete":"2026-07-24T11:49:38.695235"}
{"op_code":0,"worker_id":"a3c72200-259a-49d0-ae38-22f2e1236c5a-23456247935296","study_name":"peter_msnbc_k5","directions":[2]}
{"op_code":4,"worker_id":"a3c72200-259a-49d0-ae38-22f2e1236c5a-23456247935296","study_id":0,"datetime_start":"2026-07-24T11:49:54.273746"}
{"op_code":9,"worker_id":"a3c72200-259a-49d0-ae38-22f2e1236c5a-23456247935296","trial_id":24,"system_attr":{"tpe:relative_params:0":"{\"lr\": 0.024081938365145633, \"ratio\": 34.389162855087804}"}}
{"op_code":5,"worker_id":"a3c72200-259a-49d0-ae38-22f2e1236c5a-23456247935296","trial_id":24,"param_name":"lr","param_value_internal":0.024081938365145633,"distribution":"{\"name\": \"FloatDistribution\", \"attributes\": {\"step\": null, \"low\": 1e-08, \"high\": 0.5, \"log\": true}}"}
{"op_code":5,"worker_id":"a3c72200-259a-49d0-ae38-22f2e1236c5a-23456247935296","trial_id":24,"param_name":"ratio","param_value_internal":34.389162855087804,"distribution":"{\"name\": \"FloatDistribution\", \"attributes\": {\"step\": null, \"low\": 0.1, \"high\": 100.0, \"log\": true}}"}
{"op_code":6,"worker_id":"a3c72200-259a-49d0-ae38-22f2e1236c5a-23456247935296","trial_id":24,"state":1,"values":[-11.833794242424153],"datetime_complete":"2026-07-24T11:53:09.209314"}
{"op_code":0,"worker_id":"e684dfb4-6118-4463-bf8a-62e60f6b4a81-23456247935296","study_name":"peter_msnbc_k5","directions":[2]}
{"op_code":4,"worker_id":"e684dfb4-6118-4463-bf8a-62e60f6b4a81-23456247935296","study_id":0,"datetime_start":"2026-07-24T11:53:10.636027"}
{"op_code":9,"worker_id":"e684dfb4-6118-4463-bf8a-62e60f6b4a81-23456247935296","trial_id":25,"system_attr":{"tpe:relative_params:0":"{\"lr\": 0.12325385567357092, \"ratio\": 87.05603081457886}"}}
{"op_code":5,"worker_id":"e684dfb4-6118-4463-bf8a-62e60f6b4a81-23456247935296","trial_id":25,"param_name":"lr","param_value_internal":0.12325385567357092,"distribution":"{\"name\": \"FloatDistribution\", \"attributes\": {\"step\": null, \"low\": 1e-08, \"high\": 0.5, \"log\": true}}"}
{"op_code":5,"worker_id":"e684dfb4-6118-4463-bf8a-62e60f6b4a81-23456247935296","trial_id":25,"param_name":"ratio","param_value_internal":87.05603081457886,"distribution":"{\"name\": \"FloatDistribution\", \"attributes\": {\"step\": null, \"low\": 0.1, \"high\": 100.0, \"log\": true}}"}
{"op_code":6,"worker_id":"e684dfb4-6118-4463-bf8a-62e60f6b4a81-23456247935296","trial_id":25,"state":3,"values":null,"datetime_complete":"2026-07-24T11:53:19.978709"}
{"op_code":0,"worker_id":"1a883a7f-7974-4519-a013-c2368af8e250-23456247935296","study_name":"peter_msnbc_k5","directions":[2]}
{"op_code":4,"worker_id":"1a883a7f-7974-4519-a013-c2368af8e250-23456247935296","study_id":0,"datetime_start":"2026-07-24T11:56:35.362113"}
{"op_code":9,"worker_id":"1a883a7f-7974-4519-a013-c2368af8e250-23456247935296","trial_id":26,"system_attr":{"tpe:relative_params:0":"{\"lr\": 0.21275853879266, \"ratio\": 50.75002577928008}"}}
{"op_code":5,"worker_id":"1a883a7f-7974-4519-a013-c2368af8e250-23456247935296","trial_id":26,"param_name":"lr","param_value_internal":0.21275853879266,"distribution":"{\"name\": \"FloatDistribution\", \"attributes\": {\"step\": null, \"low\": 1e-08, \"high\": 0.5, \"log\": true}}"}
{"op_code":5,"worker_id":"1a883a7f-7974-4519-a013-c2368af8e250-23456247935296","trial_id":26,"param_name":"ratio","param_value_internal":50.75002577928008,"distribution":"{\"name\": \"FloatDistribution\", \"attributes\": {\"step\": null, \"low\": 0.1, \"high\": 100.0, \"log\": true}}"}
{"op_code":6,"worker_id":"1a883a7f-7974-4519-a013-c2368af8e250-23456247935296","trial_id":26,"state":3,"values":null,"datetime_complete":"2026-07-24T11:56:43.690661"}
{"op_code":0,"worker_id":"8782938a-ce0b-4e69-b874-e5b6ae146c13-23456247935296","study_name":"peter_msnbc_k5","directions":[2]}
{"op_code":4,"worker_id":"8782938a-ce0b-4e69-b874-e5b6ae146c13-23456247935296","study_id":0,"datetime_start":"2026-07-24T12:00:34.037039"}
{"op_code":9,"worker_id":"8782938a-ce0b-4e69-b874-e5b6ae146c13-23456247935296","trial_id":27,"system_attr":{"tpe:relative_params:0":"{\"lr\": 0.13973158391143045, \"ratio\": 86.96162353653138}"}}
{"op_code":5,"worker_id":"8782938a-ce0b-4e69-b874-e5b6ae146c13-23456247935296","trial_id":27,"param_name":"lr","param_value_internal":0.13973158391143045,"distribution":"{\"name\": \"FloatDistribution\", \"attributes\": {\"step\": null, \"low\": 1e-08, \"high\": 0.5, \"log\": true}}"}
{"op_code":5,"worker_id":"8782938a-ce0b-4e69-b874-e5b6ae146c13-23456247935296","trial_id":27,"param_name":"ratio","param_value_internal":86.96162353653138,"distribution":"{\"name\": \"FloatDistribution\", \"attributes\": {\"step\": null, \"low\": 0.1, \"high\": 100.0, \"log\": true}}"}
{"op_code":6,"worker_id":"8782938a-ce0b-4e69-b874-e5b6ae146c13-23456247935296","trial_id":27,"state":3,"values":null,"datetime_complete":"2026-07-24T12:00:42.344696"}
{"op_code":0,"worker_id":"2db42e68-779e-493b-952e-00817dd92253-23456247935296","study_name":"peter_msnbc_k5","directions":[2]}
{"op_code":4,"worker_id":"2db42e68-779e-493b-952e-00817dd92253-23456247935296","study_id":0,"datetime_start":"2026-07-24T12:04:26.365918"}
{"op_code":9,"worker_id":"2db42e68-779e-493b-952e-00817dd92253-23456247935296","trial_id":28,"system_attr":{"tpe:relative_params:0":"{\"lr\": 0.4154952889149431, \"ratio\": 44.82381904359584}"}}
{"op_code":5,"worker_id":"2db42e68-779e-493b-952e-00817dd92253-23456247935296","trial_id":28,"param_name":"lr","param_value_internal":0.4154952889149431,"distribution":"{\"name\": \"FloatDistribution\", \"attributes\": {\"step\": null, \"low\": 1e-08, \"high\": 0.5, \"log\": true}}"}
{"op_code":5,"worker_id":"2db42e68-779e-493b-952e-00817dd92253-23456247935296","trial_id":28,"param_name":"ratio","param_value_internal":44.82381904359584,"distribution":"{\"name\": \"FloatDistribution\", \"attributes\": {\"step\": null, \"low\": 0.1, \"high\": 100.0, \"log\": true}}"}
{"op_code":6,"worker_id":"2db42e68-779e-493b-952e-00817dd92253-23456247935296","trial_id":28,"state":3,"values":null,"datetime_complete":"2026-07-24T12:04:34.725313"}
{"op_code":0,"worker_id":"0197be6b-5992-420b-bbf4-0128b3e2d43c-23456247935296","study_name":"peter_msnbc_k5","directions":[2]}
{"op_code":4,"worker_id":"0197be6b-5992-420b-bbf4-0128b3e2d43c-23456247935296","study_id":0,"datetime_start":"2026-07-24T12:07:47.663532"}
{"op_code":9,"worker_id":"0197be6b-5992-420b-bbf4-0128b3e2d43c-23456247935296","trial_id":29,"system_attr":{"tpe:relative_params:0":"{\"lr\": 0.045266711606410714, \"ratio\": 93.63400959706443}"}}
{"op_code":5,"worker_id":"0197be6b-5992-420b-bbf4-0128b3e2d43c-23456247935296","trial_id":29,"param_name":"lr","param_value_internal":0.045266711606410714,"distribution":"{\"name\": \"FloatDistribution\", \"attributes\": {\"step\": null, \"low\": 1e-08, \"high\": 0.5, \"log\": true}}"}
{"op_code":5,"worker_id":"0197be6b-5992-420b-bbf4-0128b3e2d43c-23456247935296","trial_id":29,"param_name":"ratio","param_value_internal":93.63400959706443,"distribution":"{\"name\": \"FloatDistribution\", \"attributes\": {\"step\": null, \"low\": 0.1, \"high\": 100.0, \"log\": true}}"}
{"op_code":6,"worker_id":"0197be6b-5992-420b-bbf4-0128b3e2d43c-23456247935296","trial_id":29,"state":1,"values":[-12.532812648512847],"datetime_complete":"2026-07-24T12:11:04.737937"}
{"op_code":0,"worker_id":"658715c7-936d-436c-954b-f7459d0ab40e-23456247935296","study_name":"peter_msnbc_k5","directions":[2]}
{"op_code":4,"worker_id":"658715c7-936d-436c-954b-f7459d0ab40e-23456247935296","study_id":0,"datetime_start":"2026-07-24T12:11:50.201438"}
{"op_code":9,"worker_id":"658715c7-936d-436c-954b-f7459d0ab40e-23456247935296","trial_id":30,"system_attr":{"tpe:relative_params:0":"{\"lr\": 0.22871844957096188, \"ratio\": 14.557583741377925}"}}
{"op_code":5,"worker_id":"658715c7-936d-436c-954b-f7459d0ab40e-23456247935296","trial_id":30,"param_name":"lr","param_value_internal":0.22871844957096188,"distribution":"{\"name\": \"FloatDistribution\", \"attributes\": {\"step\": null, \"low\": 1e-08, \"high\": 0.5, \"log\": true}}"}
{"op_code":5,"worker_id":"658715c7-936d-436c-954b-f7459d0ab40e-23456247935296","trial_id":30,"param_name":"ratio","param_value_internal":14.557583741377925,"distribution":"{\"name\": \"FloatDistribution\", \"attributes\": {\"step\": null, \"low\": 0.1, \"high\": 100.0, \"log\": true}}"}
{"op_code":6,"worker_id":"658715c7-936d-436c-954b-f7459d0ab40e-23456247935296","trial_id":30,"state":3,"values":null,"datetime_complete":"2026-07-24T12:11:59.171054"}
{"op_code":0,"worker_id":"0b6907c7-bba0-4c2e-8bff-cf9f7b852fae-23456247935296","study_name":"peter_msnbc_k5","directions":[2]}
{"op_code":4,"worker_id":"0b6907c7-bba0-4c2e-8bff-cf9f7b852fae-23456247935296","study_id":0,"datetime_start":"2026-07-24T12:16:04.938075"}
{"op_code":9,"worker_id":"0b6907c7-bba0-4c2e-8bff-cf9f7b852fae-23456247935296","trial_id":31,"system_attr":{"tpe:relative_params:0":"{\"lr\": 0.46377287344498386, \"ratio\": 0.4468903684773935}"}}
{"op_code":5,"worker_id":"0b6907c7-bba0-4c2e-8bff-cf9f7b852fae-23456247935296","trial_id":31,"param_name":"lr","param_value_internal":0.46377287344498386,"distribution":"{\"name\": \"FloatDistribution\", \"attributes\": {\"step\": null, \"low\": 1e-08, \"high\": 0.5, \"log\": true}}"}
{"op_code":5,"worker_id":"0b6907c7-bba0-4c2e-8bff-cf9f7b852fae-23456247935296","trial_id":31,"param_name":"ratio","param_value_internal":0.4468903684773935,"distribution":"{\"name\": \"FloatDistribution\", \"attributes\": {\"step\": null, \"low\": 0.1, \"high\": 100.0, \"log\": true}}"}
{"op_code":6,"worker_id":"0b6907c7-bba0-4c2e-8bff-cf9f7b852fae-23456247935296","trial_id":31,"state":3,"values":null,"datetime_complete":"2026-07-24T12:16:13.208219"}
{"op_code":0,"worker_id":"91984747-71c8-4a34-9db0-99e452806ebf-23456247935296","study_name":"peter_msnbc_k5","directions":[2]}
{"op_code":4,"worker_id":"91984747-71c8-4a34-9db0-99e452806ebf-23456247935296","study_id":0,"datetime_start":"2026-07-24T12:19:19.616546"}
{"op_code":9,"worker_id":"91984747-71c8-4a34-9db0-99e452806ebf-23456247935296","trial_id":32,"system_attr":{"tpe:relative_params:0":"{\"lr\": 0.2023318670562689, \"ratio\": 13.945433529029504}"}}
{"op_code":5,"worker_id":"91984747-71c8-4a34-9db0-99e452806ebf-23456247935296","trial_id":32,"param_name":"lr","param_value_internal":0.2023318670562689,"distribution":"{\"name\": \"FloatDistribution\", \"attributes\": {\"step\": null, \"low\": 1e-08, \"high\": 0.5, \"log\": true}}"}
{"op_code":5,"worker_id":"91984747-71c8-4a34-9db0-99e452806ebf-23456247935296","trial_id":32,"param_name":"ratio","param_value_internal":13.945433529029504,"distribution":"{\"name\": \"FloatDistribution\", \"attributes\": {\"step\": null, \"low\": 0.1, \"high\": 100.0, \"log\": true}}"}
{"op_code":6,"worker_id":"91984747-71c8-4a34-9db0-99e452806ebf-23456247935296","trial_id":32,"state":3,"values":null,"datetime_complete":"2026-07-24T12:19:27.067578"}
{"op_code":0,"worker_id":"76e18b78-fe84-4508-be19-0517d9418cc9-23456247935296","study_name":"peter_msnbc_k5","directions":[2]}
{"op_code":4,"worker_id":"76e18b78-fe84-4508-be19-0517d9418cc9-23456247935296","study_id":0,"datetime_start":"2026-07-24T12:23:36.755894"}
{"op_code":9,"worker_id":"76e18b78-fe84-4508-be19-0517d9418cc9-23456247935296","trial_id":33,"system_attr":{"tpe:relative_params:0":"{\"lr\": 0.2937444662525026, \"ratio\": 12.731855617476326}"}}
{"op_code":5,"worker_id":"76e18b78-fe84-4508-be19-0517d9418cc9-23456247935296","trial_id":33,"param_name":"lr","param_value_internal":0.2937444662525026,"distribution":"{\"name\": \"FloatDistribution\", \"attributes\": {\"step\": null, \"low\": 1e-08, \"high\": 0.5, \"log\": true}}"}
{"op_code":5,"worker_id":"76e18b78-fe84-4508-be19-0517d9418cc9-23456247935296","trial_id":33,"param_name":"ratio","param_value_internal":12.731855617476326,"distribution":"{\"name\": \"FloatDistribution\", \"attributes\": {\"step\": null, \"low\": 0.1, \"high\": 100.0, \"log\": true}}"}
{"op_code":6,"worker_id":"76e18b78-fe84-4508-be19-0517d9418cc9-23456247935296","trial_id":33,"state":3,"values":null,"datetime_complete":"2026-07-24T12:23:44.800952"}
{"op_code":0,"worker_id":"cc649a74-12a8-44e1-9f0a-e2ac5da5ae5b-23456247935296","study_name":"peter_msnbc_k5","directions":[2]}
{"op_code":4,"worker_id":"cc649a74-12a8-44e1-9f0a-e2ac5da5ae5b-23456247935296","study_id":0,"datetime_start":"2026-07-24T12:29:33.919729"}
{"op_code":9,"worker_id":"cc649a74-12a8-44e1-9f0a-e2ac5da5ae5b-23456247935296","trial_id":34,"system_attr":{"tpe:relative_params:0":"{\"lr\": 0.2895794503891955, \"ratio\": 0.3986524455716351}"}}
{"op_code":5,"worker_id":"cc649a74-12a8-44e1-9f0a-e2ac5da5ae5b-23456247935296","trial_id":34,"param_name":"lr","param_value_internal":0.2895794503891955,"distribution":"{\"name\": \"FloatDistribution\", \"attributes\": {\"step\": null, \"low\": 1e-08, \"high\": 0.5, \"log\": true}}"}
{"op_code":5,"worker_id":"cc649a74-12a8-44e1-9f0a-e2ac5da5ae5b-23456247935296","trial_id":34,"param_name":"ratio","param_value_internal":0.3986524455716351,"distribution":"{\"name\": \"FloatDistribution\", \"attributes\": {\"step\": null, \"low\": 0.1, \"high\": 100.0, \"log\": true}}"}
{"op_code":6,"worker_id":"cc649a74-12a8-44e1-9f0a-e2ac5da5ae5b-23456247935296","trial_id":34,"state":3,"values":null,"datetime_complete":"2026-07-24T12:29:42.894489"}
{"op_code":0,"worker_id":"e8710d7c-3134-4c62-9e51-742ab6846550-23456247935296","study_name":"peter_msnbc_k5","directions":[2]}
{"op_code":4,"worker_id":"e8710d7c-3134-4c62-9e51-742ab6846550-23456247935296","study_id":0,"datetime_start":"2026-07-24T12:33:44.506397"}
{"op_code":9,"worker_id":"e8710d7c-3134-4c62-9e51-742ab6846550-23456247935296","trial_id":35,"system_attr":{"tpe:relative_params:0":"{\"lr\": 0.22604821276547812, \"ratio\": 12.888986375508683}"}}
{"op_code":5,"worker_id":"e8710d7c-3134-4c62-9e51-742ab6846550-23456247935296","trial_id":35,"param_name":"lr","param_value_internal":0.22604821276547812,"distribution":"{\"name\": \"FloatDistribution\", \"attributes\": {\"step\": null, \"low\": 1e-08, \"high\": 0.5, \"log\": true}}"}
{"op_code":5,"worker_id":"e8710d7c-3134-4c62-9e51-742ab6846550-23456247935296","trial_id":35,"param_name":"ratio","param_value_internal":12.888986375508683,"distribution":"{\"name\": \"FloatDistribution\", \"attributes\": {\"step\": null, \"low\": 0.1, \"high\": 100.0, \"log\": true}}"}
{"op_code":6,"worker_id":"e8710d7c-3134-4c62-9e51-742ab6846550-23456247935296","trial_id":35,"state":3,"values":null,"datetime_complete":"2026-07-24T12:33:54.792787"}
{"op_code":0,"worker_id":"40d75cbf-6d5e-44ba-8938-ea3ecbb5be2a-23456247935296","study_name":"peter_msnbc_k5","directions":[2]}
{"op_code":4,"worker_id":"40d75cbf-6d5e-44ba-8938-ea3ecbb5be2a-23456247935296","study_id":0,"datetime_start":"2026-07-24T12:37:57.342581"}
{"op_code":9,"worker_id":"40d75cbf-6d5e-44ba-8938-ea3ecbb5be2a-23456247935296","trial_id":36,"system_attr":{"tpe:relative_params:0":"{\"lr\": 0.005401194429470751, \"ratio\": 17.790836992366717}"}}
{"op_code":5,"worker_id":"40d75cbf-6d5e-44ba-8938-ea3ecbb5be2a-23456247935296","trial_id":36,"param_name":"lr","param_value_internal":0.005401194429470751,"distribution":"{\"name\": \"FloatDistribution\", \"attributes\": {\"step\": null, \"low\": 1e-08, \"high\": 0.5, \"log\": true}}"}
{"op_code":5,"worker_id":"40d75cbf-6d5e-44ba-8938-ea3ecbb5be2a-23456247935296","trial_id":36,"param_name":"ratio","param_value_internal":17.790836992366717,"distribution":"{\"name\": \"FloatDistribution\", \"attributes\": {\"step\": null, \"low\": 0.1, \"high\": 100.0, \"log\": true}}"}
{"op_code":6,"worker_id":"40d75cbf-6d5e-44ba-8938-ea3ecbb5be2a-23456247935296","trial_id":36,"state":1,"values":[-12.13401048948687],"datetime_complete":"2026-07-24T12:41:37.365100"}
{"op_code":0,"worker_id":"cb0d974b-dcaa-48ba-8695-6764bf80e9ef-23456247935296","study_name":"peter_msnbc_k5","directions":[2]}
{"op_code":4,"worker_id":"cb0d974b-dcaa-48ba-8695-6764bf80e9ef-23456247935296","study_id":0,"datetime_start":"2026-07-24T12:43:22.360612"}
{"op_code":9,"worker_id":"cb0d974b-dcaa-48ba-8695-6764bf80e9ef-23456247935296","trial_id":37,"system_attr":{"tpe:relative_params:0":"{\"lr\": 0.027891806782497894, \"ratio\": 18.628826554731162}"}}
{"op_code":5,"worker_id":"cb0d974b-dcaa-48ba-8695-6764bf80e9ef-23456247935296","trial_id":37,"param_name":"lr","param_value_internal":0.027891806782497894,"distribution":"{\"name\": \"FloatDistribution\", \"attributes\": {\"step\": null, \"low\": 1e-08, \"high\": 0.5, \"log\": true}}"}
{"op_code":5,"worker_id":"cb0d974b-dcaa-48ba-8695-6764bf80e9ef-23456247935296","trial_id":37,"param_name":"ratio","param_value_internal":18.628826554731162,"distribution":"{\"name\": \"FloatDistribution\", \"attributes\": {\"step\": null, \"low\": 0.1, \"high\": 100.0, \"log\": true}}"}
{"op_code":6,"worker_id":"cb0d974b-dcaa-48ba-8695-6764bf80e9ef-23456247935296","trial_id":37,"state":1,"values":[-11.842276495228852],"datetime_complete":"2026-07-24T12:47:31.278887"}
{"op_code":0,"worker_id":"cbaa487e-cb97-43f3-8cae-211b81b27fee-23456247935296","study_name":"peter_msnbc_k5","directions":[2]}
{"op_code":4,"worker_id":"cbaa487e-cb97-43f3-8cae-211b81b27fee-23456247935296","study_id":0,"datetime_start":"2026-07-24T12:48:17.013397"}
{"op_code":9,"worker_id":"cbaa487e-cb97-43f3-8cae-211b81b27fee-23456247935296","trial_id":38,"system_attr":{"tpe:relative_params:0":"{\"lr\": 0.03668077753338104, \"ratio\": 28.885564591807324}"}}
{"op_code":5,"worker_id":"cbaa487e-cb97-43f3-8cae-211b81b27fee-23456247935296","trial_id":38,"param_name":"lr","param_value_internal":0.03668077753338104,"distribution":"{\"name\": \"FloatDistribution\", \"attributes\": {\"step\": null, \"low\": 1e-08, \"high\": 0.5, \"log\": true}}"}
{"op_code":5,"worker_id":"cbaa487e-cb97-43f3-8cae-211b81b27fee-23456247935296","trial_id":38,"param_name":"ratio","param_value_internal":28.885564591807324,"distribution":"{\"name\": \"FloatDistribution\", \"attributes\": {\"step\": null, \"low\": 0.1, \"high\": 100.0, \"log\": true}}"}
{"op_code":6,"worker_id":"cbaa487e-cb97-43f3-8cae-211b81b27fee-23456247935296","trial_id":38,"state":1,"values":[-11.909716820197975],"datetime_complete":"2026-07-24T12:51:40.626126"}
{"op_code":0,"worker_id":"52265d81-ee87-415b-814d-3efab3c13b6c-23456247935296","study_name":"peter_msnbc_k5","directions":[2]}
{"op_code":4,"worker_id":"52265d81-ee87-415b-814d-3efab3c13b6c-23456247935296","study_id":0,"datetime_start":"2026-07-24T12:52:46.405683"}
{"op_code":9,"worker_id":"52265d81-ee87-415b-814d-3efab3c13b6c-23456247935296","trial_id":39,"system_attr":{"tpe:relative_params:0":"{\"lr\": 0.299981143744277, \"ratio\": 0.2164896761173725}"}}
{"op_code":5,"worker_id":"52265d81-ee87-415b-814d-3efab3c13b6c-23456247935296","trial_id":39,"param_name":"lr","param_value_internal":0.299981143744277,"distribution":"{\"name\": \"FloatDistribution\", \"attributes\": {\"step\": null, \"low\": 1e-08, \"high\": 0.5, \"log\": true}}"}
{"op_code":5,"worker_id":"52265d81-ee87-415b-814d-3efab3c13b6c-23456247935296","trial_id":39,"param_name":"ratio","param_value_internal":0.2164896761173725,"distribution":"{\"name\": \"FloatDistribution\", \"attributes\": {\"step\": null, \"low\": 0.1, \"high\": 100.0, \"log\": true}}"}
{"op_code":6,"worker_id":"52265d81-ee87-415b-814d-3efab3c13b6c-23456247935296","trial_id":39,"state":3,"values":null,"datetime_complete":"2026-07-24T12:52:57.511615"}
{"op_code":0,"worker_id":"138f0b2d-fda1-4819-abd1-93b325c7a792-23456247935296","study_name":"peter_msnbc_k5","directions":[2]}
{"op_code":4,"worker_id":"138f0b2d-fda1-4819-abd1-93b325c7a792-23456247935296","study_id":0,"datetime_start":"2026-07-24T12:57:24.061064"}
{"op_code":9,"worker_id":"138f0b2d-fda1-4819-abd1-93b325c7a792-23456247935296","trial_id":40,"system_attr":{"tpe:relative_params:0":"{\"lr\": 0.0009781901742002385, \"ratio\": 32.658761896762165}"}}
{"op_code":5,"worker_id":"138f0b2d-fda1-4819-abd1-93b325c7a792-23456247935296","trial_id":40,"param_name":"lr","param_value_internal":0.0009781901742002385,"distribution":"{\"name\": \"FloatDistribution\", \"attributes\": {\"step\": null, \"low\": 1e-08, \"high\": 0.5, \"log\": true}}"}
{"op_code":5,"worker_id":"138f0b2d-fda1-4819-abd1-93b325c7a792-23456247935296","trial_id":40,"param_name":"ratio","param_value_internal":32.658761896762165,"distribution":"{\"name\": \"FloatDistribution\", \"attributes\": {\"step\": null, \"low\": 0.1, \"high\": 100.0, \"log\": true}}"}
{"op_code":0,"worker_id":"03b71117-2eae-47de-a8c5-0def6734ab83-23456247935296","study_name":"peter_msnbc_k5","directions":[2]}
{"op_code":4,"worker_id":"03b71117-2eae-47de-a8c5-0def6734ab83-23456247935296","study_id":0,"datetime_start":"2026-07-24T13:01:17.921154"}
{"op_code":9,"worker_id":"03b71117-2eae-47de-a8c5-0def6734ab83-23456247935296","trial_id":41,"system_attr":{"tpe:relative_params:0":"{\"lr\": 0.39176871166168364, \"ratio\": 31.288837965007588}"}}
{"op_code":5,"worker_id":"03b71117-2eae-47de-a8c5-0def6734ab83-23456247935296","trial_id":41,"param_name":"lr","param_value_internal":0.39176871166168364,"distribution":"{\"name\": \"FloatDistribution\", \"attributes\": {\"step\": null, \"low\": 1e-08, \"high\": 0.5, \"log\": true}}"}
{"op_code":5,"worker_id":"03b71117-2eae-47de-a8c5-0def6734ab83-23456247935296","trial_id":41,"param_name":"ratio","param_value_internal":31.288837965007588,"distribution":"{\"name\": \"FloatDistribution\", \"attributes\": {\"step\": null, \"low\": 0.1, \"high\": 100.0, \"log\": true}}"}
{"op_code":6,"worker_id":"03b71117-2eae-47de-a8c5-0def6734ab83-23456247935296","trial_id":41,"state":3,"values":null,"datetime_complete":"2026-07-24T13:01:28.220707"}
{"op_code":6,"worker_id":"138f0b2d-fda1-4819-abd1-93b325c7a792-23456247935296","trial_id":40,"state":1,"values":[-13.63414040570956],"datetime_complete":"2026-07-24T13:01:33.440203"}
{"op_code":0,"worker_id":"4adec543-f43d-4f5c-b307-716eaee3c9a1-23456247935296","study_name":"peter_msnbc_k5","directions":[2]}
{"op_code":4,"worker_id":"4adec543-f43d-4f5c-b307-716eaee3c9a1-23456247935296","study_id":0,"datetime_start":"2026-07-24T13:05:39.252624"}
{"op_code":9,"worker_id":"4adec543-f43d-4f5c-b307-716eaee3c9a1-23456247935296","trial_id":42,"system_attr":{"tpe:relative_params:0":"{\"lr\": 0.2586076821922019, \"ratio\": 10.469575215296894}"}}
{"op_code":5,"worker_id":"4adec543-f43d-4f5c-b307-716eaee3c9a1-23456247935296","trial_id":42,"param_name":"lr","param_value_internal":0.2586076821922019,"distribution":"{\"name\": \"FloatDistribution\", \"attributes\": {\"step\": null, \"low\": 1e-08, \"high\": 0.5, \"log\": true}}"}
{"op_code":5,"worker_id":"4adec543-f43d-4f5c-b307-716eaee3c9a1-23456247935296","trial_id":42,"param_name":"ratio","param_value_internal":10.469575215296894,"distribution":"{\"name\": \"FloatDistribution\", \"attributes\": {\"step\": null, \"low\": 0.1, \"high\": 100.0, \"log\": true}}"}
{"op_code":6,"worker_id":"4adec543-f43d-4f5c-b307-716eaee3c9a1-23456247935296","trial_id":42,"state":3,"values":null,"datetime_complete":"2026-07-24T13:05:47.995832"}
{"op_code":0,"worker_id":"6678e5e5-95f4-4d73-8ea1-bed166d3d82c-23456247935296","study_name":"peter_msnbc_k5","directions":[2]}
{"op_code":4,"worker_id":"6678e5e5-95f4-4d73-8ea1-bed166d3d82c-23456247935296","study_id":0,"datetime_start":"2026-07-24T13:10:12.466712"}
{"op_code":9,"worker_id":"6678e5e5-95f4-4d73-8ea1-bed166d3d82c-23456247935296","trial_id":43,"system_attr":{"tpe:relative_params:0":"{\"lr\": 0.3992751597247823, \"ratio\": 17.27093752131482}"}}
{"op_code":5,"worker_id":"6678e5e5-95f4-4d73-8ea1-bed166d3d82c-23456247935296","trial_id":43,"param_name":"lr","param_value_internal":0.3992751597247823,"distribution":"{\"name\": \"FloatDistribution\", \"attributes\": {\"step\": null, \"low\": 1e-08, \"high\": 0.5, \"log\": true}}"}
{"op_code":5,"worker_id":"6678e5e5-95f4-4d73-8ea1-bed166d3d82c-23456247935296","trial_id":43,"param_name":"ratio","param_value_internal":17.27093752131482,"distribution":"{\"name\": \"FloatDistribution\", \"attributes\": {\"step\": null, \"low\": 0.1, \"high\": 100.0, \"log\": true}}"}
{"op_code":6,"worker_id":"6678e5e5-95f4-4d73-8ea1-bed166d3d82c-23456247935296","trial_id":43,"state":3,"values":null,"datetime_complete":"2026-07-24T13:10:20.154423"}
{"op_code":0,"worker_id":"0230647b-ca6e-4209-ad0f-ce7ecd8b3b03-23456247935296","study_name":"peter_msnbc_k5","directions":[2]}
{"op_code":4,"worker_id":"0230647b-ca6e-4209-ad0f-ce7ecd8b3b03-23456247935296","study_id":0,"datetime_start":"2026-07-24T13:15:07.972706"}
{"op_code":9,"worker_id":"0230647b-ca6e-4209-ad0f-ce7ecd8b3b03-23456247935296","trial_id":44,"system_attr":{"tpe:relative_params:0":"{\"lr\": 0.39386006950951535, \"ratio\": 14.678446916103157}"}}
{"op_code":5,"worker_id":"0230647b-ca6e-4209-ad0f-ce7ecd8b3b03-23456247935296","trial_id":44,"param_name":"lr","param_value_internal":0.39386006950951535,"distribution":"{\"name\": \"FloatDistribution\", \"attributes\": {\"step\": null, \"low\": 1e-08, \"high\": 0.5, \"log\": true}}"}
{"op_code":5,"worker_id":"0230647b-ca6e-4209-ad0f-ce7ecd8b3b03-23456247935296","trial_id":44,"param_name":"ratio","param_value_internal":14.678446916103157,"distribution":"{\"name\": \"FloatDistribution\", \"attributes\": {\"step\": null, \"low\": 0.1, \"high\": 100.0, \"log\": true}}"}
{"op_code":6,"worker_id":"0230647b-ca6e-4209-ad0f-ce7ecd8b3b03-23456247935296","trial_id":44,"state":3,"values":null,"datetime_complete":"2026-07-24T13:15:16.133023"}
{"op_code":0,"worker_id":"0fb85b66-67c8-4572-8fd5-845fedbff5f3-23456247935296","study_name":"peter_msnbc_k5","directions":[2]}
{"op_code":4,"worker_id":"0fb85b66-67c8-4572-8fd5-845fedbff5f3-23456247935296","study_id":0,"datetime_start":"2026-07-24T13:18:48.532304"}
{"op_code":9,"worker_id":"0fb85b66-67c8-4572-8fd5-845fedbff5f3-23456247935296","trial_id":45,"system_attr":{"tpe:relative_params:0":"{\"lr\": 0.12175686516453224, \"ratio\": 11.414293427379087}"}}
{"op_code":5,"worker_id":"0fb85b66-67c8-4572-8fd5-845fedbff5f3-23456247935296","trial_id":45,"param_name":"lr","param_value_internal":0.12175686516453224,"distribution":"{\"name\": \"FloatDistribution\", \"attributes\": {\"step\": null, \"low\": 1e-08, \"high\": 0.5, \"log\": true}}"}
{"op_code":5,"worker_id":"0fb85b66-67c8-4572-8fd5-845fedbff5f3-23456247935296","trial_id":45,"param_name":"ratio","param_value_internal":11.414293427379087,"distribution":"{\"name\": \"FloatDistribution\", \"attributes\": {\"step\": null, \"low\": 0.1, \"high\": 100.0, \"log\": true}}"}
{"op_code":6,"worker_id":"0fb85b66-67c8-4572-8fd5-845fedbff5f3-23456247935296","trial_id":45,"state":3,"values":null,"datetime_complete":"2026-07-24T13:18:59.386367"}
{"op_code":0,"worker_id":"793181f9-5059-4c4a-9b22-0e702495ad95-23456247935296","study_name":"peter_msnbc_k5","directions":[2]}
{"op_code":4,"worker_id":"793181f9-5059-4c4a-9b22-0e702495ad95-23456247935296","study_id":0,"datetime_start":"2026-07-24T13:21:54.620156"}
{"op_code":9,"worker_id":"793181f9-5059-4c4a-9b22-0e702495ad95-23456247935296","trial_id":46,"system_attr":{"tpe:relative_params:0":"{\"lr\": 0.08022625182620667, \"ratio\": 18.72244060263271}"}}
{"op_code":5,"worker_id":"793181f9-5059-4c4a-9b22-0e702495ad95-23456247935296","trial_id":46,"param_name":"lr","param_value_internal":0.08022625182620667,"distribution":"{\"name\": \"FloatDistribution\", \"attributes\": {\"step\": null, \"low\": 1e-08, \"high\": 0.5, \"log\": true}}"}
{"op_code":5,"worker_id":"793181f9-5059-4c4a-9b22-0e702495ad95-23456247935296","trial_id":46,"param_name":"ratio","param_value_internal":18.72244060263271,"distribution":"{\"name\": \"FloatDistribution\", \"attributes\": {\"step\": null, \"low\": 0.1, \"high\": 100.0, \"log\": true}}"}
{"op_code":6,"worker_id":"793181f9-5059-4c4a-9b22-0e702495ad95-23456247935296","trial_id":46,"state":3,"values":null,"datetime_complete":"2026-07-24T13:22:03.683513"}
{"op_code":0,"worker_id":"8d1a8ce0-5a7d-4ca1-8b55-274b637af804-23456247935296","study_name":"peter_msnbc_k5","directions":[2]}
{"op_code":4,"worker_id":"8d1a8ce0-5a7d-4ca1-8b55-274b637af804-23456247935296","study_id":0,"datetime_start":"2026-07-24T13:24:40.254455"}
{"op_code":9,"worker_id":"8d1a8ce0-5a7d-4ca1-8b55-274b637af804-23456247935296","trial_id":47,"system_attr":{"tpe:relative_params:0":"{\"lr\": 0.09113479516045069, \"ratio\": 17.395528603902992}"}}
{"op_code":5,"worker_id":"8d1a8ce0-5a7d-4ca1-8b55-274b637af804-23456247935296","trial_id":47,"param_name":"lr","param_value_internal":0.09113479516045069,"distribution":"{\"name\": \"FloatDistribution\", \"attributes\": {\"step\": null, \"low\": 1e-08, \"high\": 0.5, \"log\": true}}"}
{"op_code":5,"worker_id":"8d1a8ce0-5a7d-4ca1-8b55-274b637af804-23456247935296","trial_id":47,"param_name":"ratio","param_value_internal":17.395528603902992,"distribution":"{\"name\": \"FloatDistribution\", \"attributes\": {\"step\": null, \"low\": 0.1, \"high\": 100.0, \"log\": true}}"}
{"op_code":0,"worker_id":"f791bb33-363b-4fb6-bf6e-ea671a0c49d4-23456247935296","study_name":"peter_msnbc_k5","directions":[2]}
{"op_code":4,"worker_id":"f791bb33-363b-4fb6-bf6e-ea671a0c49d4-23456247935296","study_id":0,"datetime_start":"2026-07-24T13:27:49.271870"}
{"op_code":9,"worker_id":"f791bb33-363b-4fb6-bf6e-ea671a0c49d4-23456247935296","trial_id":48,"system_attr":{"tpe:relative_params:0":"{\"lr\": 0.003992247832371804, \"ratio\": 68.6041423156284}"}}
{"op_code":5,"worker_id":"f791bb33-363b-4fb6-bf6e-ea671a0c49d4-23456247935296","trial_id":48,"param_name":"lr","param_value_internal":0.003992247832371804,"distribution":"{\"name\": \"FloatDistribution\", \"attributes\": {\"step\": null, \"low\": 1e-08, \"high\": 0.5, \"log\": true}}"}
{"op_code":5,"worker_id":"f791bb33-363b-4fb6-bf6e-ea671a0c49d4-23456247935296","trial_id":48,"param_name":"ratio","param_value_internal":68.6041423156284,"distribution":"{\"name\": \"FloatDistribution\", \"attributes\": {\"step\": null, \"low\": 0.1, \"high\": 100.0, \"log\": true}}"}
{"op_code":6,"worker_id":"8d1a8ce0-5a7d-4ca1-8b55-274b637af804-23456247935296","trial_id":47,"state":1,"values":[-223.04649782365627],"datetime_complete":"2026-07-24T13:28:27.593381"}
{"op_code":6,"worker_id":"f791bb33-363b-4fb6-bf6e-ea671a0c49d4-23456247935296","trial_id":48,"state":1,"values":[-12.298325786076125],"datetime_complete":"2026-07-24T13:31:04.663342"}
{"op_code":0,"worker_id":"44864fd4-7984-4325-8787-2e6d89e04fdf-23456247935296","study_name":"peter_msnbc_k5","directions":[2]}
{"op_code":4,"worker_id":"44864fd4-7984-4325-8787-2e6d89e04fdf-23456247935296","study_id":0,"datetime_start":"2026-07-24T13:31:40.558049"}
{"op_code":9,"worker_id":"44864fd4-7984-4325-8787-2e6d89e04fdf-23456247935296","trial_id":49,"system_attr":{"tpe:relative_params:0":"{\"lr\": 0.37704344365304115, \"ratio\": 72.79781127344047}"}}
{"op_code":5,"worker_id":"44864fd4-7984-4325-8787-2e6d89e04fdf-23456247935296","trial_id":49,"param_name":"lr","param_value_internal":0.37704344365304115,"distribution":"{\"name\": \"FloatDistribution\", \"attributes\": {\"step\": null, \"low\": 1e-08, \"high\": 0.5, \"log\": true}}"}
{"op_code":5,"worker_id":"44864fd4-7984-4325-8787-2e6d89e04fdf-23456247935296","trial_id":49,"param_name":"ratio","param_value_internal":72.79781127344047,"distribution":"{\"name\": \"FloatDistribution\", \"attributes\": {\"step\": null, \"low\": 0.1, \"high\": 100.0, \"log\": true}}"}
{"op_code":6,"worker_id":"44864fd4-7984-4325-8787-2e6d89e04fdf-23456247935296","trial_id":49,"state":3,"values":null,"datetime_complete":"2026-07-24T13:31:49.048239"}
{"op_code":0,"worker_id":"547a37b2-2348-4868-9f1f-6fba7ffe4bb7-23456247935296","study_name":"peter_msnbc_k5","directions":[2]}
{"op_code":4,"worker_id":"547a37b2-2348-4868-9f1f-6fba7ffe4bb7-23456247935296","study_id":0,"datetime_start":"2026-07-24T13:35:17.323609"}
{"op_code":9,"worker_id":"547a37b2-2348-4868-9f1f-6fba7ffe4bb7-23456247935296","trial_id":50,"system_attr":{"tpe:relative_params:0":"{\"lr\": 0.29563236369211715, \"ratio\": 0.5057029641253002}"}}
{"op_code":5,"worker_id":"547a37b2-2348-4868-9f1f-6fba7ffe4bb7-23456247935296","trial_id":50,"param_name":"lr","param_value_internal":0.29563236369211715,"distribution":"{\"name\": \"FloatDistribution\", \"attributes\": {\"step\": null, \"low\": 1e-08, \"high\": 0.5, \"log\": true}}"}
{"op_code":5,"worker_id":"547a37b2-2348-4868-9f1f-6fba7ffe4bb7-23456247935296","trial_id":50,"param_name":"ratio","param_value_internal":0.5057029641253002,"distribution":"{\"name\": \"FloatDistribution\", \"attributes\": {\"step\": null, \"low\": 0.1, \"high\": 100.0, \"log\": true}}"}
{"op_code":6,"worker_id":"547a37b2-2348-4868-9f1f-6fba7ffe4bb7-23456247935296","trial_id":50,"state":3,"values":null,"datetime_complete":"2026-07-24T13:35:26.146731"}
{"op_code":0,"worker_id":"9e6b25ff-da57-4f40-93e3-1ba48c337763-23456247935296","study_name":"peter_msnbc_k5","directions":[2]}
{"op_code":4,"worker_id":"9e6b25ff-da57-4f40-93e3-1ba48c337763-23456247935296","study_id":0,"datetime_start":"2026-07-24T13:37:51.006354"}
{"op_code":9,"worker_id":"9e6b25ff-da57-4f40-93e3-1ba48c337763-23456247935296","trial_id":51,"system_attr":{"tpe:relative_params:0":"{\"lr\": 0.018823119532305272, \"ratio\": 0.10132400613695686}"}}
{"op_code":5,"worker_id":"9e6b25ff-da57-4f40-93e3-1ba48c337763-23456247935296","trial_id":51,"param_name":"lr","param_value_internal":0.018823119532305272,"distribution":"{\"name\": \"FloatDistribution\", \"attributes\": {\"step\": null, \"low\": 1e-08, \"high\": 0.5, \"log\": true}}"}
{"op_code":5,"worker_id":"9e6b25ff-da57-4f40-93e3-1ba48c337763-23456247935296","trial_id":51,"param_name":"ratio","param_value_internal":0.10132400613695686,"distribution":"{\"name\": \"FloatDistribution\", \"attributes\": {\"step\": null, \"low\": 0.1, \"high\": 100.0, \"log\": true}}"}
{"op_code":6,"worker_id":"9e6b25ff-da57-4f40-93e3-1ba48c337763-23456247935296","trial_id":51,"state":1,"values":[-18.05918633177241],"datetime_complete":"2026-07-24T13:41:10.363997"}
{"op_code":0,"worker_id":"fcde4f36-5928-4f28-994a-b303130777c2-23456247935296","study_name":"peter_msnbc_k5","directions":[2]}
{"op_code":0,"worker_id":"b7d24cb5-982f-452f-a9ea-a5c806c1df3b-23456247935296","study_name":"peter_msnbc_k5","directions":[2]}
