{"op_code":0,"worker_id":"7dcacfa6-e0e4-482a-bb79-8b99c61e4817-20268","study_name":"peter_ad_k3","directions":[2]}
{"op_code":0,"worker_id":"1a34ec27-16d4-4a95-8a70-d5e1f7221570-31232","study_name":"peter_ad_k3","directions":[2]}
{"op_code":4,"worker_id":"1a34ec27-16d4-4a95-8a70-d5e1f7221570-31232","study_id":0,"datetime_start":"2026-07-24T09:10:11.664723"}
{"op_code":5,"worker_id":"1a34ec27-16d4-4a95-8a70-d5e1f7221570-31232","trial_id":0,"param_name":"lr","param_value_internal":0.009408260368740488,"distribution":"{\"name\": \"FloatDistribution\", \"attributes\": {\"step\": null, \"low\": 1e-08, \"high\": 0.5, \"log\": true}}"}
{"op_code":5,"worker_id":"1a34ec27-16d4-4a95-8a70-d5e1f7221570-31232","trial_id":0,"param_name":"ratio","param_value_internal":0.8849641437955389,"distribution":"{\"name\": \"FloatDistribution\", \"attributes\": {\"step\": null, \"low\": 0.1, \"high\": 100.0, \"log\": true}}"}
{"op_code":6,"worker_id":"1a34ec27-16d4-4a95-8a70-d5e1f7221570-31232","trial_id":0,"state":3,"values":null,"datetime_complete":"2026-07-24T09:11:52.897374"}
{"op_code":0,"worker_id":"f0ed89a0-b3af-4231-8a37-94c20794df40-4260","study_name":"peter_ad_k3","directions":[2]}
{"op_code":4,"worker_id":"f0ed89a0-b3af-4231-8a37-94c20794df40-4260","study_id":0,"datetime_start":"2026-07-24T09:13:01.417117"}
{"op_code":5,"worker_id":"f0ed89a0-b3af-4231-8a37-94c20794df40-4260","trial_id":1,"param_name":"lr","param_value_internal":0.072788582142369,"distribution":"{\"name\": \"FloatDistribution\", \"attributes\": {\"step\": null, \"low\": 1e-08, \"high\": 0.5, \"log\": true}}"}
{"op_code":5,"worker_id":"f0ed89a0-b3af-4231-8a37-94c20794df40-4260","trial_id":1,"param_name":"ratio","param_value_internal":5.910912547802386,"distribution":"{\"name\": \"FloatDistribution\", \"attributes\": {\"step\": null, \"low\": 0.1, \"high\": 100.0, \"log\": true}}"}
{"op_code":0,"worker_id":"e33c4c98-4d32-41c4-97bc-9bd54444be1b-16900","study_name":"peter_ad_k3","directions":[2]}
{"op_code":4,"worker_id":"e33c4c98-4d32-41c4-97bc-9bd54444be1b-16900","study_id":0,"datetime_start":"2026-07-24T09:13:02.092809"}
{"op_code":5,"worker_id":"e33c4c98-4d32-41c4-97bc-9bd54444be1b-16900","trial_id":2,"param_name":"lr","param_value_internal":0.07907823231367885,"distribution":"{\"name\": \"FloatDistribution\", \"attributes\": {\"step\": null, \"low\": 1e-08, \"high\": 0.5, \"log\": true}}"}
{"op_code":5,"worker_id":"e33c4c98-4d32-41c4-97bc-9bd54444be1b-16900","trial_id":2,"param_name":"ratio","param_value_internal":9.726688962950485,"distribution":"{\"name\": \"FloatDistribution\", \"attributes\": {\"step\": null, \"low\": 0.1, \"high\": 100.0, \"log\": true}}"}
{"op_code":0,"worker_id":"336c4bcd-b38e-4ef6-a3c3-a38ab01af0a9-23456247935296","study_name":"peter_ad_k3","directions":[2]}
{"op_code":0,"worker_id":"404697d3-b4d4-4276-abf0-b0b2bac1bdd9-23456247935296","study_name":"peter_ad_k3","directions":[2]}
{"op_code":4,"worker_id":"404697d3-b4d4-4276-abf0-b0b2bac1bdd9-23456247935296","study_id":0,"datetime_start":"2026-07-24T10:21:57.128505"}
{"op_code":5,"worker_id":"404697d3-b4d4-4276-abf0-b0b2bac1bdd9-23456247935296","trial_id":3,"param_name":"lr","param_value_internal":0.0001358019411809022,"distribution":"{\"name\": \"FloatDistribution\", \"attributes\": {\"step\": null, \"low\": 1e-08, \"high\": 0.5, \"log\": true}}"}
{"op_code":5,"worker_id":"404697d3-b4d4-4276-abf0-b0b2bac1bdd9-23456247935296","trial_id":3,"param_name":"ratio","param_value_internal":61.09764128845231,"distribution":"{\"name\": \"FloatDistribution\", \"attributes\": {\"step\": null, \"low\": 0.1, \"high\": 100.0, \"log\": true}}"}
{"op_code":0,"worker_id":"7e4d4eb1-4001-4d09-be64-3f2937dfc7e7-23456247935296","study_name":"peter_ad_k3","directions":[2]}
{"op_code":4,"worker_id":"7e4d4eb1-4001-4d09-be64-3f2937dfc7e7-23456247935296","study_id":0,"datetime_start":"2026-07-24T10:22:23.046868"}
{"op_code":5,"worker_id":"7e4d4eb1-4001-4d09-be64-3f2937dfc7e7-23456247935296","trial_id":4,"param_name":"lr","param_value_internal":3.1021079037777424e-08,"distribution":"{\"name\": \"FloatDistribution\", \"attributes\": {\"step\": null, \"low\": 1e-08, \"high\": 0.5, \"log\": true}}"}
{"op_code":5,"worker_id":"7e4d4eb1-4001-4d09-be64-3f2937dfc7e7-23456247935296","trial_id":4,"param_name":"ratio","param_value_internal":0.31632003185825874,"distribution":"{\"name\": \"FloatDistribution\", \"attributes\": {\"step\": null, \"low\": 0.1, \"high\": 100.0, \"log\": true}}"}
{"op_code":0,"worker_id":"e49ed114-812e-4cc2-b9d3-80e5d6dc8829-23456247935296","study_name":"peter_ad_k3","directions":[2]}
{"op_code":4,"worker_id":"e49ed114-812e-4cc2-b9d3-80e5d6dc8829-23456247935296","study_id":0,"datetime_start":"2026-07-24T10:25:32.295005"}
{"op_code":5,"worker_id":"e49ed114-812e-4cc2-b9d3-80e5d6dc8829-23456247935296","trial_id":5,"param_name":"lr","param_value_internal":4.9238928121636e-07,"distribution":"{\"name\": \"FloatDistribution\", \"attributes\": {\"step\": null, \"low\": 1e-08, \"high\": 0.5, \"log\": true}}"}
{"op_code":5,"worker_id":"e49ed114-812e-4cc2-b9d3-80e5d6dc8829-23456247935296","trial_id":5,"param_name":"ratio","param_value_internal":75.856951026692,"distribution":"{\"name\": \"FloatDistribution\", \"attributes\": {\"step\": null, \"low\": 0.1, \"high\": 100.0, \"log\": true}}"}
{"op_code":6,"worker_id":"404697d3-b4d4-4276-abf0-b0b2bac1bdd9-23456247935296","trial_id":3,"state":1,"values":[-122.67507904207164],"datetime_complete":"2026-07-24T10:28:14.058563"}
{"op_code":0,"worker_id":"4ec47300-44a9-41c1-bdd7-309315a9e2ab-23456247935296","study_name":"peter_ad_k3","directions":[2]}
{"op_code":4,"worker_id":"4ec47300-44a9-41c1-bdd7-309315a9e2ab-23456247935296","study_id":0,"datetime_start":"2026-07-24T10:28:52.529104"}
{"op_code":5,"worker_id":"4ec47300-44a9-41c1-bdd7-309315a9e2ab-23456247935296","trial_id":6,"param_name":"lr","param_value_internal":3.0608988115538965e-05,"distribution":"{\"name\": \"FloatDistribution\", \"attributes\": {\"step\": null, \"low\": 1e-08, \"high\": 0.5, \"log\": true}}"}
{"op_code":5,"worker_id":"4ec47300-44a9-41c1-bdd7-309315a9e2ab-23456247935296","trial_id":6,"param_name":"ratio","param_value_internal":19.204664015332387,"distribution":"{\"name\": \"FloatDistribution\", \"attributes\": {\"step\": null, \"low\": 0.1, \"high\": 100.0, \"log\": true}}"}
{"op_code":6,"worker_id":"7e4d4eb1-4001-4d09-be64-3f2937dfc7e7-23456247935296","trial_id":4,"state":1,"values":[-43.993596180835794],"datetime_complete":"2026-07-24T10:30:07.126637"}
{"op_code":0,"worker_id":"752c94b8-0b38-4f97-b450-faa94b8f3886-23456247935296","study_name":"peter_ad_k3","directions":[2]}
{"op_code":4,"worker_id":"752c94b8-0b38-4f97-b450-faa94b8f3886-23456247935296","study_id":0,"datetime_start":"2026-07-24T10:32:40.306136"}
{"op_code":5,"worker_id":"752c94b8-0b38-4f97-b450-faa94b8f3886-23456247935296","trial_id":7,"param_name":"lr","param_value_internal":0.3607543661396591,"distribution":"{\"name\": \"FloatDistribution\", \"attributes\": {\"step\": null, \"low\": 1e-08, \"high\": 0.5, \"log\": true}}"}
{"op_code":5,"worker_id":"752c94b8-0b38-4f97-b450-faa94b8f3886-23456247935296","trial_id":7,"param_name":"ratio","param_value_internal":6.541826219251349,"distribution":"{\"name\": \"FloatDistribution\", \"attributes\": {\"step\": null, \"low\": 0.1, \"high\": 100.0, \"log\": true}}"}
{"op_code":6,"worker_id":"e49ed114-812e-4cc2-b9d3-80e5d6dc8829-23456247935296","trial_id":5,"state":1,"values":[-42.41270880440145],"datetime_complete":"2026-07-24T10:33:19.324932"}
{"op_code":6,"worker_id":"752c94b8-0b38-4f97-b450-faa94b8f3886-23456247935296","trial_id":7,"state":3,"values":null,"datetime_complete":"2026-07-24T10:33:34.549921"}
{"op_code":6,"worker_id":"4ec47300-44a9-41c1-bdd7-309315a9e2ab-23456247935296","trial_id":6,"state":1,"values":[-69.26067385679292],"datetime_complete":"2026-07-24T10:35:37.828775"}
{"op_code":0,"worker_id":"7d33d4d1-70da-4c56-a5dd-73f339b6718a-23456247935296","study_name":"peter_ad_k3","directions":[2]}
{"op_code":4,"worker_id":"7d33d4d1-70da-4c56-a5dd-73f339b6718a-23456247935296","study_id":0,"datetime_start":"2026-07-24T10:35:53.812559"}
{"op_code":5,"worker_id":"7d33d4d1-70da-4c56-a5dd-73f339b6718a-23456247935296","trial_id":8,"param_name":"lr","param_value_internal":1.2249195294515593e-06,"distribution":"{\"name\": \"FloatDistribution\", \"attributes\": {\"step\": null, \"low\": 1e-08, \"high\": 0.5, \"log\": true}}"}
{"op_code":5,"worker_id":"7d33d4d1-70da-4c56-a5dd-73f339b6718a-23456247935296","trial_id":8,"param_name":"ratio","param_value_internal":6.6663190959297,"distribution":"{\"name\": \"FloatDistribution\", \"attributes\": {\"step\": null, \"low\": 0.1, \"high\": 100.0, \"log\": true}}"}
{"op_code":0,"worker_id":"9115c407-20a7-4ad1-ab25-88b70e1706c5-23456247935296","study_name":"peter_ad_k3","directions":[2]}
{"op_code":4,"worker_id":"9115c407-20a7-4ad1-ab25-88b70e1706c5-23456247935296","study_id":0,"datetime_start":"2026-07-24T10:39:26.956094"}
{"op_code":5,"worker_id":"9115c407-20a7-4ad1-ab25-88b70e1706c5-23456247935296","trial_id":9,"param_name":"lr","param_value_internal":2.054697464704421e-08,"distribution":"{\"name\": \"FloatDistribution\", \"attributes\": {\"step\": null, \"low\": 1e-08, \"high\": 0.5, \"log\": true}}"}
{"op_code":5,"worker_id":"9115c407-20a7-4ad1-ab25-88b70e1706c5-23456247935296","trial_id":9,"param_name":"ratio","param_value_internal":8.421079524704767,"distribution":"{\"name\": \"FloatDistribution\", \"attributes\": {\"step\": null, \"low\": 0.1, \"high\": 100.0, \"log\": true}}"}
{"op_code":6,"worker_id":"7d33d4d1-70da-4c56-a5dd-73f339b6718a-23456247935296","trial_id":8,"state":1,"values":[-52.98267097765714],"datetime_complete":"2026-07-24T10:42:29.050271"}
{"op_code":0,"worker_id":"203feab0-ed0e-48e5-bbb1-4a27712bfc99-23456247935296","study_name":"peter_ad_k3","directions":[2]}
{"op_code":4,"worker_id":"203feab0-ed0e-48e5-bbb1-4a27712bfc99-23456247935296","study_id":0,"datetime_start":"2026-07-24T10:43:45.055843"}
{"op_code":5,"worker_id":"203feab0-ed0e-48e5-bbb1-4a27712bfc99-23456247935296","trial_id":10,"param_name":"lr","param_value_internal":0.3110279716507267,"distribution":"{\"name\": \"FloatDistribution\", \"attributes\": {\"step\": null, \"low\": 1e-08, \"high\": 0.5, \"log\": true}}"}
{"op_code":5,"worker_id":"203feab0-ed0e-48e5-bbb1-4a27712bfc99-23456247935296","trial_id":10,"param_name":"ratio","param_value_internal":46.0469127995495,"distribution":"{\"name\": \"FloatDistribution\", \"attributes\": {\"step\": null, \"low\": 0.1, \"high\": 100.0, \"log\": true}}"}
{"op_code":6,"worker_id":"203feab0-ed0e-48e5-bbb1-4a27712bfc99-23456247935296","trial_id":10,"state":3,"values":null,"datetime_complete":"2026-07-24T10:44:31.362530"}
{"op_code":6,"worker_id":"9115c407-20a7-4ad1-ab25-88b70e1706c5-23456247935296","trial_id":9,"state":1,"values":[-43.96874004393747],"datetime_complete":"2026-07-24T10:48:02.879187"}
{"op_code":0,"worker_id":"f32b76b8-0838-484e-9638-c5a06c735796-23456247935296","study_name":"peter_ad_k3","directions":[2]}
{"op_code":4,"worker_id":"f32b76b8-0838-484e-9638-c5a06c735796-23456247935296","study_id":0,"datetime_start":"2026-07-24T10:48:07.889867"}
{"op_code":5,"worker_id":"f32b76b8-0838-484e-9638-c5a06c735796-23456247935296","trial_id":11,"param_name":"lr","param_value_internal":0.000982026666013821,"distribution":"{\"name\": \"FloatDistribution\", \"attributes\": {\"step\": null, \"low\": 1e-08, \"high\": 0.5, \"log\": true}}"}
{"op_code":5,"worker_id":"f32b76b8-0838-484e-9638-c5a06c735796-23456247935296","trial_id":11,"param_name":"ratio","param_value_internal":0.14953213364019854,"distribution":"{\"name\": \"FloatDistribution\", \"attributes\": {\"step\": null, \"low\": 0.1, \"high\": 100.0, \"log\": true}}"}
{"op_code":0,"worker_id":"b6e1694a-1048-4df3-9cf0-5f04cacd3ed6-23456247935296","study_name":"peter_ad_k3","directions":[2]}
{"op_code":4,"worker_id":"b6e1694a-1048-4df3-9cf0-5f04cacd3ed6-23456247935296","study_id":0,"datetime_start":"2026-07-24T10:52:41.218097"}
{"op_code":5,"worker_id":"b6e1694a-1048-4df3-9cf0-5f04cacd3ed6-23456247935296","trial_id":12,"param_name":"lr","param_value_internal":2.4501790723930194e-08,"distribution":"{\"name\": \"FloatDistribution\", \"attributes\": {\"step\": null, \"low\": 1e-08, \"high\": 0.5, \"log\": true}}"}
{"op_code":5,"worker_id":"b6e1694a-1048-4df3-9cf0-5f04cacd3ed6-23456247935296","trial_id":12,"param_name":"ratio","param_value_internal":84.4208675426533,"distribution":"{\"name\": \"FloatDistribution\", \"attributes\": {\"step\": null, \"low\": 0.1, \"high\": 100.0, \"log\": true}}"}
{"op_code":6,"worker_id":"f32b76b8-0838-484e-9638-c5a06c735796-23456247935296","trial_id":11,"state":1,"values":[-237.13375609808674],"datetime_complete":"2026-07-24T10:55:05.937180"}
{"op_code":0,"worker_id":"b551e6b5-4198-4fab-bbf0-1ba05a027586-23456247935296","study_name":"peter_ad_k3","directions":[2]}
{"op_code":4,"worker_id":"b551e6b5-4198-4fab-bbf0-1ba05a027586-23456247935296","study_id":0,"datetime_start":"2026-07-24T10:56:22.743066"}
{"op_code":5,"worker_id":"b551e6b5-4198-4fab-bbf0-1ba05a027586-23456247935296","trial_id":13,"param_name":"lr","param_value_internal":0.17955176579498908,"distribution":"{\"name\": \"FloatDistribution\", \"attributes\": {\"step\": null, \"low\": 1e-08, \"high\": 0.5, \"log\": true}}"}
{"op_code":5,"worker_id":"b551e6b5-4198-4fab-bbf0-1ba05a027586-23456247935296","trial_id":13,"param_name":"ratio","param_value_internal":1.9210817694088074,"distribution":"{\"name\": \"FloatDistribution\", \"attributes\": {\"step\": null, \"low\": 0.1, \"high\": 100.0, \"log\": true}}"}
{"op_code":6,"worker_id":"b551e6b5-4198-4fab-bbf0-1ba05a027586-23456247935296","trial_id":13,"state":3,"values":null,"datetime_complete":"2026-07-24T10:57:17.079285"}
{"op_code":6,"worker_id":"b6e1694a-1048-4df3-9cf0-5f04cacd3ed6-23456247935296","trial_id":12,"state":1,"values":[-43.96690209079304],"datetime_complete":"2026-07-24T11:00:52.813466"}
{"op_code":0,"worker_id":"5a01ac3a-79d4-40ad-9946-b420b82aa3c3-23456247935296","study_name":"peter_ad_k3","directions":[2]}
{"op_code":4,"worker_id":"5a01ac3a-79d4-40ad-9946-b420b82aa3c3-23456247935296","study_id":0,"datetime_start":"2026-07-24T11:01:36.003762"}
{"op_code":5,"worker_id":"5a01ac3a-79d4-40ad-9946-b420b82aa3c3-23456247935296","trial_id":14,"param_name":"lr","param_value_internal":0.0005325118217895183,"distribution":"{\"name\": \"FloatDistribution\", \"attributes\": {\"step\": null, \"low\": 1e-08, \"high\": 0.5, \"log\": true}}"}
{"op_code":5,"worker_id":"5a01ac3a-79d4-40ad-9946-b420b82aa3c3-23456247935296","trial_id":14,"param_name":"ratio","param_value_internal":1.272200507006677,"distribution":"{\"name\": \"FloatDistribution\", \"attributes\": {\"step\": null, \"low\": 0.1, \"high\": 100.0, \"log\": true}}"}
{"op_code":0,"worker_id":"13dd5158-0a64-42d9-8833-6fd95c9e3d5a-23456247935296","study_name":"peter_ad_k3","directions":[2]}
{"op_code":4,"worker_id":"13dd5158-0a64-42d9-8833-6fd95c9e3d5a-23456247935296","study_id":0,"datetime_start":"2026-07-24T11:06:42.677213"}
{"op_code":5,"worker_id":"13dd5158-0a64-42d9-8833-6fd95c9e3d5a-23456247935296","trial_id":15,"param_name":"lr","param_value_internal":2.635278445766922e-07,"distribution":"{\"name\": \"FloatDistribution\", \"attributes\": {\"step\": null, \"low\": 1e-08, \"high\": 0.5, \"log\": true}}"}
{"op_code":5,"worker_id":"13dd5158-0a64-42d9-8833-6fd95c9e3d5a-23456247935296","trial_id":15,"param_name":"ratio","param_value_internal":18.569585636469686,"distribution":"{\"name\": \"FloatDistribution\", \"attributes\": {\"step\": null, \"low\": 0.1, \"high\": 100.0, \"log\": true}}"}
{"op_code":6,"worker_id":"5a01ac3a-79d4-40ad-9946-b420b82aa3c3-23456247935296","trial_id":14,"state":1,"values":[-175.24773054483063],"datetime_complete":"2026-07-24T11:09:24.878234"}
{"op_code":0,"worker_id":"97ad63e8-a3cb-4665-a173-b19ff425d88f-23456247935296","study_name":"peter_ad_k3","directions":[2]}
{"op_code":4,"worker_id":"97ad63e8-a3cb-4665-a173-b19ff425d88f-23456247935296","study_id":0,"datetime_start":"2026-07-24T11:11:08.317503"}
{"op_code":5,"worker_id":"97ad63e8-a3cb-4665-a173-b19ff425d88f-23456247935296","trial_id":16,"param_name":"lr","param_value_internal":1.10428623411649e-05,"distribution":"{\"name\": \"FloatDistribution\", \"attributes\": {\"step\": null, \"low\": 1e-08, \"high\": 0.5, \"log\": true}}"}
{"op_code":5,"worker_id":"97ad63e8-a3cb-4665-a173-b19ff425d88f-23456247935296","trial_id":16,"param_name":"ratio","param_value_internal":19.101161579507156,"distribution":"{\"name\": \"FloatDistribution\", \"attributes\": {\"step\": null, \"low\": 0.1, \"high\": 100.0, \"log\": true}}"}
{"op_code":0,"worker_id":"af9d33a4-e552-4d87-93fd-f348771ca1f7-23456247935296","study_name":"peter_ad_k3","directions":[2]}
{"op_code":4,"worker_id":"af9d33a4-e552-4d87-93fd-f348771ca1f7-23456247935296","study_id":0,"datetime_start":"2026-07-24T11:15:23.259326"}
{"op_code":5,"worker_id":"af9d33a4-e552-4d87-93fd-f348771ca1f7-23456247935296","trial_id":17,"param_name":"lr","param_value_internal":0.00011379553076009354,"distribution":"{\"name\": \"FloatDistribution\", \"attributes\": {\"step\": null, \"low\": 1e-08, \"high\": 0.5, \"log\": true}}"}
{"op_code":5,"worker_id":"af9d33a4-e552-4d87-93fd-f348771ca1f7-23456247935296","trial_id":17,"param_name":"ratio","param_value_internal":0.11218587792833967,"distribution":"{\"name\": \"FloatDistribution\", \"attributes\": {\"step\": null, \"low\": 0.1, \"high\": 100.0, \"log\": true}}"}
{"op_code":6,"worker_id":"97ad63e8-a3cb-4665-a173-b19ff425d88f-23456247935296","trial_id":16,"state":1,"values":[-134.3039985179125],"datetime_complete":"2026-07-24T11:19:10.001861"}
{"op_code":0,"worker_id":"0d8988c2-313b-41c9-a53a-01847d063022-23456247935296","study_name":"peter_ad_k3","directions":[2]}
{"op_code":4,"worker_id":"0d8988c2-313b-41c9-a53a-01847d063022-23456247935296","study_id":0,"datetime_start":"2026-07-24T11:19:42.172963"}
{"op_code":9,"worker_id":"0d8988c2-313b-41c9-a53a-01847d063022-23456247935296","trial_id":18,"system_attr":{"tpe:relative_params:0":"{\"lr\": 0.28269047602479286, \"ratio\": 0.27564286056065007}"}}
{"op_code":5,"worker_id":"0d8988c2-313b-41c9-a53a-01847d063022-23456247935296","trial_id":18,"param_name":"lr","param_value_internal":0.28269047602479286,"distribution":"{\"name\": \"FloatDistribution\", \"attributes\": {\"step\": null, \"low\": 1e-08, \"high\": 0.5, \"log\": true}}"}
{"op_code":5,"worker_id":"0d8988c2-313b-41c9-a53a-01847d063022-23456247935296","trial_id":18,"param_name":"ratio","param_value_internal":0.27564286056065007,"distribution":"{\"name\": \"FloatDistribution\", \"attributes\": {\"step\": null, \"low\": 0.1, \"high\": 100.0, \"log\": true}}"}
{"op_code":6,"worker_id":"13dd5158-0a64-42d9-8833-6fd95c9e3d5a-23456247935296","trial_id":15,"state":1,"values":[-44.16479228774382],"datetime_complete":"2026-07-24T11:19:54.597527"}
{"op_code":6,"worker_id":"0d8988c2-313b-41c9-a53a-01847d063022-23456247935296","trial_id":18,"state":3,"values":null,"datetime_complete":"2026-07-24T11:20:38.506699"}
{"op_code":6,"worker_id":"af9d33a4-e552-4d87-93fd-f348771ca1f7-23456247935296","trial_id":17,"state":1,"values":[-214.20670043283218],"datetime_complete":"2026-07-24T11:23:28.148340"}
{"op_code":0,"worker_id":"b7ed981b-28a5-4c8c-b7cd-47ecabf55ab8-23456247935296","study_name":"peter_ad_k3","directions":[2]}
{"op_code":4,"worker_id":"b7ed981b-28a5-4c8c-b7cd-47ecabf55ab8-23456247935296","study_id":0,"datetime_start":"2026-07-24T11:23:54.297840"}
{"op_code":9,"worker_id":"b7ed981b-28a5-4c8c-b7cd-47ecabf55ab8-23456247935296","trial_id":19,"system_attr":{"tpe:relative_params:0":"{\"lr\": 1.2048815924901879e-08, \"ratio\": 98.42439902457895}"}}
{"op_code":5,"worker_id":"b7ed981b-28a5-4c8c-b7cd-47ecabf55ab8-23456247935296","trial_id":19,"param_name":"lr","param_value_internal":1.2048815924901879e-08,"distribution":"{\"name\": \"FloatDistribution\", \"attributes\": {\"step\": null, \"low\": 1e-08, \"high\": 0.5, \"log\": true}}"}
{"op_code":5,"worker_id":"b7ed981b-28a5-4c8c-b7cd-47ecabf55ab8-23456247935296","trial_id":19,"param_name":"ratio","param_value_internal":98.42439902457895,"distribution":"{\"name\": \"FloatDistribution\", \"attributes\": {\"step\": null, \"low\": 0.1, \"high\": 100.0, \"log\": true}}"}
{"op_code":0,"worker_id":"54b5fd26-7279-4bbd-ac14-f0819fd00c30-23456247935296","study_name":"peter_ad_k3","directions":[2]}
{"op_code":4,"worker_id":"54b5fd26-7279-4bbd-ac14-f0819fd00c30-23456247935296","study_id":0,"datetime_start":"2026-07-24T11:27:19.809522"}
{"op_code":9,"worker_id":"54b5fd26-7279-4bbd-ac14-f0819fd00c30-23456247935296","trial_id":20,"system_attr":{"tpe:relative_params:0":"{\"lr\": 2.1348780030627965e-06, \"ratio\": 97.9239916844325}"}}
{"op_code":5,"worker_id":"54b5fd26-7279-4bbd-ac14-f0819fd00c30-23456247935296","trial_id":20,"param_name":"lr","param_value_internal":2.1348780030627965e-06,"distribution":"{\"name\": \"FloatDistribution\", \"attributes\": {\"step\": null, \"low\": 1e-08, \"high\": 0.5, \"log\": true}}"}
{"op_code":5,"worker_id":"54b5fd26-7279-4bbd-ac14-f0819fd00c30-23456247935296","trial_id":20,"param_name":"ratio","param_value_internal":97.9239916844325,"distribution":"{\"name\": \"FloatDistribution\", \"attributes\": {\"step\": null, \"low\": 0.1, \"high\": 100.0, \"log\": true}}"}
{"op_code":0,"worker_id":"68dba78f-f2df-4509-8c27-be6df2f2867e-23456247935296","study_name":"peter_ad_k3","directions":[2]}
{"op_code":4,"worker_id":"68dba78f-f2df-4509-8c27-be6df2f2867e-23456247935296","study_id":0,"datetime_start":"2026-07-24T11:32:04.807916"}
{"op_code":9,"worker_id":"68dba78f-f2df-4509-8c27-be6df2f2867e-23456247935296","trial_id":21,"system_attr":{"tpe:relative_params:0":"{\"lr\": 2.5549160981611093e-07, \"ratio\": 43.933908941540615}"}}
{"op_code":5,"worker_id":"68dba78f-f2df-4509-8c27-be6df2f2867e-23456247935296","trial_id":21,"param_name":"lr","param_value_internal":2.5549160981611093e-07,"distribution":"{\"name\": \"FloatDistribution\", \"attributes\": {\"step\": null, \"low\": 1e-08, \"high\": 0.5, \"log\": true}}"}
{"op_code":5,"worker_id":"68dba78f-f2df-4509-8c27-be6df2f2867e-23456247935296","trial_id":21,"param_name":"ratio","param_value_internal":43.933908941540615,"distribution":"{\"name\": \"FloatDistribution\", \"attributes\": {\"step\": null, \"low\": 0.1, \"high\": 100.0, \"log\": true}}"}
{"op_code":6,"worker_id":"b7ed981b-28a5-4c8c-b7cd-47ecabf55ab8-23456247935296","trial_id":19,"state":1,"values":[-43.96249769104138],"datetime_complete":"2026-07-24T11:34:29.760608"}
{"op_code":6,"worker_id":"54b5fd26-7279-4bbd-ac14-f0819fd00c30-23456247935296","trial_id":20,"state":1,"values":[-55.15185715267759],"datetime_complete":"2026-07-24T11:37:00.268188"}
{"op_code":0,"worker_id":"e9e9a7d7-9aa4-4d82-b7c8-4ed40c2bee2d-23456247935296","study_name":"peter_ad_k3","directions":[2]}
{"op_code":4,"worker_id":"e9e9a7d7-9aa4-4d82-b7c8-4ed40c2bee2d-23456247935296","study_id":0,"datetime_start":"2026-07-24T11:37:12.018178"}
{"op_code":9,"worker_id":"e9e9a7d7-9aa4-4d82-b7c8-4ed40c2bee2d-23456247935296","trial_id":22,"system_attr":{"tpe:relative_params:0":"{\"lr\": 0.39834458009545465, \"ratio\": 0.2532361584102948}"}}
{"op_code":5,"worker_id":"e9e9a7d7-9aa4-4d82-b7c8-4ed40c2bee2d-23456247935296","trial_id":22,"param_name":"lr","param_value_internal":0.39834458009545465,"distribution":"{\"name\": \"FloatDistribution\", \"attributes\": {\"step\": null, \"low\": 1e-08, \"high\": 0.5, \"log\": true}}"}
{"op_code":5,"worker_id":"e9e9a7d7-9aa4-4d82-b7c8-4ed40c2bee2d-23456247935296","trial_id":22,"param_name":"ratio","param_value_internal":0.2532361584102948,"distribution":"{\"name\": \"FloatDistribution\", \"attributes\": {\"step\": null, \"low\": 0.1, \"high\": 100.0, \"log\": true}}"}
{"op_code":6,"worker_id":"e9e9a7d7-9aa4-4d82-b7c8-4ed40c2bee2d-23456247935296","trial_id":22,"state":3,"values":null,"datetime_complete":"2026-07-24T11:38:28.624745"}
{"op_code":0,"worker_id":"ee9e417c-3bca-434a-a6f2-3f49aefb9299-23456247935296","study_name":"peter_ad_k3","directions":[2]}
{"op_code":4,"worker_id":"ee9e417c-3bca-434a-a6f2-3f49aefb9299-23456247935296","study_id":0,"datetime_start":"2026-07-24T11:41:00.062772"}
{"op_code":9,"worker_id":"ee9e417c-3bca-434a-a6f2-3f49aefb9299-23456247935296","trial_id":23,"system_attr":{"tpe:relative_params:0":"{\"lr\": 1.3777503084759515e-08, \"ratio\": 48.711132070794164}"}}
{"op_code":5,"worker_id":"ee9e417c-3bca-434a-a6f2-3f49aefb9299-23456247935296","trial_id":23,"param_name":"lr","param_value_internal":1.3777503084759515e-08,"distribution":"{\"name\": \"FloatDistribution\", \"attributes\": {\"step\": null, \"low\": 1e-08, \"high\": 0.5, \"log\": true}}"}
{"op_code":5,"worker_id":"ee9e417c-3bca-434a-a6f2-3f49aefb9299-23456247935296","trial_id":23,"param_name":"ratio","param_value_internal":48.711132070794164,"distribution":"{\"name\": \"FloatDistribution\", \"attributes\": {\"step\": null, \"low\": 0.1, \"high\": 100.0, \"log\": true}}"}
{"op_code":6,"worker_id":"68dba78f-f2df-4509-8c27-be6df2f2867e-23456247935296","trial_id":21,"state":1,"values":[-43.510431600909854],"datetime_complete":"2026-07-24T11:42:24.341688"}
{"op_code":0,"worker_id":"5c28af19-d154-49d9-a45e-05dacec0eaa3-23456247935296","study_name":"peter_ad_k3","directions":[2]}
{"op_code":4,"worker_id":"5c28af19-d154-49d9-a45e-05dacec0eaa3-23456247935296","study_id":0,"datetime_start":"2026-07-24T11:44:15.282519"}
{"op_code":9,"worker_id":"5c28af19-d154-49d9-a45e-05dacec0eaa3-23456247935296","trial_id":24,"system_attr":{"tpe:relative_params:0":"{\"lr\": 0.20031291855670874, \"ratio\": 60.47491108099057}"}}
{"op_code":5,"worker_id":"5c28af19-d154-49d9-a45e-05dacec0eaa3-23456247935296","trial_id":24,"param_name":"lr","param_value_internal":0.20031291855670874,"distribution":"{\"name\": \"FloatDistribution\", \"attributes\": {\"step\": null, \"low\": 1e-08, \"high\": 0.5, \"log\": true}}"}
{"op_code":5,"worker_id":"5c28af19-d154-49d9-a45e-05dacec0eaa3-23456247935296","trial_id":24,"param_name":"ratio","param_value_internal":60.47491108099057,"distribution":"{\"name\": \"FloatDistribution\", \"attributes\": {\"step\": null, \"low\": 0.1, \"high\": 100.0, \"log\": true}}"}
{"op_code":6,"worker_id":"5c28af19-d154-49d9-a45e-05dacec0eaa3-23456247935296","trial_id":24,"state":3,"values":null,"datetime_complete":"2026-07-24T11:45:09.859351"}
{"op_code":0,"worker_id":"896aee92-fd23-4891-8272-3975ca12660e-23456247935296","study_name":"peter_ad_k3","directions":[2]}
{"op_code":4,"worker_id":"896aee92-fd23-4891-8272-3975ca12660e-23456247935296","study_id":0,"datetime_start":"2026-07-24T11:47:52.018341"}
{"op_code":9,"worker_id":"896aee92-fd23-4891-8272-3975ca12660e-23456247935296","trial_id":25,"system_attr":{"tpe:relative_params:0":"{\"lr\": 0.0033016493432636504, \"ratio\": 99.72081705758664}"}}
{"op_code":5,"worker_id":"896aee92-fd23-4891-8272-3975ca12660e-23456247935296","trial_id":25,"param_name":"lr","param_value_internal":0.0033016493432636504,"distribution":"{\"name\": \"FloatDistribution\", \"attributes\": {\"step\": null, \"low\": 1e-08, \"high\": 0.5, \"log\": true}}"}
{"op_code":5,"worker_id":"896aee92-fd23-4891-8272-3975ca12660e-23456247935296","trial_id":25,"param_name":"ratio","param_value_internal":99.72081705758664,"distribution":"{\"name\": \"FloatDistribution\", \"attributes\": {\"step\": null, \"low\": 0.1, \"high\": 100.0, \"log\": true}}"}
{"op_code":6,"worker_id":"896aee92-fd23-4891-8272-3975ca12660e-23456247935296","trial_id":25,"state":3,"values":null,"datetime_complete":"2026-07-24T11:50:04.091456"}
{"op_code":6,"worker_id":"ee9e417c-3bca-434a-a6f2-3f49aefb9299-23456247935296","trial_id":23,"state":1,"values":[-43.9636854397614],"datetime_complete":"2026-07-24T11:50:50.034008"}
{"op_code":0,"worker_id":"838d94a0-136e-4ecf-894c-f9eb614997fe-23456247935296","study_name":"peter_ad_k3","directions":[2]}
{"op_code":4,"worker_id":"838d94a0-136e-4ecf-894c-f9eb614997fe-23456247935296","study_id":0,"datetime_start":"2026-07-24T11:51:36.476161"}
{"op_code":9,"worker_id":"838d94a0-136e-4ecf-894c-f9eb614997fe-23456247935296","trial_id":26,"system_attr":{"tpe:relative_params:0":"{\"lr\": 3.94323875889115e-06, \"ratio\": 73.61168620629323}"}}
{"op_code":5,"worker_id":"838d94a0-136e-4ecf-894c-f9eb614997fe-23456247935296","trial_id":26,"param_name":"lr","param_value_internal":3.94323875889115e-06,"distribution":"{\"name\": \"FloatDistribution\", \"attributes\": {\"step\": null, \"low\": 1e-08, \"high\": 0.5, \"log\": true}}"}
{"op_code":5,"worker_id":"838d94a0-136e-4ecf-894c-f9eb614997fe-23456247935296","trial_id":26,"param_name":"ratio","param_value_internal":73.61168620629323,"distribution":"{\"name\": \"FloatDistribution\", \"attributes\": {\"step\": null, \"low\": 0.1, \"high\": 100.0, \"log\": true}}"}
{"op_code":0,"worker_id":"07267f8d-1750-4ca4-9b9d-306bcdc6736c-23456247935296","study_name":"peter_ad_k3","directions":[2]}
{"op_code":4,"worker_id":"07267f8d-1750-4ca4-9b9d-306bcdc6736c-23456247935296","study_id":0,"datetime_start":"2026-07-24T11:54:35.054614"}
{"op_code":9,"worker_id":"07267f8d-1750-4ca4-9b9d-306bcdc6736c-23456247935296","trial_id":27,"system_attr":{"tpe:relative_params:0":"{\"lr\": 3.6958051970574538e-06, \"ratio\": 1.4565799213663924}"}}
{"op_code":5,"worker_id":"07267f8d-1750-4ca4-9b9d-306bcdc6736c-23456247935296","trial_id":27,"param_name":"lr","param_value_internal":3.6958051970574538e-06,"distribution":"{\"name\": \"FloatDistribution\", \"attributes\": {\"step\": null, \"low\": 1e-08, \"high\": 0.5, \"log\": true}}"}
{"op_code":5,"worker_id":"07267f8d-1750-4ca4-9b9d-306bcdc6736c-23456247935296","trial_id":27,"param_name":"ratio","param_value_internal":1.4565799213663924,"distribution":"{\"name\": \"FloatDistribution\", \"attributes\": {\"step\": null, \"low\": 0.1, \"high\": 100.0, \"log\": true}}"}
{"op_code":0,"worker_id":"412a82da-01c8-432d-8d91-03d8eb4c9a5b-23456247935296","study_name":"peter_ad_k3","directions":[2]}
{"op_code":4,"worker_id":"412a82da-01c8-432d-8d91-03d8eb4c9a5b-23456247935296","study_id":0,"datetime_start":"2026-07-24T11:58:52.609964"}
{"op_code":9,"worker_id":"412a82da-01c8-432d-8d91-03d8eb4c9a5b-23456247935296","trial_id":28,"system_attr":{"tpe:relative_params:0":"{\"lr\": 0.06829929988433722, \"ratio\": 70.9065714733538}"}}
{"op_code":5,"worker_id":"412a82da-01c8-432d-8d91-03d8eb4c9a5b-23456247935296","trial_id":28,"param_name":"lr","param_value_internal":0.06829929988433722,"distribution":"{\"name\": \"FloatDistribution\", \"attributes\": {\"step\": null, \"low\": 1e-08, \"high\": 0.5, \"log\": true}}"}
{"op_code":5,"worker_id":"412a82da-01c8-432d-8d91-03d8eb4c9a5b-23456247935296","trial_id":28,"param_name":"ratio","param_value_internal":70.9065714733538,"distribution":"{\"name\": \"FloatDistribution\", \"attributes\": {\"step\": null, \"low\": 0.1, \"high\": 100.0, \"log\": true}}"}
{"op_code":6,"worker_id":"838d94a0-136e-4ecf-894c-f9eb614997fe-23456247935296","trial_id":26,"state":1,"values":[-57.9389524004101],"datetime_complete":"2026-07-24T11:59:39.242136"}
{"op_code":6,"worker_id":"412a82da-01c8-432d-8d91-03d8eb4c9a5b-23456247935296","trial_id":28,"state":3,"values":null,"datetime_complete":"2026-07-24T12:00:05.530753"}
{"op_code":0,"worker_id":"0953fb49-b25e-4138-8182-8a457b5daad9-23456247935296","study_name":"peter_ad_k3","directions":[2]}
{"op_code":4,"worker_id":"0953fb49-b25e-4138-8182-8a457b5daad9-23456247935296","study_id":0,"datetime_start":"2026-07-24T12:01:58.076563"}
{"op_code":9,"worker_id":"0953fb49-b25e-4138-8182-8a457b5daad9-23456247935296","trial_id":29,"system_attr":{"tpe:relative_params:0":"{\"lr\": 0.00011679352299974985, \"ratio\": 6.9612789763190674}"}}
{"op_code":5,"worker_id":"0953fb49-b25e-4138-8182-8a457b5daad9-23456247935296","trial_id":29,"param_name":"lr","param_value_internal":0.00011679352299974985,"distribution":"{\"name\": \"FloatDistribution\", \"attributes\": {\"step\": null, \"low\": 1e-08, \"high\": 0.5, \"log\": true}}"}
{"op_code":5,"worker_id":"0953fb49-b25e-4138-8182-8a457b5daad9-23456247935296","trial_id":29,"param_name":"ratio","param_value_internal":6.9612789763190674,"distribution":"{\"name\": \"FloatDistribution\", \"attributes\": {\"step\": null, \"low\": 0.1, \"high\": 100.0, \"log\": true}}"}
{"op_code":6,"worker_id":"07267f8d-1750-4ca4-9b9d-306bcdc6736c-23456247935296","trial_id":27,"state":1,"values":[-42.57882022903976],"datetime_complete":"2026-07-24T12:03:13.310439"}
{"op_code":0,"worker_id":"eafa2955-b3b4-416a-b425-2b3eebbc4287-23456247935296","study_name":"peter_ad_k3","directions":[2]}
{"op_code":4,"worker_id":"eafa2955-b3b4-416a-b425-2b3eebbc4287-23456247935296","study_id":0,"datetime_start":"2026-07-24T12:06:22.925222"}
{"op_code":9,"worker_id":"eafa2955-b3b4-416a-b425-2b3eebbc4287-23456247935296","trial_id":30,"system_attr":{"tpe:relative_params:0":"{\"lr\": 8.00837301653473e-07, \"ratio\": 0.4317055726659031}"}}
{"op_code":5,"worker_id":"eafa2955-b3b4-416a-b425-2b3eebbc4287-23456247935296","trial_id":30,"param_name":"lr","param_value_internal":8.00837301653473e-07,"distribution":"{\"name\": \"FloatDistribution\", \"attributes\": {\"step\": null, \"low\": 1e-08, \"high\": 0.5, \"log\": true}}"}
{"op_code":5,"worker_id":"eafa2955-b3b4-416a-b425-2b3eebbc4287-23456247935296","trial_id":30,"param_name":"ratio","param_value_internal":0.4317055726659031,"distribution":"{\"name\": \"FloatDistribution\", \"attributes\": {\"step\": null, \"low\": 0.1, \"high\": 100.0, \"log\": true}}"}
{"op_code":0,"worker_id":"891a0e22-696a-4253-93e7-1de0240e9ed5-23456247935296","study_name":"peter_ad_k3","directions":[2]}
{"op_code":4,"worker_id":"891a0e22-696a-4253-93e7-1de0240e9ed5-23456247935296","study_id":0,"datetime_start":"2026-07-24T12:10:02.242108"}
{"op_code":9,"worker_id":"891a0e22-696a-4253-93e7-1de0240e9ed5-23456247935296","trial_id":31,"system_attr":{"tpe:relative_params:0":"{\"lr\": 6.838476679907607e-06, \"ratio\": 2.033092576144001}"}}
{"op_code":5,"worker_id":"891a0e22-696a-4253-93e7-1de0240e9ed5-23456247935296","trial_id":31,"param_name":"lr","param_value_internal":6.838476679907607e-06,"distribution":"{\"name\": \"FloatDistribution\", \"attributes\": {\"step\": null, \"low\": 1e-08, \"high\": 0.5, \"log\": true}}"}
{"op_code":5,"worker_id":"891a0e22-696a-4253-93e7-1de0240e9ed5-23456247935296","trial_id":31,"param_name":"ratio","param_value_internal":2.033092576144001,"distribution":"{\"name\": \"FloatDistribution\", \"attributes\": {\"step\": null, \"low\": 0.1, \"high\": 100.0, \"log\": true}}"}
{"op_code":6,"worker_id":"0953fb49-b25e-4138-8182-8a457b5daad9-23456247935296","trial_id":29,"state":1,"values":[-134.38983808199342],"datetime_complete":"2026-07-24T12:10:50.436261"}
{"op_code":0,"worker_id":"809ae1d4-9dc5-40fa-b6e1-9b4c373a8721-23456247935296","study_name":"peter_ad_k3","directions":[2]}
{"op_code":4,"worker_id":"809ae1d4-9dc5-40fa-b6e1-9b4c373a8721-23456247935296","study_id":0,"datetime_start":"2026-07-24T12:13:29.522890"}
{"op_code":9,"worker_id":"809ae1d4-9dc5-40fa-b6e1-9b4c373a8721-23456247935296","trial_id":32,"system_attr":{"tpe:relative_params:0":"{\"lr\": 1.1262753632231733e-08, \"ratio\": 2.1755206534308464}"}}
{"op_code":5,"worker_id":"809ae1d4-9dc5-40fa-b6e1-9b4c373a8721-23456247935296","trial_id":32,"param_name":"lr","param_value_internal":1.1262753632231733e-08,"distribution":"{\"name\": \"FloatDistribution\", \"attributes\": {\"step\": null, \"low\": 1e-08, \"high\": 0.5, \"log\": true}}"}
{"op_code":5,"worker_id":"809ae1d4-9dc5-40fa-b6e1-9b4c373a8721-23456247935296","trial_id":32,"param_name":"ratio","param_value_internal":2.1755206534308464,"distribution":"{\"name\": \"FloatDistribution\", \"attributes\": {\"step\": null, \"low\": 0.1, \"high\": 100.0, \"log\": true}}"}
{"op_code":6,"worker_id":"eafa2955-b3b4-416a-b425-2b3eebbc4287-23456247935296","trial_id":30,"state":1,"values":[-41.67258086407506],"datetime_complete":"2026-07-24T12:16:27.997720"}
{"op_code":0,"worker_id":"cc9fc1b4-4dcb-44aa-92c0-4f008374b40e-23456247935296","study_name":"peter_ad_k3","directions":[2]}
{"op_code":4,"worker_id":"cc9fc1b4-4dcb-44aa-92c0-4f008374b40e-23456247935296","study_id":0,"datetime_start":"2026-07-24T12:17:31.840357"}
{"op_code":9,"worker_id":"cc9fc1b4-4dcb-44aa-92c0-4f008374b40e-23456247935296","trial_id":33,"system_attr":{"tpe:relative_params:0":"{\"lr\": 0.2879640900562938, \"ratio\": 0.1709367542590561}"}}
{"op_code":5,"worker_id":"cc9fc1b4-4dcb-44aa-92c0-4f008374b40e-23456247935296","trial_id":33,"param_name":"lr","param_value_internal":0.2879640900562938,"distribution":"{\"name\": \"FloatDistribution\", \"attributes\": {\"step\": null, \"low\": 1e-08, \"high\": 0.5, \"log\": true}}"}
{"op_code":5,"worker_id":"cc9fc1b4-4dcb-44aa-92c0-4f008374b40e-23456247935296","trial_id":33,"param_name":"ratio","param_value_internal":0.1709367542590561,"distribution":"{\"name\": \"FloatDistribution\", \"attributes\": {\"step\": null, \"low\": 0.1, \"high\": 100.0, \"log\": true}}"}
{"op_code":6,"worker_id":"891a0e22-696a-4253-93e7-1de0240e9ed5-23456247935296","trial_id":31,"state":1,"values":[-85.8322641930994],"datetime_complete":"2026-07-24T12:18:44.579709"}
{"op_code":6,"worker_id":"cc9fc1b4-4dcb-44aa-92c0-4f008374b40e-23456247935296","trial_id":33,"state":3,"values":null,"datetime_complete":"2026-07-24T12:20:33.030949"}
{"op_code":0,"worker_id":"9e1eaf6c-98e2-4b4b-a138-9de2cf4ca09a-23456247935296","study_name":"peter_ad_k3","directions":[2]}
{"op_code":4,"worker_id":"9e1eaf6c-98e2-4b4b-a138-9de2cf4ca09a-23456247935296","study_id":0,"datetime_start":"2026-07-24T12:21:01.014150"}
{"op_code":9,"worker_id":"9e1eaf6c-98e2-4b4b-a138-9de2cf4ca09a-23456247935296","trial_id":34,"system_attr":{"tpe:relative_params:0":"{\"lr\": 2.0332488519675443e-06, \"ratio\": 0.4458192227060668}"}}
{"op_code":5,"worker_id":"9e1eaf6c-98e2-4b4b-a138-9de2cf4ca09a-23456247935296","trial_id":34,"param_name":"lr","param_value_internal":2.0332488519675443e-06,"distribution":"{\"name\": \"FloatDistribution\", \"attributes\": {\"step\": null, \"low\": 1e-08, \"high\": 0.5, \"log\": true}}"}
{"op_code":5,"worker_id":"9e1eaf6c-98e2-4b4b-a138-9de2cf4ca09a-23456247935296","trial_id":34,"param_name":"ratio","param_value_internal":0.4458192227060668,"distribution":"{\"name\": \"FloatDistribution\", \"attributes\": {\"step\": null, \"low\": 0.1, \"high\": 100.0, \"log\": true}}"}
{"op_code":6,"worker_id":"809ae1d4-9dc5-40fa-b6e1-9b4c373a8721-23456247935296","trial_id":32,"state":1,"values":[-43.96796051887065],"datetime_complete":"2026-07-24T12:23:42.666664"}
{"op_code":0,"worker_id":"1814ed45-a8e6-41bd-8606-49c06805fc46-23456247935296","study_name":"peter_ad_k3","directions":[2]}
{"op_code":4,"worker_id":"1814ed45-a8e6-41bd-8606-49c06805fc46-23456247935296","study_id":0,"datetime_start":"2026-07-24T12:26:36.087691"}
{"op_code":9,"worker_id":"1814ed45-a8e6-41bd-8606-49c06805fc46-23456247935296","trial_id":35,"system_attr":{"tpe:relative_params:0":"{\"lr\": 1.5198288138571927e-06, \"ratio\": 0.5748102731165724}"}}
{"op_code":5,"worker_id":"1814ed45-a8e6-41bd-8606-49c06805fc46-23456247935296","trial_id":35,"param_name":"lr","param_value_internal":1.5198288138571927e-06,"distribution":"{\"name\": \"FloatDistribution\", \"attributes\": {\"step\": null, \"low\": 1e-08, \"high\": 0.5, \"log\": true}}"}
{"op_code":5,"worker_id":"1814ed45-a8e6-41bd-8606-49c06805fc46-23456247935296","trial_id":35,"param_name":"ratio","param_value_internal":0.5748102731165724,"distribution":"{\"name\": \"FloatDistribution\", \"attributes\": {\"step\": null, \"low\": 0.1, \"high\": 100.0, \"log\": true}}"}
{"op_code":6,"worker_id":"9e1eaf6c-98e2-4b4b-a138-9de2cf4ca09a-23456247935296","trial_id":34,"state":1,"values":[-53.511045237648226],"datetime_complete":"2026-07-24T12:29:41.607131"}
{"op_code":0,"worker_id":"047917ce-660a-4b91-8b36-3e231420518e-23456247935296","study_name":"peter_ad_k3","directions":[2]}
{"op_code":4,"worker_id":"047917ce-660a-4b91-8b36-3e231420518e-23456247935296","study_id":0,"datetime_start":"2026-07-24T12:31:37.437875"}
{"op_code":9,"worker_id":"047917ce-660a-4b91-8b36-3e231420518e-23456247935296","trial_id":36,"system_attr":{"tpe:relative_params:0":"{\"lr\": 1.4815976526221928e-06, \"ratio\": 0.2163740283461142}"}}
{"op_code":5,"worker_id":"047917ce-660a-4b91-8b36-3e231420518e-23456247935296","trial_id":36,"param_name":"lr","param_value_internal":1.4815976526221928e-06,"distribution":"{\"name\": \"FloatDistribution\", \"attributes\": {\"step\": null, \"low\": 1e-08, \"high\": 0.5, \"log\": true}}"}
{"op_code":5,"worker_id":"047917ce-660a-4b91-8b36-3e231420518e-23456247935296","trial_id":36,"param_name":"ratio","param_value_internal":0.2163740283461142,"distribution":"{\"name\": \"FloatDistribution\", \"attributes\": {\"step\": null, \"low\": 0.1, \"high\": 100.0, \"log\": true}}"}
{"op_code":0,"worker_id":"94efc603-2370-4396-b9c8-c495643a0a65-23456247935296","study_name":"peter_ad_k3","directions":[2]}
{"op_code":4,"worker_id":"94efc603-2370-4396-b9c8-c495643a0a65-23456247935296","study_id":0,"datetime_start":"2026-07-24T12:35:40.353803"}
{"op_code":9,"worker_id":"94efc603-2370-4396-b9c8-c495643a0a65-23456247935296","trial_id":37,"system_attr":{"tpe:relative_params:0":"{\"lr\": 3.0944203975760854e-07, \"ratio\": 1.4293635866553285}"}}
{"op_code":5,"worker_id":"94efc603-2370-4396-b9c8-c495643a0a65-23456247935296","trial_id":37,"param_name":"lr","param_value_internal":3.0944203975760854e-07,"distribution":"{\"name\": \"FloatDistribution\", \"attributes\": {\"step\": null, \"low\": 1e-08, \"high\": 0.5, \"log\": true}}"}
{"op_code":5,"worker_id":"94efc603-2370-4396-b9c8-c495643a0a65-23456247935296","trial_id":37,"param_name":"ratio","param_value_internal":1.4293635866553285,"distribution":"{\"name\": \"FloatDistribution\", \"attributes\": {\"step\": null, \"low\": 0.1, \"high\": 100.0, \"log\": true}}"}
{"op_code":0,"worker_id":"98c92034-c52a-43bb-8acc-2dc8d4b50e2f-23456247935296","study_name":"peter_ad_k3","directions":[2]}
{"op_code":4,"worker_id":"98c92034-c52a-43bb-8acc-2dc8d4b50e2f-23456247935296","study_id":0,"datetime_start":"2026-07-24T12:40:23.451904"}
{"op_code":9,"worker_id":"98c92034-c52a-43bb-8acc-2dc8d4b50e2f-23456247935296","trial_id":38,"system_attr":{"tpe:relative_params:0":"{\"lr\": 6.050591463275558e-06, \"ratio\": 1.7017155718130947}"}}
{"op_code":5,"worker_id":"98c92034-c52a-43bb-8acc-2dc8d4b50e2f-23456247935296","trial_id":38,"param_name":"lr","param_value_internal":6.050591463275558e-06,"distribution":"{\"name\": \"FloatDistribution\", \"attributes\": {\"step\": null, \"low\": 1e-08, \"high\": 0.5, \"log\": true}}"}
{"op_code":5,"worker_id":"98c92034-c52a-43bb-8acc-2dc8d4b50e2f-23456247935296","trial_id":38,"param_name":"ratio","param_value_internal":1.7017155718130947,"distribution":"{\"name\": \"FloatDistribution\", \"attributes\": {\"step\": null, \"low\": 0.1, \"high\": 100.0, \"log\": true}}"}
{"op_code":6,"worker_id":"047917ce-660a-4b91-8b36-3e231420518e-23456247935296","trial_id":36,"state":1,"values":[-66.20441464488036],"datetime_complete":"2026-07-24T12:41:22.271838"}
{"op_code":6,"worker_id":"1814ed45-a8e6-41bd-8606-49c06805fc46-23456247935296","trial_id":35,"state":1,"values":[-64.8054362314951],"datetime_complete":"2026-07-24T12:41:44.391299"}
{"op_code":6,"worker_id":"94efc603-2370-4396-b9c8-c495643a0a65-23456247935296","trial_id":37,"state":1,"values":[-44.319311454897075],"datetime_complete":"2026-07-24T12:44:18.694013"}
{"op_code":0,"worker_id":"c14cd932-40ad-45a1-9362-d40a4db8f331-23456247935296","study_name":"peter_ad_k3","directions":[2]}
{"op_code":4,"worker_id":"c14cd932-40ad-45a1-9362-d40a4db8f331-23456247935296","study_id":0,"datetime_start":"2026-07-24T12:45:33.314819"}
{"op_code":9,"worker_id":"c14cd932-40ad-45a1-9362-d40a4db8f331-23456247935296","trial_id":39,"system_attr":{"tpe:relative_params:0":"{\"lr\": 5.010533273933631e-05, \"ratio\": 0.7909347049230263}"}}
{"op_code":5,"worker_id":"c14cd932-40ad-45a1-9362-d40a4db8f331-23456247935296","trial_id":39,"param_name":"lr","param_value_internal":5.010533273933631e-05,"distribution":"{\"name\": \"FloatDistribution\", \"attributes\": {\"step\": null, \"low\": 1e-08, \"high\": 0.5, \"log\": true}}"}
{"op_code":5,"worker_id":"c14cd932-40ad-45a1-9362-d40a4db8f331-23456247935296","trial_id":39,"param_name":"ratio","param_value_internal":0.7909347049230263,"distribution":"{\"name\": \"FloatDistribution\", \"attributes\": {\"step\": null, \"low\": 0.1, \"high\": 100.0, \"log\": true}}"}
{"op_code":6,"worker_id":"98c92034-c52a-43bb-8acc-2dc8d4b50e2f-23456247935296","trial_id":38,"state":1,"values":[-83.538234160707],"datetime_complete":"2026-07-24T12:50:07.463376"}
{"op_code":0,"worker_id":"e5e95b46-ef83-41e0-b866-94faa6251b87-23456247935296","study_name":"peter_ad_k3","directions":[2]}
{"op_code":4,"worker_id":"e5e95b46-ef83-41e0-b866-94faa6251b87-23456247935296","study_id":0,"datetime_start":"2026-07-24T12:50:27.406596"}
{"op_code":9,"worker_id":"e5e95b46-ef83-41e0-b866-94faa6251b87-23456247935296","trial_id":40,"system_attr":{"tpe:relative_params:0":"{\"lr\": 0.10624159064666039, \"ratio\": 86.77362324223166}"}}
{"op_code":5,"worker_id":"e5e95b46-ef83-41e0-b866-94faa6251b87-23456247935296","trial_id":40,"param_name":"lr","param_value_internal":0.10624159064666039,"distribution":"{\"name\": \"FloatDistribution\", \"attributes\": {\"step\": null, \"low\": 1e-08, \"high\": 0.5, \"log\": true}}"}
{"op_code":5,"worker_id":"e5e95b46-ef83-41e0-b866-94faa6251b87-23456247935296","trial_id":40,"param_name":"ratio","param_value_internal":86.77362324223166,"distribution":"{\"name\": \"FloatDistribution\", \"attributes\": {\"step\": null, \"low\": 0.1, \"high\": 100.0, \"log\": true}}"}
{"op_code":6,"worker_id":"e5e95b46-ef83-41e0-b866-94faa6251b87-23456247935296","trial_id":40,"state":3,"values":null,"datetime_complete":"2026-07-24T12:51:33.037865"}
{"op_code":0,"worker_id":"e095e1ae-e2d9-4fd7-9213-b07f2582eadf-23456247935296","study_name":"peter_ad_k3","directions":[2]}
{"op_code":4,"worker_id":"e095e1ae-e2d9-4fd7-9213-b07f2582eadf-23456247935296","study_id":0,"datetime_start":"2026-07-24T12:54:47.306359"}
{"op_code":9,"worker_id":"e095e1ae-e2d9-4fd7-9213-b07f2582eadf-23456247935296","trial_id":41,"system_attr":{"tpe:relative_params:0":"{\"lr\": 0.0074042675169685036, \"ratio\": 82.72230396616598}"}}
{"op_code":5,"worker_id":"e095e1ae-e2d9-4fd7-9213-b07f2582eadf-23456247935296","trial_id":41,"param_name":"lr","param_value_internal":0.0074042675169685036,"distribution":"{\"name\": \"FloatDistribution\", \"attributes\": {\"step\": null, \"low\": 1e-08, \"high\": 0.5, \"log\": true}}"}
{"op_code":5,"worker_id":"e095e1ae-e2d9-4fd7-9213-b07f2582eadf-23456247935296","trial_id":41,"param_name":"ratio","param_value_internal":82.72230396616598,"distribution":"{\"name\": \"FloatDistribution\", \"attributes\": {\"step\": null, \"low\": 0.1, \"high\": 100.0, \"log\": true}}"}
{"op_code":6,"worker_id":"c14cd932-40ad-45a1-9362-d40a4db8f331-23456247935296","trial_id":39,"state":1,"values":[-105.86904798022758],"datetime_complete":"2026-07-24T12:56:15.622847"}
{"op_code":6,"worker_id":"e095e1ae-e2d9-4fd7-9213-b07f2582eadf-23456247935296","trial_id":41,"state":3,"values":null,"datetime_complete":"2026-07-24T12:56:58.948984"}
{"op_code":0,"worker_id":"4637a71e-8f17-4cf9-9dee-f7c9b9433676-23456247935296","study_name":"peter_ad_k3","directions":[2]}
{"op_code":4,"worker_id":"4637a71e-8f17-4cf9-9dee-f7c9b9433676-23456247935296","study_id":0,"datetime_start":"2026-07-24T12:58:58.736609"}
{"op_code":9,"worker_id":"4637a71e-8f17-4cf9-9dee-f7c9b9433676-23456247935296","trial_id":42,"system_attr":{"tpe:relative_params:0":"{\"lr\": 2.2238140540349018e-07, \"ratio\": 0.20842255915640467}"}}
{"op_code":5,"worker_id":"4637a71e-8f17-4cf9-9dee-f7c9b9433676-23456247935296","trial_id":42,"param_name":"lr","param_value_internal":2.2238140540349018e-07,"distribution":"{\"name\": \"FloatDistribution\", \"attributes\": {\"step\": null, \"low\": 1e-08, \"high\": 0.5, \"log\": true}}"}
{"op_code":5,"worker_id":"4637a71e-8f17-4cf9-9dee-f7c9b9433676-23456247935296","trial_id":42,"param_name":"ratio","param_value_internal":0.20842255915640467,"distribution":"{\"name\": \"FloatDistribution\", \"attributes\": {\"step\": null, \"low\": 0.1, \"high\": 100.0, \"log\": true}}"}
{"op_code":0,"worker_id":"928aec9e-d351-4e91-a25a-06c37480b343-23456247935296","study_name":"peter_ad_k3","directions":[2]}
{"op_code":4,"worker_id":"928aec9e-d351-4e91-a25a-06c37480b343-23456247935296","study_id":0,"datetime_start":"2026-07-24T13:03:19.027788"}
{"op_code":9,"worker_id":"928aec9e-d351-4e91-a25a-06c37480b343-23456247935296","trial_id":43,"system_attr":{"tpe:relative_params:0":"{\"lr\": 0.4132658967637109, \"ratio\": 0.44777652364721915}"}}
{"op_code":5,"worker_id":"928aec9e-d351-4e91-a25a-06c37480b343-23456247935296","trial_id":43,"param_name":"lr","param_value_internal":0.4132658967637109,"distribution":"{\"name\": \"FloatDistribution\", \"attributes\": {\"step\": null, \"low\": 1e-08, \"high\": 0.5, \"log\": true}}"}
{"op_code":5,"worker_id":"928aec9e-d351-4e91-a25a-06c37480b343-23456247935296","trial_id":43,"param_name":"ratio","param_value_internal":0.44777652364721915,"distribution":"{\"name\": \"FloatDistribution\", \"attributes\": {\"step\": null, \"low\": 0.1, \"high\": 100.0, \"log\": true}}"}
{"op_code":6,"worker_id":"928aec9e-d351-4e91-a25a-06c37480b343-23456247935296","trial_id":43,"state":3,"values":null,"datetime_complete":"2026-07-24T13:04:28.537074"}
{"op_code":0,"worker_id":"c03d5603-e9ae-485b-afb9-43b0f5585021-23456247935296","study_name":"peter_ad_k3","directions":[2]}
{"op_code":4,"worker_id":"c03d5603-e9ae-485b-afb9-43b0f5585021-23456247935296","study_id":0,"datetime_start":"2026-07-24T13:07:58.452952"}
{"op_code":9,"worker_id":"c03d5603-e9ae-485b-afb9-43b0f5585021-23456247935296","trial_id":44,"system_attr":{"tpe:relative_params:0":"{\"lr\": 1.0708152593314049e-05, \"ratio\": 0.7987633928426238}"}}
{"op_code":5,"worker_id":"c03d5603-e9ae-485b-afb9-43b0f5585021-23456247935296","trial_id":44,"param_name":"lr","param_value_internal":1.0708152593314049e-05,"distribution":"{\"name\": \"FloatDistribution\", \"attributes\": {\"step\": null, \"low\": 1e-08, \"high\": 0.5, \"log\": true}}"}
{"op_code":5,"worker_id":"c03d5603-e9ae-485b-afb9-43b0f5585021-23456247935296","trial_id":44,"param_name":"ratio","param_value_internal":0.7987633928426238,"distribution":"{\"name\": \"FloatDistribution\", \"attributes\": {\"step\": null, \"low\": 0.1, \"high\": 100.0, \"log\": true}}"}
{"op_code":0,"worker_id":"daf554d1-79e0-4060-8651-5759aa4127d5-23456247935296","study_name":"peter_ad_k3","directions":[2]}
{"op_code":4,"worker_id":"daf554d1-79e0-4060-8651-5759aa4127d5-23456247935296","study_id":0,"datetime_start":"2026-07-24T13:12:29.256702"}
{"op_code":9,"worker_id":"daf554d1-79e0-4060-8651-5759aa4127d5-23456247935296","trial_id":45,"system_attr":{"tpe:relative_params:0":"{\"lr\": 3.3843130409213524e-08, \"ratio\": 0.10105891813057533}"}}
{"op_code":5,"worker_id":"daf554d1-79e0-4060-8651-5759aa4127d5-23456247935296","trial_id":45,"param_name":"lr","param_value_internal":3.3843130409213524e-08,"distribution":"{\"name\": \"FloatDistribution\", \"attributes\": {\"step\": null, \"low\": 1e-08, \"high\": 0.5, \"log\": true}}"}
{"op_code":5,"worker_id":"daf554d1-79e0-4060-8651-5759aa4127d5-23456247935296","trial_id":45,"param_name":"ratio","param_value_internal":0.10105891813057533,"distribution":"{\"name\": \"FloatDistribution\", \"attributes\": {\"step\": null, \"low\": 0.1, \"high\": 100.0, \"log\": true}}"}
{"op_code":6,"worker_id":"4637a71e-8f17-4cf9-9dee-f7c9b9433676-23456247935296","trial_id":42,"state":1,"values":[-44.20289698035385],"datetime_complete":"2026-07-24T13:13:38.320131"}
{"op_code":6,"worker_id":"c03d5603-e9ae-485b-afb9-43b0f5585021-23456247935296","trial_id":44,"state":1,"values":[-98.08345603951457],"datetime_complete":"2026-07-24T13:16:59.486165"}
{"op_code":0,"worker_id":"ffd7d0c4-1462-4278-8b51-632c33ef905f-23456247935296","study_name":"peter_ad_k3","directions":[2]}
{"op_code":4,"worker_id":"ffd7d0c4-1462-4278-8b51-632c33ef905f-23456247935296","study_id":0,"datetime_start":"2026-07-24T13:16:59.736707"}
{"op_code":9,"worker_id":"ffd7d0c4-1462-4278-8b51-632c33ef905f-23456247935296","trial_id":46,"system_attr":{"tpe:relative_params:0":"{\"lr\": 0.016020852966877726, \"ratio\": 12.63955566411209}"}}
{"op_code":5,"worker_id":"ffd7d0c4-1462-4278-8b51-632c33ef905f-23456247935296","trial_id":46,"param_name":"lr","param_value_internal":0.016020852966877726,"distribution":"{\"name\": \"FloatDistribution\", \"attributes\": {\"step\": null, \"low\": 1e-08, \"high\": 0.5, \"log\": true}}"}
{"op_code":5,"worker_id":"ffd7d0c4-1462-4278-8b51-632c33ef905f-23456247935296","trial_id":46,"param_name":"ratio","param_value_internal":12.63955566411209,"distribution":"{\"name\": \"FloatDistribution\", \"attributes\": {\"step\": null, \"low\": 0.1, \"high\": 100.0, \"log\": true}}"}
{"op_code":6,"worker_id":"ffd7d0c4-1462-4278-8b51-632c33ef905f-23456247935296","trial_id":46,"state":3,"values":null,"datetime_complete":"2026-07-24T13:18:25.706761"}
{"op_code":0,"worker_id":"8205eb68-6377-40e3-8556-ae0f84e5c2ef-23456247935296","study_name":"peter_ad_k3","directions":[2]}
{"op_code":4,"worker_id":"8205eb68-6377-40e3-8556-ae0f84e5c2ef-23456247935296","study_id":0,"datetime_start":"2026-07-24T13:20:19.652787"}
{"op_code":9,"worker_id":"8205eb68-6377-40e3-8556-ae0f84e5c2ef-23456247935296","trial_id":47,"system_attr":{"tpe:relative_params:0":"{\"lr\": 0.0023831446190265186, \"ratio\": 9.9716740365061}"}}
{"op_code":5,"worker_id":"8205eb68-6377-40e3-8556-ae0f84e5c2ef-23456247935296","trial_id":47,"param_name":"lr","param_value_internal":0.0023831446190265186,"distribution":"{\"name\": \"FloatDistribution\", \"attributes\": {\"step\": null, \"low\": 1e-08, \"high\": 0.5, \"log\": true}}"}
{"op_code":5,"worker_id":"8205eb68-6377-40e3-8556-ae0f84e5c2ef-23456247935296","trial_id":47,"param_name":"ratio","param_value_internal":9.9716740365061,"distribution":"{\"name\": \"FloatDistribution\", \"attributes\": {\"step\": null, \"low\": 0.1, \"high\": 100.0, \"log\": true}}"}
{"op_code":6,"worker_id":"daf554d1-79e0-4060-8651-5759aa4127d5-23456247935296","trial_id":45,"state":1,"values":[-43.99759611135324],"datetime_complete":"2026-07-24T13:22:12.573439"}
{"op_code":0,"worker_id":"5958c618-6653-4104-af8c-ea6d81f05284-23456247935296","study_name":"peter_ad_k3","directions":[2]}
{"op_code":4,"worker_id":"5958c618-6653-4104-af8c-ea6d81f05284-23456247935296","study_id":0,"datetime_start":"2026-07-24T13:23:14.732906"}
{"op_code":9,"worker_id":"5958c618-6653-4104-af8c-ea6d81f05284-23456247935296","trial_id":48,"system_attr":{"tpe:relative_params:0":"{\"lr\": 0.22522959116428778, \"ratio\": 2.3410594830194364}"}}
{"op_code":5,"worker_id":"5958c618-6653-4104-af8c-ea6d81f05284-23456247935296","trial_id":48,"param_name":"lr","param_value_internal":0.22522959116428778,"distribution":"{\"name\": \"FloatDistribution\", \"attributes\": {\"step\": null, \"low\": 1e-08, \"high\": 0.5, \"log\": true}}"}
{"op_code":5,"worker_id":"5958c618-6653-4104-af8c-ea6d81f05284-23456247935296","trial_id":48,"param_name":"ratio","param_value_internal":2.3410594830194364,"distribution":"{\"name\": \"FloatDistribution\", \"attributes\": {\"step\": null, \"low\": 0.1, \"high\": 100.0, \"log\": true}}"}
{"op_code":6,"worker_id":"5958c618-6653-4104-af8c-ea6d81f05284-23456247935296","trial_id":48,"state":3,"values":null,"datetime_complete":"2026-07-24T13:24:21.176822"}
{"op_code":0,"worker_id":"512c0751-851a-4381-ade7-0d7c958f44cf-23456247935296","study_name":"peter_ad_k3","directions":[2]}
{"op_code":4,"worker_id":"512c0751-851a-4381-ade7-0d7c958f44cf-23456247935296","study_id":0,"datetime_start":"2026-07-24T13:26:03.838107"}
{"op_code":9,"worker_id":"512c0751-851a-4381-ade7-0d7c958f44cf-23456247935296","trial_id":49,"system_attr":{"tpe:relative_params:0":"{\"lr\": 0.059470707014463074, \"ratio\": 1.5555187485101023}"}}
{"op_code":5,"worker_id":"512c0751-851a-4381-ade7-0d7c958f44cf-23456247935296","trial_id":49,"param_name":"lr","param_value_internal":0.059470707014463074,"distribution":"{\"name\": \"FloatDistribution\", \"attributes\": {\"step\": null, \"low\": 1e-08, \"high\": 0.5, \"log\": true}}"}
{"op_code":5,"worker_id":"512c0751-851a-4381-ade7-0d7c958f44cf-23456247935296","trial_id":49,"param_name":"ratio","param_value_internal":1.5555187485101023,"distribution":"{\"name\": \"FloatDistribution\", \"attributes\": {\"step\": null, \"low\": 0.1, \"high\": 100.0, \"log\": true}}"}
{"op_code":6,"worker_id":"512c0751-851a-4381-ade7-0d7c958f44cf-23456247935296","trial_id":49,"state":3,"values":null,"datetime_complete":"2026-07-24T13:28:50.545657"}
{"op_code":0,"worker_id":"bbfaaf8a-dd6e-4c3f-8790-0a0b33ee6561-23456247935296","study_name":"peter_ad_k3","directions":[2]}
{"op_code":4,"worker_id":"bbfaaf8a-dd6e-4c3f-8790-0a0b33ee6561-23456247935296","study_id":0,"datetime_start":"2026-07-24T13:29:43.461203"}
{"op_code":9,"worker_id":"bbfaaf8a-dd6e-4c3f-8790-0a0b33ee6561-23456247935296","trial_id":50,"system_attr":{"tpe:relative_params:0":"{\"lr\": 4.1695079124000964e-07, \"ratio\": 27.937722065617564}"}}
{"op_code":5,"worker_id":"bbfaaf8a-dd6e-4c3f-8790-0a0b33ee6561-23456247935296","trial_id":50,"param_name":"lr","param_value_internal":4.1695079124000964e-07,"distribution":"{\"name\": \"FloatDistribution\", \"attributes\": {\"step\": null, \"low\": 1e-08, \"high\": 0.5, \"log\": true}}"}
{"op_code":5,"worker_id":"bbfaaf8a-dd6e-4c3f-8790-0a0b33ee6561-23456247935296","trial_id":50,"param_name":"ratio","param_value_internal":27.937722065617564,"distribution":"{\"name\": \"FloatDistribution\", \"attributes\": {\"step\": null, \"low\": 0.1, \"high\": 100.0, \"log\": true}}"}
{"op_code":6,"worker_id":"8205eb68-6377-40e3-8556-ae0f84e5c2ef-23456247935296","trial_id":47,"state":1,"values":[-181.5628901045768],"datetime_complete":"2026-07-24T13:30:40.601220"}
{"op_code":0,"worker_id":"56e576df-3f65-408e-bfea-8f8effb3dca8-23456247935296","study_name":"peter_ad_k3","directions":[2]}
{"op_code":4,"worker_id":"56e576df-3f65-408e-bfea-8f8effb3dca8-23456247935296","study_id":0,"datetime_start":"2026-07-24T13:33:26.228553"}
{"op_code":9,"worker_id":"56e576df-3f65-408e-bfea-8f8effb3dca8-23456247935296","trial_id":51,"system_attr":{"tpe:relative_params:0":"{\"lr\": 6.929445623514765e-07, \"ratio\": 72.68814492342696}"}}
{"op_code":5,"worker_id":"56e576df-3f65-408e-bfea-8f8effb3dca8-23456247935296","trial_id":51,"param_name":"lr","param_value_internal":6.929445623514765e-07,"distribution":"{\"name\": \"FloatDistribution\", \"attributes\": {\"step\": null, \"low\": 1e-08, \"high\": 0.5, \"log\": true}}"}
{"op_code":5,"worker_id":"56e576df-3f65-408e-bfea-8f8effb3dca8-23456247935296","trial_id":51,"param_name":"ratio","param_value_internal":72.68814492342696,"distribution":"{\"name\": \"FloatDistribution\", \"attributes\": {\"step\": null, \"low\": 0.1, \"high\": 100.0, \"log\": true}}"}
{"op_code":6,"worker_id":"bbfaaf8a-dd6e-4c3f-8790-0a0b33ee6561-23456247935296","trial_id":50,"state":1,"values":[-43.29930323574646],"datetime_complete":"2026-07-24T13:41:18.737210"}
{"op_code":6,"worker_id":"56e576df-3f65-408e-bfea-8f8effb3dca8-23456247935296","trial_id":51,"state":1,"values":[-41.79491118603876],"datetime_complete":"2026-07-24T13:42:05.168962"}
{"op_code":0,"worker_id":"840acae1-f1bc-4780-b2df-e682ba79733d-23456247935296","study_name":"peter_ad_k3","directions":[2]}
{"op_code":0,"worker_id":"2b014c3c-2a40-4fb2-bf41-ac81f90fcce5-23456247935296","study_name":"peter_ad_k3","directions":[2]}
