{"op_code":0,"worker_id":"b57aae88-d3a2-4d25-9415-3a2aad44c153-20268","study_name":"peter_accidents_k3","directions":[2]}
{"op_code":0,"worker_id":"7c481cbb-15db-4375-b807-446d038ffa14-22724","study_name":"peter_accidents_k3","directions":[2]}
{"op_code":4,"worker_id":"7c481cbb-15db-4375-b807-446d038ffa14-22724","study_id":0,"datetime_start":"2026-07-24T09:10:05.009491"}
{"op_code":5,"worker_id":"7c481cbb-15db-4375-b807-446d038ffa14-22724","trial_id":0,"param_name":"lr","param_value_internal":1.6704361051719726e-05,"distribution":"{\"name\": \"FloatDistribution\", \"attributes\": {\"step\": null, \"low\": 1e-08, \"high\": 0.5, \"log\": true}}"}
{"op_code":5,"worker_id":"7c481cbb-15db-4375-b807-446d038ffa14-22724","trial_id":0,"param_name":"ratio","param_value_internal":1.5829262187010515,"distribution":"{\"name\": \"FloatDistribution\", \"attributes\": {\"step\": null, \"low\": 0.1, \"high\": 100.0, \"log\": true}}"}
{"op_code":6,"worker_id":"7c481cbb-15db-4375-b807-446d038ffa14-22724","trial_id":0,"state":1,"values":[-51.32498128400015],"datetime_complete":"2026-07-24T09:11:25.326614"}
{"op_code":0,"worker_id":"19826f25-c07e-4e83-a2b8-0560b53a68c6-36240","study_name":"peter_accidents_k3","directions":[2]}
{"op_code":4,"worker_id":"19826f25-c07e-4e83-a2b8-0560b53a68c6-36240","study_id":0,"datetime_start":"2026-07-24T09:13:01.412184"}
{"op_code":5,"worker_id":"19826f25-c07e-4e83-a2b8-0560b53a68c6-36240","trial_id":1,"param_name":"lr","param_value_internal":2.9802022866989813e-07,"distribution":"{\"name\": \"FloatDistribution\", \"attributes\": {\"step\": null, \"low\": 1e-08, \"high\": 0.5, \"log\": true}}"}
{"op_code":5,"worker_id":"19826f25-c07e-4e83-a2b8-0560b53a68c6-36240","trial_id":1,"param_name":"ratio","param_value_internal":33.73273229531058,"distribution":"{\"name\": \"FloatDistribution\", \"attributes\": {\"step\": null, \"low\": 0.1, \"high\": 100.0, \"log\": true}}"}
{"op_code":0,"worker_id":"b7419124-3c2c-493f-a4f4-39049b5a9778-26800","study_name":"peter_accidents_k3","directions":[2]}
{"op_code":4,"worker_id":"b7419124-3c2c-493f-a4f4-39049b5a9778-26800","study_id":0,"datetime_start":"2026-07-24T09:13:02.092809"}
{"op_code":5,"worker_id":"b7419124-3c2c-493f-a4f4-39049b5a9778-26800","trial_id":2,"param_name":"lr","param_value_internal":1.9814796094282707e-05,"distribution":"{\"name\": \"FloatDistribution\", \"attributes\": {\"step\": null, \"low\": 1e-08, \"high\": 0.5, \"log\": true}}"}
{"op_code":5,"worker_id":"b7419124-3c2c-493f-a4f4-39049b5a9778-26800","trial_id":2,"param_name":"ratio","param_value_internal":0.18469650937936097,"distribution":"{\"name\": \"FloatDistribution\", \"attributes\": {\"step\": null, \"low\": 0.1, \"high\": 100.0, \"log\": true}}"}
{"op_code":0,"worker_id":"d860ac59-435d-43be-bed0-e4d3981f6cad-23456247935296","study_name":"peter_accidents_k3","directions":[2]}
{"op_code":0,"worker_id":"96f8e4f5-a191-4e77-b079-02d0b7b21301-23456247935296","study_name":"peter_accidents_k3","directions":[2]}
{"op_code":4,"worker_id":"96f8e4f5-a191-4e77-b079-02d0b7b21301-23456247935296","study_id":0,"datetime_start":"2026-07-24T10:21:56.593012"}
{"op_code":5,"worker_id":"96f8e4f5-a191-4e77-b079-02d0b7b21301-23456247935296","trial_id":3,"param_name":"lr","param_value_internal":0.1332217620548422,"distribution":"{\"name\": \"FloatDistribution\", \"attributes\": {\"step\": null, \"low\": 1e-08, \"high\": 0.5, \"log\": true}}"}
{"op_code":5,"worker_id":"96f8e4f5-a191-4e77-b079-02d0b7b21301-23456247935296","trial_id":3,"param_name":"ratio","param_value_internal":71.78470591045316,"distribution":"{\"name\": \"FloatDistribution\", \"attributes\": {\"step\": null, \"low\": 0.1, \"high\": 100.0, \"log\": true}}"}
{"op_code":6,"worker_id":"96f8e4f5-a191-4e77-b079-02d0b7b21301-23456247935296","trial_id":3,"state":3,"values":null,"datetime_complete":"2026-07-24T10:22:02.025895"}
{"op_code":0,"worker_id":"bcef3465-a33a-4285-9cdf-f1d20478b588-23456247935296","study_name":"peter_accidents_k3","directions":[2]}
{"op_code":4,"worker_id":"bcef3465-a33a-4285-9cdf-f1d20478b588-23456247935296","study_id":0,"datetime_start":"2026-07-24T10:22:21.885070"}
{"op_code":5,"worker_id":"bcef3465-a33a-4285-9cdf-f1d20478b588-23456247935296","trial_id":4,"param_name":"lr","param_value_internal":5.184475054732309e-07,"distribution":"{\"name\": \"FloatDistribution\", \"attributes\": {\"step\": null, \"low\": 1e-08, \"high\": 0.5, \"log\": true}}"}
{"op_code":5,"worker_id":"bcef3465-a33a-4285-9cdf-f1d20478b588-23456247935296","trial_id":4,"param_name":"ratio","param_value_internal":1.262701268807172,"distribution":"{\"name\": \"FloatDistribution\", \"attributes\": {\"step\": null, \"low\": 0.1, \"high\": 100.0, \"log\": true}}"}
{"op_code":6,"worker_id":"bcef3465-a33a-4285-9cdf-f1d20478b588-23456247935296","trial_id":4,"state":1,"values":[-55.62426103143586],"datetime_complete":"2026-07-24T10:23:31.231481"}
{"op_code":0,"worker_id":"2e404ff9-04a0-47aa-8c72-3f1c57761c98-23456247935296","study_name":"peter_accidents_k3","directions":[2]}
{"op_code":4,"worker_id":"2e404ff9-04a0-47aa-8c72-3f1c57761c98-23456247935296","study_id":0,"datetime_start":"2026-07-24T10:25:30.729060"}
{"op_code":5,"worker_id":"2e404ff9-04a0-47aa-8c72-3f1c57761c98-23456247935296","trial_id":5,"param_name":"lr","param_value_internal":1.9318398299168787e-05,"distribution":"{\"name\": \"FloatDistribution\", \"attributes\": {\"step\": null, \"low\": 1e-08, \"high\": 0.5, \"log\": true}}"}
{"op_code":5,"worker_id":"2e404ff9-04a0-47aa-8c72-3f1c57761c98-23456247935296","trial_id":5,"param_name":"ratio","param_value_internal":3.2598125723467617,"distribution":"{\"name\": \"FloatDistribution\", \"attributes\": {\"step\": null, \"low\": 0.1, \"high\": 100.0, \"log\": true}}"}
{"op_code":6,"worker_id":"2e404ff9-04a0-47aa-8c72-3f1c57761c98-23456247935296","trial_id":5,"state":1,"values":[-49.98452313925371],"datetime_complete":"2026-07-24T10:26:28.650706"}
{"op_code":0,"worker_id":"9f4209bf-89fe-4adc-8f49-e1a7fe0998b8-23456247935296","study_name":"peter_accidents_k3","directions":[2]}
{"op_code":4,"worker_id":"9f4209bf-89fe-4adc-8f49-e1a7fe0998b8-23456247935296","study_id":0,"datetime_start":"2026-07-24T10:28:52.224414"}
{"op_code":5,"worker_id":"9f4209bf-89fe-4adc-8f49-e1a7fe0998b8-23456247935296","trial_id":6,"param_name":"lr","param_value_internal":2.0820452289452124e-05,"distribution":"{\"name\": \"FloatDistribution\", \"attributes\": {\"step\": null, \"low\": 1e-08, \"high\": 0.5, \"log\": true}}"}
{"op_code":5,"worker_id":"9f4209bf-89fe-4adc-8f49-e1a7fe0998b8-23456247935296","trial_id":6,"param_name":"ratio","param_value_internal":4.1467228466438995,"distribution":"{\"name\": \"FloatDistribution\", \"attributes\": {\"step\": null, \"low\": 0.1, \"high\": 100.0, \"log\": true}}"}
{"op_code":6,"worker_id":"9f4209bf-89fe-4adc-8f49-e1a7fe0998b8-23456247935296","trial_id":6,"state":1,"values":[-49.31852826378172],"datetime_complete":"2026-07-24T10:29:51.883540"}
{"op_code":0,"worker_id":"8d361ed8-2955-4ef5-ba7c-9b4804b9254f-23456247935296","study_name":"peter_accidents_k3","directions":[2]}
{"op_code":4,"worker_id":"8d361ed8-2955-4ef5-ba7c-9b4804b9254f-23456247935296","study_id":0,"datetime_start":"2026-07-24T10:32:36.982968"}
{"op_code":5,"worker_id":"8d361ed8-2955-4ef5-ba7c-9b4804b9254f-23456247935296","trial_id":7,"param_name":"lr","param_value_internal":2.483407118274624e-06,"distribution":"{\"name\": \"FloatDistribution\", \"attributes\": {\"step\": null, \"low\": 1e-08, \"high\": 0.5, \"log\": true}}"}
{"op_code":5,"worker_id":"8d361ed8-2955-4ef5-ba7c-9b4804b9254f-23456247935296","trial_id":7,"param_name":"ratio","param_value_internal":0.2860723842167884,"distribution":"{\"name\": \"FloatDistribution\", \"attributes\": {\"step\": null, \"low\": 0.1, \"high\": 100.0, \"log\": true}}"}
{"op_code":6,"worker_id":"8d361ed8-2955-4ef5-ba7c-9b4804b9254f-23456247935296","trial_id":7,"state":1,"values":[-54.70564291750661],"datetime_complete":"2026-07-24T10:33:47.336444"}
{"op_code":0,"worker_id":"2c3bfe93-2eed-443b-b4c2-c9a7632d8824-23456247935296","study_name":"peter_accidents_k3","directions":[2]}
{"op_code":4,"worker_id":"2c3bfe93-2eed-443b-b4c2-c9a7632d8824-23456247935296","study_id":0,"datetime_start":"2026-07-24T10:35:53.660416"}
{"op_code":5,"worker_id":"2c3bfe93-2eed-443b-b4c2-c9a7632d8824-23456247935296","trial_id":8,"param_name":"lr","param_value_internal":0.4419306649070016,"distribution":"{\"name\": \"FloatDistribution\", \"attributes\": {\"step\": null, \"low\": 1e-08, \"high\": 0.5, \"log\": true}}"}
{"op_code":5,"worker_id":"2c3bfe93-2eed-443b-b4c2-c9a7632d8824-23456247935296","trial_id":8,"param_name":"ratio","param_value_internal":35.89198329919297,"distribution":"{\"name\": \"FloatDistribution\", \"attributes\": {\"step\": null, \"low\": 0.1, \"high\": 100.0, \"log\": true}}"}
{"op_code":6,"worker_id":"2c3bfe93-2eed-443b-b4c2-c9a7632d8824-23456247935296","trial_id":8,"state":3,"values":null,"datetime_complete":"2026-07-24T10:35:58.216428"}
{"op_code":0,"worker_id":"94631fbc-c29d-4e9f-9cec-79b0fec82a25-23456247935296","study_name":"peter_accidents_k3","directions":[2]}
{"op_code":4,"worker_id":"94631fbc-c29d-4e9f-9cec-79b0fec82a25-23456247935296","study_id":0,"datetime_start":"2026-07-24T10:39:26.247513"}
{"op_code":5,"worker_id":"94631fbc-c29d-4e9f-9cec-79b0fec82a25-23456247935296","trial_id":9,"param_name":"lr","param_value_internal":0.07058039033967753,"distribution":"{\"name\": \"FloatDistribution\", \"attributes\": {\"step\": null, \"low\": 1e-08, \"high\": 0.5, \"log\": true}}"}
{"op_code":5,"worker_id":"94631fbc-c29d-4e9f-9cec-79b0fec82a25-23456247935296","trial_id":9,"param_name":"ratio","param_value_internal":26.667227641246452,"distribution":"{\"name\": \"FloatDistribution\", \"attributes\": {\"step\": null, \"low\": 0.1, \"high\": 100.0, \"log\": true}}"}
{"op_code":6,"worker_id":"94631fbc-c29d-4e9f-9cec-79b0fec82a25-23456247935296","trial_id":9,"state":3,"values":null,"datetime_complete":"2026-07-24T10:39:31.691903"}
{"op_code":0,"worker_id":"b5bcdbfe-63ce-4692-a7f4-adca6b2aa3f1-23456247935296","study_name":"peter_accidents_k3","directions":[2]}
{"op_code":4,"worker_id":"b5bcdbfe-63ce-4692-a7f4-adca6b2aa3f1-23456247935296","study_id":0,"datetime_start":"2026-07-24T10:43:43.494165"}
{"op_code":5,"worker_id":"b5bcdbfe-63ce-4692-a7f4-adca6b2aa3f1-23456247935296","trial_id":10,"param_name":"lr","param_value_internal":8.766389289920342e-07,"distribution":"{\"name\": \"FloatDistribution\", \"attributes\": {\"step\": null, \"low\": 1e-08, \"high\": 0.5, \"log\": true}}"}
{"op_code":5,"worker_id":"b5bcdbfe-63ce-4692-a7f4-adca6b2aa3f1-23456247935296","trial_id":10,"param_name":"ratio","param_value_internal":2.415032995808681,"distribution":"{\"name\": \"FloatDistribution\", \"attributes\": {\"step\": null, \"low\": 0.1, \"high\": 100.0, \"log\": true}}"}
{"op_code":6,"worker_id":"b5bcdbfe-63ce-4692-a7f4-adca6b2aa3f1-23456247935296","trial_id":10,"state":1,"values":[-55.30512965932296],"datetime_complete":"2026-07-24T10:44:54.226198"}
{"op_code":0,"worker_id":"b30c5586-8963-459b-a3c1-fb2e61571252-23456247935296","study_name":"peter_accidents_k3","directions":[2]}
{"op_code":4,"worker_id":"b30c5586-8963-459b-a3c1-fb2e61571252-23456247935296","study_id":0,"datetime_start":"2026-07-24T10:48:02.927442"}
{"op_code":5,"worker_id":"b30c5586-8963-459b-a3c1-fb2e61571252-23456247935296","trial_id":11,"param_name":"lr","param_value_internal":0.02657906542517333,"distribution":"{\"name\": \"FloatDistribution\", \"attributes\": {\"step\": null, \"low\": 1e-08, \"high\": 0.5, \"log\": true}}"}
{"op_code":5,"worker_id":"b30c5586-8963-459b-a3c1-fb2e61571252-23456247935296","trial_id":11,"param_name":"ratio","param_value_internal":0.26585532301109693,"distribution":"{\"name\": \"FloatDistribution\", \"attributes\": {\"step\": null, \"low\": 0.1, \"high\": 100.0, \"log\": true}}"}
{"op_code":6,"worker_id":"b30c5586-8963-459b-a3c1-fb2e61571252-23456247935296","trial_id":11,"state":3,"values":null,"datetime_complete":"2026-07-24T10:48:07.829354"}
{"op_code":0,"worker_id":"cde21399-fab1-4ead-9f34-405af5db8cf2-23456247935296","study_name":"peter_accidents_k3","directions":[2]}
{"op_code":4,"worker_id":"cde21399-fab1-4ead-9f34-405af5db8cf2-23456247935296","study_id":0,"datetime_start":"2026-07-24T10:52:30.034669"}
{"op_code":5,"worker_id":"cde21399-fab1-4ead-9f34-405af5db8cf2-23456247935296","trial_id":12,"param_name":"lr","param_value_internal":0.0005557538164965564,"distribution":"{\"name\": \"FloatDistribution\", \"attributes\": {\"step\": null, \"low\": 1e-08, \"high\": 0.5, \"log\": true}}"}
{"op_code":5,"worker_id":"cde21399-fab1-4ead-9f34-405af5db8cf2-23456247935296","trial_id":12,"param_name":"ratio","param_value_internal":0.3693254001283146,"distribution":"{\"name\": \"FloatDistribution\", \"attributes\": {\"step\": null, \"low\": 0.1, \"high\": 100.0, \"log\": true}}"}
{"op_code":6,"worker_id":"cde21399-fab1-4ead-9f34-405af5db8cf2-23456247935296","trial_id":12,"state":3,"values":null,"datetime_complete":"2026-07-24T10:52:46.113168"}
{"op_code":0,"worker_id":"de2d5f83-10ed-48fe-bf95-a6ff830fff13-23456247935296","study_name":"peter_accidents_k3","directions":[2]}
{"op_code":4,"worker_id":"de2d5f83-10ed-48fe-bf95-a6ff830fff13-23456247935296","study_id":0,"datetime_start":"2026-07-24T10:56:21.884878"}
{"op_code":5,"worker_id":"de2d5f83-10ed-48fe-bf95-a6ff830fff13-23456247935296","trial_id":13,"param_name":"lr","param_value_internal":2.2432636636105648e-05,"distribution":"{\"name\": \"FloatDistribution\", \"attributes\": {\"step\": null, \"low\": 1e-08, \"high\": 0.5, \"log\": true}}"}
{"op_code":5,"worker_id":"de2d5f83-10ed-48fe-bf95-a6ff830fff13-23456247935296","trial_id":13,"param_name":"ratio","param_value_internal":52.69195305700469,"distribution":"{\"name\": \"FloatDistribution\", \"attributes\": {\"step\": null, \"low\": 0.1, \"high\": 100.0, \"log\": true}}"}
{"op_code":6,"worker_id":"de2d5f83-10ed-48fe-bf95-a6ff830fff13-23456247935296","trial_id":13,"state":1,"values":[-44.562428604543335],"datetime_complete":"2026-07-24T10:57:21.650945"}
{"op_code":0,"worker_id":"81acda39-ced7-4776-8a39-f0f1c2faa4e4-23456247935296","study_name":"peter_accidents_k3","directions":[2]}
{"op_code":4,"worker_id":"81acda39-ced7-4776-8a39-f0f1c2faa4e4-23456247935296","study_id":0,"datetime_start":"2026-07-24T11:01:34.513996"}
{"op_code":5,"worker_id":"81acda39-ced7-4776-8a39-f0f1c2faa4e4-23456247935296","trial_id":14,"param_name":"lr","param_value_internal":1.3098907728981907e-07,"distribution":"{\"name\": \"FloatDistribution\", \"attributes\": {\"step\": null, \"low\": 1e-08, \"high\": 0.5, \"log\": true}}"}
{"op_code":5,"worker_id":"81acda39-ced7-4776-8a39-f0f1c2faa4e4-23456247935296","trial_id":14,"param_name":"ratio","param_value_internal":1.1197746660465704,"distribution":"{\"name\": \"FloatDistribution\", \"attributes\": {\"step\": null, \"low\": 0.1, \"high\": 100.0, \"log\": true}}"}
{"op_code":6,"worker_id":"81acda39-ced7-4776-8a39-f0f1c2faa4e4-23456247935296","trial_id":14,"state":1,"values":[-55.845042911203215],"datetime_complete":"2026-07-24T11:02:45.471221"}
{"op_code":0,"worker_id":"71f1779f-68ff-4c66-9fc0-a4557e26f8bf-23456247935296","study_name":"peter_accidents_k3","directions":[2]}
{"op_code":4,"worker_id":"71f1779f-68ff-4c66-9fc0-a4557e26f8bf-23456247935296","study_id":0,"datetime_start":"2026-07-24T11:06:40.692581"}
{"op_code":5,"worker_id":"71f1779f-68ff-4c66-9fc0-a4557e26f8bf-23456247935296","trial_id":15,"param_name":"lr","param_value_internal":2.123205446648272e-06,"distribution":"{\"name\": \"FloatDistribution\", \"attributes\": {\"step\": null, \"low\": 1e-08, \"high\": 0.5, \"log\": true}}"}
{"op_code":5,"worker_id":"71f1779f-68ff-4c66-9fc0-a4557e26f8bf-23456247935296","trial_id":15,"param_name":"ratio","param_value_internal":0.5474625960118098,"distribution":"{\"name\": \"FloatDistribution\", \"attributes\": {\"step\": null, \"low\": 0.1, \"high\": 100.0, \"log\": true}}"}
{"op_code":6,"worker_id":"71f1779f-68ff-4c66-9fc0-a4557e26f8bf-23456247935296","trial_id":15,"state":1,"values":[-54.95025451264995],"datetime_complete":"2026-07-24T11:07:50.932857"}
{"op_code":0,"worker_id":"199ddef7-046f-4bca-af47-78c759a29c0a-23456247935296","study_name":"peter_accidents_k3","directions":[2]}
{"op_code":4,"worker_id":"199ddef7-046f-4bca-af47-78c759a29c0a-23456247935296","study_id":0,"datetime_start":"2026-07-24T11:11:04.676520"}
{"op_code":5,"worker_id":"199ddef7-046f-4bca-af47-78c759a29c0a-23456247935296","trial_id":16,"param_name":"lr","param_value_internal":4.2516525372158424e-08,"distribution":"{\"name\": \"FloatDistribution\", \"attributes\": {\"step\": null, \"low\": 1e-08, \"high\": 0.5, \"log\": true}}"}
{"op_code":5,"worker_id":"199ddef7-046f-4bca-af47-78c759a29c0a-23456247935296","trial_id":16,"param_name":"ratio","param_value_internal":19.049411695890054,"distribution":"{\"name\": \"FloatDistribution\", \"attributes\": {\"step\": null, \"low\": 0.1, \"high\": 100.0, \"log\": true}}"}
{"op_code":6,"worker_id":"199ddef7-046f-4bca-af47-78c759a29c0a-23456247935296","trial_id":16,"state":1,"values":[-55.8725486856235],"datetime_complete":"2026-07-24T11:12:20.386814"}
{"op_code":0,"worker_id":"cdc43716-dd44-4486-a095-61f77455424f-23456247935296","study_name":"peter_accidents_k3","directions":[2]}
{"op_code":4,"worker_id":"cdc43716-dd44-4486-a095-61f77455424f-23456247935296","study_id":0,"datetime_start":"2026-07-24T11:15:22.566664"}
{"op_code":9,"worker_id":"cdc43716-dd44-4486-a095-61f77455424f-23456247935296","trial_id":17,"system_attr":{"tpe:relative_params:0":"{\"lr\": 0.0026275383214611086, \"ratio\": 27.11678323789755}"}}
{"op_code":5,"worker_id":"cdc43716-dd44-4486-a095-61f77455424f-23456247935296","trial_id":17,"param_name":"lr","param_value_internal":0.0026275383214611086,"distribution":"{\"name\": \"FloatDistribution\", \"attributes\": {\"step\": null, \"low\": 1e-08, \"high\": 0.5, \"log\": true}}"}
{"op_code":5,"worker_id":"cdc43716-dd44-4486-a095-61f77455424f-23456247935296","trial_id":17,"param_name":"ratio","param_value_internal":27.11678323789755,"distribution":"{\"name\": \"FloatDistribution\", \"attributes\": {\"step\": null, \"low\": 0.1, \"high\": 100.0, \"log\": true}}"}
{"op_code":6,"worker_id":"cdc43716-dd44-4486-a095-61f77455424f-23456247935296","trial_id":17,"state":1,"values":[-45.32681042292003],"datetime_complete":"2026-07-24T11:16:31.851316"}
{"op_code":0,"worker_id":"f3bea6c3-a0d6-4245-bcc1-292a34fcebd4-23456247935296","study_name":"peter_accidents_k3","directions":[2]}
{"op_code":4,"worker_id":"f3bea6c3-a0d6-4245-bcc1-292a34fcebd4-23456247935296","study_id":0,"datetime_start":"2026-07-24T11:19:42.042133"}
{"op_code":9,"worker_id":"f3bea6c3-a0d6-4245-bcc1-292a34fcebd4-23456247935296","trial_id":18,"system_attr":{"tpe:relative_params:0":"{\"lr\": 0.000643299637053419, \"ratio\": 53.4858499566986}"}}
{"op_code":5,"worker_id":"f3bea6c3-a0d6-4245-bcc1-292a34fcebd4-23456247935296","trial_id":18,"param_name":"lr","param_value_internal":0.000643299637053419,"distribution":"{\"name\": \"FloatDistribution\", \"attributes\": {\"step\": null, \"low\": 1e-08, \"high\": 0.5, \"log\": true}}"}
{"op_code":5,"worker_id":"f3bea6c3-a0d6-4245-bcc1-292a34fcebd4-23456247935296","trial_id":18,"param_name":"ratio","param_value_internal":53.4858499566986,"distribution":"{\"name\": \"FloatDistribution\", \"attributes\": {\"step\": null, \"low\": 0.1, \"high\": 100.0, \"log\": true}}"}
{"op_code":6,"worker_id":"f3bea6c3-a0d6-4245-bcc1-292a34fcebd4-23456247935296","trial_id":18,"state":1,"values":[-41.166838326671865],"datetime_complete":"2026-07-24T11:20:44.131296"}
{"op_code":0,"worker_id":"ecb895ed-cb3b-4816-b157-23c44100e9fe-23456247935296","study_name":"peter_accidents_k3","directions":[2]}
{"op_code":4,"worker_id":"ecb895ed-cb3b-4816-b157-23c44100e9fe-23456247935296","study_id":0,"datetime_start":"2026-07-24T11:23:45.493460"}
{"op_code":9,"worker_id":"ecb895ed-cb3b-4816-b157-23c44100e9fe-23456247935296","trial_id":19,"system_attr":{"tpe:relative_params:0":"{\"lr\": 1.1011188851109425e-05, \"ratio\": 94.24237039456874}"}}
{"op_code":5,"worker_id":"ecb895ed-cb3b-4816-b157-23c44100e9fe-23456247935296","trial_id":19,"param_name":"lr","param_value_internal":1.1011188851109425e-05,"distribution":"{\"name\": \"FloatDistribution\", \"attributes\": {\"step\": null, \"low\": 1e-08, \"high\": 0.5, \"log\": true}}"}
{"op_code":5,"worker_id":"ecb895ed-cb3b-4816-b157-23c44100e9fe-23456247935296","trial_id":19,"param_name":"ratio","param_value_internal":94.24237039456874,"distribution":"{\"name\": \"FloatDistribution\", \"attributes\": {\"step\": null, \"low\": 0.1, \"high\": 100.0, \"log\": true}}"}
{"op_code":6,"worker_id":"ecb895ed-cb3b-4816-b157-23c44100e9fe-23456247935296","trial_id":19,"state":1,"values":[-45.52196063852385],"datetime_complete":"2026-07-24T11:24:56.970636"}
{"op_code":0,"worker_id":"27e7a387-54d5-439e-a962-ed81d31a7fda-23456247935296","study_name":"peter_accidents_k3","directions":[2]}
{"op_code":4,"worker_id":"27e7a387-54d5-439e-a962-ed81d31a7fda-23456247935296","study_id":0,"datetime_start":"2026-07-24T11:27:15.973204"}
{"op_code":9,"worker_id":"27e7a387-54d5-439e-a962-ed81d31a7fda-23456247935296","trial_id":20,"system_attr":{"tpe:relative_params:0":"{\"lr\": 0.08873382563798005, \"ratio\": 15.619887017324293}"}}
{"op_code":5,"worker_id":"27e7a387-54d5-439e-a962-ed81d31a7fda-23456247935296","trial_id":20,"param_name":"lr","param_value_internal":0.08873382563798005,"distribution":"{\"name\": \"FloatDistribution\", \"attributes\": {\"step\": null, \"low\": 1e-08, \"high\": 0.5, \"log\": true}}"}
{"op_code":5,"worker_id":"27e7a387-54d5-439e-a962-ed81d31a7fda-23456247935296","trial_id":20,"param_name":"ratio","param_value_internal":15.619887017324293,"distribution":"{\"name\": \"FloatDistribution\", \"attributes\": {\"step\": null, \"low\": 0.1, \"high\": 100.0, \"log\": true}}"}
{"op_code":6,"worker_id":"27e7a387-54d5-439e-a962-ed81d31a7fda-23456247935296","trial_id":20,"state":3,"values":null,"datetime_complete":"2026-07-24T11:27:21.964566"}
{"op_code":0,"worker_id":"51dae060-b353-4b48-b6aa-2f1a0aa58bbc-23456247935296","study_name":"peter_accidents_k3","directions":[2]}
{"op_code":4,"worker_id":"51dae060-b353-4b48-b6aa-2f1a0aa58bbc-23456247935296","study_id":0,"datetime_start":"2026-07-24T11:32:03.763726"}
{"op_code":9,"worker_id":"51dae060-b353-4b48-b6aa-2f1a0aa58bbc-23456247935296","trial_id":21,"system_attr":{"tpe:relative_params:0":"{\"lr\": 0.011644131719585477, \"ratio\": 4.993014224505522}"}}
{"op_code":5,"worker_id":"51dae060-b353-4b48-b6aa-2f1a0aa58bbc-23456247935296","trial_id":21,"param_name":"lr","param_value_internal":0.011644131719585477,"distribution":"{\"name\": \"FloatDistribution\", \"attributes\": {\"step\": null, \"low\": 1e-08, \"high\": 0.5, \"log\": true}}"}
{"op_code":5,"worker_id":"51dae060-b353-4b48-b6aa-2f1a0aa58bbc-23456247935296","trial_id":21,"param_name":"ratio","param_value_internal":4.993014224505522,"distribution":"{\"name\": \"FloatDistribution\", \"attributes\": {\"step\": null, \"low\": 0.1, \"high\": 100.0, \"log\": true}}"}
{"op_code":6,"worker_id":"51dae060-b353-4b48-b6aa-2f1a0aa58bbc-23456247935296","trial_id":21,"state":3,"values":null,"datetime_complete":"2026-07-24T11:32:09.679557"}
{"op_code":0,"worker_id":"80789e33-b586-4397-b819-ccd70b2fa75f-23456247935296","study_name":"peter_accidents_k3","directions":[2]}
{"op_code":4,"worker_id":"80789e33-b586-4397-b819-ccd70b2fa75f-23456247935296","study_id":0,"datetime_start":"2026-07-24T11:37:11.402405"}
{"op_code":9,"worker_id":"80789e33-b586-4397-b819-ccd70b2fa75f-23456247935296","trial_id":22,"system_attr":{"tpe:relative_params:0":"{\"lr\": 0.24695654083640206, \"ratio\": 3.849252417984755}"}}
{"op_code":5,"worker_id":"80789e33-b586-4397-b819-ccd70b2fa75f-23456247935296","trial_id":22,"param_name":"lr","param_value_internal":0.24695654083640206,"distribution":"{\"name\": \"FloatDistribution\", \"attributes\": {\"step\": null, \"low\": 1e-08, \"high\": 0.5, \"log\": true}}"}
{"op_code":5,"worker_id":"80789e33-b586-4397-b819-ccd70b2fa75f-23456247935296","trial_id":22,"param_name":"ratio","param_value_internal":3.849252417984755,"distribution":"{\"name\": \"FloatDistribution\", \"attributes\": {\"step\": null, \"low\": 0.1, \"high\": 100.0, \"log\": true}}"}
{"op_code":6,"worker_id":"80789e33-b586-4397-b819-ccd70b2fa75f-23456247935296","trial_id":22,"state":3,"values":null,"datetime_complete":"2026-07-24T11:37:16.891706"}
{"op_code":0,"worker_id":"67c135b8-59c0-46e6-9b85-b3c2c754cd22-23456247935296","study_name":"peter_accidents_k3","directions":[2]}
{"op_code":4,"worker_id":"67c135b8-59c0-46e6-9b85-b3c2c754cd22-23456247935296","study_id":0,"datetime_start":"2026-07-24T11:40:59.871015"}
{"op_code":9,"worker_id":"67c135b8-59c0-46e6-9b85-b3c2c754cd22-23456247935296","trial_id":23,"system_attr":{"tpe:relative_params:0":"{\"lr\": 0.12870487650370974, \"ratio\": 46.67620161867214}"}}
{"op_code":5,"worker_id":"67c135b8-59c0-46e6-9b85-b3c2c754cd22-23456247935296","trial_id":23,"param_name":"lr","param_value_internal":0.12870487650370974,"distribution":"{\"name\": \"FloatDistribution\", \"attributes\": {\"step\": null, \"low\": 1e-08, \"high\": 0.5, \"log\": true}}"}
{"op_code":5,"worker_id":"67c135b8-59c0-46e6-9b85-b3c2c754cd22-23456247935296","trial_id":23,"param_name":"ratio","param_value_internal":46.67620161867214,"distribution":"{\"name\": \"FloatDistribution\", \"attributes\": {\"step\": null, \"low\": 0.1, \"high\": 100.0, \"log\": true}}"}
{"op_code":6,"worker_id":"67c135b8-59c0-46e6-9b85-b3c2c754cd22-23456247935296","trial_id":23,"state":3,"values":null,"datetime_complete":"2026-07-24T11:41:05.409023"}
{"op_code":0,"worker_id":"abd91a0e-f227-442f-8756-8773655e5eab-23456247935296","study_name":"peter_accidents_k3","directions":[2]}
{"op_code":4,"worker_id":"abd91a0e-f227-442f-8756-8773655e5eab-23456247935296","study_id":0,"datetime_start":"2026-07-24T11:44:14.969578"}
{"op_code":9,"worker_id":"abd91a0e-f227-442f-8756-8773655e5eab-23456247935296","trial_id":24,"system_attr":{"tpe:relative_params:0":"{\"lr\": 0.34275498496787943, \"ratio\": 22.41072916473314}"}}
{"op_code":5,"worker_id":"abd91a0e-f227-442f-8756-8773655e5eab-23456247935296","trial_id":24,"param_name":"lr","param_value_internal":0.34275498496787943,"distribution":"{\"name\": \"FloatDistribution\", \"attributes\": {\"step\": null, \"low\": 1e-08, \"high\": 0.5, \"log\": true}}"}
{"op_code":5,"worker_id":"abd91a0e-f227-442f-8756-8773655e5eab-23456247935296","trial_id":24,"param_name":"ratio","param_value_internal":22.41072916473314,"distribution":"{\"name\": \"FloatDistribution\", \"attributes\": {\"step\": null, \"low\": 0.1, \"high\": 100.0, \"log\": true}}"}
{"op_code":6,"worker_id":"abd91a0e-f227-442f-8756-8773655e5eab-23456247935296","trial_id":24,"state":3,"values":null,"datetime_complete":"2026-07-24T11:44:20.210532"}
{"op_code":0,"worker_id":"8a002917-8989-45f2-b401-55b6d67215b5-23456247935296","study_name":"peter_accidents_k3","directions":[2]}
{"op_code":4,"worker_id":"8a002917-8989-45f2-b401-55b6d67215b5-23456247935296","study_id":0,"datetime_start":"2026-07-24T11:47:49.560463"}
{"op_code":9,"worker_id":"8a002917-8989-45f2-b401-55b6d67215b5-23456247935296","trial_id":25,"system_attr":{"tpe:relative_params:0":"{\"lr\": 0.16024663078907012, \"ratio\": 0.11976025785164988}"}}
{"op_code":5,"worker_id":"8a002917-8989-45f2-b401-55b6d67215b5-23456247935296","trial_id":25,"param_name":"lr","param_value_internal":0.16024663078907012,"distribution":"{\"name\": \"FloatDistribution\", \"attributes\": {\"step\": null, \"low\": 1e-08, \"high\": 0.5, \"log\": true}}"}
{"op_code":5,"worker_id":"8a002917-8989-45f2-b401-55b6d67215b5-23456247935296","trial_id":25,"param_name":"ratio","param_value_internal":0.11976025785164988,"distribution":"{\"name\": \"FloatDistribution\", \"attributes\": {\"step\": null, \"low\": 0.1, \"high\": 100.0, \"log\": true}}"}
{"op_code":6,"worker_id":"8a002917-8989-45f2-b401-55b6d67215b5-23456247935296","trial_id":25,"state":3,"values":null,"datetime_complete":"2026-07-24T11:47:54.738804"}
{"op_code":0,"worker_id":"7f5d97c8-c01b-4d84-8a04-37772b4b2d4a-23456247935296","study_name":"peter_accidents_k3","directions":[2]}
{"op_code":4,"worker_id":"7f5d97c8-c01b-4d84-8a04-37772b4b2d4a-23456247935296","study_id":0,"datetime_start":"2026-07-24T11:51:33.785466"}
{"op_code":9,"worker_id":"7f5d97c8-c01b-4d84-8a04-37772b4b2d4a-23456247935296","trial_id":26,"system_attr":{"tpe:relative_params:0":"{\"lr\": 0.024884931260453106, \"ratio\": 5.157522243216354}"}}
{"op_code":5,"worker_id":"7f5d97c8-c01b-4d84-8a04-37772b4b2d4a-23456247935296","trial_id":26,"param_name":"lr","param_value_internal":0.024884931260453106,"distribution":"{\"name\": \"FloatDistribution\", \"attributes\": {\"step\": null, \"low\": 1e-08, \"high\": 0.5, \"log\": true}}"}
{"op_code":5,"worker_id":"7f5d97c8-c01b-4d84-8a04-37772b4b2d4a-23456247935296","trial_id":26,"param_name":"ratio","param_value_internal":5.157522243216354,"distribution":"{\"name\": \"FloatDistribution\", \"attributes\": {\"step\": null, \"low\": 0.1, \"high\": 100.0, \"log\": true}}"}
{"op_code":6,"worker_id":"7f5d97c8-c01b-4d84-8a04-37772b4b2d4a-23456247935296","trial_id":26,"state":3,"values":null,"datetime_complete":"2026-07-24T11:51:39.318568"}
{"op_code":0,"worker_id":"3ea591d1-7790-45f9-839b-3d2237d73844-23456247935296","study_name":"peter_accidents_k3","directions":[2]}
{"op_code":4,"worker_id":"3ea591d1-7790-45f9-839b-3d2237d73844-23456247935296","study_id":0,"datetime_start":"2026-07-24T11:54:33.083078"}
{"op_code":9,"worker_id":"3ea591d1-7790-45f9-839b-3d2237d73844-23456247935296","trial_id":27,"system_attr":{"tpe:relative_params:0":"{\"lr\": 0.08783280652976182, \"ratio\": 88.11076047518758}"}}
{"op_code":5,"worker_id":"3ea591d1-7790-45f9-839b-3d2237d73844-23456247935296","trial_id":27,"param_name":"lr","param_value_internal":0.08783280652976182,"distribution":"{\"name\": \"FloatDistribution\", \"attributes\": {\"step\": null, \"low\": 1e-08, \"high\": 0.5, \"log\": true}}"}
{"op_code":5,"worker_id":"3ea591d1-7790-45f9-839b-3d2237d73844-23456247935296","trial_id":27,"param_name":"ratio","param_value_internal":88.11076047518758,"distribution":"{\"name\": \"FloatDistribution\", \"attributes\": {\"step\": null, \"low\": 0.1, \"high\": 100.0, \"log\": true}}"}
{"op_code":6,"worker_id":"3ea591d1-7790-45f9-839b-3d2237d73844-23456247935296","trial_id":27,"state":3,"values":null,"datetime_complete":"2026-07-24T11:54:38.497017"}
{"op_code":0,"worker_id":"460d33cc-613f-45e2-83c0-ab774c58a9bb-23456247935296","study_name":"peter_accidents_k3","directions":[2]}
{"op_code":4,"worker_id":"460d33cc-613f-45e2-83c0-ab774c58a9bb-23456247935296","study_id":0,"datetime_start":"2026-07-24T11:58:50.874668"}
{"op_code":9,"worker_id":"460d33cc-613f-45e2-83c0-ab774c58a9bb-23456247935296","trial_id":28,"system_attr":{"tpe:relative_params:0":"{\"lr\": 0.03338535915636313, \"ratio\": 5.330432546837778}"}}
{"op_code":5,"worker_id":"460d33cc-613f-45e2-83c0-ab774c58a9bb-23456247935296","trial_id":28,"param_name":"lr","param_value_internal":0.03338535915636313,"distribution":"{\"name\": \"FloatDistribution\", \"attributes\": {\"step\": null, \"low\": 1e-08, \"high\": 0.5, \"log\": true}}"}
{"op_code":5,"worker_id":"460d33cc-613f-45e2-83c0-ab774c58a9bb-23456247935296","trial_id":28,"param_name":"ratio","param_value_internal":5.330432546837778,"distribution":"{\"name\": \"FloatDistribution\", \"attributes\": {\"step\": null, \"low\": 0.1, \"high\": 100.0, \"log\": true}}"}
{"op_code":6,"worker_id":"460d33cc-613f-45e2-83c0-ab774c58a9bb-23456247935296","trial_id":28,"state":3,"values":null,"datetime_complete":"2026-07-24T11:58:56.566065"}
{"op_code":0,"worker_id":"c9cf9932-9f9f-4ec5-a091-a636a4c1c62c-23456247935296","study_name":"peter_accidents_k3","directions":[2]}
{"op_code":4,"worker_id":"c9cf9932-9f9f-4ec5-a091-a636a4c1c62c-23456247935296","study_id":0,"datetime_start":"2026-07-24T12:01:54.906642"}
{"op_code":9,"worker_id":"c9cf9932-9f9f-4ec5-a091-a636a4c1c62c-23456247935296","trial_id":29,"system_attr":{"tpe:relative_params:0":"{\"lr\": 0.0284815173662431, \"ratio\": 3.39939740216105}"}}
{"op_code":5,"worker_id":"c9cf9932-9f9f-4ec5-a091-a636a4c1c62c-23456247935296","trial_id":29,"param_name":"lr","param_value_internal":0.0284815173662431,"distribution":"{\"name\": \"FloatDistribution\", \"attributes\": {\"step\": null, \"low\": 1e-08, \"high\": 0.5, \"log\": true}}"}
{"op_code":5,"worker_id":"c9cf9932-9f9f-4ec5-a091-a636a4c1c62c-23456247935296","trial_id":29,"param_name":"ratio","param_value_internal":3.39939740216105,"distribution":"{\"name\": \"FloatDistribution\", \"attributes\": {\"step\": null, \"low\": 0.1, \"high\": 100.0, \"log\": true}}"}
{"op_code":6,"worker_id":"c9cf9932-9f9f-4ec5-a091-a636a4c1c62c-23456247935296","trial_id":29,"state":3,"values":null,"datetime_complete":"2026-07-24T12:02:04.951723"}
{"op_code":0,"worker_id":"a5dcbaf0-212c-4615-8579-d8ffacc53e1d-23456247935296","study_name":"peter_accidents_k3","directions":[2]}
{"op_code":4,"worker_id":"a5dcbaf0-212c-4615-8579-d8ffacc53e1d-23456247935296","study_id":0,"datetime_start":"2026-07-24T12:06:20.067463"}
{"op_code":9,"worker_id":"a5dcbaf0-212c-4615-8579-d8ffacc53e1d-23456247935296","trial_id":30,"system_attr":{"tpe:relative_params:0":"{\"lr\": 0.46170434705243735, \"ratio\": 0.10314021706856011}"}}
{"op_code":5,"worker_id":"a5dcbaf0-212c-4615-8579-d8ffacc53e1d-23456247935296","trial_id":30,"param_name":"lr","param_value_internal":0.46170434705243735,"distribution":"{\"name\": \"FloatDistribution\", \"attributes\": {\"step\": null, \"low\": 1e-08, \"high\": 0.5, \"log\": true}}"}
{"op_code":5,"worker_id":"a5dcbaf0-212c-4615-8579-d8ffacc53e1d-23456247935296","trial_id":30,"param_name":"ratio","param_value_internal":0.10314021706856011,"distribution":"{\"name\": \"FloatDistribution\", \"attributes\": {\"step\": null, \"low\": 0.1, \"high\": 100.0, \"log\": true}}"}
{"op_code":6,"worker_id":"a5dcbaf0-212c-4615-8579-d8ffacc53e1d-23456247935296","trial_id":30,"state":3,"values":null,"datetime_complete":"2026-07-24T12:06:26.177379"}
{"op_code":0,"worker_id":"00a27aa7-0d64-4b45-b844-0e52c1b67133-23456247935296","study_name":"peter_accidents_k3","directions":[2]}
{"op_code":4,"worker_id":"00a27aa7-0d64-4b45-b844-0e52c1b67133-23456247935296","study_id":0,"datetime_start":"2026-07-24T12:10:00.653972"}
{"op_code":9,"worker_id":"00a27aa7-0d64-4b45-b844-0e52c1b67133-23456247935296","trial_id":31,"system_attr":{"tpe:relative_params:0":"{\"lr\": 0.26478916844373646, \"ratio\": 2.6098248345696557}"}}
{"op_code":5,"worker_id":"00a27aa7-0d64-4b45-b844-0e52c1b67133-23456247935296","trial_id":31,"param_name":"lr","param_value_internal":0.26478916844373646,"distribution":"{\"name\": \"FloatDistribution\", \"attributes\": {\"step\": null, \"low\": 1e-08, \"high\": 0.5, \"log\": true}}"}
{"op_code":5,"worker_id":"00a27aa7-0d64-4b45-b844-0e52c1b67133-23456247935296","trial_id":31,"param_name":"ratio","param_value_internal":2.6098248345696557,"distribution":"{\"name\": \"FloatDistribution\", \"attributes\": {\"step\": null, \"low\": 0.1, \"high\": 100.0, \"log\": true}}"}
{"op_code":6,"worker_id":"00a27aa7-0d64-4b45-b844-0e52c1b67133-23456247935296","trial_id":31,"state":3,"values":null,"datetime_complete":"2026-07-24T12:10:06.435985"}
{"op_code":0,"worker_id":"37d93889-6d84-4d2f-81b4-be7e0d963ab0-23456247935296","study_name":"peter_accidents_k3","directions":[2]}
{"op_code":4,"worker_id":"37d93889-6d84-4d2f-81b4-be7e0d963ab0-23456247935296","study_id":0,"datetime_start":"2026-07-24T12:13:28.156300"}
{"op_code":9,"worker_id":"37d93889-6d84-4d2f-81b4-be7e0d963ab0-23456247935296","trial_id":32,"system_attr":{"tpe:relative_params:0":"{\"lr\": 0.44578399825232407, \"ratio\": 15.574049312346977}"}}
{"op_code":5,"worker_id":"37d93889-6d84-4d2f-81b4-be7e0d963ab0-23456247935296","trial_id":32,"param_name":"lr","param_value_internal":0.44578399825232407,"distribution":"{\"name\": \"FloatDistribution\", \"attributes\": {\"step\": null, \"low\": 1e-08, \"high\": 0.5, \"log\": true}}"}
{"op_code":5,"worker_id":"37d93889-6d84-4d2f-81b4-be7e0d963ab0-23456247935296","trial_id":32,"param_name":"ratio","param_value_internal":15.574049312346977,"distribution":"{\"name\": \"FloatDistribution\", \"attributes\": {\"step\": null, \"low\": 0.1, \"high\": 100.0, \"log\": true}}"}
{"op_code":6,"worker_id":"37d93889-6d84-4d2f-81b4-be7e0d963ab0-23456247935296","trial_id":32,"state":3,"values":null,"datetime_complete":"2026-07-24T12:13:35.995758"}
{"op_code":0,"worker_id":"db36f1ca-f992-4871-980b-9579dd0285bc-23456247935296","study_name":"peter_accidents_k3","directions":[2]}
{"op_code":4,"worker_id":"db36f1ca-f992-4871-980b-9579dd0285bc-23456247935296","study_id":0,"datetime_start":"2026-07-24T12:17:31.169446"}
{"op_code":9,"worker_id":"db36f1ca-f992-4871-980b-9579dd0285bc-23456247935296","trial_id":33,"system_attr":{"tpe:relative_params:0":"{\"lr\": 0.16654580992161738, \"ratio\": 64.0778454272445}"}}
{"op_code":5,"worker_id":"db36f1ca-f992-4871-980b-9579dd0285bc-23456247935296","trial_id":33,"param_name":"lr","param_value_internal":0.16654580992161738,"distribution":"{\"name\": \"FloatDistribution\", \"attributes\": {\"step\": null, \"low\": 1e-08, \"high\": 0.5, \"log\": true}}"}
{"op_code":5,"worker_id":"db36f1ca-f992-4871-980b-9579dd0285bc-23456247935296","trial_id":33,"param_name":"ratio","param_value_internal":64.0778454272445,"distribution":"{\"name\": \"FloatDistribution\", \"attributes\": {\"step\": null, \"low\": 0.1, \"high\": 100.0, \"log\": true}}"}
{"op_code":6,"worker_id":"db36f1ca-f992-4871-980b-9579dd0285bc-23456247935296","trial_id":33,"state":3,"values":null,"datetime_complete":"2026-07-24T12:17:36.756517"}
{"op_code":0,"worker_id":"ab384074-009a-4772-891b-92c14536916d-23456247935296","study_name":"peter_accidents_k3","directions":[2]}
{"op_code":4,"worker_id":"ab384074-009a-4772-891b-92c14536916d-23456247935296","study_id":0,"datetime_start":"2026-07-24T12:21:00.211684"}
{"op_code":9,"worker_id":"ab384074-009a-4772-891b-92c14536916d-23456247935296","trial_id":34,"system_attr":{"tpe:relative_params:0":"{\"lr\": 0.056568251083680104, \"ratio\": 1.7734740078346878}"}}
{"op_code":5,"worker_id":"ab384074-009a-4772-891b-92c14536916d-23456247935296","trial_id":34,"param_name":"lr","param_value_internal":0.056568251083680104,"distribution":"{\"name\": \"FloatDistribution\", \"attributes\": {\"step\": null, \"low\": 1e-08, \"high\": 0.5, \"log\": true}}"}
{"op_code":5,"worker_id":"ab384074-009a-4772-891b-92c14536916d-23456247935296","trial_id":34,"param_name":"ratio","param_value_internal":1.7734740078346878,"distribution":"{\"name\": \"FloatDistribution\", \"attributes\": {\"step\": null, \"low\": 0.1, \"high\": 100.0, \"log\": true}}"}
{"op_code":6,"worker_id":"ab384074-009a-4772-891b-92c14536916d-23456247935296","trial_id":34,"state":3,"values":null,"datetime_complete":"2026-07-24T12:21:09.429218"}
{"op_code":0,"worker_id":"372034b3-37dd-49dc-b9fc-48ef5be09742-23456247935296","study_name":"peter_accidents_k3","directions":[2]}
{"op_code":4,"worker_id":"372034b3-37dd-49dc-b9fc-48ef5be09742-23456247935296","study_id":0,"datetime_start":"2026-07-24T12:26:34.558256"}
{"op_code":9,"worker_id":"372034b3-37dd-49dc-b9fc-48ef5be09742-23456247935296","trial_id":35,"system_attr":{"tpe:relative_params:0":"{\"lr\": 0.46118148230959227, \"ratio\": 12.364986146946356}"}}
{"op_code":5,"worker_id":"372034b3-37dd-49dc-b9fc-48ef5be09742-23456247935296","trial_id":35,"param_name":"lr","param_value_internal":0.46118148230959227,"distribution":"{\"name\": \"FloatDistribution\", \"attributes\": {\"step\": null, \"low\": 1e-08, \"high\": 0.5, \"log\": true}}"}
{"op_code":5,"worker_id":"372034b3-37dd-49dc-b9fc-48ef5be09742-23456247935296","trial_id":35,"param_name":"ratio","param_value_internal":12.364986146946356,"distribution":"{\"name\": \"FloatDistribution\", \"attributes\": {\"step\": null, \"low\": 0.1, \"high\": 100.0, \"log\": true}}"}
{"op_code":6,"worker_id":"372034b3-37dd-49dc-b9fc-48ef5be09742-23456247935296","trial_id":35,"state":3,"values":null,"datetime_complete":"2026-07-24T12:26:45.154359"}
{"op_code":0,"worker_id":"6c265362-dd61-4635-92a8-b9592ac194c8-23456247935296","study_name":"peter_accidents_k3","directions":[2]}
{"op_code":4,"worker_id":"6c265362-dd61-4635-92a8-b9592ac194c8-23456247935296","study_id":0,"datetime_start":"2026-07-24T12:31:36.436585"}
{"op_code":9,"worker_id":"6c265362-dd61-4635-92a8-b9592ac194c8-23456247935296","trial_id":36,"system_attr":{"tpe:relative_params:0":"{\"lr\": 0.0551876097590516, \"ratio\": 5.004873311320005}"}}
{"op_code":5,"worker_id":"6c265362-dd61-4635-92a8-b9592ac194c8-23456247935296","trial_id":36,"param_name":"lr","param_value_internal":0.0551876097590516,"distribution":"{\"name\": \"FloatDistribution\", \"attributes\": {\"step\": null, \"low\": 1e-08, \"high\": 0.5, \"log\": true}}"}
{"op_code":5,"worker_id":"6c265362-dd61-4635-92a8-b9592ac194c8-23456247935296","trial_id":36,"param_name":"ratio","param_value_internal":5.004873311320005,"distribution":"{\"name\": \"FloatDistribution\", \"attributes\": {\"step\": null, \"low\": 0.1, \"high\": 100.0, \"log\": true}}"}
{"op_code":6,"worker_id":"6c265362-dd61-4635-92a8-b9592ac194c8-23456247935296","trial_id":36,"state":3,"values":null,"datetime_complete":"2026-07-24T12:31:42.148701"}
{"op_code":0,"worker_id":"9af6cf6f-c299-4d76-8f93-b6c85511f211-23456247935296","study_name":"peter_accidents_k3","directions":[2]}
{"op_code":4,"worker_id":"9af6cf6f-c299-4d76-8f93-b6c85511f211-23456247935296","study_id":0,"datetime_start":"2026-07-24T12:35:33.758226"}
{"op_code":9,"worker_id":"9af6cf6f-c299-4d76-8f93-b6c85511f211-23456247935296","trial_id":37,"system_attr":{"tpe:relative_params:0":"{\"lr\": 0.16243668813011578, \"ratio\": 37.54939447894858}"}}
{"op_code":5,"worker_id":"9af6cf6f-c299-4d76-8f93-b6c85511f211-23456247935296","trial_id":37,"param_name":"lr","param_value_internal":0.16243668813011578,"distribution":"{\"name\": \"FloatDistribution\", \"attributes\": {\"step\": null, \"low\": 1e-08, \"high\": 0.5, \"log\": true}}"}
{"op_code":5,"worker_id":"9af6cf6f-c299-4d76-8f93-b6c85511f211-23456247935296","trial_id":37,"param_name":"ratio","param_value_internal":37.54939447894858,"distribution":"{\"name\": \"FloatDistribution\", \"attributes\": {\"step\": null, \"low\": 0.1, \"high\": 100.0, \"log\": true}}"}
{"op_code":6,"worker_id":"9af6cf6f-c299-4d76-8f93-b6c85511f211-23456247935296","trial_id":37,"state":3,"values":null,"datetime_complete":"2026-07-24T12:35:41.941883"}
{"op_code":0,"worker_id":"69b6eb3e-2546-4543-af02-3c82b35c33cf-23456247935296","study_name":"peter_accidents_k3","directions":[2]}
{"op_code":4,"worker_id":"69b6eb3e-2546-4543-af02-3c82b35c33cf-23456247935296","study_id":0,"datetime_start":"2026-07-24T12:40:20.136183"}
{"op_code":9,"worker_id":"69b6eb3e-2546-4543-af02-3c82b35c33cf-23456247935296","trial_id":38,"system_attr":{"tpe:relative_params:0":"{\"lr\": 0.08720635992810395, \"ratio\": 9.372755874431512}"}}
{"op_code":5,"worker_id":"69b6eb3e-2546-4543-af02-3c82b35c33cf-23456247935296","trial_id":38,"param_name":"lr","param_value_internal":0.08720635992810395,"distribution":"{\"name\": \"FloatDistribution\", \"attributes\": {\"step\": null, \"low\": 1e-08, \"high\": 0.5, \"log\": true}}"}
{"op_code":5,"worker_id":"69b6eb3e-2546-4543-af02-3c82b35c33cf-23456247935296","trial_id":38,"param_name":"ratio","param_value_internal":9.372755874431512,"distribution":"{\"name\": \"FloatDistribution\", \"attributes\": {\"step\": null, \"low\": 0.1, \"high\": 100.0, \"log\": true}}"}
{"op_code":6,"worker_id":"69b6eb3e-2546-4543-af02-3c82b35c33cf-23456247935296","trial_id":38,"state":3,"values":null,"datetime_complete":"2026-07-24T12:40:26.176753"}
{"op_code":0,"worker_id":"cf2cc774-abcb-45a8-86e6-7a6a7b7251e1-23456247935296","study_name":"peter_accidents_k3","directions":[2]}
{"op_code":4,"worker_id":"cf2cc774-abcb-45a8-86e6-7a6a7b7251e1-23456247935296","study_id":0,"datetime_start":"2026-07-24T12:45:31.428089"}
{"op_code":9,"worker_id":"cf2cc774-abcb-45a8-86e6-7a6a7b7251e1-23456247935296","trial_id":39,"system_attr":{"tpe:relative_params:0":"{\"lr\": 0.4200803946812512, \"ratio\": 19.878666953691585}"}}
{"op_code":5,"worker_id":"cf2cc774-abcb-45a8-86e6-7a6a7b7251e1-23456247935296","trial_id":39,"param_name":"lr","param_value_internal":0.4200803946812512,"distribution":"{\"name\": \"FloatDistribution\", \"attributes\": {\"step\": null, \"low\": 1e-08, \"high\": 0.5, \"log\": true}}"}
{"op_code":5,"worker_id":"cf2cc774-abcb-45a8-86e6-7a6a7b7251e1-23456247935296","trial_id":39,"param_name":"ratio","param_value_internal":19.878666953691585,"distribution":"{\"name\": \"FloatDistribution\", \"attributes\": {\"step\": null, \"low\": 0.1, \"high\": 100.0, \"log\": true}}"}
{"op_code":6,"worker_id":"cf2cc774-abcb-45a8-86e6-7a6a7b7251e1-23456247935296","trial_id":39,"state":3,"values":null,"datetime_complete":"2026-07-24T12:45:36.638910"}
{"op_code":0,"worker_id":"ad3cecc2-480e-471c-a6de-253c840a2965-23456247935296","study_name":"peter_accidents_k3","directions":[2]}
{"op_code":4,"worker_id":"ad3cecc2-480e-471c-a6de-253c840a2965-23456247935296","study_id":0,"datetime_start":"2026-07-24T12:50:23.432122"}
{"op_code":9,"worker_id":"ad3cecc2-480e-471c-a6de-253c840a2965-23456247935296","trial_id":40,"system_attr":{"tpe:relative_params:0":"{\"lr\": 0.173356071291512, \"ratio\": 30.46025818839619}"}}
{"op_code":5,"worker_id":"ad3cecc2-480e-471c-a6de-253c840a2965-23456247935296","trial_id":40,"param_name":"lr","param_value_internal":0.173356071291512,"distribution":"{\"name\": \"FloatDistribution\", \"attributes\": {\"step\": null, \"low\": 1e-08, \"high\": 0.5, \"log\": true}}"}
{"op_code":5,"worker_id":"ad3cecc2-480e-471c-a6de-253c840a2965-23456247935296","trial_id":40,"param_name":"ratio","param_value_internal":30.46025818839619,"distribution":"{\"name\": \"FloatDistribution\", \"attributes\": {\"step\": null, \"low\": 0.1, \"high\": 100.0, \"log\": true}}"}
{"op_code":6,"worker_id":"ad3cecc2-480e-471c-a6de-253c840a2965-23456247935296","trial_id":40,"state":3,"values":null,"datetime_complete":"2026-07-24T12:50:31.267365"}
{"op_code":0,"worker_id":"9ec61d06-0455-403d-a896-978abbc12015-23456247935296","study_name":"peter_accidents_k3","directions":[2]}
{"op_code":4,"worker_id":"9ec61d06-0455-403d-a896-978abbc12015-23456247935296","study_id":0,"datetime_start":"2026-07-24T12:54:43.140899"}
{"op_code":9,"worker_id":"9ec61d06-0455-403d-a896-978abbc12015-23456247935296","trial_id":41,"system_attr":{"tpe:relative_params:0":"{\"lr\": 0.006191594642151472, \"ratio\": 88.77499251830785}"}}
{"op_code":5,"worker_id":"9ec61d06-0455-403d-a896-978abbc12015-23456247935296","trial_id":41,"param_name":"lr","param_value_internal":0.006191594642151472,"distribution":"{\"name\": \"FloatDistribution\", \"attributes\": {\"step\": null, \"low\": 1e-08, \"high\": 0.5, \"log\": true}}"}
{"op_code":5,"worker_id":"9ec61d06-0455-403d-a896-978abbc12015-23456247935296","trial_id":41,"param_name":"ratio","param_value_internal":88.77499251830785,"distribution":"{\"name\": \"FloatDistribution\", \"attributes\": {\"step\": null, \"low\": 0.1, \"high\": 100.0, \"log\": true}}"}
{"op_code":6,"worker_id":"9ec61d06-0455-403d-a896-978abbc12015-23456247935296","trial_id":41,"state":3,"values":null,"datetime_complete":"2026-07-24T12:54:48.954746"}
{"op_code":0,"worker_id":"0cd8d29c-62fc-44ad-b104-0be40aba02f3-23456247935296","study_name":"peter_accidents_k3","directions":[2]}
{"op_code":4,"worker_id":"0cd8d29c-62fc-44ad-b104-0be40aba02f3-23456247935296","study_id":0,"datetime_start":"2026-07-24T12:58:57.516567"}
{"op_code":9,"worker_id":"0cd8d29c-62fc-44ad-b104-0be40aba02f3-23456247935296","trial_id":42,"system_attr":{"tpe:relative_params:0":"{\"lr\": 0.3514718166579164, \"ratio\": 3.9504216426403986}"}}
{"op_code":5,"worker_id":"0cd8d29c-62fc-44ad-b104-0be40aba02f3-23456247935296","trial_id":42,"param_name":"lr","param_value_internal":0.3514718166579164,"distribution":"{\"name\": \"FloatDistribution\", \"attributes\": {\"step\": null, \"low\": 1e-08, \"high\": 0.5, \"log\": true}}"}
{"op_code":5,"worker_id":"0cd8d29c-62fc-44ad-b104-0be40aba02f3-23456247935296","trial_id":42,"param_name":"ratio","param_value_internal":3.9504216426403986,"distribution":"{\"name\": \"FloatDistribution\", \"attributes\": {\"step\": null, \"low\": 0.1, \"high\": 100.0, \"log\": true}}"}
{"op_code":6,"worker_id":"0cd8d29c-62fc-44ad-b104-0be40aba02f3-23456247935296","trial_id":42,"state":3,"values":null,"datetime_complete":"2026-07-24T12:59:03.604969"}
{"op_code":0,"worker_id":"705c90a0-0996-4212-9083-e5ad429aded4-23456247935296","study_name":"peter_accidents_k3","directions":[2]}
{"op_code":4,"worker_id":"705c90a0-0996-4212-9083-e5ad429aded4-23456247935296","study_id":0,"datetime_start":"2026-07-24T13:03:16.841596"}
{"op_code":9,"worker_id":"705c90a0-0996-4212-9083-e5ad429aded4-23456247935296","trial_id":43,"system_attr":{"tpe:relative_params:0":"{\"lr\": 0.04413769720761306, \"ratio\": 89.16503170852657}"}}
{"op_code":5,"worker_id":"705c90a0-0996-4212-9083-e5ad429aded4-23456247935296","trial_id":43,"param_name":"lr","param_value_internal":0.04413769720761306,"distribution":"{\"name\": \"FloatDistribution\", \"attributes\": {\"step\": null, \"low\": 1e-08, \"high\": 0.5, \"log\": true}}"}
{"op_code":5,"worker_id":"705c90a0-0996-4212-9083-e5ad429aded4-23456247935296","trial_id":43,"param_name":"ratio","param_value_internal":89.16503170852657,"distribution":"{\"name\": \"FloatDistribution\", \"attributes\": {\"step\": null, \"low\": 0.1, \"high\": 100.0, \"log\": true}}"}
{"op_code":6,"worker_id":"705c90a0-0996-4212-9083-e5ad429aded4-23456247935296","trial_id":43,"state":3,"values":null,"datetime_complete":"2026-07-24T13:03:23.004582"}
{"op_code":0,"worker_id":"dc2b3e10-ccb8-48ac-b899-82c74fe6af72-23456247935296","study_name":"peter_accidents_k3","directions":[2]}
{"op_code":4,"worker_id":"dc2b3e10-ccb8-48ac-b899-82c74fe6af72-23456247935296","study_id":0,"datetime_start":"2026-07-24T13:07:51.750537"}
{"op_code":9,"worker_id":"dc2b3e10-ccb8-48ac-b899-82c74fe6af72-23456247935296","trial_id":44,"system_attr":{"tpe:relative_params:0":"{\"lr\": 0.025713353156914483, \"ratio\": 99.56684365854}"}}
{"op_code":5,"worker_id":"dc2b3e10-ccb8-48ac-b899-82c74fe6af72-23456247935296","trial_id":44,"param_name":"lr","param_value_internal":0.025713353156914483,"distribution":"{\"name\": \"FloatDistribution\", \"attributes\": {\"step\": null, \"low\": 1e-08, \"high\": 0.5, \"log\": true}}"}
{"op_code":5,"worker_id":"dc2b3e10-ccb8-48ac-b899-82c74fe6af72-23456247935296","trial_id":44,"param_name":"ratio","param_value_internal":99.56684365854,"distribution":"{\"name\": \"FloatDistribution\", \"attributes\": {\"step\": null, \"low\": 0.1, \"high\": 100.0, \"log\": true}}"}
{"op_code":6,"worker_id":"dc2b3e10-ccb8-48ac-b899-82c74fe6af72-23456247935296","trial_id":44,"state":3,"values":null,"datetime_complete":"2026-07-24T13:08:03.301580"}
{"op_code":0,"worker_id":"a57ade20-8b3a-41ce-9056-36338812ca52-23456247935296","study_name":"peter_accidents_k3","directions":[2]}
{"op_code":4,"worker_id":"a57ade20-8b3a-41ce-9056-36338812ca52-23456247935296","study_id":0,"datetime_start":"2026-07-24T13:12:26.731811"}
{"op_code":9,"worker_id":"a57ade20-8b3a-41ce-9056-36338812ca52-23456247935296","trial_id":45,"system_attr":{"tpe:relative_params:0":"{\"lr\": 0.3242450362500879, \"ratio\": 50.571915729656745}"}}
{"op_code":5,"worker_id":"a57ade20-8b3a-41ce-9056-36338812ca52-23456247935296","trial_id":45,"param_name":"lr","param_value_internal":0.3242450362500879,"distribution":"{\"name\": \"FloatDistribution\", \"attributes\": {\"step\": null, \"low\": 1e-08, \"high\": 0.5, \"log\": true}}"}
{"op_code":5,"worker_id":"a57ade20-8b3a-41ce-9056-36338812ca52-23456247935296","trial_id":45,"param_name":"ratio","param_value_internal":50.571915729656745,"distribution":"{\"name\": \"FloatDistribution\", \"attributes\": {\"step\": null, \"low\": 0.1, \"high\": 100.0, \"log\": true}}"}
{"op_code":6,"worker_id":"a57ade20-8b3a-41ce-9056-36338812ca52-23456247935296","trial_id":45,"state":3,"values":null,"datetime_complete":"2026-07-24T13:12:32.286819"}
{"op_code":0,"worker_id":"c704f8a8-ff8b-478c-9772-2e26fe28cb48-23456247935296","study_name":"peter_accidents_k3","directions":[2]}
{"op_code":4,"worker_id":"c704f8a8-ff8b-478c-9772-2e26fe28cb48-23456247935296","study_id":0,"datetime_start":"2026-07-24T13:16:59.674042"}
{"op_code":9,"worker_id":"c704f8a8-ff8b-478c-9772-2e26fe28cb48-23456247935296","trial_id":46,"system_attr":{"tpe:relative_params:0":"{\"lr\": 0.25083824522943626, \"ratio\": 75.06129089546083}"}}
{"op_code":5,"worker_id":"c704f8a8-ff8b-478c-9772-2e26fe28cb48-23456247935296","trial_id":46,"param_name":"lr","param_value_internal":0.25083824522943626,"distribution":"{\"name\": \"FloatDistribution\", \"attributes\": {\"step\": null, \"low\": 1e-08, \"high\": 0.5, \"log\": true}}"}
{"op_code":5,"worker_id":"c704f8a8-ff8b-478c-9772-2e26fe28cb48-23456247935296","trial_id":46,"param_name":"ratio","param_value_internal":75.06129089546083,"distribution":"{\"name\": \"FloatDistribution\", \"attributes\": {\"step\": null, \"low\": 0.1, \"high\": 100.0, \"log\": true}}"}
{"op_code":6,"worker_id":"c704f8a8-ff8b-478c-9772-2e26fe28cb48-23456247935296","trial_id":46,"state":3,"values":null,"datetime_complete":"2026-07-24T13:17:05.894700"}
{"op_code":0,"worker_id":"fb03d7a7-1570-4184-a384-a81a92db0614-23456247935296","study_name":"peter_accidents_k3","directions":[2]}
{"op_code":4,"worker_id":"fb03d7a7-1570-4184-a384-a81a92db0614-23456247935296","study_id":0,"datetime_start":"2026-07-24T13:20:17.795640"}
{"op_code":9,"worker_id":"fb03d7a7-1570-4184-a384-a81a92db0614-23456247935296","trial_id":47,"system_attr":{"tpe:relative_params:0":"{\"lr\": 0.3304780334676498, \"ratio\": 54.26163247435643}"}}
{"op_code":5,"worker_id":"fb03d7a7-1570-4184-a384-a81a92db0614-23456247935296","trial_id":47,"param_name":"lr","param_value_internal":0.3304780334676498,"distribution":"{\"name\": \"FloatDistribution\", \"attributes\": {\"step\": null, \"low\": 1e-08, \"high\": 0.5, \"log\": true}}"}
{"op_code":5,"worker_id":"fb03d7a7-1570-4184-a384-a81a92db0614-23456247935296","trial_id":47,"param_name":"ratio","param_value_internal":54.26163247435643,"distribution":"{\"name\": \"FloatDistribution\", \"attributes\": {\"step\": null, \"low\": 0.1, \"high\": 100.0, \"log\": true}}"}
{"op_code":6,"worker_id":"fb03d7a7-1570-4184-a384-a81a92db0614-23456247935296","trial_id":47,"state":3,"values":null,"datetime_complete":"2026-07-24T13:20:23.448090"}
{"op_code":0,"worker_id":"2b79df24-5626-4616-a197-9ed2bd40be05-23456247935296","study_name":"peter_accidents_k3","directions":[2]}
{"op_code":4,"worker_id":"2b79df24-5626-4616-a197-9ed2bd40be05-23456247935296","study_id":0,"datetime_start":"2026-07-24T13:23:11.847997"}
{"op_code":9,"worker_id":"2b79df24-5626-4616-a197-9ed2bd40be05-23456247935296","trial_id":48,"system_attr":{"tpe:relative_params:0":"{\"lr\": 0.2020834348811438, \"ratio\": 61.979266022558434}"}}
{"op_code":5,"worker_id":"2b79df24-5626-4616-a197-9ed2bd40be05-23456247935296","trial_id":48,"param_name":"lr","param_value_internal":0.2020834348811438,"distribution":"{\"name\": \"FloatDistribution\", \"attributes\": {\"step\": null, \"low\": 1e-08, \"high\": 0.5, \"log\": true}}"}
{"op_code":5,"worker_id":"2b79df24-5626-4616-a197-9ed2bd40be05-23456247935296","trial_id":48,"param_name":"ratio","param_value_internal":61.979266022558434,"distribution":"{\"name\": \"FloatDistribution\", \"attributes\": {\"step\": null, \"low\": 0.1, \"high\": 100.0, \"log\": true}}"}
{"op_code":6,"worker_id":"2b79df24-5626-4616-a197-9ed2bd40be05-23456247935296","trial_id":48,"state":3,"values":null,"datetime_complete":"2026-07-24T13:23:17.819191"}
{"op_code":0,"worker_id":"274bfd94-dba2-4d96-b0c0-52f5b578ea23-23456247935296","study_name":"peter_accidents_k3","directions":[2]}
{"op_code":4,"worker_id":"274bfd94-dba2-4d96-b0c0-52f5b578ea23-23456247935296","study_id":0,"datetime_start":"2026-07-24T13:26:02.207138"}
{"op_code":9,"worker_id":"274bfd94-dba2-4d96-b0c0-52f5b578ea23-23456247935296","trial_id":49,"system_attr":{"tpe:relative_params:0":"{\"lr\": 0.20049898149472287, \"ratio\": 7.787644152359327}"}}
{"op_code":5,"worker_id":"274bfd94-dba2-4d96-b0c0-52f5b578ea23-23456247935296","trial_id":49,"param_name":"lr","param_value_internal":0.20049898149472287,"distribution":"{\"name\": \"FloatDistribution\", \"attributes\": {\"step\": null, \"low\": 1e-08, \"high\": 0.5, \"log\": true}}"}
{"op_code":5,"worker_id":"274bfd94-dba2-4d96-b0c0-52f5b578ea23-23456247935296","trial_id":49,"param_name":"ratio","param_value_internal":7.787644152359327,"distribution":"{\"name\": \"FloatDistribution\", \"attributes\": {\"step\": null, \"low\": 0.1, \"high\": 100.0, \"log\": true}}"}
{"op_code":6,"worker_id":"274bfd94-dba2-4d96-b0c0-52f5b578ea23-23456247935296","trial_id":49,"state":3,"values":null,"datetime_complete":"2026-07-24T13:26:07.773484"}
{"op_code":0,"worker_id":"320b2ef0-0619-40c3-8445-66ffc605e545-23456247935296","study_name":"peter_accidents_k3","directions":[2]}
{"op_code":4,"worker_id":"320b2ef0-0619-40c3-8445-66ffc605e545-23456247935296","study_id":0,"datetime_start":"2026-07-24T13:29:42.458930"}
{"op_code":9,"worker_id":"320b2ef0-0619-40c3-8445-66ffc605e545-23456247935296","trial_id":50,"system_attr":{"tpe:relative_params:0":"{\"lr\": 0.4835666073791181, \"ratio\": 25.113955087043564}"}}
{"op_code":5,"worker_id":"320b2ef0-0619-40c3-8445-66ffc605e545-23456247935296","trial_id":50,"param_name":"lr","param_value_internal":0.4835666073791181,"distribution":"{\"name\": \"FloatDistribution\", \"attributes\": {\"step\": null, \"low\": 1e-08, \"high\": 0.5, \"log\": true}}"}
{"op_code":5,"worker_id":"320b2ef0-0619-40c3-8445-66ffc605e545-23456247935296","trial_id":50,"param_name":"ratio","param_value_internal":25.113955087043564,"distribution":"{\"name\": \"FloatDistribution\", \"attributes\": {\"step\": null, \"low\": 0.1, \"high\": 100.0, \"log\": true}}"}
{"op_code":6,"worker_id":"320b2ef0-0619-40c3-8445-66ffc605e545-23456247935296","trial_id":50,"state":3,"values":null,"datetime_complete":"2026-07-24T13:29:48.368293"}
{"op_code":0,"worker_id":"71564c15-1890-4465-a6e9-16cbabdf78bb-23456247935296","study_name":"peter_accidents_k3","directions":[2]}
{"op_code":4,"worker_id":"71564c15-1890-4465-a6e9-16cbabdf78bb-23456247935296","study_id":0,"datetime_start":"2026-07-24T13:33:25.851757"}
{"op_code":9,"worker_id":"71564c15-1890-4465-a6e9-16cbabdf78bb-23456247935296","trial_id":51,"system_attr":{"tpe:relative_params:0":"{\"lr\": 0.017497024819266106, \"ratio\": 81.13486445455602}"}}
{"op_code":5,"worker_id":"71564c15-1890-4465-a6e9-16cbabdf78bb-23456247935296","trial_id":51,"param_name":"lr","param_value_internal":0.017497024819266106,"distribution":"{\"name\": \"FloatDistribution\", \"attributes\": {\"step\": null, \"low\": 1e-08, \"high\": 0.5, \"log\": true}}"}
{"op_code":5,"worker_id":"71564c15-1890-4465-a6e9-16cbabdf78bb-23456247935296","trial_id":51,"param_name":"ratio","param_value_internal":81.13486445455602,"distribution":"{\"name\": \"FloatDistribution\", \"attributes\": {\"step\": null, \"low\": 0.1, \"high\": 100.0, \"log\": true}}"}
{"op_code":6,"worker_id":"71564c15-1890-4465-a6e9-16cbabdf78bb-23456247935296","trial_id":51,"state":3,"values":null,"datetime_complete":"2026-07-24T13:33:31.983182"}
{"op_code":0,"worker_id":"bedb4c43-803e-40d7-af52-6356411b556d-23456247935296","study_name":"peter_accidents_k3","directions":[2]}
{"op_code":0,"worker_id":"47158e40-e076-4bfb-ab9d-269e20e6f912-23456247935296","study_name":"peter_accidents_k3","directions":[2]}
