{"op_code":0,"worker_id":"643f75a1-10ee-4916-8b67-869eecbb99ce-20268","study_name":"peter_baudio_k5","directions":[2]}
{"op_code":0,"worker_id":"5f289509-ce6c-465b-9067-2f1788fce442-24408","study_name":"peter_baudio_k5","directions":[2]}
{"op_code":4,"worker_id":"5f289509-ce6c-465b-9067-2f1788fce442-24408","study_id":0,"datetime_start":"2026-07-24T09:13:00.539617"}
{"op_code":5,"worker_id":"5f289509-ce6c-465b-9067-2f1788fce442-24408","trial_id":0,"param_name":"lr","param_value_internal":7.232719040768528e-05,"distribution":"{\"name\": \"FloatDistribution\", \"attributes\": {\"step\": null, \"low\": 1e-08, \"high\": 0.5, \"log\": true}}"}
{"op_code":5,"worker_id":"5f289509-ce6c-465b-9067-2f1788fce442-24408","trial_id":0,"param_name":"ratio","param_value_internal":0.6760795404102742,"distribution":"{\"name\": \"FloatDistribution\", \"attributes\": {\"step\": null, \"low\": 0.1, \"high\": 100.0, \"log\": true}}"}
{"op_code":0,"worker_id":"0ca113da-ac5d-4668-a443-de1b6f9eacb7-22724","study_name":"peter_baudio_k5","directions":[2]}
{"op_code":4,"worker_id":"0ca113da-ac5d-4668-a443-de1b6f9eacb7-22724","study_id":0,"datetime_start":"2026-07-24T09:13:01.623334"}
{"op_code":5,"worker_id":"0ca113da-ac5d-4668-a443-de1b6f9eacb7-22724","trial_id":1,"param_name":"lr","param_value_internal":1.039739033541877e-05,"distribution":"{\"name\": \"FloatDistribution\", \"attributes\": {\"step\": null, \"low\": 1e-08, \"high\": 0.5, \"log\": true}}"}
{"op_code":5,"worker_id":"0ca113da-ac5d-4668-a443-de1b6f9eacb7-22724","trial_id":1,"param_name":"ratio","param_value_internal":0.43543076531797276,"distribution":"{\"name\": \"FloatDistribution\", \"attributes\": {\"step\": null, \"low\": 0.1, \"high\": 100.0, \"log\": true}}"}
{"op_code":0,"worker_id":"601a2e1d-a52d-48c9-91ed-5bf6662d6e1e-34224","study_name":"peter_baudio_k5","directions":[2]}
{"op_code":4,"worker_id":"601a2e1d-a52d-48c9-91ed-5bf6662d6e1e-34224","study_id":0,"datetime_start":"2026-07-24T09:13:02.626444"}
{"op_code":0,"worker_id":"d304e706-cb58-43ff-a69d-47431603ae01-23456247935296","study_name":"peter_baudio_k5","directions":[2]}
{"op_code":0,"worker_id":"1b0f314c-21f7-41a5-8cc6-9bb55e4d65a6-23456247935296","study_name":"peter_baudio_k5","directions":[2]}
{"op_code":4,"worker_id":"1b0f314c-21f7-41a5-8cc6-9bb55e4d65a6-23456247935296","study_id":0,"datetime_start":"2026-07-24T10:21:56.666004"}
{"op_code":5,"worker_id":"1b0f314c-21f7-41a5-8cc6-9bb55e4d65a6-23456247935296","trial_id":3,"param_name":"lr","param_value_internal":0.06842188106994974,"distribution":"{\"name\": \"FloatDistribution\", \"attributes\": {\"step\": null, \"low\": 1e-08, \"high\": 0.5, \"log\": true}}"}
{"op_code":5,"worker_id":"1b0f314c-21f7-41a5-8cc6-9bb55e4d65a6-23456247935296","trial_id":3,"param_name":"ratio","param_value_internal":0.3798936223402489,"distribution":"{\"name\": \"FloatDistribution\", \"attributes\": {\"step\": null, \"low\": 0.1, \"high\": 100.0, \"log\": true}}"}
{"op_code":0,"worker_id":"116dfe2e-2680-40ec-aa2f-6a05039f2b4b-23456247935296","study_name":"peter_baudio_k5","directions":[2]}
{"op_code":4,"worker_id":"116dfe2e-2680-40ec-aa2f-6a05039f2b4b-23456247935296","study_id":0,"datetime_start":"2026-07-24T10:23:21.939008"}
{"op_code":5,"worker_id":"116dfe2e-2680-40ec-aa2f-6a05039f2b4b-23456247935296","trial_id":4,"param_name":"lr","param_value_internal":0.01494709853441387,"distribution":"{\"name\": \"FloatDistribution\", \"attributes\": {\"step\": null, \"low\": 1e-08, \"high\": 0.5, \"log\": true}}"}
{"op_code":5,"worker_id":"116dfe2e-2680-40ec-aa2f-6a05039f2b4b-23456247935296","trial_id":4,"param_name":"ratio","param_value_internal":3.0659859020051767,"distribution":"{\"name\": \"FloatDistribution\", \"attributes\": {\"step\": null, \"low\": 0.1, \"high\": 100.0, \"log\": true}}"}
{"op_code":6,"worker_id":"1b0f314c-21f7-41a5-8cc6-9bb55e4d65a6-23456247935296","trial_id":3,"state":1,"values":[-53.839252021106],"datetime_complete":"2026-07-24T10:23:34.416686"}
{"op_code":6,"worker_id":"116dfe2e-2680-40ec-aa2f-6a05039f2b4b-23456247935296","trial_id":4,"state":1,"values":[-54.07278303031796],"datetime_complete":"2026-07-24T10:24:59.084951"}
{"op_code":0,"worker_id":"0c14e6bf-6bae-4d22-b8c8-fc4a387bbdb8-23456247935296","study_name":"peter_baudio_k5","directions":[2]}
{"op_code":4,"worker_id":"0c14e6bf-6bae-4d22-b8c8-fc4a387bbdb8-23456247935296","study_id":0,"datetime_start":"2026-07-24T10:26:53.997846"}
{"op_code":5,"worker_id":"0c14e6bf-6bae-4d22-b8c8-fc4a387bbdb8-23456247935296","trial_id":5,"param_name":"lr","param_value_internal":2.0780458329949721e-07,"distribution":"{\"name\": \"FloatDistribution\", \"attributes\": {\"step\": null, \"low\": 1e-08, \"high\": 0.5, \"log\": true}}"}
{"op_code":5,"worker_id":"0c14e6bf-6bae-4d22-b8c8-fc4a387bbdb8-23456247935296","trial_id":5,"param_name":"ratio","param_value_internal":21.684609791784716,"distribution":"{\"name\": \"FloatDistribution\", \"attributes\": {\"step\": null, \"low\": 0.1, \"high\": 100.0, \"log\": true}}"}
{"op_code":6,"worker_id":"0c14e6bf-6bae-4d22-b8c8-fc4a387bbdb8-23456247935296","trial_id":5,"state":1,"values":[-56.72020098264805],"datetime_complete":"2026-07-24T10:28:30.623963"}
{"op_code":0,"worker_id":"aa4844dc-b7db-4d66-b1df-762086fa37da-23456247935296","study_name":"peter_baudio_k5","directions":[2]}
{"op_code":4,"worker_id":"aa4844dc-b7db-4d66-b1df-762086fa37da-23456247935296","study_id":0,"datetime_start":"2026-07-24T10:30:17.314159"}
{"op_code":5,"worker_id":"aa4844dc-b7db-4d66-b1df-762086fa37da-23456247935296","trial_id":6,"param_name":"lr","param_value_internal":7.692788044628642e-06,"distribution":"{\"name\": \"FloatDistribution\", \"attributes\": {\"step\": null, \"low\": 1e-08, \"high\": 0.5, \"log\": true}}"}
{"op_code":5,"worker_id":"aa4844dc-b7db-4d66-b1df-762086fa37da-23456247935296","trial_id":6,"param_name":"ratio","param_value_internal":0.330146135792926,"distribution":"{\"name\": \"FloatDistribution\", \"attributes\": {\"step\": null, \"low\": 0.1, \"high\": 100.0, \"log\": true}}"}
{"op_code":6,"worker_id":"aa4844dc-b7db-4d66-b1df-762086fa37da-23456247935296","trial_id":6,"state":1,"values":[-56.72194552923447],"datetime_complete":"2026-07-24T10:31:55.112516"}
{"op_code":0,"worker_id":"509fc473-b371-4d60-89f5-1d90889274f7-23456247935296","study_name":"peter_baudio_k5","directions":[2]}
{"op_code":4,"worker_id":"509fc473-b371-4d60-89f5-1d90889274f7-23456247935296","study_id":0,"datetime_start":"2026-07-24T10:33:51.076838"}
{"op_code":5,"worker_id":"509fc473-b371-4d60-89f5-1d90889274f7-23456247935296","trial_id":7,"param_name":"lr","param_value_internal":5.74270624554017e-05,"distribution":"{\"name\": \"FloatDistribution\", \"attributes\": {\"step\": null, \"low\": 1e-08, \"high\": 0.5, \"log\": true}}"}
{"op_code":5,"worker_id":"509fc473-b371-4d60-89f5-1d90889274f7-23456247935296","trial_id":7,"param_name":"ratio","param_value_internal":0.6315109931414425,"distribution":"{\"name\": \"FloatDistribution\", \"attributes\": {\"step\": null, \"low\": 0.1, \"high\": 100.0, \"log\": true}}"}
{"op_code":6,"worker_id":"509fc473-b371-4d60-89f5-1d90889274f7-23456247935296","trial_id":7,"state":1,"values":[-56.71257393489586],"datetime_complete":"2026-07-24T10:35:29.730195"}
{"op_code":0,"worker_id":"2023625a-979c-46a7-86cd-01f81058f5b8-23456247935296","study_name":"peter_baudio_k5","directions":[2]}
{"op_code":4,"worker_id":"2023625a-979c-46a7-86cd-01f81058f5b8-23456247935296","study_id":0,"datetime_start":"2026-07-24T10:37:13.421958"}
{"op_code":5,"worker_id":"2023625a-979c-46a7-86cd-01f81058f5b8-23456247935296","trial_id":8,"param_name":"lr","param_value_internal":0.0001652135695775052,"distribution":"{\"name\": \"FloatDistribution\", \"attributes\": {\"step\": null, \"low\": 1e-08, \"high\": 0.5, \"log\": true}}"}
{"op_code":5,"worker_id":"2023625a-979c-46a7-86cd-01f81058f5b8-23456247935296","trial_id":8,"param_name":"ratio","param_value_internal":1.7667765360551053,"distribution":"{\"name\": \"FloatDistribution\", \"attributes\": {\"step\": null, \"low\": 0.1, \"high\": 100.0, \"log\": true}}"}
{"op_code":6,"worker_id":"2023625a-979c-46a7-86cd-01f81058f5b8-23456247935296","trial_id":8,"state":1,"values":[-56.48390584012673],"datetime_complete":"2026-07-24T10:38:51.559301"}
{"op_code":0,"worker_id":"0908e175-6194-40c7-93e8-509585c03530-23456247935296","study_name":"peter_baudio_k5","directions":[2]}
{"op_code":4,"worker_id":"0908e175-6194-40c7-93e8-509585c03530-23456247935296","study_id":0,"datetime_start":"2026-07-24T10:40:54.554061"}
{"op_code":5,"worker_id":"0908e175-6194-40c7-93e8-509585c03530-23456247935296","trial_id":9,"param_name":"lr","param_value_internal":0.05439816520000004,"distribution":"{\"name\": \"FloatDistribution\", \"attributes\": {\"step\": null, \"low\": 1e-08, \"high\": 0.5, \"log\": true}}"}
{"op_code":5,"worker_id":"0908e175-6194-40c7-93e8-509585c03530-23456247935296","trial_id":9,"param_name":"ratio","param_value_internal":6.548350819822711,"distribution":"{\"name\": \"FloatDistribution\", \"attributes\": {\"step\": null, \"low\": 0.1, \"high\": 100.0, \"log\": true}}"}
{"op_code":6,"worker_id":"0908e175-6194-40c7-93e8-509585c03530-23456247935296","trial_id":9,"state":1,"values":[-55.88389414206708],"datetime_complete":"2026-07-24T10:42:17.063396"}
{"op_code":0,"worker_id":"e104b084-5d7f-439a-9215-a75992f8883b-23456247935296","study_name":"peter_baudio_k5","directions":[2]}
{"op_code":4,"worker_id":"e104b084-5d7f-439a-9215-a75992f8883b-23456247935296","study_id":0,"datetime_start":"2026-07-24T10:44:54.347086"}
{"op_code":5,"worker_id":"e104b084-5d7f-439a-9215-a75992f8883b-23456247935296","trial_id":10,"param_name":"lr","param_value_internal":1.8119701784132418e-05,"distribution":"{\"name\": \"FloatDistribution\", \"attributes\": {\"step\": null, \"low\": 1e-08, \"high\": 0.5, \"log\": true}}"}
{"op_code":5,"worker_id":"e104b084-5d7f-439a-9215-a75992f8883b-23456247935296","trial_id":10,"param_name":"ratio","param_value_internal":0.398622239765391,"distribution":"{\"name\": \"FloatDistribution\", \"attributes\": {\"step\": null, \"low\": 0.1, \"high\": 100.0, \"log\": true}}"}
{"op_code":6,"worker_id":"e104b084-5d7f-439a-9215-a75992f8883b-23456247935296","trial_id":10,"state":1,"values":[-56.72325884467018],"datetime_complete":"2026-07-24T10:46:32.363347"}
{"op_code":0,"worker_id":"a81cf298-adaa-47a0-be9b-1a9be1d8d149-23456247935296","study_name":"peter_baudio_k5","directions":[2]}
{"op_code":4,"worker_id":"a81cf298-adaa-47a0-be9b-1a9be1d8d149-23456247935296","study_id":0,"datetime_start":"2026-07-24T10:49:29.083906"}
{"op_code":5,"worker_id":"a81cf298-adaa-47a0-be9b-1a9be1d8d149-23456247935296","trial_id":11,"param_name":"lr","param_value_internal":4.309194274574014e-07,"distribution":"{\"name\": \"FloatDistribution\", \"attributes\": {\"step\": null, \"low\": 1e-08, \"high\": 0.5, \"log\": true}}"}
{"op_code":5,"worker_id":"a81cf298-adaa-47a0-be9b-1a9be1d8d149-23456247935296","trial_id":11,"param_name":"ratio","param_value_internal":42.97506232613202,"distribution":"{\"name\": \"FloatDistribution\", \"attributes\": {\"step\": null, \"low\": 0.1, \"high\": 100.0, \"log\": true}}"}
{"op_code":6,"worker_id":"a81cf298-adaa-47a0-be9b-1a9be1d8d149-23456247935296","trial_id":11,"state":1,"values":[-56.72018556857529],"datetime_complete":"2026-07-24T10:51:06.845943"}
{"op_code":0,"worker_id":"50df2365-77d5-4dbc-97fc-2aae1065c674-23456247935296","study_name":"peter_baudio_k5","directions":[2]}
{"op_code":4,"worker_id":"50df2365-77d5-4dbc-97fc-2aae1065c674-23456247935296","study_id":0,"datetime_start":"2026-07-24T10:54:01.195698"}
{"op_code":5,"worker_id":"50df2365-77d5-4dbc-97fc-2aae1065c674-23456247935296","trial_id":12,"param_name":"lr","param_value_internal":0.1797079329217994,"distribution":"{\"name\": \"FloatDistribution\", \"attributes\": {\"step\": null, \"low\": 1e-08, \"high\": 0.5, \"log\": true}}"}
{"op_code":5,"worker_id":"50df2365-77d5-4dbc-97fc-2aae1065c674-23456247935296","trial_id":12,"param_name":"ratio","param_value_internal":50.21471127347479,"distribution":"{\"name\": \"FloatDistribution\", \"attributes\": {\"step\": null, \"low\": 0.1, \"high\": 100.0, \"log\": true}}"}
{"op_code":6,"worker_id":"50df2365-77d5-4dbc-97fc-2aae1065c674-23456247935296","trial_id":12,"state":1,"values":[-57.04478464434981],"datetime_complete":"2026-07-24T10:55:41.373278"}
{"op_code":0,"worker_id":"a295bfef-0905-4550-b591-9fcdee349de0-23456247935296","study_name":"peter_baudio_k5","directions":[2]}
{"op_code":4,"worker_id":"a295bfef-0905-4550-b591-9fcdee349de0-23456247935296","study_id":0,"datetime_start":"2026-07-24T10:58:23.527732"}
{"op_code":9,"worker_id":"a295bfef-0905-4550-b591-9fcdee349de0-23456247935296","trial_id":13,"system_attr":{"tpe:relative_params:0":"{\"lr\": 0.07625534841179468, \"ratio\": 0.6591063706728846}"}}
{"op_code":5,"worker_id":"a295bfef-0905-4550-b591-9fcdee349de0-23456247935296","trial_id":13,"param_name":"lr","param_value_internal":0.07625534841179468,"distribution":"{\"name\": \"FloatDistribution\", \"attributes\": {\"step\": null, \"low\": 1e-08, \"high\": 0.5, \"log\": true}}"}
{"op_code":5,"worker_id":"a295bfef-0905-4550-b591-9fcdee349de0-23456247935296","trial_id":13,"param_name":"ratio","param_value_internal":0.6591063706728846,"distribution":"{\"name\": \"FloatDistribution\", \"attributes\": {\"step\": null, \"low\": 0.1, \"high\": 100.0, \"log\": true}}"}
{"op_code":6,"worker_id":"a295bfef-0905-4550-b591-9fcdee349de0-23456247935296","trial_id":13,"state":1,"values":[-54.392668264027876],"datetime_complete":"2026-07-24T10:59:46.583900"}
{"op_code":0,"worker_id":"9699723d-2f87-4ce4-9856-de339de1eb8e-23456247935296","study_name":"peter_baudio_k5","directions":[2]}
{"op_code":4,"worker_id":"9699723d-2f87-4ce4-9856-de339de1eb8e-23456247935296","study_id":0,"datetime_start":"2026-07-24T11:03:37.080524"}
{"op_code":9,"worker_id":"9699723d-2f87-4ce4-9856-de339de1eb8e-23456247935296","trial_id":14,"system_attr":{"tpe:relative_params:0":"{\"lr\": 0.01938707771853736, \"ratio\": 0.1554177205025384}"}}
{"op_code":5,"worker_id":"9699723d-2f87-4ce4-9856-de339de1eb8e-23456247935296","trial_id":14,"param_name":"lr","param_value_internal":0.01938707771853736,"distribution":"{\"name\": \"FloatDistribution\", \"attributes\": {\"step\": null, \"low\": 1e-08, \"high\": 0.5, \"log\": true}}"}
{"op_code":5,"worker_id":"9699723d-2f87-4ce4-9856-de339de1eb8e-23456247935296","trial_id":14,"param_name":"ratio","param_value_internal":0.1554177205025384,"distribution":"{\"name\": \"FloatDistribution\", \"attributes\": {\"step\": null, \"low\": 0.1, \"high\": 100.0, \"log\": true}}"}
{"op_code":6,"worker_id":"9699723d-2f87-4ce4-9856-de339de1eb8e-23456247935296","trial_id":14,"state":1,"values":[-54.357297771933936],"datetime_complete":"2026-07-24T11:05:15.476379"}
{"op_code":0,"worker_id":"008e3ba5-a6d1-4db0-8fb1-0c245e1afa9c-23456247935296","study_name":"peter_baudio_k5","directions":[2]}
{"op_code":4,"worker_id":"008e3ba5-a6d1-4db0-8fb1-0c245e1afa9c-23456247935296","study_id":0,"datetime_start":"2026-07-24T11:08:12.066492"}
{"op_code":9,"worker_id":"008e3ba5-a6d1-4db0-8fb1-0c245e1afa9c-23456247935296","trial_id":15,"system_attr":{"tpe:relative_params:0":"{\"lr\": 6.861402730507768e-05, \"ratio\": 15.404646519016568}"}}
{"op_code":5,"worker_id":"008e3ba5-a6d1-4db0-8fb1-0c245e1afa9c-23456247935296","trial_id":15,"param_name":"lr","param_value_internal":6.861402730507768e-05,"distribution":"{\"name\": \"FloatDistribution\", \"attributes\": {\"step\": null, \"low\": 1e-08, \"high\": 0.5, \"log\": true}}"}
{"op_code":5,"worker_id":"008e3ba5-a6d1-4db0-8fb1-0c245e1afa9c-23456247935296","trial_id":15,"param_name":"ratio","param_value_internal":15.404646519016568,"distribution":"{\"name\": \"FloatDistribution\", \"attributes\": {\"step\": null, \"low\": 0.1, \"high\": 100.0, \"log\": true}}"}
{"op_code":6,"worker_id":"008e3ba5-a6d1-4db0-8fb1-0c245e1afa9c-23456247935296","trial_id":15,"state":1,"values":[-56.38268861624076],"datetime_complete":"2026-07-24T11:09:36.462439"}
{"op_code":0,"worker_id":"5f55851a-1303-4276-9191-0be93ff461ef-23456247935296","study_name":"peter_baudio_k5","directions":[2]}
{"op_code":4,"worker_id":"5f55851a-1303-4276-9191-0be93ff461ef-23456247935296","study_id":0,"datetime_start":"2026-07-24T11:12:46.444715"}
{"op_code":9,"worker_id":"5f55851a-1303-4276-9191-0be93ff461ef-23456247935296","trial_id":16,"system_attr":{"tpe:relative_params:0":"{\"lr\": 0.016919327172516884, \"ratio\": 1.9086546104711957}"}}
{"op_code":5,"worker_id":"5f55851a-1303-4276-9191-0be93ff461ef-23456247935296","trial_id":16,"param_name":"lr","param_value_internal":0.016919327172516884,"distribution":"{\"name\": \"FloatDistribution\", \"attributes\": {\"step\": null, \"low\": 1e-08, \"high\": 0.5, \"log\": true}}"}
{"op_code":5,"worker_id":"5f55851a-1303-4276-9191-0be93ff461ef-23456247935296","trial_id":16,"param_name":"ratio","param_value_internal":1.9086546104711957,"distribution":"{\"name\": \"FloatDistribution\", \"attributes\": {\"step\": null, \"low\": 0.1, \"high\": 100.0, \"log\": true}}"}
{"op_code":6,"worker_id":"5f55851a-1303-4276-9191-0be93ff461ef-23456247935296","trial_id":16,"state":1,"values":[-53.710656927214],"datetime_complete":"2026-07-24T11:14:27.036735"}
{"op_code":0,"worker_id":"23c7b07b-208a-4e7d-b31c-68bc8119ed92-23456247935296","study_name":"peter_baudio_k5","directions":[2]}
{"op_code":4,"worker_id":"23c7b07b-208a-4e7d-b31c-68bc8119ed92-23456247935296","study_id":0,"datetime_start":"2026-07-24T11:17:08.119093"}
{"op_code":9,"worker_id":"23c7b07b-208a-4e7d-b31c-68bc8119ed92-23456247935296","trial_id":17,"system_attr":{"tpe:relative_params:0":"{\"lr\": 0.4760838832713907, \"ratio\": 0.40539333733961164}"}}
{"op_code":5,"worker_id":"23c7b07b-208a-4e7d-b31c-68bc8119ed92-23456247935296","trial_id":17,"param_name":"lr","param_value_internal":0.4760838832713907,"distribution":"{\"name\": \"FloatDistribution\", \"attributes\": {\"step\": null, \"low\": 1e-08, \"high\": 0.5, \"log\": true}}"}
{"op_code":5,"worker_id":"23c7b07b-208a-4e7d-b31c-68bc8119ed92-23456247935296","trial_id":17,"param_name":"ratio","param_value_internal":0.40539333733961164,"distribution":"{\"name\": \"FloatDistribution\", \"attributes\": {\"step\": null, \"low\": 0.1, \"high\": 100.0, \"log\": true}}"}
{"op_code":6,"worker_id":"23c7b07b-208a-4e7d-b31c-68bc8119ed92-23456247935296","trial_id":17,"state":3,"values":null,"datetime_complete":"2026-07-24T11:17:16.188945"}
{"op_code":0,"worker_id":"52b5a50b-9bd1-4386-ac29-bbc3fe4a053d-23456247935296","study_name":"peter_baudio_k5","directions":[2]}
{"op_code":4,"worker_id":"52b5a50b-9bd1-4386-ac29-bbc3fe4a053d-23456247935296","study_id":0,"datetime_start":"2026-07-24T11:20:59.420025"}
{"op_code":9,"worker_id":"52b5a50b-9bd1-4386-ac29-bbc3fe4a053d-23456247935296","trial_id":18,"system_attr":{"tpe:relative_params:0":"{\"lr\": 0.23119121105921778, \"ratio\": 0.23474630869940213}"}}
{"op_code":5,"worker_id":"52b5a50b-9bd1-4386-ac29-bbc3fe4a053d-23456247935296","trial_id":18,"param_name":"lr","param_value_internal":0.23119121105921778,"distribution":"{\"name\": \"FloatDistribution\", \"attributes\": {\"step\": null, \"low\": 1e-08, \"high\": 0.5, \"log\": true}}"}
{"op_code":5,"worker_id":"52b5a50b-9bd1-4386-ac29-bbc3fe4a053d-23456247935296","trial_id":18,"param_name":"ratio","param_value_internal":0.23474630869940213,"distribution":"{\"name\": \"FloatDistribution\", \"attributes\": {\"step\": null, \"low\": 0.1, \"high\": 100.0, \"log\": true}}"}
{"op_code":6,"worker_id":"52b5a50b-9bd1-4386-ac29-bbc3fe4a053d-23456247935296","trial_id":18,"state":1,"values":[-55.15637380091735],"datetime_complete":"2026-07-24T11:22:24.963676"}
{"op_code":0,"worker_id":"e0a9631b-1bdb-492d-8689-6b5e9993deca-23456247935296","study_name":"peter_baudio_k5","directions":[2]}
{"op_code":4,"worker_id":"e0a9631b-1bdb-492d-8689-6b5e9993deca-23456247935296","study_id":0,"datetime_start":"2026-07-24T11:25:11.521950"}
{"op_code":9,"worker_id":"e0a9631b-1bdb-492d-8689-6b5e9993deca-23456247935296","trial_id":19,"system_attr":{"tpe:relative_params:0":"{\"lr\": 1.086279817166868e-08, \"ratio\": 1.5183057648063787}"}}
{"op_code":5,"worker_id":"e0a9631b-1bdb-492d-8689-6b5e9993deca-23456247935296","trial_id":19,"param_name":"lr","param_value_internal":1.086279817166868e-08,"distribution":"{\"name\": \"FloatDistribution\", \"attributes\": {\"step\": null, \"low\": 1e-08, \"high\": 0.5, \"log\": true}}"}
{"op_code":5,"worker_id":"e0a9631b-1bdb-492d-8689-6b5e9993deca-23456247935296","trial_id":19,"param_name":"ratio","param_value_internal":1.5183057648063787,"distribution":"{\"name\": \"FloatDistribution\", \"attributes\": {\"step\": null, \"low\": 0.1, \"high\": 100.0, \"log\": true}}"}
{"op_code":6,"worker_id":"e0a9631b-1bdb-492d-8689-6b5e9993deca-23456247935296","trial_id":19,"state":1,"values":[-56.72015660657223],"datetime_complete":"2026-07-24T11:26:51.927011"}
{"op_code":0,"worker_id":"06cd200b-9bbc-4d36-9e96-e15750b4110a-23456247935296","study_name":"peter_baudio_k5","directions":[2]}
{"op_code":4,"worker_id":"06cd200b-9bbc-4d36-9e96-e15750b4110a-23456247935296","study_id":0,"datetime_start":"2026-07-24T11:28:51.478211"}
{"op_code":9,"worker_id":"06cd200b-9bbc-4d36-9e96-e15750b4110a-23456247935296","trial_id":20,"system_attr":{"tpe:relative_params:0":"{\"lr\": 0.008088054118383632, \"ratio\": 0.5998174555211919}"}}
{"op_code":5,"worker_id":"06cd200b-9bbc-4d36-9e96-e15750b4110a-23456247935296","trial_id":20,"param_name":"lr","param_value_internal":0.008088054118383632,"distribution":"{\"name\": \"FloatDistribution\", \"attributes\": {\"step\": null, \"low\": 1e-08, \"high\": 0.5, \"log\": true}}"}
{"op_code":5,"worker_id":"06cd200b-9bbc-4d36-9e96-e15750b4110a-23456247935296","trial_id":20,"param_name":"ratio","param_value_internal":0.5998174555211919,"distribution":"{\"name\": \"FloatDistribution\", \"attributes\": {\"step\": null, \"low\": 0.1, \"high\": 100.0, \"log\": true}}"}
{"op_code":6,"worker_id":"06cd200b-9bbc-4d36-9e96-e15750b4110a-23456247935296","trial_id":20,"state":1,"values":[-54.00776372285837],"datetime_complete":"2026-07-24T11:30:22.781671"}
{"op_code":0,"worker_id":"4529142f-f447-443b-b8a6-7075ea90e51a-23456247935296","study_name":"peter_baudio_k5","directions":[2]}
{"op_code":4,"worker_id":"4529142f-f447-443b-b8a6-7075ea90e51a-23456247935296","study_id":0,"datetime_start":"2026-07-24T11:34:14.598917"}
{"op_code":9,"worker_id":"4529142f-f447-443b-b8a6-7075ea90e51a-23456247935296","trial_id":21,"system_attr":{"tpe:relative_params:0":"{\"lr\": 0.00022226588834016914, \"ratio\": 84.49627328976966}"}}
{"op_code":5,"worker_id":"4529142f-f447-443b-b8a6-7075ea90e51a-23456247935296","trial_id":21,"param_name":"lr","param_value_internal":0.00022226588834016914,"distribution":"{\"name\": \"FloatDistribution\", \"attributes\": {\"step\": null, \"low\": 1e-08, \"high\": 0.5, \"log\": true}}"}
{"op_code":5,"worker_id":"4529142f-f447-443b-b8a6-7075ea90e51a-23456247935296","trial_id":21,"param_name":"ratio","param_value_internal":84.49627328976966,"distribution":"{\"name\": \"FloatDistribution\", \"attributes\": {\"step\": null, \"low\": 0.1, \"high\": 100.0, \"log\": true}}"}
{"op_code":6,"worker_id":"4529142f-f447-443b-b8a6-7075ea90e51a-23456247935296","trial_id":21,"state":1,"values":[-54.94393445037003],"datetime_complete":"2026-07-24T11:35:51.467591"}
{"op_code":0,"worker_id":"5f963b2a-8700-4f51-8002-393d6741a3c0-23456247935296","study_name":"peter_baudio_k5","directions":[2]}
{"op_code":4,"worker_id":"5f963b2a-8700-4f51-8002-393d6741a3c0-23456247935296","study_id":0,"datetime_start":"2026-07-24T11:38:40.071964"}
{"op_code":9,"worker_id":"5f963b2a-8700-4f51-8002-393d6741a3c0-23456247935296","trial_id":22,"system_attr":{"tpe:relative_params:0":"{\"lr\": 0.15281433157016755, \"ratio\": 3.435957939630267}"}}
{"op_code":5,"worker_id":"5f963b2a-8700-4f51-8002-393d6741a3c0-23456247935296","trial_id":22,"param_name":"lr","param_value_internal":0.15281433157016755,"distribution":"{\"name\": \"FloatDistribution\", \"attributes\": {\"step\": null, \"low\": 1e-08, \"high\": 0.5, \"log\": true}}"}
{"op_code":5,"worker_id":"5f963b2a-8700-4f51-8002-393d6741a3c0-23456247935296","trial_id":22,"param_name":"ratio","param_value_internal":3.435957939630267,"distribution":"{\"name\": \"FloatDistribution\", \"attributes\": {\"step\": null, \"low\": 0.1, \"high\": 100.0, \"log\": true}}"}
{"op_code":6,"worker_id":"5f963b2a-8700-4f51-8002-393d6741a3c0-23456247935296","trial_id":22,"state":1,"values":[-57.729409084256304],"datetime_complete":"2026-07-24T11:40:37.834664"}
{"op_code":0,"worker_id":"065fb8d6-8662-4226-847c-8dbd55561f5a-23456247935296","study_name":"peter_baudio_k5","directions":[2]}
{"op_code":4,"worker_id":"065fb8d6-8662-4226-847c-8dbd55561f5a-23456247935296","study_id":0,"datetime_start":"2026-07-24T11:42:24.855745"}
{"op_code":9,"worker_id":"065fb8d6-8662-4226-847c-8dbd55561f5a-23456247935296","trial_id":23,"system_attr":{"tpe:relative_params:0":"{\"lr\": 8.688227605289646e-08, \"ratio\": 0.16100329004990155}"}}
{"op_code":5,"worker_id":"065fb8d6-8662-4226-847c-8dbd55561f5a-23456247935296","trial_id":23,"param_name":"lr","param_value_internal":8.688227605289646e-08,"distribution":"{\"name\": \"FloatDistribution\", \"attributes\": {\"step\": null, \"low\": 1e-08, \"high\": 0.5, \"log\": true}}"}
{"op_code":5,"worker_id":"065fb8d6-8662-4226-847c-8dbd55561f5a-23456247935296","trial_id":23,"param_name":"ratio","param_value_internal":0.16100329004990155,"distribution":"{\"name\": \"FloatDistribution\", \"attributes\": {\"step\": null, \"low\": 0.1, \"high\": 100.0, \"log\": true}}"}
{"op_code":6,"worker_id":"065fb8d6-8662-4226-847c-8dbd55561f5a-23456247935296","trial_id":23,"state":1,"values":[-56.72017471172818],"datetime_complete":"2026-07-24T11:44:07.039799"}
{"op_code":0,"worker_id":"93b08694-cb6f-41a9-ae9c-c56e05b434ad-23456247935296","study_name":"peter_baudio_k5","directions":[2]}
{"op_code":4,"worker_id":"93b08694-cb6f-41a9-ae9c-c56e05b434ad-23456247935296","study_id":0,"datetime_start":"2026-07-24T11:45:31.823804"}
{"op_code":9,"worker_id":"93b08694-cb6f-41a9-ae9c-c56e05b434ad-23456247935296","trial_id":24,"system_attr":{"tpe:relative_params:0":"{\"lr\": 0.00023616791072284996, \"ratio\": 0.10837815499814261}"}}
{"op_code":5,"worker_id":"93b08694-cb6f-41a9-ae9c-c56e05b434ad-23456247935296","trial_id":24,"param_name":"lr","param_value_internal":0.00023616791072284996,"distribution":"{\"name\": \"FloatDistribution\", \"attributes\": {\"step\": null, \"low\": 1e-08, \"high\": 0.5, \"log\": true}}"}
{"op_code":5,"worker_id":"93b08694-cb6f-41a9-ae9c-c56e05b434ad-23456247935296","trial_id":24,"param_name":"ratio","param_value_internal":0.10837815499814261,"distribution":"{\"name\": \"FloatDistribution\", \"attributes\": {\"step\": null, \"low\": 0.1, \"high\": 100.0, \"log\": true}}"}
{"op_code":6,"worker_id":"93b08694-cb6f-41a9-ae9c-c56e05b434ad-23456247935296","trial_id":24,"state":1,"values":[-56.70662652753856],"datetime_complete":"2026-07-24T11:47:12.208114"}
{"op_code":0,"worker_id":"c1752c24-a6ec-4038-b8f1-815ebf82be08-23456247935296","study_name":"peter_baudio_k5","directions":[2]}
{"op_code":4,"worker_id":"c1752c24-a6ec-4038-b8f1-815ebf82be08-23456247935296","study_id":0,"datetime_start":"2026-07-24T11:49:13.045508"}
{"op_code":9,"worker_id":"c1752c24-a6ec-4038-b8f1-815ebf82be08-23456247935296","trial_id":25,"system_attr":{"tpe:relative_params:0":"{\"lr\": 0.007816777626860418, \"ratio\": 0.9127684897407998}"}}
{"op_code":5,"worker_id":"c1752c24-a6ec-4038-b8f1-815ebf82be08-23456247935296","trial_id":25,"param_name":"lr","param_value_internal":0.007816777626860418,"distribution":"{\"name\": \"FloatDistribution\", \"attributes\": {\"step\": null, \"low\": 1e-08, \"high\": 0.5, \"log\": true}}"}
{"op_code":5,"worker_id":"c1752c24-a6ec-4038-b8f1-815ebf82be08-23456247935296","trial_id":25,"param_name":"ratio","param_value_internal":0.9127684897407998,"distribution":"{\"name\": \"FloatDistribution\", \"attributes\": {\"step\": null, \"low\": 0.1, \"high\": 100.0, \"log\": true}}"}
{"op_code":6,"worker_id":"c1752c24-a6ec-4038-b8f1-815ebf82be08-23456247935296","trial_id":25,"state":1,"values":[-53.83010422842587],"datetime_complete":"2026-07-24T11:50:50.183774"}
{"op_code":0,"worker_id":"e9161e30-c30d-4d6a-bdb2-909b28faae8a-23456247935296","study_name":"peter_baudio_k5","directions":[2]}
{"op_code":4,"worker_id":"e9161e30-c30d-4d6a-bdb2-909b28faae8a-23456247935296","study_id":0,"datetime_start":"2026-07-24T11:52:46.236743"}
{"op_code":9,"worker_id":"e9161e30-c30d-4d6a-bdb2-909b28faae8a-23456247935296","trial_id":26,"system_attr":{"tpe:relative_params:0":"{\"lr\": 0.010751242030160998, \"ratio\": 1.0709678725850913}"}}
{"op_code":5,"worker_id":"e9161e30-c30d-4d6a-bdb2-909b28faae8a-23456247935296","trial_id":26,"param_name":"lr","param_value_internal":0.010751242030160998,"distribution":"{\"name\": \"FloatDistribution\", \"attributes\": {\"step\": null, \"low\": 1e-08, \"high\": 0.5, \"log\": true}}"}
{"op_code":5,"worker_id":"e9161e30-c30d-4d6a-bdb2-909b28faae8a-23456247935296","trial_id":26,"param_name":"ratio","param_value_internal":1.0709678725850913,"distribution":"{\"name\": \"FloatDistribution\", \"attributes\": {\"step\": null, \"low\": 0.1, \"high\": 100.0, \"log\": true}}"}
{"op_code":6,"worker_id":"e9161e30-c30d-4d6a-bdb2-909b28faae8a-23456247935296","trial_id":26,"state":1,"values":[-53.66980444580635],"datetime_complete":"2026-07-24T11:54:23.811965"}
{"op_code":0,"worker_id":"2970c893-abab-4d1b-811f-cbc147b24677-23456247935296","study_name":"peter_baudio_k5","directions":[2]}
{"op_code":4,"worker_id":"2970c893-abab-4d1b-811f-cbc147b24677-23456247935296","study_id":0,"datetime_start":"2026-07-24T11:55:54.884046"}
{"op_code":9,"worker_id":"2970c893-abab-4d1b-811f-cbc147b24677-23456247935296","trial_id":27,"system_attr":{"tpe:relative_params:0":"{\"lr\": 0.0014864890259303036, \"ratio\": 3.4220192625330723}"}}
{"op_code":5,"worker_id":"2970c893-abab-4d1b-811f-cbc147b24677-23456247935296","trial_id":27,"param_name":"lr","param_value_internal":0.0014864890259303036,"distribution":"{\"name\": \"FloatDistribution\", \"attributes\": {\"step\": null, \"low\": 1e-08, \"high\": 0.5, \"log\": true}}"}
{"op_code":5,"worker_id":"2970c893-abab-4d1b-811f-cbc147b24677-23456247935296","trial_id":27,"param_name":"ratio","param_value_internal":3.4220192625330723,"distribution":"{\"name\": \"FloatDistribution\", \"attributes\": {\"step\": null, \"low\": 0.1, \"high\": 100.0, \"log\": true}}"}
{"op_code":6,"worker_id":"2970c893-abab-4d1b-811f-cbc147b24677-23456247935296","trial_id":27,"state":1,"values":[-54.14003321919464],"datetime_complete":"2026-07-24T11:57:45.112117"}
{"op_code":0,"worker_id":"453ba055-dcf8-4e1b-8175-1aa7b9111631-23456247935296","study_name":"peter_baudio_k5","directions":[2]}
{"op_code":4,"worker_id":"453ba055-dcf8-4e1b-8175-1aa7b9111631-23456247935296","study_id":0,"datetime_start":"2026-07-24T12:00:00.287145"}
{"op_code":9,"worker_id":"453ba055-dcf8-4e1b-8175-1aa7b9111631-23456247935296","trial_id":28,"system_attr":{"tpe:relative_params:0":"{\"lr\": 0.006157061840397606, \"ratio\": 1.2505568519251156}"}}
{"op_code":5,"worker_id":"453ba055-dcf8-4e1b-8175-1aa7b9111631-23456247935296","trial_id":28,"param_name":"lr","param_value_internal":0.006157061840397606,"distribution":"{\"name\": \"FloatDistribution\", \"attributes\": {\"step\": null, \"low\": 1e-08, \"high\": 0.5, \"log\": true}}"}
{"op_code":5,"worker_id":"453ba055-dcf8-4e1b-8175-1aa7b9111631-23456247935296","trial_id":28,"param_name":"ratio","param_value_internal":1.2505568519251156,"distribution":"{\"name\": \"FloatDistribution\", \"attributes\": {\"step\": null, \"low\": 0.1, \"high\": 100.0, \"log\": true}}"}
{"op_code":6,"worker_id":"453ba055-dcf8-4e1b-8175-1aa7b9111631-23456247935296","trial_id":28,"state":1,"values":[-53.817563276894546],"datetime_complete":"2026-07-24T12:01:41.302077"}
{"op_code":0,"worker_id":"8ffc720b-1513-4224-a59e-a86d1d07afdb-23456247935296","study_name":"peter_baudio_k5","directions":[2]}
{"op_code":4,"worker_id":"8ffc720b-1513-4224-a59e-a86d1d07afdb-23456247935296","study_id":0,"datetime_start":"2026-07-24T12:03:43.151023"}
{"op_code":9,"worker_id":"8ffc720b-1513-4224-a59e-a86d1d07afdb-23456247935296","trial_id":29,"system_attr":{"tpe:relative_params:0":"{\"lr\": 0.001750180444042602, \"ratio\": 1.9965347208452315}"}}
{"op_code":5,"worker_id":"8ffc720b-1513-4224-a59e-a86d1d07afdb-23456247935296","trial_id":29,"param_name":"lr","param_value_internal":0.001750180444042602,"distribution":"{\"name\": \"FloatDistribution\", \"attributes\": {\"step\": null, \"low\": 1e-08, \"high\": 0.5, \"log\": true}}"}
{"op_code":5,"worker_id":"8ffc720b-1513-4224-a59e-a86d1d07afdb-23456247935296","trial_id":29,"param_name":"ratio","param_value_internal":1.9965347208452315,"distribution":"{\"name\": \"FloatDistribution\", \"attributes\": {\"step\": null, \"low\": 0.1, \"high\": 100.0, \"log\": true}}"}
{"op_code":6,"worker_id":"8ffc720b-1513-4224-a59e-a86d1d07afdb-23456247935296","trial_id":29,"state":1,"values":[-54.29284875492773],"datetime_complete":"2026-07-24T12:05:38.148265"}
{"op_code":0,"worker_id":"3677f3c7-6d3d-4739-8559-708e3344f002-23456247935296","study_name":"peter_baudio_k5","directions":[2]}
{"op_code":4,"worker_id":"3677f3c7-6d3d-4739-8559-708e3344f002-23456247935296","study_id":0,"datetime_start":"2026-07-24T12:07:24.946465"}
{"op_code":9,"worker_id":"3677f3c7-6d3d-4739-8559-708e3344f002-23456247935296","trial_id":30,"system_attr":{"tpe:relative_params:0":"{\"lr\": 0.46450616053678534, \"ratio\": 1.1831054203086295}"}}
{"op_code":5,"worker_id":"3677f3c7-6d3d-4739-8559-708e3344f002-23456247935296","trial_id":30,"param_name":"lr","param_value_internal":0.46450616053678534,"distribution":"{\"name\": \"FloatDistribution\", \"attributes\": {\"step\": null, \"low\": 1e-08, \"high\": 0.5, \"log\": true}}"}
{"op_code":5,"worker_id":"3677f3c7-6d3d-4739-8559-708e3344f002-23456247935296","trial_id":30,"param_name":"ratio","param_value_internal":1.1831054203086295,"distribution":"{\"name\": \"FloatDistribution\", \"attributes\": {\"step\": null, \"low\": 0.1, \"high\": 100.0, \"log\": true}}"}
{"op_code":6,"worker_id":"3677f3c7-6d3d-4739-8559-708e3344f002-23456247935296","trial_id":30,"state":3,"values":null,"datetime_complete":"2026-07-24T12:07:36.019954"}
{"op_code":0,"worker_id":"77a46879-1f77-46de-b423-2e08f9087745-23456247935296","study_name":"peter_baudio_k5","directions":[2]}
{"op_code":4,"worker_id":"77a46879-1f77-46de-b423-2e08f9087745-23456247935296","study_id":0,"datetime_start":"2026-07-24T12:11:17.791718"}
{"op_code":9,"worker_id":"77a46879-1f77-46de-b423-2e08f9087745-23456247935296","trial_id":31,"system_attr":{"tpe:relative_params:0":"{\"lr\": 0.02680209228647438, \"ratio\": 2.288455638701582}"}}
{"op_code":5,"worker_id":"77a46879-1f77-46de-b423-2e08f9087745-23456247935296","trial_id":31,"param_name":"lr","param_value_internal":0.02680209228647438,"distribution":"{\"name\": \"FloatDistribution\", \"attributes\": {\"step\": null, \"low\": 1e-08, \"high\": 0.5, \"log\": true}}"}
{"op_code":5,"worker_id":"77a46879-1f77-46de-b423-2e08f9087745-23456247935296","trial_id":31,"param_name":"ratio","param_value_internal":2.288455638701582,"distribution":"{\"name\": \"FloatDistribution\", \"attributes\": {\"step\": null, \"low\": 0.1, \"high\": 100.0, \"log\": true}}"}
{"op_code":6,"worker_id":"77a46879-1f77-46de-b423-2e08f9087745-23456247935296","trial_id":31,"state":1,"values":[-54.832888953532034],"datetime_complete":"2026-07-24T12:12:58.830967"}
{"op_code":0,"worker_id":"4a9185b2-acd9-4225-851e-05bf1fae8e11-23456247935296","study_name":"peter_baudio_k5","directions":[2]}
{"op_code":4,"worker_id":"4a9185b2-acd9-4225-851e-05bf1fae8e11-23456247935296","study_id":0,"datetime_start":"2026-07-24T12:15:02.498699"}
{"op_code":9,"worker_id":"4a9185b2-acd9-4225-851e-05bf1fae8e11-23456247935296","trial_id":32,"system_attr":{"tpe:relative_params:0":"{\"lr\": 0.0009854849083532628, \"ratio\": 0.5971624773590881}"}}
{"op_code":5,"worker_id":"4a9185b2-acd9-4225-851e-05bf1fae8e11-23456247935296","trial_id":32,"param_name":"lr","param_value_internal":0.0009854849083532628,"distribution":"{\"name\": \"FloatDistribution\", \"attributes\": {\"step\": null, \"low\": 1e-08, \"high\": 0.5, \"log\": true}}"}
{"op_code":5,"worker_id":"4a9185b2-acd9-4225-851e-05bf1fae8e11-23456247935296","trial_id":32,"param_name":"ratio","param_value_internal":0.5971624773590881,"distribution":"{\"name\": \"FloatDistribution\", \"attributes\": {\"step\": null, \"low\": 0.1, \"high\": 100.0, \"log\": true}}"}
{"op_code":6,"worker_id":"4a9185b2-acd9-4225-851e-05bf1fae8e11-23456247935296","trial_id":32,"state":1,"values":[-55.76059520351621],"datetime_complete":"2026-07-24T12:17:31.749784"}
{"op_code":0,"worker_id":"2c2e92e1-1878-4d6d-8f44-1541215e70c2-23456247935296","study_name":"peter_baudio_k5","directions":[2]}
{"op_code":4,"worker_id":"2c2e92e1-1878-4d6d-8f44-1541215e70c2-23456247935296","study_id":0,"datetime_start":"2026-07-24T12:18:26.672085"}
{"op_code":9,"worker_id":"2c2e92e1-1878-4d6d-8f44-1541215e70c2-23456247935296","trial_id":33,"system_attr":{"tpe:relative_params:0":"{\"lr\": 1.4290788499290499e-05, \"ratio\": 2.9222930464557044}"}}
{"op_code":5,"worker_id":"2c2e92e1-1878-4d6d-8f44-1541215e70c2-23456247935296","trial_id":33,"param_name":"lr","param_value_internal":1.4290788499290499e-05,"distribution":"{\"name\": \"FloatDistribution\", \"attributes\": {\"step\": null, \"low\": 1e-08, \"high\": 0.5, \"log\": true}}"}
{"op_code":5,"worker_id":"2c2e92e1-1878-4d6d-8f44-1541215e70c2-23456247935296","trial_id":33,"param_name":"ratio","param_value_internal":2.9222930464557044,"distribution":"{\"name\": \"FloatDistribution\", \"attributes\": {\"step\": null, \"low\": 0.1, \"high\": 100.0, \"log\": true}}"}
{"op_code":6,"worker_id":"2c2e92e1-1878-4d6d-8f44-1541215e70c2-23456247935296","trial_id":33,"state":1,"values":[-56.71807425630657],"datetime_complete":"2026-07-24T12:20:03.536700"}
{"op_code":0,"worker_id":"2132be32-4bd3-4530-9923-2a2b37fcae4a-23456247935296","study_name":"peter_baudio_k5","directions":[2]}
{"op_code":4,"worker_id":"2132be32-4bd3-4530-9923-2a2b37fcae4a-23456247935296","study_id":0,"datetime_start":"2026-07-24T12:22:36.097569"}
{"op_code":9,"worker_id":"2132be32-4bd3-4530-9923-2a2b37fcae4a-23456247935296","trial_id":34,"system_attr":{"tpe:relative_params:0":"{\"lr\": 0.0018517624584462502, \"ratio\": 17.062585993917867}"}}
{"op_code":5,"worker_id":"2132be32-4bd3-4530-9923-2a2b37fcae4a-23456247935296","trial_id":34,"param_name":"lr","param_value_internal":0.0018517624584462502,"distribution":"{\"name\": \"FloatDistribution\", \"attributes\": {\"step\": null, \"low\": 1e-08, \"high\": 0.5, \"log\": true}}"}
{"op_code":5,"worker_id":"2132be32-4bd3-4530-9923-2a2b37fcae4a-23456247935296","trial_id":34,"param_name":"ratio","param_value_internal":17.062585993917867,"distribution":"{\"name\": \"FloatDistribution\", \"attributes\": {\"step\": null, \"low\": 0.1, \"high\": 100.0, \"log\": true}}"}
{"op_code":6,"worker_id":"2132be32-4bd3-4530-9923-2a2b37fcae4a-23456247935296","trial_id":34,"state":1,"values":[-53.615033312193894],"datetime_complete":"2026-07-24T12:24:21.725516"}
{"op_code":0,"worker_id":"1abb0e15-abb8-4859-86c5-a80667b79784-23456247935296","study_name":"peter_baudio_k5","directions":[2]}
{"op_code":4,"worker_id":"1abb0e15-abb8-4859-86c5-a80667b79784-23456247935296","study_id":0,"datetime_start":"2026-07-24T12:28:25.778652"}
{"op_code":9,"worker_id":"1abb0e15-abb8-4859-86c5-a80667b79784-23456247935296","trial_id":35,"system_attr":{"tpe:relative_params:0":"{\"lr\": 0.0015403691218309214, \"ratio\": 18.862728014811058}"}}
{"op_code":5,"worker_id":"1abb0e15-abb8-4859-86c5-a80667b79784-23456247935296","trial_id":35,"param_name":"lr","param_value_internal":0.0015403691218309214,"distribution":"{\"name\": \"FloatDistribution\", \"attributes\": {\"step\": null, \"low\": 1e-08, \"high\": 0.5, \"log\": true}}"}
{"op_code":5,"worker_id":"1abb0e15-abb8-4859-86c5-a80667b79784-23456247935296","trial_id":35,"param_name":"ratio","param_value_internal":18.862728014811058,"distribution":"{\"name\": \"FloatDistribution\", \"attributes\": {\"step\": null, \"low\": 0.1, \"high\": 100.0, \"log\": true}}"}
{"op_code":6,"worker_id":"1abb0e15-abb8-4859-86c5-a80667b79784-23456247935296","trial_id":35,"state":1,"values":[-53.66305684713597],"datetime_complete":"2026-07-24T12:30:01.798349"}
{"op_code":0,"worker_id":"d8eb0cac-31e0-4043-8f41-f4ac0e8c68d3-23456247935296","study_name":"peter_baudio_k5","directions":[2]}
{"op_code":4,"worker_id":"d8eb0cac-31e0-4043-8f41-f4ac0e8c68d3-23456247935296","study_id":0,"datetime_start":"2026-07-24T12:33:07.957741"}
{"op_code":9,"worker_id":"d8eb0cac-31e0-4043-8f41-f4ac0e8c68d3-23456247935296","trial_id":36,"system_attr":{"tpe:relative_params:0":"{\"lr\": 0.006950069453695144, \"ratio\": 28.495084940860117}"}}
{"op_code":5,"worker_id":"d8eb0cac-31e0-4043-8f41-f4ac0e8c68d3-23456247935296","trial_id":36,"param_name":"lr","param_value_internal":0.006950069453695144,"distribution":"{\"name\": \"FloatDistribution\", \"attributes\": {\"step\": null, \"low\": 1e-08, \"high\": 0.5, \"log\": true}}"}
{"op_code":5,"worker_id":"d8eb0cac-31e0-4043-8f41-f4ac0e8c68d3-23456247935296","trial_id":36,"param_name":"ratio","param_value_internal":28.495084940860117,"distribution":"{\"name\": \"FloatDistribution\", \"attributes\": {\"step\": null, \"low\": 0.1, \"high\": 100.0, \"log\": true}}"}
{"op_code":6,"worker_id":"d8eb0cac-31e0-4043-8f41-f4ac0e8c68d3-23456247935296","trial_id":36,"state":1,"values":[-56.56213080429741],"datetime_complete":"2026-07-24T12:34:49.046476"}
{"op_code":0,"worker_id":"1d9bd10c-829f-48be-b86a-c32f2f96c9a0-23456247935296","study_name":"peter_baudio_k5","directions":[2]}
{"op_code":4,"worker_id":"1d9bd10c-829f-48be-b86a-c32f2f96c9a0-23456247935296","study_id":0,"datetime_start":"2026-07-24T12:37:14.524744"}
{"op_code":9,"worker_id":"1d9bd10c-829f-48be-b86a-c32f2f96c9a0-23456247935296","trial_id":37,"system_attr":{"tpe:relative_params:0":"{\"lr\": 0.0010247629827446578, \"ratio\": 20.78680272016496}"}}
{"op_code":5,"worker_id":"1d9bd10c-829f-48be-b86a-c32f2f96c9a0-23456247935296","trial_id":37,"param_name":"lr","param_value_internal":0.0010247629827446578,"distribution":"{\"name\": \"FloatDistribution\", \"attributes\": {\"step\": null, \"low\": 1e-08, \"high\": 0.5, \"log\": true}}"}
{"op_code":5,"worker_id":"1d9bd10c-829f-48be-b86a-c32f2f96c9a0-23456247935296","trial_id":37,"param_name":"ratio","param_value_internal":20.78680272016496,"distribution":"{\"name\": \"FloatDistribution\", \"attributes\": {\"step\": null, \"low\": 0.1, \"high\": 100.0, \"log\": true}}"}
{"op_code":6,"worker_id":"1d9bd10c-829f-48be-b86a-c32f2f96c9a0-23456247935296","trial_id":37,"state":1,"values":[-53.81614281142511],"datetime_complete":"2026-07-24T12:39:00.964801"}
{"op_code":0,"worker_id":"16b6a736-6bf2-420f-91fc-9917c6fd3954-23456247935296","study_name":"peter_baudio_k5","directions":[2]}
{"op_code":4,"worker_id":"16b6a736-6bf2-420f-91fc-9917c6fd3954-23456247935296","study_id":0,"datetime_start":"2026-07-24T12:42:13.581692"}
{"op_code":9,"worker_id":"16b6a736-6bf2-420f-91fc-9917c6fd3954-23456247935296","trial_id":38,"system_attr":{"tpe:relative_params:0":"{\"lr\": 0.0010270935453961642, \"ratio\": 12.618998360733633}"}}
{"op_code":5,"worker_id":"16b6a736-6bf2-420f-91fc-9917c6fd3954-23456247935296","trial_id":38,"param_name":"lr","param_value_internal":0.0010270935453961642,"distribution":"{\"name\": \"FloatDistribution\", \"attributes\": {\"step\": null, \"low\": 1e-08, \"high\": 0.5, \"log\": true}}"}
{"op_code":5,"worker_id":"16b6a736-6bf2-420f-91fc-9917c6fd3954-23456247935296","trial_id":38,"param_name":"ratio","param_value_internal":12.618998360733633,"distribution":"{\"name\": \"FloatDistribution\", \"attributes\": {\"step\": null, \"low\": 0.1, \"high\": 100.0, \"log\": true}}"}
{"op_code":6,"worker_id":"16b6a736-6bf2-420f-91fc-9917c6fd3954-23456247935296","trial_id":38,"state":1,"values":[-53.919602640378436],"datetime_complete":"2026-07-24T12:43:49.649652"}
{"op_code":0,"worker_id":"59519cf4-13ad-4ab9-960d-2b05ea3c1981-23456247935296","study_name":"peter_baudio_k5","directions":[2]}
{"op_code":4,"worker_id":"59519cf4-13ad-4ab9-960d-2b05ea3c1981-23456247935296","study_id":0,"datetime_start":"2026-07-24T12:47:09.715732"}
{"op_code":9,"worker_id":"59519cf4-13ad-4ab9-960d-2b05ea3c1981-23456247935296","trial_id":39,"system_attr":{"tpe:relative_params:0":"{\"lr\": 0.0019529206357295284, \"ratio\": 7.317145027886592}"}}
{"op_code":5,"worker_id":"59519cf4-13ad-4ab9-960d-2b05ea3c1981-23456247935296","trial_id":39,"param_name":"lr","param_value_internal":0.0019529206357295284,"distribution":"{\"name\": \"FloatDistribution\", \"attributes\": {\"step\": null, \"low\": 1e-08, \"high\": 0.5, \"log\": true}}"}
{"op_code":5,"worker_id":"59519cf4-13ad-4ab9-960d-2b05ea3c1981-23456247935296","trial_id":39,"param_name":"ratio","param_value_internal":7.317145027886592,"distribution":"{\"name\": \"FloatDistribution\", \"attributes\": {\"step\": null, \"low\": 0.1, \"high\": 100.0, \"log\": true}}"}
{"op_code":6,"worker_id":"59519cf4-13ad-4ab9-960d-2b05ea3c1981-23456247935296","trial_id":39,"state":1,"values":[-53.671745596015214],"datetime_complete":"2026-07-24T12:48:43.046118"}
{"op_code":0,"worker_id":"d2f4847e-004c-4f71-91b3-6cb9304d6a02-23456247935296","study_name":"peter_baudio_k5","directions":[2]}
{"op_code":4,"worker_id":"d2f4847e-004c-4f71-91b3-6cb9304d6a02-23456247935296","study_id":0,"datetime_start":"2026-07-24T12:51:58.911158"}
{"op_code":9,"worker_id":"d2f4847e-004c-4f71-91b3-6cb9304d6a02-23456247935296","trial_id":40,"system_attr":{"tpe:relative_params:0":"{\"lr\": 0.0006134776553093351, \"ratio\": 13.9344453812297}"}}
{"op_code":5,"worker_id":"d2f4847e-004c-4f71-91b3-6cb9304d6a02-23456247935296","trial_id":40,"param_name":"lr","param_value_internal":0.0006134776553093351,"distribution":"{\"name\": \"FloatDistribution\", \"attributes\": {\"step\": null, \"low\": 1e-08, \"high\": 0.5, \"log\": true}}"}
{"op_code":5,"worker_id":"d2f4847e-004c-4f71-91b3-6cb9304d6a02-23456247935296","trial_id":40,"param_name":"ratio","param_value_internal":13.9344453812297,"distribution":"{\"name\": \"FloatDistribution\", \"attributes\": {\"step\": null, \"low\": 0.1, \"high\": 100.0, \"log\": true}}"}
{"op_code":6,"worker_id":"d2f4847e-004c-4f71-91b3-6cb9304d6a02-23456247935296","trial_id":40,"state":1,"values":[-54.34249749441697],"datetime_complete":"2026-07-24T12:53:34.175209"}
{"op_code":0,"worker_id":"79426afa-73c8-4ace-9366-59447c05c53a-23456247935296","study_name":"peter_baudio_k5","directions":[2]}
{"op_code":4,"worker_id":"79426afa-73c8-4ace-9366-59447c05c53a-23456247935296","study_id":0,"datetime_start":"2026-07-24T12:56:31.723969"}
{"op_code":9,"worker_id":"79426afa-73c8-4ace-9366-59447c05c53a-23456247935296","trial_id":41,"system_attr":{"tpe:relative_params:0":"{\"lr\": 0.016856907871465255, \"ratio\": 13.249921033073175}"}}
{"op_code":5,"worker_id":"79426afa-73c8-4ace-9366-59447c05c53a-23456247935296","trial_id":41,"param_name":"lr","param_value_internal":0.016856907871465255,"distribution":"{\"name\": \"FloatDistribution\", \"attributes\": {\"step\": null, \"low\": 1e-08, \"high\": 0.5, \"log\": true}}"}
{"op_code":5,"worker_id":"79426afa-73c8-4ace-9366-59447c05c53a-23456247935296","trial_id":41,"param_name":"ratio","param_value_internal":13.249921033073175,"distribution":"{\"name\": \"FloatDistribution\", \"attributes\": {\"step\": null, \"low\": 0.1, \"high\": 100.0, \"log\": true}}"}
{"op_code":6,"worker_id":"79426afa-73c8-4ace-9366-59447c05c53a-23456247935296","trial_id":41,"state":1,"values":[-56.456378273896576],"datetime_complete":"2026-07-24T12:58:05.033567"}
{"op_code":0,"worker_id":"2d09d4e2-4bca-43ae-b291-7bca694d6a35-23456247935296","study_name":"peter_baudio_k5","directions":[2]}
{"op_code":4,"worker_id":"2d09d4e2-4bca-43ae-b291-7bca694d6a35-23456247935296","study_id":0,"datetime_start":"2026-07-24T13:00:27.753244"}
{"op_code":9,"worker_id":"2d09d4e2-4bca-43ae-b291-7bca694d6a35-23456247935296","trial_id":42,"system_attr":{"tpe:relative_params:0":"{\"lr\": 0.00036146297167037063, \"ratio\": 8.094395693722387}"}}
{"op_code":5,"worker_id":"2d09d4e2-4bca-43ae-b291-7bca694d6a35-23456247935296","trial_id":42,"param_name":"lr","param_value_internal":0.00036146297167037063,"distribution":"{\"name\": \"FloatDistribution\", \"attributes\": {\"step\": null, \"low\": 1e-08, \"high\": 0.5, \"log\": true}}"}
{"op_code":5,"worker_id":"2d09d4e2-4bca-43ae-b291-7bca694d6a35-23456247935296","trial_id":42,"param_name":"ratio","param_value_internal":8.094395693722387,"distribution":"{\"name\": \"FloatDistribution\", \"attributes\": {\"step\": null, \"low\": 0.1, \"high\": 100.0, \"log\": true}}"}
{"op_code":6,"worker_id":"2d09d4e2-4bca-43ae-b291-7bca694d6a35-23456247935296","trial_id":42,"state":1,"values":[-55.13115413278282],"datetime_complete":"2026-07-24T13:02:06.082115"}
{"op_code":0,"worker_id":"d5f09c07-ef08-43e6-832f-f436c271e54f-23456247935296","study_name":"peter_baudio_k5","directions":[2]}
{"op_code":4,"worker_id":"d5f09c07-ef08-43e6-832f-f436c271e54f-23456247935296","study_id":0,"datetime_start":"2026-07-24T13:04:41.999999"}
{"op_code":9,"worker_id":"d5f09c07-ef08-43e6-832f-f436c271e54f-23456247935296","trial_id":43,"system_attr":{"tpe:relative_params:0":"{\"lr\": 0.0023201012777515828, \"ratio\": 58.23163226141191}"}}
{"op_code":5,"worker_id":"d5f09c07-ef08-43e6-832f-f436c271e54f-23456247935296","trial_id":43,"param_name":"lr","param_value_internal":0.0023201012777515828,"distribution":"{\"name\": \"FloatDistribution\", \"attributes\": {\"step\": null, \"low\": 1e-08, \"high\": 0.5, \"log\": true}}"}
{"op_code":5,"worker_id":"d5f09c07-ef08-43e6-832f-f436c271e54f-23456247935296","trial_id":43,"param_name":"ratio","param_value_internal":58.23163226141191,"distribution":"{\"name\": \"FloatDistribution\", \"attributes\": {\"step\": null, \"low\": 0.1, \"high\": 100.0, \"log\": true}}"}
{"op_code":6,"worker_id":"d5f09c07-ef08-43e6-832f-f436c271e54f-23456247935296","trial_id":43,"state":1,"values":[-56.214682280275866],"datetime_complete":"2026-07-24T13:06:20.107330"}
{"op_code":0,"worker_id":"d1915448-4712-4a0f-9895-3aeb60872eca-23456247935296","study_name":"peter_baudio_k5","directions":[2]}
{"op_code":4,"worker_id":"d1915448-4712-4a0f-9895-3aeb60872eca-23456247935296","study_id":0,"datetime_start":"2026-07-24T13:09:25.166106"}
{"op_code":9,"worker_id":"d1915448-4712-4a0f-9895-3aeb60872eca-23456247935296","trial_id":44,"system_attr":{"tpe:relative_params:0":"{\"lr\": 0.026314614980805145, \"ratio\": 13.260044519126602}"}}
{"op_code":5,"worker_id":"d1915448-4712-4a0f-9895-3aeb60872eca-23456247935296","trial_id":44,"param_name":"lr","param_value_internal":0.026314614980805145,"distribution":"{\"name\": \"FloatDistribution\", \"attributes\": {\"step\": null, \"low\": 1e-08, \"high\": 0.5, \"log\": true}}"}
{"op_code":5,"worker_id":"d1915448-4712-4a0f-9895-3aeb60872eca-23456247935296","trial_id":44,"param_name":"ratio","param_value_internal":13.260044519126602,"distribution":"{\"name\": \"FloatDistribution\", \"attributes\": {\"step\": null, \"low\": 0.1, \"high\": 100.0, \"log\": true}}"}
{"op_code":6,"worker_id":"d1915448-4712-4a0f-9895-3aeb60872eca-23456247935296","trial_id":44,"state":1,"values":[-56.1566807009863],"datetime_complete":"2026-07-24T13:11:03.083825"}
{"op_code":0,"worker_id":"853898c6-b97e-4529-a70d-39d2b1e6f7b7-23456247935296","study_name":"peter_baudio_k5","directions":[2]}
{"op_code":4,"worker_id":"853898c6-b97e-4529-a70d-39d2b1e6f7b7-23456247935296","study_id":0,"datetime_start":"2026-07-24T13:14:07.778773"}
{"op_code":9,"worker_id":"853898c6-b97e-4529-a70d-39d2b1e6f7b7-23456247935296","trial_id":45,"system_attr":{"tpe:relative_params:0":"{\"lr\": 0.0008970704186662029, \"ratio\": 7.776594903505222}"}}
{"op_code":5,"worker_id":"853898c6-b97e-4529-a70d-39d2b1e6f7b7-23456247935296","trial_id":45,"param_name":"lr","param_value_internal":0.0008970704186662029,"distribution":"{\"name\": \"FloatDistribution\", \"attributes\": {\"step\": null, \"low\": 1e-08, \"high\": 0.5, \"log\": true}}"}
{"op_code":5,"worker_id":"853898c6-b97e-4529-a70d-39d2b1e6f7b7-23456247935296","trial_id":45,"param_name":"ratio","param_value_internal":7.776594903505222,"distribution":"{\"name\": \"FloatDistribution\", \"attributes\": {\"step\": null, \"low\": 0.1, \"high\": 100.0, \"log\": true}}"}
{"op_code":6,"worker_id":"853898c6-b97e-4529-a70d-39d2b1e6f7b7-23456247935296","trial_id":45,"state":1,"values":[-54.2086713638256],"datetime_complete":"2026-07-24T13:16:08.119603"}
{"op_code":0,"worker_id":"e9264c80-767e-4ce3-9448-dbad617c468e-23456247935296","study_name":"peter_baudio_k5","directions":[2]}
{"op_code":4,"worker_id":"e9264c80-767e-4ce3-9448-dbad617c468e-23456247935296","study_id":0,"datetime_start":"2026-07-24T13:18:23.012030"}
{"op_code":9,"worker_id":"e9264c80-767e-4ce3-9448-dbad617c468e-23456247935296","trial_id":46,"system_attr":{"tpe:relative_params:0":"{\"lr\": 0.0020096268949129394, \"ratio\": 4.21213730167633}"}}
{"op_code":5,"worker_id":"e9264c80-767e-4ce3-9448-dbad617c468e-23456247935296","trial_id":46,"param_name":"lr","param_value_internal":0.0020096268949129394,"distribution":"{\"name\": \"FloatDistribution\", \"attributes\": {\"step\": null, \"low\": 1e-08, \"high\": 0.5, \"log\": true}}"}
{"op_code":5,"worker_id":"e9264c80-767e-4ce3-9448-dbad617c468e-23456247935296","trial_id":46,"param_name":"ratio","param_value_internal":4.21213730167633,"distribution":"{\"name\": \"FloatDistribution\", \"attributes\": {\"step\": null, \"low\": 0.1, \"high\": 100.0, \"log\": true}}"}
{"op_code":6,"worker_id":"e9264c80-767e-4ce3-9448-dbad617c468e-23456247935296","trial_id":46,"state":1,"values":[-53.8467431741729],"datetime_complete":"2026-07-24T13:20:00.973417"}
{"op_code":0,"worker_id":"6a3b93cf-432f-4751-9de0-ebfe602e0ae0-23456247935296","study_name":"peter_baudio_k5","directions":[2]}
{"op_code":4,"worker_id":"6a3b93cf-432f-4751-9de0-ebfe602e0ae0-23456247935296","study_id":0,"datetime_start":"2026-07-24T13:21:24.779775"}
{"op_code":9,"worker_id":"6a3b93cf-432f-4751-9de0-ebfe602e0ae0-23456247935296","trial_id":47,"system_attr":{"tpe:relative_params:0":"{\"lr\": 0.14764649361106755, \"ratio\": 1.10295083952517}"}}
{"op_code":5,"worker_id":"6a3b93cf-432f-4751-9de0-ebfe602e0ae0-23456247935296","trial_id":47,"param_name":"lr","param_value_internal":0.14764649361106755,"distribution":"{\"name\": \"FloatDistribution\", \"attributes\": {\"step\": null, \"low\": 1e-08, \"high\": 0.5, \"log\": true}}"}
{"op_code":5,"worker_id":"6a3b93cf-432f-4751-9de0-ebfe602e0ae0-23456247935296","trial_id":47,"param_name":"ratio","param_value_internal":1.10295083952517,"distribution":"{\"name\": \"FloatDistribution\", \"attributes\": {\"step\": null, \"low\": 0.1, \"high\": 100.0, \"log\": true}}"}
{"op_code":6,"worker_id":"6a3b93cf-432f-4751-9de0-ebfe602e0ae0-23456247935296","trial_id":47,"state":1,"values":[-56.51787735870063],"datetime_complete":"2026-07-24T13:23:01.464972"}
{"op_code":0,"worker_id":"646905ee-a856-482f-89d3-0eac83856b2d-23456247935296","study_name":"peter_baudio_k5","directions":[2]}
{"op_code":4,"worker_id":"646905ee-a856-482f-89d3-0eac83856b2d-23456247935296","study_id":0,"datetime_start":"2026-07-24T13:24:05.996597"}
{"op_code":9,"worker_id":"646905ee-a856-482f-89d3-0eac83856b2d-23456247935296","trial_id":48,"system_attr":{"tpe:relative_params:0":"{\"lr\": 0.006329885653732608, \"ratio\": 6.804713502242019}"}}
{"op_code":5,"worker_id":"646905ee-a856-482f-89d3-0eac83856b2d-23456247935296","trial_id":48,"param_name":"lr","param_value_internal":0.006329885653732608,"distribution":"{\"name\": \"FloatDistribution\", \"attributes\": {\"step\": null, \"low\": 1e-08, \"high\": 0.5, \"log\": true}}"}
{"op_code":5,"worker_id":"646905ee-a856-482f-89d3-0eac83856b2d-23456247935296","trial_id":48,"param_name":"ratio","param_value_internal":6.804713502242019,"distribution":"{\"name\": \"FloatDistribution\", \"attributes\": {\"step\": null, \"low\": 0.1, \"high\": 100.0, \"log\": true}}"}
{"op_code":6,"worker_id":"646905ee-a856-482f-89d3-0eac83856b2d-23456247935296","trial_id":48,"state":1,"values":[-53.839654329225844],"datetime_complete":"2026-07-24T13:26:13.795818"}
{"op_code":0,"worker_id":"7d38c851-a466-4d63-adc1-518b5e7f8f7c-23456247935296","study_name":"peter_baudio_k5","directions":[2]}
{"op_code":4,"worker_id":"7d38c851-a466-4d63-adc1-518b5e7f8f7c-23456247935296","study_id":0,"datetime_start":"2026-07-24T13:27:07.516322"}
{"op_code":9,"worker_id":"7d38c851-a466-4d63-adc1-518b5e7f8f7c-23456247935296","trial_id":49,"system_attr":{"tpe:relative_params:0":"{\"lr\": 0.0013548564060516977, \"ratio\": 23.976775803964667}"}}
{"op_code":5,"worker_id":"7d38c851-a466-4d63-adc1-518b5e7f8f7c-23456247935296","trial_id":49,"param_name":"lr","param_value_internal":0.0013548564060516977,"distribution":"{\"name\": \"FloatDistribution\", \"attributes\": {\"step\": null, \"low\": 1e-08, \"high\": 0.5, \"log\": true}}"}
{"op_code":5,"worker_id":"7d38c851-a466-4d63-adc1-518b5e7f8f7c-23456247935296","trial_id":49,"param_name":"ratio","param_value_internal":23.976775803964667,"distribution":"{\"name\": \"FloatDistribution\", \"attributes\": {\"step\": null, \"low\": 0.1, \"high\": 100.0, \"log\": true}}"}
{"op_code":6,"worker_id":"7d38c851-a466-4d63-adc1-518b5e7f8f7c-23456247935296","trial_id":49,"state":1,"values":[-53.71138932147023],"datetime_complete":"2026-07-24T13:28:45.064691"}
{"op_code":0,"worker_id":"d7b22ddb-069c-4a80-8e2d-564d475631da-23456247935296","study_name":"peter_baudio_k5","directions":[2]}
{"op_code":4,"worker_id":"d7b22ddb-069c-4a80-8e2d-564d475631da-23456247935296","study_id":0,"datetime_start":"2026-07-24T13:31:05.476087"}
{"op_code":9,"worker_id":"d7b22ddb-069c-4a80-8e2d-564d475631da-23456247935296","trial_id":50,"system_attr":{"tpe:relative_params:0":"{\"lr\": 3.024912270868401e-05, \"ratio\": 30.115667514720467}"}}
{"op_code":5,"worker_id":"d7b22ddb-069c-4a80-8e2d-564d475631da-23456247935296","trial_id":50,"param_name":"lr","param_value_internal":3.024912270868401e-05,"distribution":"{\"name\": \"FloatDistribution\", \"attributes\": {\"step\": null, \"low\": 1e-08, \"high\": 0.5, \"log\": true}}"}
{"op_code":5,"worker_id":"d7b22ddb-069c-4a80-8e2d-564d475631da-23456247935296","trial_id":50,"param_name":"ratio","param_value_internal":30.115667514720467,"distribution":"{\"name\": \"FloatDistribution\", \"attributes\": {\"step\": null, \"low\": 0.1, \"high\": 100.0, \"log\": true}}"}
{"op_code":6,"worker_id":"d7b22ddb-069c-4a80-8e2d-564d475631da-23456247935296","trial_id":50,"state":1,"values":[-56.568633181897205],"datetime_complete":"2026-07-24T13:32:45.117545"}
{"op_code":0,"worker_id":"e61d35eb-a7f1-46cd-b39c-0f3ed7b545c5-23456247935296","study_name":"peter_baudio_k5","directions":[2]}
{"op_code":4,"worker_id":"e61d35eb-a7f1-46cd-b39c-0f3ed7b545c5-23456247935296","study_id":0,"datetime_start":"2026-07-24T13:34:39.256552"}
{"op_code":9,"worker_id":"e61d35eb-a7f1-46cd-b39c-0f3ed7b545c5-23456247935296","trial_id":51,"system_attr":{"tpe:relative_params:0":"{\"lr\": 0.007138912631778988, \"ratio\": 3.079936756784423}"}}
{"op_code":5,"worker_id":"e61d35eb-a7f1-46cd-b39c-0f3ed7b545c5-23456247935296","trial_id":51,"param_name":"lr","param_value_internal":0.007138912631778988,"distribution":"{\"name\": \"FloatDistribution\", \"attributes\": {\"step\": null, \"low\": 1e-08, \"high\": 0.5, \"log\": true}}"}
{"op_code":5,"worker_id":"e61d35eb-a7f1-46cd-b39c-0f3ed7b545c5-23456247935296","trial_id":51,"param_name":"ratio","param_value_internal":3.079936756784423,"distribution":"{\"name\": \"FloatDistribution\", \"attributes\": {\"step\": null, \"low\": 0.1, \"high\": 100.0, \"log\": true}}"}
{"op_code":6,"worker_id":"e61d35eb-a7f1-46cd-b39c-0f3ed7b545c5-23456247935296","trial_id":51,"state":1,"values":[-53.49911817458218],"datetime_complete":"2026-07-24T13:36:57.269901"}
{"op_code":0,"worker_id":"7d2f2d86-52f3-4833-af94-2826553bd7a9-23456247935296","study_name":"peter_baudio_k5","directions":[2]}
{"op_code":4,"worker_id":"7d2f2d86-52f3-4833-af94-2826553bd7a9-23456247935296","study_id":0,"datetime_start":"2026-07-24T13:37:12.898314"}
{"op_code":9,"worker_id":"7d2f2d86-52f3-4833-af94-2826553bd7a9-23456247935296","trial_id":52,"system_attr":{"tpe:relative_params:0":"{\"lr\": 0.017497458808124276, \"ratio\": 7.483376706774429}"}}
{"op_code":5,"worker_id":"7d2f2d86-52f3-4833-af94-2826553bd7a9-23456247935296","trial_id":52,"param_name":"lr","param_value_internal":0.017497458808124276,"distribution":"{\"name\": \"FloatDistribution\", \"attributes\": {\"step\": null, \"low\": 1e-08, \"high\": 0.5, \"log\": true}}"}
{"op_code":5,"worker_id":"7d2f2d86-52f3-4833-af94-2826553bd7a9-23456247935296","trial_id":52,"param_name":"ratio","param_value_internal":7.483376706774429,"distribution":"{\"name\": \"FloatDistribution\", \"attributes\": {\"step\": null, \"low\": 0.1, \"high\": 100.0, \"log\": true}}"}
{"op_code":6,"worker_id":"7d2f2d86-52f3-4833-af94-2826553bd7a9-23456247935296","trial_id":52,"state":1,"values":[-56.32086009884982],"datetime_complete":"2026-07-24T13:38:54.804430"}
{"op_code":0,"worker_id":"2348ecbb-92b6-49c7-b168-335894fb278d-23456247935296","study_name":"peter_baudio_k5","directions":[2]}
{"op_code":0,"worker_id":"495abffc-e353-48f2-b71b-e4d73a97d24a-23456247935296","study_name":"peter_baudio_k5","directions":[2]}
