{"op_code":0,"worker_id":"4204295c-afa7-49e8-8dc2-a1bdcf432c0a-20268","study_name":"peter_mushrooms_k1","directions":[2]}
{"op_code":0,"worker_id":"bf14676b-982f-4fa4-9018-0aa9c5f984e9-31232","study_name":"peter_mushrooms_k1","directions":[2]}
{"op_code":4,"worker_id":"bf14676b-982f-4fa4-9018-0aa9c5f984e9-31232","study_id":0,"datetime_start":"2026-07-24T09:08:02.158106"}
{"op_code":5,"worker_id":"bf14676b-982f-4fa4-9018-0aa9c5f984e9-31232","trial_id":0,"param_name":"lr","param_value_internal":4.110324140102454e-08,"distribution":"{\"name\": \"FloatDistribution\", \"attributes\": {\"step\": null, \"low\": 1e-08, \"high\": 0.5, \"log\": true}}"}
{"op_code":5,"worker_id":"bf14676b-982f-4fa4-9018-0aa9c5f984e9-31232","trial_id":0,"param_name":"ratio","param_value_internal":26.65425866996777,"distribution":"{\"name\": \"FloatDistribution\", \"attributes\": {\"step\": null, \"low\": 0.1, \"high\": 100.0, \"log\": true}}"}
{"op_code":6,"worker_id":"bf14676b-982f-4fa4-9018-0aa9c5f984e9-31232","trial_id":0,"state":1,"values":[-25.892955477234086],"datetime_complete":"2026-07-24T09:10:11.587962"}
{"op_code":0,"worker_id":"b55571f8-012d-4533-a94d-3a6f4bcb5547-26788","study_name":"peter_mushrooms_k1","directions":[2]}
{"op_code":4,"worker_id":"b55571f8-012d-4533-a94d-3a6f4bcb5547-26788","study_id":0,"datetime_start":"2026-07-24T09:13:00.856796"}
{"op_code":5,"worker_id":"b55571f8-012d-4533-a94d-3a6f4bcb5547-26788","trial_id":1,"param_name":"lr","param_value_internal":0.23929229708632688,"distribution":"{\"name\": \"FloatDistribution\", \"attributes\": {\"step\": null, \"low\": 1e-08, \"high\": 0.5, \"log\": true}}"}
{"op_code":5,"worker_id":"b55571f8-012d-4533-a94d-3a6f4bcb5547-26788","trial_id":1,"param_name":"ratio","param_value_internal":81.97506634142968,"distribution":"{\"name\": \"FloatDistribution\", \"attributes\": {\"step\": null, \"low\": 0.1, \"high\": 100.0, \"log\": true}}"}
{"op_code":0,"worker_id":"7cf7bd98-1840-43fd-8b86-b678961a5f1d-34224","study_name":"peter_mushrooms_k1","directions":[2]}
{"op_code":4,"worker_id":"7cf7bd98-1840-43fd-8b86-b678961a5f1d-34224","study_id":0,"datetime_start":"2026-07-24T09:13:02.087193"}
{"op_code":5,"worker_id":"7cf7bd98-1840-43fd-8b86-b678961a5f1d-34224","trial_id":2,"param_name":"lr","param_value_internal":2.22990677470346e-08,"distribution":"{\"name\": \"FloatDistribution\", \"attributes\": {\"step\": null, \"low\": 1e-08, \"high\": 0.5, \"log\": true}}"}
{"op_code":5,"worker_id":"7cf7bd98-1840-43fd-8b86-b678961a5f1d-34224","trial_id":2,"param_name":"ratio","param_value_internal":26.28626659643342,"distribution":"{\"name\": \"FloatDistribution\", \"attributes\": {\"step\": null, \"low\": 0.1, \"high\": 100.0, \"log\": true}}"}
{"op_code":0,"worker_id":"40dd0de4-2c4b-4936-b8b9-35fa4acf7c16-23456247935296","study_name":"peter_mushrooms_k1","directions":[2]}
{"op_code":0,"worker_id":"67f1e455-48a0-49f7-abc9-c3bf1c8d0680-23456247935296","study_name":"peter_mushrooms_k1","directions":[2]}
{"op_code":4,"worker_id":"67f1e455-48a0-49f7-abc9-c3bf1c8d0680-23456247935296","study_id":0,"datetime_start":"2026-07-24T10:21:56.628622"}
{"op_code":5,"worker_id":"67f1e455-48a0-49f7-abc9-c3bf1c8d0680-23456247935296","trial_id":3,"param_name":"lr","param_value_internal":2.233194177873741e-06,"distribution":"{\"name\": \"FloatDistribution\", \"attributes\": {\"step\": null, \"low\": 1e-08, \"high\": 0.5, \"log\": true}}"}
{"op_code":5,"worker_id":"67f1e455-48a0-49f7-abc9-c3bf1c8d0680-23456247935296","trial_id":3,"param_name":"ratio","param_value_internal":0.18549440081041427,"distribution":"{\"name\": \"FloatDistribution\", \"attributes\": {\"step\": null, \"low\": 0.1, \"high\": 100.0, \"log\": true}}"}
{"op_code":0,"worker_id":"a82a42e7-9415-44d7-b3cc-d6e2fd3c137e-23456247935296","study_name":"peter_mushrooms_k1","directions":[2]}
{"op_code":4,"worker_id":"a82a42e7-9415-44d7-b3cc-d6e2fd3c137e-23456247935296","study_id":0,"datetime_start":"2026-07-24T10:22:02.070197"}
{"op_code":5,"worker_id":"a82a42e7-9415-44d7-b3cc-d6e2fd3c137e-23456247935296","trial_id":4,"param_name":"lr","param_value_internal":0.02877484167575625,"distribution":"{\"name\": \"FloatDistribution\", \"attributes\": {\"step\": null, \"low\": 1e-08, \"high\": 0.5, \"log\": true}}"}
{"op_code":5,"worker_id":"a82a42e7-9415-44d7-b3cc-d6e2fd3c137e-23456247935296","trial_id":4,"param_name":"ratio","param_value_internal":0.7544516348258772,"distribution":"{\"name\": \"FloatDistribution\", \"attributes\": {\"step\": null, \"low\": 0.1, \"high\": 100.0, \"log\": true}}"}
{"op_code":6,"worker_id":"a82a42e7-9415-44d7-b3cc-d6e2fd3c137e-23456247935296","trial_id":4,"state":3,"values":null,"datetime_complete":"2026-07-24T10:22:09.575653"}
{"op_code":6,"worker_id":"67f1e455-48a0-49f7-abc9-c3bf1c8d0680-23456247935296","trial_id":3,"state":1,"values":[-25.692988772208714],"datetime_complete":"2026-07-24T10:24:27.648804"}
{"op_code":0,"worker_id":"0614b9b9-9b0f-4b8b-ab32-d76556449564-23456247935296","study_name":"peter_mushrooms_k1","directions":[2]}
{"op_code":4,"worker_id":"0614b9b9-9b0f-4b8b-ab32-d76556449564-23456247935296","study_id":0,"datetime_start":"2026-07-24T10:25:05.479814"}
{"op_code":5,"worker_id":"0614b9b9-9b0f-4b8b-ab32-d76556449564-23456247935296","trial_id":5,"param_name":"lr","param_value_internal":1.5004573851209065e-08,"distribution":"{\"name\": \"FloatDistribution\", \"attributes\": {\"step\": null, \"low\": 1e-08, \"high\": 0.5, \"log\": true}}"}
{"op_code":5,"worker_id":"0614b9b9-9b0f-4b8b-ab32-d76556449564-23456247935296","trial_id":5,"param_name":"ratio","param_value_internal":64.17926324096211,"distribution":"{\"name\": \"FloatDistribution\", \"attributes\": {\"step\": null, \"low\": 0.1, \"high\": 100.0, \"log\": true}}"}
{"op_code":6,"worker_id":"0614b9b9-9b0f-4b8b-ab32-d76556449564-23456247935296","trial_id":5,"state":1,"values":[-25.898772834920326],"datetime_complete":"2026-07-24T10:27:34.094726"}
{"op_code":0,"worker_id":"bcd2b11b-8b8a-4654-ae83-d364af9936d2-23456247935296","study_name":"peter_mushrooms_k1","directions":[2]}
{"op_code":4,"worker_id":"bcd2b11b-8b8a-4654-ae83-d364af9936d2-23456247935296","study_id":0,"datetime_start":"2026-07-24T10:28:28.036950"}
{"op_code":5,"worker_id":"bcd2b11b-8b8a-4654-ae83-d364af9936d2-23456247935296","trial_id":6,"param_name":"lr","param_value_internal":0.005883096972330931,"distribution":"{\"name\": \"FloatDistribution\", \"attributes\": {\"step\": null, \"low\": 1e-08, \"high\": 0.5, \"log\": true}}"}
{"op_code":5,"worker_id":"bcd2b11b-8b8a-4654-ae83-d364af9936d2-23456247935296","trial_id":6,"param_name":"ratio","param_value_internal":7.061971485057322,"distribution":"{\"name\": \"FloatDistribution\", \"attributes\": {\"step\": null, \"low\": 0.1, \"high\": 100.0, \"log\": true}}"}
{"op_code":6,"worker_id":"bcd2b11b-8b8a-4654-ae83-d364af9936d2-23456247935296","trial_id":6,"state":3,"values":null,"datetime_complete":"2026-07-24T10:28:37.853006"}
{"op_code":0,"worker_id":"653cd3cb-76e9-4fff-8ea2-bd17ad87934b-23456247935296","study_name":"peter_mushrooms_k1","directions":[2]}
{"op_code":4,"worker_id":"653cd3cb-76e9-4fff-8ea2-bd17ad87934b-23456247935296","study_id":0,"datetime_start":"2026-07-24T10:32:02.602592"}
{"op_code":5,"worker_id":"653cd3cb-76e9-4fff-8ea2-bd17ad87934b-23456247935296","trial_id":7,"param_name":"lr","param_value_internal":2.3136650536749386e-07,"distribution":"{\"name\": \"FloatDistribution\", \"attributes\": {\"step\": null, \"low\": 1e-08, \"high\": 0.5, \"log\": true}}"}
{"op_code":5,"worker_id":"653cd3cb-76e9-4fff-8ea2-bd17ad87934b-23456247935296","trial_id":7,"param_name":"ratio","param_value_internal":0.3580363756721417,"distribution":"{\"name\": \"FloatDistribution\", \"attributes\": {\"step\": null, \"low\": 0.1, \"high\": 100.0, \"log\": true}}"}
{"op_code":6,"worker_id":"653cd3cb-76e9-4fff-8ea2-bd17ad87934b-23456247935296","trial_id":7,"state":1,"values":[-25.863750561126857],"datetime_complete":"2026-07-24T10:34:12.425529"}
{"op_code":0,"worker_id":"7d4250a0-1220-4693-8065-a1996074b680-23456247935296","study_name":"peter_mushrooms_k1","directions":[2]}
{"op_code":4,"worker_id":"7d4250a0-1220-4693-8065-a1996074b680-23456247935296","study_id":0,"datetime_start":"2026-07-24T10:35:38.393095"}
{"op_code":5,"worker_id":"7d4250a0-1220-4693-8065-a1996074b680-23456247935296","trial_id":8,"param_name":"lr","param_value_internal":0.041010207970128304,"distribution":"{\"name\": \"FloatDistribution\", \"attributes\": {\"step\": null, \"low\": 1e-08, \"high\": 0.5, \"log\": true}}"}
{"op_code":5,"worker_id":"7d4250a0-1220-4693-8065-a1996074b680-23456247935296","trial_id":8,"param_name":"ratio","param_value_internal":0.30874007926567776,"distribution":"{\"name\": \"FloatDistribution\", \"attributes\": {\"step\": null, \"low\": 0.1, \"high\": 100.0, \"log\": true}}"}
{"op_code":6,"worker_id":"7d4250a0-1220-4693-8065-a1996074b680-23456247935296","trial_id":8,"state":3,"values":null,"datetime_complete":"2026-07-24T10:35:45.952766"}
{"op_code":0,"worker_id":"0d5fac3a-f13a-43b6-aed2-704646014d8b-23456247935296","study_name":"peter_mushrooms_k1","directions":[2]}
{"op_code":4,"worker_id":"0d5fac3a-f13a-43b6-aed2-704646014d8b-23456247935296","study_id":0,"datetime_start":"2026-07-24T10:39:01.935462"}
{"op_code":5,"worker_id":"0d5fac3a-f13a-43b6-aed2-704646014d8b-23456247935296","trial_id":9,"param_name":"lr","param_value_internal":6.942993073929955e-08,"distribution":"{\"name\": \"FloatDistribution\", \"attributes\": {\"step\": null, \"low\": 1e-08, \"high\": 0.5, \"log\": true}}"}
{"op_code":5,"worker_id":"0d5fac3a-f13a-43b6-aed2-704646014d8b-23456247935296","trial_id":9,"param_name":"ratio","param_value_internal":4.598775513115886,"distribution":"{\"name\": \"FloatDistribution\", \"attributes\": {\"step\": null, \"low\": 0.1, \"high\": 100.0, \"log\": true}}"}
{"op_code":6,"worker_id":"0d5fac3a-f13a-43b6-aed2-704646014d8b-23456247935296","trial_id":9,"state":1,"values":[-25.88869258465058],"datetime_complete":"2026-07-24T10:41:39.489825"}
{"op_code":0,"worker_id":"24576119-616e-46fc-90cb-cbe6aec3f577-23456247935296","study_name":"peter_mushrooms_k1","directions":[2]}
{"op_code":4,"worker_id":"24576119-616e-46fc-90cb-cbe6aec3f577-23456247935296","study_id":0,"datetime_start":"2026-07-24T10:43:16.763562"}
{"op_code":5,"worker_id":"24576119-616e-46fc-90cb-cbe6aec3f577-23456247935296","trial_id":10,"param_name":"lr","param_value_internal":0.01187664074435561,"distribution":"{\"name\": \"FloatDistribution\", \"attributes\": {\"step\": null, \"low\": 1e-08, \"high\": 0.5, \"log\": true}}"}
{"op_code":5,"worker_id":"24576119-616e-46fc-90cb-cbe6aec3f577-23456247935296","trial_id":10,"param_name":"ratio","param_value_internal":11.612122966305376,"distribution":"{\"name\": \"FloatDistribution\", \"attributes\": {\"step\": null, \"low\": 0.1, \"high\": 100.0, \"log\": true}}"}
{"op_code":6,"worker_id":"24576119-616e-46fc-90cb-cbe6aec3f577-23456247935296","trial_id":10,"state":3,"values":null,"datetime_complete":"2026-07-24T10:43:25.679665"}
{"op_code":0,"worker_id":"44fe2ca7-f399-41e6-a195-d8aefe4acdf2-23456247935296","study_name":"peter_mushrooms_k1","directions":[2]}
{"op_code":4,"worker_id":"44fe2ca7-f399-41e6-a195-d8aefe4acdf2-23456247935296","study_id":0,"datetime_start":"2026-07-24T10:47:43.658138"}
{"op_code":5,"worker_id":"44fe2ca7-f399-41e6-a195-d8aefe4acdf2-23456247935296","trial_id":11,"param_name":"lr","param_value_internal":0.00011692077231607634,"distribution":"{\"name\": \"FloatDistribution\", \"attributes\": {\"step\": null, \"low\": 1e-08, \"high\": 0.5, \"log\": true}}"}
{"op_code":5,"worker_id":"44fe2ca7-f399-41e6-a195-d8aefe4acdf2-23456247935296","trial_id":11,"param_name":"ratio","param_value_internal":4.74374127057111,"distribution":"{\"name\": \"FloatDistribution\", \"attributes\": {\"step\": null, \"low\": 0.1, \"high\": 100.0, \"log\": true}}"}
{"op_code":6,"worker_id":"44fe2ca7-f399-41e6-a195-d8aefe4acdf2-23456247935296","trial_id":11,"state":1,"values":[-27.640835507178412],"datetime_complete":"2026-07-24T10:50:16.121319"}
{"op_code":0,"worker_id":"586f9816-c36d-466a-a2b2-05994d0d91bc-23456247935296","study_name":"peter_mushrooms_k1","directions":[2]}
{"op_code":4,"worker_id":"586f9816-c36d-466a-a2b2-05994d0d91bc-23456247935296","study_id":0,"datetime_start":"2026-07-24T10:52:05.876182"}
{"op_code":5,"worker_id":"586f9816-c36d-466a-a2b2-05994d0d91bc-23456247935296","trial_id":12,"param_name":"lr","param_value_internal":0.003302756374357551,"distribution":"{\"name\": \"FloatDistribution\", \"attributes\": {\"step\": null, \"low\": 1e-08, \"high\": 0.5, \"log\": true}}"}
{"op_code":5,"worker_id":"586f9816-c36d-466a-a2b2-05994d0d91bc-23456247935296","trial_id":12,"param_name":"ratio","param_value_internal":28.061719974872776,"distribution":"{\"name\": \"FloatDistribution\", \"attributes\": {\"step\": null, \"low\": 0.1, \"high\": 100.0, \"log\": true}}"}
{"op_code":6,"worker_id":"586f9816-c36d-466a-a2b2-05994d0d91bc-23456247935296","trial_id":12,"state":3,"values":null,"datetime_complete":"2026-07-24T10:52:16.188241"}
{"op_code":0,"worker_id":"1c38b594-9c3f-4262-8053-c5085998c6a4-23456247935296","study_name":"peter_mushrooms_k1","directions":[2]}
{"op_code":4,"worker_id":"1c38b594-9c3f-4262-8053-c5085998c6a4-23456247935296","study_id":0,"datetime_start":"2026-07-24T10:56:04.480801"}
{"op_code":5,"worker_id":"1c38b594-9c3f-4262-8053-c5085998c6a4-23456247935296","trial_id":13,"param_name":"lr","param_value_internal":0.0010027708066481557,"distribution":"{\"name\": \"FloatDistribution\", \"attributes\": {\"step\": null, \"low\": 1e-08, \"high\": 0.5, \"log\": true}}"}
{"op_code":5,"worker_id":"1c38b594-9c3f-4262-8053-c5085998c6a4-23456247935296","trial_id":13,"param_name":"ratio","param_value_internal":0.19550493282497963,"distribution":"{\"name\": \"FloatDistribution\", \"attributes\": {\"step\": null, \"low\": 0.1, \"high\": 100.0, \"log\": true}}"}
{"op_code":6,"worker_id":"1c38b594-9c3f-4262-8053-c5085998c6a4-23456247935296","trial_id":13,"state":3,"values":null,"datetime_complete":"2026-07-24T10:56:16.425831"}
{"op_code":0,"worker_id":"bfa9ca29-a673-453d-bd8d-ef7c18da9a11-23456247935296","study_name":"peter_mushrooms_k1","directions":[2]}
{"op_code":4,"worker_id":"bfa9ca29-a673-453d-bd8d-ef7c18da9a11-23456247935296","study_id":0,"datetime_start":"2026-07-24T11:01:04.621753"}
{"op_code":5,"worker_id":"bfa9ca29-a673-453d-bd8d-ef7c18da9a11-23456247935296","trial_id":14,"param_name":"lr","param_value_internal":5.3138145532449595e-05,"distribution":"{\"name\": \"FloatDistribution\", \"attributes\": {\"step\": null, \"low\": 1e-08, \"high\": 0.5, \"log\": true}}"}
{"op_code":5,"worker_id":"bfa9ca29-a673-453d-bd8d-ef7c18da9a11-23456247935296","trial_id":14,"param_name":"ratio","param_value_internal":7.411840086879806,"distribution":"{\"name\": \"FloatDistribution\", \"attributes\": {\"step\": null, \"low\": 0.1, \"high\": 100.0, \"log\": true}}"}
{"op_code":6,"worker_id":"bfa9ca29-a673-453d-bd8d-ef7c18da9a11-23456247935296","trial_id":14,"state":1,"values":[-25.13129004714258],"datetime_complete":"2026-07-24T11:03:50.839076"}
{"op_code":0,"worker_id":"d599500e-ad34-4acf-9f78-b411ee68bd4a-23456247935296","study_name":"peter_mushrooms_k1","directions":[2]}
{"op_code":4,"worker_id":"d599500e-ad34-4acf-9f78-b411ee68bd4a-23456247935296","study_id":0,"datetime_start":"2026-07-24T11:06:07.937188"}
{"op_code":5,"worker_id":"d599500e-ad34-4acf-9f78-b411ee68bd4a-23456247935296","trial_id":15,"param_name":"lr","param_value_internal":0.0034283613424015936,"distribution":"{\"name\": \"FloatDistribution\", \"attributes\": {\"step\": null, \"low\": 1e-08, \"high\": 0.5, \"log\": true}}"}
{"op_code":5,"worker_id":"d599500e-ad34-4acf-9f78-b411ee68bd4a-23456247935296","trial_id":15,"param_name":"ratio","param_value_internal":0.21508611097965177,"distribution":"{\"name\": \"FloatDistribution\", \"attributes\": {\"step\": null, \"low\": 0.1, \"high\": 100.0, \"log\": true}}"}
{"op_code":6,"worker_id":"d599500e-ad34-4acf-9f78-b411ee68bd4a-23456247935296","trial_id":15,"state":3,"values":null,"datetime_complete":"2026-07-24T11:06:20.827183"}
{"op_code":0,"worker_id":"28326901-79c9-446b-8507-9c2bfbf7ee58-23456247935296","study_name":"peter_mushrooms_k1","directions":[2]}
{"op_code":4,"worker_id":"28326901-79c9-446b-8507-9c2bfbf7ee58-23456247935296","study_id":0,"datetime_start":"2026-07-24T11:10:45.666696"}
{"op_code":5,"worker_id":"28326901-79c9-446b-8507-9c2bfbf7ee58-23456247935296","trial_id":16,"param_name":"lr","param_value_internal":0.07410192089475949,"distribution":"{\"name\": \"FloatDistribution\", \"attributes\": {\"step\": null, \"low\": 1e-08, \"high\": 0.5, \"log\": true}}"}
{"op_code":5,"worker_id":"28326901-79c9-446b-8507-9c2bfbf7ee58-23456247935296","trial_id":16,"param_name":"ratio","param_value_internal":0.10844295328934617,"distribution":"{\"name\": \"FloatDistribution\", \"attributes\": {\"step\": null, \"low\": 0.1, \"high\": 100.0, \"log\": true}}"}
{"op_code":6,"worker_id":"28326901-79c9-446b-8507-9c2bfbf7ee58-23456247935296","trial_id":16,"state":3,"values":null,"datetime_complete":"2026-07-24T11:10:55.198141"}
{"op_code":0,"worker_id":"f2304463-5efc-44cf-abcd-219ad81d3fbb-23456247935296","study_name":"peter_mushrooms_k1","directions":[2]}
{"op_code":4,"worker_id":"f2304463-5efc-44cf-abcd-219ad81d3fbb-23456247935296","study_id":0,"datetime_start":"2026-07-24T11:14:41.967964"}
{"op_code":5,"worker_id":"f2304463-5efc-44cf-abcd-219ad81d3fbb-23456247935296","trial_id":17,"param_name":"lr","param_value_internal":0.08101095133600716,"distribution":"{\"name\": \"FloatDistribution\", \"attributes\": {\"step\": null, \"low\": 1e-08, \"high\": 0.5, \"log\": true}}"}
{"op_code":5,"worker_id":"f2304463-5efc-44cf-abcd-219ad81d3fbb-23456247935296","trial_id":17,"param_name":"ratio","param_value_internal":0.3027684198155382,"distribution":"{\"name\": \"FloatDistribution\", \"attributes\": {\"step\": null, \"low\": 0.1, \"high\": 100.0, \"log\": true}}"}
{"op_code":6,"worker_id":"f2304463-5efc-44cf-abcd-219ad81d3fbb-23456247935296","trial_id":17,"state":3,"values":null,"datetime_complete":"2026-07-24T11:14:51.895618"}
{"op_code":0,"worker_id":"fec366c2-dc49-4d3a-abb8-3c4a0d548250-23456247935296","study_name":"peter_mushrooms_k1","directions":[2]}
{"op_code":4,"worker_id":"fec366c2-dc49-4d3a-abb8-3c4a0d548250-23456247935296","study_id":0,"datetime_start":"2026-07-24T11:19:21.181594"}
{"op_code":5,"worker_id":"fec366c2-dc49-4d3a-abb8-3c4a0d548250-23456247935296","trial_id":18,"param_name":"lr","param_value_internal":3.4136777596986943e-08,"distribution":"{\"name\": \"FloatDistribution\", \"attributes\": {\"step\": null, \"low\": 1e-08, \"high\": 0.5, \"log\": true}}"}
{"op_code":5,"worker_id":"fec366c2-dc49-4d3a-abb8-3c4a0d548250-23456247935296","trial_id":18,"param_name":"ratio","param_value_internal":80.30544303535524,"distribution":"{\"name\": \"FloatDistribution\", \"attributes\": {\"step\": null, \"low\": 0.1, \"high\": 100.0, \"log\": true}}"}
{"op_code":6,"worker_id":"fec366c2-dc49-4d3a-abb8-3c4a0d548250-23456247935296","trial_id":18,"state":1,"values":[-25.890935240527277],"datetime_complete":"2026-07-24T11:21:31.201519"}
{"op_code":0,"worker_id":"edfa63b2-2ab8-4413-a9d5-7438902bb478-23456247935296","study_name":"peter_mushrooms_k1","directions":[2]}
{"op_code":4,"worker_id":"edfa63b2-2ab8-4413-a9d5-7438902bb478-23456247935296","study_id":0,"datetime_start":"2026-07-24T11:23:25.785932"}
{"op_code":5,"worker_id":"edfa63b2-2ab8-4413-a9d5-7438902bb478-23456247935296","trial_id":19,"param_name":"lr","param_value_internal":1.1468499858745573e-07,"distribution":"{\"name\": \"FloatDistribution\", \"attributes\": {\"step\": null, \"low\": 1e-08, \"high\": 0.5, \"log\": true}}"}
{"op_code":5,"worker_id":"edfa63b2-2ab8-4413-a9d5-7438902bb478-23456247935296","trial_id":19,"param_name":"ratio","param_value_internal":70.92209369096791,"distribution":"{\"name\": \"FloatDistribution\", \"attributes\": {\"step\": null, \"low\": 0.1, \"high\": 100.0, \"log\": true}}"}
{"op_code":6,"worker_id":"edfa63b2-2ab8-4413-a9d5-7438902bb478-23456247935296","trial_id":19,"state":1,"values":[-25.835410222489617],"datetime_complete":"2026-07-24T11:26:00.964832"}
{"op_code":0,"worker_id":"3ae50fc9-9156-4cef-89f6-a707f031fca7-23456247935296","study_name":"peter_mushrooms_k1","directions":[2]}
{"op_code":4,"worker_id":"3ae50fc9-9156-4cef-89f6-a707f031fca7-23456247935296","study_id":0,"datetime_start":"2026-07-24T11:27:05.059830"}
{"op_code":5,"worker_id":"3ae50fc9-9156-4cef-89f6-a707f031fca7-23456247935296","trial_id":20,"param_name":"lr","param_value_internal":0.0051773812326448695,"distribution":"{\"name\": \"FloatDistribution\", \"attributes\": {\"step\": null, \"low\": 1e-08, \"high\": 0.5, \"log\": true}}"}
{"op_code":5,"worker_id":"3ae50fc9-9156-4cef-89f6-a707f031fca7-23456247935296","trial_id":20,"param_name":"ratio","param_value_internal":18.982154727805554,"distribution":"{\"name\": \"FloatDistribution\", \"attributes\": {\"step\": null, \"low\": 0.1, \"high\": 100.0, \"log\": true}}"}
{"op_code":6,"worker_id":"3ae50fc9-9156-4cef-89f6-a707f031fca7-23456247935296","trial_id":20,"state":3,"values":null,"datetime_complete":"2026-07-24T11:27:14.227039"}
{"op_code":0,"worker_id":"238621a1-c3b8-4aa9-b4a2-9102812c3c69-23456247935296","study_name":"peter_mushrooms_k1","directions":[2]}
{"op_code":4,"worker_id":"238621a1-c3b8-4aa9-b4a2-9102812c3c69-23456247935296","study_id":0,"datetime_start":"2026-07-24T11:31:19.903231"}
{"op_code":5,"worker_id":"238621a1-c3b8-4aa9-b4a2-9102812c3c69-23456247935296","trial_id":21,"param_name":"lr","param_value_internal":4.324689857999592e-06,"distribution":"{\"name\": \"FloatDistribution\", \"attributes\": {\"step\": null, \"low\": 1e-08, \"high\": 0.5, \"log\": true}}"}
{"op_code":5,"worker_id":"238621a1-c3b8-4aa9-b4a2-9102812c3c69-23456247935296","trial_id":21,"param_name":"ratio","param_value_internal":0.606525514686052,"distribution":"{\"name\": \"FloatDistribution\", \"attributes\": {\"step\": null, \"low\": 0.1, \"high\": 100.0, \"log\": true}}"}
{"op_code":6,"worker_id":"238621a1-c3b8-4aa9-b4a2-9102812c3c69-23456247935296","trial_id":21,"state":1,"values":[-25.551750457987193],"datetime_complete":"2026-07-24T11:33:30.966021"}
{"op_code":0,"worker_id":"ad77b827-6c16-427a-8868-2e3f1ae7c9c1-23456247935296","study_name":"peter_mushrooms_k1","directions":[2]}
{"op_code":4,"worker_id":"ad77b827-6c16-427a-8868-2e3f1ae7c9c1-23456247935296","study_id":0,"datetime_start":"2026-07-24T11:36:49.521302"}
{"op_code":9,"worker_id":"ad77b827-6c16-427a-8868-2e3f1ae7c9c1-23456247935296","trial_id":22,"system_attr":{"tpe:relative_params:0":"{\"lr\": 0.023623296023156392, \"ratio\": 1.181501917446505}"}}
{"op_code":5,"worker_id":"ad77b827-6c16-427a-8868-2e3f1ae7c9c1-23456247935296","trial_id":22,"param_name":"lr","param_value_internal":0.023623296023156392,"distribution":"{\"name\": \"FloatDistribution\", \"attributes\": {\"step\": null, \"low\": 1e-08, \"high\": 0.5, \"log\": true}}"}
{"op_code":5,"worker_id":"ad77b827-6c16-427a-8868-2e3f1ae7c9c1-23456247935296","trial_id":22,"param_name":"ratio","param_value_internal":1.181501917446505,"distribution":"{\"name\": \"FloatDistribution\", \"attributes\": {\"step\": null, \"low\": 0.1, \"high\": 100.0, \"log\": true}}"}
{"op_code":6,"worker_id":"ad77b827-6c16-427a-8868-2e3f1ae7c9c1-23456247935296","trial_id":22,"state":3,"values":null,"datetime_complete":"2026-07-24T11:36:58.590911"}
{"op_code":0,"worker_id":"e4a229a7-c2f2-406c-995f-d6981a818bd1-23456247935296","study_name":"peter_mushrooms_k1","directions":[2]}
{"op_code":4,"worker_id":"e4a229a7-c2f2-406c-995f-d6981a818bd1-23456247935296","study_id":0,"datetime_start":"2026-07-24T11:40:34.170388"}
{"op_code":9,"worker_id":"e4a229a7-c2f2-406c-995f-d6981a818bd1-23456247935296","trial_id":23,"system_attr":{"tpe:relative_params:0":"{\"lr\": 0.0502133881804387, \"ratio\": 4.212043430176204}"}}
{"op_code":5,"worker_id":"e4a229a7-c2f2-406c-995f-d6981a818bd1-23456247935296","trial_id":23,"param_name":"lr","param_value_internal":0.0502133881804387,"distribution":"{\"name\": \"FloatDistribution\", \"attributes\": {\"step\": null, \"low\": 1e-08, \"high\": 0.5, \"log\": true}}"}
{"op_code":5,"worker_id":"e4a229a7-c2f2-406c-995f-d6981a818bd1-23456247935296","trial_id":23,"param_name":"ratio","param_value_internal":4.212043430176204,"distribution":"{\"name\": \"FloatDistribution\", \"attributes\": {\"step\": null, \"low\": 0.1, \"high\": 100.0, \"log\": true}}"}
{"op_code":6,"worker_id":"e4a229a7-c2f2-406c-995f-d6981a818bd1-23456247935296","trial_id":23,"state":3,"values":null,"datetime_complete":"2026-07-24T11:40:44.029022"}
{"op_code":0,"worker_id":"1c4df0db-98ae-492a-9966-db34f03c75ba-23456247935296","study_name":"peter_mushrooms_k1","directions":[2]}
{"op_code":4,"worker_id":"1c4df0db-98ae-492a-9966-db34f03c75ba-23456247935296","study_id":0,"datetime_start":"2026-07-24T11:43:57.863697"}
{"op_code":9,"worker_id":"1c4df0db-98ae-492a-9966-db34f03c75ba-23456247935296","trial_id":24,"system_attr":{"tpe:relative_params:0":"{\"lr\": 0.010845487387335965, \"ratio\": 0.2581270495662679}"}}
{"op_code":5,"worker_id":"1c4df0db-98ae-492a-9966-db34f03c75ba-23456247935296","trial_id":24,"param_name":"lr","param_value_internal":0.010845487387335965,"distribution":"{\"name\": \"FloatDistribution\", \"attributes\": {\"step\": null, \"low\": 1e-08, \"high\": 0.5, \"log\": true}}"}
{"op_code":5,"worker_id":"1c4df0db-98ae-492a-9966-db34f03c75ba-23456247935296","trial_id":24,"param_name":"ratio","param_value_internal":0.2581270495662679,"distribution":"{\"name\": \"FloatDistribution\", \"attributes\": {\"step\": null, \"low\": 0.1, \"high\": 100.0, \"log\": true}}"}
{"op_code":6,"worker_id":"1c4df0db-98ae-492a-9966-db34f03c75ba-23456247935296","trial_id":24,"state":3,"values":null,"datetime_complete":"2026-07-24T11:44:06.934459"}
{"op_code":0,"worker_id":"147b5eef-9741-42d5-850a-c7dee3675502-23456247935296","study_name":"peter_mushrooms_k1","directions":[2]}
{"op_code":4,"worker_id":"147b5eef-9741-42d5-850a-c7dee3675502-23456247935296","study_id":0,"datetime_start":"2026-07-24T11:47:30.540943"}
{"op_code":9,"worker_id":"147b5eef-9741-42d5-850a-c7dee3675502-23456247935296","trial_id":25,"system_attr":{"tpe:relative_params:0":"{\"lr\": 0.022655272145102177, \"ratio\": 0.379194487584314}"}}
{"op_code":5,"worker_id":"147b5eef-9741-42d5-850a-c7dee3675502-23456247935296","trial_id":25,"param_name":"lr","param_value_internal":0.022655272145102177,"distribution":"{\"name\": \"FloatDistribution\", \"attributes\": {\"step\": null, \"low\": 1e-08, \"high\": 0.5, \"log\": true}}"}
{"op_code":5,"worker_id":"147b5eef-9741-42d5-850a-c7dee3675502-23456247935296","trial_id":25,"param_name":"ratio","param_value_internal":0.379194487584314,"distribution":"{\"name\": \"FloatDistribution\", \"attributes\": {\"step\": null, \"low\": 0.1, \"high\": 100.0, \"log\": true}}"}
{"op_code":6,"worker_id":"147b5eef-9741-42d5-850a-c7dee3675502-23456247935296","trial_id":25,"state":3,"values":null,"datetime_complete":"2026-07-24T11:47:39.224709"}
{"op_code":0,"worker_id":"f9afaf85-d105-4093-948d-bf99dc508fc4-23456247935296","study_name":"peter_mushrooms_k1","directions":[2]}
{"op_code":4,"worker_id":"f9afaf85-d105-4093-948d-bf99dc508fc4-23456247935296","study_id":0,"datetime_start":"2026-07-24T11:51:16.591095"}
{"op_code":9,"worker_id":"f9afaf85-d105-4093-948d-bf99dc508fc4-23456247935296","trial_id":26,"system_attr":{"tpe:relative_params:0":"{\"lr\": 0.043321757815380814, \"ratio\": 1.7894974042829341}"}}
{"op_code":5,"worker_id":"f9afaf85-d105-4093-948d-bf99dc508fc4-23456247935296","trial_id":26,"param_name":"lr","param_value_internal":0.043321757815380814,"distribution":"{\"name\": \"FloatDistribution\", \"attributes\": {\"step\": null, \"low\": 1e-08, \"high\": 0.5, \"log\": true}}"}
{"op_code":5,"worker_id":"f9afaf85-d105-4093-948d-bf99dc508fc4-23456247935296","trial_id":26,"param_name":"ratio","param_value_internal":1.7894974042829341,"distribution":"{\"name\": \"FloatDistribution\", \"attributes\": {\"step\": null, \"low\": 0.1, \"high\": 100.0, \"log\": true}}"}
{"op_code":6,"worker_id":"f9afaf85-d105-4093-948d-bf99dc508fc4-23456247935296","trial_id":26,"state":3,"values":null,"datetime_complete":"2026-07-24T11:51:25.964264"}
{"op_code":0,"worker_id":"7b62a02a-2b3f-4616-abbf-6de5940c6221-23456247935296","study_name":"peter_mushrooms_k1","directions":[2]}
{"op_code":4,"worker_id":"7b62a02a-2b3f-4616-abbf-6de5940c6221-23456247935296","study_id":0,"datetime_start":"2026-07-24T11:54:15.862592"}
{"op_code":9,"worker_id":"7b62a02a-2b3f-4616-abbf-6de5940c6221-23456247935296","trial_id":27,"system_attr":{"tpe:relative_params:0":"{\"lr\": 0.07696260779234605, \"ratio\": 2.497839403645541}"}}
{"op_code":5,"worker_id":"7b62a02a-2b3f-4616-abbf-6de5940c6221-23456247935296","trial_id":27,"param_name":"lr","param_value_internal":0.07696260779234605,"distribution":"{\"name\": \"FloatDistribution\", \"attributes\": {\"step\": null, \"low\": 1e-08, \"high\": 0.5, \"log\": true}}"}
{"op_code":5,"worker_id":"7b62a02a-2b3f-4616-abbf-6de5940c6221-23456247935296","trial_id":27,"param_name":"ratio","param_value_internal":2.497839403645541,"distribution":"{\"name\": \"FloatDistribution\", \"attributes\": {\"step\": null, \"low\": 0.1, \"high\": 100.0, \"log\": true}}"}
{"op_code":6,"worker_id":"7b62a02a-2b3f-4616-abbf-6de5940c6221-23456247935296","trial_id":27,"state":3,"values":null,"datetime_complete":"2026-07-24T11:54:25.653676"}
{"op_code":0,"worker_id":"61d22d6a-be15-4f63-8fec-59022491f92d-23456247935296","study_name":"peter_mushrooms_k1","directions":[2]}
{"op_code":4,"worker_id":"61d22d6a-be15-4f63-8fec-59022491f92d-23456247935296","study_id":0,"datetime_start":"2026-07-24T11:58:40.001542"}
{"op_code":9,"worker_id":"61d22d6a-be15-4f63-8fec-59022491f92d-23456247935296","trial_id":28,"system_attr":{"tpe:relative_params:0":"{\"lr\": 0.054059533401450796, \"ratio\": 0.9236090766885796}"}}
{"op_code":5,"worker_id":"61d22d6a-be15-4f63-8fec-59022491f92d-23456247935296","trial_id":28,"param_name":"lr","param_value_internal":0.054059533401450796,"distribution":"{\"name\": \"FloatDistribution\", \"attributes\": {\"step\": null, \"low\": 1e-08, \"high\": 0.5, \"log\": true}}"}
{"op_code":5,"worker_id":"61d22d6a-be15-4f63-8fec-59022491f92d-23456247935296","trial_id":28,"param_name":"ratio","param_value_internal":0.9236090766885796,"distribution":"{\"name\": \"FloatDistribution\", \"attributes\": {\"step\": null, \"low\": 0.1, \"high\": 100.0, \"log\": true}}"}
{"op_code":6,"worker_id":"61d22d6a-be15-4f63-8fec-59022491f92d-23456247935296","trial_id":28,"state":3,"values":null,"datetime_complete":"2026-07-24T11:58:49.607734"}
{"op_code":0,"worker_id":"3c044d41-2b53-4d63-81e8-c986e63fac95-23456247935296","study_name":"peter_mushrooms_k1","directions":[2]}
{"op_code":4,"worker_id":"3c044d41-2b53-4d63-81e8-c986e63fac95-23456247935296","study_id":0,"datetime_start":"2026-07-24T12:01:32.287492"}
{"op_code":9,"worker_id":"3c044d41-2b53-4d63-81e8-c986e63fac95-23456247935296","trial_id":29,"system_attr":{"tpe:relative_params:0":"{\"lr\": 0.20234141049961854, \"ratio\": 2.5101984956443184}"}}
{"op_code":5,"worker_id":"3c044d41-2b53-4d63-81e8-c986e63fac95-23456247935296","trial_id":29,"param_name":"lr","param_value_internal":0.20234141049961854,"distribution":"{\"name\": \"FloatDistribution\", \"attributes\": {\"step\": null, \"low\": 1e-08, \"high\": 0.5, \"log\": true}}"}
{"op_code":5,"worker_id":"3c044d41-2b53-4d63-81e8-c986e63fac95-23456247935296","trial_id":29,"param_name":"ratio","param_value_internal":2.5101984956443184,"distribution":"{\"name\": \"FloatDistribution\", \"attributes\": {\"step\": null, \"low\": 0.1, \"high\": 100.0, \"log\": true}}"}
{"op_code":6,"worker_id":"3c044d41-2b53-4d63-81e8-c986e63fac95-23456247935296","trial_id":29,"state":3,"values":null,"datetime_complete":"2026-07-24T12:01:41.497541"}
{"op_code":0,"worker_id":"05c1ddfc-c874-42f8-bf95-901a275a0edc-23456247935296","study_name":"peter_mushrooms_k1","directions":[2]}
{"op_code":4,"worker_id":"05c1ddfc-c874-42f8-bf95-901a275a0edc-23456247935296","study_id":0,"datetime_start":"2026-07-24T12:05:58.929532"}
{"op_code":9,"worker_id":"05c1ddfc-c874-42f8-bf95-901a275a0edc-23456247935296","trial_id":30,"system_attr":{"tpe:relative_params:0":"{\"lr\": 0.014713426248827826, \"ratio\": 0.973542315407125}"}}
{"op_code":5,"worker_id":"05c1ddfc-c874-42f8-bf95-901a275a0edc-23456247935296","trial_id":30,"param_name":"lr","param_value_internal":0.014713426248827826,"distribution":"{\"name\": \"FloatDistribution\", \"attributes\": {\"step\": null, \"low\": 1e-08, \"high\": 0.5, \"log\": true}}"}
{"op_code":5,"worker_id":"05c1ddfc-c874-42f8-bf95-901a275a0edc-23456247935296","trial_id":30,"param_name":"ratio","param_value_internal":0.973542315407125,"distribution":"{\"name\": \"FloatDistribution\", \"attributes\": {\"step\": null, \"low\": 0.1, \"high\": 100.0, \"log\": true}}"}
{"op_code":6,"worker_id":"05c1ddfc-c874-42f8-bf95-901a275a0edc-23456247935296","trial_id":30,"state":3,"values":null,"datetime_complete":"2026-07-24T12:06:07.286730"}
{"op_code":0,"worker_id":"7dec738e-3778-447d-9047-fd7d6e8b800f-23456247935296","study_name":"peter_mushrooms_k1","directions":[2]}
{"op_code":4,"worker_id":"7dec738e-3778-447d-9047-fd7d6e8b800f-23456247935296","study_id":0,"datetime_start":"2026-07-24T12:09:48.460509"}
{"op_code":9,"worker_id":"7dec738e-3778-447d-9047-fd7d6e8b800f-23456247935296","trial_id":31,"system_attr":{"tpe:relative_params:0":"{\"lr\": 0.2010694965114327, \"ratio\": 1.8334053878446606}"}}
{"op_code":5,"worker_id":"7dec738e-3778-447d-9047-fd7d6e8b800f-23456247935296","trial_id":31,"param_name":"lr","param_value_internal":0.2010694965114327,"distribution":"{\"name\": \"FloatDistribution\", \"attributes\": {\"step\": null, \"low\": 1e-08, \"high\": 0.5, \"log\": true}}"}
{"op_code":5,"worker_id":"7dec738e-3778-447d-9047-fd7d6e8b800f-23456247935296","trial_id":31,"param_name":"ratio","param_value_internal":1.8334053878446606,"distribution":"{\"name\": \"FloatDistribution\", \"attributes\": {\"step\": null, \"low\": 0.1, \"high\": 100.0, \"log\": true}}"}
{"op_code":6,"worker_id":"7dec738e-3778-447d-9047-fd7d6e8b800f-23456247935296","trial_id":31,"state":3,"values":null,"datetime_complete":"2026-07-24T12:09:57.654402"}
{"op_code":0,"worker_id":"e93692e1-5317-4878-96f7-6e6207584594-23456247935296","study_name":"peter_mushrooms_k1","directions":[2]}
{"op_code":4,"worker_id":"e93692e1-5317-4878-96f7-6e6207584594-23456247935296","study_id":0,"datetime_start":"2026-07-24T12:13:07.043747"}
{"op_code":9,"worker_id":"e93692e1-5317-4878-96f7-6e6207584594-23456247935296","trial_id":32,"system_attr":{"tpe:relative_params:0":"{\"lr\": 0.04244360672491403, \"ratio\": 1.8448426917018088}"}}
{"op_code":5,"worker_id":"e93692e1-5317-4878-96f7-6e6207584594-23456247935296","trial_id":32,"param_name":"lr","param_value_internal":0.04244360672491403,"distribution":"{\"name\": \"FloatDistribution\", \"attributes\": {\"step\": null, \"low\": 1e-08, \"high\": 0.5, \"log\": true}}"}
{"op_code":5,"worker_id":"e93692e1-5317-4878-96f7-6e6207584594-23456247935296","trial_id":32,"param_name":"ratio","param_value_internal":1.8448426917018088,"distribution":"{\"name\": \"FloatDistribution\", \"attributes\": {\"step\": null, \"low\": 0.1, \"high\": 100.0, \"log\": true}}"}
{"op_code":6,"worker_id":"e93692e1-5317-4878-96f7-6e6207584594-23456247935296","trial_id":32,"state":3,"values":null,"datetime_complete":"2026-07-24T12:13:16.604157"}
{"op_code":0,"worker_id":"6ffd5938-0ac3-41f9-a22f-d1f5d6f9d513-23456247935296","study_name":"peter_mushrooms_k1","directions":[2]}
{"op_code":4,"worker_id":"6ffd5938-0ac3-41f9-a22f-d1f5d6f9d513-23456247935296","study_id":0,"datetime_start":"2026-07-24T12:17:06.597448"}
{"op_code":9,"worker_id":"6ffd5938-0ac3-41f9-a22f-d1f5d6f9d513-23456247935296","trial_id":33,"system_attr":{"tpe:relative_params:0":"{\"lr\": 0.07711436402534434, \"ratio\": 0.9621786718564536}"}}
{"op_code":5,"worker_id":"6ffd5938-0ac3-41f9-a22f-d1f5d6f9d513-23456247935296","trial_id":33,"param_name":"lr","param_value_internal":0.07711436402534434,"distribution":"{\"name\": \"FloatDistribution\", \"attributes\": {\"step\": null, \"low\": 1e-08, \"high\": 0.5, \"log\": true}}"}
{"op_code":5,"worker_id":"6ffd5938-0ac3-41f9-a22f-d1f5d6f9d513-23456247935296","trial_id":33,"param_name":"ratio","param_value_internal":0.9621786718564536,"distribution":"{\"name\": \"FloatDistribution\", \"attributes\": {\"step\": null, \"low\": 0.1, \"high\": 100.0, \"log\": true}}"}
{"op_code":6,"worker_id":"6ffd5938-0ac3-41f9-a22f-d1f5d6f9d513-23456247935296","trial_id":33,"state":3,"values":null,"datetime_complete":"2026-07-24T12:17:14.173248"}
{"op_code":0,"worker_id":"3de721a5-7cec-4cfa-9219-2548527e0bea-23456247935296","study_name":"peter_mushrooms_k1","directions":[2]}
{"op_code":4,"worker_id":"3de721a5-7cec-4cfa-9219-2548527e0bea-23456247935296","study_id":0,"datetime_start":"2026-07-24T12:20:43.500698"}
{"op_code":9,"worker_id":"3de721a5-7cec-4cfa-9219-2548527e0bea-23456247935296","trial_id":34,"system_attr":{"tpe:relative_params:0":"{\"lr\": 0.05840298493781234, \"ratio\": 1.3423179216759653}"}}
{"op_code":5,"worker_id":"3de721a5-7cec-4cfa-9219-2548527e0bea-23456247935296","trial_id":34,"param_name":"lr","param_value_internal":0.05840298493781234,"distribution":"{\"name\": \"FloatDistribution\", \"attributes\": {\"step\": null, \"low\": 1e-08, \"high\": 0.5, \"log\": true}}"}
{"op_code":5,"worker_id":"3de721a5-7cec-4cfa-9219-2548527e0bea-23456247935296","trial_id":34,"param_name":"ratio","param_value_internal":1.3423179216759653,"distribution":"{\"name\": \"FloatDistribution\", \"attributes\": {\"step\": null, \"low\": 0.1, \"high\": 100.0, \"log\": true}}"}
{"op_code":6,"worker_id":"3de721a5-7cec-4cfa-9219-2548527e0bea-23456247935296","trial_id":34,"state":3,"values":null,"datetime_complete":"2026-07-24T12:20:52.820013"}
{"op_code":0,"worker_id":"8bce3af9-86b9-4ad1-8307-285ee24a25cd-23456247935296","study_name":"peter_mushrooms_k1","directions":[2]}
{"op_code":4,"worker_id":"8bce3af9-86b9-4ad1-8307-285ee24a25cd-23456247935296","study_id":0,"datetime_start":"2026-07-24T12:25:52.498109"}
{"op_code":9,"worker_id":"8bce3af9-86b9-4ad1-8307-285ee24a25cd-23456247935296","trial_id":35,"system_attr":{"tpe:relative_params:0":"{\"lr\": 0.1277073079735201, \"ratio\": 1.128130331124209}"}}
{"op_code":5,"worker_id":"8bce3af9-86b9-4ad1-8307-285ee24a25cd-23456247935296","trial_id":35,"param_name":"lr","param_value_internal":0.1277073079735201,"distribution":"{\"name\": \"FloatDistribution\", \"attributes\": {\"step\": null, \"low\": 1e-08, \"high\": 0.5, \"log\": true}}"}
{"op_code":5,"worker_id":"8bce3af9-86b9-4ad1-8307-285ee24a25cd-23456247935296","trial_id":35,"param_name":"ratio","param_value_internal":1.128130331124209,"distribution":"{\"name\": \"FloatDistribution\", \"attributes\": {\"step\": null, \"low\": 0.1, \"high\": 100.0, \"log\": true}}"}
{"op_code":6,"worker_id":"8bce3af9-86b9-4ad1-8307-285ee24a25cd-23456247935296","trial_id":35,"state":3,"values":null,"datetime_complete":"2026-07-24T12:26:04.678305"}
{"op_code":0,"worker_id":"54be80ba-ce83-4b9f-a8ef-b505b6b8ecc2-23456247935296","study_name":"peter_mushrooms_k1","directions":[2]}
{"op_code":4,"worker_id":"54be80ba-ce83-4b9f-a8ef-b505b6b8ecc2-23456247935296","study_id":0,"datetime_start":"2026-07-24T12:31:04.102274"}
{"op_code":9,"worker_id":"54be80ba-ce83-4b9f-a8ef-b505b6b8ecc2-23456247935296","trial_id":36,"system_attr":{"tpe:relative_params:0":"{\"lr\": 0.05760208520064221, \"ratio\": 0.12902267044886026}"}}
{"op_code":5,"worker_id":"54be80ba-ce83-4b9f-a8ef-b505b6b8ecc2-23456247935296","trial_id":36,"param_name":"lr","param_value_internal":0.05760208520064221,"distribution":"{\"name\": \"FloatDistribution\", \"attributes\": {\"step\": null, \"low\": 1e-08, \"high\": 0.5, \"log\": true}}"}
{"op_code":5,"worker_id":"54be80ba-ce83-4b9f-a8ef-b505b6b8ecc2-23456247935296","trial_id":36,"param_name":"ratio","param_value_internal":0.12902267044886026,"distribution":"{\"name\": \"FloatDistribution\", \"attributes\": {\"step\": null, \"low\": 0.1, \"high\": 100.0, \"log\": true}}"}
{"op_code":6,"worker_id":"54be80ba-ce83-4b9f-a8ef-b505b6b8ecc2-23456247935296","trial_id":36,"state":3,"values":null,"datetime_complete":"2026-07-24T12:31:15.793066"}
{"op_code":0,"worker_id":"4c7f8ef5-d1c7-4d3e-86ea-e91a14d5f37b-23456247935296","study_name":"peter_mushrooms_k1","directions":[2]}
{"op_code":4,"worker_id":"4c7f8ef5-d1c7-4d3e-86ea-e91a14d5f37b-23456247935296","study_id":0,"datetime_start":"2026-07-24T12:35:12.324795"}
{"op_code":9,"worker_id":"4c7f8ef5-d1c7-4d3e-86ea-e91a14d5f37b-23456247935296","trial_id":37,"system_attr":{"tpe:relative_params:0":"{\"lr\": 0.01857383772230872, \"ratio\": 0.6039653812780177}"}}
{"op_code":5,"worker_id":"4c7f8ef5-d1c7-4d3e-86ea-e91a14d5f37b-23456247935296","trial_id":37,"param_name":"lr","param_value_internal":0.01857383772230872,"distribution":"{\"name\": \"FloatDistribution\", \"attributes\": {\"step\": null, \"low\": 1e-08, \"high\": 0.5, \"log\": true}}"}
{"op_code":5,"worker_id":"4c7f8ef5-d1c7-4d3e-86ea-e91a14d5f37b-23456247935296","trial_id":37,"param_name":"ratio","param_value_internal":0.6039653812780177,"distribution":"{\"name\": \"FloatDistribution\", \"attributes\": {\"step\": null, \"low\": 0.1, \"high\": 100.0, \"log\": true}}"}
{"op_code":6,"worker_id":"4c7f8ef5-d1c7-4d3e-86ea-e91a14d5f37b-23456247935296","trial_id":37,"state":3,"values":null,"datetime_complete":"2026-07-24T12:35:22.014270"}
{"op_code":0,"worker_id":"0d1f2fec-c709-4453-bd91-1d99dfae1a48-23456247935296","study_name":"peter_mushrooms_k1","directions":[2]}
{"op_code":4,"worker_id":"0d1f2fec-c709-4453-bd91-1d99dfae1a48-23456247935296","study_id":0,"datetime_start":"2026-07-24T12:39:41.505803"}
{"op_code":9,"worker_id":"0d1f2fec-c709-4453-bd91-1d99dfae1a48-23456247935296","trial_id":38,"system_attr":{"tpe:relative_params:0":"{\"lr\": 0.11099050225299163, \"ratio\": 1.2228831683044186}"}}
{"op_code":5,"worker_id":"0d1f2fec-c709-4453-bd91-1d99dfae1a48-23456247935296","trial_id":38,"param_name":"lr","param_value_internal":0.11099050225299163,"distribution":"{\"name\": \"FloatDistribution\", \"attributes\": {\"step\": null, \"low\": 1e-08, \"high\": 0.5, \"log\": true}}"}
{"op_code":5,"worker_id":"0d1f2fec-c709-4453-bd91-1d99dfae1a48-23456247935296","trial_id":38,"param_name":"ratio","param_value_internal":1.2228831683044186,"distribution":"{\"name\": \"FloatDistribution\", \"attributes\": {\"step\": null, \"low\": 0.1, \"high\": 100.0, \"log\": true}}"}
{"op_code":6,"worker_id":"0d1f2fec-c709-4453-bd91-1d99dfae1a48-23456247935296","trial_id":38,"state":3,"values":null,"datetime_complete":"2026-07-24T12:39:51.930902"}
{"op_code":0,"worker_id":"ed50d30c-51d8-4ffe-912d-0d55df10545d-23456247935296","study_name":"peter_mushrooms_k1","directions":[2]}
{"op_code":4,"worker_id":"ed50d30c-51d8-4ffe-912d-0d55df10545d-23456247935296","study_id":0,"datetime_start":"2026-07-24T12:44:57.552384"}
{"op_code":9,"worker_id":"ed50d30c-51d8-4ffe-912d-0d55df10545d-23456247935296","trial_id":39,"system_attr":{"tpe:relative_params:0":"{\"lr\": 0.148842699557381, \"ratio\": 3.5879745257779585}"}}
{"op_code":5,"worker_id":"ed50d30c-51d8-4ffe-912d-0d55df10545d-23456247935296","trial_id":39,"param_name":"lr","param_value_internal":0.148842699557381,"distribution":"{\"name\": \"FloatDistribution\", \"attributes\": {\"step\": null, \"low\": 1e-08, \"high\": 0.5, \"log\": true}}"}
{"op_code":5,"worker_id":"ed50d30c-51d8-4ffe-912d-0d55df10545d-23456247935296","trial_id":39,"param_name":"ratio","param_value_internal":3.5879745257779585,"distribution":"{\"name\": \"FloatDistribution\", \"attributes\": {\"step\": null, \"low\": 0.1, \"high\": 100.0, \"log\": true}}"}
{"op_code":6,"worker_id":"ed50d30c-51d8-4ffe-912d-0d55df10545d-23456247935296","trial_id":39,"state":3,"values":null,"datetime_complete":"2026-07-24T12:45:04.947873"}
{"op_code":0,"worker_id":"6201fe0e-7ecc-43cf-8d4f-a321273f7ac8-23456247935296","study_name":"peter_mushrooms_k1","directions":[2]}
{"op_code":4,"worker_id":"6201fe0e-7ecc-43cf-8d4f-a321273f7ac8-23456247935296","study_id":0,"datetime_start":"2026-07-24T12:50:02.291171"}
{"op_code":9,"worker_id":"6201fe0e-7ecc-43cf-8d4f-a321273f7ac8-23456247935296","trial_id":40,"system_attr":{"tpe:relative_params:0":"{\"lr\": 0.05924065979624192, \"ratio\": 2.0572671336458486}"}}
{"op_code":5,"worker_id":"6201fe0e-7ecc-43cf-8d4f-a321273f7ac8-23456247935296","trial_id":40,"param_name":"lr","param_value_internal":0.05924065979624192,"distribution":"{\"name\": \"FloatDistribution\", \"attributes\": {\"step\": null, \"low\": 1e-08, \"high\": 0.5, \"log\": true}}"}
{"op_code":5,"worker_id":"6201fe0e-7ecc-43cf-8d4f-a321273f7ac8-23456247935296","trial_id":40,"param_name":"ratio","param_value_internal":2.0572671336458486,"distribution":"{\"name\": \"FloatDistribution\", \"attributes\": {\"step\": null, \"low\": 0.1, \"high\": 100.0, \"log\": true}}"}
{"op_code":6,"worker_id":"6201fe0e-7ecc-43cf-8d4f-a321273f7ac8-23456247935296","trial_id":40,"state":3,"values":null,"datetime_complete":"2026-07-24T12:50:13.221987"}
{"op_code":0,"worker_id":"6454759c-6c36-42ef-97cd-1d985c011bae-23456247935296","study_name":"peter_mushrooms_k1","directions":[2]}
{"op_code":4,"worker_id":"6454759c-6c36-42ef-97cd-1d985c011bae-23456247935296","study_id":0,"datetime_start":"2026-07-24T12:54:19.720143"}
{"op_code":9,"worker_id":"6454759c-6c36-42ef-97cd-1d985c011bae-23456247935296","trial_id":41,"system_attr":{"tpe:relative_params:0":"{\"lr\": 0.0005568104237596321, \"ratio\": 35.42367091848552}"}}
{"op_code":5,"worker_id":"6454759c-6c36-42ef-97cd-1d985c011bae-23456247935296","trial_id":41,"param_name":"lr","param_value_internal":0.0005568104237596321,"distribution":"{\"name\": \"FloatDistribution\", \"attributes\": {\"step\": null, \"low\": 1e-08, \"high\": 0.5, \"log\": true}}"}
{"op_code":5,"worker_id":"6454759c-6c36-42ef-97cd-1d985c011bae-23456247935296","trial_id":41,"param_name":"ratio","param_value_internal":35.42367091848552,"distribution":"{\"name\": \"FloatDistribution\", \"attributes\": {\"step\": null, \"low\": 0.1, \"high\": 100.0, \"log\": true}}"}
{"op_code":6,"worker_id":"6454759c-6c36-42ef-97cd-1d985c011bae-23456247935296","trial_id":41,"state":1,"values":[-30.1515757199867],"datetime_complete":"2026-07-24T12:56:38.199374"}
{"op_code":0,"worker_id":"db0d47b9-34b9-4780-9872-4b4aa117aee5-23456247935296","study_name":"peter_mushrooms_k1","directions":[2]}
{"op_code":4,"worker_id":"db0d47b9-34b9-4780-9872-4b4aa117aee5-23456247935296","study_id":0,"datetime_start":"2026-07-24T12:58:30.075401"}
{"op_code":9,"worker_id":"db0d47b9-34b9-4780-9872-4b4aa117aee5-23456247935296","trial_id":42,"system_attr":{"tpe:relative_params:0":"{\"lr\": 0.0011579959789468476, \"ratio\": 0.48303142654717574}"}}
{"op_code":5,"worker_id":"db0d47b9-34b9-4780-9872-4b4aa117aee5-23456247935296","trial_id":42,"param_name":"lr","param_value_internal":0.0011579959789468476,"distribution":"{\"name\": \"FloatDistribution\", \"attributes\": {\"step\": null, \"low\": 1e-08, \"high\": 0.5, \"log\": true}}"}
{"op_code":5,"worker_id":"db0d47b9-34b9-4780-9872-4b4aa117aee5-23456247935296","trial_id":42,"param_name":"ratio","param_value_internal":0.48303142654717574,"distribution":"{\"name\": \"FloatDistribution\", \"attributes\": {\"step\": null, \"low\": 0.1, \"high\": 100.0, \"log\": true}}"}
{"op_code":6,"worker_id":"db0d47b9-34b9-4780-9872-4b4aa117aee5-23456247935296","trial_id":42,"state":3,"values":null,"datetime_complete":"2026-07-24T12:58:41.288600"}
{"op_code":0,"worker_id":"a12fa095-e539-478c-b28b-81f1a6045886-23456247935296","study_name":"peter_mushrooms_k1","directions":[2]}
{"op_code":4,"worker_id":"a12fa095-e539-478c-b28b-81f1a6045886-23456247935296","study_id":0,"datetime_start":"2026-07-24T13:02:48.642983"}
{"op_code":9,"worker_id":"a12fa095-e539-478c-b28b-81f1a6045886-23456247935296","trial_id":43,"system_attr":{"tpe:relative_params:0":"{\"lr\": 0.04478889559771122, \"ratio\": 1.0480388097739648}"}}
{"op_code":5,"worker_id":"a12fa095-e539-478c-b28b-81f1a6045886-23456247935296","trial_id":43,"param_name":"lr","param_value_internal":0.04478889559771122,"distribution":"{\"name\": \"FloatDistribution\", \"attributes\": {\"step\": null, \"low\": 1e-08, \"high\": 0.5, \"log\": true}}"}
{"op_code":5,"worker_id":"a12fa095-e539-478c-b28b-81f1a6045886-23456247935296","trial_id":43,"param_name":"ratio","param_value_internal":1.0480388097739648,"distribution":"{\"name\": \"FloatDistribution\", \"attributes\": {\"step\": null, \"low\": 0.1, \"high\": 100.0, \"log\": true}}"}
{"op_code":6,"worker_id":"a12fa095-e539-478c-b28b-81f1a6045886-23456247935296","trial_id":43,"state":3,"values":null,"datetime_complete":"2026-07-24T13:02:56.869242"}
{"op_code":0,"worker_id":"67f19148-72b8-464c-9def-41a69dd08dba-23456247935296","study_name":"peter_mushrooms_k1","directions":[2]}
{"op_code":4,"worker_id":"67f19148-72b8-464c-9def-41a69dd08dba-23456247935296","study_id":0,"datetime_start":"2026-07-24T13:07:17.959125"}
{"op_code":9,"worker_id":"67f19148-72b8-464c-9def-41a69dd08dba-23456247935296","trial_id":44,"system_attr":{"tpe:relative_params:0":"{\"lr\": 0.0007304067609922297, \"ratio\": 0.2217778491821115}"}}
{"op_code":5,"worker_id":"67f19148-72b8-464c-9def-41a69dd08dba-23456247935296","trial_id":44,"param_name":"lr","param_value_internal":0.0007304067609922297,"distribution":"{\"name\": \"FloatDistribution\", \"attributes\": {\"step\": null, \"low\": 1e-08, \"high\": 0.5, \"log\": true}}"}
{"op_code":5,"worker_id":"67f19148-72b8-464c-9def-41a69dd08dba-23456247935296","trial_id":44,"param_name":"ratio","param_value_internal":0.2217778491821115,"distribution":"{\"name\": \"FloatDistribution\", \"attributes\": {\"step\": null, \"low\": 0.1, \"high\": 100.0, \"log\": true}}"}
{"op_code":6,"worker_id":"67f19148-72b8-464c-9def-41a69dd08dba-23456247935296","trial_id":44,"state":3,"values":null,"datetime_complete":"2026-07-24T13:07:38.384457"}
{"op_code":0,"worker_id":"5a52ae43-b251-48df-a102-abca1c489785-23456247935296","study_name":"peter_mushrooms_k1","directions":[2]}
{"op_code":4,"worker_id":"5a52ae43-b251-48df-a102-abca1c489785-23456247935296","study_id":0,"datetime_start":"2026-07-24T13:12:04.192631"}
{"op_code":9,"worker_id":"5a52ae43-b251-48df-a102-abca1c489785-23456247935296","trial_id":45,"system_attr":{"tpe:relative_params:0":"{\"lr\": 0.004833632788576568, \"ratio\": 0.6997501255270934}"}}
{"op_code":5,"worker_id":"5a52ae43-b251-48df-a102-abca1c489785-23456247935296","trial_id":45,"param_name":"lr","param_value_internal":0.004833632788576568,"distribution":"{\"name\": \"FloatDistribution\", \"attributes\": {\"step\": null, \"low\": 1e-08, \"high\": 0.5, \"log\": true}}"}
{"op_code":5,"worker_id":"5a52ae43-b251-48df-a102-abca1c489785-23456247935296","trial_id":45,"param_name":"ratio","param_value_internal":0.6997501255270934,"distribution":"{\"name\": \"FloatDistribution\", \"attributes\": {\"step\": null, \"low\": 0.1, \"high\": 100.0, \"log\": true}}"}
{"op_code":6,"worker_id":"5a52ae43-b251-48df-a102-abca1c489785-23456247935296","trial_id":45,"state":3,"values":null,"datetime_complete":"2026-07-24T13:12:16.429383"}
{"op_code":0,"worker_id":"8ca1b9de-c50d-40db-8388-d8a478e1469e-23456247935296","study_name":"peter_mushrooms_k1","directions":[2]}
{"op_code":4,"worker_id":"8ca1b9de-c50d-40db-8388-d8a478e1469e-23456247935296","study_id":0,"datetime_start":"2026-07-24T13:16:40.657529"}
{"op_code":9,"worker_id":"8ca1b9de-c50d-40db-8388-d8a478e1469e-23456247935296","trial_id":46,"system_attr":{"tpe:relative_params:0":"{\"lr\": 0.015665076294803383, \"ratio\": 0.5006432064056154}"}}
{"op_code":5,"worker_id":"8ca1b9de-c50d-40db-8388-d8a478e1469e-23456247935296","trial_id":46,"param_name":"lr","param_value_internal":0.015665076294803383,"distribution":"{\"name\": \"FloatDistribution\", \"attributes\": {\"step\": null, \"low\": 1e-08, \"high\": 0.5, \"log\": true}}"}
{"op_code":5,"worker_id":"8ca1b9de-c50d-40db-8388-d8a478e1469e-23456247935296","trial_id":46,"param_name":"ratio","param_value_internal":0.5006432064056154,"distribution":"{\"name\": \"FloatDistribution\", \"attributes\": {\"step\": null, \"low\": 0.1, \"high\": 100.0, \"log\": true}}"}
{"op_code":6,"worker_id":"8ca1b9de-c50d-40db-8388-d8a478e1469e-23456247935296","trial_id":46,"state":3,"values":null,"datetime_complete":"2026-07-24T13:16:50.577037"}
{"op_code":0,"worker_id":"86f679e3-970b-40c2-b562-d0320514d803-23456247935296","study_name":"peter_mushrooms_k1","directions":[2]}
{"op_code":4,"worker_id":"86f679e3-970b-40c2-b562-d0320514d803-23456247935296","study_id":0,"datetime_start":"2026-07-24T13:19:58.614730"}
{"op_code":9,"worker_id":"86f679e3-970b-40c2-b562-d0320514d803-23456247935296","trial_id":47,"system_attr":{"tpe:relative_params:0":"{\"lr\": 0.0004400422233232907, \"ratio\": 0.3698469205197922}"}}
{"op_code":5,"worker_id":"86f679e3-970b-40c2-b562-d0320514d803-23456247935296","trial_id":47,"param_name":"lr","param_value_internal":0.0004400422233232907,"distribution":"{\"name\": \"FloatDistribution\", \"attributes\": {\"step\": null, \"low\": 1e-08, \"high\": 0.5, \"log\": true}}"}
{"op_code":5,"worker_id":"86f679e3-970b-40c2-b562-d0320514d803-23456247935296","trial_id":47,"param_name":"ratio","param_value_internal":0.3698469205197922,"distribution":"{\"name\": \"FloatDistribution\", \"attributes\": {\"step\": null, \"low\": 0.1, \"high\": 100.0, \"log\": true}}"}
{"op_code":6,"worker_id":"86f679e3-970b-40c2-b562-d0320514d803-23456247935296","trial_id":47,"state":3,"values":null,"datetime_complete":"2026-07-24T13:20:20.898741"}
{"op_code":0,"worker_id":"a9a4edc4-28e8-4d2c-a05f-42e84fdc42b9-23456247935296","study_name":"peter_mushrooms_k1","directions":[2]}
{"op_code":4,"worker_id":"a9a4edc4-28e8-4d2c-a05f-42e84fdc42b9-23456247935296","study_id":0,"datetime_start":"2026-07-24T13:22:52.897995"}
{"op_code":9,"worker_id":"a9a4edc4-28e8-4d2c-a05f-42e84fdc42b9-23456247935296","trial_id":48,"system_attr":{"tpe:relative_params:0":"{\"lr\": 0.02888328858840812, \"ratio\": 0.9104379719562017}"}}
{"op_code":5,"worker_id":"a9a4edc4-28e8-4d2c-a05f-42e84fdc42b9-23456247935296","trial_id":48,"param_name":"lr","param_value_internal":0.02888328858840812,"distribution":"{\"name\": \"FloatDistribution\", \"attributes\": {\"step\": null, \"low\": 1e-08, \"high\": 0.5, \"log\": true}}"}
{"op_code":5,"worker_id":"a9a4edc4-28e8-4d2c-a05f-42e84fdc42b9-23456247935296","trial_id":48,"param_name":"ratio","param_value_internal":0.9104379719562017,"distribution":"{\"name\": \"FloatDistribution\", \"attributes\": {\"step\": null, \"low\": 0.1, \"high\": 100.0, \"log\": true}}"}
{"op_code":6,"worker_id":"a9a4edc4-28e8-4d2c-a05f-42e84fdc42b9-23456247935296","trial_id":48,"state":3,"values":null,"datetime_complete":"2026-07-24T13:23:03.044066"}
{"op_code":0,"worker_id":"6ccbeb60-71dc-45d5-a334-ca54988a10dc-23456247935296","study_name":"peter_mushrooms_k1","directions":[2]}
{"op_code":4,"worker_id":"6ccbeb60-71dc-45d5-a334-ca54988a10dc-23456247935296","study_id":0,"datetime_start":"2026-07-24T13:25:39.904138"}
{"op_code":9,"worker_id":"6ccbeb60-71dc-45d5-a334-ca54988a10dc-23456247935296","trial_id":49,"system_attr":{"tpe:relative_params:0":"{\"lr\": 0.0025482236181475592, \"ratio\": 0.14335490414852523}"}}
{"op_code":5,"worker_id":"6ccbeb60-71dc-45d5-a334-ca54988a10dc-23456247935296","trial_id":49,"param_name":"lr","param_value_internal":0.0025482236181475592,"distribution":"{\"name\": \"FloatDistribution\", \"attributes\": {\"step\": null, \"low\": 1e-08, \"high\": 0.5, \"log\": true}}"}
{"op_code":5,"worker_id":"6ccbeb60-71dc-45d5-a334-ca54988a10dc-23456247935296","trial_id":49,"param_name":"ratio","param_value_internal":0.14335490414852523,"distribution":"{\"name\": \"FloatDistribution\", \"attributes\": {\"step\": null, \"low\": 0.1, \"high\": 100.0, \"log\": true}}"}
{"op_code":6,"worker_id":"6ccbeb60-71dc-45d5-a334-ca54988a10dc-23456247935296","trial_id":49,"state":3,"values":null,"datetime_complete":"2026-07-24T13:25:50.113366"}
{"op_code":0,"worker_id":"88b27ac6-e500-4346-8019-49feafea1353-23456247935296","study_name":"peter_mushrooms_k1","directions":[2]}
{"op_code":4,"worker_id":"88b27ac6-e500-4346-8019-49feafea1353-23456247935296","study_id":0,"datetime_start":"2026-07-24T13:29:13.972409"}
{"op_code":9,"worker_id":"88b27ac6-e500-4346-8019-49feafea1353-23456247935296","trial_id":50,"system_attr":{"tpe:relative_params:0":"{\"lr\": 0.004504256789495228, \"ratio\": 0.40390226132129414}"}}
{"op_code":5,"worker_id":"88b27ac6-e500-4346-8019-49feafea1353-23456247935296","trial_id":50,"param_name":"lr","param_value_internal":0.004504256789495228,"distribution":"{\"name\": \"FloatDistribution\", \"attributes\": {\"step\": null, \"low\": 1e-08, \"high\": 0.5, \"log\": true}}"}
{"op_code":5,"worker_id":"88b27ac6-e500-4346-8019-49feafea1353-23456247935296","trial_id":50,"param_name":"ratio","param_value_internal":0.40390226132129414,"distribution":"{\"name\": \"FloatDistribution\", \"attributes\": {\"step\": null, \"low\": 0.1, \"high\": 100.0, \"log\": true}}"}
{"op_code":6,"worker_id":"88b27ac6-e500-4346-8019-49feafea1353-23456247935296","trial_id":50,"state":3,"values":null,"datetime_complete":"2026-07-24T13:29:22.537555"}
{"op_code":0,"worker_id":"1d6692af-7035-4d5a-aa49-c59bf9f63080-23456247935296","study_name":"peter_mushrooms_k1","directions":[2]}
{"op_code":4,"worker_id":"1d6692af-7035-4d5a-aa49-c59bf9f63080-23456247935296","study_id":0,"datetime_start":"2026-07-24T13:32:54.113951"}
{"op_code":9,"worker_id":"1d6692af-7035-4d5a-aa49-c59bf9f63080-23456247935296","trial_id":51,"system_attr":{"tpe:relative_params:0":"{\"lr\": 0.0005302717089905068, \"ratio\": 1.027208686745571}"}}
{"op_code":5,"worker_id":"1d6692af-7035-4d5a-aa49-c59bf9f63080-23456247935296","trial_id":51,"param_name":"lr","param_value_internal":0.0005302717089905068,"distribution":"{\"name\": \"FloatDistribution\", \"attributes\": {\"step\": null, \"low\": 1e-08, \"high\": 0.5, \"log\": true}}"}
{"op_code":5,"worker_id":"1d6692af-7035-4d5a-aa49-c59bf9f63080-23456247935296","trial_id":51,"param_name":"ratio","param_value_internal":1.027208686745571,"distribution":"{\"name\": \"FloatDistribution\", \"attributes\": {\"step\": null, \"low\": 0.1, \"high\": 100.0, \"log\": true}}"}
{"op_code":6,"worker_id":"1d6692af-7035-4d5a-aa49-c59bf9f63080-23456247935296","trial_id":51,"state":3,"values":null,"datetime_complete":"2026-07-24T13:33:11.436978"}
{"op_code":0,"worker_id":"b398d62b-6787-42a0-803c-c46a1044c053-23456247935296","study_name":"peter_mushrooms_k1","directions":[2]}
{"op_code":0,"worker_id":"bff1ff9a-9ac1-4c47-afc1-02727eb9e6ee-23456247935296","study_name":"peter_mushrooms_k1","directions":[2]}
