{"op_code":0,"worker_id":"22f09377-cd7b-4701-98ee-f9ade73c1ff2-20268","study_name":"peter_nltcs_k5","directions":[2]}
{"op_code":0,"worker_id":"6a208625-ff8f-427e-86d1-fc2e19242d67-36796","study_name":"peter_nltcs_k5","directions":[2]}
{"op_code":4,"worker_id":"6a208625-ff8f-427e-86d1-fc2e19242d67-36796","study_id":0,"datetime_start":"2026-07-24T09:13:00.704533"}
{"op_code":5,"worker_id":"6a208625-ff8f-427e-86d1-fc2e19242d67-36796","trial_id":0,"param_name":"lr","param_value_internal":0.0010604527860843234,"distribution":"{\"name\": \"FloatDistribution\", \"attributes\": {\"step\": null, \"low\": 1e-08, \"high\": 0.5, \"log\": true}}"}
{"op_code":5,"worker_id":"6a208625-ff8f-427e-86d1-fc2e19242d67-36796","trial_id":0,"param_name":"ratio","param_value_internal":0.12215218419351058,"distribution":"{\"name\": \"FloatDistribution\", \"attributes\": {\"step\": null, \"low\": 0.1, \"high\": 100.0, \"log\": true}}"}
{"op_code":0,"worker_id":"7d4dac76-5086-4551-abdc-597cc5296b0b-34224","study_name":"peter_nltcs_k5","directions":[2]}
{"op_code":4,"worker_id":"7d4dac76-5086-4551-abdc-597cc5296b0b-34224","study_id":0,"datetime_start":"2026-07-24T09:13:01.761382"}
{"op_code":5,"worker_id":"7d4dac76-5086-4551-abdc-597cc5296b0b-34224","trial_id":1,"param_name":"lr","param_value_internal":0.2537824543677954,"distribution":"{\"name\": \"FloatDistribution\", \"attributes\": {\"step\": null, \"low\": 1e-08, \"high\": 0.5, \"log\": true}}"}
{"op_code":5,"worker_id":"7d4dac76-5086-4551-abdc-597cc5296b0b-34224","trial_id":1,"param_name":"ratio","param_value_internal":16.10086364307492,"distribution":"{\"name\": \"FloatDistribution\", \"attributes\": {\"step\": null, \"low\": 0.1, \"high\": 100.0, \"log\": true}}"}
{"op_code":0,"worker_id":"f1246858-2449-40a5-820c-92e08f1c0159-25052","study_name":"peter_nltcs_k5","directions":[2]}
{"op_code":0,"worker_id":"70368132-55e7-472c-a127-714f26ddbda5-23456247935296","study_name":"peter_nltcs_k5","directions":[2]}
{"op_code":0,"worker_id":"57260174-8aac-4696-94b9-3f8bfe36266d-23456247935296","study_name":"peter_nltcs_k5","directions":[2]}
{"op_code":4,"worker_id":"57260174-8aac-4696-94b9-3f8bfe36266d-23456247935296","study_id":0,"datetime_start":"2026-07-24T10:21:57.200459"}
{"op_code":5,"worker_id":"57260174-8aac-4696-94b9-3f8bfe36266d-23456247935296","trial_id":2,"param_name":"lr","param_value_internal":4.9926985883048094e-05,"distribution":"{\"name\": \"FloatDistribution\", \"attributes\": {\"step\": null, \"low\": 1e-08, \"high\": 0.5, \"log\": true}}"}
{"op_code":5,"worker_id":"57260174-8aac-4696-94b9-3f8bfe36266d-23456247935296","trial_id":2,"param_name":"ratio","param_value_internal":81.33024369812944,"distribution":"{\"name\": \"FloatDistribution\", \"attributes\": {\"step\": null, \"low\": 0.1, \"high\": 100.0, \"log\": true}}"}
{"op_code":6,"worker_id":"57260174-8aac-4696-94b9-3f8bfe36266d-23456247935296","trial_id":2,"state":1,"values":[-22.234054647190586],"datetime_complete":"2026-07-24T10:22:12.090045"}
{"op_code":0,"worker_id":"8b1fea54-ee81-44cf-9e3d-31fd71fd643c-23456247935296","study_name":"peter_nltcs_k5","directions":[2]}
{"op_code":4,"worker_id":"8b1fea54-ee81-44cf-9e3d-31fd71fd643c-23456247935296","study_id":0,"datetime_start":"2026-07-24T10:23:40.250120"}
{"op_code":5,"worker_id":"8b1fea54-ee81-44cf-9e3d-31fd71fd643c-23456247935296","trial_id":3,"param_name":"lr","param_value_internal":0.03157014001630232,"distribution":"{\"name\": \"FloatDistribution\", \"attributes\": {\"step\": null, \"low\": 1e-08, \"high\": 0.5, \"log\": true}}"}
{"op_code":5,"worker_id":"8b1fea54-ee81-44cf-9e3d-31fd71fd643c-23456247935296","trial_id":3,"param_name":"ratio","param_value_internal":4.443030233647126,"distribution":"{\"name\": \"FloatDistribution\", \"attributes\": {\"step\": null, \"low\": 0.1, \"high\": 100.0, \"log\": true}}"}
{"op_code":6,"worker_id":"8b1fea54-ee81-44cf-9e3d-31fd71fd643c-23456247935296","trial_id":3,"state":1,"values":[-11.633006649673089],"datetime_complete":"2026-07-24T10:23:54.827295"}
{"op_code":0,"worker_id":"eec60e06-7288-49a2-9d41-c9353fe9b01c-23456247935296","study_name":"peter_nltcs_k5","directions":[2]}
{"op_code":4,"worker_id":"eec60e06-7288-49a2-9d41-c9353fe9b01c-23456247935296","study_id":0,"datetime_start":"2026-07-24T10:27:34.167976"}
{"op_code":5,"worker_id":"eec60e06-7288-49a2-9d41-c9353fe9b01c-23456247935296","trial_id":4,"param_name":"lr","param_value_internal":0.09530898820229346,"distribution":"{\"name\": \"FloatDistribution\", \"attributes\": {\"step\": null, \"low\": 1e-08, \"high\": 0.5, \"log\": true}}"}
{"op_code":5,"worker_id":"eec60e06-7288-49a2-9d41-c9353fe9b01c-23456247935296","trial_id":4,"param_name":"ratio","param_value_internal":0.2903031290771751,"distribution":"{\"name\": \"FloatDistribution\", \"attributes\": {\"step\": null, \"low\": 0.1, \"high\": 100.0, \"log\": true}}"}
{"op_code":6,"worker_id":"eec60e06-7288-49a2-9d41-c9353fe9b01c-23456247935296","trial_id":4,"state":1,"values":[-12.689916190487859],"datetime_complete":"2026-07-24T10:27:48.785826"}
{"op_code":0,"worker_id":"895dbf7c-4a26-4130-9beb-f793b6eb820b-23456247935296","study_name":"peter_nltcs_k5","directions":[2]}
{"op_code":4,"worker_id":"895dbf7c-4a26-4130-9beb-f793b6eb820b-23456247935296","study_id":0,"datetime_start":"2026-07-24T10:31:09.439843"}
{"op_code":5,"worker_id":"895dbf7c-4a26-4130-9beb-f793b6eb820b-23456247935296","trial_id":5,"param_name":"lr","param_value_internal":0.0006737558706311987,"distribution":"{\"name\": \"FloatDistribution\", \"attributes\": {\"step\": null, \"low\": 1e-08, \"high\": 0.5, \"log\": true}}"}
{"op_code":5,"worker_id":"895dbf7c-4a26-4130-9beb-f793b6eb820b-23456247935296","trial_id":5,"param_name":"ratio","param_value_internal":0.282425510290205,"distribution":"{\"name\": \"FloatDistribution\", \"attributes\": {\"step\": null, \"low\": 0.1, \"high\": 100.0, \"log\": true}}"}
{"op_code":6,"worker_id":"895dbf7c-4a26-4130-9beb-f793b6eb820b-23456247935296","trial_id":5,"state":1,"values":[-22.622439723781074],"datetime_complete":"2026-07-24T10:31:21.747680"}
{"op_code":0,"worker_id":"40de4180-f008-4adb-9888-010b6599ce0a-23456247935296","study_name":"peter_nltcs_k5","directions":[2]}
{"op_code":4,"worker_id":"40de4180-f008-4adb-9888-010b6599ce0a-23456247935296","study_id":0,"datetime_start":"2026-07-24T10:34:40.976116"}
{"op_code":5,"worker_id":"40de4180-f008-4adb-9888-010b6599ce0a-23456247935296","trial_id":6,"param_name":"lr","param_value_internal":0.022558979239124477,"distribution":"{\"name\": \"FloatDistribution\", \"attributes\": {\"step\": null, \"low\": 1e-08, \"high\": 0.5, \"log\": true}}"}
{"op_code":5,"worker_id":"40de4180-f008-4adb-9888-010b6599ce0a-23456247935296","trial_id":6,"param_name":"ratio","param_value_internal":11.108236496036707,"distribution":"{\"name\": \"FloatDistribution\", \"attributes\": {\"step\": null, \"low\": 0.1, \"high\": 100.0, \"log\": true}}"}
{"op_code":6,"worker_id":"40de4180-f008-4adb-9888-010b6599ce0a-23456247935296","trial_id":6,"state":1,"values":[-11.296105843705671],"datetime_complete":"2026-07-24T10:34:53.397550"}
{"op_code":0,"worker_id":"b09a1985-e7c7-4f3e-ac16-1e8bbae3f66e-23456247935296","study_name":"peter_nltcs_k5","directions":[2]}
{"op_code":4,"worker_id":"b09a1985-e7c7-4f3e-ac16-1e8bbae3f66e-23456247935296","study_id":0,"datetime_start":"2026-07-24T10:37:52.656076"}
{"op_code":5,"worker_id":"b09a1985-e7c7-4f3e-ac16-1e8bbae3f66e-23456247935296","trial_id":7,"param_name":"lr","param_value_internal":0.04438343883395446,"distribution":"{\"name\": \"FloatDistribution\", \"attributes\": {\"step\": null, \"low\": 1e-08, \"high\": 0.5, \"log\": true}}"}
{"op_code":5,"worker_id":"b09a1985-e7c7-4f3e-ac16-1e8bbae3f66e-23456247935296","trial_id":7,"param_name":"ratio","param_value_internal":63.71750723653696,"distribution":"{\"name\": \"FloatDistribution\", \"attributes\": {\"step\": null, \"low\": 0.1, \"high\": 100.0, \"log\": true}}"}
{"op_code":6,"worker_id":"b09a1985-e7c7-4f3e-ac16-1e8bbae3f66e-23456247935296","trial_id":7,"state":1,"values":[-12.140046710715664],"datetime_complete":"2026-07-24T10:38:07.538480"}
{"op_code":0,"worker_id":"3272b552-66db-4759-bcb8-788d91656cf6-23456247935296","study_name":"peter_nltcs_k5","directions":[2]}
{"op_code":4,"worker_id":"3272b552-66db-4759-bcb8-788d91656cf6-23456247935296","study_id":0,"datetime_start":"2026-07-24T10:42:13.834658"}
{"op_code":5,"worker_id":"3272b552-66db-4759-bcb8-788d91656cf6-23456247935296","trial_id":8,"param_name":"lr","param_value_internal":0.00014270539039422148,"distribution":"{\"name\": \"FloatDistribution\", \"attributes\": {\"step\": null, \"low\": 1e-08, \"high\": 0.5, \"log\": true}}"}
{"op_code":5,"worker_id":"3272b552-66db-4759-bcb8-788d91656cf6-23456247935296","trial_id":8,"param_name":"ratio","param_value_internal":13.17724589093218,"distribution":"{\"name\": \"FloatDistribution\", \"attributes\": {\"step\": null, \"low\": 0.1, \"high\": 100.0, \"log\": true}}"}
{"op_code":6,"worker_id":"3272b552-66db-4759-bcb8-788d91656cf6-23456247935296","trial_id":8,"state":1,"values":[-21.986721549565235],"datetime_complete":"2026-07-24T10:42:28.608203"}
{"op_code":0,"worker_id":"688dc7a4-b5e1-4e9e-994a-ac7510d3abeb-23456247935296","study_name":"peter_nltcs_k5","directions":[2]}
{"op_code":4,"worker_id":"688dc7a4-b5e1-4e9e-994a-ac7510d3abeb-23456247935296","study_id":0,"datetime_start":"2026-07-24T10:46:26.197255"}
{"op_code":5,"worker_id":"688dc7a4-b5e1-4e9e-994a-ac7510d3abeb-23456247935296","trial_id":9,"param_name":"lr","param_value_internal":1.8796840990610916e-05,"distribution":"{\"name\": \"FloatDistribution\", \"attributes\": {\"step\": null, \"low\": 1e-08, \"high\": 0.5, \"log\": true}}"}
{"op_code":5,"worker_id":"688dc7a4-b5e1-4e9e-994a-ac7510d3abeb-23456247935296","trial_id":9,"param_name":"ratio","param_value_internal":0.3027818678817632,"distribution":"{\"name\": \"FloatDistribution\", \"attributes\": {\"step\": null, \"low\": 0.1, \"high\": 100.0, \"log\": true}}"}
{"op_code":6,"worker_id":"688dc7a4-b5e1-4e9e-994a-ac7510d3abeb-23456247935296","trial_id":9,"state":1,"values":[-23.014250126013312],"datetime_complete":"2026-07-24T10:46:38.751620"}
{"op_code":0,"worker_id":"1de2c754-b300-41d5-b08e-293f2e0594ca-23456247935296","study_name":"peter_nltcs_k5","directions":[2]}
{"op_code":4,"worker_id":"1de2c754-b300-41d5-b08e-293f2e0594ca-23456247935296","study_id":0,"datetime_start":"2026-07-24T10:50:45.877839"}
{"op_code":5,"worker_id":"1de2c754-b300-41d5-b08e-293f2e0594ca-23456247935296","trial_id":10,"param_name":"lr","param_value_internal":8.932223055765741e-08,"distribution":"{\"name\": \"FloatDistribution\", \"attributes\": {\"step\": null, \"low\": 1e-08, \"high\": 0.5, \"log\": true}}"}
{"op_code":5,"worker_id":"1de2c754-b300-41d5-b08e-293f2e0594ca-23456247935296","trial_id":10,"param_name":"ratio","param_value_internal":9.153113820413186,"distribution":"{\"name\": \"FloatDistribution\", \"attributes\": {\"step\": null, \"low\": 0.1, \"high\": 100.0, \"log\": true}}"}
{"op_code":6,"worker_id":"1de2c754-b300-41d5-b08e-293f2e0594ca-23456247935296","trial_id":10,"state":1,"values":[-23.020186443101927],"datetime_complete":"2026-07-24T10:51:01.093724"}
{"op_code":0,"worker_id":"a24371d0-61bb-4a24-9d12-a0ae38bf2e2f-23456247935296","study_name":"peter_nltcs_k5","directions":[2]}
{"op_code":4,"worker_id":"a24371d0-61bb-4a24-9d12-a0ae38bf2e2f-23456247935296","study_id":0,"datetime_start":"2026-07-24T10:55:01.361739"}
{"op_code":5,"worker_id":"a24371d0-61bb-4a24-9d12-a0ae38bf2e2f-23456247935296","trial_id":11,"param_name":"lr","param_value_internal":0.0003001189380540743,"distribution":"{\"name\": \"FloatDistribution\", \"attributes\": {\"step\": null, \"low\": 1e-08, \"high\": 0.5, \"log\": true}}"}
{"op_code":5,"worker_id":"a24371d0-61bb-4a24-9d12-a0ae38bf2e2f-23456247935296","trial_id":11,"param_name":"ratio","param_value_internal":30.73871210301938,"distribution":"{\"name\": \"FloatDistribution\", \"attributes\": {\"step\": null, \"low\": 0.1, \"high\": 100.0, \"log\": true}}"}
{"op_code":6,"worker_id":"a24371d0-61bb-4a24-9d12-a0ae38bf2e2f-23456247935296","trial_id":11,"state":1,"values":[-19.766875572450942],"datetime_complete":"2026-07-24T10:55:16.519343"}
{"op_code":0,"worker_id":"78d1514e-07da-45a3-9d48-4ca88c0bf4ec-23456247935296","study_name":"peter_nltcs_k5","directions":[2]}
{"op_code":4,"worker_id":"78d1514e-07da-45a3-9d48-4ca88c0bf4ec-23456247935296","study_id":0,"datetime_start":"2026-07-24T10:59:23.722270"}
{"op_code":9,"worker_id":"78d1514e-07da-45a3-9d48-4ca88c0bf4ec-23456247935296","trial_id":12,"system_attr":{"tpe:relative_params:0":"{\"lr\": 2.6040683029628683e-08, \"ratio\": 0.11644123128709129}"}}
{"op_code":5,"worker_id":"78d1514e-07da-45a3-9d48-4ca88c0bf4ec-23456247935296","trial_id":12,"param_name":"lr","param_value_internal":2.6040683029628683e-08,"distribution":"{\"name\": \"FloatDistribution\", \"attributes\": {\"step\": null, \"low\": 1e-08, \"high\": 0.5, \"log\": true}}"}
{"op_code":5,"worker_id":"78d1514e-07da-45a3-9d48-4ca88c0bf4ec-23456247935296","trial_id":12,"param_name":"ratio","param_value_internal":0.11644123128709129,"distribution":"{\"name\": \"FloatDistribution\", \"attributes\": {\"step\": null, \"low\": 0.1, \"high\": 100.0, \"log\": true}}"}
{"op_code":6,"worker_id":"78d1514e-07da-45a3-9d48-4ca88c0bf4ec-23456247935296","trial_id":12,"state":1,"values":[-23.020208391808392],"datetime_complete":"2026-07-24T10:59:38.932542"}
{"op_code":0,"worker_id":"237c4a7a-a83d-4eda-9db1-5fc01c916510-23456247935296","study_name":"peter_nltcs_k5","directions":[2]}
{"op_code":4,"worker_id":"237c4a7a-a83d-4eda-9db1-5fc01c916510-23456247935296","study_id":0,"datetime_start":"2026-07-24T11:04:31.373466"}
{"op_code":9,"worker_id":"237c4a7a-a83d-4eda-9db1-5fc01c916510-23456247935296","trial_id":13,"system_attr":{"tpe:relative_params:0":"{\"lr\": 0.1004584448488048, \"ratio\": 1.8959837176939436}"}}
{"op_code":5,"worker_id":"237c4a7a-a83d-4eda-9db1-5fc01c916510-23456247935296","trial_id":13,"param_name":"lr","param_value_internal":0.1004584448488048,"distribution":"{\"name\": \"FloatDistribution\", \"attributes\": {\"step\": null, \"low\": 1e-08, \"high\": 0.5, \"log\": true}}"}
{"op_code":5,"worker_id":"237c4a7a-a83d-4eda-9db1-5fc01c916510-23456247935296","trial_id":13,"param_name":"ratio","param_value_internal":1.8959837176939436,"distribution":"{\"name\": \"FloatDistribution\", \"attributes\": {\"step\": null, \"low\": 0.1, \"high\": 100.0, \"log\": true}}"}
{"op_code":6,"worker_id":"237c4a7a-a83d-4eda-9db1-5fc01c916510-23456247935296","trial_id":13,"state":1,"values":[-11.513610968673946],"datetime_complete":"2026-07-24T11:04:45.809719"}
{"op_code":0,"worker_id":"6abb081c-b548-434c-a214-2f962a1cb88c-23456247935296","study_name":"peter_nltcs_k5","directions":[2]}
{"op_code":4,"worker_id":"6abb081c-b548-434c-a214-2f962a1cb88c-23456247935296","study_id":0,"datetime_start":"2026-07-24T11:09:10.582000"}
{"op_code":9,"worker_id":"6abb081c-b548-434c-a214-2f962a1cb88c-23456247935296","trial_id":14,"system_attr":{"tpe:relative_params:0":"{\"lr\": 0.00041962327298080456, \"ratio\": 2.424804634029557}"}}
{"op_code":5,"worker_id":"6abb081c-b548-434c-a214-2f962a1cb88c-23456247935296","trial_id":14,"param_name":"lr","param_value_internal":0.00041962327298080456,"distribution":"{\"name\": \"FloatDistribution\", \"attributes\": {\"step\": null, \"low\": 1e-08, \"high\": 0.5, \"log\": true}}"}
{"op_code":5,"worker_id":"6abb081c-b548-434c-a214-2f962a1cb88c-23456247935296","trial_id":14,"param_name":"ratio","param_value_internal":2.424804634029557,"distribution":"{\"name\": \"FloatDistribution\", \"attributes\": {\"step\": null, \"low\": 0.1, \"high\": 100.0, \"log\": true}}"}
{"op_code":6,"worker_id":"6abb081c-b548-434c-a214-2f962a1cb88c-23456247935296","trial_id":14,"state":1,"values":[-21.51223280975972],"datetime_complete":"2026-07-24T11:09:25.236194"}
{"op_code":0,"worker_id":"f7a1e813-267f-4dd3-84c4-1ba974fe95c6-23456247935296","study_name":"peter_nltcs_k5","directions":[2]}
{"op_code":4,"worker_id":"f7a1e813-267f-4dd3-84c4-1ba974fe95c6-23456247935296","study_id":0,"datetime_start":"2026-07-24T11:13:21.685867"}
{"op_code":9,"worker_id":"f7a1e813-267f-4dd3-84c4-1ba974fe95c6-23456247935296","trial_id":15,"system_attr":{"tpe:relative_params:0":"{\"lr\": 0.4886576017245567, \"ratio\": 3.458215447183414}"}}
{"op_code":5,"worker_id":"f7a1e813-267f-4dd3-84c4-1ba974fe95c6-23456247935296","trial_id":15,"param_name":"lr","param_value_internal":0.4886576017245567,"distribution":"{\"name\": \"FloatDistribution\", \"attributes\": {\"step\": null, \"low\": 1e-08, \"high\": 0.5, \"log\": true}}"}
{"op_code":5,"worker_id":"f7a1e813-267f-4dd3-84c4-1ba974fe95c6-23456247935296","trial_id":15,"param_name":"ratio","param_value_internal":3.458215447183414,"distribution":"{\"name\": \"FloatDistribution\", \"attributes\": {\"step\": null, \"low\": 0.1, \"high\": 100.0, \"log\": true}}"}
{"op_code":6,"worker_id":"f7a1e813-267f-4dd3-84c4-1ba974fe95c6-23456247935296","trial_id":15,"state":3,"values":null,"datetime_complete":"2026-07-24T11:13:22.841461"}
{"op_code":0,"worker_id":"7981dbb8-8c26-4c66-bd98-a31db1ead4f7-23456247935296","study_name":"peter_nltcs_k5","directions":[2]}
{"op_code":4,"worker_id":"7981dbb8-8c26-4c66-bd98-a31db1ead4f7-23456247935296","study_id":0,"datetime_start":"2026-07-24T11:18:09.528864"}
{"op_code":9,"worker_id":"7981dbb8-8c26-4c66-bd98-a31db1ead4f7-23456247935296","trial_id":16,"system_attr":{"tpe:relative_params:0":"{\"lr\": 0.31297355649830455, \"ratio\": 1.650041337038539}"}}
{"op_code":5,"worker_id":"7981dbb8-8c26-4c66-bd98-a31db1ead4f7-23456247935296","trial_id":16,"param_name":"lr","param_value_internal":0.31297355649830455,"distribution":"{\"name\": \"FloatDistribution\", \"attributes\": {\"step\": null, \"low\": 1e-08, \"high\": 0.5, \"log\": true}}"}
{"op_code":5,"worker_id":"7981dbb8-8c26-4c66-bd98-a31db1ead4f7-23456247935296","trial_id":16,"param_name":"ratio","param_value_internal":1.650041337038539,"distribution":"{\"name\": \"FloatDistribution\", \"attributes\": {\"step\": null, \"low\": 0.1, \"high\": 100.0, \"log\": true}}"}
{"op_code":6,"worker_id":"7981dbb8-8c26-4c66-bd98-a31db1ead4f7-23456247935296","trial_id":16,"state":3,"values":null,"datetime_complete":"2026-07-24T11:18:10.545921"}
{"op_code":0,"worker_id":"e5e1bb2e-b40d-4bb5-ac7a-0d6f5f857762-23456247935296","study_name":"peter_nltcs_k5","directions":[2]}
{"op_code":4,"worker_id":"e5e1bb2e-b40d-4bb5-ac7a-0d6f5f857762-23456247935296","study_id":0,"datetime_start":"2026-07-24T11:21:54.171813"}
{"op_code":9,"worker_id":"e5e1bb2e-b40d-4bb5-ac7a-0d6f5f857762-23456247935296","trial_id":17,"system_attr":{"tpe:relative_params:0":"{\"lr\": 0.3305605067613818, \"ratio\": 1.477883065724753}"}}
{"op_code":5,"worker_id":"e5e1bb2e-b40d-4bb5-ac7a-0d6f5f857762-23456247935296","trial_id":17,"param_name":"lr","param_value_internal":0.3305605067613818,"distribution":"{\"name\": \"FloatDistribution\", \"attributes\": {\"step\": null, \"low\": 1e-08, \"high\": 0.5, \"log\": true}}"}
{"op_code":5,"worker_id":"e5e1bb2e-b40d-4bb5-ac7a-0d6f5f857762-23456247935296","trial_id":17,"param_name":"ratio","param_value_internal":1.477883065724753,"distribution":"{\"name\": \"FloatDistribution\", \"attributes\": {\"step\": null, \"low\": 0.1, \"high\": 100.0, \"log\": true}}"}
{"op_code":6,"worker_id":"e5e1bb2e-b40d-4bb5-ac7a-0d6f5f857762-23456247935296","trial_id":17,"state":3,"values":null,"datetime_complete":"2026-07-24T11:21:55.488734"}
{"op_code":0,"worker_id":"0dc13a7f-b3de-4f77-887a-73182d4df436-23456247935296","study_name":"peter_nltcs_k5","directions":[2]}
{"op_code":4,"worker_id":"0dc13a7f-b3de-4f77-887a-73182d4df436-23456247935296","study_id":0,"datetime_start":"2026-07-24T11:26:03.742681"}
{"op_code":9,"worker_id":"0dc13a7f-b3de-4f77-887a-73182d4df436-23456247935296","trial_id":18,"system_attr":{"tpe:relative_params:0":"{\"lr\": 0.07741331893016877, \"ratio\": 2.2222965741402163}"}}
{"op_code":5,"worker_id":"0dc13a7f-b3de-4f77-887a-73182d4df436-23456247935296","trial_id":18,"param_name":"lr","param_value_internal":0.07741331893016877,"distribution":"{\"name\": \"FloatDistribution\", \"attributes\": {\"step\": null, \"low\": 1e-08, \"high\": 0.5, \"log\": true}}"}
{"op_code":5,"worker_id":"0dc13a7f-b3de-4f77-887a-73182d4df436-23456247935296","trial_id":18,"param_name":"ratio","param_value_internal":2.2222965741402163,"distribution":"{\"name\": \"FloatDistribution\", \"attributes\": {\"step\": null, \"low\": 0.1, \"high\": 100.0, \"log\": true}}"}
{"op_code":6,"worker_id":"0dc13a7f-b3de-4f77-887a-73182d4df436-23456247935296","trial_id":18,"state":1,"values":[-11.537373909712889],"datetime_complete":"2026-07-24T11:26:19.470052"}
{"op_code":0,"worker_id":"7e3bb870-669c-4a89-b6cd-fd3b80bf8c20-23456247935296","study_name":"peter_nltcs_k5","directions":[2]}
{"op_code":4,"worker_id":"7e3bb870-669c-4a89-b6cd-fd3b80bf8c20-23456247935296","study_id":0,"datetime_start":"2026-07-24T11:30:00.786236"}
{"op_code":9,"worker_id":"7e3bb870-669c-4a89-b6cd-fd3b80bf8c20-23456247935296","trial_id":19,"system_attr":{"tpe:relative_params:0":"{\"lr\": 2.101016055514324e-07, \"ratio\": 1.249861198222755}"}}
{"op_code":5,"worker_id":"7e3bb870-669c-4a89-b6cd-fd3b80bf8c20-23456247935296","trial_id":19,"param_name":"lr","param_value_internal":2.101016055514324e-07,"distribution":"{\"name\": \"FloatDistribution\", \"attributes\": {\"step\": null, \"low\": 1e-08, \"high\": 0.5, \"log\": true}}"}
{"op_code":5,"worker_id":"7e3bb870-669c-4a89-b6cd-fd3b80bf8c20-23456247935296","trial_id":19,"param_name":"ratio","param_value_internal":1.249861198222755,"distribution":"{\"name\": \"FloatDistribution\", \"attributes\": {\"step\": null, \"low\": 0.1, \"high\": 100.0, \"log\": true}}"}
{"op_code":6,"worker_id":"7e3bb870-669c-4a89-b6cd-fd3b80bf8c20-23456247935296","trial_id":19,"state":1,"values":[-23.0201505355375],"datetime_complete":"2026-07-24T11:30:15.688791"}
{"op_code":0,"worker_id":"d321aeff-1609-40fe-abb7-1b137cbb25ea-23456247935296","study_name":"peter_nltcs_k5","directions":[2]}
{"op_code":4,"worker_id":"d321aeff-1609-40fe-abb7-1b137cbb25ea-23456247935296","study_id":0,"datetime_start":"2026-07-24T11:35:22.756901"}
{"op_code":9,"worker_id":"d321aeff-1609-40fe-abb7-1b137cbb25ea-23456247935296","trial_id":20,"system_attr":{"tpe:relative_params:0":"{\"lr\": 0.31148171988001216, \"ratio\": 1.750426928657569}"}}
{"op_code":5,"worker_id":"d321aeff-1609-40fe-abb7-1b137cbb25ea-23456247935296","trial_id":20,"param_name":"lr","param_value_internal":0.31148171988001216,"distribution":"{\"name\": \"FloatDistribution\", \"attributes\": {\"step\": null, \"low\": 1e-08, \"high\": 0.5, \"log\": true}}"}
{"op_code":5,"worker_id":"d321aeff-1609-40fe-abb7-1b137cbb25ea-23456247935296","trial_id":20,"param_name":"ratio","param_value_internal":1.750426928657569,"distribution":"{\"name\": \"FloatDistribution\", \"attributes\": {\"step\": null, \"low\": 0.1, \"high\": 100.0, \"log\": true}}"}
{"op_code":6,"worker_id":"d321aeff-1609-40fe-abb7-1b137cbb25ea-23456247935296","trial_id":20,"state":3,"values":null,"datetime_complete":"2026-07-24T11:35:24.245786"}
{"op_code":0,"worker_id":"468b3ed4-1cbd-44bc-a6ff-020620ceeb20-23456247935296","study_name":"peter_nltcs_k5","directions":[2]}
{"op_code":4,"worker_id":"468b3ed4-1cbd-44bc-a6ff-020620ceeb20-23456247935296","study_id":0,"datetime_start":"2026-07-24T11:39:28.037887"}
{"op_code":9,"worker_id":"468b3ed4-1cbd-44bc-a6ff-020620ceeb20-23456247935296","trial_id":21,"system_attr":{"tpe:relative_params:0":"{\"lr\": 0.001958439539814329, \"ratio\": 7.454439940512214}"}}
{"op_code":5,"worker_id":"468b3ed4-1cbd-44bc-a6ff-020620ceeb20-23456247935296","trial_id":21,"param_name":"lr","param_value_internal":0.001958439539814329,"distribution":"{\"name\": \"FloatDistribution\", \"attributes\": {\"step\": null, \"low\": 1e-08, \"high\": 0.5, \"log\": true}}"}
{"op_code":5,"worker_id":"468b3ed4-1cbd-44bc-a6ff-020620ceeb20-23456247935296","trial_id":21,"param_name":"ratio","param_value_internal":7.454439940512214,"distribution":"{\"name\": \"FloatDistribution\", \"attributes\": {\"step\": null, \"low\": 0.1, \"high\": 100.0, \"log\": true}}"}
{"op_code":6,"worker_id":"468b3ed4-1cbd-44bc-a6ff-020620ceeb20-23456247935296","trial_id":21,"state":1,"values":[-15.386864120943152],"datetime_complete":"2026-07-24T11:39:43.303802"}
{"op_code":0,"worker_id":"eb982ad3-bb9d-4334-96c9-ec51d0eec737-23456247935296","study_name":"peter_nltcs_k5","directions":[2]}
{"op_code":4,"worker_id":"eb982ad3-bb9d-4334-96c9-ec51d0eec737-23456247935296","study_id":0,"datetime_start":"2026-07-24T11:43:07.405816"}
{"op_code":9,"worker_id":"eb982ad3-bb9d-4334-96c9-ec51d0eec737-23456247935296","trial_id":22,"system_attr":{"tpe:relative_params:0":"{\"lr\": 0.24357398358488214, \"ratio\": 1.4966418716674887}"}}
{"op_code":5,"worker_id":"eb982ad3-bb9d-4334-96c9-ec51d0eec737-23456247935296","trial_id":22,"param_name":"lr","param_value_internal":0.24357398358488214,"distribution":"{\"name\": \"FloatDistribution\", \"attributes\": {\"step\": null, \"low\": 1e-08, \"high\": 0.5, \"log\": true}}"}
{"op_code":5,"worker_id":"eb982ad3-bb9d-4334-96c9-ec51d0eec737-23456247935296","trial_id":22,"param_name":"ratio","param_value_internal":1.4966418716674887,"distribution":"{\"name\": \"FloatDistribution\", \"attributes\": {\"step\": null, \"low\": 0.1, \"high\": 100.0, \"log\": true}}"}
{"op_code":6,"worker_id":"eb982ad3-bb9d-4334-96c9-ec51d0eec737-23456247935296","trial_id":22,"state":3,"values":null,"datetime_complete":"2026-07-24T11:43:08.681531"}
{"op_code":0,"worker_id":"957a3fae-d6ae-4e70-bdb7-ace78f0a7347-23456247935296","study_name":"peter_nltcs_k5","directions":[2]}
{"op_code":4,"worker_id":"957a3fae-d6ae-4e70-bdb7-ace78f0a7347-23456247935296","study_id":0,"datetime_start":"2026-07-24T11:46:26.292942"}
{"op_code":9,"worker_id":"957a3fae-d6ae-4e70-bdb7-ace78f0a7347-23456247935296","trial_id":23,"system_attr":{"tpe:relative_params:0":"{\"lr\": 0.3970865617953719, \"ratio\": 3.9404331123286003}"}}
{"op_code":5,"worker_id":"957a3fae-d6ae-4e70-bdb7-ace78f0a7347-23456247935296","trial_id":23,"param_name":"lr","param_value_internal":0.3970865617953719,"distribution":"{\"name\": \"FloatDistribution\", \"attributes\": {\"step\": null, \"low\": 1e-08, \"high\": 0.5, \"log\": true}}"}
{"op_code":5,"worker_id":"957a3fae-d6ae-4e70-bdb7-ace78f0a7347-23456247935296","trial_id":23,"param_name":"ratio","param_value_internal":3.9404331123286003,"distribution":"{\"name\": \"FloatDistribution\", \"attributes\": {\"step\": null, \"low\": 0.1, \"high\": 100.0, \"log\": true}}"}
{"op_code":6,"worker_id":"957a3fae-d6ae-4e70-bdb7-ace78f0a7347-23456247935296","trial_id":23,"state":3,"values":null,"datetime_complete":"2026-07-24T11:46:27.369545"}
{"op_code":0,"worker_id":"5872276f-b855-4a51-81ca-7d3de1cb47c9-23456247935296","study_name":"peter_nltcs_k5","directions":[2]}
{"op_code":4,"worker_id":"5872276f-b855-4a51-81ca-7d3de1cb47c9-23456247935296","study_id":0,"datetime_start":"2026-07-24T11:50:04.241649"}
{"op_code":9,"worker_id":"5872276f-b855-4a51-81ca-7d3de1cb47c9-23456247935296","trial_id":24,"system_attr":{"tpe:relative_params:0":"{\"lr\": 0.37782088945090225, \"ratio\": 1.147606057572737}"}}
{"op_code":5,"worker_id":"5872276f-b855-4a51-81ca-7d3de1cb47c9-23456247935296","trial_id":24,"param_name":"lr","param_value_internal":0.37782088945090225,"distribution":"{\"name\": \"FloatDistribution\", \"attributes\": {\"step\": null, \"low\": 1e-08, \"high\": 0.5, \"log\": true}}"}
{"op_code":5,"worker_id":"5872276f-b855-4a51-81ca-7d3de1cb47c9-23456247935296","trial_id":24,"param_name":"ratio","param_value_internal":1.147606057572737,"distribution":"{\"name\": \"FloatDistribution\", \"attributes\": {\"step\": null, \"low\": 0.1, \"high\": 100.0, \"log\": true}}"}
{"op_code":6,"worker_id":"5872276f-b855-4a51-81ca-7d3de1cb47c9-23456247935296","trial_id":24,"state":1,"values":[-11.20419261319879],"datetime_complete":"2026-07-24T11:50:19.491992"}
{"op_code":0,"worker_id":"5bf82f99-55be-468b-adf2-abfba8d42418-23456247935296","study_name":"peter_nltcs_k5","directions":[2]}
{"op_code":4,"worker_id":"5bf82f99-55be-468b-adf2-abfba8d42418-23456247935296","study_id":0,"datetime_start":"2026-07-24T11:53:18.164853"}
{"op_code":9,"worker_id":"5bf82f99-55be-468b-adf2-abfba8d42418-23456247935296","trial_id":25,"system_attr":{"tpe:relative_params:0":"{\"lr\": 0.4056596451448649, \"ratio\": 0.2211881063120742}"}}
{"op_code":5,"worker_id":"5bf82f99-55be-468b-adf2-abfba8d42418-23456247935296","trial_id":25,"param_name":"lr","param_value_internal":0.4056596451448649,"distribution":"{\"name\": \"FloatDistribution\", \"attributes\": {\"step\": null, \"low\": 1e-08, \"high\": 0.5, \"log\": true}}"}
{"op_code":5,"worker_id":"5bf82f99-55be-468b-adf2-abfba8d42418-23456247935296","trial_id":25,"param_name":"ratio","param_value_internal":0.2211881063120742,"distribution":"{\"name\": \"FloatDistribution\", \"attributes\": {\"step\": null, \"low\": 0.1, \"high\": 100.0, \"log\": true}}"}
{"op_code":6,"worker_id":"5bf82f99-55be-468b-adf2-abfba8d42418-23456247935296","trial_id":25,"state":1,"values":[-12.028379218702673],"datetime_complete":"2026-07-24T11:53:33.726381"}
{"op_code":0,"worker_id":"c6f56991-0b4d-4435-b85d-03a203a9d92c-23456247935296","study_name":"peter_nltcs_k5","directions":[2]}
{"op_code":4,"worker_id":"c6f56991-0b4d-4435-b85d-03a203a9d92c-23456247935296","study_id":0,"datetime_start":"2026-07-24T11:56:52.262480"}
{"op_code":9,"worker_id":"c6f56991-0b4d-4435-b85d-03a203a9d92c-23456247935296","trial_id":26,"system_attr":{"tpe:relative_params:0":"{\"lr\": 0.007911653163250813, \"ratio\": 1.4163801446432334}"}}
{"op_code":5,"worker_id":"c6f56991-0b4d-4435-b85d-03a203a9d92c-23456247935296","trial_id":26,"param_name":"lr","param_value_internal":0.007911653163250813,"distribution":"{\"name\": \"FloatDistribution\", \"attributes\": {\"step\": null, \"low\": 1e-08, \"high\": 0.5, \"log\": true}}"}
{"op_code":5,"worker_id":"c6f56991-0b4d-4435-b85d-03a203a9d92c-23456247935296","trial_id":26,"param_name":"ratio","param_value_internal":1.4163801446432334,"distribution":"{\"name\": \"FloatDistribution\", \"attributes\": {\"step\": null, \"low\": 0.1, \"high\": 100.0, \"log\": true}}"}
{"op_code":6,"worker_id":"c6f56991-0b4d-4435-b85d-03a203a9d92c-23456247935296","trial_id":26,"state":1,"values":[-14.307359972821061],"datetime_complete":"2026-07-24T11:57:07.421132"}
{"op_code":0,"worker_id":"a5e16511-f39b-49ce-a5a8-f336ed116e13-23456247935296","study_name":"peter_nltcs_k5","directions":[2]}
{"op_code":4,"worker_id":"a5e16511-f39b-49ce-a5a8-f336ed116e13-23456247935296","study_id":0,"datetime_start":"2026-07-24T12:00:51.405985"}
{"op_code":9,"worker_id":"a5e16511-f39b-49ce-a5a8-f336ed116e13-23456247935296","trial_id":27,"system_attr":{"tpe:relative_params:0":"{\"lr\": 0.3668379852967129, \"ratio\": 9.010127478700062}"}}
{"op_code":5,"worker_id":"a5e16511-f39b-49ce-a5a8-f336ed116e13-23456247935296","trial_id":27,"param_name":"lr","param_value_internal":0.3668379852967129,"distribution":"{\"name\": \"FloatDistribution\", \"attributes\": {\"step\": null, \"low\": 1e-08, \"high\": 0.5, \"log\": true}}"}
{"op_code":5,"worker_id":"a5e16511-f39b-49ce-a5a8-f336ed116e13-23456247935296","trial_id":27,"param_name":"ratio","param_value_internal":9.010127478700062,"distribution":"{\"name\": \"FloatDistribution\", \"attributes\": {\"step\": null, \"low\": 0.1, \"high\": 100.0, \"log\": true}}"}
{"op_code":6,"worker_id":"a5e16511-f39b-49ce-a5a8-f336ed116e13-23456247935296","trial_id":27,"state":3,"values":null,"datetime_complete":"2026-07-24T12:00:52.975310"}
{"op_code":0,"worker_id":"adfce5f3-46c3-47bf-a32e-d89071344f3a-23456247935296","study_name":"peter_nltcs_k5","directions":[2]}
{"op_code":4,"worker_id":"adfce5f3-46c3-47bf-a32e-d89071344f3a-23456247935296","study_id":0,"datetime_start":"2026-07-24T12:04:35.726166"}
{"op_code":9,"worker_id":"adfce5f3-46c3-47bf-a32e-d89071344f3a-23456247935296","trial_id":28,"system_attr":{"tpe:relative_params:0":"{\"lr\": 0.010482274510815485, \"ratio\": 12.029514810219991}"}}
{"op_code":5,"worker_id":"adfce5f3-46c3-47bf-a32e-d89071344f3a-23456247935296","trial_id":28,"param_name":"lr","param_value_internal":0.010482274510815485,"distribution":"{\"name\": \"FloatDistribution\", \"attributes\": {\"step\": null, \"low\": 1e-08, \"high\": 0.5, \"log\": true}}"}
{"op_code":5,"worker_id":"adfce5f3-46c3-47bf-a32e-d89071344f3a-23456247935296","trial_id":28,"param_name":"ratio","param_value_internal":12.029514810219991,"distribution":"{\"name\": \"FloatDistribution\", \"attributes\": {\"step\": null, \"low\": 0.1, \"high\": 100.0, \"log\": true}}"}
{"op_code":6,"worker_id":"adfce5f3-46c3-47bf-a32e-d89071344f3a-23456247935296","trial_id":28,"state":1,"values":[-11.78835579821428],"datetime_complete":"2026-07-24T12:04:51.875072"}
{"op_code":0,"worker_id":"d5441821-9877-43e3-8cbd-5d04c474d4a9-23456247935296","study_name":"peter_nltcs_k5","directions":[2]}
{"op_code":4,"worker_id":"d5441821-9877-43e3-8cbd-5d04c474d4a9-23456247935296","study_id":0,"datetime_start":"2026-07-24T12:08:03.979354"}
{"op_code":9,"worker_id":"d5441821-9877-43e3-8cbd-5d04c474d4a9-23456247935296","trial_id":29,"system_attr":{"tpe:relative_params:0":"{\"lr\": 1.3952229896351295e-08, \"ratio\": 45.673193015338036}"}}
{"op_code":5,"worker_id":"d5441821-9877-43e3-8cbd-5d04c474d4a9-23456247935296","trial_id":29,"param_name":"lr","param_value_internal":1.3952229896351295e-08,"distribution":"{\"name\": \"FloatDistribution\", \"attributes\": {\"step\": null, \"low\": 1e-08, \"high\": 0.5, \"log\": true}}"}
{"op_code":5,"worker_id":"d5441821-9877-43e3-8cbd-5d04c474d4a9-23456247935296","trial_id":29,"param_name":"ratio","param_value_internal":45.673193015338036,"distribution":"{\"name\": \"FloatDistribution\", \"attributes\": {\"step\": null, \"low\": 0.1, \"high\": 100.0, \"log\": true}}"}
{"op_code":6,"worker_id":"d5441821-9877-43e3-8cbd-5d04c474d4a9-23456247935296","trial_id":29,"state":1,"values":[-23.02021146257274],"datetime_complete":"2026-07-24T12:08:18.818088"}
{"op_code":0,"worker_id":"93635045-3ef9-487f-9113-0b07e10c9951-23456247935296","study_name":"peter_nltcs_k5","directions":[2]}
{"op_code":4,"worker_id":"93635045-3ef9-487f-9113-0b07e10c9951-23456247935296","study_id":0,"datetime_start":"2026-07-24T12:12:08.245966"}
{"op_code":9,"worker_id":"93635045-3ef9-487f-9113-0b07e10c9951-23456247935296","trial_id":30,"system_attr":{"tpe:relative_params:0":"{\"lr\": 0.12866303726345735, \"ratio\": 1.3242536016005602}"}}
{"op_code":5,"worker_id":"93635045-3ef9-487f-9113-0b07e10c9951-23456247935296","trial_id":30,"param_name":"lr","param_value_internal":0.12866303726345735,"distribution":"{\"name\": \"FloatDistribution\", \"attributes\": {\"step\": null, \"low\": 1e-08, \"high\": 0.5, \"log\": true}}"}
{"op_code":5,"worker_id":"93635045-3ef9-487f-9113-0b07e10c9951-23456247935296","trial_id":30,"param_name":"ratio","param_value_internal":1.3242536016005602,"distribution":"{\"name\": \"FloatDistribution\", \"attributes\": {\"step\": null, \"low\": 0.1, \"high\": 100.0, \"log\": true}}"}
{"op_code":6,"worker_id":"93635045-3ef9-487f-9113-0b07e10c9951-23456247935296","trial_id":30,"state":1,"values":[-11.56122556281587],"datetime_complete":"2026-07-24T12:12:22.948404"}
{"op_code":0,"worker_id":"f7b32ef3-f875-477d-a3c1-0783a678a70e-23456247935296","study_name":"peter_nltcs_k5","directions":[2]}
{"op_code":4,"worker_id":"f7b32ef3-f875-477d-a3c1-0783a678a70e-23456247935296","study_id":0,"datetime_start":"2026-07-24T12:16:16.069300"}
{"op_code":9,"worker_id":"f7b32ef3-f875-477d-a3c1-0783a678a70e-23456247935296","trial_id":31,"system_attr":{"tpe:relative_params:0":"{\"lr\": 0.3429474097094038, \"ratio\": 6.752903005434421}"}}
{"op_code":5,"worker_id":"f7b32ef3-f875-477d-a3c1-0783a678a70e-23456247935296","trial_id":31,"param_name":"lr","param_value_internal":0.3429474097094038,"distribution":"{\"name\": \"FloatDistribution\", \"attributes\": {\"step\": null, \"low\": 1e-08, \"high\": 0.5, \"log\": true}}"}
{"op_code":5,"worker_id":"f7b32ef3-f875-477d-a3c1-0783a678a70e-23456247935296","trial_id":31,"param_name":"ratio","param_value_internal":6.752903005434421,"distribution":"{\"name\": \"FloatDistribution\", \"attributes\": {\"step\": null, \"low\": 0.1, \"high\": 100.0, \"log\": true}}"}
{"op_code":6,"worker_id":"f7b32ef3-f875-477d-a3c1-0783a678a70e-23456247935296","trial_id":31,"state":3,"values":null,"datetime_complete":"2026-07-24T12:16:17.219971"}
{"op_code":0,"worker_id":"0469bfd8-1e22-4953-9510-7048ceae660f-23456247935296","study_name":"peter_nltcs_k5","directions":[2]}
{"op_code":4,"worker_id":"0469bfd8-1e22-4953-9510-7048ceae660f-23456247935296","study_id":0,"datetime_start":"2026-07-24T12:19:34.866566"}
{"op_code":9,"worker_id":"0469bfd8-1e22-4953-9510-7048ceae660f-23456247935296","trial_id":32,"system_attr":{"tpe:relative_params:0":"{\"lr\": 0.33781900001670623, \"ratio\": 1.683085679260728}"}}
{"op_code":5,"worker_id":"0469bfd8-1e22-4953-9510-7048ceae660f-23456247935296","trial_id":32,"param_name":"lr","param_value_internal":0.33781900001670623,"distribution":"{\"name\": \"FloatDistribution\", \"attributes\": {\"step\": null, \"low\": 1e-08, \"high\": 0.5, \"log\": true}}"}
{"op_code":5,"worker_id":"0469bfd8-1e22-4953-9510-7048ceae660f-23456247935296","trial_id":32,"param_name":"ratio","param_value_internal":1.683085679260728,"distribution":"{\"name\": \"FloatDistribution\", \"attributes\": {\"step\": null, \"low\": 0.1, \"high\": 100.0, \"log\": true}}"}
{"op_code":6,"worker_id":"0469bfd8-1e22-4953-9510-7048ceae660f-23456247935296","trial_id":32,"state":1,"values":[-11.16965899111403],"datetime_complete":"2026-07-24T12:19:49.476782"}
{"op_code":0,"worker_id":"cd0a31c4-0ee0-44f5-ad92-e075a3253c08-23456247935296","study_name":"peter_nltcs_k5","directions":[2]}
{"op_code":4,"worker_id":"cd0a31c4-0ee0-44f5-ad92-e075a3253c08-23456247935296","study_id":0,"datetime_start":"2026-07-24T12:23:46.909598"}
{"op_code":9,"worker_id":"cd0a31c4-0ee0-44f5-ad92-e075a3253c08-23456247935296","trial_id":33,"system_attr":{"tpe:relative_params:0":"{\"lr\": 0.4902012239422269, \"ratio\": 1.5986366491394086}"}}
{"op_code":5,"worker_id":"cd0a31c4-0ee0-44f5-ad92-e075a3253c08-23456247935296","trial_id":33,"param_name":"lr","param_value_internal":0.4902012239422269,"distribution":"{\"name\": \"FloatDistribution\", \"attributes\": {\"step\": null, \"low\": 1e-08, \"high\": 0.5, \"log\": true}}"}
{"op_code":5,"worker_id":"cd0a31c4-0ee0-44f5-ad92-e075a3253c08-23456247935296","trial_id":33,"param_name":"ratio","param_value_internal":1.5986366491394086,"distribution":"{\"name\": \"FloatDistribution\", \"attributes\": {\"step\": null, \"low\": 0.1, \"high\": 100.0, \"log\": true}}"}
{"op_code":6,"worker_id":"cd0a31c4-0ee0-44f5-ad92-e075a3253c08-23456247935296","trial_id":33,"state":3,"values":null,"datetime_complete":"2026-07-24T12:23:48.144576"}
{"op_code":0,"worker_id":"1bf9a161-ed51-4d20-91d8-c3ed91d20f86-23456247935296","study_name":"peter_nltcs_k5","directions":[2]}
{"op_code":4,"worker_id":"1bf9a161-ed51-4d20-91d8-c3ed91d20f86-23456247935296","study_id":0,"datetime_start":"2026-07-24T12:29:42.939232"}
{"op_code":9,"worker_id":"1bf9a161-ed51-4d20-91d8-c3ed91d20f86-23456247935296","trial_id":34,"system_attr":{"tpe:relative_params:0":"{\"lr\": 0.25342310936108847, \"ratio\": 6.817249244320703}"}}
{"op_code":5,"worker_id":"1bf9a161-ed51-4d20-91d8-c3ed91d20f86-23456247935296","trial_id":34,"param_name":"lr","param_value_internal":0.25342310936108847,"distribution":"{\"name\": \"FloatDistribution\", \"attributes\": {\"step\": null, \"low\": 1e-08, \"high\": 0.5, \"log\": true}}"}
{"op_code":5,"worker_id":"1bf9a161-ed51-4d20-91d8-c3ed91d20f86-23456247935296","trial_id":34,"param_name":"ratio","param_value_internal":6.817249244320703,"distribution":"{\"name\": \"FloatDistribution\", \"attributes\": {\"step\": null, \"low\": 0.1, \"high\": 100.0, \"log\": true}}"}
{"op_code":6,"worker_id":"1bf9a161-ed51-4d20-91d8-c3ed91d20f86-23456247935296","trial_id":34,"state":3,"values":null,"datetime_complete":"2026-07-24T12:29:44.216679"}
{"op_code":0,"worker_id":"c4d9e0db-f7c7-4a39-b4a0-3870acd0e197-23456247935296","study_name":"peter_nltcs_k5","directions":[2]}
{"op_code":4,"worker_id":"c4d9e0db-f7c7-4a39-b4a0-3870acd0e197-23456247935296","study_id":0,"datetime_start":"2026-07-24T12:34:00.880679"}
{"op_code":9,"worker_id":"c4d9e0db-f7c7-4a39-b4a0-3870acd0e197-23456247935296","trial_id":35,"system_attr":{"tpe:relative_params:0":"{\"lr\": 0.360856259139554, \"ratio\": 7.083020597441083}"}}
{"op_code":5,"worker_id":"c4d9e0db-f7c7-4a39-b4a0-3870acd0e197-23456247935296","trial_id":35,"param_name":"lr","param_value_internal":0.360856259139554,"distribution":"{\"name\": \"FloatDistribution\", \"attributes\": {\"step\": null, \"low\": 1e-08, \"high\": 0.5, \"log\": true}}"}
{"op_code":5,"worker_id":"c4d9e0db-f7c7-4a39-b4a0-3870acd0e197-23456247935296","trial_id":35,"param_name":"ratio","param_value_internal":7.083020597441083,"distribution":"{\"name\": \"FloatDistribution\", \"attributes\": {\"step\": null, \"low\": 0.1, \"high\": 100.0, \"log\": true}}"}
{"op_code":6,"worker_id":"c4d9e0db-f7c7-4a39-b4a0-3870acd0e197-23456247935296","trial_id":35,"state":3,"values":null,"datetime_complete":"2026-07-24T12:34:02.177973"}
{"op_code":0,"worker_id":"f38d03aa-5be8-4e14-b54c-489d731a3720-23456247935296","study_name":"peter_nltcs_k5","directions":[2]}
{"op_code":4,"worker_id":"f38d03aa-5be8-4e14-b54c-489d731a3720-23456247935296","study_id":0,"datetime_start":"2026-07-24T12:38:18.107493"}
{"op_code":9,"worker_id":"f38d03aa-5be8-4e14-b54c-489d731a3720-23456247935296","trial_id":36,"system_attr":{"tpe:relative_params:0":"{\"lr\": 0.41500425919047146, \"ratio\": 1.2815630575007362}"}}
{"op_code":5,"worker_id":"f38d03aa-5be8-4e14-b54c-489d731a3720-23456247935296","trial_id":36,"param_name":"lr","param_value_internal":0.41500425919047146,"distribution":"{\"name\": \"FloatDistribution\", \"attributes\": {\"step\": null, \"low\": 1e-08, \"high\": 0.5, \"log\": true}}"}
{"op_code":5,"worker_id":"f38d03aa-5be8-4e14-b54c-489d731a3720-23456247935296","trial_id":36,"param_name":"ratio","param_value_internal":1.2815630575007362,"distribution":"{\"name\": \"FloatDistribution\", \"attributes\": {\"step\": null, \"low\": 0.1, \"high\": 100.0, \"log\": true}}"}
{"op_code":6,"worker_id":"f38d03aa-5be8-4e14-b54c-489d731a3720-23456247935296","trial_id":36,"state":3,"values":null,"datetime_complete":"2026-07-24T12:38:19.235000"}
{"op_code":0,"worker_id":"5561d393-a397-457e-830c-f1d66dd4f4ff-23456247935296","study_name":"peter_nltcs_k5","directions":[2]}
{"op_code":4,"worker_id":"5561d393-a397-457e-830c-f1d66dd4f4ff-23456247935296","study_id":0,"datetime_start":"2026-07-24T12:43:39.521464"}
{"op_code":9,"worker_id":"5561d393-a397-457e-830c-f1d66dd4f4ff-23456247935296","trial_id":37,"system_attr":{"tpe:relative_params:0":"{\"lr\": 0.3351118365232765, \"ratio\": 3.9339481177217666}"}}
{"op_code":5,"worker_id":"5561d393-a397-457e-830c-f1d66dd4f4ff-23456247935296","trial_id":37,"param_name":"lr","param_value_internal":0.3351118365232765,"distribution":"{\"name\": \"FloatDistribution\", \"attributes\": {\"step\": null, \"low\": 1e-08, \"high\": 0.5, \"log\": true}}"}
{"op_code":5,"worker_id":"5561d393-a397-457e-830c-f1d66dd4f4ff-23456247935296","trial_id":37,"param_name":"ratio","param_value_internal":3.9339481177217666,"distribution":"{\"name\": \"FloatDistribution\", \"attributes\": {\"step\": null, \"low\": 0.1, \"high\": 100.0, \"log\": true}}"}
{"op_code":6,"worker_id":"5561d393-a397-457e-830c-f1d66dd4f4ff-23456247935296","trial_id":37,"state":3,"values":null,"datetime_complete":"2026-07-24T12:43:40.814984"}
{"op_code":0,"worker_id":"9b14d077-d186-4825-adf6-c9160f884715-23456247935296","study_name":"peter_nltcs_k5","directions":[2]}
{"op_code":4,"worker_id":"9b14d077-d186-4825-adf6-c9160f884715-23456247935296","study_id":0,"datetime_start":"2026-07-24T12:48:34.390014"}
{"op_code":9,"worker_id":"9b14d077-d186-4825-adf6-c9160f884715-23456247935296","trial_id":38,"system_attr":{"tpe:relative_params:0":"{\"lr\": 0.3718119654485214, \"ratio\": 11.785047664184058}"}}
{"op_code":5,"worker_id":"9b14d077-d186-4825-adf6-c9160f884715-23456247935296","trial_id":38,"param_name":"lr","param_value_internal":0.3718119654485214,"distribution":"{\"name\": \"FloatDistribution\", \"attributes\": {\"step\": null, \"low\": 1e-08, \"high\": 0.5, \"log\": true}}"}
{"op_code":5,"worker_id":"9b14d077-d186-4825-adf6-c9160f884715-23456247935296","trial_id":38,"param_name":"ratio","param_value_internal":11.785047664184058,"distribution":"{\"name\": \"FloatDistribution\", \"attributes\": {\"step\": null, \"low\": 0.1, \"high\": 100.0, \"log\": true}}"}
{"op_code":6,"worker_id":"9b14d077-d186-4825-adf6-c9160f884715-23456247935296","trial_id":38,"state":3,"values":null,"datetime_complete":"2026-07-24T12:48:35.465290"}
{"op_code":0,"worker_id":"bc7abbc5-dd3f-424b-a313-98c88b506b28-23456247935296","study_name":"peter_nltcs_k5","directions":[2]}
{"op_code":4,"worker_id":"bc7abbc5-dd3f-424b-a313-98c88b506b28-23456247935296","study_id":0,"datetime_start":"2026-07-24T12:53:00.910064"}
{"op_code":9,"worker_id":"bc7abbc5-dd3f-424b-a313-98c88b506b28-23456247935296","trial_id":39,"system_attr":{"tpe:relative_params:0":"{\"lr\": 0.3749860776448962, \"ratio\": 1.2119283901441025}"}}
{"op_code":5,"worker_id":"bc7abbc5-dd3f-424b-a313-98c88b506b28-23456247935296","trial_id":39,"param_name":"lr","param_value_internal":0.3749860776448962,"distribution":"{\"name\": \"FloatDistribution\", \"attributes\": {\"step\": null, \"low\": 1e-08, \"high\": 0.5, \"log\": true}}"}
{"op_code":5,"worker_id":"bc7abbc5-dd3f-424b-a313-98c88b506b28-23456247935296","trial_id":39,"param_name":"ratio","param_value_internal":1.2119283901441025,"distribution":"{\"name\": \"FloatDistribution\", \"attributes\": {\"step\": null, \"low\": 0.1, \"high\": 100.0, \"log\": true}}"}
{"op_code":6,"worker_id":"bc7abbc5-dd3f-424b-a313-98c88b506b28-23456247935296","trial_id":39,"state":1,"values":[-11.106551137487637],"datetime_complete":"2026-07-24T12:53:15.833603"}
{"op_code":0,"worker_id":"0145076e-fd33-485e-9c3f-b36a84d88b0a-23456247935296","study_name":"peter_nltcs_k5","directions":[2]}
{"op_code":4,"worker_id":"0145076e-fd33-485e-9c3f-b36a84d88b0a-23456247935296","study_id":0,"datetime_start":"2026-07-24T12:57:30.996220"}
{"op_code":9,"worker_id":"0145076e-fd33-485e-9c3f-b36a84d88b0a-23456247935296","trial_id":40,"system_attr":{"tpe:relative_params:0":"{\"lr\": 0.1986023281587936, \"ratio\": 0.629319957044834}"}}
{"op_code":5,"worker_id":"0145076e-fd33-485e-9c3f-b36a84d88b0a-23456247935296","trial_id":40,"param_name":"lr","param_value_internal":0.1986023281587936,"distribution":"{\"name\": \"FloatDistribution\", \"attributes\": {\"step\": null, \"low\": 1e-08, \"high\": 0.5, \"log\": true}}"}
{"op_code":5,"worker_id":"0145076e-fd33-485e-9c3f-b36a84d88b0a-23456247935296","trial_id":40,"param_name":"ratio","param_value_internal":0.629319957044834,"distribution":"{\"name\": \"FloatDistribution\", \"attributes\": {\"step\": null, \"low\": 0.1, \"high\": 100.0, \"log\": true}}"}
{"op_code":6,"worker_id":"0145076e-fd33-485e-9c3f-b36a84d88b0a-23456247935296","trial_id":40,"state":1,"values":[-11.752880686340529],"datetime_complete":"2026-07-24T12:57:46.310721"}
{"op_code":0,"worker_id":"fb8888d6-2da4-48f8-947b-e2a7e26c5e03-23456247935296","study_name":"peter_nltcs_k5","directions":[2]}
{"op_code":4,"worker_id":"fb8888d6-2da4-48f8-947b-e2a7e26c5e03-23456247935296","study_id":0,"datetime_start":"2026-07-24T13:01:32.290425"}
{"op_code":9,"worker_id":"fb8888d6-2da4-48f8-947b-e2a7e26c5e03-23456247935296","trial_id":41,"system_attr":{"tpe:relative_params:0":"{\"lr\": 0.15209090571171338, \"ratio\": 0.9847059144074181}"}}
{"op_code":5,"worker_id":"fb8888d6-2da4-48f8-947b-e2a7e26c5e03-23456247935296","trial_id":41,"param_name":"lr","param_value_internal":0.15209090571171338,"distribution":"{\"name\": \"FloatDistribution\", \"attributes\": {\"step\": null, \"low\": 1e-08, \"high\": 0.5, \"log\": true}}"}
{"op_code":5,"worker_id":"fb8888d6-2da4-48f8-947b-e2a7e26c5e03-23456247935296","trial_id":41,"param_name":"ratio","param_value_internal":0.9847059144074181,"distribution":"{\"name\": \"FloatDistribution\", \"attributes\": {\"step\": null, \"low\": 0.1, \"high\": 100.0, \"log\": true}}"}
{"op_code":6,"worker_id":"fb8888d6-2da4-48f8-947b-e2a7e26c5e03-23456247935296","trial_id":41,"state":1,"values":[-11.656404584835705],"datetime_complete":"2026-07-24T13:01:48.007876"}
{"op_code":0,"worker_id":"14f56014-ec25-4760-862b-807816931262-23456247935296","study_name":"peter_nltcs_k5","directions":[2]}
{"op_code":4,"worker_id":"14f56014-ec25-4760-862b-807816931262-23456247935296","study_id":0,"datetime_start":"2026-07-24T13:05:50.890998"}
{"op_code":9,"worker_id":"14f56014-ec25-4760-862b-807816931262-23456247935296","trial_id":42,"system_attr":{"tpe:relative_params:0":"{\"lr\": 0.36772312295993753, \"ratio\": 4.638242154165909}"}}
{"op_code":5,"worker_id":"14f56014-ec25-4760-862b-807816931262-23456247935296","trial_id":42,"param_name":"lr","param_value_internal":0.36772312295993753,"distribution":"{\"name\": \"FloatDistribution\", \"attributes\": {\"step\": null, \"low\": 1e-08, \"high\": 0.5, \"log\": true}}"}
{"op_code":5,"worker_id":"14f56014-ec25-4760-862b-807816931262-23456247935296","trial_id":42,"param_name":"ratio","param_value_internal":4.638242154165909,"distribution":"{\"name\": \"FloatDistribution\", \"attributes\": {\"step\": null, \"low\": 0.1, \"high\": 100.0, \"log\": true}}"}
{"op_code":6,"worker_id":"14f56014-ec25-4760-862b-807816931262-23456247935296","trial_id":42,"state":3,"values":null,"datetime_complete":"2026-07-24T13:05:52.685493"}
{"op_code":0,"worker_id":"d8ba38d2-b064-497f-be10-81c9f5c89b53-23456247935296","study_name":"peter_nltcs_k5","directions":[2]}
{"op_code":4,"worker_id":"d8ba38d2-b064-497f-be10-81c9f5c89b53-23456247935296","study_id":0,"datetime_start":"2026-07-24T13:10:22.834714"}
{"op_code":9,"worker_id":"d8ba38d2-b064-497f-be10-81c9f5c89b53-23456247935296","trial_id":43,"system_attr":{"tpe:relative_params:0":"{\"lr\": 0.34436184880344434, \"ratio\": 2.3479683812174597}"}}
{"op_code":5,"worker_id":"d8ba38d2-b064-497f-be10-81c9f5c89b53-23456247935296","trial_id":43,"param_name":"lr","param_value_internal":0.34436184880344434,"distribution":"{\"name\": \"FloatDistribution\", \"attributes\": {\"step\": null, \"low\": 1e-08, \"high\": 0.5, \"log\": true}}"}
{"op_code":5,"worker_id":"d8ba38d2-b064-497f-be10-81c9f5c89b53-23456247935296","trial_id":43,"param_name":"ratio","param_value_internal":2.3479683812174597,"distribution":"{\"name\": \"FloatDistribution\", \"attributes\": {\"step\": null, \"low\": 0.1, \"high\": 100.0, \"log\": true}}"}
{"op_code":6,"worker_id":"d8ba38d2-b064-497f-be10-81c9f5c89b53-23456247935296","trial_id":43,"state":3,"values":null,"datetime_complete":"2026-07-24T13:10:24.346256"}
{"op_code":0,"worker_id":"ea1478b3-3299-40a1-9fa1-026abe556590-23456247935296","study_name":"peter_nltcs_k5","directions":[2]}
{"op_code":4,"worker_id":"ea1478b3-3299-40a1-9fa1-026abe556590-23456247935296","study_id":0,"datetime_start":"2026-07-24T13:15:21.022537"}
{"op_code":9,"worker_id":"ea1478b3-3299-40a1-9fa1-026abe556590-23456247935296","trial_id":44,"system_attr":{"tpe:relative_params:0":"{\"lr\": 0.23417456802641234, \"ratio\": 4.586258105782129}"}}
{"op_code":5,"worker_id":"ea1478b3-3299-40a1-9fa1-026abe556590-23456247935296","trial_id":44,"param_name":"lr","param_value_internal":0.23417456802641234,"distribution":"{\"name\": \"FloatDistribution\", \"attributes\": {\"step\": null, \"low\": 1e-08, \"high\": 0.5, \"log\": true}}"}
{"op_code":5,"worker_id":"ea1478b3-3299-40a1-9fa1-026abe556590-23456247935296","trial_id":44,"param_name":"ratio","param_value_internal":4.586258105782129,"distribution":"{\"name\": \"FloatDistribution\", \"attributes\": {\"step\": null, \"low\": 0.1, \"high\": 100.0, \"log\": true}}"}
{"op_code":6,"worker_id":"ea1478b3-3299-40a1-9fa1-026abe556590-23456247935296","trial_id":44,"state":3,"values":null,"datetime_complete":"2026-07-24T13:15:22.872871"}
{"op_code":0,"worker_id":"3a3ae57b-7f4b-4be8-8fdf-2b41da5fadd4-23456247935296","study_name":"peter_nltcs_k5","directions":[2]}
{"op_code":4,"worker_id":"3a3ae57b-7f4b-4be8-8fdf-2b41da5fadd4-23456247935296","study_id":0,"datetime_start":"2026-07-24T13:19:01.452654"}
{"op_code":9,"worker_id":"3a3ae57b-7f4b-4be8-8fdf-2b41da5fadd4-23456247935296","trial_id":45,"system_attr":{"tpe:relative_params:0":"{\"lr\": 0.18399578849814682, \"ratio\": 3.3054417592950998}"}}
{"op_code":5,"worker_id":"3a3ae57b-7f4b-4be8-8fdf-2b41da5fadd4-23456247935296","trial_id":45,"param_name":"lr","param_value_internal":0.18399578849814682,"distribution":"{\"name\": \"FloatDistribution\", \"attributes\": {\"step\": null, \"low\": 1e-08, \"high\": 0.5, \"log\": true}}"}
{"op_code":5,"worker_id":"3a3ae57b-7f4b-4be8-8fdf-2b41da5fadd4-23456247935296","trial_id":45,"param_name":"ratio","param_value_internal":3.3054417592950998,"distribution":"{\"name\": \"FloatDistribution\", \"attributes\": {\"step\": null, \"low\": 0.1, \"high\": 100.0, \"log\": true}}"}
{"op_code":6,"worker_id":"3a3ae57b-7f4b-4be8-8fdf-2b41da5fadd4-23456247935296","trial_id":45,"state":1,"values":[-11.224720015049202],"datetime_complete":"2026-07-24T13:19:16.831340"}
{"op_code":0,"worker_id":"27aa8506-1ae4-469d-886d-4ce26e6ffc82-23456247935296","study_name":"peter_nltcs_k5","directions":[2]}
{"op_code":4,"worker_id":"27aa8506-1ae4-469d-886d-4ce26e6ffc82-23456247935296","study_id":0,"datetime_start":"2026-07-24T13:22:01.067586"}
{"op_code":9,"worker_id":"27aa8506-1ae4-469d-886d-4ce26e6ffc82-23456247935296","trial_id":46,"system_attr":{"tpe:relative_params:0":"{\"lr\": 0.004862021459316863, \"ratio\": 0.6023582659816137}"}}
{"op_code":5,"worker_id":"27aa8506-1ae4-469d-886d-4ce26e6ffc82-23456247935296","trial_id":46,"param_name":"lr","param_value_internal":0.004862021459316863,"distribution":"{\"name\": \"FloatDistribution\", \"attributes\": {\"step\": null, \"low\": 1e-08, \"high\": 0.5, \"log\": true}}"}
{"op_code":5,"worker_id":"27aa8506-1ae4-469d-886d-4ce26e6ffc82-23456247935296","trial_id":46,"param_name":"ratio","param_value_internal":0.6023582659816137,"distribution":"{\"name\": \"FloatDistribution\", \"attributes\": {\"step\": null, \"low\": 0.1, \"high\": 100.0, \"log\": true}}"}
{"op_code":6,"worker_id":"27aa8506-1ae4-469d-886d-4ce26e6ffc82-23456247935296","trial_id":46,"state":1,"values":[-18.205212717346186],"datetime_complete":"2026-07-24T13:22:16.199799"}
{"op_code":0,"worker_id":"2f3eca39-7fb2-4fba-981c-7d405fb1e896-23456247935296","study_name":"peter_nltcs_k5","directions":[2]}
{"op_code":4,"worker_id":"2f3eca39-7fb2-4fba-981c-7d405fb1e896-23456247935296","study_id":0,"datetime_start":"2026-07-24T13:24:52.479313"}
{"op_code":9,"worker_id":"2f3eca39-7fb2-4fba-981c-7d405fb1e896-23456247935296","trial_id":47,"system_attr":{"tpe:relative_params:0":"{\"lr\": 0.3471553560961217, \"ratio\": 0.9972450580394389}"}}
{"op_code":5,"worker_id":"2f3eca39-7fb2-4fba-981c-7d405fb1e896-23456247935296","trial_id":47,"param_name":"lr","param_value_internal":0.3471553560961217,"distribution":"{\"name\": \"FloatDistribution\", \"attributes\": {\"step\": null, \"low\": 1e-08, \"high\": 0.5, \"log\": true}}"}
{"op_code":5,"worker_id":"2f3eca39-7fb2-4fba-981c-7d405fb1e896-23456247935296","trial_id":47,"param_name":"ratio","param_value_internal":0.9972450580394389,"distribution":"{\"name\": \"FloatDistribution\", \"attributes\": {\"step\": null, \"low\": 0.1, \"high\": 100.0, \"log\": true}}"}
{"op_code":6,"worker_id":"2f3eca39-7fb2-4fba-981c-7d405fb1e896-23456247935296","trial_id":47,"state":3,"values":null,"datetime_complete":"2026-07-24T13:24:53.800678"}
{"op_code":0,"worker_id":"fbbe976d-6afd-4d93-bced-eb08ec44ee3c-23456247935296","study_name":"peter_nltcs_k5","directions":[2]}
{"op_code":4,"worker_id":"fbbe976d-6afd-4d93-bced-eb08ec44ee3c-23456247935296","study_id":0,"datetime_start":"2026-07-24T13:28:14.350573"}
{"op_code":9,"worker_id":"fbbe976d-6afd-4d93-bced-eb08ec44ee3c-23456247935296","trial_id":48,"system_attr":{"tpe:relative_params:0":"{\"lr\": 0.2260152867783626, \"ratio\": 1.4720059958061573}"}}
{"op_code":5,"worker_id":"fbbe976d-6afd-4d93-bced-eb08ec44ee3c-23456247935296","trial_id":48,"param_name":"lr","param_value_internal":0.2260152867783626,"distribution":"{\"name\": \"FloatDistribution\", \"attributes\": {\"step\": null, \"low\": 1e-08, \"high\": 0.5, \"log\": true}}"}
{"op_code":5,"worker_id":"fbbe976d-6afd-4d93-bced-eb08ec44ee3c-23456247935296","trial_id":48,"param_name":"ratio","param_value_internal":1.4720059958061573,"distribution":"{\"name\": \"FloatDistribution\", \"attributes\": {\"step\": null, \"low\": 0.1, \"high\": 100.0, \"log\": true}}"}
{"op_code":6,"worker_id":"fbbe976d-6afd-4d93-bced-eb08ec44ee3c-23456247935296","trial_id":48,"state":3,"values":null,"datetime_complete":"2026-07-24T13:28:15.589211"}
{"op_code":0,"worker_id":"ae578e9e-826f-425e-a948-fc6e20bd75db-23456247935296","study_name":"peter_nltcs_k5","directions":[2]}
{"op_code":4,"worker_id":"ae578e9e-826f-425e-a948-fc6e20bd75db-23456247935296","study_id":0,"datetime_start":"2026-07-24T13:31:58.965422"}
{"op_code":9,"worker_id":"ae578e9e-826f-425e-a948-fc6e20bd75db-23456247935296","trial_id":49,"system_attr":{"tpe:relative_params:0":"{\"lr\": 0.30841142831480695, \"ratio\": 0.9401449518618421}"}}
{"op_code":5,"worker_id":"ae578e9e-826f-425e-a948-fc6e20bd75db-23456247935296","trial_id":49,"param_name":"lr","param_value_internal":0.30841142831480695,"distribution":"{\"name\": \"FloatDistribution\", \"attributes\": {\"step\": null, \"low\": 1e-08, \"high\": 0.5, \"log\": true}}"}
{"op_code":5,"worker_id":"ae578e9e-826f-425e-a948-fc6e20bd75db-23456247935296","trial_id":49,"param_name":"ratio","param_value_internal":0.9401449518618421,"distribution":"{\"name\": \"FloatDistribution\", \"attributes\": {\"step\": null, \"low\": 0.1, \"high\": 100.0, \"log\": true}}"}
{"op_code":6,"worker_id":"ae578e9e-826f-425e-a948-fc6e20bd75db-23456247935296","trial_id":49,"state":1,"values":[-11.194705553872836],"datetime_complete":"2026-07-24T13:32:13.620790"}
{"op_code":0,"worker_id":"562a22d8-fd12-4eb6-bb27-41931fc4e8f9-23456247935296","study_name":"peter_nltcs_k5","directions":[2]}
{"op_code":4,"worker_id":"562a22d8-fd12-4eb6-bb27-41931fc4e8f9-23456247935296","study_id":0,"datetime_start":"2026-07-24T13:35:39.770904"}
{"op_code":9,"worker_id":"562a22d8-fd12-4eb6-bb27-41931fc4e8f9-23456247935296","trial_id":50,"system_attr":{"tpe:relative_params:0":"{\"lr\": 0.42625418872150167, \"ratio\": 0.717076163849088}"}}
{"op_code":5,"worker_id":"562a22d8-fd12-4eb6-bb27-41931fc4e8f9-23456247935296","trial_id":50,"param_name":"lr","param_value_internal":0.42625418872150167,"distribution":"{\"name\": \"FloatDistribution\", \"attributes\": {\"step\": null, \"low\": 1e-08, \"high\": 0.5, \"log\": true}}"}
{"op_code":5,"worker_id":"562a22d8-fd12-4eb6-bb27-41931fc4e8f9-23456247935296","trial_id":50,"param_name":"ratio","param_value_internal":0.717076163849088,"distribution":"{\"name\": \"FloatDistribution\", \"attributes\": {\"step\": null, \"low\": 0.1, \"high\": 100.0, \"log\": true}}"}
{"op_code":6,"worker_id":"562a22d8-fd12-4eb6-bb27-41931fc4e8f9-23456247935296","trial_id":50,"state":3,"values":null,"datetime_complete":"2026-07-24T13:35:42.034842"}
{"op_code":0,"worker_id":"c406e008-8f99-4616-bc5d-2537ff6afe0e-23456247935296","study_name":"peter_nltcs_k5","directions":[2]}
{"op_code":4,"worker_id":"c406e008-8f99-4616-bc5d-2537ff6afe0e-23456247935296","study_id":0,"datetime_start":"2026-07-24T13:38:06.266708"}
{"op_code":9,"worker_id":"c406e008-8f99-4616-bc5d-2537ff6afe0e-23456247935296","trial_id":51,"system_attr":{"tpe:relative_params:0":"{\"lr\": 0.0071355232475457395, \"ratio\": 0.9656435188873946}"}}
{"op_code":5,"worker_id":"c406e008-8f99-4616-bc5d-2537ff6afe0e-23456247935296","trial_id":51,"param_name":"lr","param_value_internal":0.0071355232475457395,"distribution":"{\"name\": \"FloatDistribution\", \"attributes\": {\"step\": null, \"low\": 1e-08, \"high\": 0.5, \"log\": true}}"}
{"op_code":5,"worker_id":"c406e008-8f99-4616-bc5d-2537ff6afe0e-23456247935296","trial_id":51,"param_name":"ratio","param_value_internal":0.9656435188873946,"distribution":"{\"name\": \"FloatDistribution\", \"attributes\": {\"step\": null, \"low\": 0.1, \"high\": 100.0, \"log\": true}}"}
{"op_code":6,"worker_id":"c406e008-8f99-4616-bc5d-2537ff6afe0e-23456247935296","trial_id":51,"state":1,"values":[-15.467025988141343],"datetime_complete":"2026-07-24T13:38:22.110463"}
{"op_code":0,"worker_id":"3f631dcd-7ce2-47e3-a24d-782ef46578a1-23456247935296","study_name":"peter_nltcs_k5","directions":[2]}
{"op_code":0,"worker_id":"c9b64c98-96a5-406a-b6e5-3eaa1922468b-23456247935296","study_name":"peter_nltcs_k5","directions":[2]}
