{"op_code":0,"worker_id":"8a0f3bf9-b081-4524-8317-2e79f1c9df91-20268","study_name":"peter_c20ng_k5","directions":[2]}
{"op_code":0,"worker_id":"7d57d5e9-a6cb-449f-999f-fc9125093f9b-10600","study_name":"peter_c20ng_k5","directions":[2]}
{"op_code":4,"worker_id":"7d57d5e9-a6cb-449f-999f-fc9125093f9b-10600","study_id":0,"datetime_start":"2026-07-24T09:13:00.545427"}
{"op_code":5,"worker_id":"7d57d5e9-a6cb-449f-999f-fc9125093f9b-10600","trial_id":0,"param_name":"lr","param_value_internal":6.291969340317861e-05,"distribution":"{\"name\": \"FloatDistribution\", \"attributes\": {\"step\": null, \"low\": 1e-08, \"high\": 0.5, \"log\": true}}"}
{"op_code":5,"worker_id":"7d57d5e9-a6cb-449f-999f-fc9125093f9b-10600","trial_id":0,"param_name":"ratio","param_value_internal":9.35709599041014,"distribution":"{\"name\": \"FloatDistribution\", \"attributes\": {\"step\": null, \"low\": 0.1, \"high\": 100.0, \"log\": true}}"}
{"op_code":0,"worker_id":"7ec492c5-c2ad-41f5-a7e4-a001d9998c06-38392","study_name":"peter_c20ng_k5","directions":[2]}
{"op_code":4,"worker_id":"7ec492c5-c2ad-41f5-a7e4-a001d9998c06-38392","study_id":0,"datetime_start":"2026-07-24T09:13:01.758362"}
{"op_code":5,"worker_id":"7ec492c5-c2ad-41f5-a7e4-a001d9998c06-38392","trial_id":1,"param_name":"lr","param_value_internal":0.08282609693696798,"distribution":"{\"name\": \"FloatDistribution\", \"attributes\": {\"step\": null, \"low\": 1e-08, \"high\": 0.5, \"log\": true}}"}
{"op_code":5,"worker_id":"7ec492c5-c2ad-41f5-a7e4-a001d9998c06-38392","trial_id":1,"param_name":"ratio","param_value_internal":10.425139755760549,"distribution":"{\"name\": \"FloatDistribution\", \"attributes\": {\"step\": null, \"low\": 0.1, \"high\": 100.0, \"log\": true}}"}
{"op_code":0,"worker_id":"409928af-1e48-45b8-ba0f-09587bc7b506-38392","study_name":"peter_c20ng_k5","directions":[2]}
{"op_code":4,"worker_id":"409928af-1e48-45b8-ba0f-09587bc7b506-38392","study_id":0,"datetime_start":"2026-07-24T09:13:02.627030"}
{"op_code":0,"worker_id":"8eb6374c-dbe9-4302-8509-5a0dbcc844b3-23456247935296","study_name":"peter_c20ng_k5","directions":[2]}
{"op_code":0,"worker_id":"b775da39-14d9-4b58-a39a-7c9a3e7ed3ef-23456247935296","study_name":"peter_c20ng_k5","directions":[2]}
{"op_code":4,"worker_id":"b775da39-14d9-4b58-a39a-7c9a3e7ed3ef-23456247935296","study_id":0,"datetime_start":"2026-07-24T10:21:56.579046"}
{"op_code":5,"worker_id":"b775da39-14d9-4b58-a39a-7c9a3e7ed3ef-23456247935296","trial_id":3,"param_name":"lr","param_value_internal":5.476748696618637e-05,"distribution":"{\"name\": \"FloatDistribution\", \"attributes\": {\"step\": null, \"low\": 1e-08, \"high\": 0.5, \"log\": true}}"}
{"op_code":5,"worker_id":"b775da39-14d9-4b58-a39a-7c9a3e7ed3ef-23456247935296","trial_id":3,"param_name":"ratio","param_value_internal":9.404097126817677,"distribution":"{\"name\": \"FloatDistribution\", \"attributes\": {\"step\": null, \"low\": 0.1, \"high\": 100.0, \"log\": true}}"}
{"op_code":0,"worker_id":"ca759678-5ab6-481c-8d41-4f1afb0c3779-23456247935296","study_name":"peter_c20ng_k5","directions":[2]}
{"op_code":4,"worker_id":"ca759678-5ab6-481c-8d41-4f1afb0c3779-23456247935296","study_id":0,"datetime_start":"2026-07-24T10:23:29.305732"}
{"op_code":5,"worker_id":"ca759678-5ab6-481c-8d41-4f1afb0c3779-23456247935296","trial_id":4,"param_name":"lr","param_value_internal":0.00010865933307276895,"distribution":"{\"name\": \"FloatDistribution\", \"attributes\": {\"step\": null, \"low\": 1e-08, \"high\": 0.5, \"log\": true}}"}
{"op_code":5,"worker_id":"ca759678-5ab6-481c-8d41-4f1afb0c3779-23456247935296","trial_id":4,"param_name":"ratio","param_value_internal":13.3078804850253,"distribution":"{\"name\": \"FloatDistribution\", \"attributes\": {\"step\": null, \"low\": 0.1, \"high\": 100.0, \"log\": true}}"}
{"op_code":0,"worker_id":"9a58bd5e-261f-4951-a3be-a1d041550e6c-23456247935296","study_name":"peter_c20ng_k5","directions":[2]}
{"op_code":4,"worker_id":"9a58bd5e-261f-4951-a3be-a1d041550e6c-23456247935296","study_id":0,"datetime_start":"2026-07-24T10:26:59.565276"}
{"op_code":5,"worker_id":"9a58bd5e-261f-4951-a3be-a1d041550e6c-23456247935296","trial_id":5,"param_name":"lr","param_value_internal":0.16468754302575217,"distribution":"{\"name\": \"FloatDistribution\", \"attributes\": {\"step\": null, \"low\": 1e-08, \"high\": 0.5, \"log\": true}}"}
{"op_code":5,"worker_id":"9a58bd5e-261f-4951-a3be-a1d041550e6c-23456247935296","trial_id":5,"param_name":"ratio","param_value_internal":0.48824380423236324,"distribution":"{\"name\": \"FloatDistribution\", \"attributes\": {\"step\": null, \"low\": 0.1, \"high\": 100.0, \"log\": true}}"}
{"op_code":6,"worker_id":"9a58bd5e-261f-4951-a3be-a1d041550e6c-23456247935296","trial_id":5,"state":3,"values":null,"datetime_complete":"2026-07-24T10:27:57.727017"}
{"op_code":0,"worker_id":"640238fb-385f-4d12-8384-cfdc9780053b-23456247935296","study_name":"peter_c20ng_k5","directions":[2]}
{"op_code":4,"worker_id":"640238fb-385f-4d12-8384-cfdc9780053b-23456247935296","study_id":0,"datetime_start":"2026-07-24T10:30:31.880020"}
{"op_code":5,"worker_id":"640238fb-385f-4d12-8384-cfdc9780053b-23456247935296","trial_id":6,"param_name":"lr","param_value_internal":0.032027251414931485,"distribution":"{\"name\": \"FloatDistribution\", \"attributes\": {\"step\": null, \"low\": 1e-08, \"high\": 0.5, \"log\": true}}"}
{"op_code":5,"worker_id":"640238fb-385f-4d12-8384-cfdc9780053b-23456247935296","trial_id":6,"param_name":"ratio","param_value_internal":7.076640359755636,"distribution":"{\"name\": \"FloatDistribution\", \"attributes\": {\"step\": null, \"low\": 0.1, \"high\": 100.0, \"log\": true}}"}
{"op_code":6,"worker_id":"b775da39-14d9-4b58-a39a-7c9a3e7ed3ef-23456247935296","trial_id":3,"state":1,"values":[-180.58642289797476],"datetime_complete":"2026-07-24T10:33:08.796775"}
{"op_code":6,"worker_id":"640238fb-385f-4d12-8384-cfdc9780053b-23456247935296","trial_id":6,"state":3,"values":null,"datetime_complete":"2026-07-24T10:33:42.946232"}
{"op_code":0,"worker_id":"ca15a490-dac1-4a24-8626-0fe191f579c0-23456247935296","study_name":"peter_c20ng_k5","directions":[2]}
{"op_code":4,"worker_id":"ca15a490-dac1-4a24-8626-0fe191f579c0-23456247935296","study_id":0,"datetime_start":"2026-07-24T10:34:02.551602"}
{"op_code":5,"worker_id":"ca15a490-dac1-4a24-8626-0fe191f579c0-23456247935296","trial_id":7,"param_name":"lr","param_value_internal":0.020150102954363393,"distribution":"{\"name\": \"FloatDistribution\", \"attributes\": {\"step\": null, \"low\": 1e-08, \"high\": 0.5, \"log\": true}}"}
{"op_code":5,"worker_id":"ca15a490-dac1-4a24-8626-0fe191f579c0-23456247935296","trial_id":7,"param_name":"ratio","param_value_internal":0.185323040140905,"distribution":"{\"name\": \"FloatDistribution\", \"attributes\": {\"step\": null, \"low\": 0.1, \"high\": 100.0, \"log\": true}}"}
{"op_code":6,"worker_id":"ca759678-5ab6-481c-8d41-4f1afb0c3779-23456247935296","trial_id":4,"state":1,"values":[-178.97411324006478],"datetime_complete":"2026-07-24T10:35:03.453870"}
{"op_code":0,"worker_id":"3f9e94bc-e235-4c14-a7ce-c54857813901-23456247935296","study_name":"peter_c20ng_k5","directions":[2]}
{"op_code":4,"worker_id":"3f9e94bc-e235-4c14-a7ce-c54857813901-23456247935296","study_id":0,"datetime_start":"2026-07-24T10:37:23.447611"}
{"op_code":5,"worker_id":"3f9e94bc-e235-4c14-a7ce-c54857813901-23456247935296","trial_id":8,"param_name":"lr","param_value_internal":0.2532106432004327,"distribution":"{\"name\": \"FloatDistribution\", \"attributes\": {\"step\": null, \"low\": 1e-08, \"high\": 0.5, \"log\": true}}"}
{"op_code":5,"worker_id":"3f9e94bc-e235-4c14-a7ce-c54857813901-23456247935296","trial_id":8,"param_name":"ratio","param_value_internal":4.873660828763338,"distribution":"{\"name\": \"FloatDistribution\", \"attributes\": {\"step\": null, \"low\": 0.1, \"high\": 100.0, \"log\": true}}"}
{"op_code":6,"worker_id":"3f9e94bc-e235-4c14-a7ce-c54857813901-23456247935296","trial_id":8,"state":3,"values":null,"datetime_complete":"2026-07-24T10:38:19.725303"}
{"op_code":0,"worker_id":"6ea52193-1b57-431f-bdd9-979359d40ee1-23456247935296","study_name":"peter_c20ng_k5","directions":[2]}
{"op_code":4,"worker_id":"6ea52193-1b57-431f-bdd9-979359d40ee1-23456247935296","study_id":0,"datetime_start":"2026-07-24T10:41:20.439469"}
{"op_code":5,"worker_id":"6ea52193-1b57-431f-bdd9-979359d40ee1-23456247935296","trial_id":9,"param_name":"lr","param_value_internal":1.859854887922086e-05,"distribution":"{\"name\": \"FloatDistribution\", \"attributes\": {\"step\": null, \"low\": 1e-08, \"high\": 0.5, \"log\": true}}"}
{"op_code":5,"worker_id":"6ea52193-1b57-431f-bdd9-979359d40ee1-23456247935296","trial_id":9,"param_name":"ratio","param_value_internal":16.49938264883562,"distribution":"{\"name\": \"FloatDistribution\", \"attributes\": {\"step\": null, \"low\": 0.1, \"high\": 100.0, \"log\": true}}"}
{"op_code":0,"worker_id":"549f5ab3-931f-44fe-a867-43aaf76378a9-23456247935296","study_name":"peter_c20ng_k5","directions":[2]}
{"op_code":4,"worker_id":"549f5ab3-931f-44fe-a867-43aaf76378a9-23456247935296","study_id":0,"datetime_start":"2026-07-24T10:45:19.883960"}
{"op_code":5,"worker_id":"549f5ab3-931f-44fe-a867-43aaf76378a9-23456247935296","trial_id":10,"param_name":"lr","param_value_internal":0.0019839735388278664,"distribution":"{\"name\": \"FloatDistribution\", \"attributes\": {\"step\": null, \"low\": 1e-08, \"high\": 0.5, \"log\": true}}"}
{"op_code":5,"worker_id":"549f5ab3-931f-44fe-a867-43aaf76378a9-23456247935296","trial_id":10,"param_name":"ratio","param_value_internal":7.150084240636596,"distribution":"{\"name\": \"FloatDistribution\", \"attributes\": {\"step\": null, \"low\": 0.1, \"high\": 100.0, \"log\": true}}"}
{"op_code":6,"worker_id":"ca15a490-dac1-4a24-8626-0fe191f579c0-23456247935296","trial_id":7,"state":1,"values":[-178.69619794952442],"datetime_complete":"2026-07-24T10:47:49.007030"}
{"op_code":0,"worker_id":"6b986110-57ed-4314-93aa-e09442555a45-23456247935296","study_name":"peter_c20ng_k5","directions":[2]}
{"op_code":4,"worker_id":"6b986110-57ed-4314-93aa-e09442555a45-23456247935296","study_id":0,"datetime_start":"2026-07-24T10:49:37.869837"}
{"op_code":5,"worker_id":"6b986110-57ed-4314-93aa-e09442555a45-23456247935296","trial_id":11,"param_name":"lr","param_value_internal":3.749233281042963e-05,"distribution":"{\"name\": \"FloatDistribution\", \"attributes\": {\"step\": null, \"low\": 1e-08, \"high\": 0.5, \"log\": true}}"}
{"op_code":5,"worker_id":"6b986110-57ed-4314-93aa-e09442555a45-23456247935296","trial_id":11,"param_name":"ratio","param_value_internal":26.998814462279878,"distribution":"{\"name\": \"FloatDistribution\", \"attributes\": {\"step\": null, \"low\": 0.1, \"high\": 100.0, \"log\": true}}"}
{"op_code":6,"worker_id":"6ea52193-1b57-431f-bdd9-979359d40ee1-23456247935296","trial_id":9,"state":1,"values":[-181.697399629087],"datetime_complete":"2026-07-24T10:52:27.431859"}
{"op_code":0,"worker_id":"82c260cc-3a8f-46e2-ad4a-7199850ca960-23456247935296","study_name":"peter_c20ng_k5","directions":[2]}
{"op_code":4,"worker_id":"82c260cc-3a8f-46e2-ad4a-7199850ca960-23456247935296","study_id":0,"datetime_start":"2026-07-24T10:54:23.533250"}
{"op_code":5,"worker_id":"82c260cc-3a8f-46e2-ad4a-7199850ca960-23456247935296","trial_id":12,"param_name":"lr","param_value_internal":1.5522835078035456e-07,"distribution":"{\"name\": \"FloatDistribution\", \"attributes\": {\"step\": null, \"low\": 1e-08, \"high\": 0.5, \"log\": true}}"}
{"op_code":5,"worker_id":"82c260cc-3a8f-46e2-ad4a-7199850ca960-23456247935296","trial_id":12,"param_name":"ratio","param_value_internal":46.56960064029969,"distribution":"{\"name\": \"FloatDistribution\", \"attributes\": {\"step\": null, \"low\": 0.1, \"high\": 100.0, \"log\": true}}"}
{"op_code":0,"worker_id":"65ed524b-ba39-4039-9569-5ee6bbdb4ff0-23456247935296","study_name":"peter_c20ng_k5","directions":[2]}
{"op_code":4,"worker_id":"65ed524b-ba39-4039-9569-5ee6bbdb4ff0-23456247935296","study_id":0,"datetime_start":"2026-07-24T10:58:39.713602"}
{"op_code":5,"worker_id":"65ed524b-ba39-4039-9569-5ee6bbdb4ff0-23456247935296","trial_id":13,"param_name":"lr","param_value_internal":1.6314125062231445e-05,"distribution":"{\"name\": \"FloatDistribution\", \"attributes\": {\"step\": null, \"low\": 1e-08, \"high\": 0.5, \"log\": true}}"}
{"op_code":5,"worker_id":"65ed524b-ba39-4039-9569-5ee6bbdb4ff0-23456247935296","trial_id":13,"param_name":"ratio","param_value_internal":0.2622773220859304,"distribution":"{\"name\": \"FloatDistribution\", \"attributes\": {\"step\": null, \"low\": 0.1, \"high\": 100.0, \"log\": true}}"}
{"op_code":6,"worker_id":"549f5ab3-931f-44fe-a867-43aaf76378a9-23456247935296","trial_id":10,"state":1,"values":[-179.06668722768663],"datetime_complete":"2026-07-24T10:58:42.123322"}
{"op_code":0,"worker_id":"23d7aef8-e824-4c22-8770-0ef63d6b0577-23456247935296","study_name":"peter_c20ng_k5","directions":[2]}
{"op_code":4,"worker_id":"23d7aef8-e824-4c22-8770-0ef63d6b0577-23456247935296","study_id":0,"datetime_start":"2026-07-24T11:03:50.883965"}
{"op_code":5,"worker_id":"23d7aef8-e824-4c22-8770-0ef63d6b0577-23456247935296","trial_id":14,"param_name":"lr","param_value_internal":1.3921140158637412e-08,"distribution":"{\"name\": \"FloatDistribution\", \"attributes\": {\"step\": null, \"low\": 1e-08, \"high\": 0.5, \"log\": true}}"}
{"op_code":5,"worker_id":"23d7aef8-e824-4c22-8770-0ef63d6b0577-23456247935296","trial_id":14,"param_name":"ratio","param_value_internal":0.25209663883531097,"distribution":"{\"name\": \"FloatDistribution\", \"attributes\": {\"step\": null, \"low\": 0.1, \"high\": 100.0, \"log\": true}}"}
{"op_code":6,"worker_id":"6b986110-57ed-4314-93aa-e09442555a45-23456247935296","trial_id":11,"state":1,"values":[-180.10405354908988],"datetime_complete":"2026-07-24T11:04:44.407299"}
{"op_code":6,"worker_id":"82c260cc-3a8f-46e2-ad4a-7199850ca960-23456247935296","trial_id":12,"state":1,"values":[-182.8685455469878],"datetime_complete":"2026-07-24T11:05:50.773555"}
{"op_code":0,"worker_id":"8747c26a-d685-4143-8871-d99faa266b10-23456247935296","study_name":"peter_c20ng_k5","directions":[2]}
{"op_code":4,"worker_id":"8747c26a-d685-4143-8871-d99faa266b10-23456247935296","study_id":0,"datetime_start":"2026-07-24T11:08:27.161882"}
{"op_code":5,"worker_id":"8747c26a-d685-4143-8871-d99faa266b10-23456247935296","trial_id":15,"param_name":"lr","param_value_internal":3.7521594762058466e-06,"distribution":"{\"name\": \"FloatDistribution\", \"attributes\": {\"step\": null, \"low\": 1e-08, \"high\": 0.5, \"log\": true}}"}
{"op_code":5,"worker_id":"8747c26a-d685-4143-8871-d99faa266b10-23456247935296","trial_id":15,"param_name":"ratio","param_value_internal":7.3550026044107915,"distribution":"{\"name\": \"FloatDistribution\", \"attributes\": {\"step\": null, \"low\": 0.1, \"high\": 100.0, \"log\": true}}"}
{"op_code":6,"worker_id":"65ed524b-ba39-4039-9569-5ee6bbdb4ff0-23456247935296","trial_id":13,"state":1,"values":[-182.65788574494522],"datetime_complete":"2026-07-24T11:12:27.655724"}
{"op_code":0,"worker_id":"776380c4-1020-4ed7-b776-7431421b0488-23456247935296","study_name":"peter_c20ng_k5","directions":[2]}
{"op_code":4,"worker_id":"776380c4-1020-4ed7-b776-7431421b0488-23456247935296","study_id":0,"datetime_start":"2026-07-24T11:12:52.365221"}
{"op_code":5,"worker_id":"776380c4-1020-4ed7-b776-7431421b0488-23456247935296","trial_id":16,"param_name":"lr","param_value_internal":2.821779816821767e-05,"distribution":"{\"name\": \"FloatDistribution\", \"attributes\": {\"step\": null, \"low\": 1e-08, \"high\": 0.5, \"log\": true}}"}
{"op_code":5,"worker_id":"776380c4-1020-4ed7-b776-7431421b0488-23456247935296","trial_id":16,"param_name":"ratio","param_value_internal":0.7650144098222027,"distribution":"{\"name\": \"FloatDistribution\", \"attributes\": {\"step\": null, \"low\": 0.1, \"high\": 100.0, \"log\": true}}"}
{"op_code":0,"worker_id":"f93c8977-c0c4-46d8-9be5-b6a5ba2fb443-23456247935296","study_name":"peter_c20ng_k5","directions":[2]}
{"op_code":4,"worker_id":"f93c8977-c0c4-46d8-9be5-b6a5ba2fb443-23456247935296","study_id":0,"datetime_start":"2026-07-24T11:17:13.310555"}
{"op_code":5,"worker_id":"f93c8977-c0c4-46d8-9be5-b6a5ba2fb443-23456247935296","trial_id":17,"param_name":"lr","param_value_internal":0.00017015741358811904,"distribution":"{\"name\": \"FloatDistribution\", \"attributes\": {\"step\": null, \"low\": 1e-08, \"high\": 0.5, \"log\": true}}"}
{"op_code":5,"worker_id":"f93c8977-c0c4-46d8-9be5-b6a5ba2fb443-23456247935296","trial_id":17,"param_name":"ratio","param_value_internal":6.846235361847214,"distribution":"{\"name\": \"FloatDistribution\", \"attributes\": {\"step\": null, \"low\": 0.1, \"high\": 100.0, \"log\": true}}"}
{"op_code":6,"worker_id":"23d7aef8-e824-4c22-8770-0ef63d6b0577-23456247935296","trial_id":14,"state":1,"values":[-182.87524588755025],"datetime_complete":"2026-07-24T11:19:26.272482"}
{"op_code":0,"worker_id":"aadca2ce-4fb9-4ebc-8ba5-23c6544ed7b4-23456247935296","study_name":"peter_c20ng_k5","directions":[2]}
{"op_code":4,"worker_id":"aadca2ce-4fb9-4ebc-8ba5-23c6544ed7b4-23456247935296","study_id":0,"datetime_start":"2026-07-24T11:21:21.172402"}
{"op_code":5,"worker_id":"aadca2ce-4fb9-4ebc-8ba5-23c6544ed7b4-23456247935296","trial_id":18,"param_name":"lr","param_value_internal":0.051029299727677495,"distribution":"{\"name\": \"FloatDistribution\", \"attributes\": {\"step\": null, \"low\": 1e-08, \"high\": 0.5, \"log\": true}}"}
{"op_code":5,"worker_id":"aadca2ce-4fb9-4ebc-8ba5-23c6544ed7b4-23456247935296","trial_id":18,"param_name":"ratio","param_value_internal":46.65768132313458,"distribution":"{\"name\": \"FloatDistribution\", \"attributes\": {\"step\": null, \"low\": 0.1, \"high\": 100.0, \"log\": true}}"}
{"op_code":6,"worker_id":"8747c26a-d685-4143-8871-d99faa266b10-23456247935296","trial_id":15,"state":1,"values":[-182.71904561451953],"datetime_complete":"2026-07-24T11:22:43.110381"}
{"op_code":6,"worker_id":"aadca2ce-4fb9-4ebc-8ba5-23c6544ed7b4-23456247935296","trial_id":18,"state":3,"values":null,"datetime_complete":"2026-07-24T11:23:27.271572"}
{"op_code":0,"worker_id":"64d64eb6-5bb1-4d7e-a4c2-d23ca09eba5c-23456247935296","study_name":"peter_c20ng_k5","directions":[2]}
{"op_code":4,"worker_id":"64d64eb6-5bb1-4d7e-a4c2-d23ca09eba5c-23456247935296","study_id":0,"datetime_start":"2026-07-24T11:25:19.745161"}
{"op_code":9,"worker_id":"64d64eb6-5bb1-4d7e-a4c2-d23ca09eba5c-23456247935296","trial_id":19,"system_attr":{"tpe:relative_params:0":"{\"lr\": 0.17690150966670198, \"ratio\": 0.12627529152748498}"}}
{"op_code":5,"worker_id":"64d64eb6-5bb1-4d7e-a4c2-d23ca09eba5c-23456247935296","trial_id":19,"param_name":"lr","param_value_internal":0.17690150966670198,"distribution":"{\"name\": \"FloatDistribution\", \"attributes\": {\"step\": null, \"low\": 1e-08, \"high\": 0.5, \"log\": true}}"}
{"op_code":5,"worker_id":"64d64eb6-5bb1-4d7e-a4c2-d23ca09eba5c-23456247935296","trial_id":19,"param_name":"ratio","param_value_internal":0.12627529152748498,"distribution":"{\"name\": \"FloatDistribution\", \"attributes\": {\"step\": null, \"low\": 0.1, \"high\": 100.0, \"log\": true}}"}
{"op_code":6,"worker_id":"776380c4-1020-4ed7-b776-7431421b0488-23456247935296","trial_id":16,"state":1,"values":[-182.52131369660063],"datetime_complete":"2026-07-24T11:26:19.752177"}
{"op_code":6,"worker_id":"64d64eb6-5bb1-4d7e-a4c2-d23ca09eba5c-23456247935296","trial_id":19,"state":3,"values":null,"datetime_complete":"2026-07-24T11:26:19.850781"}
{"op_code":0,"worker_id":"3844b8b7-6d98-45d6-bbab-2fc5468badd1-23456247935296","study_name":"peter_c20ng_k5","directions":[2]}
{"op_code":4,"worker_id":"3844b8b7-6d98-45d6-bbab-2fc5468badd1-23456247935296","study_id":0,"datetime_start":"2026-07-24T11:29:03.940418"}
{"op_code":9,"worker_id":"3844b8b7-6d98-45d6-bbab-2fc5468badd1-23456247935296","trial_id":20,"system_attr":{"tpe:relative_params:0":"{\"lr\": 0.2984412121880523, \"ratio\": 0.18972458145059315}"}}
{"op_code":5,"worker_id":"3844b8b7-6d98-45d6-bbab-2fc5468badd1-23456247935296","trial_id":20,"param_name":"lr","param_value_internal":0.2984412121880523,"distribution":"{\"name\": \"FloatDistribution\", \"attributes\": {\"step\": null, \"low\": 1e-08, \"high\": 0.5, \"log\": true}}"}
{"op_code":5,"worker_id":"3844b8b7-6d98-45d6-bbab-2fc5468badd1-23456247935296","trial_id":20,"param_name":"ratio","param_value_internal":0.18972458145059315,"distribution":"{\"name\": \"FloatDistribution\", \"attributes\": {\"step\": null, \"low\": 0.1, \"high\": 100.0, \"log\": true}}"}
{"op_code":6,"worker_id":"3844b8b7-6d98-45d6-bbab-2fc5468badd1-23456247935296","trial_id":20,"state":3,"values":null,"datetime_complete":"2026-07-24T11:29:59.427839"}
{"op_code":6,"worker_id":"f93c8977-c0c4-46d8-9be5-b6a5ba2fb443-23456247935296","trial_id":17,"state":1,"values":[-178.91347567416713],"datetime_complete":"2026-07-24T11:30:38.289429"}
{"op_code":0,"worker_id":"ac7a4fdd-3682-437e-b561-f085834d7a00-23456247935296","study_name":"peter_c20ng_k5","directions":[2]}
{"op_code":4,"worker_id":"ac7a4fdd-3682-437e-b561-f085834d7a00-23456247935296","study_id":0,"datetime_start":"2026-07-24T11:34:28.684262"}
{"op_code":9,"worker_id":"ac7a4fdd-3682-437e-b561-f085834d7a00-23456247935296","trial_id":21,"system_attr":{"tpe:relative_params:0":"{\"lr\": 0.04637763392725022, \"ratio\": 0.23063790375679213}"}}
{"op_code":5,"worker_id":"ac7a4fdd-3682-437e-b561-f085834d7a00-23456247935296","trial_id":21,"param_name":"lr","param_value_internal":0.04637763392725022,"distribution":"{\"name\": \"FloatDistribution\", \"attributes\": {\"step\": null, \"low\": 1e-08, \"high\": 0.5, \"log\": true}}"}
{"op_code":5,"worker_id":"ac7a4fdd-3682-437e-b561-f085834d7a00-23456247935296","trial_id":21,"param_name":"ratio","param_value_internal":0.23063790375679213,"distribution":"{\"name\": \"FloatDistribution\", \"attributes\": {\"step\": null, \"low\": 0.1, \"high\": 100.0, \"log\": true}}"}
{"op_code":6,"worker_id":"ac7a4fdd-3682-437e-b561-f085834d7a00-23456247935296","trial_id":21,"state":3,"values":null,"datetime_complete":"2026-07-24T11:36:23.183153"}
{"op_code":0,"worker_id":"fa3d85f3-be5d-437c-bdd4-855564986f10-23456247935296","study_name":"peter_c20ng_k5","directions":[2]}
{"op_code":4,"worker_id":"fa3d85f3-be5d-437c-bdd4-855564986f10-23456247935296","study_id":0,"datetime_start":"2026-07-24T11:38:44.838252"}
{"op_code":9,"worker_id":"fa3d85f3-be5d-437c-bdd4-855564986f10-23456247935296","trial_id":22,"system_attr":{"tpe:relative_params:0":"{\"lr\": 0.22306644435435619, \"ratio\": 0.16126410569736854}"}}
{"op_code":5,"worker_id":"fa3d85f3-be5d-437c-bdd4-855564986f10-23456247935296","trial_id":22,"param_name":"lr","param_value_internal":0.22306644435435619,"distribution":"{\"name\": \"FloatDistribution\", \"attributes\": {\"step\": null, \"low\": 1e-08, \"high\": 0.5, \"log\": true}}"}
{"op_code":5,"worker_id":"fa3d85f3-be5d-437c-bdd4-855564986f10-23456247935296","trial_id":22,"param_name":"ratio","param_value_internal":0.16126410569736854,"distribution":"{\"name\": \"FloatDistribution\", \"attributes\": {\"step\": null, \"low\": 0.1, \"high\": 100.0, \"log\": true}}"}
{"op_code":6,"worker_id":"fa3d85f3-be5d-437c-bdd4-855564986f10-23456247935296","trial_id":22,"state":3,"values":null,"datetime_complete":"2026-07-24T11:40:50.777281"}
{"op_code":0,"worker_id":"8ae1c572-8eba-424d-a2e2-f7645d95e451-23456247935296","study_name":"peter_c20ng_k5","directions":[2]}
{"op_code":4,"worker_id":"8ae1c572-8eba-424d-a2e2-f7645d95e451-23456247935296","study_id":0,"datetime_start":"2026-07-24T11:42:31.311732"}
{"op_code":9,"worker_id":"8ae1c572-8eba-424d-a2e2-f7645d95e451-23456247935296","trial_id":23,"system_attr":{"tpe:relative_params:0":"{\"lr\": 0.05563950109933565, \"ratio\": 0.16379724361615436}"}}
{"op_code":5,"worker_id":"8ae1c572-8eba-424d-a2e2-f7645d95e451-23456247935296","trial_id":23,"param_name":"lr","param_value_internal":0.05563950109933565,"distribution":"{\"name\": \"FloatDistribution\", \"attributes\": {\"step\": null, \"low\": 1e-08, \"high\": 0.5, \"log\": true}}"}
{"op_code":5,"worker_id":"8ae1c572-8eba-424d-a2e2-f7645d95e451-23456247935296","trial_id":23,"param_name":"ratio","param_value_internal":0.16379724361615436,"distribution":"{\"name\": \"FloatDistribution\", \"attributes\": {\"step\": null, \"low\": 0.1, \"high\": 100.0, \"log\": true}}"}
{"op_code":6,"worker_id":"8ae1c572-8eba-424d-a2e2-f7645d95e451-23456247935296","trial_id":23,"state":3,"values":null,"datetime_complete":"2026-07-24T11:44:04.670138"}
{"op_code":0,"worker_id":"faf447be-1391-468a-ae64-f7d451cfdd92-23456247935296","study_name":"peter_c20ng_k5","directions":[2]}
{"op_code":4,"worker_id":"faf447be-1391-468a-ae64-f7d451cfdd92-23456247935296","study_id":0,"datetime_start":"2026-07-24T11:45:39.495161"}
{"op_code":9,"worker_id":"faf447be-1391-468a-ae64-f7d451cfdd92-23456247935296","trial_id":24,"system_attr":{"tpe:relative_params:0":"{\"lr\": 0.10002353506271325, \"ratio\": 0.3481980160997255}"}}
{"op_code":5,"worker_id":"faf447be-1391-468a-ae64-f7d451cfdd92-23456247935296","trial_id":24,"param_name":"lr","param_value_internal":0.10002353506271325,"distribution":"{\"name\": \"FloatDistribution\", \"attributes\": {\"step\": null, \"low\": 1e-08, \"high\": 0.5, \"log\": true}}"}
{"op_code":5,"worker_id":"faf447be-1391-468a-ae64-f7d451cfdd92-23456247935296","trial_id":24,"param_name":"ratio","param_value_internal":0.3481980160997255,"distribution":"{\"name\": \"FloatDistribution\", \"attributes\": {\"step\": null, \"low\": 0.1, \"high\": 100.0, \"log\": true}}"}
{"op_code":6,"worker_id":"faf447be-1391-468a-ae64-f7d451cfdd92-23456247935296","trial_id":24,"state":3,"values":null,"datetime_complete":"2026-07-24T11:46:35.977996"}
{"op_code":0,"worker_id":"8e5bafde-1c6d-4479-9d1a-f023afd33f77-23456247935296","study_name":"peter_c20ng_k5","directions":[2]}
{"op_code":4,"worker_id":"8e5bafde-1c6d-4479-9d1a-f023afd33f77-23456247935296","study_id":0,"datetime_start":"2026-07-24T11:49:19.019451"}
{"op_code":9,"worker_id":"8e5bafde-1c6d-4479-9d1a-f023afd33f77-23456247935296","trial_id":25,"system_attr":{"tpe:relative_params:0":"{\"lr\": 0.05690067335719251, \"ratio\": 0.21419709604989692}"}}
{"op_code":5,"worker_id":"8e5bafde-1c6d-4479-9d1a-f023afd33f77-23456247935296","trial_id":25,"param_name":"lr","param_value_internal":0.05690067335719251,"distribution":"{\"name\": \"FloatDistribution\", \"attributes\": {\"step\": null, \"low\": 1e-08, \"high\": 0.5, \"log\": true}}"}
{"op_code":5,"worker_id":"8e5bafde-1c6d-4479-9d1a-f023afd33f77-23456247935296","trial_id":25,"param_name":"ratio","param_value_internal":0.21419709604989692,"distribution":"{\"name\": \"FloatDistribution\", \"attributes\": {\"step\": null, \"low\": 0.1, \"high\": 100.0, \"log\": true}}"}
{"op_code":6,"worker_id":"8e5bafde-1c6d-4479-9d1a-f023afd33f77-23456247935296","trial_id":25,"state":3,"values":null,"datetime_complete":"2026-07-24T11:50:40.163276"}
{"op_code":0,"worker_id":"af25642d-6295-486b-99c8-36b04526c4a9-23456247935296","study_name":"peter_c20ng_k5","directions":[2]}
{"op_code":4,"worker_id":"af25642d-6295-486b-99c8-36b04526c4a9-23456247935296","study_id":0,"datetime_start":"2026-07-24T11:52:52.668131"}
{"op_code":9,"worker_id":"af25642d-6295-486b-99c8-36b04526c4a9-23456247935296","trial_id":26,"system_attr":{"tpe:relative_params:0":"{\"lr\": 0.4254166180298467, \"ratio\": 0.6612226056685746}"}}
{"op_code":5,"worker_id":"af25642d-6295-486b-99c8-36b04526c4a9-23456247935296","trial_id":26,"param_name":"lr","param_value_internal":0.4254166180298467,"distribution":"{\"name\": \"FloatDistribution\", \"attributes\": {\"step\": null, \"low\": 1e-08, \"high\": 0.5, \"log\": true}}"}
{"op_code":5,"worker_id":"af25642d-6295-486b-99c8-36b04526c4a9-23456247935296","trial_id":26,"param_name":"ratio","param_value_internal":0.6612226056685746,"distribution":"{\"name\": \"FloatDistribution\", \"attributes\": {\"step\": null, \"low\": 0.1, \"high\": 100.0, \"log\": true}}"}
{"op_code":6,"worker_id":"af25642d-6295-486b-99c8-36b04526c4a9-23456247935296","trial_id":26,"state":3,"values":null,"datetime_complete":"2026-07-24T11:54:07.505570"}
{"op_code":0,"worker_id":"558db9e4-f80a-433e-860e-591fd3489fea-23456247935296","study_name":"peter_c20ng_k5","directions":[2]}
{"op_code":4,"worker_id":"558db9e4-f80a-433e-860e-591fd3489fea-23456247935296","study_id":0,"datetime_start":"2026-07-24T11:56:02.143167"}
{"op_code":9,"worker_id":"558db9e4-f80a-433e-860e-591fd3489fea-23456247935296","trial_id":27,"system_attr":{"tpe:relative_params:0":"{\"lr\": 0.05203333309742003, \"ratio\": 1.3646036848157714}"}}
{"op_code":5,"worker_id":"558db9e4-f80a-433e-860e-591fd3489fea-23456247935296","trial_id":27,"param_name":"lr","param_value_internal":0.05203333309742003,"distribution":"{\"name\": \"FloatDistribution\", \"attributes\": {\"step\": null, \"low\": 1e-08, \"high\": 0.5, \"log\": true}}"}
{"op_code":5,"worker_id":"558db9e4-f80a-433e-860e-591fd3489fea-23456247935296","trial_id":27,"param_name":"ratio","param_value_internal":1.3646036848157714,"distribution":"{\"name\": \"FloatDistribution\", \"attributes\": {\"step\": null, \"low\": 0.1, \"high\": 100.0, \"log\": true}}"}
{"op_code":6,"worker_id":"558db9e4-f80a-433e-860e-591fd3489fea-23456247935296","trial_id":27,"state":3,"values":null,"datetime_complete":"2026-07-24T11:58:15.082001"}
{"op_code":0,"worker_id":"7d1fe190-3f59-47af-9b0d-30490e7cfe9a-23456247935296","study_name":"peter_c20ng_k5","directions":[2]}
{"op_code":4,"worker_id":"7d1fe190-3f59-47af-9b0d-30490e7cfe9a-23456247935296","study_id":0,"datetime_start":"2026-07-24T12:00:03.655103"}
{"op_code":9,"worker_id":"7d1fe190-3f59-47af-9b0d-30490e7cfe9a-23456247935296","trial_id":28,"system_attr":{"tpe:relative_params:0":"{\"lr\": 0.46570971487421803, \"ratio\": 0.213931935573972}"}}
{"op_code":5,"worker_id":"7d1fe190-3f59-47af-9b0d-30490e7cfe9a-23456247935296","trial_id":28,"param_name":"lr","param_value_internal":0.46570971487421803,"distribution":"{\"name\": \"FloatDistribution\", \"attributes\": {\"step\": null, \"low\": 1e-08, \"high\": 0.5, \"log\": true}}"}
{"op_code":5,"worker_id":"7d1fe190-3f59-47af-9b0d-30490e7cfe9a-23456247935296","trial_id":28,"param_name":"ratio","param_value_internal":0.213931935573972,"distribution":"{\"name\": \"FloatDistribution\", \"attributes\": {\"step\": null, \"low\": 0.1, \"high\": 100.0, \"log\": true}}"}
{"op_code":6,"worker_id":"7d1fe190-3f59-47af-9b0d-30490e7cfe9a-23456247935296","trial_id":28,"state":3,"values":null,"datetime_complete":"2026-07-24T12:01:00.405385"}
{"op_code":0,"worker_id":"3eb91653-e614-438a-95a1-783c43225be2-23456247935296","study_name":"peter_c20ng_k5","directions":[2]}
{"op_code":4,"worker_id":"3eb91653-e614-438a-95a1-783c43225be2-23456247935296","study_id":0,"datetime_start":"2026-07-24T12:03:59.258884"}
{"op_code":9,"worker_id":"3eb91653-e614-438a-95a1-783c43225be2-23456247935296","trial_id":29,"system_attr":{"tpe:relative_params:0":"{\"lr\": 0.18302536233293842, \"ratio\": 0.14356579889721455}"}}
{"op_code":5,"worker_id":"3eb91653-e614-438a-95a1-783c43225be2-23456247935296","trial_id":29,"param_name":"lr","param_value_internal":0.18302536233293842,"distribution":"{\"name\": \"FloatDistribution\", \"attributes\": {\"step\": null, \"low\": 1e-08, \"high\": 0.5, \"log\": true}}"}
{"op_code":5,"worker_id":"3eb91653-e614-438a-95a1-783c43225be2-23456247935296","trial_id":29,"param_name":"ratio","param_value_internal":0.14356579889721455,"distribution":"{\"name\": \"FloatDistribution\", \"attributes\": {\"step\": null, \"low\": 0.1, \"high\": 100.0, \"log\": true}}"}
{"op_code":6,"worker_id":"3eb91653-e614-438a-95a1-783c43225be2-23456247935296","trial_id":29,"state":3,"values":null,"datetime_complete":"2026-07-24T12:05:00.235039"}
{"op_code":0,"worker_id":"b8b1d7da-c85d-42c6-a8c6-81f144c9eee5-23456247935296","study_name":"peter_c20ng_k5","directions":[2]}
{"op_code":4,"worker_id":"b8b1d7da-c85d-42c6-a8c6-81f144c9eee5-23456247935296","study_id":0,"datetime_start":"2026-07-24T12:07:32.555283"}
{"op_code":9,"worker_id":"b8b1d7da-c85d-42c6-a8c6-81f144c9eee5-23456247935296","trial_id":30,"system_attr":{"tpe:relative_params:0":"{\"lr\": 0.03433819469562708, \"ratio\": 0.16798643424244855}"}}
{"op_code":5,"worker_id":"b8b1d7da-c85d-42c6-a8c6-81f144c9eee5-23456247935296","trial_id":30,"param_name":"lr","param_value_internal":0.03433819469562708,"distribution":"{\"name\": \"FloatDistribution\", \"attributes\": {\"step\": null, \"low\": 1e-08, \"high\": 0.5, \"log\": true}}"}
{"op_code":5,"worker_id":"b8b1d7da-c85d-42c6-a8c6-81f144c9eee5-23456247935296","trial_id":30,"param_name":"ratio","param_value_internal":0.16798643424244855,"distribution":"{\"name\": \"FloatDistribution\", \"attributes\": {\"step\": null, \"low\": 0.1, \"high\": 100.0, \"log\": true}}"}
{"op_code":0,"worker_id":"edcd84d9-506e-433c-b74f-bc5f05011633-23456247935296","study_name":"peter_c20ng_k5","directions":[2]}
{"op_code":4,"worker_id":"edcd84d9-506e-433c-b74f-bc5f05011633-23456247935296","study_id":0,"datetime_start":"2026-07-24T12:11:24.836817"}
{"op_code":9,"worker_id":"edcd84d9-506e-433c-b74f-bc5f05011633-23456247935296","trial_id":31,"system_attr":{"tpe:relative_params:0":"{\"lr\": 0.0027874527197610304, \"ratio\": 0.5892078896405416}"}}
{"op_code":5,"worker_id":"edcd84d9-506e-433c-b74f-bc5f05011633-23456247935296","trial_id":31,"param_name":"lr","param_value_internal":0.0027874527197610304,"distribution":"{\"name\": \"FloatDistribution\", \"attributes\": {\"step\": null, \"low\": 1e-08, \"high\": 0.5, \"log\": true}}"}
{"op_code":5,"worker_id":"edcd84d9-506e-433c-b74f-bc5f05011633-23456247935296","trial_id":31,"param_name":"ratio","param_value_internal":0.5892078896405416,"distribution":"{\"name\": \"FloatDistribution\", \"attributes\": {\"step\": null, \"low\": 0.1, \"high\": 100.0, \"log\": true}}"}
{"op_code":6,"worker_id":"b8b1d7da-c85d-42c6-a8c6-81f144c9eee5-23456247935296","trial_id":30,"state":3,"values":null,"datetime_complete":"2026-07-24T12:11:37.367711"}
{"op_code":0,"worker_id":"613102aa-525b-4ac0-9f08-fe4852aad9ec-23456247935296","study_name":"peter_c20ng_k5","directions":[2]}
{"op_code":4,"worker_id":"613102aa-525b-4ac0-9f08-fe4852aad9ec-23456247935296","study_id":0,"datetime_start":"2026-07-24T12:15:20.821736"}
{"op_code":9,"worker_id":"613102aa-525b-4ac0-9f08-fe4852aad9ec-23456247935296","trial_id":32,"system_attr":{"tpe:relative_params:0":"{\"lr\": 0.4132949194271867, \"ratio\": 0.22166103683393584}"}}
{"op_code":5,"worker_id":"613102aa-525b-4ac0-9f08-fe4852aad9ec-23456247935296","trial_id":32,"param_name":"lr","param_value_internal":0.4132949194271867,"distribution":"{\"name\": \"FloatDistribution\", \"attributes\": {\"step\": null, \"low\": 1e-08, \"high\": 0.5, \"log\": true}}"}
{"op_code":5,"worker_id":"613102aa-525b-4ac0-9f08-fe4852aad9ec-23456247935296","trial_id":32,"param_name":"ratio","param_value_internal":0.22166103683393584,"distribution":"{\"name\": \"FloatDistribution\", \"attributes\": {\"step\": null, \"low\": 0.1, \"high\": 100.0, \"log\": true}}"}
{"op_code":6,"worker_id":"613102aa-525b-4ac0-9f08-fe4852aad9ec-23456247935296","trial_id":32,"state":3,"values":null,"datetime_complete":"2026-07-24T12:16:57.050282"}
{"op_code":0,"worker_id":"5dbb5108-3d3f-4307-84b1-221c93d69f46-23456247935296","study_name":"peter_c20ng_k5","directions":[2]}
{"op_code":4,"worker_id":"5dbb5108-3d3f-4307-84b1-221c93d69f46-23456247935296","study_id":0,"datetime_start":"2026-07-24T12:18:42.233492"}
{"op_code":9,"worker_id":"5dbb5108-3d3f-4307-84b1-221c93d69f46-23456247935296","trial_id":33,"system_attr":{"tpe:relative_params:0":"{\"lr\": 0.2815829003640631, \"ratio\": 2.2544181581979252}"}}
{"op_code":5,"worker_id":"5dbb5108-3d3f-4307-84b1-221c93d69f46-23456247935296","trial_id":33,"param_name":"lr","param_value_internal":0.2815829003640631,"distribution":"{\"name\": \"FloatDistribution\", \"attributes\": {\"step\": null, \"low\": 1e-08, \"high\": 0.5, \"log\": true}}"}
{"op_code":5,"worker_id":"5dbb5108-3d3f-4307-84b1-221c93d69f46-23456247935296","trial_id":33,"param_name":"ratio","param_value_internal":2.2544181581979252,"distribution":"{\"name\": \"FloatDistribution\", \"attributes\": {\"step\": null, \"low\": 0.1, \"high\": 100.0, \"log\": true}}"}
{"op_code":6,"worker_id":"5dbb5108-3d3f-4307-84b1-221c93d69f46-23456247935296","trial_id":33,"state":3,"values":null,"datetime_complete":"2026-07-24T12:19:52.536735"}
{"op_code":0,"worker_id":"0c2eda32-7937-4210-aa21-1acce35e5dd1-23456247935296","study_name":"peter_c20ng_k5","directions":[2]}
{"op_code":4,"worker_id":"0c2eda32-7937-4210-aa21-1acce35e5dd1-23456247935296","study_id":0,"datetime_start":"2026-07-24T12:22:46.045609"}
{"op_code":9,"worker_id":"0c2eda32-7937-4210-aa21-1acce35e5dd1-23456247935296","trial_id":34,"system_attr":{"tpe:relative_params:0":"{\"lr\": 0.1835171527237033, \"ratio\": 0.31466823487408274}"}}
{"op_code":5,"worker_id":"0c2eda32-7937-4210-aa21-1acce35e5dd1-23456247935296","trial_id":34,"param_name":"lr","param_value_internal":0.1835171527237033,"distribution":"{\"name\": \"FloatDistribution\", \"attributes\": {\"step\": null, \"low\": 1e-08, \"high\": 0.5, \"log\": true}}"}
{"op_code":5,"worker_id":"0c2eda32-7937-4210-aa21-1acce35e5dd1-23456247935296","trial_id":34,"param_name":"ratio","param_value_internal":0.31466823487408274,"distribution":"{\"name\": \"FloatDistribution\", \"attributes\": {\"step\": null, \"low\": 0.1, \"high\": 100.0, \"log\": true}}"}
{"op_code":6,"worker_id":"0c2eda32-7937-4210-aa21-1acce35e5dd1-23456247935296","trial_id":34,"state":3,"values":null,"datetime_complete":"2026-07-24T12:23:46.877017"}
{"op_code":6,"worker_id":"edcd84d9-506e-433c-b74f-bc5f05011633-23456247935296","trial_id":31,"state":1,"values":[-177.09622372230567],"datetime_complete":"2026-07-24T12:27:50.141795"}
{"op_code":0,"worker_id":"1ea1083f-45a0-458b-b8f3-4bd7105029b9-23456247935296","study_name":"peter_c20ng_k5","directions":[2]}
{"op_code":4,"worker_id":"1ea1083f-45a0-458b-b8f3-4bd7105029b9-23456247935296","study_id":0,"datetime_start":"2026-07-24T12:28:43.683272"}
{"op_code":9,"worker_id":"1ea1083f-45a0-458b-b8f3-4bd7105029b9-23456247935296","trial_id":35,"system_attr":{"tpe:relative_params:0":"{\"lr\": 0.03847338361424148, \"ratio\": 0.18684136573348425}"}}
{"op_code":5,"worker_id":"1ea1083f-45a0-458b-b8f3-4bd7105029b9-23456247935296","trial_id":35,"param_name":"lr","param_value_internal":0.03847338361424148,"distribution":"{\"name\": \"FloatDistribution\", \"attributes\": {\"step\": null, \"low\": 1e-08, \"high\": 0.5, \"log\": true}}"}
{"op_code":5,"worker_id":"1ea1083f-45a0-458b-b8f3-4bd7105029b9-23456247935296","trial_id":35,"param_name":"ratio","param_value_internal":0.18684136573348425,"distribution":"{\"name\": \"FloatDistribution\", \"attributes\": {\"step\": null, \"low\": 0.1, \"high\": 100.0, \"log\": true}}"}
{"op_code":6,"worker_id":"1ea1083f-45a0-458b-b8f3-4bd7105029b9-23456247935296","trial_id":35,"state":3,"values":null,"datetime_complete":"2026-07-24T12:31:37.437164"}
{"op_code":0,"worker_id":"417ecbb0-eb85-40d1-a49d-e1e253ac69ea-23456247935296","study_name":"peter_c20ng_k5","directions":[2]}
{"op_code":4,"worker_id":"417ecbb0-eb85-40d1-a49d-e1e253ac69ea-23456247935296","study_id":0,"datetime_start":"2026-07-24T12:33:12.117015"}
{"op_code":9,"worker_id":"417ecbb0-eb85-40d1-a49d-e1e253ac69ea-23456247935296","trial_id":36,"system_attr":{"tpe:relative_params:0":"{\"lr\": 0.09457498557712363, \"ratio\": 0.1421621908165372}"}}
{"op_code":5,"worker_id":"417ecbb0-eb85-40d1-a49d-e1e253ac69ea-23456247935296","trial_id":36,"param_name":"lr","param_value_internal":0.09457498557712363,"distribution":"{\"name\": \"FloatDistribution\", \"attributes\": {\"step\": null, \"low\": 1e-08, \"high\": 0.5, \"log\": true}}"}
{"op_code":5,"worker_id":"417ecbb0-eb85-40d1-a49d-e1e253ac69ea-23456247935296","trial_id":36,"param_name":"ratio","param_value_internal":0.1421621908165372,"distribution":"{\"name\": \"FloatDistribution\", \"attributes\": {\"step\": null, \"low\": 0.1, \"high\": 100.0, \"log\": true}}"}
{"op_code":6,"worker_id":"417ecbb0-eb85-40d1-a49d-e1e253ac69ea-23456247935296","trial_id":36,"state":3,"values":null,"datetime_complete":"2026-07-24T12:34:21.901882"}
{"op_code":0,"worker_id":"c418dc5d-933b-49b7-8b53-7ba73884fd62-23456247935296","study_name":"peter_c20ng_k5","directions":[2]}
{"op_code":4,"worker_id":"c418dc5d-933b-49b7-8b53-7ba73884fd62-23456247935296","study_id":0,"datetime_start":"2026-07-24T12:37:27.870338"}
{"op_code":9,"worker_id":"c418dc5d-933b-49b7-8b53-7ba73884fd62-23456247935296","trial_id":37,"system_attr":{"tpe:relative_params:0":"{\"lr\": 0.09144999542366693, \"ratio\": 0.205738947473215}"}}
{"op_code":5,"worker_id":"c418dc5d-933b-49b7-8b53-7ba73884fd62-23456247935296","trial_id":37,"param_name":"lr","param_value_internal":0.09144999542366693,"distribution":"{\"name\": \"FloatDistribution\", \"attributes\": {\"step\": null, \"low\": 1e-08, \"high\": 0.5, \"log\": true}}"}
{"op_code":5,"worker_id":"c418dc5d-933b-49b7-8b53-7ba73884fd62-23456247935296","trial_id":37,"param_name":"ratio","param_value_internal":0.205738947473215,"distribution":"{\"name\": \"FloatDistribution\", \"attributes\": {\"step\": null, \"low\": 0.1, \"high\": 100.0, \"log\": true}}"}
{"op_code":6,"worker_id":"c418dc5d-933b-49b7-8b53-7ba73884fd62-23456247935296","trial_id":37,"state":3,"values":null,"datetime_complete":"2026-07-24T12:38:44.770815"}
{"op_code":0,"worker_id":"6f1223f2-0128-4ac9-9102-f924980dd926-23456247935296","study_name":"peter_c20ng_k5","directions":[2]}
{"op_code":4,"worker_id":"6f1223f2-0128-4ac9-9102-f924980dd926-23456247935296","study_id":0,"datetime_start":"2026-07-24T12:42:28.901728"}
{"op_code":9,"worker_id":"6f1223f2-0128-4ac9-9102-f924980dd926-23456247935296","trial_id":38,"system_attr":{"tpe:relative_params:0":"{\"lr\": 0.047975999600456905, \"ratio\": 0.2773228446101021}"}}
{"op_code":5,"worker_id":"6f1223f2-0128-4ac9-9102-f924980dd926-23456247935296","trial_id":38,"param_name":"lr","param_value_internal":0.047975999600456905,"distribution":"{\"name\": \"FloatDistribution\", \"attributes\": {\"step\": null, \"low\": 1e-08, \"high\": 0.5, \"log\": true}}"}
{"op_code":5,"worker_id":"6f1223f2-0128-4ac9-9102-f924980dd926-23456247935296","trial_id":38,"param_name":"ratio","param_value_internal":0.2773228446101021,"distribution":"{\"name\": \"FloatDistribution\", \"attributes\": {\"step\": null, \"low\": 0.1, \"high\": 100.0, \"log\": true}}"}
{"op_code":6,"worker_id":"6f1223f2-0128-4ac9-9102-f924980dd926-23456247935296","trial_id":38,"state":3,"values":null,"datetime_complete":"2026-07-24T12:44:53.081971"}
{"op_code":0,"worker_id":"f95354d6-e1f8-40ea-9802-35fa2bafa6a6-23456247935296","study_name":"peter_c20ng_k5","directions":[2]}
{"op_code":4,"worker_id":"f95354d6-e1f8-40ea-9802-35fa2bafa6a6-23456247935296","study_id":0,"datetime_start":"2026-07-24T12:47:25.751016"}
{"op_code":9,"worker_id":"f95354d6-e1f8-40ea-9802-35fa2bafa6a6-23456247935296","trial_id":39,"system_attr":{"tpe:relative_params:0":"{\"lr\": 0.3914099175379465, \"ratio\": 0.237661016110661}"}}
{"op_code":5,"worker_id":"f95354d6-e1f8-40ea-9802-35fa2bafa6a6-23456247935296","trial_id":39,"param_name":"lr","param_value_internal":0.3914099175379465,"distribution":"{\"name\": \"FloatDistribution\", \"attributes\": {\"step\": null, \"low\": 1e-08, \"high\": 0.5, \"log\": true}}"}
{"op_code":5,"worker_id":"f95354d6-e1f8-40ea-9802-35fa2bafa6a6-23456247935296","trial_id":39,"param_name":"ratio","param_value_internal":0.237661016110661,"distribution":"{\"name\": \"FloatDistribution\", \"attributes\": {\"step\": null, \"low\": 0.1, \"high\": 100.0, \"log\": true}}"}
{"op_code":6,"worker_id":"f95354d6-e1f8-40ea-9802-35fa2bafa6a6-23456247935296","trial_id":39,"state":3,"values":null,"datetime_complete":"2026-07-24T12:48:44.645363"}
{"op_code":0,"worker_id":"03badc1f-9ec2-4fd4-8517-78a9d8fd9549-23456247935296","study_name":"peter_c20ng_k5","directions":[2]}
{"op_code":4,"worker_id":"03badc1f-9ec2-4fd4-8517-78a9d8fd9549-23456247935296","study_id":0,"datetime_start":"2026-07-24T12:52:07.904063"}
{"op_code":9,"worker_id":"03badc1f-9ec2-4fd4-8517-78a9d8fd9549-23456247935296","trial_id":40,"system_attr":{"tpe:relative_params:0":"{\"lr\": 0.05960117639583567, \"ratio\": 0.1343654818264135}"}}
{"op_code":5,"worker_id":"03badc1f-9ec2-4fd4-8517-78a9d8fd9549-23456247935296","trial_id":40,"param_name":"lr","param_value_internal":0.05960117639583567,"distribution":"{\"name\": \"FloatDistribution\", \"attributes\": {\"step\": null, \"low\": 1e-08, \"high\": 0.5, \"log\": true}}"}
{"op_code":5,"worker_id":"03badc1f-9ec2-4fd4-8517-78a9d8fd9549-23456247935296","trial_id":40,"param_name":"ratio","param_value_internal":0.1343654818264135,"distribution":"{\"name\": \"FloatDistribution\", \"attributes\": {\"step\": null, \"low\": 0.1, \"high\": 100.0, \"log\": true}}"}
{"op_code":6,"worker_id":"03badc1f-9ec2-4fd4-8517-78a9d8fd9549-23456247935296","trial_id":40,"state":3,"values":null,"datetime_complete":"2026-07-24T12:53:50.764142"}
{"op_code":0,"worker_id":"9af4a0fc-f112-4b1f-b321-1404a03da5d5-23456247935296","study_name":"peter_c20ng_k5","directions":[2]}
{"op_code":4,"worker_id":"9af4a0fc-f112-4b1f-b321-1404a03da5d5-23456247935296","study_id":0,"datetime_start":"2026-07-24T12:56:41.859874"}
{"op_code":9,"worker_id":"9af4a0fc-f112-4b1f-b321-1404a03da5d5-23456247935296","trial_id":41,"system_attr":{"tpe:relative_params:0":"{\"lr\": 0.16116666911398703, \"ratio\": 0.2522904216948816}"}}
{"op_code":5,"worker_id":"9af4a0fc-f112-4b1f-b321-1404a03da5d5-23456247935296","trial_id":41,"param_name":"lr","param_value_internal":0.16116666911398703,"distribution":"{\"name\": \"FloatDistribution\", \"attributes\": {\"step\": null, \"low\": 1e-08, \"high\": 0.5, \"log\": true}}"}
{"op_code":5,"worker_id":"9af4a0fc-f112-4b1f-b321-1404a03da5d5-23456247935296","trial_id":41,"param_name":"ratio","param_value_internal":0.2522904216948816,"distribution":"{\"name\": \"FloatDistribution\", \"attributes\": {\"step\": null, \"low\": 0.1, \"high\": 100.0, \"log\": true}}"}
{"op_code":6,"worker_id":"9af4a0fc-f112-4b1f-b321-1404a03da5d5-23456247935296","trial_id":41,"state":3,"values":null,"datetime_complete":"2026-07-24T12:57:47.295694"}
{"op_code":0,"worker_id":"adb4a6b9-824a-463b-a2ac-5d0f1a8a7f26-23456247935296","study_name":"peter_c20ng_k5","directions":[2]}
{"op_code":4,"worker_id":"adb4a6b9-824a-463b-a2ac-5d0f1a8a7f26-23456247935296","study_id":0,"datetime_start":"2026-07-24T13:00:41.421156"}
{"op_code":9,"worker_id":"adb4a6b9-824a-463b-a2ac-5d0f1a8a7f26-23456247935296","trial_id":42,"system_attr":{"tpe:relative_params:0":"{\"lr\": 0.06465846216285, \"ratio\": 0.24780005736547522}"}}
{"op_code":5,"worker_id":"adb4a6b9-824a-463b-a2ac-5d0f1a8a7f26-23456247935296","trial_id":42,"param_name":"lr","param_value_internal":0.06465846216285,"distribution":"{\"name\": \"FloatDistribution\", \"attributes\": {\"step\": null, \"low\": 1e-08, \"high\": 0.5, \"log\": true}}"}
{"op_code":5,"worker_id":"adb4a6b9-824a-463b-a2ac-5d0f1a8a7f26-23456247935296","trial_id":42,"param_name":"ratio","param_value_internal":0.24780005736547522,"distribution":"{\"name\": \"FloatDistribution\", \"attributes\": {\"step\": null, \"low\": 0.1, \"high\": 100.0, \"log\": true}}"}
{"op_code":6,"worker_id":"adb4a6b9-824a-463b-a2ac-5d0f1a8a7f26-23456247935296","trial_id":42,"state":3,"values":null,"datetime_complete":"2026-07-24T13:02:18.972722"}
{"op_code":0,"worker_id":"d999b30e-86d2-4d9c-8350-c2f4c46eeaba-23456247935296","study_name":"peter_c20ng_k5","directions":[2]}
{"op_code":4,"worker_id":"d999b30e-86d2-4d9c-8350-c2f4c46eeaba-23456247935296","study_id":0,"datetime_start":"2026-07-24T13:04:53.266416"}
{"op_code":9,"worker_id":"d999b30e-86d2-4d9c-8350-c2f4c46eeaba-23456247935296","trial_id":43,"system_attr":{"tpe:relative_params:0":"{\"lr\": 0.2835743099937538, \"ratio\": 0.5792655747221799}"}}
{"op_code":5,"worker_id":"d999b30e-86d2-4d9c-8350-c2f4c46eeaba-23456247935296","trial_id":43,"param_name":"lr","param_value_internal":0.2835743099937538,"distribution":"{\"name\": \"FloatDistribution\", \"attributes\": {\"step\": null, \"low\": 1e-08, \"high\": 0.5, \"log\": true}}"}
{"op_code":5,"worker_id":"d999b30e-86d2-4d9c-8350-c2f4c46eeaba-23456247935296","trial_id":43,"param_name":"ratio","param_value_internal":0.5792655747221799,"distribution":"{\"name\": \"FloatDistribution\", \"attributes\": {\"step\": null, \"low\": 0.1, \"high\": 100.0, \"log\": true}}"}
{"op_code":6,"worker_id":"d999b30e-86d2-4d9c-8350-c2f4c46eeaba-23456247935296","trial_id":43,"state":3,"values":null,"datetime_complete":"2026-07-24T13:06:18.968387"}
{"op_code":0,"worker_id":"42a3e7d1-2b16-4edc-aac7-406c19f1623a-23456247935296","study_name":"peter_c20ng_k5","directions":[2]}
{"op_code":4,"worker_id":"42a3e7d1-2b16-4edc-aac7-406c19f1623a-23456247935296","study_id":0,"datetime_start":"2026-07-24T13:09:32.590633"}
{"op_code":9,"worker_id":"42a3e7d1-2b16-4edc-aac7-406c19f1623a-23456247935296","trial_id":44,"system_attr":{"tpe:relative_params:0":"{\"lr\": 0.05656613891901862, \"ratio\": 0.30933097324129344}"}}
{"op_code":5,"worker_id":"42a3e7d1-2b16-4edc-aac7-406c19f1623a-23456247935296","trial_id":44,"param_name":"lr","param_value_internal":0.05656613891901862,"distribution":"{\"name\": \"FloatDistribution\", \"attributes\": {\"step\": null, \"low\": 1e-08, \"high\": 0.5, \"log\": true}}"}
{"op_code":5,"worker_id":"42a3e7d1-2b16-4edc-aac7-406c19f1623a-23456247935296","trial_id":44,"param_name":"ratio","param_value_internal":0.30933097324129344,"distribution":"{\"name\": \"FloatDistribution\", \"attributes\": {\"step\": null, \"low\": 0.1, \"high\": 100.0, \"log\": true}}"}
{"op_code":6,"worker_id":"42a3e7d1-2b16-4edc-aac7-406c19f1623a-23456247935296","trial_id":44,"state":3,"values":null,"datetime_complete":"2026-07-24T13:11:19.208996"}
{"op_code":0,"worker_id":"7571649e-5807-4925-8e93-a6f9cdbc3739-23456247935296","study_name":"peter_c20ng_k5","directions":[2]}
{"op_code":4,"worker_id":"7571649e-5807-4925-8e93-a6f9cdbc3739-23456247935296","study_id":0,"datetime_start":"2026-07-24T13:14:35.865434"}
{"op_code":9,"worker_id":"7571649e-5807-4925-8e93-a6f9cdbc3739-23456247935296","trial_id":45,"system_attr":{"tpe:relative_params:0":"{\"lr\": 0.05120689922862698, \"ratio\": 0.18210108920860762}"}}
{"op_code":5,"worker_id":"7571649e-5807-4925-8e93-a6f9cdbc3739-23456247935296","trial_id":45,"param_name":"lr","param_value_internal":0.05120689922862698,"distribution":"{\"name\": \"FloatDistribution\", \"attributes\": {\"step\": null, \"low\": 1e-08, \"high\": 0.5, \"log\": true}}"}
{"op_code":5,"worker_id":"7571649e-5807-4925-8e93-a6f9cdbc3739-23456247935296","trial_id":45,"param_name":"ratio","param_value_internal":0.18210108920860762,"distribution":"{\"name\": \"FloatDistribution\", \"attributes\": {\"step\": null, \"low\": 0.1, \"high\": 100.0, \"log\": true}}"}
{"op_code":0,"worker_id":"bdf18753-c92c-4946-906e-a8e7ab770f0d-23456247935296","study_name":"peter_c20ng_k5","directions":[2]}
{"op_code":4,"worker_id":"bdf18753-c92c-4946-906e-a8e7ab770f0d-23456247935296","study_id":0,"datetime_start":"2026-07-24T13:18:25.704395"}
{"op_code":9,"worker_id":"bdf18753-c92c-4946-906e-a8e7ab770f0d-23456247935296","trial_id":46,"system_attr":{"tpe:relative_params:0":"{\"lr\": 0.3269516661298514, \"ratio\": 1.0640376852652265}"}}
{"op_code":5,"worker_id":"bdf18753-c92c-4946-906e-a8e7ab770f0d-23456247935296","trial_id":46,"param_name":"lr","param_value_internal":0.3269516661298514,"distribution":"{\"name\": \"FloatDistribution\", \"attributes\": {\"step\": null, \"low\": 1e-08, \"high\": 0.5, \"log\": true}}"}
{"op_code":5,"worker_id":"bdf18753-c92c-4946-906e-a8e7ab770f0d-23456247935296","trial_id":46,"param_name":"ratio","param_value_internal":1.0640376852652265,"distribution":"{\"name\": \"FloatDistribution\", \"attributes\": {\"step\": null, \"low\": 0.1, \"high\": 100.0, \"log\": true}}"}
{"op_code":6,"worker_id":"bdf18753-c92c-4946-906e-a8e7ab770f0d-23456247935296","trial_id":46,"state":3,"values":null,"datetime_complete":"2026-07-24T13:19:27.042671"}
{"op_code":0,"worker_id":"25f1f343-ddf6-4b4a-a0ce-21796d62eddd-23456247935296","study_name":"peter_c20ng_k5","directions":[2]}
{"op_code":4,"worker_id":"25f1f343-ddf6-4b4a-a0ce-21796d62eddd-23456247935296","study_id":0,"datetime_start":"2026-07-24T13:21:31.024419"}
{"op_code":9,"worker_id":"25f1f343-ddf6-4b4a-a0ce-21796d62eddd-23456247935296","trial_id":47,"system_attr":{"tpe:relative_params:0":"{\"lr\": 0.3927765770888946, \"ratio\": 1.3769933181598348}"}}
{"op_code":5,"worker_id":"25f1f343-ddf6-4b4a-a0ce-21796d62eddd-23456247935296","trial_id":47,"param_name":"lr","param_value_internal":0.3927765770888946,"distribution":"{\"name\": \"FloatDistribution\", \"attributes\": {\"step\": null, \"low\": 1e-08, \"high\": 0.5, \"log\": true}}"}
{"op_code":5,"worker_id":"25f1f343-ddf6-4b4a-a0ce-21796d62eddd-23456247935296","trial_id":47,"param_name":"ratio","param_value_internal":1.3769933181598348,"distribution":"{\"name\": \"FloatDistribution\", \"attributes\": {\"step\": null, \"low\": 0.1, \"high\": 100.0, \"log\": true}}"}
{"op_code":6,"worker_id":"25f1f343-ddf6-4b4a-a0ce-21796d62eddd-23456247935296","trial_id":47,"state":3,"values":null,"datetime_complete":"2026-07-24T13:23:02.824637"}
{"op_code":6,"worker_id":"7571649e-5807-4925-8e93-a6f9cdbc3739-23456247935296","trial_id":45,"state":3,"values":null,"datetime_complete":"2026-07-24T13:23:48.191338"}
{"op_code":0,"worker_id":"d1a72702-2b09-487c-997d-27291a4f258a-23456247935296","study_name":"peter_c20ng_k5","directions":[2]}
{"op_code":4,"worker_id":"d1a72702-2b09-487c-997d-27291a4f258a-23456247935296","study_id":0,"datetime_start":"2026-07-24T13:24:11.915238"}
{"op_code":9,"worker_id":"d1a72702-2b09-487c-997d-27291a4f258a-23456247935296","trial_id":48,"system_attr":{"tpe:relative_params:0":"{\"lr\": 0.09237840845105666, \"ratio\": 0.2792214533642847}"}}
{"op_code":5,"worker_id":"d1a72702-2b09-487c-997d-27291a4f258a-23456247935296","trial_id":48,"param_name":"lr","param_value_internal":0.09237840845105666,"distribution":"{\"name\": \"FloatDistribution\", \"attributes\": {\"step\": null, \"low\": 1e-08, \"high\": 0.5, \"log\": true}}"}
{"op_code":5,"worker_id":"d1a72702-2b09-487c-997d-27291a4f258a-23456247935296","trial_id":48,"param_name":"ratio","param_value_internal":0.2792214533642847,"distribution":"{\"name\": \"FloatDistribution\", \"attributes\": {\"step\": null, \"low\": 0.1, \"high\": 100.0, \"log\": true}}"}
{"op_code":6,"worker_id":"d1a72702-2b09-487c-997d-27291a4f258a-23456247935296","trial_id":48,"state":3,"values":null,"datetime_complete":"2026-07-24T13:25:34.196423"}
{"op_code":0,"worker_id":"98f9757c-4f85-442f-b1ea-57d4540608b2-23456247935296","study_name":"peter_c20ng_k5","directions":[2]}
{"op_code":4,"worker_id":"98f9757c-4f85-442f-b1ea-57d4540608b2-23456247935296","study_id":0,"datetime_start":"2026-07-24T13:27:11.061468"}
{"op_code":9,"worker_id":"98f9757c-4f85-442f-b1ea-57d4540608b2-23456247935296","trial_id":49,"system_attr":{"tpe:relative_params:0":"{\"lr\": 0.04618718727067768, \"ratio\": 0.3137863268681508}"}}
{"op_code":5,"worker_id":"98f9757c-4f85-442f-b1ea-57d4540608b2-23456247935296","trial_id":49,"param_name":"lr","param_value_internal":0.04618718727067768,"distribution":"{\"name\": \"FloatDistribution\", \"attributes\": {\"step\": null, \"low\": 1e-08, \"high\": 0.5, \"log\": true}}"}
{"op_code":5,"worker_id":"98f9757c-4f85-442f-b1ea-57d4540608b2-23456247935296","trial_id":49,"param_name":"ratio","param_value_internal":0.3137863268681508,"distribution":"{\"name\": \"FloatDistribution\", \"attributes\": {\"step\": null, \"low\": 0.1, \"high\": 100.0, \"log\": true}}"}
{"op_code":6,"worker_id":"98f9757c-4f85-442f-b1ea-57d4540608b2-23456247935296","trial_id":49,"state":3,"values":null,"datetime_complete":"2026-07-24T13:28:59.285518"}
{"op_code":0,"worker_id":"04dd8e7c-67d4-48a5-958c-9868ac276eb2-23456247935296","study_name":"peter_c20ng_k5","directions":[2]}
{"op_code":4,"worker_id":"04dd8e7c-67d4-48a5-958c-9868ac276eb2-23456247935296","study_id":0,"datetime_start":"2026-07-24T13:31:15.256263"}
{"op_code":9,"worker_id":"04dd8e7c-67d4-48a5-958c-9868ac276eb2-23456247935296","trial_id":50,"system_attr":{"tpe:relative_params:0":"{\"lr\": 0.030747082286379943, \"ratio\": 0.16705266612590455}"}}
{"op_code":5,"worker_id":"04dd8e7c-67d4-48a5-958c-9868ac276eb2-23456247935296","trial_id":50,"param_name":"lr","param_value_internal":0.030747082286379943,"distribution":"{\"name\": \"FloatDistribution\", \"attributes\": {\"step\": null, \"low\": 1e-08, \"high\": 0.5, \"log\": true}}"}
{"op_code":5,"worker_id":"04dd8e7c-67d4-48a5-958c-9868ac276eb2-23456247935296","trial_id":50,"param_name":"ratio","param_value_internal":0.16705266612590455,"distribution":"{\"name\": \"FloatDistribution\", \"attributes\": {\"step\": null, \"low\": 0.1, \"high\": 100.0, \"log\": true}}"}
{"op_code":0,"worker_id":"263c780e-b207-449a-9907-3683dc29796c-23456247935296","study_name":"peter_c20ng_k5","directions":[2]}
{"op_code":4,"worker_id":"263c780e-b207-449a-9907-3683dc29796c-23456247935296","study_id":0,"datetime_start":"2026-07-24T13:34:51.322207"}
{"op_code":9,"worker_id":"263c780e-b207-449a-9907-3683dc29796c-23456247935296","trial_id":51,"system_attr":{"tpe:relative_params:0":"{\"lr\": 0.012501967246346876, \"ratio\": 0.8391805574571237}"}}
{"op_code":5,"worker_id":"263c780e-b207-449a-9907-3683dc29796c-23456247935296","trial_id":51,"param_name":"lr","param_value_internal":0.012501967246346876,"distribution":"{\"name\": \"FloatDistribution\", \"attributes\": {\"step\": null, \"low\": 1e-08, \"high\": 0.5, \"log\": true}}"}
{"op_code":5,"worker_id":"263c780e-b207-449a-9907-3683dc29796c-23456247935296","trial_id":51,"param_name":"ratio","param_value_internal":0.8391805574571237,"distribution":"{\"name\": \"FloatDistribution\", \"attributes\": {\"step\": null, \"low\": 0.1, \"high\": 100.0, \"log\": true}}"}
{"op_code":0,"worker_id":"cbda1566-0031-4a23-9ca0-19355f4295c1-23456247935296","study_name":"peter_c20ng_k5","directions":[2]}
{"op_code":4,"worker_id":"cbda1566-0031-4a23-9ca0-19355f4295c1-23456247935296","study_id":0,"datetime_start":"2026-07-24T13:37:23.799346"}
{"op_code":9,"worker_id":"cbda1566-0031-4a23-9ca0-19355f4295c1-23456247935296","trial_id":52,"system_attr":{"tpe:relative_params:0":"{\"lr\": 9.727700617553363e-05, \"ratio\": 0.10033431248736173}"}}
{"op_code":5,"worker_id":"cbda1566-0031-4a23-9ca0-19355f4295c1-23456247935296","trial_id":52,"param_name":"lr","param_value_internal":9.727700617553363e-05,"distribution":"{\"name\": \"FloatDistribution\", \"attributes\": {\"step\": null, \"low\": 1e-08, \"high\": 0.5, \"log\": true}}"}
{"op_code":5,"worker_id":"cbda1566-0031-4a23-9ca0-19355f4295c1-23456247935296","trial_id":52,"param_name":"ratio","param_value_internal":0.10033431248736173,"distribution":"{\"name\": \"FloatDistribution\", \"attributes\": {\"step\": null, \"low\": 0.1, \"high\": 100.0, \"log\": true}}"}
{"op_code":0,"worker_id":"8bf636f6-1525-44c3-8478-8a67f1539259-23456247935296","study_name":"peter_c20ng_k5","directions":[2]}
{"op_code":0,"worker_id":"34fc8ce8-e626-4550-b1a1-413b12e27dc4-23456247935296","study_name":"peter_c20ng_k5","directions":[2]}
{"op_code":0,"worker_id":"4c0da673-12c5-4b26-bc8c-f5c72904c6e3-23456247935296","study_name":"peter_c20ng_k5","directions":[2]}
{"op_code":4,"worker_id":"34fc8ce8-e626-4550-b1a1-413b12e27dc4-23456247935296","study_id":0,"datetime_start":"2026-07-24T13:45:20.178907"}
{"op_code":4,"worker_id":"4c0da673-12c5-4b26-bc8c-f5c72904c6e3-23456247935296","study_id":0,"datetime_start":"2026-07-24T13:45:20.251639"}
{"op_code":9,"worker_id":"34fc8ce8-e626-4550-b1a1-413b12e27dc4-23456247935296","trial_id":53,"system_attr":{"tpe:relative_params:0":"{\"lr\": 0.15300517934845684, \"ratio\": 0.6431454530114242}"}}
{"op_code":5,"worker_id":"34fc8ce8-e626-4550-b1a1-413b12e27dc4-23456247935296","trial_id":53,"param_name":"lr","param_value_internal":0.15300517934845684,"distribution":"{\"name\": \"FloatDistribution\", \"attributes\": {\"step\": null, \"low\": 1e-08, \"high\": 0.5, \"log\": true}}"}
{"op_code":5,"worker_id":"34fc8ce8-e626-4550-b1a1-413b12e27dc4-23456247935296","trial_id":53,"param_name":"ratio","param_value_internal":0.6431454530114242,"distribution":"{\"name\": \"FloatDistribution\", \"attributes\": {\"step\": null, \"low\": 0.1, \"high\": 100.0, \"log\": true}}"}
{"op_code":9,"worker_id":"4c0da673-12c5-4b26-bc8c-f5c72904c6e3-23456247935296","trial_id":54,"system_attr":{"tpe:relative_params:0":"{\"lr\": 0.15873486550270718, \"ratio\": 0.13672625204817881}"}}
{"op_code":5,"worker_id":"4c0da673-12c5-4b26-bc8c-f5c72904c6e3-23456247935296","trial_id":54,"param_name":"lr","param_value_internal":0.15873486550270718,"distribution":"{\"name\": \"FloatDistribution\", \"attributes\": {\"step\": null, \"low\": 1e-08, \"high\": 0.5, \"log\": true}}"}
{"op_code":5,"worker_id":"4c0da673-12c5-4b26-bc8c-f5c72904c6e3-23456247935296","trial_id":54,"param_name":"ratio","param_value_internal":0.13672625204817881,"distribution":"{\"name\": \"FloatDistribution\", \"attributes\": {\"step\": null, \"low\": 0.1, \"high\": 100.0, \"log\": true}}"}
{"op_code":0,"worker_id":"f132bba6-a3c5-4c58-81e7-9b45ad3bb29d-23456247935296","study_name":"peter_c20ng_k5","directions":[2]}
{"op_code":4,"worker_id":"f132bba6-a3c5-4c58-81e7-9b45ad3bb29d-23456247935296","study_id":0,"datetime_start":"2026-07-24T13:45:20.816937"}
{"op_code":9,"worker_id":"f132bba6-a3c5-4c58-81e7-9b45ad3bb29d-23456247935296","trial_id":55,"system_attr":{"tpe:relative_params:0":"{\"lr\": 0.00043551356158239935, \"ratio\": 0.3765927469583487}"}}
{"op_code":5,"worker_id":"f132bba6-a3c5-4c58-81e7-9b45ad3bb29d-23456247935296","trial_id":55,"param_name":"lr","param_value_internal":0.00043551356158239935,"distribution":"{\"name\": \"FloatDistribution\", \"attributes\": {\"step\": null, \"low\": 1e-08, \"high\": 0.5, \"log\": true}}"}
{"op_code":5,"worker_id":"f132bba6-a3c5-4c58-81e7-9b45ad3bb29d-23456247935296","trial_id":55,"param_name":"ratio","param_value_internal":0.3765927469583487,"distribution":"{\"name\": \"FloatDistribution\", \"attributes\": {\"step\": null, \"low\": 0.1, \"high\": 100.0, \"log\": true}}"}
{"op_code":6,"worker_id":"34fc8ce8-e626-4550-b1a1-413b12e27dc4-23456247935296","trial_id":53,"state":3,"values":null,"datetime_complete":"2026-07-24T13:46:14.078489"}
{"op_code":6,"worker_id":"4c0da673-12c5-4b26-bc8c-f5c72904c6e3-23456247935296","trial_id":54,"state":3,"values":null,"datetime_complete":"2026-07-24T13:47:04.763068"}
{"op_code":6,"worker_id":"f132bba6-a3c5-4c58-81e7-9b45ad3bb29d-23456247935296","trial_id":55,"state":1,"values":[-181.27955508443543],"datetime_complete":"2026-07-24T14:00:46.849689"}
{"op_code":0,"worker_id":"27165a48-1895-44ff-8668-67e2b209663c-23456247935296","study_name":"peter_c20ng_k5","directions":[2]}
