{"op_code":0,"worker_id":"05f5d8e5-6f34-4b4f-a1a0-18e306463e29-20268","study_name":"peter_book_k3","directions":[2]}
{"op_code":0,"worker_id":"15a11379-688d-40a3-850d-cea35cf2a898-10600","study_name":"peter_book_k3","directions":[2]}
{"op_code":4,"worker_id":"15a11379-688d-40a3-850d-cea35cf2a898-10600","study_id":0,"datetime_start":"2026-07-24T09:11:46.970970"}
{"op_code":5,"worker_id":"15a11379-688d-40a3-850d-cea35cf2a898-10600","trial_id":0,"param_name":"lr","param_value_internal":7.1511214390352946e-06,"distribution":"{\"name\": \"FloatDistribution\", \"attributes\": {\"step\": null, \"low\": 1e-08, \"high\": 0.5, \"log\": true}}"}
{"op_code":5,"worker_id":"15a11379-688d-40a3-850d-cea35cf2a898-10600","trial_id":0,"param_name":"ratio","param_value_internal":0.11257290335714819,"distribution":"{\"name\": \"FloatDistribution\", \"attributes\": {\"step\": null, \"low\": 0.1, \"high\": 100.0, \"log\": true}}"}
{"op_code":0,"worker_id":"4d4d9e9e-f965-49c8-9f66-064b9439064c-36796","study_name":"peter_book_k3","directions":[2]}
{"op_code":4,"worker_id":"4d4d9e9e-f965-49c8-9f66-064b9439064c-36796","study_id":0,"datetime_start":"2026-07-24T09:13:01.420149"}
{"op_code":5,"worker_id":"4d4d9e9e-f965-49c8-9f66-064b9439064c-36796","trial_id":1,"param_name":"lr","param_value_internal":1.7746965781068117e-07,"distribution":"{\"name\": \"FloatDistribution\", \"attributes\": {\"step\": null, \"low\": 1e-08, \"high\": 0.5, \"log\": true}}"}
{"op_code":5,"worker_id":"4d4d9e9e-f965-49c8-9f66-064b9439064c-36796","trial_id":1,"param_name":"ratio","param_value_internal":0.12394789451040504,"distribution":"{\"name\": \"FloatDistribution\", \"attributes\": {\"step\": null, \"low\": 0.1, \"high\": 100.0, \"log\": true}}"}
{"op_code":0,"worker_id":"b04331cb-602c-47f5-897c-e5095eafa67d-10600","study_name":"peter_book_k3","directions":[2]}
{"op_code":4,"worker_id":"b04331cb-602c-47f5-897c-e5095eafa67d-10600","study_id":0,"datetime_start":"2026-07-24T09:13:02.105872"}
{"op_code":5,"worker_id":"b04331cb-602c-47f5-897c-e5095eafa67d-10600","trial_id":2,"param_name":"lr","param_value_internal":5.713343481296119e-06,"distribution":"{\"name\": \"FloatDistribution\", \"attributes\": {\"step\": null, \"low\": 1e-08, \"high\": 0.5, \"log\": true}}"}
{"op_code":5,"worker_id":"b04331cb-602c-47f5-897c-e5095eafa67d-10600","trial_id":2,"param_name":"ratio","param_value_internal":3.6675008503222317,"distribution":"{\"name\": \"FloatDistribution\", \"attributes\": {\"step\": null, \"low\": 0.1, \"high\": 100.0, \"log\": true}}"}
{"op_code":0,"worker_id":"f6242ea7-9c9b-464b-b453-c4158eadecf7-23456247935296","study_name":"peter_book_k3","directions":[2]}
{"op_code":0,"worker_id":"9e9c5ffd-0ca6-4479-90e6-4554f05ea6f0-23456247935296","study_name":"peter_book_k3","directions":[2]}
{"op_code":4,"worker_id":"9e9c5ffd-0ca6-4479-90e6-4554f05ea6f0-23456247935296","study_id":0,"datetime_start":"2026-07-24T10:21:57.156278"}
{"op_code":5,"worker_id":"9e9c5ffd-0ca6-4479-90e6-4554f05ea6f0-23456247935296","trial_id":3,"param_name":"lr","param_value_internal":0.25935660281585415,"distribution":"{\"name\": \"FloatDistribution\", \"attributes\": {\"step\": null, \"low\": 1e-08, \"high\": 0.5, \"log\": true}}"}
{"op_code":5,"worker_id":"9e9c5ffd-0ca6-4479-90e6-4554f05ea6f0-23456247935296","trial_id":3,"param_name":"ratio","param_value_internal":7.083797518027972,"distribution":"{\"name\": \"FloatDistribution\", \"attributes\": {\"step\": null, \"low\": 0.1, \"high\": 100.0, \"log\": true}}"}
{"op_code":6,"worker_id":"9e9c5ffd-0ca6-4479-90e6-4554f05ea6f0-23456247935296","trial_id":3,"state":3,"values":null,"datetime_complete":"2026-07-24T10:22:23.622890"}
{"op_code":0,"worker_id":"e4dae363-476b-4b3d-a70e-ac3ac06f131d-23456247935296","study_name":"peter_book_k3","directions":[2]}
{"op_code":4,"worker_id":"e4dae363-476b-4b3d-a70e-ac3ac06f131d-23456247935296","study_id":0,"datetime_start":"2026-07-24T10:22:33.605241"}
{"op_code":5,"worker_id":"e4dae363-476b-4b3d-a70e-ac3ac06f131d-23456247935296","trial_id":4,"param_name":"lr","param_value_internal":9.02101802169622e-06,"distribution":"{\"name\": \"FloatDistribution\", \"attributes\": {\"step\": null, \"low\": 1e-08, \"high\": 0.5, \"log\": true}}"}
{"op_code":5,"worker_id":"e4dae363-476b-4b3d-a70e-ac3ac06f131d-23456247935296","trial_id":4,"param_name":"ratio","param_value_internal":3.14487416811511,"distribution":"{\"name\": \"FloatDistribution\", \"attributes\": {\"step\": null, \"low\": 0.1, \"high\": 100.0, \"log\": true}}"}
{"op_code":0,"worker_id":"06b0eebd-95fd-4fa4-9859-cdf4556995c8-23456247935296","study_name":"peter_book_k3","directions":[2]}
{"op_code":4,"worker_id":"06b0eebd-95fd-4fa4-9859-cdf4556995c8-23456247935296","study_id":0,"datetime_start":"2026-07-24T10:25:44.815030"}
{"op_code":5,"worker_id":"06b0eebd-95fd-4fa4-9859-cdf4556995c8-23456247935296","trial_id":5,"param_name":"lr","param_value_internal":3.998221089860574e-08,"distribution":"{\"name\": \"FloatDistribution\", \"attributes\": {\"step\": null, \"low\": 1e-08, \"high\": 0.5, \"log\": true}}"}
{"op_code":5,"worker_id":"06b0eebd-95fd-4fa4-9859-cdf4556995c8-23456247935296","trial_id":5,"param_name":"ratio","param_value_internal":0.9093409695654364,"distribution":"{\"name\": \"FloatDistribution\", \"attributes\": {\"step\": null, \"low\": 0.1, \"high\": 100.0, \"log\": true}}"}
{"op_code":6,"worker_id":"e4dae363-476b-4b3d-a70e-ac3ac06f131d-23456247935296","trial_id":4,"state":1,"values":[-53.073055327164155],"datetime_complete":"2026-07-24T10:27:07.415252"}
{"op_code":0,"worker_id":"be8d936b-f759-44d4-aeb3-5e40a622e458-23456247935296","study_name":"peter_book_k3","directions":[2]}
{"op_code":4,"worker_id":"be8d936b-f759-44d4-aeb3-5e40a622e458-23456247935296","study_id":0,"datetime_start":"2026-07-24T10:29:02.617283"}
{"op_code":5,"worker_id":"be8d936b-f759-44d4-aeb3-5e40a622e458-23456247935296","trial_id":6,"param_name":"lr","param_value_internal":0.009083825811084766,"distribution":"{\"name\": \"FloatDistribution\", \"attributes\": {\"step\": null, \"low\": 1e-08, \"high\": 0.5, \"log\": true}}"}
{"op_code":5,"worker_id":"be8d936b-f759-44d4-aeb3-5e40a622e458-23456247935296","trial_id":6,"param_name":"ratio","param_value_internal":2.8706325473836105,"distribution":"{\"name\": \"FloatDistribution\", \"attributes\": {\"step\": null, \"low\": 0.1, \"high\": 100.0, \"log\": true}}"}
{"op_code":6,"worker_id":"06b0eebd-95fd-4fa4-9859-cdf4556995c8-23456247935296","trial_id":5,"state":1,"values":[-53.56168491441889],"datetime_complete":"2026-07-24T10:29:38.684872"}
{"op_code":0,"worker_id":"671fd1ca-5218-4e70-b65d-54679739026d-23456247935296","study_name":"peter_book_k3","directions":[2]}
{"op_code":4,"worker_id":"671fd1ca-5218-4e70-b65d-54679739026d-23456247935296","study_id":0,"datetime_start":"2026-07-24T10:32:50.991438"}
{"op_code":5,"worker_id":"671fd1ca-5218-4e70-b65d-54679739026d-23456247935296","trial_id":7,"param_name":"lr","param_value_internal":0.005637925822461864,"distribution":"{\"name\": \"FloatDistribution\", \"attributes\": {\"step\": null, \"low\": 1e-08, \"high\": 0.5, \"log\": true}}"}
{"op_code":5,"worker_id":"671fd1ca-5218-4e70-b65d-54679739026d-23456247935296","trial_id":7,"param_name":"ratio","param_value_internal":3.702985516417165,"distribution":"{\"name\": \"FloatDistribution\", \"attributes\": {\"step\": null, \"low\": 0.1, \"high\": 100.0, \"log\": true}}"}
{"op_code":6,"worker_id":"be8d936b-f759-44d4-aeb3-5e40a622e458-23456247935296","trial_id":6,"state":1,"values":[-50.33505986699794],"datetime_complete":"2026-07-24T10:33:02.235809"}
{"op_code":0,"worker_id":"7eb7b51b-b802-4ce0-9a93-04601b5f1191-23456247935296","study_name":"peter_book_k3","directions":[2]}
{"op_code":4,"worker_id":"7eb7b51b-b802-4ce0-9a93-04601b5f1191-23456247935296","study_id":0,"datetime_start":"2026-07-24T10:36:02.057789"}
{"op_code":5,"worker_id":"7eb7b51b-b802-4ce0-9a93-04601b5f1191-23456247935296","trial_id":8,"param_name":"lr","param_value_internal":0.0023342143851835203,"distribution":"{\"name\": \"FloatDistribution\", \"attributes\": {\"step\": null, \"low\": 1e-08, \"high\": 0.5, \"log\": true}}"}
{"op_code":5,"worker_id":"7eb7b51b-b802-4ce0-9a93-04601b5f1191-23456247935296","trial_id":8,"param_name":"ratio","param_value_internal":8.673246646951595,"distribution":"{\"name\": \"FloatDistribution\", \"attributes\": {\"step\": null, \"low\": 0.1, \"high\": 100.0, \"log\": true}}"}
{"op_code":6,"worker_id":"671fd1ca-5218-4e70-b65d-54679739026d-23456247935296","trial_id":7,"state":1,"values":[-52.17705330640909],"datetime_complete":"2026-07-24T10:36:43.350344"}
{"op_code":0,"worker_id":"7a7321a7-01ff-4542-aa0f-79fae557da89-23456247935296","study_name":"peter_book_k3","directions":[2]}
{"op_code":4,"worker_id":"7a7321a7-01ff-4542-aa0f-79fae557da89-23456247935296","study_id":0,"datetime_start":"2026-07-24T10:39:35.244856"}
{"op_code":5,"worker_id":"7a7321a7-01ff-4542-aa0f-79fae557da89-23456247935296","trial_id":9,"param_name":"lr","param_value_internal":0.00018512198541302468,"distribution":"{\"name\": \"FloatDistribution\", \"attributes\": {\"step\": null, \"low\": 1e-08, \"high\": 0.5, \"log\": true}}"}
{"op_code":5,"worker_id":"7a7321a7-01ff-4542-aa0f-79fae557da89-23456247935296","trial_id":9,"param_name":"ratio","param_value_internal":4.235575677829791,"distribution":"{\"name\": \"FloatDistribution\", \"attributes\": {\"step\": null, \"low\": 0.1, \"high\": 100.0, \"log\": true}}"}
{"op_code":6,"worker_id":"7eb7b51b-b802-4ce0-9a93-04601b5f1191-23456247935296","trial_id":8,"state":1,"values":[-52.217811301028945],"datetime_complete":"2026-07-24T10:39:46.778654"}
{"op_code":6,"worker_id":"7a7321a7-01ff-4542-aa0f-79fae557da89-23456247935296","trial_id":9,"state":1,"values":[-49.86910354848064],"datetime_complete":"2026-07-24T10:43:32.969177"}
{"op_code":0,"worker_id":"332a2d69-b958-4ae8-82a8-bd38d735fa00-23456247935296","study_name":"peter_book_k3","directions":[2]}
{"op_code":4,"worker_id":"332a2d69-b958-4ae8-82a8-bd38d735fa00-23456247935296","study_id":0,"datetime_start":"2026-07-24T10:43:51.998588"}
{"op_code":5,"worker_id":"332a2d69-b958-4ae8-82a8-bd38d735fa00-23456247935296","trial_id":10,"param_name":"lr","param_value_internal":4.867748542084185e-08,"distribution":"{\"name\": \"FloatDistribution\", \"attributes\": {\"step\": null, \"low\": 1e-08, \"high\": 0.5, \"log\": true}}"}
{"op_code":5,"worker_id":"332a2d69-b958-4ae8-82a8-bd38d735fa00-23456247935296","trial_id":10,"param_name":"ratio","param_value_internal":0.4936830213996412,"distribution":"{\"name\": \"FloatDistribution\", \"attributes\": {\"step\": null, \"low\": 0.1, \"high\": 100.0, \"log\": true}}"}
{"op_code":6,"worker_id":"332a2d69-b958-4ae8-82a8-bd38d735fa00-23456247935296","trial_id":10,"state":1,"values":[-53.56188800540124],"datetime_complete":"2026-07-24T10:47:50.448676"}
{"op_code":0,"worker_id":"a9a39b33-ee2d-4405-b04b-30fee176426b-23456247935296","study_name":"peter_book_k3","directions":[2]}
{"op_code":4,"worker_id":"a9a39b33-ee2d-4405-b04b-30fee176426b-23456247935296","study_id":0,"datetime_start":"2026-07-24T10:48:30.081138"}
{"op_code":5,"worker_id":"a9a39b33-ee2d-4405-b04b-30fee176426b-23456247935296","trial_id":11,"param_name":"lr","param_value_internal":1.662856818373456e-05,"distribution":"{\"name\": \"FloatDistribution\", \"attributes\": {\"step\": null, \"low\": 1e-08, \"high\": 0.5, \"log\": true}}"}
{"op_code":5,"worker_id":"a9a39b33-ee2d-4405-b04b-30fee176426b-23456247935296","trial_id":11,"param_name":"ratio","param_value_internal":3.9340241650578465,"distribution":"{\"name\": \"FloatDistribution\", \"attributes\": {\"step\": null, \"low\": 0.1, \"high\": 100.0, \"log\": true}}"}
{"op_code":0,"worker_id":"171d8989-4a0c-4a90-afef-49650d9133b4-23456247935296","study_name":"peter_book_k3","directions":[2]}
{"op_code":4,"worker_id":"171d8989-4a0c-4a90-afef-49650d9133b4-23456247935296","study_id":0,"datetime_start":"2026-07-24T10:52:47.323714"}
{"op_code":5,"worker_id":"171d8989-4a0c-4a90-afef-49650d9133b4-23456247935296","trial_id":12,"param_name":"lr","param_value_internal":0.0019501051557154058,"distribution":"{\"name\": \"FloatDistribution\", \"attributes\": {\"step\": null, \"low\": 1e-08, \"high\": 0.5, \"log\": true}}"}
{"op_code":5,"worker_id":"171d8989-4a0c-4a90-afef-49650d9133b4-23456247935296","trial_id":12,"param_name":"ratio","param_value_internal":38.97582263514421,"distribution":"{\"name\": \"FloatDistribution\", \"attributes\": {\"step\": null, \"low\": 0.1, \"high\": 100.0, \"log\": true}}"}
{"op_code":6,"worker_id":"a9a39b33-ee2d-4405-b04b-30fee176426b-23456247935296","trial_id":11,"state":1,"values":[-52.370121948217765],"datetime_complete":"2026-07-24T10:53:04.767633"}
{"op_code":0,"worker_id":"3c607527-dc4f-4074-8672-b3263ca013c3-23456247935296","study_name":"peter_book_k3","directions":[2]}
{"op_code":4,"worker_id":"3c607527-dc4f-4074-8672-b3263ca013c3-23456247935296","study_id":0,"datetime_start":"2026-07-24T10:56:34.843119"}
{"op_code":5,"worker_id":"3c607527-dc4f-4074-8672-b3263ca013c3-23456247935296","trial_id":13,"param_name":"lr","param_value_internal":9.803413181395475e-05,"distribution":"{\"name\": \"FloatDistribution\", \"attributes\": {\"step\": null, \"low\": 1e-08, \"high\": 0.5, \"log\": true}}"}
{"op_code":5,"worker_id":"3c607527-dc4f-4074-8672-b3263ca013c3-23456247935296","trial_id":13,"param_name":"ratio","param_value_internal":0.13493362157925065,"distribution":"{\"name\": \"FloatDistribution\", \"attributes\": {\"step\": null, \"low\": 0.1, \"high\": 100.0, \"log\": true}}"}
{"op_code":6,"worker_id":"171d8989-4a0c-4a90-afef-49650d9133b4-23456247935296","trial_id":12,"state":1,"values":[-51.90650943309581],"datetime_complete":"2026-07-24T10:57:19.435812"}
{"op_code":6,"worker_id":"3c607527-dc4f-4074-8672-b3263ca013c3-23456247935296","trial_id":13,"state":1,"values":[-52.632594798513885],"datetime_complete":"2026-07-24T11:01:08.051955"}
{"op_code":0,"worker_id":"92b3cda3-8cee-4929-bea9-8fe3b392efb2-23456247935296","study_name":"peter_book_k3","directions":[2]}
{"op_code":4,"worker_id":"92b3cda3-8cee-4929-bea9-8fe3b392efb2-23456247935296","study_id":0,"datetime_start":"2026-07-24T11:01:51.116974"}
{"op_code":9,"worker_id":"92b3cda3-8cee-4929-bea9-8fe3b392efb2-23456247935296","trial_id":14,"system_attr":{"tpe:relative_params:0":"{\"lr\": 1.1368815361694982e-07, \"ratio\": 84.58198386632172}"}}
{"op_code":5,"worker_id":"92b3cda3-8cee-4929-bea9-8fe3b392efb2-23456247935296","trial_id":14,"param_name":"lr","param_value_internal":1.1368815361694982e-07,"distribution":"{\"name\": \"FloatDistribution\", \"attributes\": {\"step\": null, \"low\": 1e-08, \"high\": 0.5, \"log\": true}}"}
{"op_code":5,"worker_id":"92b3cda3-8cee-4929-bea9-8fe3b392efb2-23456247935296","trial_id":14,"param_name":"ratio","param_value_internal":84.58198386632172,"distribution":"{\"name\": \"FloatDistribution\", \"attributes\": {\"step\": null, \"low\": 0.1, \"high\": 100.0, \"log\": true}}"}
{"op_code":6,"worker_id":"92b3cda3-8cee-4929-bea9-8fe3b392efb2-23456247935296","trial_id":14,"state":1,"values":[-53.558406204811135],"datetime_complete":"2026-07-24T11:06:51.611158"}
{"op_code":0,"worker_id":"e08cd4c3-c984-40f9-94dc-38adf819c0a4-23456247935296","study_name":"peter_book_k3","directions":[2]}
{"op_code":4,"worker_id":"e08cd4c3-c984-40f9-94dc-38adf819c0a4-23456247935296","study_id":0,"datetime_start":"2026-07-24T11:06:51.681633"}
{"op_code":9,"worker_id":"e08cd4c3-c984-40f9-94dc-38adf819c0a4-23456247935296","trial_id":15,"system_attr":{"tpe:relative_params:0":"{\"lr\": 0.11196121476429513, \"ratio\": 0.463004779214472}"}}
{"op_code":5,"worker_id":"e08cd4c3-c984-40f9-94dc-38adf819c0a4-23456247935296","trial_id":15,"param_name":"lr","param_value_internal":0.11196121476429513,"distribution":"{\"name\": \"FloatDistribution\", \"attributes\": {\"step\": null, \"low\": 1e-08, \"high\": 0.5, \"log\": true}}"}
{"op_code":5,"worker_id":"e08cd4c3-c984-40f9-94dc-38adf819c0a4-23456247935296","trial_id":15,"param_name":"ratio","param_value_internal":0.463004779214472,"distribution":"{\"name\": \"FloatDistribution\", \"attributes\": {\"step\": null, \"low\": 0.1, \"high\": 100.0, \"log\": true}}"}
{"op_code":6,"worker_id":"e08cd4c3-c984-40f9-94dc-38adf819c0a4-23456247935296","trial_id":15,"state":3,"values":null,"datetime_complete":"2026-07-24T11:07:29.951598"}
{"op_code":0,"worker_id":"c4fe9359-9b80-4f46-8431-f2b5b3016492-23456247935296","study_name":"peter_book_k3","directions":[2]}
{"op_code":4,"worker_id":"c4fe9359-9b80-4f46-8431-f2b5b3016492-23456247935296","study_id":0,"datetime_start":"2026-07-24T11:11:33.795196"}
{"op_code":9,"worker_id":"c4fe9359-9b80-4f46-8431-f2b5b3016492-23456247935296","trial_id":16,"system_attr":{"tpe:relative_params:0":"{\"lr\": 0.19637448905059138, \"ratio\": 0.7636516914726219}"}}
{"op_code":5,"worker_id":"c4fe9359-9b80-4f46-8431-f2b5b3016492-23456247935296","trial_id":16,"param_name":"lr","param_value_internal":0.19637448905059138,"distribution":"{\"name\": \"FloatDistribution\", \"attributes\": {\"step\": null, \"low\": 1e-08, \"high\": 0.5, \"log\": true}}"}
{"op_code":5,"worker_id":"c4fe9359-9b80-4f46-8431-f2b5b3016492-23456247935296","trial_id":16,"param_name":"ratio","param_value_internal":0.7636516914726219,"distribution":"{\"name\": \"FloatDistribution\", \"attributes\": {\"step\": null, \"low\": 0.1, \"high\": 100.0, \"log\": true}}"}
{"op_code":6,"worker_id":"c4fe9359-9b80-4f46-8431-f2b5b3016492-23456247935296","trial_id":16,"state":3,"values":null,"datetime_complete":"2026-07-24T11:12:00.759157"}
{"op_code":0,"worker_id":"1bf603dd-b0eb-4c05-b5b3-364337d3cb9e-23456247935296","study_name":"peter_book_k3","directions":[2]}
{"op_code":4,"worker_id":"1bf603dd-b0eb-4c05-b5b3-364337d3cb9e-23456247935296","study_id":0,"datetime_start":"2026-07-24T11:15:39.409685"}
{"op_code":9,"worker_id":"1bf603dd-b0eb-4c05-b5b3-364337d3cb9e-23456247935296","trial_id":17,"system_attr":{"tpe:relative_params:0":"{\"lr\": 0.25576688540442793, \"ratio\": 2.000709761998024}"}}
{"op_code":5,"worker_id":"1bf603dd-b0eb-4c05-b5b3-364337d3cb9e-23456247935296","trial_id":17,"param_name":"lr","param_value_internal":0.25576688540442793,"distribution":"{\"name\": \"FloatDistribution\", \"attributes\": {\"step\": null, \"low\": 1e-08, \"high\": 0.5, \"log\": true}}"}
{"op_code":5,"worker_id":"1bf603dd-b0eb-4c05-b5b3-364337d3cb9e-23456247935296","trial_id":17,"param_name":"ratio","param_value_internal":2.000709761998024,"distribution":"{\"name\": \"FloatDistribution\", \"attributes\": {\"step\": null, \"low\": 0.1, \"high\": 100.0, \"log\": true}}"}
{"op_code":6,"worker_id":"1bf603dd-b0eb-4c05-b5b3-364337d3cb9e-23456247935296","trial_id":17,"state":3,"values":null,"datetime_complete":"2026-07-24T11:16:05.271398"}
{"op_code":0,"worker_id":"0cb059ba-280c-4640-911c-f6b12bb47ec1-23456247935296","study_name":"peter_book_k3","directions":[2]}
{"op_code":4,"worker_id":"0cb059ba-280c-4640-911c-f6b12bb47ec1-23456247935296","study_id":0,"datetime_start":"2026-07-24T11:19:51.479335"}
{"op_code":9,"worker_id":"0cb059ba-280c-4640-911c-f6b12bb47ec1-23456247935296","trial_id":18,"system_attr":{"tpe:relative_params:0":"{\"lr\": 0.006945112387455521, \"ratio\": 0.6400213680766289}"}}
{"op_code":5,"worker_id":"0cb059ba-280c-4640-911c-f6b12bb47ec1-23456247935296","trial_id":18,"param_name":"lr","param_value_internal":0.006945112387455521,"distribution":"{\"name\": \"FloatDistribution\", \"attributes\": {\"step\": null, \"low\": 1e-08, \"high\": 0.5, \"log\": true}}"}
{"op_code":5,"worker_id":"0cb059ba-280c-4640-911c-f6b12bb47ec1-23456247935296","trial_id":18,"param_name":"ratio","param_value_internal":0.6400213680766289,"distribution":"{\"name\": \"FloatDistribution\", \"attributes\": {\"step\": null, \"low\": 0.1, \"high\": 100.0, \"log\": true}}"}
{"op_code":0,"worker_id":"ac521429-642f-4529-8d40-93baff09ae2c-23456247935296","study_name":"peter_book_k3","directions":[2]}
{"op_code":4,"worker_id":"ac521429-642f-4529-8d40-93baff09ae2c-23456247935296","study_id":0,"datetime_start":"2026-07-24T11:24:07.430824"}
{"op_code":9,"worker_id":"ac521429-642f-4529-8d40-93baff09ae2c-23456247935296","trial_id":19,"system_attr":{"tpe:relative_params:0":"{\"lr\": 0.317762468629756, \"ratio\": 0.1261630971595316}"}}
{"op_code":5,"worker_id":"ac521429-642f-4529-8d40-93baff09ae2c-23456247935296","trial_id":19,"param_name":"lr","param_value_internal":0.317762468629756,"distribution":"{\"name\": \"FloatDistribution\", \"attributes\": {\"step\": null, \"low\": 1e-08, \"high\": 0.5, \"log\": true}}"}
{"op_code":5,"worker_id":"ac521429-642f-4529-8d40-93baff09ae2c-23456247935296","trial_id":19,"param_name":"ratio","param_value_internal":0.1261630971595316,"distribution":"{\"name\": \"FloatDistribution\", \"attributes\": {\"step\": null, \"low\": 0.1, \"high\": 100.0, \"log\": true}}"}
{"op_code":6,"worker_id":"0cb059ba-280c-4640-911c-f6b12bb47ec1-23456247935296","trial_id":18,"state":1,"values":[-50.75738928403445],"datetime_complete":"2026-07-24T11:24:25.801685"}
{"op_code":6,"worker_id":"ac521429-642f-4529-8d40-93baff09ae2c-23456247935296","trial_id":19,"state":3,"values":null,"datetime_complete":"2026-07-24T11:24:32.973400"}
{"op_code":0,"worker_id":"5b451471-eb25-4376-8c41-97b98a3b5f52-23456247935296","study_name":"peter_book_k3","directions":[2]}
{"op_code":4,"worker_id":"5b451471-eb25-4376-8c41-97b98a3b5f52-23456247935296","study_id":0,"datetime_start":"2026-07-24T11:27:34.342261"}
{"op_code":9,"worker_id":"5b451471-eb25-4376-8c41-97b98a3b5f52-23456247935296","trial_id":20,"system_attr":{"tpe:relative_params:0":"{\"lr\": 0.21798400310951876, \"ratio\": 0.9496490262242793}"}}
{"op_code":5,"worker_id":"5b451471-eb25-4376-8c41-97b98a3b5f52-23456247935296","trial_id":20,"param_name":"lr","param_value_internal":0.21798400310951876,"distribution":"{\"name\": \"FloatDistribution\", \"attributes\": {\"step\": null, \"low\": 1e-08, \"high\": 0.5, \"log\": true}}"}
{"op_code":5,"worker_id":"5b451471-eb25-4376-8c41-97b98a3b5f52-23456247935296","trial_id":20,"param_name":"ratio","param_value_internal":0.9496490262242793,"distribution":"{\"name\": \"FloatDistribution\", \"attributes\": {\"step\": null, \"low\": 0.1, \"high\": 100.0, \"log\": true}}"}
{"op_code":6,"worker_id":"5b451471-eb25-4376-8c41-97b98a3b5f52-23456247935296","trial_id":20,"state":3,"values":null,"datetime_complete":"2026-07-24T11:28:02.632123"}
{"op_code":0,"worker_id":"4fa203b0-a0cc-453d-b0af-6397553947bf-23456247935296","study_name":"peter_book_k3","directions":[2]}
{"op_code":4,"worker_id":"4fa203b0-a0cc-453d-b0af-6397553947bf-23456247935296","study_id":0,"datetime_start":"2026-07-24T11:32:27.263550"}
{"op_code":9,"worker_id":"4fa203b0-a0cc-453d-b0af-6397553947bf-23456247935296","trial_id":21,"system_attr":{"tpe:relative_params:0":"{\"lr\": 0.28423853401275734, \"ratio\": 0.6546453537147094}"}}
{"op_code":5,"worker_id":"4fa203b0-a0cc-453d-b0af-6397553947bf-23456247935296","trial_id":21,"param_name":"lr","param_value_internal":0.28423853401275734,"distribution":"{\"name\": \"FloatDistribution\", \"attributes\": {\"step\": null, \"low\": 1e-08, \"high\": 0.5, \"log\": true}}"}
{"op_code":5,"worker_id":"4fa203b0-a0cc-453d-b0af-6397553947bf-23456247935296","trial_id":21,"param_name":"ratio","param_value_internal":0.6546453537147094,"distribution":"{\"name\": \"FloatDistribution\", \"attributes\": {\"step\": null, \"low\": 0.1, \"high\": 100.0, \"log\": true}}"}
{"op_code":6,"worker_id":"4fa203b0-a0cc-453d-b0af-6397553947bf-23456247935296","trial_id":21,"state":3,"values":null,"datetime_complete":"2026-07-24T11:32:53.126024"}
{"op_code":0,"worker_id":"d13941f7-c2e9-4483-8625-912ab8885062-23456247935296","study_name":"peter_book_k3","directions":[2]}
{"op_code":4,"worker_id":"d13941f7-c2e9-4483-8625-912ab8885062-23456247935296","study_id":0,"datetime_start":"2026-07-24T11:37:24.539002"}
{"op_code":9,"worker_id":"d13941f7-c2e9-4483-8625-912ab8885062-23456247935296","trial_id":22,"system_attr":{"tpe:relative_params:0":"{\"lr\": 0.3620295914257597, \"ratio\": 0.1904960345447764}"}}
{"op_code":5,"worker_id":"d13941f7-c2e9-4483-8625-912ab8885062-23456247935296","trial_id":22,"param_name":"lr","param_value_internal":0.3620295914257597,"distribution":"{\"name\": \"FloatDistribution\", \"attributes\": {\"step\": null, \"low\": 1e-08, \"high\": 0.5, \"log\": true}}"}
{"op_code":5,"worker_id":"d13941f7-c2e9-4483-8625-912ab8885062-23456247935296","trial_id":22,"param_name":"ratio","param_value_internal":0.1904960345447764,"distribution":"{\"name\": \"FloatDistribution\", \"attributes\": {\"step\": null, \"low\": 0.1, \"high\": 100.0, \"log\": true}}"}
{"op_code":6,"worker_id":"d13941f7-c2e9-4483-8625-912ab8885062-23456247935296","trial_id":22,"state":3,"values":null,"datetime_complete":"2026-07-24T11:37:48.989986"}
{"op_code":0,"worker_id":"2011b448-04c4-4cf7-9666-4039ee637aab-23456247935296","study_name":"peter_book_k3","directions":[2]}
{"op_code":4,"worker_id":"2011b448-04c4-4cf7-9666-4039ee637aab-23456247935296","study_id":0,"datetime_start":"2026-07-24T11:41:11.978808"}
{"op_code":9,"worker_id":"2011b448-04c4-4cf7-9666-4039ee637aab-23456247935296","trial_id":23,"system_attr":{"tpe:relative_params:0":"{\"lr\": 0.1565653263536629, \"ratio\": 3.205016957949023}"}}
{"op_code":5,"worker_id":"2011b448-04c4-4cf7-9666-4039ee637aab-23456247935296","trial_id":23,"param_name":"lr","param_value_internal":0.1565653263536629,"distribution":"{\"name\": \"FloatDistribution\", \"attributes\": {\"step\": null, \"low\": 1e-08, \"high\": 0.5, \"log\": true}}"}
{"op_code":5,"worker_id":"2011b448-04c4-4cf7-9666-4039ee637aab-23456247935296","trial_id":23,"param_name":"ratio","param_value_internal":3.205016957949023,"distribution":"{\"name\": \"FloatDistribution\", \"attributes\": {\"step\": null, \"low\": 0.1, \"high\": 100.0, \"log\": true}}"}
{"op_code":6,"worker_id":"2011b448-04c4-4cf7-9666-4039ee637aab-23456247935296","trial_id":23,"state":3,"values":null,"datetime_complete":"2026-07-24T11:41:45.372772"}
{"op_code":0,"worker_id":"07a09d81-441c-4e8a-bb38-163f30dba83e-23456247935296","study_name":"peter_book_k3","directions":[2]}
{"op_code":4,"worker_id":"07a09d81-441c-4e8a-bb38-163f30dba83e-23456247935296","study_id":0,"datetime_start":"2026-07-24T11:44:36.348197"}
{"op_code":9,"worker_id":"07a09d81-441c-4e8a-bb38-163f30dba83e-23456247935296","trial_id":24,"system_attr":{"tpe:relative_params:0":"{\"lr\": 0.33554285695367636, \"ratio\": 2.3392979864843966}"}}
{"op_code":5,"worker_id":"07a09d81-441c-4e8a-bb38-163f30dba83e-23456247935296","trial_id":24,"param_name":"lr","param_value_internal":0.33554285695367636,"distribution":"{\"name\": \"FloatDistribution\", \"attributes\": {\"step\": null, \"low\": 1e-08, \"high\": 0.5, \"log\": true}}"}
{"op_code":5,"worker_id":"07a09d81-441c-4e8a-bb38-163f30dba83e-23456247935296","trial_id":24,"param_name":"ratio","param_value_internal":2.3392979864843966,"distribution":"{\"name\": \"FloatDistribution\", \"attributes\": {\"step\": null, \"low\": 0.1, \"high\": 100.0, \"log\": true}}"}
{"op_code":6,"worker_id":"07a09d81-441c-4e8a-bb38-163f30dba83e-23456247935296","trial_id":24,"state":3,"values":null,"datetime_complete":"2026-07-24T11:45:00.666493"}
{"op_code":0,"worker_id":"872c9a79-751f-4b8c-a2e9-68681b9d6a74-23456247935296","study_name":"peter_book_k3","directions":[2]}
{"op_code":4,"worker_id":"872c9a79-751f-4b8c-a2e9-68681b9d6a74-23456247935296","study_id":0,"datetime_start":"2026-07-24T11:48:04.120260"}
{"op_code":9,"worker_id":"872c9a79-751f-4b8c-a2e9-68681b9d6a74-23456247935296","trial_id":25,"system_attr":{"tpe:relative_params:0":"{\"lr\": 0.4130183369185316, \"ratio\": 1.5659528142194592}"}}
{"op_code":5,"worker_id":"872c9a79-751f-4b8c-a2e9-68681b9d6a74-23456247935296","trial_id":25,"param_name":"lr","param_value_internal":0.4130183369185316,"distribution":"{\"name\": \"FloatDistribution\", \"attributes\": {\"step\": null, \"low\": 1e-08, \"high\": 0.5, \"log\": true}}"}
{"op_code":5,"worker_id":"872c9a79-751f-4b8c-a2e9-68681b9d6a74-23456247935296","trial_id":25,"param_name":"ratio","param_value_internal":1.5659528142194592,"distribution":"{\"name\": \"FloatDistribution\", \"attributes\": {\"step\": null, \"low\": 0.1, \"high\": 100.0, \"log\": true}}"}
{"op_code":6,"worker_id":"872c9a79-751f-4b8c-a2e9-68681b9d6a74-23456247935296","trial_id":25,"state":3,"values":null,"datetime_complete":"2026-07-24T11:48:29.476567"}
{"op_code":0,"worker_id":"cee4820e-e4fd-47b5-b937-a26350934aad-23456247935296","study_name":"peter_book_k3","directions":[2]}
{"op_code":4,"worker_id":"cee4820e-e4fd-47b5-b937-a26350934aad-23456247935296","study_id":0,"datetime_start":"2026-07-24T11:51:45.390961"}
{"op_code":9,"worker_id":"cee4820e-e4fd-47b5-b937-a26350934aad-23456247935296","trial_id":26,"system_attr":{"tpe:relative_params:0":"{\"lr\": 0.44092088535249196, \"ratio\": 0.38684233314114214}"}}
{"op_code":5,"worker_id":"cee4820e-e4fd-47b5-b937-a26350934aad-23456247935296","trial_id":26,"param_name":"lr","param_value_internal":0.44092088535249196,"distribution":"{\"name\": \"FloatDistribution\", \"attributes\": {\"step\": null, \"low\": 1e-08, \"high\": 0.5, \"log\": true}}"}
{"op_code":5,"worker_id":"cee4820e-e4fd-47b5-b937-a26350934aad-23456247935296","trial_id":26,"param_name":"ratio","param_value_internal":0.38684233314114214,"distribution":"{\"name\": \"FloatDistribution\", \"attributes\": {\"step\": null, \"low\": 0.1, \"high\": 100.0, \"log\": true}}"}
{"op_code":6,"worker_id":"cee4820e-e4fd-47b5-b937-a26350934aad-23456247935296","trial_id":26,"state":3,"values":null,"datetime_complete":"2026-07-24T11:52:12.645145"}
{"op_code":0,"worker_id":"ddec9c78-62e1-4eb3-8af2-9197c2f64979-23456247935296","study_name":"peter_book_k3","directions":[2]}
{"op_code":4,"worker_id":"ddec9c78-62e1-4eb3-8af2-9197c2f64979-23456247935296","study_id":0,"datetime_start":"2026-07-24T11:54:43.292201"}
{"op_code":9,"worker_id":"ddec9c78-62e1-4eb3-8af2-9197c2f64979-23456247935296","trial_id":27,"system_attr":{"tpe:relative_params:0":"{\"lr\": 0.3580806333754939, \"ratio\": 19.675076478510277}"}}
{"op_code":5,"worker_id":"ddec9c78-62e1-4eb3-8af2-9197c2f64979-23456247935296","trial_id":27,"param_name":"lr","param_value_internal":0.3580806333754939,"distribution":"{\"name\": \"FloatDistribution\", \"attributes\": {\"step\": null, \"low\": 1e-08, \"high\": 0.5, \"log\": true}}"}
{"op_code":5,"worker_id":"ddec9c78-62e1-4eb3-8af2-9197c2f64979-23456247935296","trial_id":27,"param_name":"ratio","param_value_internal":19.675076478510277,"distribution":"{\"name\": \"FloatDistribution\", \"attributes\": {\"step\": null, \"low\": 0.1, \"high\": 100.0, \"log\": true}}"}
{"op_code":6,"worker_id":"ddec9c78-62e1-4eb3-8af2-9197c2f64979-23456247935296","trial_id":27,"state":3,"values":null,"datetime_complete":"2026-07-24T11:55:24.358078"}
{"op_code":0,"worker_id":"71ff97e6-84e6-4764-add3-59e09c270c2f-23456247935296","study_name":"peter_book_k3","directions":[2]}
{"op_code":4,"worker_id":"71ff97e6-84e6-4764-add3-59e09c270c2f-23456247935296","study_id":0,"datetime_start":"2026-07-24T11:59:07.213139"}
{"op_code":9,"worker_id":"71ff97e6-84e6-4764-add3-59e09c270c2f-23456247935296","trial_id":28,"system_attr":{"tpe:relative_params:0":"{\"lr\": 0.1012377405882078, \"ratio\": 0.85877686130763}"}}
{"op_code":5,"worker_id":"71ff97e6-84e6-4764-add3-59e09c270c2f-23456247935296","trial_id":28,"param_name":"lr","param_value_internal":0.1012377405882078,"distribution":"{\"name\": \"FloatDistribution\", \"attributes\": {\"step\": null, \"low\": 1e-08, \"high\": 0.5, \"log\": true}}"}
{"op_code":5,"worker_id":"71ff97e6-84e6-4764-add3-59e09c270c2f-23456247935296","trial_id":28,"param_name":"ratio","param_value_internal":0.85877686130763,"distribution":"{\"name\": \"FloatDistribution\", \"attributes\": {\"step\": null, \"low\": 0.1, \"high\": 100.0, \"log\": true}}"}
{"op_code":6,"worker_id":"71ff97e6-84e6-4764-add3-59e09c270c2f-23456247935296","trial_id":28,"state":3,"values":null,"datetime_complete":"2026-07-24T11:59:47.848071"}
{"op_code":0,"worker_id":"b86363b9-fea8-48ee-a4f5-9fb2c7938355-23456247935296","study_name":"peter_book_k3","directions":[2]}
{"op_code":4,"worker_id":"b86363b9-fea8-48ee-a4f5-9fb2c7938355-23456247935296","study_id":0,"datetime_start":"2026-07-24T12:02:08.713111"}
{"op_code":9,"worker_id":"b86363b9-fea8-48ee-a4f5-9fb2c7938355-23456247935296","trial_id":29,"system_attr":{"tpe:relative_params:0":"{\"lr\": 0.00030849771357475, \"ratio\": 1.234594827757769}"}}
{"op_code":5,"worker_id":"b86363b9-fea8-48ee-a4f5-9fb2c7938355-23456247935296","trial_id":29,"param_name":"lr","param_value_internal":0.00030849771357475,"distribution":"{\"name\": \"FloatDistribution\", \"attributes\": {\"step\": null, \"low\": 1e-08, \"high\": 0.5, \"log\": true}}"}
{"op_code":5,"worker_id":"b86363b9-fea8-48ee-a4f5-9fb2c7938355-23456247935296","trial_id":29,"param_name":"ratio","param_value_internal":1.234594827757769,"distribution":"{\"name\": \"FloatDistribution\", \"attributes\": {\"step\": null, \"low\": 0.1, \"high\": 100.0, \"log\": true}}"}
{"op_code":0,"worker_id":"8b07509b-cbe9-4c65-b5c7-e1f379c3f70e-23456247935296","study_name":"peter_book_k3","directions":[2]}
{"op_code":4,"worker_id":"8b07509b-cbe9-4c65-b5c7-e1f379c3f70e-23456247935296","study_id":0,"datetime_start":"2026-07-24T12:06:33.734071"}
{"op_code":9,"worker_id":"8b07509b-cbe9-4c65-b5c7-e1f379c3f70e-23456247935296","trial_id":30,"system_attr":{"tpe:relative_params:0":"{\"lr\": 0.18408616404346986, \"ratio\": 6.870190917682939}"}}
{"op_code":5,"worker_id":"8b07509b-cbe9-4c65-b5c7-e1f379c3f70e-23456247935296","trial_id":30,"param_name":"lr","param_value_internal":0.18408616404346986,"distribution":"{\"name\": \"FloatDistribution\", \"attributes\": {\"step\": null, \"low\": 1e-08, \"high\": 0.5, \"log\": true}}"}
{"op_code":5,"worker_id":"8b07509b-cbe9-4c65-b5c7-e1f379c3f70e-23456247935296","trial_id":30,"param_name":"ratio","param_value_internal":6.870190917682939,"distribution":"{\"name\": \"FloatDistribution\", \"attributes\": {\"step\": null, \"low\": 0.1, \"high\": 100.0, \"log\": true}}"}
{"op_code":6,"worker_id":"b86363b9-fea8-48ee-a4f5-9fb2c7938355-23456247935296","trial_id":29,"state":1,"values":[-50.46378214015681],"datetime_complete":"2026-07-24T12:06:42.916199"}
{"op_code":6,"worker_id":"8b07509b-cbe9-4c65-b5c7-e1f379c3f70e-23456247935296","trial_id":30,"state":3,"values":null,"datetime_complete":"2026-07-24T12:07:03.871507"}
{"op_code":0,"worker_id":"8c8133b6-0baf-45b8-91a9-6064ebd6aa19-23456247935296","study_name":"peter_book_k3","directions":[2]}
{"op_code":4,"worker_id":"8c8133b6-0baf-45b8-91a9-6064ebd6aa19-23456247935296","study_id":0,"datetime_start":"2026-07-24T12:10:09.692221"}
{"op_code":9,"worker_id":"8c8133b6-0baf-45b8-91a9-6064ebd6aa19-23456247935296","trial_id":31,"system_attr":{"tpe:relative_params:0":"{\"lr\": 0.3203601173533426, \"ratio\": 2.557743695922085}"}}
{"op_code":5,"worker_id":"8c8133b6-0baf-45b8-91a9-6064ebd6aa19-23456247935296","trial_id":31,"param_name":"lr","param_value_internal":0.3203601173533426,"distribution":"{\"name\": \"FloatDistribution\", \"attributes\": {\"step\": null, \"low\": 1e-08, \"high\": 0.5, \"log\": true}}"}
{"op_code":5,"worker_id":"8c8133b6-0baf-45b8-91a9-6064ebd6aa19-23456247935296","trial_id":31,"param_name":"ratio","param_value_internal":2.557743695922085,"distribution":"{\"name\": \"FloatDistribution\", \"attributes\": {\"step\": null, \"low\": 0.1, \"high\": 100.0, \"log\": true}}"}
{"op_code":6,"worker_id":"8c8133b6-0baf-45b8-91a9-6064ebd6aa19-23456247935296","trial_id":31,"state":3,"values":null,"datetime_complete":"2026-07-24T12:10:36.280771"}
{"op_code":0,"worker_id":"53421ccb-d669-4f85-a797-ed319ad2283f-23456247935296","study_name":"peter_book_k3","directions":[2]}
{"op_code":4,"worker_id":"53421ccb-d669-4f85-a797-ed319ad2283f-23456247935296","study_id":0,"datetime_start":"2026-07-24T12:13:48.572471"}
{"op_code":9,"worker_id":"53421ccb-d669-4f85-a797-ed319ad2283f-23456247935296","trial_id":32,"system_attr":{"tpe:relative_params:0":"{\"lr\": 0.21189736084371083, \"ratio\": 23.564656753658294}"}}
{"op_code":5,"worker_id":"53421ccb-d669-4f85-a797-ed319ad2283f-23456247935296","trial_id":32,"param_name":"lr","param_value_internal":0.21189736084371083,"distribution":"{\"name\": \"FloatDistribution\", \"attributes\": {\"step\": null, \"low\": 1e-08, \"high\": 0.5, \"log\": true}}"}
{"op_code":5,"worker_id":"53421ccb-d669-4f85-a797-ed319ad2283f-23456247935296","trial_id":32,"param_name":"ratio","param_value_internal":23.564656753658294,"distribution":"{\"name\": \"FloatDistribution\", \"attributes\": {\"step\": null, \"low\": 0.1, \"high\": 100.0, \"log\": true}}"}
{"op_code":6,"worker_id":"53421ccb-d669-4f85-a797-ed319ad2283f-23456247935296","trial_id":32,"state":3,"values":null,"datetime_complete":"2026-07-24T12:14:15.695546"}
{"op_code":0,"worker_id":"e3ed6386-00ce-4ec1-92ce-66457466b870-23456247935296","study_name":"peter_book_k3","directions":[2]}
{"op_code":4,"worker_id":"e3ed6386-00ce-4ec1-92ce-66457466b870-23456247935296","study_id":0,"datetime_start":"2026-07-24T12:17:38.918427"}
{"op_code":9,"worker_id":"e3ed6386-00ce-4ec1-92ce-66457466b870-23456247935296","trial_id":33,"system_attr":{"tpe:relative_params:0":"{\"lr\": 0.36950364299559757, \"ratio\": 66.0720075768333}"}}
{"op_code":5,"worker_id":"e3ed6386-00ce-4ec1-92ce-66457466b870-23456247935296","trial_id":33,"param_name":"lr","param_value_internal":0.36950364299559757,"distribution":"{\"name\": \"FloatDistribution\", \"attributes\": {\"step\": null, \"low\": 1e-08, \"high\": 0.5, \"log\": true}}"}
{"op_code":5,"worker_id":"e3ed6386-00ce-4ec1-92ce-66457466b870-23456247935296","trial_id":33,"param_name":"ratio","param_value_internal":66.0720075768333,"distribution":"{\"name\": \"FloatDistribution\", \"attributes\": {\"step\": null, \"low\": 0.1, \"high\": 100.0, \"log\": true}}"}
{"op_code":6,"worker_id":"e3ed6386-00ce-4ec1-92ce-66457466b870-23456247935296","trial_id":33,"state":3,"values":null,"datetime_complete":"2026-07-24T12:18:04.278231"}
{"op_code":0,"worker_id":"ec1fac50-be60-4efb-abba-2d51d9e6de18-23456247935296","study_name":"peter_book_k3","directions":[2]}
{"op_code":4,"worker_id":"ec1fac50-be60-4efb-abba-2d51d9e6de18-23456247935296","study_id":0,"datetime_start":"2026-07-24T12:21:19.159055"}
{"op_code":9,"worker_id":"ec1fac50-be60-4efb-abba-2d51d9e6de18-23456247935296","trial_id":34,"system_attr":{"tpe:relative_params:0":"{\"lr\": 0.19724198771752255, \"ratio\": 4.09097858154595}"}}
{"op_code":5,"worker_id":"ec1fac50-be60-4efb-abba-2d51d9e6de18-23456247935296","trial_id":34,"param_name":"lr","param_value_internal":0.19724198771752255,"distribution":"{\"name\": \"FloatDistribution\", \"attributes\": {\"step\": null, \"low\": 1e-08, \"high\": 0.5, \"log\": true}}"}
{"op_code":5,"worker_id":"ec1fac50-be60-4efb-abba-2d51d9e6de18-23456247935296","trial_id":34,"param_name":"ratio","param_value_internal":4.09097858154595,"distribution":"{\"name\": \"FloatDistribution\", \"attributes\": {\"step\": null, \"low\": 0.1, \"high\": 100.0, \"log\": true}}"}
{"op_code":6,"worker_id":"ec1fac50-be60-4efb-abba-2d51d9e6de18-23456247935296","trial_id":34,"state":3,"values":null,"datetime_complete":"2026-07-24T12:21:47.418888"}
{"op_code":0,"worker_id":"45c23dae-5e3e-49ed-a27b-23eea700c70a-23456247935296","study_name":"peter_book_k3","directions":[2]}
{"op_code":4,"worker_id":"45c23dae-5e3e-49ed-a27b-23eea700c70a-23456247935296","study_id":0,"datetime_start":"2026-07-24T12:26:57.303312"}
{"op_code":9,"worker_id":"45c23dae-5e3e-49ed-a27b-23eea700c70a-23456247935296","trial_id":35,"system_attr":{"tpe:relative_params:0":"{\"lr\": 0.1928244936492202, \"ratio\": 18.82364835459523}"}}
{"op_code":5,"worker_id":"45c23dae-5e3e-49ed-a27b-23eea700c70a-23456247935296","trial_id":35,"param_name":"lr","param_value_internal":0.1928244936492202,"distribution":"{\"name\": \"FloatDistribution\", \"attributes\": {\"step\": null, \"low\": 1e-08, \"high\": 0.5, \"log\": true}}"}
{"op_code":5,"worker_id":"45c23dae-5e3e-49ed-a27b-23eea700c70a-23456247935296","trial_id":35,"param_name":"ratio","param_value_internal":18.82364835459523,"distribution":"{\"name\": \"FloatDistribution\", \"attributes\": {\"step\": null, \"low\": 0.1, \"high\": 100.0, \"log\": true}}"}
{"op_code":6,"worker_id":"45c23dae-5e3e-49ed-a27b-23eea700c70a-23456247935296","trial_id":35,"state":3,"values":null,"datetime_complete":"2026-07-24T12:27:30.556168"}
{"op_code":0,"worker_id":"06ed719c-9c22-43b6-a88c-c8aa9255a8ea-23456247935296","study_name":"peter_book_k3","directions":[2]}
{"op_code":4,"worker_id":"06ed719c-9c22-43b6-a88c-c8aa9255a8ea-23456247935296","study_id":0,"datetime_start":"2026-07-24T12:31:42.297745"}
{"op_code":9,"worker_id":"06ed719c-9c22-43b6-a88c-c8aa9255a8ea-23456247935296","trial_id":36,"system_attr":{"tpe:relative_params:0":"{\"lr\": 0.15876800861475668, \"ratio\": 1.7940737164802845}"}}
{"op_code":5,"worker_id":"06ed719c-9c22-43b6-a88c-c8aa9255a8ea-23456247935296","trial_id":36,"param_name":"lr","param_value_internal":0.15876800861475668,"distribution":"{\"name\": \"FloatDistribution\", \"attributes\": {\"step\": null, \"low\": 1e-08, \"high\": 0.5, \"log\": true}}"}
{"op_code":5,"worker_id":"06ed719c-9c22-43b6-a88c-c8aa9255a8ea-23456247935296","trial_id":36,"param_name":"ratio","param_value_internal":1.7940737164802845,"distribution":"{\"name\": \"FloatDistribution\", \"attributes\": {\"step\": null, \"low\": 0.1, \"high\": 100.0, \"log\": true}}"}
{"op_code":6,"worker_id":"06ed719c-9c22-43b6-a88c-c8aa9255a8ea-23456247935296","trial_id":36,"state":3,"values":null,"datetime_complete":"2026-07-24T12:32:14.176931"}
{"op_code":0,"worker_id":"0679ce03-71fa-47e4-bc4f-757fcd0f4b1c-23456247935296","study_name":"peter_book_k3","directions":[2]}
{"op_code":4,"worker_id":"0679ce03-71fa-47e4-bc4f-757fcd0f4b1c-23456247935296","study_id":0,"datetime_start":"2026-07-24T12:35:54.544693"}
{"op_code":9,"worker_id":"0679ce03-71fa-47e4-bc4f-757fcd0f4b1c-23456247935296","trial_id":37,"system_attr":{"tpe:relative_params:0":"{\"lr\": 0.1669352757081571, \"ratio\": 19.862158417297966}"}}
{"op_code":5,"worker_id":"0679ce03-71fa-47e4-bc4f-757fcd0f4b1c-23456247935296","trial_id":37,"param_name":"lr","param_value_internal":0.1669352757081571,"distribution":"{\"name\": \"FloatDistribution\", \"attributes\": {\"step\": null, \"low\": 1e-08, \"high\": 0.5, \"log\": true}}"}
{"op_code":5,"worker_id":"0679ce03-71fa-47e4-bc4f-757fcd0f4b1c-23456247935296","trial_id":37,"param_name":"ratio","param_value_internal":19.862158417297966,"distribution":"{\"name\": \"FloatDistribution\", \"attributes\": {\"step\": null, \"low\": 0.1, \"high\": 100.0, \"log\": true}}"}
{"op_code":6,"worker_id":"0679ce03-71fa-47e4-bc4f-757fcd0f4b1c-23456247935296","trial_id":37,"state":3,"values":null,"datetime_complete":"2026-07-24T12:36:26.159570"}
{"op_code":0,"worker_id":"519b6f3e-5d5a-406c-aa9f-18d53ba96af7-23456247935296","study_name":"peter_book_k3","directions":[2]}
{"op_code":4,"worker_id":"519b6f3e-5d5a-406c-aa9f-18d53ba96af7-23456247935296","study_id":0,"datetime_start":"2026-07-24T12:40:49.643070"}
{"op_code":9,"worker_id":"519b6f3e-5d5a-406c-aa9f-18d53ba96af7-23456247935296","trial_id":38,"system_attr":{"tpe:relative_params:0":"{\"lr\": 0.2359655892021277, \"ratio\": 6.836849901445647}"}}
{"op_code":5,"worker_id":"519b6f3e-5d5a-406c-aa9f-18d53ba96af7-23456247935296","trial_id":38,"param_name":"lr","param_value_internal":0.2359655892021277,"distribution":"{\"name\": \"FloatDistribution\", \"attributes\": {\"step\": null, \"low\": 1e-08, \"high\": 0.5, \"log\": true}}"}
{"op_code":5,"worker_id":"519b6f3e-5d5a-406c-aa9f-18d53ba96af7-23456247935296","trial_id":38,"param_name":"ratio","param_value_internal":6.836849901445647,"distribution":"{\"name\": \"FloatDistribution\", \"attributes\": {\"step\": null, \"low\": 0.1, \"high\": 100.0, \"log\": true}}"}
{"op_code":6,"worker_id":"519b6f3e-5d5a-406c-aa9f-18d53ba96af7-23456247935296","trial_id":38,"state":3,"values":null,"datetime_complete":"2026-07-24T12:41:39.109582"}
{"op_code":0,"worker_id":"9cb57f01-0a3f-4795-b678-0219b6aaaa83-23456247935296","study_name":"peter_book_k3","directions":[2]}
{"op_code":4,"worker_id":"9cb57f01-0a3f-4795-b678-0219b6aaaa83-23456247935296","study_id":0,"datetime_start":"2026-07-24T12:45:43.480364"}
{"op_code":9,"worker_id":"9cb57f01-0a3f-4795-b678-0219b6aaaa83-23456247935296","trial_id":39,"system_attr":{"tpe:relative_params:0":"{\"lr\": 0.48199824303279915, \"ratio\": 6.633799928865852}"}}
{"op_code":5,"worker_id":"9cb57f01-0a3f-4795-b678-0219b6aaaa83-23456247935296","trial_id":39,"param_name":"lr","param_value_internal":0.48199824303279915,"distribution":"{\"name\": \"FloatDistribution\", \"attributes\": {\"step\": null, \"low\": 1e-08, \"high\": 0.5, \"log\": true}}"}
{"op_code":5,"worker_id":"9cb57f01-0a3f-4795-b678-0219b6aaaa83-23456247935296","trial_id":39,"param_name":"ratio","param_value_internal":6.633799928865852,"distribution":"{\"name\": \"FloatDistribution\", \"attributes\": {\"step\": null, \"low\": 0.1, \"high\": 100.0, \"log\": true}}"}
{"op_code":6,"worker_id":"9cb57f01-0a3f-4795-b678-0219b6aaaa83-23456247935296","trial_id":39,"state":3,"values":null,"datetime_complete":"2026-07-24T12:46:11.500673"}
{"op_code":0,"worker_id":"682507c7-2c68-485c-aea6-e4f4cb9615a8-23456247935296","study_name":"peter_book_k3","directions":[2]}
{"op_code":4,"worker_id":"682507c7-2c68-485c-aea6-e4f4cb9615a8-23456247935296","study_id":0,"datetime_start":"2026-07-24T12:50:41.218465"}
{"op_code":9,"worker_id":"682507c7-2c68-485c-aea6-e4f4cb9615a8-23456247935296","trial_id":40,"system_attr":{"tpe:relative_params:0":"{\"lr\": 0.3971367394847057, \"ratio\": 0.38896294946348375}"}}
{"op_code":5,"worker_id":"682507c7-2c68-485c-aea6-e4f4cb9615a8-23456247935296","trial_id":40,"param_name":"lr","param_value_internal":0.3971367394847057,"distribution":"{\"name\": \"FloatDistribution\", \"attributes\": {\"step\": null, \"low\": 1e-08, \"high\": 0.5, \"log\": true}}"}
{"op_code":5,"worker_id":"682507c7-2c68-485c-aea6-e4f4cb9615a8-23456247935296","trial_id":40,"param_name":"ratio","param_value_internal":0.38896294946348375,"distribution":"{\"name\": \"FloatDistribution\", \"attributes\": {\"step\": null, \"low\": 0.1, \"high\": 100.0, \"log\": true}}"}
{"op_code":6,"worker_id":"682507c7-2c68-485c-aea6-e4f4cb9615a8-23456247935296","trial_id":40,"state":3,"values":null,"datetime_complete":"2026-07-24T12:51:08.896402"}
{"op_code":0,"worker_id":"ff043444-047d-4868-aedd-b4db4ab81d4f-23456247935296","study_name":"peter_book_k3","directions":[2]}
{"op_code":4,"worker_id":"ff043444-047d-4868-aedd-b4db4ab81d4f-23456247935296","study_id":0,"datetime_start":"2026-07-24T12:55:03.814837"}
{"op_code":9,"worker_id":"ff043444-047d-4868-aedd-b4db4ab81d4f-23456247935296","trial_id":41,"system_attr":{"tpe:relative_params:0":"{\"lr\": 0.3787648444430129, \"ratio\": 19.813892362045188}"}}
{"op_code":5,"worker_id":"ff043444-047d-4868-aedd-b4db4ab81d4f-23456247935296","trial_id":41,"param_name":"lr","param_value_internal":0.3787648444430129,"distribution":"{\"name\": \"FloatDistribution\", \"attributes\": {\"step\": null, \"low\": 1e-08, \"high\": 0.5, \"log\": true}}"}
{"op_code":5,"worker_id":"ff043444-047d-4868-aedd-b4db4ab81d4f-23456247935296","trial_id":41,"param_name":"ratio","param_value_internal":19.813892362045188,"distribution":"{\"name\": \"FloatDistribution\", \"attributes\": {\"step\": null, \"low\": 0.1, \"high\": 100.0, \"log\": true}}"}
{"op_code":6,"worker_id":"ff043444-047d-4868-aedd-b4db4ab81d4f-23456247935296","trial_id":41,"state":3,"values":null,"datetime_complete":"2026-07-24T12:55:32.322852"}
{"op_code":0,"worker_id":"3e0c37de-a552-4001-bed3-911d7b1fa939-23456247935296","study_name":"peter_book_k3","directions":[2]}
{"op_code":4,"worker_id":"3e0c37de-a552-4001-bed3-911d7b1fa939-23456247935296","study_id":0,"datetime_start":"2026-07-24T12:59:07.328520"}
{"op_code":9,"worker_id":"3e0c37de-a552-4001-bed3-911d7b1fa939-23456247935296","trial_id":42,"system_attr":{"tpe:relative_params:0":"{\"lr\": 0.4688324940345928, \"ratio\": 46.832955382315205}"}}
{"op_code":5,"worker_id":"3e0c37de-a552-4001-bed3-911d7b1fa939-23456247935296","trial_id":42,"param_name":"lr","param_value_internal":0.4688324940345928,"distribution":"{\"name\": \"FloatDistribution\", \"attributes\": {\"step\": null, \"low\": 1e-08, \"high\": 0.5, \"log\": true}}"}
{"op_code":5,"worker_id":"3e0c37de-a552-4001-bed3-911d7b1fa939-23456247935296","trial_id":42,"param_name":"ratio","param_value_internal":46.832955382315205,"distribution":"{\"name\": \"FloatDistribution\", \"attributes\": {\"step\": null, \"low\": 0.1, \"high\": 100.0, \"log\": true}}"}
{"op_code":6,"worker_id":"3e0c37de-a552-4001-bed3-911d7b1fa939-23456247935296","trial_id":42,"state":3,"values":null,"datetime_complete":"2026-07-24T12:59:35.284133"}
{"op_code":0,"worker_id":"8bcea5db-e715-4c52-9112-7b6dc838a384-23456247935296","study_name":"peter_book_k3","directions":[2]}
{"op_code":4,"worker_id":"8bcea5db-e715-4c52-9112-7b6dc838a384-23456247935296","study_id":0,"datetime_start":"2026-07-24T13:03:24.180917"}
{"op_code":9,"worker_id":"8bcea5db-e715-4c52-9112-7b6dc838a384-23456247935296","trial_id":43,"system_attr":{"tpe:relative_params:0":"{\"lr\": 0.30989058087849813, \"ratio\": 0.6847256948904049}"}}
{"op_code":5,"worker_id":"8bcea5db-e715-4c52-9112-7b6dc838a384-23456247935296","trial_id":43,"param_name":"lr","param_value_internal":0.30989058087849813,"distribution":"{\"name\": \"FloatDistribution\", \"attributes\": {\"step\": null, \"low\": 1e-08, \"high\": 0.5, \"log\": true}}"}
{"op_code":5,"worker_id":"8bcea5db-e715-4c52-9112-7b6dc838a384-23456247935296","trial_id":43,"param_name":"ratio","param_value_internal":0.6847256948904049,"distribution":"{\"name\": \"FloatDistribution\", \"attributes\": {\"step\": null, \"low\": 0.1, \"high\": 100.0, \"log\": true}}"}
{"op_code":6,"worker_id":"8bcea5db-e715-4c52-9112-7b6dc838a384-23456247935296","trial_id":43,"state":3,"values":null,"datetime_complete":"2026-07-24T13:03:52.644977"}
{"op_code":0,"worker_id":"9f46396c-e6fe-434f-9511-43c10a98e8de-23456247935296","study_name":"peter_book_k3","directions":[2]}
{"op_code":4,"worker_id":"9f46396c-e6fe-434f-9511-43c10a98e8de-23456247935296","study_id":0,"datetime_start":"2026-07-24T13:08:05.042440"}
{"op_code":9,"worker_id":"9f46396c-e6fe-434f-9511-43c10a98e8de-23456247935296","trial_id":44,"system_attr":{"tpe:relative_params:0":"{\"lr\": 0.1851617219752077, \"ratio\": 0.2646413303523188}"}}
{"op_code":5,"worker_id":"9f46396c-e6fe-434f-9511-43c10a98e8de-23456247935296","trial_id":44,"param_name":"lr","param_value_internal":0.1851617219752077,"distribution":"{\"name\": \"FloatDistribution\", \"attributes\": {\"step\": null, \"low\": 1e-08, \"high\": 0.5, \"log\": true}}"}
{"op_code":5,"worker_id":"9f46396c-e6fe-434f-9511-43c10a98e8de-23456247935296","trial_id":44,"param_name":"ratio","param_value_internal":0.2646413303523188,"distribution":"{\"name\": \"FloatDistribution\", \"attributes\": {\"step\": null, \"low\": 0.1, \"high\": 100.0, \"log\": true}}"}
{"op_code":6,"worker_id":"9f46396c-e6fe-434f-9511-43c10a98e8de-23456247935296","trial_id":44,"state":3,"values":null,"datetime_complete":"2026-07-24T13:08:34.497933"}
{"op_code":0,"worker_id":"9b08c38d-b720-4b69-a5cc-59a21ead58a0-23456247935296","study_name":"peter_book_k3","directions":[2]}
{"op_code":4,"worker_id":"9b08c38d-b720-4b69-a5cc-59a21ead58a0-23456247935296","study_id":0,"datetime_start":"2026-07-24T13:12:40.367475"}
{"op_code":9,"worker_id":"9b08c38d-b720-4b69-a5cc-59a21ead58a0-23456247935296","trial_id":45,"system_attr":{"tpe:relative_params:0":"{\"lr\": 0.25988544444975176, \"ratio\": 29.457036417854077}"}}
{"op_code":5,"worker_id":"9b08c38d-b720-4b69-a5cc-59a21ead58a0-23456247935296","trial_id":45,"param_name":"lr","param_value_internal":0.25988544444975176,"distribution":"{\"name\": \"FloatDistribution\", \"attributes\": {\"step\": null, \"low\": 1e-08, \"high\": 0.5, \"log\": true}}"}
{"op_code":5,"worker_id":"9b08c38d-b720-4b69-a5cc-59a21ead58a0-23456247935296","trial_id":45,"param_name":"ratio","param_value_internal":29.457036417854077,"distribution":"{\"name\": \"FloatDistribution\", \"attributes\": {\"step\": null, \"low\": 0.1, \"high\": 100.0, \"log\": true}}"}
{"op_code":6,"worker_id":"9b08c38d-b720-4b69-a5cc-59a21ead58a0-23456247935296","trial_id":45,"state":3,"values":null,"datetime_complete":"2026-07-24T13:13:11.680484"}
{"op_code":0,"worker_id":"1b139e87-2274-42fb-92c6-72dda5b681ae-23456247935296","study_name":"peter_book_k3","directions":[2]}
{"op_code":4,"worker_id":"1b139e87-2274-42fb-92c6-72dda5b681ae-23456247935296","study_id":0,"datetime_start":"2026-07-24T13:17:17.123301"}
{"op_code":9,"worker_id":"1b139e87-2274-42fb-92c6-72dda5b681ae-23456247935296","trial_id":46,"system_attr":{"tpe:relative_params:0":"{\"lr\": 0.03950039143246913, \"ratio\": 0.1215137111739065}"}}
{"op_code":5,"worker_id":"1b139e87-2274-42fb-92c6-72dda5b681ae-23456247935296","trial_id":46,"param_name":"lr","param_value_internal":0.03950039143246913,"distribution":"{\"name\": \"FloatDistribution\", \"attributes\": {\"step\": null, \"low\": 1e-08, \"high\": 0.5, \"log\": true}}"}
{"op_code":5,"worker_id":"1b139e87-2274-42fb-92c6-72dda5b681ae-23456247935296","trial_id":46,"param_name":"ratio","param_value_internal":0.1215137111739065,"distribution":"{\"name\": \"FloatDistribution\", \"attributes\": {\"step\": null, \"low\": 0.1, \"high\": 100.0, \"log\": true}}"}
{"op_code":0,"worker_id":"57de573f-80d0-4806-a9e1-559ebfe59f4e-23456247935296","study_name":"peter_book_k3","directions":[2]}
{"op_code":4,"worker_id":"57de573f-80d0-4806-a9e1-559ebfe59f4e-23456247935296","study_id":0,"datetime_start":"2026-07-24T13:20:36.137154"}
{"op_code":9,"worker_id":"57de573f-80d0-4806-a9e1-559ebfe59f4e-23456247935296","trial_id":47,"system_attr":{"tpe:relative_params:0":"{\"lr\": 0.3948129902171374, \"ratio\": 17.538355777859916}"}}
{"op_code":5,"worker_id":"57de573f-80d0-4806-a9e1-559ebfe59f4e-23456247935296","trial_id":47,"param_name":"lr","param_value_internal":0.3948129902171374,"distribution":"{\"name\": \"FloatDistribution\", \"attributes\": {\"step\": null, \"low\": 1e-08, \"high\": 0.5, \"log\": true}}"}
{"op_code":5,"worker_id":"57de573f-80d0-4806-a9e1-559ebfe59f4e-23456247935296","trial_id":47,"param_name":"ratio","param_value_internal":17.538355777859916,"distribution":"{\"name\": \"FloatDistribution\", \"attributes\": {\"step\": null, \"low\": 0.1, \"high\": 100.0, \"log\": true}}"}
{"op_code":6,"worker_id":"1b139e87-2274-42fb-92c6-72dda5b681ae-23456247935296","trial_id":46,"state":3,"values":null,"datetime_complete":"2026-07-24T13:20:50.434771"}
{"op_code":6,"worker_id":"57de573f-80d0-4806-a9e1-559ebfe59f4e-23456247935296","trial_id":47,"state":3,"values":null,"datetime_complete":"2026-07-24T13:21:15.699972"}
{"op_code":0,"worker_id":"d679c2aa-7552-4eb4-8bbd-451b9e313333-23456247935296","study_name":"peter_book_k3","directions":[2]}
{"op_code":4,"worker_id":"d679c2aa-7552-4eb4-8bbd-451b9e313333-23456247935296","study_id":0,"datetime_start":"2026-07-24T13:23:24.151511"}
{"op_code":9,"worker_id":"d679c2aa-7552-4eb4-8bbd-451b9e313333-23456247935296","trial_id":48,"system_attr":{"tpe:relative_params:0":"{\"lr\": 0.337789190252186, \"ratio\": 1.895744506039532}"}}
{"op_code":5,"worker_id":"d679c2aa-7552-4eb4-8bbd-451b9e313333-23456247935296","trial_id":48,"param_name":"lr","param_value_internal":0.337789190252186,"distribution":"{\"name\": \"FloatDistribution\", \"attributes\": {\"step\": null, \"low\": 1e-08, \"high\": 0.5, \"log\": true}}"}
{"op_code":5,"worker_id":"d679c2aa-7552-4eb4-8bbd-451b9e313333-23456247935296","trial_id":48,"param_name":"ratio","param_value_internal":1.895744506039532,"distribution":"{\"name\": \"FloatDistribution\", \"attributes\": {\"step\": null, \"low\": 0.1, \"high\": 100.0, \"log\": true}}"}
{"op_code":6,"worker_id":"d679c2aa-7552-4eb4-8bbd-451b9e313333-23456247935296","trial_id":48,"state":3,"values":null,"datetime_complete":"2026-07-24T13:23:52.860239"}
{"op_code":0,"worker_id":"e25beff5-a0a9-4fca-a31b-72a07ebc1a50-23456247935296","study_name":"peter_book_k3","directions":[2]}
{"op_code":4,"worker_id":"e25beff5-a0a9-4fca-a31b-72a07ebc1a50-23456247935296","study_id":0,"datetime_start":"2026-07-24T13:26:13.895390"}
{"op_code":9,"worker_id":"e25beff5-a0a9-4fca-a31b-72a07ebc1a50-23456247935296","trial_id":49,"system_attr":{"tpe:relative_params:0":"{\"lr\": 0.2916628027704069, \"ratio\": 25.59225807043502}"}}
{"op_code":5,"worker_id":"e25beff5-a0a9-4fca-a31b-72a07ebc1a50-23456247935296","trial_id":49,"param_name":"lr","param_value_internal":0.2916628027704069,"distribution":"{\"name\": \"FloatDistribution\", \"attributes\": {\"step\": null, \"low\": 1e-08, \"high\": 0.5, \"log\": true}}"}
{"op_code":5,"worker_id":"e25beff5-a0a9-4fca-a31b-72a07ebc1a50-23456247935296","trial_id":49,"param_name":"ratio","param_value_internal":25.59225807043502,"distribution":"{\"name\": \"FloatDistribution\", \"attributes\": {\"step\": null, \"low\": 0.1, \"high\": 100.0, \"log\": true}}"}
{"op_code":6,"worker_id":"e25beff5-a0a9-4fca-a31b-72a07ebc1a50-23456247935296","trial_id":49,"state":3,"values":null,"datetime_complete":"2026-07-24T13:27:25.067379"}
{"op_code":0,"worker_id":"4e817d4a-a45e-4396-a95b-0c7315802d39-23456247935296","study_name":"peter_book_k3","directions":[2]}
{"op_code":4,"worker_id":"4e817d4a-a45e-4396-a95b-0c7315802d39-23456247935296","study_id":0,"datetime_start":"2026-07-24T13:29:56.607746"}
{"op_code":9,"worker_id":"4e817d4a-a45e-4396-a95b-0c7315802d39-23456247935296","trial_id":50,"system_attr":{"tpe:relative_params:0":"{\"lr\": 0.2258747357344203, \"ratio\": 14.56818625849913}"}}
{"op_code":5,"worker_id":"4e817d4a-a45e-4396-a95b-0c7315802d39-23456247935296","trial_id":50,"param_name":"lr","param_value_internal":0.2258747357344203,"distribution":"{\"name\": \"FloatDistribution\", \"attributes\": {\"step\": null, \"low\": 1e-08, \"high\": 0.5, \"log\": true}}"}
{"op_code":5,"worker_id":"4e817d4a-a45e-4396-a95b-0c7315802d39-23456247935296","trial_id":50,"param_name":"ratio","param_value_internal":14.56818625849913,"distribution":"{\"name\": \"FloatDistribution\", \"attributes\": {\"step\": null, \"low\": 0.1, \"high\": 100.0, \"log\": true}}"}
{"op_code":6,"worker_id":"4e817d4a-a45e-4396-a95b-0c7315802d39-23456247935296","trial_id":50,"state":3,"values":null,"datetime_complete":"2026-07-24T13:30:25.997408"}
{"op_code":0,"worker_id":"57f4847f-b129-40a3-a3be-3ff97f8b5a21-23456247935296","study_name":"peter_book_k3","directions":[2]}
{"op_code":4,"worker_id":"57f4847f-b129-40a3-a3be-3ff97f8b5a21-23456247935296","study_id":0,"datetime_start":"2026-07-24T13:33:33.664705"}
{"op_code":9,"worker_id":"57f4847f-b129-40a3-a3be-3ff97f8b5a21-23456247935296","trial_id":51,"system_attr":{"tpe:relative_params:0":"{\"lr\": 0.13508817211509194, \"ratio\": 0.10132404711021606}"}}
{"op_code":5,"worker_id":"57f4847f-b129-40a3-a3be-3ff97f8b5a21-23456247935296","trial_id":51,"param_name":"lr","param_value_internal":0.13508817211509194,"distribution":"{\"name\": \"FloatDistribution\", \"attributes\": {\"step\": null, \"low\": 1e-08, \"high\": 0.5, \"log\": true}}"}
{"op_code":5,"worker_id":"57f4847f-b129-40a3-a3be-3ff97f8b5a21-23456247935296","trial_id":51,"param_name":"ratio","param_value_internal":0.10132404711021606,"distribution":"{\"name\": \"FloatDistribution\", \"attributes\": {\"step\": null, \"low\": 0.1, \"high\": 100.0, \"log\": true}}"}
{"op_code":6,"worker_id":"57f4847f-b129-40a3-a3be-3ff97f8b5a21-23456247935296","trial_id":51,"state":3,"values":null,"datetime_complete":"2026-07-24T13:34:09.962895"}
{"op_code":0,"worker_id":"cc5a0dd0-1ddf-473f-a2d7-fca38a09bda1-23456247935296","study_name":"peter_book_k3","directions":[2]}
{"op_code":4,"worker_id":"cc5a0dd0-1ddf-473f-a2d7-fca38a09bda1-23456247935296","study_id":0,"datetime_start":"2026-07-24T13:36:25.143746"}
{"op_code":9,"worker_id":"cc5a0dd0-1ddf-473f-a2d7-fca38a09bda1-23456247935296","trial_id":52,"system_attr":{"tpe:relative_params:0":"{\"lr\": 0.43801746624960913, \"ratio\": 3.2410934403888474}"}}
{"op_code":5,"worker_id":"cc5a0dd0-1ddf-473f-a2d7-fca38a09bda1-23456247935296","trial_id":52,"param_name":"lr","param_value_internal":0.43801746624960913,"distribution":"{\"name\": \"FloatDistribution\", \"attributes\": {\"step\": null, \"low\": 1e-08, \"high\": 0.5, \"log\": true}}"}
{"op_code":5,"worker_id":"cc5a0dd0-1ddf-473f-a2d7-fca38a09bda1-23456247935296","trial_id":52,"param_name":"ratio","param_value_internal":3.2410934403888474,"distribution":"{\"name\": \"FloatDistribution\", \"attributes\": {\"step\": null, \"low\": 0.1, \"high\": 100.0, \"log\": true}}"}
{"op_code":6,"worker_id":"cc5a0dd0-1ddf-473f-a2d7-fca38a09bda1-23456247935296","trial_id":52,"state":3,"values":null,"datetime_complete":"2026-07-24T13:37:03.503679"}
{"op_code":0,"worker_id":"379153f1-01d5-42b7-ab8b-71c2c3bcafb2-23456247935296","study_name":"peter_book_k3","directions":[2]}
{"op_code":0,"worker_id":"d8891349-4686-4d81-aaab-1a2df8c0f9dd-23456247935296","study_name":"peter_book_k3","directions":[2]}
