{"op_code":0,"worker_id":"97d55d81-e351-4337-b2a4-a06cd1dcdb3a-20268","study_name":"peter_book_k1","directions":[2]}
{"op_code":0,"worker_id":"c442f69d-3581-488a-b4d6-3f3d3530779f-33256","study_name":"peter_book_k1","directions":[2]}
{"op_code":4,"worker_id":"c442f69d-3581-488a-b4d6-3f3d3530779f-33256","study_id":0,"datetime_start":"2026-07-24T09:08:02.062910"}
{"op_code":5,"worker_id":"c442f69d-3581-488a-b4d6-3f3d3530779f-33256","trial_id":0,"param_name":"lr","param_value_internal":3.611260754135416e-05,"distribution":"{\"name\": \"FloatDistribution\", \"attributes\": {\"step\": null, \"low\": 1e-08, \"high\": 0.5, \"log\": true}}"}
{"op_code":5,"worker_id":"c442f69d-3581-488a-b4d6-3f3d3530779f-33256","trial_id":0,"param_name":"ratio","param_value_internal":0.20740567921362238,"distribution":"{\"name\": \"FloatDistribution\", \"attributes\": {\"step\": null, \"low\": 0.1, \"high\": 100.0, \"log\": true}}"}
{"op_code":6,"worker_id":"c442f69d-3581-488a-b4d6-3f3d3530779f-33256","trial_id":0,"state":1,"values":[-40.02556664306726],"datetime_complete":"2026-07-24T09:12:51.691450"}
{"op_code":0,"worker_id":"386d9642-d8e9-4c16-95a4-df57c7fcef81-22708","study_name":"peter_book_k1","directions":[2]}
{"op_code":4,"worker_id":"386d9642-d8e9-4c16-95a4-df57c7fcef81-22708","study_id":0,"datetime_start":"2026-07-24T09:13:00.710837"}
{"op_code":5,"worker_id":"386d9642-d8e9-4c16-95a4-df57c7fcef81-22708","trial_id":1,"param_name":"lr","param_value_internal":0.005035938921440092,"distribution":"{\"name\": \"FloatDistribution\", \"attributes\": {\"step\": null, \"low\": 1e-08, \"high\": 0.5, \"log\": true}}"}
{"op_code":5,"worker_id":"386d9642-d8e9-4c16-95a4-df57c7fcef81-22708","trial_id":1,"param_name":"ratio","param_value_internal":5.2811066744761055,"distribution":"{\"name\": \"FloatDistribution\", \"attributes\": {\"step\": null, \"low\": 0.1, \"high\": 100.0, \"log\": true}}"}
{"op_code":0,"worker_id":"eef9d2cf-9dfe-40dc-a370-30842a817ad6-26800","study_name":"peter_book_k1","directions":[2]}
{"op_code":4,"worker_id":"eef9d2cf-9dfe-40dc-a370-30842a817ad6-26800","study_id":0,"datetime_start":"2026-07-24T09:13:01.933537"}
{"op_code":5,"worker_id":"eef9d2cf-9dfe-40dc-a370-30842a817ad6-26800","trial_id":2,"param_name":"lr","param_value_internal":0.003990624802082475,"distribution":"{\"name\": \"FloatDistribution\", \"attributes\": {\"step\": null, \"low\": 1e-08, \"high\": 0.5, \"log\": true}}"}
{"op_code":5,"worker_id":"eef9d2cf-9dfe-40dc-a370-30842a817ad6-26800","trial_id":2,"param_name":"ratio","param_value_internal":79.28094535311746,"distribution":"{\"name\": \"FloatDistribution\", \"attributes\": {\"step\": null, \"low\": 0.1, \"high\": 100.0, \"log\": true}}"}
{"op_code":0,"worker_id":"8cb62b49-5425-4d55-949d-3ca98e39de86-23456247935296","study_name":"peter_book_k1","directions":[2]}
{"op_code":0,"worker_id":"be54bda3-615d-4364-ae64-1810f68089f0-23456247935296","study_name":"peter_book_k1","directions":[2]}
{"op_code":4,"worker_id":"be54bda3-615d-4364-ae64-1810f68089f0-23456247935296","study_id":0,"datetime_start":"2026-07-24T10:21:56.576980"}
{"op_code":0,"worker_id":"124a4662-fcd4-404c-8e0e-2f41ce3fcf5c-23456247935296","study_name":"peter_book_k1","directions":[2]}
{"op_code":4,"worker_id":"124a4662-fcd4-404c-8e0e-2f41ce3fcf5c-23456247935296","study_id":0,"datetime_start":"2026-07-24T10:21:56.637890"}
{"op_code":5,"worker_id":"124a4662-fcd4-404c-8e0e-2f41ce3fcf5c-23456247935296","trial_id":4,"param_name":"lr","param_value_internal":1.2263407527860748e-06,"distribution":"{\"name\": \"FloatDistribution\", \"attributes\": {\"step\": null, \"low\": 1e-08, \"high\": 0.5, \"log\": true}}"}
{"op_code":5,"worker_id":"124a4662-fcd4-404c-8e0e-2f41ce3fcf5c-23456247935296","trial_id":4,"param_name":"ratio","param_value_internal":0.44756306567079773,"distribution":"{\"name\": \"FloatDistribution\", \"attributes\": {\"step\": null, \"low\": 0.1, \"high\": 100.0, \"log\": true}}"}
{"op_code":5,"worker_id":"be54bda3-615d-4364-ae64-1810f68089f0-23456247935296","trial_id":3,"param_name":"lr","param_value_internal":0.0003374250149793166,"distribution":"{\"name\": \"FloatDistribution\", \"attributes\": {\"step\": null, \"low\": 1e-08, \"high\": 0.5, \"log\": true}}"}
{"op_code":5,"worker_id":"be54bda3-615d-4364-ae64-1810f68089f0-23456247935296","trial_id":3,"param_name":"ratio","param_value_internal":1.3434002979899073,"distribution":"{\"name\": \"FloatDistribution\", \"attributes\": {\"step\": null, \"low\": 0.1, \"high\": 100.0, \"log\": true}}"}
{"op_code":0,"worker_id":"da7f52f9-5358-4bae-a7fb-f913cafdfb27-23456247935296","study_name":"peter_book_k1","directions":[2]}
{"op_code":4,"worker_id":"da7f52f9-5358-4bae-a7fb-f913cafdfb27-23456247935296","study_id":0,"datetime_start":"2026-07-24T10:24:26.183247"}
{"op_code":5,"worker_id":"da7f52f9-5358-4bae-a7fb-f913cafdfb27-23456247935296","trial_id":5,"param_name":"lr","param_value_internal":0.06872939112442605,"distribution":"{\"name\": \"FloatDistribution\", \"attributes\": {\"step\": null, \"low\": 1e-08, \"high\": 0.5, \"log\": true}}"}
{"op_code":5,"worker_id":"da7f52f9-5358-4bae-a7fb-f913cafdfb27-23456247935296","trial_id":5,"param_name":"ratio","param_value_internal":2.4208897364260613,"distribution":"{\"name\": \"FloatDistribution\", \"attributes\": {\"step\": null, \"low\": 0.1, \"high\": 100.0, \"log\": true}}"}
{"op_code":6,"worker_id":"da7f52f9-5358-4bae-a7fb-f913cafdfb27-23456247935296","trial_id":5,"state":3,"values":null,"datetime_complete":"2026-07-24T10:25:18.716361"}
{"op_code":6,"worker_id":"be54bda3-615d-4364-ae64-1810f68089f0-23456247935296","trial_id":3,"state":1,"values":[-39.493884949653484],"datetime_complete":"2026-07-24T10:25:47.418847"}
{"op_code":6,"worker_id":"124a4662-fcd4-404c-8e0e-2f41ce3fcf5c-23456247935296","trial_id":4,"state":1,"values":[-40.30817365391072],"datetime_complete":"2026-07-24T10:26:28.021000"}
{"op_code":0,"worker_id":"b87d3182-1d8c-4dde-b1d5-fd958a8517bd-23456247935296","study_name":"peter_book_k1","directions":[2]}
{"op_code":4,"worker_id":"b87d3182-1d8c-4dde-b1d5-fd958a8517bd-23456247935296","study_id":0,"datetime_start":"2026-07-24T10:27:58.141060"}
{"op_code":5,"worker_id":"b87d3182-1d8c-4dde-b1d5-fd958a8517bd-23456247935296","trial_id":6,"param_name":"lr","param_value_internal":0.4426107468928326,"distribution":"{\"name\": \"FloatDistribution\", \"attributes\": {\"step\": null, \"low\": 1e-08, \"high\": 0.5, \"log\": true}}"}
{"op_code":5,"worker_id":"b87d3182-1d8c-4dde-b1d5-fd958a8517bd-23456247935296","trial_id":6,"param_name":"ratio","param_value_internal":32.310379113001616,"distribution":"{\"name\": \"FloatDistribution\", \"attributes\": {\"step\": null, \"low\": 0.1, \"high\": 100.0, \"log\": true}}"}
{"op_code":6,"worker_id":"b87d3182-1d8c-4dde-b1d5-fd958a8517bd-23456247935296","trial_id":6,"state":3,"values":null,"datetime_complete":"2026-07-24T10:28:22.141161"}
{"op_code":0,"worker_id":"8cb0dffd-3810-4069-9040-ebed4d7bbd28-23456247935296","study_name":"peter_book_k1","directions":[2]}
{"op_code":4,"worker_id":"8cb0dffd-3810-4069-9040-ebed4d7bbd28-23456247935296","study_id":0,"datetime_start":"2026-07-24T10:31:34.915728"}
{"op_code":5,"worker_id":"8cb0dffd-3810-4069-9040-ebed4d7bbd28-23456247935296","trial_id":7,"param_name":"lr","param_value_internal":0.002009640144961175,"distribution":"{\"name\": \"FloatDistribution\", \"attributes\": {\"step\": null, \"low\": 1e-08, \"high\": 0.5, \"log\": true}}"}
{"op_code":5,"worker_id":"8cb0dffd-3810-4069-9040-ebed4d7bbd28-23456247935296","trial_id":7,"param_name":"ratio","param_value_internal":0.17133033369038644,"distribution":"{\"name\": \"FloatDistribution\", \"attributes\": {\"step\": null, \"low\": 0.1, \"high\": 100.0, \"log\": true}}"}
{"op_code":0,"worker_id":"a1a01ec1-7378-470c-af7d-df323a6e3908-23456247935296","study_name":"peter_book_k1","directions":[2]}
{"op_code":4,"worker_id":"a1a01ec1-7378-470c-af7d-df323a6e3908-23456247935296","study_id":0,"datetime_start":"2026-07-24T10:35:00.337731"}
{"op_code":5,"worker_id":"a1a01ec1-7378-470c-af7d-df323a6e3908-23456247935296","trial_id":8,"param_name":"lr","param_value_internal":0.16486746042980782,"distribution":"{\"name\": \"FloatDistribution\", \"attributes\": {\"step\": null, \"low\": 1e-08, \"high\": 0.5, \"log\": true}}"}
{"op_code":5,"worker_id":"a1a01ec1-7378-470c-af7d-df323a6e3908-23456247935296","trial_id":8,"param_name":"ratio","param_value_internal":3.1306142895030056,"distribution":"{\"name\": \"FloatDistribution\", \"attributes\": {\"step\": null, \"low\": 0.1, \"high\": 100.0, \"log\": true}}"}
{"op_code":6,"worker_id":"a1a01ec1-7378-470c-af7d-df323a6e3908-23456247935296","trial_id":8,"state":3,"values":null,"datetime_complete":"2026-07-24T10:35:27.597484"}
{"op_code":6,"worker_id":"8cb0dffd-3810-4069-9040-ebed4d7bbd28-23456247935296","trial_id":7,"state":1,"values":[-40.03966393873868],"datetime_complete":"2026-07-24T10:36:14.790171"}
{"op_code":0,"worker_id":"daeb4874-3a17-4d11-8750-5449205877f6-23456247935296","study_name":"peter_book_k1","directions":[2]}
{"op_code":4,"worker_id":"daeb4874-3a17-4d11-8750-5449205877f6-23456247935296","study_id":0,"datetime_start":"2026-07-24T10:38:33.246290"}
{"op_code":5,"worker_id":"daeb4874-3a17-4d11-8750-5449205877f6-23456247935296","trial_id":9,"param_name":"lr","param_value_internal":0.0001873834333640037,"distribution":"{\"name\": \"FloatDistribution\", \"attributes\": {\"step\": null, \"low\": 1e-08, \"high\": 0.5, \"log\": true}}"}
{"op_code":5,"worker_id":"daeb4874-3a17-4d11-8750-5449205877f6-23456247935296","trial_id":9,"param_name":"ratio","param_value_internal":6.75322748285667,"distribution":"{\"name\": \"FloatDistribution\", \"attributes\": {\"step\": null, \"low\": 0.1, \"high\": 100.0, \"log\": true}}"}
{"op_code":6,"worker_id":"daeb4874-3a17-4d11-8750-5449205877f6-23456247935296","trial_id":9,"state":1,"values":[-39.58491337853004],"datetime_complete":"2026-07-24T10:42:18.991956"}
{"op_code":0,"worker_id":"fa8747c1-12d5-40f2-a255-ca2199f86708-23456247935296","study_name":"peter_book_k1","directions":[2]}
{"op_code":4,"worker_id":"fa8747c1-12d5-40f2-a255-ca2199f86708-23456247935296","study_id":0,"datetime_start":"2026-07-24T10:42:38.529985"}
{"op_code":5,"worker_id":"fa8747c1-12d5-40f2-a255-ca2199f86708-23456247935296","trial_id":10,"param_name":"lr","param_value_internal":0.00040663985922998174,"distribution":"{\"name\": \"FloatDistribution\", \"attributes\": {\"step\": null, \"low\": 1e-08, \"high\": 0.5, \"log\": true}}"}
{"op_code":5,"worker_id":"fa8747c1-12d5-40f2-a255-ca2199f86708-23456247935296","trial_id":10,"param_name":"ratio","param_value_internal":6.71800292529496,"distribution":"{\"name\": \"FloatDistribution\", \"attributes\": {\"step\": null, \"low\": 0.1, \"high\": 100.0, \"log\": true}}"}
{"op_code":0,"worker_id":"c65521e4-96fb-4da7-ada7-ffc5cbdf5a96-23456247935296","study_name":"peter_book_k1","directions":[2]}
{"op_code":4,"worker_id":"c65521e4-96fb-4da7-ada7-ffc5cbdf5a96-23456247935296","study_id":0,"datetime_start":"2026-07-24T10:47:16.190504"}
{"op_code":5,"worker_id":"c65521e4-96fb-4da7-ada7-ffc5cbdf5a96-23456247935296","trial_id":11,"param_name":"lr","param_value_internal":2.0730841967175497e-07,"distribution":"{\"name\": \"FloatDistribution\", \"attributes\": {\"step\": null, \"low\": 1e-08, \"high\": 0.5, \"log\": true}}"}
{"op_code":5,"worker_id":"c65521e4-96fb-4da7-ada7-ffc5cbdf5a96-23456247935296","trial_id":11,"param_name":"ratio","param_value_internal":52.104167712489435,"distribution":"{\"name\": \"FloatDistribution\", \"attributes\": {\"step\": null, \"low\": 0.1, \"high\": 100.0, \"log\": true}}"}
{"op_code":6,"worker_id":"fa8747c1-12d5-40f2-a255-ca2199f86708-23456247935296","trial_id":10,"state":1,"values":[-39.654390899407524],"datetime_complete":"2026-07-24T10:47:21.314172"}
{"op_code":0,"worker_id":"9bc7ff76-ca2f-4828-984b-ccf7265916a8-23456247935296","study_name":"peter_book_k1","directions":[2]}
{"op_code":4,"worker_id":"9bc7ff76-ca2f-4828-984b-ccf7265916a8-23456247935296","study_id":0,"datetime_start":"2026-07-24T10:51:26.900240"}
{"op_code":5,"worker_id":"9bc7ff76-ca2f-4828-984b-ccf7265916a8-23456247935296","trial_id":12,"param_name":"lr","param_value_internal":8.53789880541967e-06,"distribution":"{\"name\": \"FloatDistribution\", \"attributes\": {\"step\": null, \"low\": 1e-08, \"high\": 0.5, \"log\": true}}"}
{"op_code":5,"worker_id":"9bc7ff76-ca2f-4828-984b-ccf7265916a8-23456247935296","trial_id":12,"param_name":"ratio","param_value_internal":32.41288830827614,"distribution":"{\"name\": \"FloatDistribution\", \"attributes\": {\"step\": null, \"low\": 0.1, \"high\": 100.0, \"log\": true}}"}
{"op_code":6,"worker_id":"c65521e4-96fb-4da7-ada7-ffc5cbdf5a96-23456247935296","trial_id":11,"state":1,"values":[-40.306803106577945],"datetime_complete":"2026-07-24T10:52:05.835469"}
{"op_code":0,"worker_id":"ed337b4a-09cf-45e9-99d0-ee96877e7de6-23456247935296","study_name":"peter_book_k1","directions":[2]}
{"op_code":4,"worker_id":"ed337b4a-09cf-45e9-99d0-ee96877e7de6-23456247935296","study_id":0,"datetime_start":"2026-07-24T10:55:41.575057"}
{"op_code":5,"worker_id":"ed337b4a-09cf-45e9-99d0-ee96877e7de6-23456247935296","trial_id":13,"param_name":"lr","param_value_internal":1.4397874334258905e-05,"distribution":"{\"name\": \"FloatDistribution\", \"attributes\": {\"step\": null, \"low\": 1e-08, \"high\": 0.5, \"log\": true}}"}
{"op_code":5,"worker_id":"ed337b4a-09cf-45e9-99d0-ee96877e7de6-23456247935296","trial_id":13,"param_name":"ratio","param_value_internal":50.42713864050148,"distribution":"{\"name\": \"FloatDistribution\", \"attributes\": {\"step\": null, \"low\": 0.1, \"high\": 100.0, \"log\": true}}"}
{"op_code":6,"worker_id":"9bc7ff76-ca2f-4828-984b-ccf7265916a8-23456247935296","trial_id":12,"state":1,"values":[-39.681859990159055],"datetime_complete":"2026-07-24T10:56:04.387823"}
{"op_code":6,"worker_id":"ed337b4a-09cf-45e9-99d0-ee96877e7de6-23456247935296","trial_id":13,"state":1,"values":[-39.53299787887362],"datetime_complete":"2026-07-24T11:00:13.237884"}
{"op_code":0,"worker_id":"42a5df6e-52b6-48e1-9c2c-55946da2f83b-23456247935296","study_name":"peter_book_k1","directions":[2]}
{"op_code":4,"worker_id":"42a5df6e-52b6-48e1-9c2c-55946da2f83b-23456247935296","study_id":0,"datetime_start":"2026-07-24T11:00:24.667810"}
{"op_code":5,"worker_id":"42a5df6e-52b6-48e1-9c2c-55946da2f83b-23456247935296","trial_id":14,"param_name":"lr","param_value_internal":0.004595355823445007,"distribution":"{\"name\": \"FloatDistribution\", \"attributes\": {\"step\": null, \"low\": 1e-08, \"high\": 0.5, \"log\": true}}"}
{"op_code":5,"worker_id":"42a5df6e-52b6-48e1-9c2c-55946da2f83b-23456247935296","trial_id":14,"param_name":"ratio","param_value_internal":0.17593033458188484,"distribution":"{\"name\": \"FloatDistribution\", \"attributes\": {\"step\": null, \"low\": 0.1, \"high\": 100.0, \"log\": true}}"}
{"op_code":6,"worker_id":"42a5df6e-52b6-48e1-9c2c-55946da2f83b-23456247935296","trial_id":14,"state":1,"values":[-40.80563304369567],"datetime_complete":"2026-07-24T11:04:39.020072"}
{"op_code":0,"worker_id":"be6ed81c-7580-4e40-a4de-c6dbf46a2aa6-23456247935296","study_name":"peter_book_k1","directions":[2]}
{"op_code":4,"worker_id":"be6ed81c-7580-4e40-a4de-c6dbf46a2aa6-23456247935296","study_id":0,"datetime_start":"2026-07-24T11:05:26.143300"}
{"op_code":9,"worker_id":"be6ed81c-7580-4e40-a4de-c6dbf46a2aa6-23456247935296","trial_id":15,"system_attr":{"tpe:relative_params:0":"{\"lr\": 0.4307662278160591, \"ratio\": 1.3586570312654818}"}}
{"op_code":5,"worker_id":"be6ed81c-7580-4e40-a4de-c6dbf46a2aa6-23456247935296","trial_id":15,"param_name":"lr","param_value_internal":0.4307662278160591,"distribution":"{\"name\": \"FloatDistribution\", \"attributes\": {\"step\": null, \"low\": 1e-08, \"high\": 0.5, \"log\": true}}"}
{"op_code":5,"worker_id":"be6ed81c-7580-4e40-a4de-c6dbf46a2aa6-23456247935296","trial_id":15,"param_name":"ratio","param_value_internal":1.3586570312654818,"distribution":"{\"name\": \"FloatDistribution\", \"attributes\": {\"step\": null, \"low\": 0.1, \"high\": 100.0, \"log\": true}}"}
{"op_code":6,"worker_id":"be6ed81c-7580-4e40-a4de-c6dbf46a2aa6-23456247935296","trial_id":15,"state":3,"values":null,"datetime_complete":"2026-07-24T11:05:50.186964"}
{"op_code":0,"worker_id":"ff941fec-0d1c-4a4c-8461-5b31d4abb5ef-23456247935296","study_name":"peter_book_k1","directions":[2]}
{"op_code":4,"worker_id":"ff941fec-0d1c-4a4c-8461-5b31d4abb5ef-23456247935296","study_id":0,"datetime_start":"2026-07-24T11:09:54.907248"}
{"op_code":9,"worker_id":"ff941fec-0d1c-4a4c-8461-5b31d4abb5ef-23456247935296","trial_id":16,"system_attr":{"tpe:relative_params:0":"{\"lr\": 1.6426726301479e-08, \"ratio\": 0.14789956046715408}"}}
{"op_code":5,"worker_id":"ff941fec-0d1c-4a4c-8461-5b31d4abb5ef-23456247935296","trial_id":16,"param_name":"lr","param_value_internal":1.6426726301479e-08,"distribution":"{\"name\": \"FloatDistribution\", \"attributes\": {\"step\": null, \"low\": 1e-08, \"high\": 0.5, \"log\": true}}"}
{"op_code":5,"worker_id":"ff941fec-0d1c-4a4c-8461-5b31d4abb5ef-23456247935296","trial_id":16,"param_name":"ratio","param_value_internal":0.14789956046715408,"distribution":"{\"name\": \"FloatDistribution\", \"attributes\": {\"step\": null, \"low\": 0.1, \"high\": 100.0, \"log\": true}}"}
{"op_code":0,"worker_id":"070636c4-a41b-44c9-8426-7624fd41c1ef-23456247935296","study_name":"peter_book_k1","directions":[2]}
{"op_code":4,"worker_id":"070636c4-a41b-44c9-8426-7624fd41c1ef-23456247935296","study_id":0,"datetime_start":"2026-07-24T11:13:55.511276"}
{"op_code":9,"worker_id":"070636c4-a41b-44c9-8426-7624fd41c1ef-23456247935296","trial_id":17,"system_attr":{"tpe:relative_params:0":"{\"lr\": 1.1120597975683565e-07, \"ratio\": 2.164314117399722}"}}
{"op_code":5,"worker_id":"070636c4-a41b-44c9-8426-7624fd41c1ef-23456247935296","trial_id":17,"param_name":"lr","param_value_internal":1.1120597975683565e-07,"distribution":"{\"name\": \"FloatDistribution\", \"attributes\": {\"step\": null, \"low\": 1e-08, \"high\": 0.5, \"log\": true}}"}
{"op_code":5,"worker_id":"070636c4-a41b-44c9-8426-7624fd41c1ef-23456247935296","trial_id":17,"param_name":"ratio","param_value_internal":2.164314117399722,"distribution":"{\"name\": \"FloatDistribution\", \"attributes\": {\"step\": null, \"low\": 0.1, \"high\": 100.0, \"log\": true}}"}
{"op_code":6,"worker_id":"ff941fec-0d1c-4a4c-8461-5b31d4abb5ef-23456247935296","trial_id":16,"state":1,"values":[-40.31180803895156],"datetime_complete":"2026-07-24T11:15:02.393811"}
{"op_code":6,"worker_id":"070636c4-a41b-44c9-8426-7624fd41c1ef-23456247935296","trial_id":17,"state":1,"values":[-40.31177129734502],"datetime_complete":"2026-07-24T11:18:31.459565"}
{"op_code":0,"worker_id":"abe200ff-8b2f-4472-b963-19b5fa6ab810-23456247935296","study_name":"peter_book_k1","directions":[2]}
{"op_code":4,"worker_id":"abe200ff-8b2f-4472-b963-19b5fa6ab810-23456247935296","study_id":0,"datetime_start":"2026-07-24T11:18:46.201236"}
{"op_code":9,"worker_id":"abe200ff-8b2f-4472-b963-19b5fa6ab810-23456247935296","trial_id":18,"system_attr":{"tpe:relative_params:0":"{\"lr\": 0.2999548480693269, \"ratio\": 8.726866265876534}"}}
{"op_code":5,"worker_id":"abe200ff-8b2f-4472-b963-19b5fa6ab810-23456247935296","trial_id":18,"param_name":"lr","param_value_internal":0.2999548480693269,"distribution":"{\"name\": \"FloatDistribution\", \"attributes\": {\"step\": null, \"low\": 1e-08, \"high\": 0.5, \"log\": true}}"}
{"op_code":5,"worker_id":"abe200ff-8b2f-4472-b963-19b5fa6ab810-23456247935296","trial_id":18,"param_name":"ratio","param_value_internal":8.726866265876534,"distribution":"{\"name\": \"FloatDistribution\", \"attributes\": {\"step\": null, \"low\": 0.1, \"high\": 100.0, \"log\": true}}"}
{"op_code":6,"worker_id":"abe200ff-8b2f-4472-b963-19b5fa6ab810-23456247935296","trial_id":18,"state":3,"values":null,"datetime_complete":"2026-07-24T11:19:11.952386"}
{"op_code":0,"worker_id":"c690b643-12d2-45ea-b4c7-03e24df3b74d-23456247935296","study_name":"peter_book_k1","directions":[2]}
{"op_code":4,"worker_id":"c690b643-12d2-45ea-b4c7-03e24df3b74d-23456247935296","study_id":0,"datetime_start":"2026-07-24T11:22:43.189135"}
{"op_code":9,"worker_id":"c690b643-12d2-45ea-b4c7-03e24df3b74d-23456247935296","trial_id":19,"system_attr":{"tpe:relative_params:0":"{\"lr\": 2.405753008309148e-06, \"ratio\": 6.238407576821473}"}}
{"op_code":5,"worker_id":"c690b643-12d2-45ea-b4c7-03e24df3b74d-23456247935296","trial_id":19,"param_name":"lr","param_value_internal":2.405753008309148e-06,"distribution":"{\"name\": \"FloatDistribution\", \"attributes\": {\"step\": null, \"low\": 1e-08, \"high\": 0.5, \"log\": true}}"}
{"op_code":5,"worker_id":"c690b643-12d2-45ea-b4c7-03e24df3b74d-23456247935296","trial_id":19,"param_name":"ratio","param_value_internal":6.238407576821473,"distribution":"{\"name\": \"FloatDistribution\", \"attributes\": {\"step\": null, \"low\": 0.1, \"high\": 100.0, \"log\": true}}"}
{"op_code":0,"worker_id":"4d672ccc-3d61-4de1-8952-80f3ea8b33a2-23456247935296","study_name":"peter_book_k1","directions":[2]}
{"op_code":4,"worker_id":"4d672ccc-3d61-4de1-8952-80f3ea8b33a2-23456247935296","study_id":0,"datetime_start":"2026-07-24T11:26:28.951615"}
{"op_code":9,"worker_id":"4d672ccc-3d61-4de1-8952-80f3ea8b33a2-23456247935296","trial_id":20,"system_attr":{"tpe:relative_params:0":"{\"lr\": 0.00019131431539641771, \"ratio\": 1.165829688994867}"}}
{"op_code":5,"worker_id":"4d672ccc-3d61-4de1-8952-80f3ea8b33a2-23456247935296","trial_id":20,"param_name":"lr","param_value_internal":0.00019131431539641771,"distribution":"{\"name\": \"FloatDistribution\", \"attributes\": {\"step\": null, \"low\": 1e-08, \"high\": 0.5, \"log\": true}}"}
{"op_code":5,"worker_id":"4d672ccc-3d61-4de1-8952-80f3ea8b33a2-23456247935296","trial_id":20,"param_name":"ratio","param_value_internal":1.165829688994867,"distribution":"{\"name\": \"FloatDistribution\", \"attributes\": {\"step\": null, \"low\": 0.1, \"high\": 100.0, \"log\": true}}"}
{"op_code":6,"worker_id":"c690b643-12d2-45ea-b4c7-03e24df3b74d-23456247935296","trial_id":19,"state":1,"values":[-40.25516478415818],"datetime_complete":"2026-07-24T11:27:34.294009"}
{"op_code":0,"worker_id":"3934cae7-5184-4967-8955-d7f3a0876092-23456247935296","study_name":"peter_book_k1","directions":[2]}
{"op_code":4,"worker_id":"3934cae7-5184-4967-8955-d7f3a0876092-23456247935296","study_id":0,"datetime_start":"2026-07-24T11:30:35.609940"}
{"op_code":9,"worker_id":"3934cae7-5184-4967-8955-d7f3a0876092-23456247935296","trial_id":21,"system_attr":{"tpe:relative_params:0":"{\"lr\": 0.2675841448653456, \"ratio\": 12.056518623041976}"}}
{"op_code":5,"worker_id":"3934cae7-5184-4967-8955-d7f3a0876092-23456247935296","trial_id":21,"param_name":"lr","param_value_internal":0.2675841448653456,"distribution":"{\"name\": \"FloatDistribution\", \"attributes\": {\"step\": null, \"low\": 1e-08, \"high\": 0.5, \"log\": true}}"}
{"op_code":5,"worker_id":"3934cae7-5184-4967-8955-d7f3a0876092-23456247935296","trial_id":21,"param_name":"ratio","param_value_internal":12.056518623041976,"distribution":"{\"name\": \"FloatDistribution\", \"attributes\": {\"step\": null, \"low\": 0.1, \"high\": 100.0, \"log\": true}}"}
{"op_code":6,"worker_id":"3934cae7-5184-4967-8955-d7f3a0876092-23456247935296","trial_id":21,"state":3,"values":null,"datetime_complete":"2026-07-24T11:31:06.306429"}
{"op_code":6,"worker_id":"4d672ccc-3d61-4de1-8952-80f3ea8b33a2-23456247935296","trial_id":20,"state":1,"values":[-39.73476428247895],"datetime_complete":"2026-07-24T11:31:19.347981"}
{"op_code":0,"worker_id":"cfdbd809-7f2c-476f-9189-c27af6720a67-23456247935296","study_name":"peter_book_k1","directions":[2]}
{"op_code":4,"worker_id":"cfdbd809-7f2c-476f-9189-c27af6720a67-23456247935296","study_id":0,"datetime_start":"2026-07-24T11:35:57.416057"}
{"op_code":9,"worker_id":"cfdbd809-7f2c-476f-9189-c27af6720a67-23456247935296","trial_id":22,"system_attr":{"tpe:relative_params:0":"{\"lr\": 0.11952059729707612, \"ratio\": 4.625721300311842}"}}
{"op_code":5,"worker_id":"cfdbd809-7f2c-476f-9189-c27af6720a67-23456247935296","trial_id":22,"param_name":"lr","param_value_internal":0.11952059729707612,"distribution":"{\"name\": \"FloatDistribution\", \"attributes\": {\"step\": null, \"low\": 1e-08, \"high\": 0.5, \"log\": true}}"}
{"op_code":5,"worker_id":"cfdbd809-7f2c-476f-9189-c27af6720a67-23456247935296","trial_id":22,"param_name":"ratio","param_value_internal":4.625721300311842,"distribution":"{\"name\": \"FloatDistribution\", \"attributes\": {\"step\": null, \"low\": 0.1, \"high\": 100.0, \"log\": true}}"}
{"op_code":6,"worker_id":"cfdbd809-7f2c-476f-9189-c27af6720a67-23456247935296","trial_id":22,"state":3,"values":null,"datetime_complete":"2026-07-24T11:36:36.317009"}
{"op_code":0,"worker_id":"8f0beac4-c073-4223-aa0c-6c34fb40b461-23456247935296","study_name":"peter_book_k1","directions":[2]}
{"op_code":4,"worker_id":"8f0beac4-c073-4223-aa0c-6c34fb40b461-23456247935296","study_id":0,"datetime_start":"2026-07-24T11:39:57.253336"}
{"op_code":9,"worker_id":"8f0beac4-c073-4223-aa0c-6c34fb40b461-23456247935296","trial_id":23,"system_attr":{"tpe:relative_params:0":"{\"lr\": 0.00019401488721037714, \"ratio\": 51.96300408784731}"}}
{"op_code":5,"worker_id":"8f0beac4-c073-4223-aa0c-6c34fb40b461-23456247935296","trial_id":23,"param_name":"lr","param_value_internal":0.00019401488721037714,"distribution":"{\"name\": \"FloatDistribution\", \"attributes\": {\"step\": null, \"low\": 1e-08, \"high\": 0.5, \"log\": true}}"}
{"op_code":5,"worker_id":"8f0beac4-c073-4223-aa0c-6c34fb40b461-23456247935296","trial_id":23,"param_name":"ratio","param_value_internal":51.96300408784731,"distribution":"{\"name\": \"FloatDistribution\", \"attributes\": {\"step\": null, \"low\": 0.1, \"high\": 100.0, \"log\": true}}"}
{"op_code":0,"worker_id":"0d2c4976-61fd-4ade-9d43-ccd416b99268-23456247935296","study_name":"peter_book_k1","directions":[2]}
{"op_code":4,"worker_id":"0d2c4976-61fd-4ade-9d43-ccd416b99268-23456247935296","study_id":0,"datetime_start":"2026-07-24T11:43:34.085926"}
{"op_code":9,"worker_id":"0d2c4976-61fd-4ade-9d43-ccd416b99268-23456247935296","trial_id":24,"system_attr":{"tpe:relative_params:0":"{\"lr\": 0.15395099480047247, \"ratio\": 1.8940254142417547}"}}
{"op_code":5,"worker_id":"0d2c4976-61fd-4ade-9d43-ccd416b99268-23456247935296","trial_id":24,"param_name":"lr","param_value_internal":0.15395099480047247,"distribution":"{\"name\": \"FloatDistribution\", \"attributes\": {\"step\": null, \"low\": 1e-08, \"high\": 0.5, \"log\": true}}"}
{"op_code":5,"worker_id":"0d2c4976-61fd-4ade-9d43-ccd416b99268-23456247935296","trial_id":24,"param_name":"ratio","param_value_internal":1.8940254142417547,"distribution":"{\"name\": \"FloatDistribution\", \"attributes\": {\"step\": null, \"low\": 0.1, \"high\": 100.0, \"log\": true}}"}
{"op_code":6,"worker_id":"0d2c4976-61fd-4ade-9d43-ccd416b99268-23456247935296","trial_id":24,"state":3,"values":null,"datetime_complete":"2026-07-24T11:44:03.746488"}
{"op_code":6,"worker_id":"8f0beac4-c073-4223-aa0c-6c34fb40b461-23456247935296","trial_id":23,"state":1,"values":[-40.09140907242177],"datetime_complete":"2026-07-24T11:44:36.132827"}
{"op_code":0,"worker_id":"d2949ba8-e76a-4525-a77d-b5d7d1b195e7-23456247935296","study_name":"peter_book_k1","directions":[2]}
{"op_code":4,"worker_id":"d2949ba8-e76a-4525-a77d-b5d7d1b195e7-23456247935296","study_id":0,"datetime_start":"2026-07-24T11:46:47.335771"}
{"op_code":9,"worker_id":"d2949ba8-e76a-4525-a77d-b5d7d1b195e7-23456247935296","trial_id":25,"system_attr":{"tpe:relative_params:0":"{\"lr\": 0.287717385412165, \"ratio\": 9.746878007277742}"}}
{"op_code":5,"worker_id":"d2949ba8-e76a-4525-a77d-b5d7d1b195e7-23456247935296","trial_id":25,"param_name":"lr","param_value_internal":0.287717385412165,"distribution":"{\"name\": \"FloatDistribution\", \"attributes\": {\"step\": null, \"low\": 1e-08, \"high\": 0.5, \"log\": true}}"}
{"op_code":5,"worker_id":"d2949ba8-e76a-4525-a77d-b5d7d1b195e7-23456247935296","trial_id":25,"param_name":"ratio","param_value_internal":9.746878007277742,"distribution":"{\"name\": \"FloatDistribution\", \"attributes\": {\"step\": null, \"low\": 0.1, \"high\": 100.0, \"log\": true}}"}
{"op_code":6,"worker_id":"d2949ba8-e76a-4525-a77d-b5d7d1b195e7-23456247935296","trial_id":25,"state":3,"values":null,"datetime_complete":"2026-07-24T11:47:10.219842"}
{"op_code":0,"worker_id":"0baeccb7-88df-4bc6-b6de-48074b928725-23456247935296","study_name":"peter_book_k1","directions":[2]}
{"op_code":4,"worker_id":"0baeccb7-88df-4bc6-b6de-48074b928725-23456247935296","study_id":0,"datetime_start":"2026-07-24T11:50:44.537083"}
{"op_code":9,"worker_id":"0baeccb7-88df-4bc6-b6de-48074b928725-23456247935296","trial_id":26,"system_attr":{"tpe:relative_params:0":"{\"lr\": 0.12474557738848446, \"ratio\": 1.3159344340920494}"}}
{"op_code":5,"worker_id":"0baeccb7-88df-4bc6-b6de-48074b928725-23456247935296","trial_id":26,"param_name":"lr","param_value_internal":0.12474557738848446,"distribution":"{\"name\": \"FloatDistribution\", \"attributes\": {\"step\": null, \"low\": 1e-08, \"high\": 0.5, \"log\": true}}"}
{"op_code":5,"worker_id":"0baeccb7-88df-4bc6-b6de-48074b928725-23456247935296","trial_id":26,"param_name":"ratio","param_value_internal":1.3159344340920494,"distribution":"{\"name\": \"FloatDistribution\", \"attributes\": {\"step\": null, \"low\": 0.1, \"high\": 100.0, \"log\": true}}"}
{"op_code":6,"worker_id":"0baeccb7-88df-4bc6-b6de-48074b928725-23456247935296","trial_id":26,"state":3,"values":null,"datetime_complete":"2026-07-24T11:51:15.441109"}
{"op_code":0,"worker_id":"73dac16f-d942-4659-be1d-d0aa28d57199-23456247935296","study_name":"peter_book_k1","directions":[2]}
{"op_code":4,"worker_id":"73dac16f-d942-4659-be1d-d0aa28d57199-23456247935296","study_id":0,"datetime_start":"2026-07-24T11:53:48.859346"}
{"op_code":9,"worker_id":"73dac16f-d942-4659-be1d-d0aa28d57199-23456247935296","trial_id":27,"system_attr":{"tpe:relative_params:0":"{\"lr\": 0.006786051946496717, \"ratio\": 0.9629915663899686}"}}
{"op_code":5,"worker_id":"73dac16f-d942-4659-be1d-d0aa28d57199-23456247935296","trial_id":27,"param_name":"lr","param_value_internal":0.006786051946496717,"distribution":"{\"name\": \"FloatDistribution\", \"attributes\": {\"step\": null, \"low\": 1e-08, \"high\": 0.5, \"log\": true}}"}
{"op_code":5,"worker_id":"73dac16f-d942-4659-be1d-d0aa28d57199-23456247935296","trial_id":27,"param_name":"ratio","param_value_internal":0.9629915663899686,"distribution":"{\"name\": \"FloatDistribution\", \"attributes\": {\"step\": null, \"low\": 0.1, \"high\": 100.0, \"log\": true}}"}
{"op_code":0,"worker_id":"f40e69fb-4f27-4512-a85c-af87267ebaa2-23456247935296","study_name":"peter_book_k1","directions":[2]}
{"op_code":4,"worker_id":"f40e69fb-4f27-4512-a85c-af87267ebaa2-23456247935296","study_id":0,"datetime_start":"2026-07-24T11:57:23.663496"}
{"op_code":9,"worker_id":"f40e69fb-4f27-4512-a85c-af87267ebaa2-23456247935296","trial_id":28,"system_attr":{"tpe:relative_params:0":"{\"lr\": 2.8762562077889027e-08, \"ratio\": 12.731284771346706}"}}
{"op_code":5,"worker_id":"f40e69fb-4f27-4512-a85c-af87267ebaa2-23456247935296","trial_id":28,"param_name":"lr","param_value_internal":2.8762562077889027e-08,"distribution":"{\"name\": \"FloatDistribution\", \"attributes\": {\"step\": null, \"low\": 1e-08, \"high\": 0.5, \"log\": true}}"}
{"op_code":5,"worker_id":"f40e69fb-4f27-4512-a85c-af87267ebaa2-23456247935296","trial_id":28,"param_name":"ratio","param_value_internal":12.731284771346706,"distribution":"{\"name\": \"FloatDistribution\", \"attributes\": {\"step\": null, \"low\": 0.1, \"high\": 100.0, \"log\": true}}"}
{"op_code":6,"worker_id":"73dac16f-d942-4659-be1d-d0aa28d57199-23456247935296","trial_id":27,"state":1,"values":[-40.6759023010813],"datetime_complete":"2026-07-24T11:58:43.737096"}
{"op_code":0,"worker_id":"755b06a1-b12d-4eca-a40d-b49d062cf89f-23456247935296","study_name":"peter_book_k1","directions":[2]}
{"op_code":4,"worker_id":"755b06a1-b12d-4eca-a40d-b49d062cf89f-23456247935296","study_id":0,"datetime_start":"2026-07-24T12:01:04.016525"}
{"op_code":9,"worker_id":"755b06a1-b12d-4eca-a40d-b49d062cf89f-23456247935296","trial_id":29,"system_attr":{"tpe:relative_params:0":"{\"lr\": 0.14621177378207667, \"ratio\": 38.55024929978777}"}}
{"op_code":5,"worker_id":"755b06a1-b12d-4eca-a40d-b49d062cf89f-23456247935296","trial_id":29,"param_name":"lr","param_value_internal":0.14621177378207667,"distribution":"{\"name\": \"FloatDistribution\", \"attributes\": {\"step\": null, \"low\": 1e-08, \"high\": 0.5, \"log\": true}}"}
{"op_code":5,"worker_id":"755b06a1-b12d-4eca-a40d-b49d062cf89f-23456247935296","trial_id":29,"param_name":"ratio","param_value_internal":38.55024929978777,"distribution":"{\"name\": \"FloatDistribution\", \"attributes\": {\"step\": null, \"low\": 0.1, \"high\": 100.0, \"log\": true}}"}
{"op_code":6,"worker_id":"755b06a1-b12d-4eca-a40d-b49d062cf89f-23456247935296","trial_id":29,"state":3,"values":null,"datetime_complete":"2026-07-24T12:01:32.807353"}
{"op_code":6,"worker_id":"f40e69fb-4f27-4512-a85c-af87267ebaa2-23456247935296","trial_id":28,"state":1,"values":[-40.31180670834327],"datetime_complete":"2026-07-24T12:02:08.988801"}
{"op_code":0,"worker_id":"a0b10c1b-a610-4fb5-9c4b-047c52848248-23456247935296","study_name":"peter_book_k1","directions":[2]}
{"op_code":4,"worker_id":"a0b10c1b-a610-4fb5-9c4b-047c52848248-23456247935296","study_id":0,"datetime_start":"2026-07-24T12:05:14.936986"}
{"op_code":9,"worker_id":"a0b10c1b-a610-4fb5-9c4b-047c52848248-23456247935296","trial_id":30,"system_attr":{"tpe:relative_params:0":"{\"lr\": 0.30907350875589507, \"ratio\": 0.10907558044686734}"}}
{"op_code":5,"worker_id":"a0b10c1b-a610-4fb5-9c4b-047c52848248-23456247935296","trial_id":30,"param_name":"lr","param_value_internal":0.30907350875589507,"distribution":"{\"name\": \"FloatDistribution\", \"attributes\": {\"step\": null, \"low\": 1e-08, \"high\": 0.5, \"log\": true}}"}
{"op_code":5,"worker_id":"a0b10c1b-a610-4fb5-9c4b-047c52848248-23456247935296","trial_id":30,"param_name":"ratio","param_value_internal":0.10907558044686734,"distribution":"{\"name\": \"FloatDistribution\", \"attributes\": {\"step\": null, \"low\": 0.1, \"high\": 100.0, \"log\": true}}"}
{"op_code":6,"worker_id":"a0b10c1b-a610-4fb5-9c4b-047c52848248-23456247935296","trial_id":30,"state":3,"values":null,"datetime_complete":"2026-07-24T12:05:43.962096"}
{"op_code":0,"worker_id":"e4489286-21d5-44b2-a4b9-4cd7cacfff0a-23456247935296","study_name":"peter_book_k1","directions":[2]}
{"op_code":4,"worker_id":"e4489286-21d5-44b2-a4b9-4cd7cacfff0a-23456247935296","study_id":0,"datetime_start":"2026-07-24T12:08:29.843088"}
{"op_code":9,"worker_id":"e4489286-21d5-44b2-a4b9-4cd7cacfff0a-23456247935296","trial_id":31,"system_attr":{"tpe:relative_params:0":"{\"lr\": 1.27626392619762e-05, \"ratio\": 2.6523362760939353}"}}
{"op_code":5,"worker_id":"e4489286-21d5-44b2-a4b9-4cd7cacfff0a-23456247935296","trial_id":31,"param_name":"lr","param_value_internal":1.27626392619762e-05,"distribution":"{\"name\": \"FloatDistribution\", \"attributes\": {\"step\": null, \"low\": 1e-08, \"high\": 0.5, \"log\": true}}"}
{"op_code":5,"worker_id":"e4489286-21d5-44b2-a4b9-4cd7cacfff0a-23456247935296","trial_id":31,"param_name":"ratio","param_value_internal":2.6523362760939353,"distribution":"{\"name\": \"FloatDistribution\", \"attributes\": {\"step\": null, \"low\": 0.1, \"high\": 100.0, \"log\": true}}"}
{"op_code":0,"worker_id":"b54a7e0a-7aac-48ad-890b-170c37eca759-23456247935296","study_name":"peter_book_k1","directions":[2]}
{"op_code":4,"worker_id":"b54a7e0a-7aac-48ad-890b-170c37eca759-23456247935296","study_id":0,"datetime_start":"2026-07-24T12:12:29.224053"}
{"op_code":9,"worker_id":"b54a7e0a-7aac-48ad-890b-170c37eca759-23456247935296","trial_id":32,"system_attr":{"tpe:relative_params:0":"{\"lr\": 5.383554428903918e-06, \"ratio\": 67.25746695034633}"}}
{"op_code":5,"worker_id":"b54a7e0a-7aac-48ad-890b-170c37eca759-23456247935296","trial_id":32,"param_name":"lr","param_value_internal":5.383554428903918e-06,"distribution":"{\"name\": \"FloatDistribution\", \"attributes\": {\"step\": null, \"low\": 1e-08, \"high\": 0.5, \"log\": true}}"}
{"op_code":5,"worker_id":"b54a7e0a-7aac-48ad-890b-170c37eca759-23456247935296","trial_id":32,"param_name":"ratio","param_value_internal":67.25746695034633,"distribution":"{\"name\": \"FloatDistribution\", \"attributes\": {\"step\": null, \"low\": 0.1, \"high\": 100.0, \"log\": true}}"}
{"op_code":6,"worker_id":"e4489286-21d5-44b2-a4b9-4cd7cacfff0a-23456247935296","trial_id":31,"state":1,"values":[-39.94067864317036],"datetime_complete":"2026-07-24T12:13:41.666774"}
{"op_code":0,"worker_id":"8132d730-f53f-41ad-bae6-5113bf3cd453-23456247935296","study_name":"peter_book_k1","directions":[2]}
{"op_code":4,"worker_id":"8132d730-f53f-41ad-bae6-5113bf3cd453-23456247935296","study_id":0,"datetime_start":"2026-07-24T12:16:44.292155"}
{"op_code":9,"worker_id":"8132d730-f53f-41ad-bae6-5113bf3cd453-23456247935296","trial_id":33,"system_attr":{"tpe:relative_params:0":"{\"lr\": 0.059699728894881766, \"ratio\": 2.125558249183605}"}}
{"op_code":5,"worker_id":"8132d730-f53f-41ad-bae6-5113bf3cd453-23456247935296","trial_id":33,"param_name":"lr","param_value_internal":0.059699728894881766,"distribution":"{\"name\": \"FloatDistribution\", \"attributes\": {\"step\": null, \"low\": 1e-08, \"high\": 0.5, \"log\": true}}"}
{"op_code":5,"worker_id":"8132d730-f53f-41ad-bae6-5113bf3cd453-23456247935296","trial_id":33,"param_name":"ratio","param_value_internal":2.125558249183605,"distribution":"{\"name\": \"FloatDistribution\", \"attributes\": {\"step\": null, \"low\": 0.1, \"high\": 100.0, \"log\": true}}"}
{"op_code":6,"worker_id":"b54a7e0a-7aac-48ad-890b-170c37eca759-23456247935296","trial_id":32,"state":1,"values":[-39.76138452463626],"datetime_complete":"2026-07-24T12:17:38.856586"}
{"op_code":6,"worker_id":"8132d730-f53f-41ad-bae6-5113bf3cd453-23456247935296","trial_id":33,"state":3,"values":null,"datetime_complete":"2026-07-24T12:18:43.775477"}
{"op_code":0,"worker_id":"925e17ba-49c1-486b-8063-95f11c5cb358-23456247935296","study_name":"peter_book_k1","directions":[2]}
{"op_code":4,"worker_id":"925e17ba-49c1-486b-8063-95f11c5cb358-23456247935296","study_id":0,"datetime_start":"2026-07-24T12:20:03.187763"}
{"op_code":9,"worker_id":"925e17ba-49c1-486b-8063-95f11c5cb358-23456247935296","trial_id":34,"system_attr":{"tpe:relative_params:0":"{\"lr\": 0.2306074973665046, \"ratio\": 15.064972403395327}"}}
{"op_code":5,"worker_id":"925e17ba-49c1-486b-8063-95f11c5cb358-23456247935296","trial_id":34,"param_name":"lr","param_value_internal":0.2306074973665046,"distribution":"{\"name\": \"FloatDistribution\", \"attributes\": {\"step\": null, \"low\": 1e-08, \"high\": 0.5, \"log\": true}}"}
{"op_code":5,"worker_id":"925e17ba-49c1-486b-8063-95f11c5cb358-23456247935296","trial_id":34,"param_name":"ratio","param_value_internal":15.064972403395327,"distribution":"{\"name\": \"FloatDistribution\", \"attributes\": {\"step\": null, \"low\": 0.1, \"high\": 100.0, \"log\": true}}"}
{"op_code":6,"worker_id":"925e17ba-49c1-486b-8063-95f11c5cb358-23456247935296","trial_id":34,"state":3,"values":null,"datetime_complete":"2026-07-24T12:20:33.171778"}
{"op_code":0,"worker_id":"5a98dba6-0561-4c22-920b-045b5adf9ea6-23456247935296","study_name":"peter_book_k1","directions":[2]}
{"op_code":4,"worker_id":"5a98dba6-0561-4c22-920b-045b5adf9ea6-23456247935296","study_id":0,"datetime_start":"2026-07-24T12:24:42.691967"}
{"op_code":9,"worker_id":"5a98dba6-0561-4c22-920b-045b5adf9ea6-23456247935296","trial_id":35,"system_attr":{"tpe:relative_params:0":"{\"lr\": 0.061987082808256086, \"ratio\": 0.9022606054110481}"}}
{"op_code":5,"worker_id":"5a98dba6-0561-4c22-920b-045b5adf9ea6-23456247935296","trial_id":35,"param_name":"lr","param_value_internal":0.061987082808256086,"distribution":"{\"name\": \"FloatDistribution\", \"attributes\": {\"step\": null, \"low\": 1e-08, \"high\": 0.5, \"log\": true}}"}
{"op_code":5,"worker_id":"5a98dba6-0561-4c22-920b-045b5adf9ea6-23456247935296","trial_id":35,"param_name":"ratio","param_value_internal":0.9022606054110481,"distribution":"{\"name\": \"FloatDistribution\", \"attributes\": {\"step\": null, \"low\": 0.1, \"high\": 100.0, \"log\": true}}"}
{"op_code":6,"worker_id":"5a98dba6-0561-4c22-920b-045b5adf9ea6-23456247935296","trial_id":35,"state":3,"values":null,"datetime_complete":"2026-07-24T12:25:46.487274"}
{"op_code":0,"worker_id":"9ec31ccc-9a72-458a-8bab-0b6c9511b512-23456247935296","study_name":"peter_book_k1","directions":[2]}
{"op_code":4,"worker_id":"9ec31ccc-9a72-458a-8bab-0b6c9511b512-23456247935296","study_id":0,"datetime_start":"2026-07-24T12:30:19.030494"}
{"op_code":9,"worker_id":"9ec31ccc-9a72-458a-8bab-0b6c9511b512-23456247935296","trial_id":36,"system_attr":{"tpe:relative_params:0":"{\"lr\": 0.26860924720313106, \"ratio\": 1.978169030691898}"}}
{"op_code":5,"worker_id":"9ec31ccc-9a72-458a-8bab-0b6c9511b512-23456247935296","trial_id":36,"param_name":"lr","param_value_internal":0.26860924720313106,"distribution":"{\"name\": \"FloatDistribution\", \"attributes\": {\"step\": null, \"low\": 1e-08, \"high\": 0.5, \"log\": true}}"}
{"op_code":5,"worker_id":"9ec31ccc-9a72-458a-8bab-0b6c9511b512-23456247935296","trial_id":36,"param_name":"ratio","param_value_internal":1.978169030691898,"distribution":"{\"name\": \"FloatDistribution\", \"attributes\": {\"step\": null, \"low\": 0.1, \"high\": 100.0, \"log\": true}}"}
{"op_code":6,"worker_id":"9ec31ccc-9a72-458a-8bab-0b6c9511b512-23456247935296","trial_id":36,"state":3,"values":null,"datetime_complete":"2026-07-24T12:30:54.868763"}
{"op_code":0,"worker_id":"68bd1d7d-d8b9-495b-94b4-e6184c5567a3-23456247935296","study_name":"peter_book_k1","directions":[2]}
{"op_code":4,"worker_id":"68bd1d7d-d8b9-495b-94b4-e6184c5567a3-23456247935296","study_id":0,"datetime_start":"2026-07-24T12:34:27.913078"}
{"op_code":9,"worker_id":"68bd1d7d-d8b9-495b-94b4-e6184c5567a3-23456247935296","trial_id":37,"system_attr":{"tpe:relative_params:0":"{\"lr\": 0.32426270894718273, \"ratio\": 21.47528157708329}"}}
{"op_code":5,"worker_id":"68bd1d7d-d8b9-495b-94b4-e6184c5567a3-23456247935296","trial_id":37,"param_name":"lr","param_value_internal":0.32426270894718273,"distribution":"{\"name\": \"FloatDistribution\", \"attributes\": {\"step\": null, \"low\": 1e-08, \"high\": 0.5, \"log\": true}}"}
{"op_code":5,"worker_id":"68bd1d7d-d8b9-495b-94b4-e6184c5567a3-23456247935296","trial_id":37,"param_name":"ratio","param_value_internal":21.47528157708329,"distribution":"{\"name\": \"FloatDistribution\", \"attributes\": {\"step\": null, \"low\": 0.1, \"high\": 100.0, \"log\": true}}"}
{"op_code":6,"worker_id":"68bd1d7d-d8b9-495b-94b4-e6184c5567a3-23456247935296","trial_id":37,"state":3,"values":null,"datetime_complete":"2026-07-24T12:34:52.706063"}
{"op_code":0,"worker_id":"4cb41990-1aa3-46d2-9145-6a798bc7fb6d-23456247935296","study_name":"peter_book_k1","directions":[2]}
{"op_code":4,"worker_id":"4cb41990-1aa3-46d2-9145-6a798bc7fb6d-23456247935296","study_id":0,"datetime_start":"2026-07-24T12:38:57.803031"}
{"op_code":9,"worker_id":"4cb41990-1aa3-46d2-9145-6a798bc7fb6d-23456247935296","trial_id":38,"system_attr":{"tpe:relative_params:0":"{\"lr\": 0.06454879742664173, \"ratio\": 8.14701856113768}"}}
{"op_code":5,"worker_id":"4cb41990-1aa3-46d2-9145-6a798bc7fb6d-23456247935296","trial_id":38,"param_name":"lr","param_value_internal":0.06454879742664173,"distribution":"{\"name\": \"FloatDistribution\", \"attributes\": {\"step\": null, \"low\": 1e-08, \"high\": 0.5, \"log\": true}}"}
{"op_code":5,"worker_id":"4cb41990-1aa3-46d2-9145-6a798bc7fb6d-23456247935296","trial_id":38,"param_name":"ratio","param_value_internal":8.14701856113768,"distribution":"{\"name\": \"FloatDistribution\", \"attributes\": {\"step\": null, \"low\": 0.1, \"high\": 100.0, \"log\": true}}"}
{"op_code":6,"worker_id":"4cb41990-1aa3-46d2-9145-6a798bc7fb6d-23456247935296","trial_id":38,"state":3,"values":null,"datetime_complete":"2026-07-24T12:39:40.934737"}
{"op_code":0,"worker_id":"4e87c9e4-3368-4f05-9c39-cf5b632a10bd-23456247935296","study_name":"peter_book_k1","directions":[2]}
{"op_code":4,"worker_id":"4e87c9e4-3368-4f05-9c39-cf5b632a10bd-23456247935296","study_id":0,"datetime_start":"2026-07-24T12:44:12.444275"}
{"op_code":9,"worker_id":"4e87c9e4-3368-4f05-9c39-cf5b632a10bd-23456247935296","trial_id":39,"system_attr":{"tpe:relative_params:0":"{\"lr\": 0.09184835108270618, \"ratio\": 3.883725387241808}"}}
{"op_code":5,"worker_id":"4e87c9e4-3368-4f05-9c39-cf5b632a10bd-23456247935296","trial_id":39,"param_name":"lr","param_value_internal":0.09184835108270618,"distribution":"{\"name\": \"FloatDistribution\", \"attributes\": {\"step\": null, \"low\": 1e-08, \"high\": 0.5, \"log\": true}}"}
{"op_code":5,"worker_id":"4e87c9e4-3368-4f05-9c39-cf5b632a10bd-23456247935296","trial_id":39,"param_name":"ratio","param_value_internal":3.883725387241808,"distribution":"{\"name\": \"FloatDistribution\", \"attributes\": {\"step\": null, \"low\": 0.1, \"high\": 100.0, \"log\": true}}"}
{"op_code":6,"worker_id":"4e87c9e4-3368-4f05-9c39-cf5b632a10bd-23456247935296","trial_id":39,"state":3,"values":null,"datetime_complete":"2026-07-24T12:44:49.419600"}
{"op_code":0,"worker_id":"794767df-6459-4037-950c-3120ec9b8899-23456247935296","study_name":"peter_book_k1","directions":[2]}
{"op_code":4,"worker_id":"794767df-6459-4037-950c-3120ec9b8899-23456247935296","study_id":0,"datetime_start":"2026-07-24T12:49:00.369796"}
{"op_code":9,"worker_id":"794767df-6459-4037-950c-3120ec9b8899-23456247935296","trial_id":40,"system_attr":{"tpe:relative_params:0":"{\"lr\": 1.459641515277107e-08, \"ratio\": 87.17163533020836}"}}
{"op_code":5,"worker_id":"794767df-6459-4037-950c-3120ec9b8899-23456247935296","trial_id":40,"param_name":"lr","param_value_internal":1.459641515277107e-08,"distribution":"{\"name\": \"FloatDistribution\", \"attributes\": {\"step\": null, \"low\": 1e-08, \"high\": 0.5, \"log\": true}}"}
{"op_code":5,"worker_id":"794767df-6459-4037-950c-3120ec9b8899-23456247935296","trial_id":40,"param_name":"ratio","param_value_internal":87.17163533020836,"distribution":"{\"name\": \"FloatDistribution\", \"attributes\": {\"step\": null, \"low\": 0.1, \"high\": 100.0, \"log\": true}}"}
{"op_code":0,"worker_id":"6df10c0e-326b-4a4f-92e7-90a4e98e0847-23456247935296","study_name":"peter_book_k1","directions":[2]}
{"op_code":4,"worker_id":"6df10c0e-326b-4a4f-92e7-90a4e98e0847-23456247935296","study_id":0,"datetime_start":"2026-07-24T12:53:34.230568"}
{"op_code":9,"worker_id":"6df10c0e-326b-4a4f-92e7-90a4e98e0847-23456247935296","trial_id":41,"system_attr":{"tpe:relative_params:0":"{\"lr\": 0.19438113817366023, \"ratio\": 3.8427043701225845}"}}
{"op_code":5,"worker_id":"6df10c0e-326b-4a4f-92e7-90a4e98e0847-23456247935296","trial_id":41,"param_name":"lr","param_value_internal":0.19438113817366023,"distribution":"{\"name\": \"FloatDistribution\", \"attributes\": {\"step\": null, \"low\": 1e-08, \"high\": 0.5, \"log\": true}}"}
{"op_code":5,"worker_id":"6df10c0e-326b-4a4f-92e7-90a4e98e0847-23456247935296","trial_id":41,"param_name":"ratio","param_value_internal":3.8427043701225845,"distribution":"{\"name\": \"FloatDistribution\", \"attributes\": {\"step\": null, \"low\": 0.1, \"high\": 100.0, \"log\": true}}"}
{"op_code":6,"worker_id":"6df10c0e-326b-4a4f-92e7-90a4e98e0847-23456247935296","trial_id":41,"state":3,"values":null,"datetime_complete":"2026-07-24T12:54:02.885709"}
{"op_code":6,"worker_id":"794767df-6459-4037-950c-3120ec9b8899-23456247935296","trial_id":40,"state":1,"values":[-40.31179868339828],"datetime_complete":"2026-07-24T12:54:47.221186"}
{"op_code":0,"worker_id":"d45521e3-44a4-48b6-9457-c727d3f9413e-23456247935296","study_name":"peter_book_k1","directions":[2]}
{"op_code":4,"worker_id":"d45521e3-44a4-48b6-9457-c727d3f9413e-23456247935296","study_id":0,"datetime_start":"2026-07-24T12:58:02.584950"}
{"op_code":9,"worker_id":"d45521e3-44a4-48b6-9457-c727d3f9413e-23456247935296","trial_id":42,"system_attr":{"tpe:relative_params:0":"{\"lr\": 0.12330683628518475, \"ratio\": 11.22309680849677}"}}
{"op_code":5,"worker_id":"d45521e3-44a4-48b6-9457-c727d3f9413e-23456247935296","trial_id":42,"param_name":"lr","param_value_internal":0.12330683628518475,"distribution":"{\"name\": \"FloatDistribution\", \"attributes\": {\"step\": null, \"low\": 1e-08, \"high\": 0.5, \"log\": true}}"}
{"op_code":5,"worker_id":"d45521e3-44a4-48b6-9457-c727d3f9413e-23456247935296","trial_id":42,"param_name":"ratio","param_value_internal":11.22309680849677,"distribution":"{\"name\": \"FloatDistribution\", \"attributes\": {\"step\": null, \"low\": 0.1, \"high\": 100.0, \"log\": true}}"}
{"op_code":6,"worker_id":"d45521e3-44a4-48b6-9457-c727d3f9413e-23456247935296","trial_id":42,"state":3,"values":null,"datetime_complete":"2026-07-24T12:58:38.996883"}
{"op_code":0,"worker_id":"b75f144d-dc2a-4df5-b88e-f388a5b2cf9b-23456247935296","study_name":"peter_book_k1","directions":[2]}
{"op_code":4,"worker_id":"b75f144d-dc2a-4df5-b88e-f388a5b2cf9b-23456247935296","study_id":0,"datetime_start":"2026-07-24T13:02:01.916319"}
{"op_code":9,"worker_id":"b75f144d-dc2a-4df5-b88e-f388a5b2cf9b-23456247935296","trial_id":43,"system_attr":{"tpe:relative_params:0":"{\"lr\": 0.08393384561939068, \"ratio\": 39.532996040459764}"}}
{"op_code":5,"worker_id":"b75f144d-dc2a-4df5-b88e-f388a5b2cf9b-23456247935296","trial_id":43,"param_name":"lr","param_value_internal":0.08393384561939068,"distribution":"{\"name\": \"FloatDistribution\", \"attributes\": {\"step\": null, \"low\": 1e-08, \"high\": 0.5, \"log\": true}}"}
{"op_code":5,"worker_id":"b75f144d-dc2a-4df5-b88e-f388a5b2cf9b-23456247935296","trial_id":43,"param_name":"ratio","param_value_internal":39.532996040459764,"distribution":"{\"name\": \"FloatDistribution\", \"attributes\": {\"step\": null, \"low\": 0.1, \"high\": 100.0, \"log\": true}}"}
{"op_code":6,"worker_id":"b75f144d-dc2a-4df5-b88e-f388a5b2cf9b-23456247935296","trial_id":43,"state":3,"values":null,"datetime_complete":"2026-07-24T13:02:43.132371"}
{"op_code":0,"worker_id":"9c38457a-21f5-49b2-852c-a195e07e1604-23456247935296","study_name":"peter_book_k1","directions":[2]}
{"op_code":4,"worker_id":"9c38457a-21f5-49b2-852c-a195e07e1604-23456247935296","study_id":0,"datetime_start":"2026-07-24T13:06:28.926864"}
{"op_code":9,"worker_id":"9c38457a-21f5-49b2-852c-a195e07e1604-23456247935296","trial_id":44,"system_attr":{"tpe:relative_params:0":"{\"lr\": 0.22733376505506844, \"ratio\": 1.373490494330745}"}}
{"op_code":5,"worker_id":"9c38457a-21f5-49b2-852c-a195e07e1604-23456247935296","trial_id":44,"param_name":"lr","param_value_internal":0.22733376505506844,"distribution":"{\"name\": \"FloatDistribution\", \"attributes\": {\"step\": null, \"low\": 1e-08, \"high\": 0.5, \"log\": true}}"}
{"op_code":5,"worker_id":"9c38457a-21f5-49b2-852c-a195e07e1604-23456247935296","trial_id":44,"param_name":"ratio","param_value_internal":1.373490494330745,"distribution":"{\"name\": \"FloatDistribution\", \"attributes\": {\"step\": null, \"low\": 0.1, \"high\": 100.0, \"log\": true}}"}
{"op_code":6,"worker_id":"9c38457a-21f5-49b2-852c-a195e07e1604-23456247935296","trial_id":44,"state":3,"values":null,"datetime_complete":"2026-07-24T13:07:02.543979"}
{"op_code":0,"worker_id":"fe41df78-e570-4e62-9f16-5ca2790a7fb3-23456247935296","study_name":"peter_book_k1","directions":[2]}
{"op_code":4,"worker_id":"fe41df78-e570-4e62-9f16-5ca2790a7fb3-23456247935296","study_id":0,"datetime_start":"2026-07-24T13:11:00.863362"}
{"op_code":9,"worker_id":"fe41df78-e570-4e62-9f16-5ca2790a7fb3-23456247935296","trial_id":45,"system_attr":{"tpe:relative_params:0":"{\"lr\": 0.047392503896941156, \"ratio\": 1.232700897285567}"}}
{"op_code":5,"worker_id":"fe41df78-e570-4e62-9f16-5ca2790a7fb3-23456247935296","trial_id":45,"param_name":"lr","param_value_internal":0.047392503896941156,"distribution":"{\"name\": \"FloatDistribution\", \"attributes\": {\"step\": null, \"low\": 1e-08, \"high\": 0.5, \"log\": true}}"}
{"op_code":5,"worker_id":"fe41df78-e570-4e62-9f16-5ca2790a7fb3-23456247935296","trial_id":45,"param_name":"ratio","param_value_internal":1.232700897285567,"distribution":"{\"name\": \"FloatDistribution\", \"attributes\": {\"step\": null, \"low\": 0.1, \"high\": 100.0, \"log\": true}}"}
{"op_code":6,"worker_id":"fe41df78-e570-4e62-9f16-5ca2790a7fb3-23456247935296","trial_id":45,"state":3,"values":null,"datetime_complete":"2026-07-24T13:15:49.031125"}
{"op_code":0,"worker_id":"760b4755-0bbc-4060-a6ee-11e151746889-23456247935296","study_name":"peter_book_k1","directions":[2]}
{"op_code":4,"worker_id":"760b4755-0bbc-4060-a6ee-11e151746889-23456247935296","study_id":0,"datetime_start":"2026-07-24T13:15:59.381356"}
{"op_code":9,"worker_id":"760b4755-0bbc-4060-a6ee-11e151746889-23456247935296","trial_id":46,"system_attr":{"tpe:relative_params:0":"{\"lr\": 0.1941198323209717, \"ratio\": 2.134382567574719}"}}
{"op_code":5,"worker_id":"760b4755-0bbc-4060-a6ee-11e151746889-23456247935296","trial_id":46,"param_name":"lr","param_value_internal":0.1941198323209717,"distribution":"{\"name\": \"FloatDistribution\", \"attributes\": {\"step\": null, \"low\": 1e-08, \"high\": 0.5, \"log\": true}}"}
{"op_code":5,"worker_id":"760b4755-0bbc-4060-a6ee-11e151746889-23456247935296","trial_id":46,"param_name":"ratio","param_value_internal":2.134382567574719,"distribution":"{\"name\": \"FloatDistribution\", \"attributes\": {\"step\": null, \"low\": 0.1, \"high\": 100.0, \"log\": true}}"}
{"op_code":6,"worker_id":"760b4755-0bbc-4060-a6ee-11e151746889-23456247935296","trial_id":46,"state":3,"values":null,"datetime_complete":"2026-07-24T13:16:27.679704"}
{"op_code":0,"worker_id":"ac011221-e8e6-4d34-8c81-293c7451d898-23456247935296","study_name":"peter_book_k1","directions":[2]}
{"op_code":4,"worker_id":"ac011221-e8e6-4d34-8c81-293c7451d898-23456247935296","study_id":0,"datetime_start":"2026-07-24T13:19:27.212728"}
{"op_code":9,"worker_id":"ac011221-e8e6-4d34-8c81-293c7451d898-23456247935296","trial_id":47,"system_attr":{"tpe:relative_params:0":"{\"lr\": 0.25936251260856374, \"ratio\": 0.1176623298389267}"}}
{"op_code":5,"worker_id":"ac011221-e8e6-4d34-8c81-293c7451d898-23456247935296","trial_id":47,"param_name":"lr","param_value_internal":0.25936251260856374,"distribution":"{\"name\": \"FloatDistribution\", \"attributes\": {\"step\": null, \"low\": 1e-08, \"high\": 0.5, \"log\": true}}"}
{"op_code":5,"worker_id":"ac011221-e8e6-4d34-8c81-293c7451d898-23456247935296","trial_id":47,"param_name":"ratio","param_value_internal":0.1176623298389267,"distribution":"{\"name\": \"FloatDistribution\", \"attributes\": {\"step\": null, \"low\": 0.1, \"high\": 100.0, \"log\": true}}"}
{"op_code":6,"worker_id":"ac011221-e8e6-4d34-8c81-293c7451d898-23456247935296","trial_id":47,"state":3,"values":null,"datetime_complete":"2026-07-24T13:19:58.448669"}
{"op_code":0,"worker_id":"4a129e87-47a1-4e21-9d88-cc89d015a04c-23456247935296","study_name":"peter_book_k1","directions":[2]}
{"op_code":4,"worker_id":"4a129e87-47a1-4e21-9d88-cc89d015a04c-23456247935296","study_id":0,"datetime_start":"2026-07-24T13:22:29.625118"}
{"op_code":9,"worker_id":"4a129e87-47a1-4e21-9d88-cc89d015a04c-23456247935296","trial_id":48,"system_attr":{"tpe:relative_params:0":"{\"lr\": 0.4732575408146826, \"ratio\": 0.13379475409731906}"}}
{"op_code":5,"worker_id":"4a129e87-47a1-4e21-9d88-cc89d015a04c-23456247935296","trial_id":48,"param_name":"lr","param_value_internal":0.4732575408146826,"distribution":"{\"name\": \"FloatDistribution\", \"attributes\": {\"step\": null, \"low\": 1e-08, \"high\": 0.5, \"log\": true}}"}
{"op_code":5,"worker_id":"4a129e87-47a1-4e21-9d88-cc89d015a04c-23456247935296","trial_id":48,"param_name":"ratio","param_value_internal":0.13379475409731906,"distribution":"{\"name\": \"FloatDistribution\", \"attributes\": {\"step\": null, \"low\": 0.1, \"high\": 100.0, \"log\": true}}"}
{"op_code":6,"worker_id":"4a129e87-47a1-4e21-9d88-cc89d015a04c-23456247935296","trial_id":48,"state":3,"values":null,"datetime_complete":"2026-07-24T13:22:55.048398"}
{"op_code":0,"worker_id":"9de01001-85be-420f-933f-84bfebac5f83-23456247935296","study_name":"peter_book_k1","directions":[2]}
{"op_code":4,"worker_id":"9de01001-85be-420f-933f-84bfebac5f83-23456247935296","study_id":0,"datetime_start":"2026-07-24T13:25:11.163810"}
{"op_code":9,"worker_id":"9de01001-85be-420f-933f-84bfebac5f83-23456247935296","trial_id":49,"system_attr":{"tpe:relative_params:0":"{\"lr\": 0.31283745704836013, \"ratio\": 11.9614797939179}"}}
{"op_code":5,"worker_id":"9de01001-85be-420f-933f-84bfebac5f83-23456247935296","trial_id":49,"param_name":"lr","param_value_internal":0.31283745704836013,"distribution":"{\"name\": \"FloatDistribution\", \"attributes\": {\"step\": null, \"low\": 1e-08, \"high\": 0.5, \"log\": true}}"}
{"op_code":5,"worker_id":"9de01001-85be-420f-933f-84bfebac5f83-23456247935296","trial_id":49,"param_name":"ratio","param_value_internal":11.9614797939179,"distribution":"{\"name\": \"FloatDistribution\", \"attributes\": {\"step\": null, \"low\": 0.1, \"high\": 100.0, \"log\": true}}"}
{"op_code":6,"worker_id":"9de01001-85be-420f-933f-84bfebac5f83-23456247935296","trial_id":49,"state":3,"values":null,"datetime_complete":"2026-07-24T13:25:56.519831"}
{"op_code":0,"worker_id":"d46ecc9d-ead8-4cec-a784-6c524052dc45-23456247935296","study_name":"peter_book_k1","directions":[2]}
{"op_code":4,"worker_id":"d46ecc9d-ead8-4cec-a784-6c524052dc45-23456247935296","study_id":0,"datetime_start":"2026-07-24T13:28:43.239603"}
{"op_code":9,"worker_id":"d46ecc9d-ead8-4cec-a784-6c524052dc45-23456247935296","trial_id":50,"system_attr":{"tpe:relative_params:0":"{\"lr\": 0.45045860559382644, \"ratio\": 1.1390755111609732}"}}
{"op_code":5,"worker_id":"d46ecc9d-ead8-4cec-a784-6c524052dc45-23456247935296","trial_id":50,"param_name":"lr","param_value_internal":0.45045860559382644,"distribution":"{\"name\": \"FloatDistribution\", \"attributes\": {\"step\": null, \"low\": 1e-08, \"high\": 0.5, \"log\": true}}"}
{"op_code":5,"worker_id":"d46ecc9d-ead8-4cec-a784-6c524052dc45-23456247935296","trial_id":50,"param_name":"ratio","param_value_internal":1.1390755111609732,"distribution":"{\"name\": \"FloatDistribution\", \"attributes\": {\"step\": null, \"low\": 0.1, \"high\": 100.0, \"log\": true}}"}
{"op_code":6,"worker_id":"d46ecc9d-ead8-4cec-a784-6c524052dc45-23456247935296","trial_id":50,"state":3,"values":null,"datetime_complete":"2026-07-24T13:29:11.129983"}
{"op_code":0,"worker_id":"a4ef6c96-bcfc-4940-b27a-131218e0a0ee-23456247935296","study_name":"peter_book_k1","directions":[2]}
{"op_code":4,"worker_id":"a4ef6c96-bcfc-4940-b27a-131218e0a0ee-23456247935296","study_id":0,"datetime_start":"2026-07-24T13:32:25.995535"}
{"op_code":9,"worker_id":"a4ef6c96-bcfc-4940-b27a-131218e0a0ee-23456247935296","trial_id":51,"system_attr":{"tpe:relative_params:0":"{\"lr\": 0.1723117852346984, \"ratio\": 1.8073018121098317}"}}
{"op_code":5,"worker_id":"a4ef6c96-bcfc-4940-b27a-131218e0a0ee-23456247935296","trial_id":51,"param_name":"lr","param_value_internal":0.1723117852346984,"distribution":"{\"name\": \"FloatDistribution\", \"attributes\": {\"step\": null, \"low\": 1e-08, \"high\": 0.5, \"log\": true}}"}
{"op_code":5,"worker_id":"a4ef6c96-bcfc-4940-b27a-131218e0a0ee-23456247935296","trial_id":51,"param_name":"ratio","param_value_internal":1.8073018121098317,"distribution":"{\"name\": \"FloatDistribution\", \"attributes\": {\"step\": null, \"low\": 0.1, \"high\": 100.0, \"log\": true}}"}
{"op_code":6,"worker_id":"a4ef6c96-bcfc-4940-b27a-131218e0a0ee-23456247935296","trial_id":51,"state":3,"values":null,"datetime_complete":"2026-07-24T13:32:58.421871"}
{"op_code":0,"worker_id":"54cc18c5-7fc7-4417-ae38-1598dce96f9c-23456247935296","study_name":"peter_book_k1","directions":[2]}
{"op_code":0,"worker_id":"b551aa7c-f614-4186-94de-a98015d5e175-23456247935296","study_name":"peter_book_k1","directions":[2]}
