{"op_code":0,"worker_id":"b02b2d80-2d37-406b-85cf-fb3165d6833f-20268","study_name":"peter_tretail_k3","directions":[2]}
{"op_code":0,"worker_id":"ca29a654-0dc3-482b-bf34-f6a0cb33cc8e-26800","study_name":"peter_tretail_k3","directions":[2]}
{"op_code":4,"worker_id":"ca29a654-0dc3-482b-bf34-f6a0cb33cc8e-26800","study_id":0,"datetime_start":"2026-07-24T09:13:00.500551"}
{"op_code":0,"worker_id":"3efcb337-d3d9-4242-8d27-7767df72c544-34224","study_name":"peter_tretail_k3","directions":[2]}
{"op_code":4,"worker_id":"3efcb337-d3d9-4242-8d27-7767df72c544-34224","study_id":0,"datetime_start":"2026-07-24T09:13:01.599498"}
{"op_code":5,"worker_id":"3efcb337-d3d9-4242-8d27-7767df72c544-34224","trial_id":1,"param_name":"lr","param_value_internal":2.9456725157953993e-05,"distribution":"{\"name\": \"FloatDistribution\", \"attributes\": {\"step\": null, \"low\": 1e-08, \"high\": 0.5, \"log\": true}}"}
{"op_code":5,"worker_id":"3efcb337-d3d9-4242-8d27-7767df72c544-34224","trial_id":1,"param_name":"ratio","param_value_internal":86.13312136875511,"distribution":"{\"name\": \"FloatDistribution\", \"attributes\": {\"step\": null, \"low\": 0.1, \"high\": 100.0, \"log\": true}}"}
{"op_code":0,"worker_id":"86e076d0-17df-441c-9cd5-4ddafff89bb1-26800","study_name":"peter_tretail_k3","directions":[2]}
{"op_code":4,"worker_id":"86e076d0-17df-441c-9cd5-4ddafff89bb1-26800","study_id":0,"datetime_start":"2026-07-24T09:13:02.624093"}
{"op_code":0,"worker_id":"4929aa28-cc3b-44c1-804b-030bcb6ef51f-23456247935296","study_name":"peter_tretail_k3","directions":[2]}
{"op_code":0,"worker_id":"fbb5e3e7-ed8b-485f-bb0f-b84030a235ce-23456247935296","study_name":"peter_tretail_k3","directions":[2]}
{"op_code":4,"worker_id":"fbb5e3e7-ed8b-485f-bb0f-b84030a235ce-23456247935296","study_id":0,"datetime_start":"2026-07-24T10:21:57.202352"}
{"op_code":5,"worker_id":"fbb5e3e7-ed8b-485f-bb0f-b84030a235ce-23456247935296","trial_id":3,"param_name":"lr","param_value_internal":0.06856241513131789,"distribution":"{\"name\": \"FloatDistribution\", \"attributes\": {\"step\": null, \"low\": 1e-08, \"high\": 0.5, \"log\": true}}"}
{"op_code":5,"worker_id":"fbb5e3e7-ed8b-485f-bb0f-b84030a235ce-23456247935296","trial_id":3,"param_name":"ratio","param_value_internal":1.623433170241801,"distribution":"{\"name\": \"FloatDistribution\", \"attributes\": {\"step\": null, \"low\": 0.1, \"high\": 100.0, \"log\": true}}"}
{"op_code":6,"worker_id":"fbb5e3e7-ed8b-485f-bb0f-b84030a235ce-23456247935296","trial_id":3,"state":3,"values":null,"datetime_complete":"2026-07-24T10:22:08.259252"}
{"op_code":0,"worker_id":"97d36a13-f0f5-4613-b7f9-39bfd62c29c4-23456247935296","study_name":"peter_tretail_k3","directions":[2]}
{"op_code":4,"worker_id":"97d36a13-f0f5-4613-b7f9-39bfd62c29c4-23456247935296","study_id":0,"datetime_start":"2026-07-24T10:23:20.739321"}
{"op_code":5,"worker_id":"97d36a13-f0f5-4613-b7f9-39bfd62c29c4-23456247935296","trial_id":4,"param_name":"lr","param_value_internal":0.0006661734977671564,"distribution":"{\"name\": \"FloatDistribution\", \"attributes\": {\"step\": null, \"low\": 1e-08, \"high\": 0.5, \"log\": true}}"}
{"op_code":5,"worker_id":"97d36a13-f0f5-4613-b7f9-39bfd62c29c4-23456247935296","trial_id":4,"param_name":"ratio","param_value_internal":0.36891756228903705,"distribution":"{\"name\": \"FloatDistribution\", \"attributes\": {\"step\": null, \"low\": 0.1, \"high\": 100.0, \"log\": true}}"}
{"op_code":6,"worker_id":"97d36a13-f0f5-4613-b7f9-39bfd62c29c4-23456247935296","trial_id":4,"state":1,"values":[-26.288981152293704],"datetime_complete":"2026-07-24T10:25:42.142192"}
{"op_code":0,"worker_id":"d6f29aab-11a7-454d-be1c-75b7f5794fa1-23456247935296","study_name":"peter_tretail_k3","directions":[2]}
{"op_code":4,"worker_id":"d6f29aab-11a7-454d-be1c-75b7f5794fa1-23456247935296","study_id":0,"datetime_start":"2026-07-24T10:26:35.012811"}
{"op_code":5,"worker_id":"d6f29aab-11a7-454d-be1c-75b7f5794fa1-23456247935296","trial_id":5,"param_name":"lr","param_value_internal":3.666028679252094e-05,"distribution":"{\"name\": \"FloatDistribution\", \"attributes\": {\"step\": null, \"low\": 1e-08, \"high\": 0.5, \"log\": true}}"}
{"op_code":5,"worker_id":"d6f29aab-11a7-454d-be1c-75b7f5794fa1-23456247935296","trial_id":5,"param_name":"ratio","param_value_internal":1.4463722598668434,"distribution":"{\"name\": \"FloatDistribution\", \"attributes\": {\"step\": null, \"low\": 0.1, \"high\": 100.0, \"log\": true}}"}
{"op_code":6,"worker_id":"d6f29aab-11a7-454d-be1c-75b7f5794fa1-23456247935296","trial_id":5,"state":1,"values":[-29.579933525662376],"datetime_complete":"2026-07-24T10:29:01.707483"}
{"op_code":0,"worker_id":"54eaa8dc-67d7-4c92-80e5-a8704ef2b9af-23456247935296","study_name":"peter_tretail_k3","directions":[2]}
{"op_code":4,"worker_id":"54eaa8dc-67d7-4c92-80e5-a8704ef2b9af-23456247935296","study_id":0,"datetime_start":"2026-07-24T10:30:07.213972"}
{"op_code":5,"worker_id":"54eaa8dc-67d7-4c92-80e5-a8704ef2b9af-23456247935296","trial_id":6,"param_name":"lr","param_value_internal":0.1937742941645095,"distribution":"{\"name\": \"FloatDistribution\", \"attributes\": {\"step\": null, \"low\": 1e-08, \"high\": 0.5, \"log\": true}}"}
{"op_code":5,"worker_id":"54eaa8dc-67d7-4c92-80e5-a8704ef2b9af-23456247935296","trial_id":6,"param_name":"ratio","param_value_internal":4.675649146578176,"distribution":"{\"name\": \"FloatDistribution\", \"attributes\": {\"step\": null, \"low\": 0.1, \"high\": 100.0, \"log\": true}}"}
{"op_code":6,"worker_id":"54eaa8dc-67d7-4c92-80e5-a8704ef2b9af-23456247935296","trial_id":6,"state":3,"values":null,"datetime_complete":"2026-07-24T10:30:17.258105"}
{"op_code":0,"worker_id":"c363ff8d-1639-421e-b6c0-b8c0dcc80a93-23456247935296","study_name":"peter_tretail_k3","directions":[2]}
{"op_code":4,"worker_id":"c363ff8d-1639-421e-b6c0-b8c0dcc80a93-23456247935296","study_id":0,"datetime_start":"2026-07-24T10:33:40.083931"}
{"op_code":5,"worker_id":"c363ff8d-1639-421e-b6c0-b8c0dcc80a93-23456247935296","trial_id":7,"param_name":"lr","param_value_internal":0.00032123769233256307,"distribution":"{\"name\": \"FloatDistribution\", \"attributes\": {\"step\": null, \"low\": 1e-08, \"high\": 0.5, \"log\": true}}"}
{"op_code":5,"worker_id":"c363ff8d-1639-421e-b6c0-b8c0dcc80a93-23456247935296","trial_id":7,"param_name":"ratio","param_value_internal":0.5425385965346852,"distribution":"{\"name\": \"FloatDistribution\", \"attributes\": {\"step\": null, \"low\": 0.1, \"high\": 100.0, \"log\": true}}"}
{"op_code":6,"worker_id":"c363ff8d-1639-421e-b6c0-b8c0dcc80a93-23456247935296","trial_id":7,"state":1,"values":[-27.255343477672884],"datetime_complete":"2026-07-24T10:35:42.865493"}
{"op_code":0,"worker_id":"03470c2b-b4f7-4723-bbeb-c70fd18f816a-23456247935296","study_name":"peter_tretail_k3","directions":[2]}
{"op_code":4,"worker_id":"03470c2b-b4f7-4723-bbeb-c70fd18f816a-23456247935296","study_id":0,"datetime_start":"2026-07-24T10:36:56.589306"}
{"op_code":5,"worker_id":"03470c2b-b4f7-4723-bbeb-c70fd18f816a-23456247935296","trial_id":8,"param_name":"lr","param_value_internal":1.6590192449907833e-08,"distribution":"{\"name\": \"FloatDistribution\", \"attributes\": {\"step\": null, \"low\": 1e-08, \"high\": 0.5, \"log\": true}}"}
{"op_code":5,"worker_id":"03470c2b-b4f7-4723-bbeb-c70fd18f816a-23456247935296","trial_id":8,"param_name":"ratio","param_value_internal":14.962312724466239,"distribution":"{\"name\": \"FloatDistribution\", \"attributes\": {\"step\": null, \"low\": 0.1, \"high\": 100.0, \"log\": true}}"}
{"op_code":6,"worker_id":"03470c2b-b4f7-4723-bbeb-c70fd18f816a-23456247935296","trial_id":8,"state":1,"values":[-31.406589552187345],"datetime_complete":"2026-07-24T10:38:42.169153"}
{"op_code":0,"worker_id":"60938165-e2be-4f3d-bf1c-dd7d36a81b04-23456247935296","study_name":"peter_tretail_k3","directions":[2]}
{"op_code":4,"worker_id":"60938165-e2be-4f3d-bf1c-dd7d36a81b04-23456247935296","study_id":0,"datetime_start":"2026-07-24T10:40:46.330707"}
{"op_code":5,"worker_id":"60938165-e2be-4f3d-bf1c-dd7d36a81b04-23456247935296","trial_id":9,"param_name":"lr","param_value_internal":7.187443696433665e-08,"distribution":"{\"name\": \"FloatDistribution\", \"attributes\": {\"step\": null, \"low\": 1e-08, \"high\": 0.5, \"log\": true}}"}
{"op_code":5,"worker_id":"60938165-e2be-4f3d-bf1c-dd7d36a81b04-23456247935296","trial_id":9,"param_name":"ratio","param_value_internal":1.616919144651596,"distribution":"{\"name\": \"FloatDistribution\", \"attributes\": {\"step\": null, \"low\": 0.1, \"high\": 100.0, \"log\": true}}"}
{"op_code":6,"worker_id":"60938165-e2be-4f3d-bf1c-dd7d36a81b04-23456247935296","trial_id":9,"state":1,"values":[-31.42408463908827],"datetime_complete":"2026-07-24T10:43:16.633496"}
{"op_code":0,"worker_id":"bb901991-1ae8-402a-84c2-650edb52d72d-23456247935296","study_name":"peter_tretail_k3","directions":[2]}
{"op_code":4,"worker_id":"bb901991-1ae8-402a-84c2-650edb52d72d-23456247935296","study_id":0,"datetime_start":"2026-07-24T10:44:47.188294"}
{"op_code":5,"worker_id":"bb901991-1ae8-402a-84c2-650edb52d72d-23456247935296","trial_id":10,"param_name":"lr","param_value_internal":1.9173328964472437e-05,"distribution":"{\"name\": \"FloatDistribution\", \"attributes\": {\"step\": null, \"low\": 1e-08, \"high\": 0.5, \"log\": true}}"}
{"op_code":5,"worker_id":"bb901991-1ae8-402a-84c2-650edb52d72d-23456247935296","trial_id":10,"param_name":"ratio","param_value_internal":5.594046758390226,"distribution":"{\"name\": \"FloatDistribution\", \"attributes\": {\"step\": null, \"low\": 0.1, \"high\": 100.0, \"log\": true}}"}
{"op_code":6,"worker_id":"bb901991-1ae8-402a-84c2-650edb52d72d-23456247935296","trial_id":10,"state":1,"values":[-28.897965116799437],"datetime_complete":"2026-07-24T10:46:49.695677"}
{"op_code":0,"worker_id":"f8f4bad0-49f2-4102-8869-94d8f5584a64-23456247935296","study_name":"peter_tretail_k3","directions":[2]}
{"op_code":4,"worker_id":"f8f4bad0-49f2-4102-8869-94d8f5584a64-23456247935296","study_id":0,"datetime_start":"2026-07-24T10:49:17.320330"}
{"op_code":5,"worker_id":"f8f4bad0-49f2-4102-8869-94d8f5584a64-23456247935296","trial_id":11,"param_name":"lr","param_value_internal":7.80555609269585e-07,"distribution":"{\"name\": \"FloatDistribution\", \"attributes\": {\"step\": null, \"low\": 1e-08, \"high\": 0.5, \"log\": true}}"}
{"op_code":5,"worker_id":"f8f4bad0-49f2-4102-8869-94d8f5584a64-23456247935296","trial_id":11,"param_name":"ratio","param_value_internal":0.21923711259654433,"distribution":"{\"name\": \"FloatDistribution\", \"attributes\": {\"step\": null, \"low\": 0.1, \"high\": 100.0, \"log\": true}}"}
{"op_code":6,"worker_id":"f8f4bad0-49f2-4102-8869-94d8f5584a64-23456247935296","trial_id":11,"state":1,"values":[-31.632264405704554],"datetime_complete":"2026-07-24T10:51:21.692258"}
{"op_code":0,"worker_id":"46bfb158-e60d-46b0-a159-e315438b74f4-23456247935296","study_name":"peter_tretail_k3","directions":[2]}
{"op_code":4,"worker_id":"46bfb158-e60d-46b0-a159-e315438b74f4-23456247935296","study_id":0,"datetime_start":"2026-07-24T10:53:41.105434"}
{"op_code":5,"worker_id":"46bfb158-e60d-46b0-a159-e315438b74f4-23456247935296","trial_id":12,"param_name":"lr","param_value_internal":0.009213044942706335,"distribution":"{\"name\": \"FloatDistribution\", \"attributes\": {\"step\": null, \"low\": 1e-08, \"high\": 0.5, \"log\": true}}"}
{"op_code":5,"worker_id":"46bfb158-e60d-46b0-a159-e315438b74f4-23456247935296","trial_id":12,"param_name":"ratio","param_value_internal":7.687581754242565,"distribution":"{\"name\": \"FloatDistribution\", \"attributes\": {\"step\": null, \"low\": 0.1, \"high\": 100.0, \"log\": true}}"}
{"op_code":6,"worker_id":"46bfb158-e60d-46b0-a159-e315438b74f4-23456247935296","trial_id":12,"state":1,"values":[-23.714460100802008],"datetime_complete":"2026-07-24T10:55:47.726863"}
{"op_code":0,"worker_id":"15f1594d-45ab-4b79-8498-20b018f83acb-23456247935296","study_name":"peter_tretail_k3","directions":[2]}
{"op_code":4,"worker_id":"15f1594d-45ab-4b79-8498-20b018f83acb-23456247935296","study_id":0,"datetime_start":"2026-07-24T10:57:51.661153"}
{"op_code":5,"worker_id":"15f1594d-45ab-4b79-8498-20b018f83acb-23456247935296","trial_id":13,"param_name":"lr","param_value_internal":1.4044921190624639e-05,"distribution":"{\"name\": \"FloatDistribution\", \"attributes\": {\"step\": null, \"low\": 1e-08, \"high\": 0.5, \"log\": true}}"}
{"op_code":5,"worker_id":"15f1594d-45ab-4b79-8498-20b018f83acb-23456247935296","trial_id":13,"param_name":"ratio","param_value_internal":1.256565638868054,"distribution":"{\"name\": \"FloatDistribution\", \"attributes\": {\"step\": null, \"low\": 0.1, \"high\": 100.0, \"log\": true}}"}
{"op_code":6,"worker_id":"15f1594d-45ab-4b79-8498-20b018f83acb-23456247935296","trial_id":13,"state":1,"values":[-31.068428280465767],"datetime_complete":"2026-07-24T11:00:19.765205"}
{"op_code":0,"worker_id":"2d2ef73b-375f-4329-83ec-2bc0fa1408af-23456247935296","study_name":"peter_tretail_k3","directions":[2]}
{"op_code":4,"worker_id":"2d2ef73b-375f-4329-83ec-2bc0fa1408af-23456247935296","study_id":0,"datetime_start":"2026-07-24T11:03:21.624846"}
{"op_code":5,"worker_id":"2d2ef73b-375f-4329-83ec-2bc0fa1408af-23456247935296","trial_id":14,"param_name":"lr","param_value_internal":0.005009704066988081,"distribution":"{\"name\": \"FloatDistribution\", \"attributes\": {\"step\": null, \"low\": 1e-08, \"high\": 0.5, \"log\": true}}"}
{"op_code":5,"worker_id":"2d2ef73b-375f-4329-83ec-2bc0fa1408af-23456247935296","trial_id":14,"param_name":"ratio","param_value_internal":28.120164135008043,"distribution":"{\"name\": \"FloatDistribution\", \"attributes\": {\"step\": null, \"low\": 0.1, \"high\": 100.0, \"log\": true}}"}
{"op_code":6,"worker_id":"2d2ef73b-375f-4329-83ec-2bc0fa1408af-23456247935296","trial_id":14,"state":1,"values":[-24.66337367313053],"datetime_complete":"2026-07-24T11:05:47.423967"}
{"op_code":0,"worker_id":"10ad1b81-b8ed-4212-a8e7-c689df4508cf-23456247935296","study_name":"peter_tretail_k3","directions":[2]}
{"op_code":4,"worker_id":"10ad1b81-b8ed-4212-a8e7-c689df4508cf-23456247935296","study_id":0,"datetime_start":"2026-07-24T11:07:53.346200"}
{"op_code":9,"worker_id":"10ad1b81-b8ed-4212-a8e7-c689df4508cf-23456247935296","trial_id":15,"system_attr":{"tpe:relative_params:0":"{\"lr\": 0.3267590607488268, \"ratio\": 2.096860881013667}"}}
{"op_code":5,"worker_id":"10ad1b81-b8ed-4212-a8e7-c689df4508cf-23456247935296","trial_id":15,"param_name":"lr","param_value_internal":0.3267590607488268,"distribution":"{\"name\": \"FloatDistribution\", \"attributes\": {\"step\": null, \"low\": 1e-08, \"high\": 0.5, \"log\": true}}"}
{"op_code":5,"worker_id":"10ad1b81-b8ed-4212-a8e7-c689df4508cf-23456247935296","trial_id":15,"param_name":"ratio","param_value_internal":2.096860881013667,"distribution":"{\"name\": \"FloatDistribution\", \"attributes\": {\"step\": null, \"low\": 0.1, \"high\": 100.0, \"log\": true}}"}
{"op_code":6,"worker_id":"10ad1b81-b8ed-4212-a8e7-c689df4508cf-23456247935296","trial_id":15,"state":3,"values":null,"datetime_complete":"2026-07-24T11:08:02.214544"}
{"op_code":0,"worker_id":"f3051adf-b6b1-4e65-884d-212917dce613-23456247935296","study_name":"peter_tretail_k3","directions":[2]}
{"op_code":4,"worker_id":"f3051adf-b6b1-4e65-884d-212917dce613-23456247935296","study_id":0,"datetime_start":"2026-07-24T11:12:31.631816"}
{"op_code":9,"worker_id":"f3051adf-b6b1-4e65-884d-212917dce613-23456247935296","trial_id":16,"system_attr":{"tpe:relative_params:0":"{\"lr\": 0.357732467437084, \"ratio\": 11.422133739052997}"}}
{"op_code":5,"worker_id":"f3051adf-b6b1-4e65-884d-212917dce613-23456247935296","trial_id":16,"param_name":"lr","param_value_internal":0.357732467437084,"distribution":"{\"name\": \"FloatDistribution\", \"attributes\": {\"step\": null, \"low\": 1e-08, \"high\": 0.5, \"log\": true}}"}
{"op_code":5,"worker_id":"f3051adf-b6b1-4e65-884d-212917dce613-23456247935296","trial_id":16,"param_name":"ratio","param_value_internal":11.422133739052997,"distribution":"{\"name\": \"FloatDistribution\", \"attributes\": {\"step\": null, \"low\": 0.1, \"high\": 100.0, \"log\": true}}"}
{"op_code":6,"worker_id":"f3051adf-b6b1-4e65-884d-212917dce613-23456247935296","trial_id":16,"state":3,"values":null,"datetime_complete":"2026-07-24T11:12:38.759982"}
{"op_code":0,"worker_id":"358d6dad-445f-4205-ad12-25c440c783b5-23456247935296","study_name":"peter_tretail_k3","directions":[2]}
{"op_code":4,"worker_id":"358d6dad-445f-4205-ad12-25c440c783b5-23456247935296","study_id":0,"datetime_start":"2026-07-24T11:16:45.899828"}
{"op_code":9,"worker_id":"358d6dad-445f-4205-ad12-25c440c783b5-23456247935296","trial_id":17,"system_attr":{"tpe:relative_params:0":"{\"lr\": 0.07348824735342845, \"ratio\": 3.5127391854045924}"}}
{"op_code":5,"worker_id":"358d6dad-445f-4205-ad12-25c440c783b5-23456247935296","trial_id":17,"param_name":"lr","param_value_internal":0.07348824735342845,"distribution":"{\"name\": \"FloatDistribution\", \"attributes\": {\"step\": null, \"low\": 1e-08, \"high\": 0.5, \"log\": true}}"}
{"op_code":5,"worker_id":"358d6dad-445f-4205-ad12-25c440c783b5-23456247935296","trial_id":17,"param_name":"ratio","param_value_internal":3.5127391854045924,"distribution":"{\"name\": \"FloatDistribution\", \"attributes\": {\"step\": null, \"low\": 0.1, \"high\": 100.0, \"log\": true}}"}
{"op_code":6,"worker_id":"358d6dad-445f-4205-ad12-25c440c783b5-23456247935296","trial_id":17,"state":3,"values":null,"datetime_complete":"2026-07-24T11:17:13.266749"}
{"op_code":0,"worker_id":"f6394821-4652-40b2-92a3-ae289d4e2979-23456247935296","study_name":"peter_tretail_k3","directions":[2]}
{"op_code":4,"worker_id":"f6394821-4652-40b2-92a3-ae289d4e2979-23456247935296","study_id":0,"datetime_start":"2026-07-24T11:20:52.965130"}
{"op_code":9,"worker_id":"f6394821-4652-40b2-92a3-ae289d4e2979-23456247935296","trial_id":18,"system_attr":{"tpe:relative_params:0":"{\"lr\": 0.07319867706677163, \"ratio\": 2.301935126990575}"}}
{"op_code":5,"worker_id":"f6394821-4652-40b2-92a3-ae289d4e2979-23456247935296","trial_id":18,"param_name":"lr","param_value_internal":0.07319867706677163,"distribution":"{\"name\": \"FloatDistribution\", \"attributes\": {\"step\": null, \"low\": 1e-08, \"high\": 0.5, \"log\": true}}"}
{"op_code":5,"worker_id":"f6394821-4652-40b2-92a3-ae289d4e2979-23456247935296","trial_id":18,"param_name":"ratio","param_value_internal":2.301935126990575,"distribution":"{\"name\": \"FloatDistribution\", \"attributes\": {\"step\": null, \"low\": 0.1, \"high\": 100.0, \"log\": true}}"}
{"op_code":6,"worker_id":"f6394821-4652-40b2-92a3-ae289d4e2979-23456247935296","trial_id":18,"state":3,"values":null,"datetime_complete":"2026-07-24T11:21:10.055446"}
{"op_code":0,"worker_id":"91193af0-da03-463b-90c7-e09c058b682d-23456247935296","study_name":"peter_tretail_k3","directions":[2]}
{"op_code":4,"worker_id":"91193af0-da03-463b-90c7-e09c058b682d-23456247935296","study_id":0,"datetime_start":"2026-07-24T11:25:07.245824"}
{"op_code":9,"worker_id":"91193af0-da03-463b-90c7-e09c058b682d-23456247935296","trial_id":19,"system_attr":{"tpe:relative_params:0":"{\"lr\": 0.16410526500538533, \"ratio\": 2.8964201159035454}"}}
{"op_code":5,"worker_id":"91193af0-da03-463b-90c7-e09c058b682d-23456247935296","trial_id":19,"param_name":"lr","param_value_internal":0.16410526500538533,"distribution":"{\"name\": \"FloatDistribution\", \"attributes\": {\"step\": null, \"low\": 1e-08, \"high\": 0.5, \"log\": true}}"}
{"op_code":5,"worker_id":"91193af0-da03-463b-90c7-e09c058b682d-23456247935296","trial_id":19,"param_name":"ratio","param_value_internal":2.8964201159035454,"distribution":"{\"name\": \"FloatDistribution\", \"attributes\": {\"step\": null, \"low\": 0.1, \"high\": 100.0, \"log\": true}}"}
{"op_code":6,"worker_id":"91193af0-da03-463b-90c7-e09c058b682d-23456247935296","trial_id":19,"state":3,"values":null,"datetime_complete":"2026-07-24T11:25:19.663775"}
{"op_code":0,"worker_id":"6a787939-37aa-4e20-bfe2-f2d2b2afe022-23456247935296","study_name":"peter_tretail_k3","directions":[2]}
{"op_code":4,"worker_id":"6a787939-37aa-4e20-bfe2-f2d2b2afe022-23456247935296","study_id":0,"datetime_start":"2026-07-24T11:28:43.356995"}
{"op_code":9,"worker_id":"6a787939-37aa-4e20-bfe2-f2d2b2afe022-23456247935296","trial_id":20,"system_attr":{"tpe:relative_params:0":"{\"lr\": 0.4242814092151054, \"ratio\": 0.8417944170221207}"}}
{"op_code":5,"worker_id":"6a787939-37aa-4e20-bfe2-f2d2b2afe022-23456247935296","trial_id":20,"param_name":"lr","param_value_internal":0.4242814092151054,"distribution":"{\"name\": \"FloatDistribution\", \"attributes\": {\"step\": null, \"low\": 1e-08, \"high\": 0.5, \"log\": true}}"}
{"op_code":5,"worker_id":"6a787939-37aa-4e20-bfe2-f2d2b2afe022-23456247935296","trial_id":20,"param_name":"ratio","param_value_internal":0.8417944170221207,"distribution":"{\"name\": \"FloatDistribution\", \"attributes\": {\"step\": null, \"low\": 0.1, \"high\": 100.0, \"log\": true}}"}
{"op_code":6,"worker_id":"6a787939-37aa-4e20-bfe2-f2d2b2afe022-23456247935296","trial_id":20,"state":3,"values":null,"datetime_complete":"2026-07-24T11:28:57.544907"}
{"op_code":0,"worker_id":"89c02787-c2ba-48e9-872e-a2504bd05fff-23456247935296","study_name":"peter_tretail_k3","directions":[2]}
{"op_code":4,"worker_id":"89c02787-c2ba-48e9-872e-a2504bd05fff-23456247935296","study_id":0,"datetime_start":"2026-07-24T11:33:59.927118"}
{"op_code":9,"worker_id":"89c02787-c2ba-48e9-872e-a2504bd05fff-23456247935296","trial_id":21,"system_attr":{"tpe:relative_params:0":"{\"lr\": 0.017655862291033417, \"ratio\": 3.280096121699808}"}}
{"op_code":5,"worker_id":"89c02787-c2ba-48e9-872e-a2504bd05fff-23456247935296","trial_id":21,"param_name":"lr","param_value_internal":0.017655862291033417,"distribution":"{\"name\": \"FloatDistribution\", \"attributes\": {\"step\": null, \"low\": 1e-08, \"high\": 0.5, \"log\": true}}"}
{"op_code":5,"worker_id":"89c02787-c2ba-48e9-872e-a2504bd05fff-23456247935296","trial_id":21,"param_name":"ratio","param_value_internal":3.280096121699808,"distribution":"{\"name\": \"FloatDistribution\", \"attributes\": {\"step\": null, \"low\": 0.1, \"high\": 100.0, \"log\": true}}"}
{"op_code":6,"worker_id":"89c02787-c2ba-48e9-872e-a2504bd05fff-23456247935296","trial_id":21,"state":1,"values":[-21.036665802134472],"datetime_complete":"2026-07-24T11:36:03.220072"}
{"op_code":0,"worker_id":"7dedcbfb-b3db-4337-b87b-09555d6a9841-23456247935296","study_name":"peter_tretail_k3","directions":[2]}
{"op_code":4,"worker_id":"7dedcbfb-b3db-4337-b87b-09555d6a9841-23456247935296","study_id":0,"datetime_start":"2026-07-24T11:38:29.547816"}
{"op_code":9,"worker_id":"7dedcbfb-b3db-4337-b87b-09555d6a9841-23456247935296","trial_id":22,"system_attr":{"tpe:relative_params:0":"{\"lr\": 0.4218272491618347, \"ratio\": 3.441150061654485}"}}
{"op_code":5,"worker_id":"7dedcbfb-b3db-4337-b87b-09555d6a9841-23456247935296","trial_id":22,"param_name":"lr","param_value_internal":0.4218272491618347,"distribution":"{\"name\": \"FloatDistribution\", \"attributes\": {\"step\": null, \"low\": 1e-08, \"high\": 0.5, \"log\": true}}"}
{"op_code":5,"worker_id":"7dedcbfb-b3db-4337-b87b-09555d6a9841-23456247935296","trial_id":22,"param_name":"ratio","param_value_internal":3.441150061654485,"distribution":"{\"name\": \"FloatDistribution\", \"attributes\": {\"step\": null, \"low\": 0.1, \"high\": 100.0, \"log\": true}}"}
{"op_code":6,"worker_id":"7dedcbfb-b3db-4337-b87b-09555d6a9841-23456247935296","trial_id":22,"state":3,"values":null,"datetime_complete":"2026-07-24T11:38:39.920164"}
{"op_code":0,"worker_id":"24e1e436-fc0f-4b9d-91d5-0efa3d5ee024-23456247935296","study_name":"peter_tretail_k3","directions":[2]}
{"op_code":4,"worker_id":"24e1e436-fc0f-4b9d-91d5-0efa3d5ee024-23456247935296","study_id":0,"datetime_start":"2026-07-24T11:42:19.906532"}
{"op_code":9,"worker_id":"24e1e436-fc0f-4b9d-91d5-0efa3d5ee024-23456247935296","trial_id":23,"system_attr":{"tpe:relative_params:0":"{\"lr\": 0.32551174925489623, \"ratio\": 1.8609251884224662}"}}
{"op_code":5,"worker_id":"24e1e436-fc0f-4b9d-91d5-0efa3d5ee024-23456247935296","trial_id":23,"param_name":"lr","param_value_internal":0.32551174925489623,"distribution":"{\"name\": \"FloatDistribution\", \"attributes\": {\"step\": null, \"low\": 1e-08, \"high\": 0.5, \"log\": true}}"}
{"op_code":5,"worker_id":"24e1e436-fc0f-4b9d-91d5-0efa3d5ee024-23456247935296","trial_id":23,"param_name":"ratio","param_value_internal":1.8609251884224662,"distribution":"{\"name\": \"FloatDistribution\", \"attributes\": {\"step\": null, \"low\": 0.1, \"high\": 100.0, \"log\": true}}"}
{"op_code":6,"worker_id":"24e1e436-fc0f-4b9d-91d5-0efa3d5ee024-23456247935296","trial_id":23,"state":3,"values":null,"datetime_complete":"2026-07-24T11:42:28.680986"}
{"op_code":0,"worker_id":"e4225fb7-5710-4e05-b87a-4c45c9c484b6-23456247935296","study_name":"peter_tretail_k3","directions":[2]}
{"op_code":4,"worker_id":"e4225fb7-5710-4e05-b87a-4c45c9c484b6-23456247935296","study_id":0,"datetime_start":"2026-07-24T11:45:26.037397"}
{"op_code":9,"worker_id":"e4225fb7-5710-4e05-b87a-4c45c9c484b6-23456247935296","trial_id":24,"system_attr":{"tpe:relative_params:0":"{\"lr\": 0.12954048093916878, \"ratio\": 2.1082367436385185}"}}
{"op_code":5,"worker_id":"e4225fb7-5710-4e05-b87a-4c45c9c484b6-23456247935296","trial_id":24,"param_name":"lr","param_value_internal":0.12954048093916878,"distribution":"{\"name\": \"FloatDistribution\", \"attributes\": {\"step\": null, \"low\": 1e-08, \"high\": 0.5, \"log\": true}}"}
{"op_code":5,"worker_id":"e4225fb7-5710-4e05-b87a-4c45c9c484b6-23456247935296","trial_id":24,"param_name":"ratio","param_value_internal":2.1082367436385185,"distribution":"{\"name\": \"FloatDistribution\", \"attributes\": {\"step\": null, \"low\": 0.1, \"high\": 100.0, \"log\": true}}"}
{"op_code":6,"worker_id":"e4225fb7-5710-4e05-b87a-4c45c9c484b6-23456247935296","trial_id":24,"state":3,"values":null,"datetime_complete":"2026-07-24T11:45:36.088233"}
{"op_code":0,"worker_id":"01bdb2df-d92e-4e94-8cf8-909fe15214d8-23456247935296","study_name":"peter_tretail_k3","directions":[2]}
{"op_code":4,"worker_id":"01bdb2df-d92e-4e94-8cf8-909fe15214d8-23456247935296","study_id":0,"datetime_start":"2026-07-24T11:49:04.104815"}
{"op_code":9,"worker_id":"01bdb2df-d92e-4e94-8cf8-909fe15214d8-23456247935296","trial_id":25,"system_attr":{"tpe:relative_params:0":"{\"lr\": 0.4834539665001282, \"ratio\": 9.142307887221211}"}}
{"op_code":5,"worker_id":"01bdb2df-d92e-4e94-8cf8-909fe15214d8-23456247935296","trial_id":25,"param_name":"lr","param_value_internal":0.4834539665001282,"distribution":"{\"name\": \"FloatDistribution\", \"attributes\": {\"step\": null, \"low\": 1e-08, \"high\": 0.5, \"log\": true}}"}
{"op_code":5,"worker_id":"01bdb2df-d92e-4e94-8cf8-909fe15214d8-23456247935296","trial_id":25,"param_name":"ratio","param_value_internal":9.142307887221211,"distribution":"{\"name\": \"FloatDistribution\", \"attributes\": {\"step\": null, \"low\": 0.1, \"high\": 100.0, \"log\": true}}"}
{"op_code":6,"worker_id":"01bdb2df-d92e-4e94-8cf8-909fe15214d8-23456247935296","trial_id":25,"state":3,"values":null,"datetime_complete":"2026-07-24T11:49:12.832611"}
{"op_code":0,"worker_id":"e54d5b0f-a5a7-4510-8c2c-b44d3f626f87-23456247935296","study_name":"peter_tretail_k3","directions":[2]}
{"op_code":4,"worker_id":"e54d5b0f-a5a7-4510-8c2c-b44d3f626f87-23456247935296","study_id":0,"datetime_start":"2026-07-24T11:52:38.063746"}
{"op_code":9,"worker_id":"e54d5b0f-a5a7-4510-8c2c-b44d3f626f87-23456247935296","trial_id":26,"system_attr":{"tpe:relative_params:0":"{\"lr\": 0.3123046530507746, \"ratio\": 3.6389087000364393}"}}
{"op_code":5,"worker_id":"e54d5b0f-a5a7-4510-8c2c-b44d3f626f87-23456247935296","trial_id":26,"param_name":"lr","param_value_internal":0.3123046530507746,"distribution":"{\"name\": \"FloatDistribution\", \"attributes\": {\"step\": null, \"low\": 1e-08, \"high\": 0.5, \"log\": true}}"}
{"op_code":5,"worker_id":"e54d5b0f-a5a7-4510-8c2c-b44d3f626f87-23456247935296","trial_id":26,"param_name":"ratio","param_value_internal":3.6389087000364393,"distribution":"{\"name\": \"FloatDistribution\", \"attributes\": {\"step\": null, \"low\": 0.1, \"high\": 100.0, \"log\": true}}"}
{"op_code":6,"worker_id":"e54d5b0f-a5a7-4510-8c2c-b44d3f626f87-23456247935296","trial_id":26,"state":3,"values":null,"datetime_complete":"2026-07-24T11:52:46.115908"}
{"op_code":0,"worker_id":"959095b2-05c1-40e1-b443-9a549f7202c0-23456247935296","study_name":"peter_tretail_k3","directions":[2]}
{"op_code":4,"worker_id":"959095b2-05c1-40e1-b443-9a549f7202c0-23456247935296","study_id":0,"datetime_start":"2026-07-24T11:55:45.743756"}
{"op_code":9,"worker_id":"959095b2-05c1-40e1-b443-9a549f7202c0-23456247935296","trial_id":27,"system_attr":{"tpe:relative_params:0":"{\"lr\": 0.3788471210177539, \"ratio\": 1.8521291649589497}"}}
{"op_code":5,"worker_id":"959095b2-05c1-40e1-b443-9a549f7202c0-23456247935296","trial_id":27,"param_name":"lr","param_value_internal":0.3788471210177539,"distribution":"{\"name\": \"FloatDistribution\", \"attributes\": {\"step\": null, \"low\": 1e-08, \"high\": 0.5, \"log\": true}}"}
{"op_code":5,"worker_id":"959095b2-05c1-40e1-b443-9a549f7202c0-23456247935296","trial_id":27,"param_name":"ratio","param_value_internal":1.8521291649589497,"distribution":"{\"name\": \"FloatDistribution\", \"attributes\": {\"step\": null, \"low\": 0.1, \"high\": 100.0, \"log\": true}}"}
{"op_code":6,"worker_id":"959095b2-05c1-40e1-b443-9a549f7202c0-23456247935296","trial_id":27,"state":3,"values":null,"datetime_complete":"2026-07-24T11:55:54.454514"}
{"op_code":0,"worker_id":"706a8aac-34a3-4a3f-9163-f38e1154fe81-23456247935296","study_name":"peter_tretail_k3","directions":[2]}
{"op_code":4,"worker_id":"706a8aac-34a3-4a3f-9163-f38e1154fe81-23456247935296","study_id":0,"datetime_start":"2026-07-24T11:59:54.774612"}
{"op_code":9,"worker_id":"706a8aac-34a3-4a3f-9163-f38e1154fe81-23456247935296","trial_id":28,"system_attr":{"tpe:relative_params:0":"{\"lr\": 0.4482588609739267, \"ratio\": 1.3544239944769905}"}}
{"op_code":5,"worker_id":"706a8aac-34a3-4a3f-9163-f38e1154fe81-23456247935296","trial_id":28,"param_name":"lr","param_value_internal":0.4482588609739267,"distribution":"{\"name\": \"FloatDistribution\", \"attributes\": {\"step\": null, \"low\": 1e-08, \"high\": 0.5, \"log\": true}}"}
{"op_code":5,"worker_id":"706a8aac-34a3-4a3f-9163-f38e1154fe81-23456247935296","trial_id":28,"param_name":"ratio","param_value_internal":1.3544239944769905,"distribution":"{\"name\": \"FloatDistribution\", \"attributes\": {\"step\": null, \"low\": 0.1, \"high\": 100.0, \"log\": true}}"}
{"op_code":6,"worker_id":"706a8aac-34a3-4a3f-9163-f38e1154fe81-23456247935296","trial_id":28,"state":3,"values":null,"datetime_complete":"2026-07-24T12:00:02.967884"}
{"op_code":0,"worker_id":"63c6fe14-1f97-44b8-9682-f6e6aa0e1461-23456247935296","study_name":"peter_tretail_k3","directions":[2]}
{"op_code":4,"worker_id":"63c6fe14-1f97-44b8-9682-f6e6aa0e1461-23456247935296","study_id":0,"datetime_start":"2026-07-24T12:03:25.676439"}
{"op_code":9,"worker_id":"63c6fe14-1f97-44b8-9682-f6e6aa0e1461-23456247935296","trial_id":29,"system_attr":{"tpe:relative_params:0":"{\"lr\": 0.06336578435200708, \"ratio\": 5.614284088515922}"}}
{"op_code":5,"worker_id":"63c6fe14-1f97-44b8-9682-f6e6aa0e1461-23456247935296","trial_id":29,"param_name":"lr","param_value_internal":0.06336578435200708,"distribution":"{\"name\": \"FloatDistribution\", \"attributes\": {\"step\": null, \"low\": 1e-08, \"high\": 0.5, \"log\": true}}"}
{"op_code":5,"worker_id":"63c6fe14-1f97-44b8-9682-f6e6aa0e1461-23456247935296","trial_id":29,"param_name":"ratio","param_value_internal":5.614284088515922,"distribution":"{\"name\": \"FloatDistribution\", \"attributes\": {\"step\": null, \"low\": 0.1, \"high\": 100.0, \"log\": true}}"}
{"op_code":6,"worker_id":"63c6fe14-1f97-44b8-9682-f6e6aa0e1461-23456247935296","trial_id":29,"state":3,"values":null,"datetime_complete":"2026-07-24T12:03:43.121718"}
{"op_code":0,"worker_id":"68bd9839-7e5a-4dd6-a20a-2a136471d682-23456247935296","study_name":"peter_tretail_k3","directions":[2]}
{"op_code":4,"worker_id":"68bd9839-7e5a-4dd6-a20a-2a136471d682-23456247935296","study_id":0,"datetime_start":"2026-07-24T12:07:18.083233"}
{"op_code":9,"worker_id":"68bd9839-7e5a-4dd6-a20a-2a136471d682-23456247935296","trial_id":30,"system_attr":{"tpe:relative_params:0":"{\"lr\": 0.05190284977664664, \"ratio\": 4.256703719678398}"}}
{"op_code":5,"worker_id":"68bd9839-7e5a-4dd6-a20a-2a136471d682-23456247935296","trial_id":30,"param_name":"lr","param_value_internal":0.05190284977664664,"distribution":"{\"name\": \"FloatDistribution\", \"attributes\": {\"step\": null, \"low\": 1e-08, \"high\": 0.5, \"log\": true}}"}
{"op_code":5,"worker_id":"68bd9839-7e5a-4dd6-a20a-2a136471d682-23456247935296","trial_id":30,"param_name":"ratio","param_value_internal":4.256703719678398,"distribution":"{\"name\": \"FloatDistribution\", \"attributes\": {\"step\": null, \"low\": 0.1, \"high\": 100.0, \"log\": true}}"}
{"op_code":6,"worker_id":"68bd9839-7e5a-4dd6-a20a-2a136471d682-23456247935296","trial_id":30,"state":3,"values":null,"datetime_complete":"2026-07-24T12:07:34.726645"}
{"op_code":0,"worker_id":"101e42a1-75de-4e98-96d4-a02aeafa604a-23456247935296","study_name":"peter_tretail_k3","directions":[2]}
{"op_code":4,"worker_id":"101e42a1-75de-4e98-96d4-a02aeafa604a-23456247935296","study_id":0,"datetime_start":"2026-07-24T12:11:10.396072"}
{"op_code":9,"worker_id":"101e42a1-75de-4e98-96d4-a02aeafa604a-23456247935296","trial_id":31,"system_attr":{"tpe:relative_params:0":"{\"lr\": 0.25823641625729, \"ratio\": 1.4870413898007404}"}}
{"op_code":5,"worker_id":"101e42a1-75de-4e98-96d4-a02aeafa604a-23456247935296","trial_id":31,"param_name":"lr","param_value_internal":0.25823641625729,"distribution":"{\"name\": \"FloatDistribution\", \"attributes\": {\"step\": null, \"low\": 1e-08, \"high\": 0.5, \"log\": true}}"}
{"op_code":5,"worker_id":"101e42a1-75de-4e98-96d4-a02aeafa604a-23456247935296","trial_id":31,"param_name":"ratio","param_value_internal":1.4870413898007404,"distribution":"{\"name\": \"FloatDistribution\", \"attributes\": {\"step\": null, \"low\": 0.1, \"high\": 100.0, \"log\": true}}"}
{"op_code":6,"worker_id":"101e42a1-75de-4e98-96d4-a02aeafa604a-23456247935296","trial_id":31,"state":3,"values":null,"datetime_complete":"2026-07-24T12:11:20.516467"}
{"op_code":0,"worker_id":"a74d60c8-2cef-4c92-a8d2-eb6db14b0bd6-23456247935296","study_name":"peter_tretail_k3","directions":[2]}
{"op_code":4,"worker_id":"a74d60c8-2cef-4c92-a8d2-eb6db14b0bd6-23456247935296","study_id":0,"datetime_start":"2026-07-24T12:14:50.104783"}
{"op_code":9,"worker_id":"a74d60c8-2cef-4c92-a8d2-eb6db14b0bd6-23456247935296","trial_id":32,"system_attr":{"tpe:relative_params:0":"{\"lr\": 0.02238729983453499, \"ratio\": 3.9129510033624446}"}}
{"op_code":5,"worker_id":"a74d60c8-2cef-4c92-a8d2-eb6db14b0bd6-23456247935296","trial_id":32,"param_name":"lr","param_value_internal":0.02238729983453499,"distribution":"{\"name\": \"FloatDistribution\", \"attributes\": {\"step\": null, \"low\": 1e-08, \"high\": 0.5, \"log\": true}}"}
{"op_code":5,"worker_id":"a74d60c8-2cef-4c92-a8d2-eb6db14b0bd6-23456247935296","trial_id":32,"param_name":"ratio","param_value_internal":3.9129510033624446,"distribution":"{\"name\": \"FloatDistribution\", \"attributes\": {\"step\": null, \"low\": 0.1, \"high\": 100.0, \"log\": true}}"}
{"op_code":6,"worker_id":"a74d60c8-2cef-4c92-a8d2-eb6db14b0bd6-23456247935296","trial_id":32,"state":1,"values":[-24.310301963104063],"datetime_complete":"2026-07-24T12:17:24.609840"}
{"op_code":0,"worker_id":"dfc39d94-ee02-4f05-8d29-927fe799e120-23456247935296","study_name":"peter_tretail_k3","directions":[2]}
{"op_code":4,"worker_id":"dfc39d94-ee02-4f05-8d29-927fe799e120-23456247935296","study_id":0,"datetime_start":"2026-07-24T12:18:19.345025"}
{"op_code":9,"worker_id":"dfc39d94-ee02-4f05-8d29-927fe799e120-23456247935296","trial_id":33,"system_attr":{"tpe:relative_params:0":"{\"lr\": 0.024250044662062608, \"ratio\": 2.4549202910709784}"}}
{"op_code":5,"worker_id":"dfc39d94-ee02-4f05-8d29-927fe799e120-23456247935296","trial_id":33,"param_name":"lr","param_value_internal":0.024250044662062608,"distribution":"{\"name\": \"FloatDistribution\", \"attributes\": {\"step\": null, \"low\": 1e-08, \"high\": 0.5, \"log\": true}}"}
{"op_code":5,"worker_id":"dfc39d94-ee02-4f05-8d29-927fe799e120-23456247935296","trial_id":33,"param_name":"ratio","param_value_internal":2.4549202910709784,"distribution":"{\"name\": \"FloatDistribution\", \"attributes\": {\"step\": null, \"low\": 0.1, \"high\": 100.0, \"log\": true}}"}
{"op_code":6,"worker_id":"dfc39d94-ee02-4f05-8d29-927fe799e120-23456247935296","trial_id":33,"state":1,"values":[-21.228504332140915],"datetime_complete":"2026-07-24T12:20:41.734330"}
{"op_code":0,"worker_id":"4dbc790e-61b0-4312-8907-2400f1e737ac-23456247935296","study_name":"peter_tretail_k3","directions":[2]}
{"op_code":4,"worker_id":"4dbc790e-61b0-4312-8907-2400f1e737ac-23456247935296","study_id":0,"datetime_start":"2026-07-24T12:22:27.264979"}
{"op_code":9,"worker_id":"4dbc790e-61b0-4312-8907-2400f1e737ac-23456247935296","trial_id":34,"system_attr":{"tpe:relative_params:0":"{\"lr\": 0.07698419983486214, \"ratio\": 0.6126828381110733}"}}
{"op_code":5,"worker_id":"4dbc790e-61b0-4312-8907-2400f1e737ac-23456247935296","trial_id":34,"param_name":"lr","param_value_internal":0.07698419983486214,"distribution":"{\"name\": \"FloatDistribution\", \"attributes\": {\"step\": null, \"low\": 1e-08, \"high\": 0.5, \"log\": true}}"}
{"op_code":5,"worker_id":"4dbc790e-61b0-4312-8907-2400f1e737ac-23456247935296","trial_id":34,"param_name":"ratio","param_value_internal":0.6126828381110733,"distribution":"{\"name\": \"FloatDistribution\", \"attributes\": {\"step\": null, \"low\": 0.1, \"high\": 100.0, \"log\": true}}"}
{"op_code":6,"worker_id":"4dbc790e-61b0-4312-8907-2400f1e737ac-23456247935296","trial_id":34,"state":3,"values":null,"datetime_complete":"2026-07-24T12:22:58.281733"}
{"op_code":0,"worker_id":"93a0b8c4-fec9-4cba-9c3e-072359154230-23456247935296","study_name":"peter_tretail_k3","directions":[2]}
{"op_code":4,"worker_id":"93a0b8c4-fec9-4cba-9c3e-072359154230-23456247935296","study_id":0,"datetime_start":"2026-07-24T12:28:14.596847"}
{"op_code":9,"worker_id":"93a0b8c4-fec9-4cba-9c3e-072359154230-23456247935296","trial_id":35,"system_attr":{"tpe:relative_params:0":"{\"lr\": 0.1671873335515153, \"ratio\": 2.291451911546251}"}}
{"op_code":5,"worker_id":"93a0b8c4-fec9-4cba-9c3e-072359154230-23456247935296","trial_id":35,"param_name":"lr","param_value_internal":0.1671873335515153,"distribution":"{\"name\": \"FloatDistribution\", \"attributes\": {\"step\": null, \"low\": 1e-08, \"high\": 0.5, \"log\": true}}"}
{"op_code":5,"worker_id":"93a0b8c4-fec9-4cba-9c3e-072359154230-23456247935296","trial_id":35,"param_name":"ratio","param_value_internal":2.291451911546251,"distribution":"{\"name\": \"FloatDistribution\", \"attributes\": {\"step\": null, \"low\": 0.1, \"high\": 100.0, \"log\": true}}"}
{"op_code":6,"worker_id":"93a0b8c4-fec9-4cba-9c3e-072359154230-23456247935296","trial_id":35,"state":3,"values":null,"datetime_complete":"2026-07-24T12:28:24.907019"}
{"op_code":0,"worker_id":"c5fab7c5-6975-441d-9e96-946a236e56a4-23456247935296","study_name":"peter_tretail_k3","directions":[2]}
{"op_code":4,"worker_id":"c5fab7c5-6975-441d-9e96-946a236e56a4-23456247935296","study_id":0,"datetime_start":"2026-07-24T12:32:58.110391"}
{"op_code":9,"worker_id":"c5fab7c5-6975-441d-9e96-946a236e56a4-23456247935296","trial_id":36,"system_attr":{"tpe:relative_params:0":"{\"lr\": 0.4481798520007332, \"ratio\": 0.6467462644758921}"}}
{"op_code":5,"worker_id":"c5fab7c5-6975-441d-9e96-946a236e56a4-23456247935296","trial_id":36,"param_name":"lr","param_value_internal":0.4481798520007332,"distribution":"{\"name\": \"FloatDistribution\", \"attributes\": {\"step\": null, \"low\": 1e-08, \"high\": 0.5, \"log\": true}}"}
{"op_code":5,"worker_id":"c5fab7c5-6975-441d-9e96-946a236e56a4-23456247935296","trial_id":36,"param_name":"ratio","param_value_internal":0.6467462644758921,"distribution":"{\"name\": \"FloatDistribution\", \"attributes\": {\"step\": null, \"low\": 0.1, \"high\": 100.0, \"log\": true}}"}
{"op_code":6,"worker_id":"c5fab7c5-6975-441d-9e96-946a236e56a4-23456247935296","trial_id":36,"state":3,"values":null,"datetime_complete":"2026-07-24T12:33:05.842694"}
{"op_code":0,"worker_id":"28ada73d-57d9-4bf4-a5d1-d1753225c6cc-23456247935296","study_name":"peter_tretail_k3","directions":[2]}
{"op_code":4,"worker_id":"28ada73d-57d9-4bf4-a5d1-d1753225c6cc-23456247935296","study_id":0,"datetime_start":"2026-07-24T12:37:01.809917"}
{"op_code":9,"worker_id":"28ada73d-57d9-4bf4-a5d1-d1753225c6cc-23456247935296","trial_id":37,"system_attr":{"tpe:relative_params:0":"{\"lr\": 0.2862816351378159, \"ratio\": 0.7224646499631172}"}}
{"op_code":5,"worker_id":"28ada73d-57d9-4bf4-a5d1-d1753225c6cc-23456247935296","trial_id":37,"param_name":"lr","param_value_internal":0.2862816351378159,"distribution":"{\"name\": \"FloatDistribution\", \"attributes\": {\"step\": null, \"low\": 1e-08, \"high\": 0.5, \"log\": true}}"}
{"op_code":5,"worker_id":"28ada73d-57d9-4bf4-a5d1-d1753225c6cc-23456247935296","trial_id":37,"param_name":"ratio","param_value_internal":0.7224646499631172,"distribution":"{\"name\": \"FloatDistribution\", \"attributes\": {\"step\": null, \"low\": 0.1, \"high\": 100.0, \"log\": true}}"}
{"op_code":6,"worker_id":"28ada73d-57d9-4bf4-a5d1-d1753225c6cc-23456247935296","trial_id":37,"state":3,"values":null,"datetime_complete":"2026-07-24T12:37:14.498051"}
{"op_code":0,"worker_id":"3bf214d4-0edb-41b5-b72a-733413c2cf91-23456247935296","study_name":"peter_tretail_k3","directions":[2]}
{"op_code":4,"worker_id":"3bf214d4-0edb-41b5-b72a-733413c2cf91-23456247935296","study_id":0,"datetime_start":"2026-07-24T12:42:02.406325"}
{"op_code":9,"worker_id":"3bf214d4-0edb-41b5-b72a-733413c2cf91-23456247935296","trial_id":38,"system_attr":{"tpe:relative_params:0":"{\"lr\": 0.2654859717141001, \"ratio\": 0.2967626649897204}"}}
{"op_code":5,"worker_id":"3bf214d4-0edb-41b5-b72a-733413c2cf91-23456247935296","trial_id":38,"param_name":"lr","param_value_internal":0.2654859717141001,"distribution":"{\"name\": \"FloatDistribution\", \"attributes\": {\"step\": null, \"low\": 1e-08, \"high\": 0.5, \"log\": true}}"}
{"op_code":5,"worker_id":"3bf214d4-0edb-41b5-b72a-733413c2cf91-23456247935296","trial_id":38,"param_name":"ratio","param_value_internal":0.2967626649897204,"distribution":"{\"name\": \"FloatDistribution\", \"attributes\": {\"step\": null, \"low\": 0.1, \"high\": 100.0, \"log\": true}}"}
{"op_code":6,"worker_id":"3bf214d4-0edb-41b5-b72a-733413c2cf91-23456247935296","trial_id":38,"state":3,"values":null,"datetime_complete":"2026-07-24T12:42:16.508814"}
{"op_code":0,"worker_id":"56d27cf2-a884-4533-a8d0-c90e1572152d-23456247935296","study_name":"peter_tretail_k3","directions":[2]}
{"op_code":4,"worker_id":"56d27cf2-a884-4533-a8d0-c90e1572152d-23456247935296","study_id":0,"datetime_start":"2026-07-24T12:47:03.974420"}
{"op_code":9,"worker_id":"56d27cf2-a884-4533-a8d0-c90e1572152d-23456247935296","trial_id":39,"system_attr":{"tpe:relative_params:0":"{\"lr\": 0.41546315087271185, \"ratio\": 1.350363342876772}"}}
{"op_code":5,"worker_id":"56d27cf2-a884-4533-a8d0-c90e1572152d-23456247935296","trial_id":39,"param_name":"lr","param_value_internal":0.41546315087271185,"distribution":"{\"name\": \"FloatDistribution\", \"attributes\": {\"step\": null, \"low\": 1e-08, \"high\": 0.5, \"log\": true}}"}
{"op_code":5,"worker_id":"56d27cf2-a884-4533-a8d0-c90e1572152d-23456247935296","trial_id":39,"param_name":"ratio","param_value_internal":1.350363342876772,"distribution":"{\"name\": \"FloatDistribution\", \"attributes\": {\"step\": null, \"low\": 0.1, \"high\": 100.0, \"log\": true}}"}
{"op_code":6,"worker_id":"56d27cf2-a884-4533-a8d0-c90e1572152d-23456247935296","trial_id":39,"state":3,"values":null,"datetime_complete":"2026-07-24T12:47:13.502208"}
{"op_code":0,"worker_id":"bcbc9e49-b889-4700-af8f-3e9deb2a88df-23456247935296","study_name":"peter_tretail_k3","directions":[2]}
{"op_code":4,"worker_id":"bcbc9e49-b889-4700-af8f-3e9deb2a88df-23456247935296","study_id":0,"datetime_start":"2026-07-24T12:51:48.371322"}
{"op_code":9,"worker_id":"bcbc9e49-b889-4700-af8f-3e9deb2a88df-23456247935296","trial_id":40,"system_attr":{"tpe:relative_params:0":"{\"lr\": 0.2617677320505145, \"ratio\": 0.10261607492571313}"}}
{"op_code":5,"worker_id":"bcbc9e49-b889-4700-af8f-3e9deb2a88df-23456247935296","trial_id":40,"param_name":"lr","param_value_internal":0.2617677320505145,"distribution":"{\"name\": \"FloatDistribution\", \"attributes\": {\"step\": null, \"low\": 1e-08, \"high\": 0.5, \"log\": true}}"}
{"op_code":5,"worker_id":"bcbc9e49-b889-4700-af8f-3e9deb2a88df-23456247935296","trial_id":40,"param_name":"ratio","param_value_internal":0.10261607492571313,"distribution":"{\"name\": \"FloatDistribution\", \"attributes\": {\"step\": null, \"low\": 0.1, \"high\": 100.0, \"log\": true}}"}
{"op_code":6,"worker_id":"bcbc9e49-b889-4700-af8f-3e9deb2a88df-23456247935296","trial_id":40,"state":3,"values":null,"datetime_complete":"2026-07-24T12:51:58.769912"}
{"op_code":0,"worker_id":"931ea3d0-1f76-4430-8102-00852b251d4f-23456247935296","study_name":"peter_tretail_k3","directions":[2]}
{"op_code":4,"worker_id":"931ea3d0-1f76-4430-8102-00852b251d4f-23456247935296","study_id":0,"datetime_start":"2026-07-24T12:56:22.825305"}
{"op_code":9,"worker_id":"931ea3d0-1f76-4430-8102-00852b251d4f-23456247935296","trial_id":41,"system_attr":{"tpe:relative_params:0":"{\"lr\": 0.4686123766358098, \"ratio\": 1.1404717124946058}"}}
{"op_code":5,"worker_id":"931ea3d0-1f76-4430-8102-00852b251d4f-23456247935296","trial_id":41,"param_name":"lr","param_value_internal":0.4686123766358098,"distribution":"{\"name\": \"FloatDistribution\", \"attributes\": {\"step\": null, \"low\": 1e-08, \"high\": 0.5, \"log\": true}}"}
{"op_code":5,"worker_id":"931ea3d0-1f76-4430-8102-00852b251d4f-23456247935296","trial_id":41,"param_name":"ratio","param_value_internal":1.1404717124946058,"distribution":"{\"name\": \"FloatDistribution\", \"attributes\": {\"step\": null, \"low\": 0.1, \"high\": 100.0, \"log\": true}}"}
{"op_code":6,"worker_id":"931ea3d0-1f76-4430-8102-00852b251d4f-23456247935296","trial_id":41,"state":3,"values":null,"datetime_complete":"2026-07-24T12:56:31.565548"}
{"op_code":0,"worker_id":"c1409e8c-2472-4cd7-990a-a1a85212e62a-23456247935296","study_name":"peter_tretail_k3","directions":[2]}
{"op_code":4,"worker_id":"c1409e8c-2472-4cd7-990a-a1a85212e62a-23456247935296","study_id":0,"datetime_start":"2026-07-24T13:00:18.969983"}
{"op_code":9,"worker_id":"c1409e8c-2472-4cd7-990a-a1a85212e62a-23456247935296","trial_id":42,"system_attr":{"tpe:relative_params:0":"{\"lr\": 0.0793645515969109, \"ratio\": 0.1134863735481976}"}}
{"op_code":5,"worker_id":"c1409e8c-2472-4cd7-990a-a1a85212e62a-23456247935296","trial_id":42,"param_name":"lr","param_value_internal":0.0793645515969109,"distribution":"{\"name\": \"FloatDistribution\", \"attributes\": {\"step\": null, \"low\": 1e-08, \"high\": 0.5, \"log\": true}}"}
{"op_code":5,"worker_id":"c1409e8c-2472-4cd7-990a-a1a85212e62a-23456247935296","trial_id":42,"param_name":"ratio","param_value_internal":0.1134863735481976,"distribution":"{\"name\": \"FloatDistribution\", \"attributes\": {\"step\": null, \"low\": 0.1, \"high\": 100.0, \"log\": true}}"}
{"op_code":6,"worker_id":"c1409e8c-2472-4cd7-990a-a1a85212e62a-23456247935296","trial_id":42,"state":3,"values":null,"datetime_complete":"2026-07-24T13:00:49.092835"}
{"op_code":0,"worker_id":"7023971b-abe4-449a-976c-cffdaaa06d41-23456247935296","study_name":"peter_tretail_k3","directions":[2]}
{"op_code":4,"worker_id":"7023971b-abe4-449a-976c-cffdaaa06d41-23456247935296","study_id":0,"datetime_start":"2026-07-24T13:04:33.360771"}
{"op_code":9,"worker_id":"7023971b-abe4-449a-976c-cffdaaa06d41-23456247935296","trial_id":43,"system_attr":{"tpe:relative_params:0":"{\"lr\": 0.3349142295643817, \"ratio\": 90.70414408846857}"}}
{"op_code":5,"worker_id":"7023971b-abe4-449a-976c-cffdaaa06d41-23456247935296","trial_id":43,"param_name":"lr","param_value_internal":0.3349142295643817,"distribution":"{\"name\": \"FloatDistribution\", \"attributes\": {\"step\": null, \"low\": 1e-08, \"high\": 0.5, \"log\": true}}"}
{"op_code":5,"worker_id":"7023971b-abe4-449a-976c-cffdaaa06d41-23456247935296","trial_id":43,"param_name":"ratio","param_value_internal":90.70414408846857,"distribution":"{\"name\": \"FloatDistribution\", \"attributes\": {\"step\": null, \"low\": 0.1, \"high\": 100.0, \"log\": true}}"}
{"op_code":6,"worker_id":"7023971b-abe4-449a-976c-cffdaaa06d41-23456247935296","trial_id":43,"state":3,"values":null,"datetime_complete":"2026-07-24T13:04:41.899732"}
{"op_code":0,"worker_id":"58579a28-2fa1-4e84-a926-5672247cc69a-23456247935296","study_name":"peter_tretail_k3","directions":[2]}
{"op_code":4,"worker_id":"58579a28-2fa1-4e84-a926-5672247cc69a-23456247935296","study_id":0,"datetime_start":"2026-07-24T13:09:18.728925"}
{"op_code":9,"worker_id":"58579a28-2fa1-4e84-a926-5672247cc69a-23456247935296","trial_id":44,"system_attr":{"tpe:relative_params:0":"{\"lr\": 0.37012008001463564, \"ratio\": 1.1577996397878785}"}}
{"op_code":5,"worker_id":"58579a28-2fa1-4e84-a926-5672247cc69a-23456247935296","trial_id":44,"param_name":"lr","param_value_internal":0.37012008001463564,"distribution":"{\"name\": \"FloatDistribution\", \"attributes\": {\"step\": null, \"low\": 1e-08, \"high\": 0.5, \"log\": true}}"}
{"op_code":5,"worker_id":"58579a28-2fa1-4e84-a926-5672247cc69a-23456247935296","trial_id":44,"param_name":"ratio","param_value_internal":1.1577996397878785,"distribution":"{\"name\": \"FloatDistribution\", \"attributes\": {\"step\": null, \"low\": 0.1, \"high\": 100.0, \"log\": true}}"}
{"op_code":6,"worker_id":"58579a28-2fa1-4e84-a926-5672247cc69a-23456247935296","trial_id":44,"state":3,"values":null,"datetime_complete":"2026-07-24T13:09:29.567163"}
{"op_code":0,"worker_id":"61c6bf64-e654-4da0-b524-3b0472ee213a-23456247935296","study_name":"peter_tretail_k3","directions":[2]}
{"op_code":4,"worker_id":"61c6bf64-e654-4da0-b524-3b0472ee213a-23456247935296","study_id":0,"datetime_start":"2026-07-24T13:13:58.017875"}
{"op_code":9,"worker_id":"61c6bf64-e654-4da0-b524-3b0472ee213a-23456247935296","trial_id":45,"system_attr":{"tpe:relative_params:0":"{\"lr\": 0.3749626527265772, \"ratio\": 0.7988051164303274}"}}
{"op_code":5,"worker_id":"61c6bf64-e654-4da0-b524-3b0472ee213a-23456247935296","trial_id":45,"param_name":"lr","param_value_internal":0.3749626527265772,"distribution":"{\"name\": \"FloatDistribution\", \"attributes\": {\"step\": null, \"low\": 1e-08, \"high\": 0.5, \"log\": true}}"}
{"op_code":5,"worker_id":"61c6bf64-e654-4da0-b524-3b0472ee213a-23456247935296","trial_id":45,"param_name":"ratio","param_value_internal":0.7988051164303274,"distribution":"{\"name\": \"FloatDistribution\", \"attributes\": {\"step\": null, \"low\": 0.1, \"high\": 100.0, \"log\": true}}"}
{"op_code":6,"worker_id":"61c6bf64-e654-4da0-b524-3b0472ee213a-23456247935296","trial_id":45,"state":3,"values":null,"datetime_complete":"2026-07-24T13:14:06.511350"}
{"op_code":0,"worker_id":"e686273f-f004-4128-af0d-04403c9deeea-23456247935296","study_name":"peter_tretail_k3","directions":[2]}
{"op_code":4,"worker_id":"e686273f-f004-4128-af0d-04403c9deeea-23456247935296","study_id":0,"datetime_start":"2026-07-24T13:18:13.902071"}
{"op_code":9,"worker_id":"e686273f-f004-4128-af0d-04403c9deeea-23456247935296","trial_id":46,"system_attr":{"tpe:relative_params:0":"{\"lr\": 0.047265573983300196, \"ratio\": 0.5917797963039223}"}}
{"op_code":5,"worker_id":"e686273f-f004-4128-af0d-04403c9deeea-23456247935296","trial_id":46,"param_name":"lr","param_value_internal":0.047265573983300196,"distribution":"{\"name\": \"FloatDistribution\", \"attributes\": {\"step\": null, \"low\": 1e-08, \"high\": 0.5, \"log\": true}}"}
{"op_code":5,"worker_id":"e686273f-f004-4128-af0d-04403c9deeea-23456247935296","trial_id":46,"param_name":"ratio","param_value_internal":0.5917797963039223,"distribution":"{\"name\": \"FloatDistribution\", \"attributes\": {\"step\": null, \"low\": 0.1, \"high\": 100.0, \"log\": true}}"}
{"op_code":6,"worker_id":"e686273f-f004-4128-af0d-04403c9deeea-23456247935296","trial_id":46,"state":1,"values":[-22.941213121536986],"datetime_complete":"2026-07-24T13:20:49.890044"}
{"op_code":0,"worker_id":"e607622b-5b55-40a8-b8c0-7c9ca1da4027-23456247935296","study_name":"peter_tretail_k3","directions":[2]}
{"op_code":4,"worker_id":"e607622b-5b55-40a8-b8c0-7c9ca1da4027-23456247935296","study_id":0,"datetime_start":"2026-07-24T13:21:15.038996"}
{"op_code":9,"worker_id":"e607622b-5b55-40a8-b8c0-7c9ca1da4027-23456247935296","trial_id":47,"system_attr":{"tpe:relative_params:0":"{\"lr\": 0.12726185205017435, \"ratio\": 80.76227805005686}"}}
{"op_code":5,"worker_id":"e607622b-5b55-40a8-b8c0-7c9ca1da4027-23456247935296","trial_id":47,"param_name":"lr","param_value_internal":0.12726185205017435,"distribution":"{\"name\": \"FloatDistribution\", \"attributes\": {\"step\": null, \"low\": 1e-08, \"high\": 0.5, \"log\": true}}"}
{"op_code":5,"worker_id":"e607622b-5b55-40a8-b8c0-7c9ca1da4027-23456247935296","trial_id":47,"param_name":"ratio","param_value_internal":80.76227805005686,"distribution":"{\"name\": \"FloatDistribution\", \"attributes\": {\"step\": null, \"low\": 0.1, \"high\": 100.0, \"log\": true}}"}
{"op_code":6,"worker_id":"e607622b-5b55-40a8-b8c0-7c9ca1da4027-23456247935296","trial_id":47,"state":3,"values":null,"datetime_complete":"2026-07-24T13:21:28.043322"}
{"op_code":0,"worker_id":"9257a4a7-51ca-4ba6-a325-f2958372b3bf-23456247935296","study_name":"peter_tretail_k3","directions":[2]}
{"op_code":4,"worker_id":"9257a4a7-51ca-4ba6-a325-f2958372b3bf-23456247935296","study_id":0,"datetime_start":"2026-07-24T13:24:01.306342"}
{"op_code":9,"worker_id":"9257a4a7-51ca-4ba6-a325-f2958372b3bf-23456247935296","trial_id":48,"system_attr":{"tpe:relative_params:0":"{\"lr\": 0.3559479274222657, \"ratio\": 5.814334701407178}"}}
{"op_code":5,"worker_id":"9257a4a7-51ca-4ba6-a325-f2958372b3bf-23456247935296","trial_id":48,"param_name":"lr","param_value_internal":0.3559479274222657,"distribution":"{\"name\": \"FloatDistribution\", \"attributes\": {\"step\": null, \"low\": 1e-08, \"high\": 0.5, \"log\": true}}"}
{"op_code":5,"worker_id":"9257a4a7-51ca-4ba6-a325-f2958372b3bf-23456247935296","trial_id":48,"param_name":"ratio","param_value_internal":5.814334701407178,"distribution":"{\"name\": \"FloatDistribution\", \"attributes\": {\"step\": null, \"low\": 0.1, \"high\": 100.0, \"log\": true}}"}
{"op_code":6,"worker_id":"9257a4a7-51ca-4ba6-a325-f2958372b3bf-23456247935296","trial_id":48,"state":3,"values":null,"datetime_complete":"2026-07-24T13:24:09.744964"}
{"op_code":0,"worker_id":"1e3e5cdc-1a0f-4a0b-8287-821a4c5dd5b0-23456247935296","study_name":"peter_tretail_k3","directions":[2]}
{"op_code":4,"worker_id":"1e3e5cdc-1a0f-4a0b-8287-821a4c5dd5b0-23456247935296","study_id":0,"datetime_start":"2026-07-24T13:26:58.960713"}
{"op_code":9,"worker_id":"1e3e5cdc-1a0f-4a0b-8287-821a4c5dd5b0-23456247935296","trial_id":49,"system_attr":{"tpe:relative_params:0":"{\"lr\": 0.45752399524762866, \"ratio\": 2.584897064099072}"}}
{"op_code":5,"worker_id":"1e3e5cdc-1a0f-4a0b-8287-821a4c5dd5b0-23456247935296","trial_id":49,"param_name":"lr","param_value_internal":0.45752399524762866,"distribution":"{\"name\": \"FloatDistribution\", \"attributes\": {\"step\": null, \"low\": 1e-08, \"high\": 0.5, \"log\": true}}"}
{"op_code":5,"worker_id":"1e3e5cdc-1a0f-4a0b-8287-821a4c5dd5b0-23456247935296","trial_id":49,"param_name":"ratio","param_value_internal":2.584897064099072,"distribution":"{\"name\": \"FloatDistribution\", \"attributes\": {\"step\": null, \"low\": 0.1, \"high\": 100.0, \"log\": true}}"}
{"op_code":6,"worker_id":"1e3e5cdc-1a0f-4a0b-8287-821a4c5dd5b0-23456247935296","trial_id":49,"state":3,"values":null,"datetime_complete":"2026-07-24T13:27:07.380820"}
{"op_code":0,"worker_id":"6b684949-4ac5-4093-8915-cc285cc638c6-23456247935296","study_name":"peter_tretail_k3","directions":[2]}
{"op_code":4,"worker_id":"6b684949-4ac5-4093-8915-cc285cc638c6-23456247935296","study_id":0,"datetime_start":"2026-07-24T13:30:56.603940"}
{"op_code":9,"worker_id":"6b684949-4ac5-4093-8915-cc285cc638c6-23456247935296","trial_id":50,"system_attr":{"tpe:relative_params:0":"{\"lr\": 0.2037830554567881, \"ratio\": 3.290058575366023}"}}
{"op_code":5,"worker_id":"6b684949-4ac5-4093-8915-cc285cc638c6-23456247935296","trial_id":50,"param_name":"lr","param_value_internal":0.2037830554567881,"distribution":"{\"name\": \"FloatDistribution\", \"attributes\": {\"step\": null, \"low\": 1e-08, \"high\": 0.5, \"log\": true}}"}
{"op_code":5,"worker_id":"6b684949-4ac5-4093-8915-cc285cc638c6-23456247935296","trial_id":50,"param_name":"ratio","param_value_internal":3.290058575366023,"distribution":"{\"name\": \"FloatDistribution\", \"attributes\": {\"step\": null, \"low\": 0.1, \"high\": 100.0, \"log\": true}}"}
{"op_code":6,"worker_id":"6b684949-4ac5-4093-8915-cc285cc638c6-23456247935296","trial_id":50,"state":3,"values":null,"datetime_complete":"2026-07-24T13:31:08.979286"}
{"op_code":0,"worker_id":"d2cf9496-67d0-44ec-a791-2e6bc3af39e0-23456247935296","study_name":"peter_tretail_k3","directions":[2]}
{"op_code":4,"worker_id":"d2cf9496-67d0-44ec-a791-2e6bc3af39e0-23456247935296","study_id":0,"datetime_start":"2026-07-24T13:34:29.155054"}
{"op_code":9,"worker_id":"d2cf9496-67d0-44ec-a791-2e6bc3af39e0-23456247935296","trial_id":51,"system_attr":{"tpe:relative_params:0":"{\"lr\": 0.20457217241573583, \"ratio\": 12.806686183766582}"}}
{"op_code":5,"worker_id":"d2cf9496-67d0-44ec-a791-2e6bc3af39e0-23456247935296","trial_id":51,"param_name":"lr","param_value_internal":0.20457217241573583,"distribution":"{\"name\": \"FloatDistribution\", \"attributes\": {\"step\": null, \"low\": 1e-08, \"high\": 0.5, \"log\": true}}"}
{"op_code":5,"worker_id":"d2cf9496-67d0-44ec-a791-2e6bc3af39e0-23456247935296","trial_id":51,"param_name":"ratio","param_value_internal":12.806686183766582,"distribution":"{\"name\": \"FloatDistribution\", \"attributes\": {\"step\": null, \"low\": 0.1, \"high\": 100.0, \"log\": true}}"}
{"op_code":6,"worker_id":"d2cf9496-67d0-44ec-a791-2e6bc3af39e0-23456247935296","trial_id":51,"state":3,"values":null,"datetime_complete":"2026-07-24T13:34:40.532768"}
{"op_code":0,"worker_id":"511d31b7-7239-4c58-a384-d5aa6e614a15-23456247935296","study_name":"peter_tretail_k3","directions":[2]}
{"op_code":4,"worker_id":"511d31b7-7239-4c58-a384-d5aa6e614a15-23456247935296","study_id":0,"datetime_start":"2026-07-24T13:37:04.330590"}
{"op_code":9,"worker_id":"511d31b7-7239-4c58-a384-d5aa6e614a15-23456247935296","trial_id":52,"system_attr":{"tpe:relative_params:0":"{\"lr\": 0.19687138162290382, \"ratio\": 3.1628936587703746}"}}
{"op_code":5,"worker_id":"511d31b7-7239-4c58-a384-d5aa6e614a15-23456247935296","trial_id":52,"param_name":"lr","param_value_internal":0.19687138162290382,"distribution":"{\"name\": \"FloatDistribution\", \"attributes\": {\"step\": null, \"low\": 1e-08, \"high\": 0.5, \"log\": true}}"}
{"op_code":5,"worker_id":"511d31b7-7239-4c58-a384-d5aa6e614a15-23456247935296","trial_id":52,"param_name":"ratio","param_value_internal":3.1628936587703746,"distribution":"{\"name\": \"FloatDistribution\", \"attributes\": {\"step\": null, \"low\": 0.1, \"high\": 100.0, \"log\": true}}"}
{"op_code":6,"worker_id":"511d31b7-7239-4c58-a384-d5aa6e614a15-23456247935296","trial_id":52,"state":3,"values":null,"datetime_complete":"2026-07-24T13:37:14.260017"}
{"op_code":0,"worker_id":"3be8f2f7-414b-44aa-a26a-986c1a4ea2c5-23456247935296","study_name":"peter_tretail_k3","directions":[2]}
{"op_code":0,"worker_id":"8436034f-c5e3-41cf-a774-d48890e7855d-23456247935296","study_name":"peter_tretail_k3","directions":[2]}
