{"op_code":0,"worker_id":"ee57fd22-f608-45d0-a014-5ede1015856f-20268","study_name":"peter_pumsb_star_k3","directions":[2]}
{"op_code":0,"worker_id":"0993ea4d-d108-46ba-bf62-f1ffd920add6-26788","study_name":"peter_pumsb_star_k3","directions":[2]}
{"op_code":4,"worker_id":"0993ea4d-d108-46ba-bf62-f1ffd920add6-26788","study_id":0,"datetime_start":"2026-07-24T09:13:00.458415"}
{"op_code":5,"worker_id":"0993ea4d-d108-46ba-bf62-f1ffd920add6-26788","trial_id":0,"param_name":"lr","param_value_internal":1.3620456056475797e-05,"distribution":"{\"name\": \"FloatDistribution\", \"attributes\": {\"step\": null, \"low\": 1e-08, \"high\": 0.5, \"log\": true}}"}
{"op_code":5,"worker_id":"0993ea4d-d108-46ba-bf62-f1ffd920add6-26788","trial_id":0,"param_name":"ratio","param_value_internal":0.4479117743694037,"distribution":"{\"name\": \"FloatDistribution\", \"attributes\": {\"step\": null, \"low\": 0.1, \"high\": 100.0, \"log\": true}}"}
{"op_code":0,"worker_id":"27820eae-0bfc-4af1-a44c-ec1f7fdd6dc1-31232","study_name":"peter_pumsb_star_k3","directions":[2]}
{"op_code":4,"worker_id":"27820eae-0bfc-4af1-a44c-ec1f7fdd6dc1-31232","study_id":0,"datetime_start":"2026-07-24T09:13:01.593764"}
{"op_code":5,"worker_id":"27820eae-0bfc-4af1-a44c-ec1f7fdd6dc1-31232","trial_id":1,"param_name":"lr","param_value_internal":0.0008194458225919056,"distribution":"{\"name\": \"FloatDistribution\", \"attributes\": {\"step\": null, \"low\": 1e-08, \"high\": 0.5, \"log\": true}}"}
{"op_code":5,"worker_id":"27820eae-0bfc-4af1-a44c-ec1f7fdd6dc1-31232","trial_id":1,"param_name":"ratio","param_value_internal":28.694069557635487,"distribution":"{\"name\": \"FloatDistribution\", \"attributes\": {\"step\": null, \"low\": 0.1, \"high\": 100.0, \"log\": true}}"}
{"op_code":0,"worker_id":"85ef695d-3409-4a3f-b63c-219a3ef19051-25836","study_name":"peter_pumsb_star_k3","directions":[2]}
{"op_code":0,"worker_id":"d76d0b23-8b3b-4f7e-beef-28b81d92f896-23456247935296","study_name":"peter_pumsb_star_k3","directions":[2]}
{"op_code":0,"worker_id":"36aee99f-daae-4e68-b920-16689e44e2cd-23456247935296","study_name":"peter_pumsb_star_k3","directions":[2]}
{"op_code":4,"worker_id":"36aee99f-daae-4e68-b920-16689e44e2cd-23456247935296","study_id":0,"datetime_start":"2026-07-24T10:21:57.227583"}
{"op_code":5,"worker_id":"36aee99f-daae-4e68-b920-16689e44e2cd-23456247935296","trial_id":2,"param_name":"lr","param_value_internal":0.0006650532751633437,"distribution":"{\"name\": \"FloatDistribution\", \"attributes\": {\"step\": null, \"low\": 1e-08, \"high\": 0.5, \"log\": true}}"}
{"op_code":5,"worker_id":"36aee99f-daae-4e68-b920-16689e44e2cd-23456247935296","trial_id":2,"param_name":"ratio","param_value_internal":23.66259045316518,"distribution":"{\"name\": \"FloatDistribution\", \"attributes\": {\"step\": null, \"low\": 0.1, \"high\": 100.0, \"log\": true}}"}
{"op_code":0,"worker_id":"a0ae4cef-7824-41ca-a051-65f76a13f537-23456247935296","study_name":"peter_pumsb_star_k3","directions":[2]}
{"op_code":4,"worker_id":"a0ae4cef-7824-41ca-a051-65f76a13f537-23456247935296","study_id":0,"datetime_start":"2026-07-24T10:23:13.132591"}
{"op_code":5,"worker_id":"a0ae4cef-7824-41ca-a051-65f76a13f537-23456247935296","trial_id":3,"param_name":"lr","param_value_internal":5.449664423293139e-05,"distribution":"{\"name\": \"FloatDistribution\", \"attributes\": {\"step\": null, \"low\": 1e-08, \"high\": 0.5, \"log\": true}}"}
{"op_code":5,"worker_id":"a0ae4cef-7824-41ca-a051-65f76a13f537-23456247935296","trial_id":3,"param_name":"ratio","param_value_internal":0.16939620505412042,"distribution":"{\"name\": \"FloatDistribution\", \"attributes\": {\"step\": null, \"low\": 0.1, \"high\": 100.0, \"log\": true}}"}
{"op_code":6,"worker_id":"36aee99f-daae-4e68-b920-16689e44e2cd-23456247935296","trial_id":2,"state":1,"values":[-48.36449541642543],"datetime_complete":"2026-07-24T10:23:21.753428"}
{"op_code":6,"worker_id":"a0ae4cef-7824-41ca-a051-65f76a13f537-23456247935296","trial_id":3,"state":1,"values":[-64.2001509157206],"datetime_complete":"2026-07-24T10:24:37.468736"}
{"op_code":0,"worker_id":"8253c533-aa4e-460e-a019-362305867186-23456247935296","study_name":"peter_pumsb_star_k3","directions":[2]}
{"op_code":4,"worker_id":"8253c533-aa4e-460e-a019-362305867186-23456247935296","study_id":0,"datetime_start":"2026-07-24T10:26:28.126725"}
{"op_code":5,"worker_id":"8253c533-aa4e-460e-a019-362305867186-23456247935296","trial_id":4,"param_name":"lr","param_value_internal":9.659492360396642e-08,"distribution":"{\"name\": \"FloatDistribution\", \"attributes\": {\"step\": null, \"low\": 1e-08, \"high\": 0.5, \"log\": true}}"}
{"op_code":5,"worker_id":"8253c533-aa4e-460e-a019-362305867186-23456247935296","trial_id":4,"param_name":"ratio","param_value_internal":0.19244604124211026,"distribution":"{\"name\": \"FloatDistribution\", \"attributes\": {\"step\": null, \"low\": 0.1, \"high\": 100.0, \"log\": true}}"}
{"op_code":6,"worker_id":"8253c533-aa4e-460e-a019-362305867186-23456247935296","trial_id":4,"state":1,"values":[-53.6842640268301],"datetime_complete":"2026-07-24T10:28:08.742535"}
{"op_code":0,"worker_id":"20b61254-3f64-4ce4-ae66-6990d9d69f2a-23456247935296","study_name":"peter_pumsb_star_k3","directions":[2]}
{"op_code":4,"worker_id":"20b61254-3f64-4ce4-ae66-6990d9d69f2a-23456247935296","study_id":0,"datetime_start":"2026-07-24T10:30:00.968531"}
{"op_code":5,"worker_id":"20b61254-3f64-4ce4-ae66-6990d9d69f2a-23456247935296","trial_id":5,"param_name":"lr","param_value_internal":0.3954913776905556,"distribution":"{\"name\": \"FloatDistribution\", \"attributes\": {\"step\": null, \"low\": 1e-08, \"high\": 0.5, \"log\": true}}"}
{"op_code":5,"worker_id":"20b61254-3f64-4ce4-ae66-6990d9d69f2a-23456247935296","trial_id":5,"param_name":"ratio","param_value_internal":16.121222917445852,"distribution":"{\"name\": \"FloatDistribution\", \"attributes\": {\"step\": null, \"low\": 0.1, \"high\": 100.0, \"log\": true}}"}
{"op_code":6,"worker_id":"20b61254-3f64-4ce4-ae66-6990d9d69f2a-23456247935296","trial_id":5,"state":3,"values":null,"datetime_complete":"2026-07-24T10:30:09.556375"}
{"op_code":0,"worker_id":"362595bd-24d6-46ab-b802-dbcd4aa3026d-23456247935296","study_name":"peter_pumsb_star_k3","directions":[2]}
{"op_code":4,"worker_id":"362595bd-24d6-46ab-b802-dbcd4aa3026d-23456247935296","study_id":0,"datetime_start":"2026-07-24T10:33:33.227006"}
{"op_code":5,"worker_id":"362595bd-24d6-46ab-b802-dbcd4aa3026d-23456247935296","trial_id":6,"param_name":"lr","param_value_internal":0.09382480440100642,"distribution":"{\"name\": \"FloatDistribution\", \"attributes\": {\"step\": null, \"low\": 1e-08, \"high\": 0.5, \"log\": true}}"}
{"op_code":5,"worker_id":"362595bd-24d6-46ab-b802-dbcd4aa3026d-23456247935296","trial_id":6,"param_name":"ratio","param_value_internal":17.4055121705533,"distribution":"{\"name\": \"FloatDistribution\", \"attributes\": {\"step\": null, \"low\": 0.1, \"high\": 100.0, \"log\": true}}"}
{"op_code":6,"worker_id":"362595bd-24d6-46ab-b802-dbcd4aa3026d-23456247935296","trial_id":6,"state":3,"values":null,"datetime_complete":"2026-07-24T10:33:41.495676"}
{"op_code":0,"worker_id":"2bf62460-0dcd-4a9d-ad62-f8dccc1026e9-23456247935296","study_name":"peter_pumsb_star_k3","directions":[2]}
{"op_code":4,"worker_id":"2bf62460-0dcd-4a9d-ad62-f8dccc1026e9-23456247935296","study_id":0,"datetime_start":"2026-07-24T10:36:50.445480"}
{"op_code":5,"worker_id":"2bf62460-0dcd-4a9d-ad62-f8dccc1026e9-23456247935296","trial_id":7,"param_name":"lr","param_value_internal":1.9661749771740687e-06,"distribution":"{\"name\": \"FloatDistribution\", \"attributes\": {\"step\": null, \"low\": 1e-08, \"high\": 0.5, \"log\": true}}"}
{"op_code":5,"worker_id":"2bf62460-0dcd-4a9d-ad62-f8dccc1026e9-23456247935296","trial_id":7,"param_name":"ratio","param_value_internal":12.452291523835507,"distribution":"{\"name\": \"FloatDistribution\", \"attributes\": {\"step\": null, \"low\": 0.1, \"high\": 100.0, \"log\": true}}"}
{"op_code":6,"worker_id":"2bf62460-0dcd-4a9d-ad62-f8dccc1026e9-23456247935296","trial_id":7,"state":1,"values":[-51.35799757158772],"datetime_complete":"2026-07-24T10:38:33.762198"}
{"op_code":0,"worker_id":"1ef00063-dd90-4b7d-9033-9c84529c5c27-23456247935296","study_name":"peter_pumsb_star_k3","directions":[2]}
{"op_code":4,"worker_id":"1ef00063-dd90-4b7d-9033-9c84529c5c27-23456247935296","study_id":0,"datetime_start":"2026-07-24T10:40:36.799262"}
{"op_code":5,"worker_id":"1ef00063-dd90-4b7d-9033-9c84529c5c27-23456247935296","trial_id":8,"param_name":"lr","param_value_internal":1.4096191993448437e-06,"distribution":"{\"name\": \"FloatDistribution\", \"attributes\": {\"step\": null, \"low\": 1e-08, \"high\": 0.5, \"log\": true}}"}
{"op_code":5,"worker_id":"1ef00063-dd90-4b7d-9033-9c84529c5c27-23456247935296","trial_id":8,"param_name":"ratio","param_value_internal":0.40615406529768,"distribution":"{\"name\": \"FloatDistribution\", \"attributes\": {\"step\": null, \"low\": 0.1, \"high\": 100.0, \"log\": true}}"}
{"op_code":6,"worker_id":"1ef00063-dd90-4b7d-9033-9c84529c5c27-23456247935296","trial_id":8,"state":1,"values":[-52.98683102432194],"datetime_complete":"2026-07-24T10:42:18.446906"}
{"op_code":0,"worker_id":"a0e39323-40f1-4d31-9de6-6ea93e453c70-23456247935296","study_name":"peter_pumsb_star_k3","directions":[2]}
{"op_code":4,"worker_id":"a0e39323-40f1-4d31-9de6-6ea93e453c70-23456247935296","study_id":0,"datetime_start":"2026-07-24T10:44:42.351867"}
{"op_code":5,"worker_id":"a0e39323-40f1-4d31-9de6-6ea93e453c70-23456247935296","trial_id":9,"param_name":"lr","param_value_internal":5.301524186244168e-08,"distribution":"{\"name\": \"FloatDistribution\", \"attributes\": {\"step\": null, \"low\": 1e-08, \"high\": 0.5, \"log\": true}}"}
{"op_code":5,"worker_id":"a0e39323-40f1-4d31-9de6-6ea93e453c70-23456247935296","trial_id":9,"param_name":"ratio","param_value_internal":22.07912546863181,"distribution":"{\"name\": \"FloatDistribution\", \"attributes\": {\"step\": null, \"low\": 0.1, \"high\": 100.0, \"log\": true}}"}
{"op_code":6,"worker_id":"a0e39323-40f1-4d31-9de6-6ea93e453c70-23456247935296","trial_id":9,"state":1,"values":[-53.682833125086525],"datetime_complete":"2026-07-24T10:46:05.504025"}
{"op_code":0,"worker_id":"d77869cf-f509-45f1-b8e7-9a14b8dbdee7-23456247935296","study_name":"peter_pumsb_star_k3","directions":[2]}
{"op_code":4,"worker_id":"d77869cf-f509-45f1-b8e7-9a14b8dbdee7-23456247935296","study_id":0,"datetime_start":"2026-07-24T10:49:15.238415"}
{"op_code":5,"worker_id":"d77869cf-f509-45f1-b8e7-9a14b8dbdee7-23456247935296","trial_id":10,"param_name":"lr","param_value_internal":3.084007437693501e-06,"distribution":"{\"name\": \"FloatDistribution\", \"attributes\": {\"step\": null, \"low\": 1e-08, \"high\": 0.5, \"log\": true}}"}
{"op_code":5,"worker_id":"d77869cf-f509-45f1-b8e7-9a14b8dbdee7-23456247935296","trial_id":10,"param_name":"ratio","param_value_internal":0.19463932914347934,"distribution":"{\"name\": \"FloatDistribution\", \"attributes\": {\"step\": null, \"low\": 0.1, \"high\": 100.0, \"log\": true}}"}
{"op_code":6,"worker_id":"d77869cf-f509-45f1-b8e7-9a14b8dbdee7-23456247935296","trial_id":10,"state":1,"values":[-52.49918411398277],"datetime_complete":"2026-07-24T10:50:41.155787"}
{"op_code":0,"worker_id":"2ae238e3-1a0a-4cec-8018-c106d76faaf2-23456247935296","study_name":"peter_pumsb_star_k3","directions":[2]}
{"op_code":4,"worker_id":"2ae238e3-1a0a-4cec-8018-c106d76faaf2-23456247935296","study_id":0,"datetime_start":"2026-07-24T10:53:32.126231"}
{"op_code":5,"worker_id":"2ae238e3-1a0a-4cec-8018-c106d76faaf2-23456247935296","trial_id":11,"param_name":"lr","param_value_internal":6.838353508186347e-07,"distribution":"{\"name\": \"FloatDistribution\", \"attributes\": {\"step\": null, \"low\": 1e-08, \"high\": 0.5, \"log\": true}}"}
{"op_code":5,"worker_id":"2ae238e3-1a0a-4cec-8018-c106d76faaf2-23456247935296","trial_id":11,"param_name":"ratio","param_value_internal":10.16748987312802,"distribution":"{\"name\": \"FloatDistribution\", \"attributes\": {\"step\": null, \"low\": 0.1, \"high\": 100.0, \"log\": true}}"}
{"op_code":6,"worker_id":"2ae238e3-1a0a-4cec-8018-c106d76faaf2-23456247935296","trial_id":11,"state":1,"values":[-53.08328105431103],"datetime_complete":"2026-07-24T10:55:14.116190"}
{"op_code":0,"worker_id":"e97cd056-a68a-4e50-9e33-dc3ff6553bf5-23456247935296","study_name":"peter_pumsb_star_k3","directions":[2]}
{"op_code":4,"worker_id":"e97cd056-a68a-4e50-9e33-dc3ff6553bf5-23456247935296","study_id":0,"datetime_start":"2026-07-24T10:57:43.171835"}
{"op_code":5,"worker_id":"e97cd056-a68a-4e50-9e33-dc3ff6553bf5-23456247935296","trial_id":12,"param_name":"lr","param_value_internal":3.007147952661982e-08,"distribution":"{\"name\": \"FloatDistribution\", \"attributes\": {\"step\": null, \"low\": 1e-08, \"high\": 0.5, \"log\": true}}"}
{"op_code":5,"worker_id":"e97cd056-a68a-4e50-9e33-dc3ff6553bf5-23456247935296","trial_id":12,"param_name":"ratio","param_value_internal":8.646825371842612,"distribution":"{\"name\": \"FloatDistribution\", \"attributes\": {\"step\": null, \"low\": 0.1, \"high\": 100.0, \"log\": true}}"}
{"op_code":6,"worker_id":"e97cd056-a68a-4e50-9e33-dc3ff6553bf5-23456247935296","trial_id":12,"state":1,"values":[-53.69990687777193],"datetime_complete":"2026-07-24T10:59:12.970593"}
{"op_code":0,"worker_id":"95d42608-4ad1-49ee-af31-00ea5f357b7e-23456247935296","study_name":"peter_pumsb_star_k3","directions":[2]}
{"op_code":4,"worker_id":"95d42608-4ad1-49ee-af31-00ea5f357b7e-23456247935296","study_id":0,"datetime_start":"2026-07-24T11:03:15.048978"}
{"op_code":5,"worker_id":"95d42608-4ad1-49ee-af31-00ea5f357b7e-23456247935296","trial_id":13,"param_name":"lr","param_value_internal":5.7773659239730185e-05,"distribution":"{\"name\": \"FloatDistribution\", \"attributes\": {\"step\": null, \"low\": 1e-08, \"high\": 0.5, \"log\": true}}"}
{"op_code":5,"worker_id":"95d42608-4ad1-49ee-af31-00ea5f357b7e-23456247935296","trial_id":13,"param_name":"ratio","param_value_internal":0.6990318655439167,"distribution":"{\"name\": \"FloatDistribution\", \"attributes\": {\"step\": null, \"low\": 0.1, \"high\": 100.0, \"log\": true}}"}
{"op_code":6,"worker_id":"95d42608-4ad1-49ee-af31-00ea5f357b7e-23456247935296","trial_id":13,"state":1,"values":[-64.02999287812207],"datetime_complete":"2026-07-24T11:05:01.670343"}
{"op_code":0,"worker_id":"731874f7-9639-4e9c-bb21-8decde0abce8-23456247935296","study_name":"peter_pumsb_star_k3","directions":[2]}
{"op_code":4,"worker_id":"731874f7-9639-4e9c-bb21-8decde0abce8-23456247935296","study_id":0,"datetime_start":"2026-07-24T11:07:45.510617"}
{"op_code":9,"worker_id":"731874f7-9639-4e9c-bb21-8decde0abce8-23456247935296","trial_id":14,"system_attr":{"tpe:relative_params:0":"{\"lr\": 0.2683702393548965, \"ratio\": 29.485443223417356}"}}
{"op_code":5,"worker_id":"731874f7-9639-4e9c-bb21-8decde0abce8-23456247935296","trial_id":14,"param_name":"lr","param_value_internal":0.2683702393548965,"distribution":"{\"name\": \"FloatDistribution\", \"attributes\": {\"step\": null, \"low\": 1e-08, \"high\": 0.5, \"log\": true}}"}
{"op_code":5,"worker_id":"731874f7-9639-4e9c-bb21-8decde0abce8-23456247935296","trial_id":14,"param_name":"ratio","param_value_internal":29.485443223417356,"distribution":"{\"name\": \"FloatDistribution\", \"attributes\": {\"step\": null, \"low\": 0.1, \"high\": 100.0, \"log\": true}}"}
{"op_code":6,"worker_id":"731874f7-9639-4e9c-bb21-8decde0abce8-23456247935296","trial_id":14,"state":3,"values":null,"datetime_complete":"2026-07-24T11:07:53.293574"}
{"op_code":0,"worker_id":"50af5df8-6613-40c0-976b-33af0516b857-23456247935296","study_name":"peter_pumsb_star_k3","directions":[2]}
{"op_code":4,"worker_id":"50af5df8-6613-40c0-976b-33af0516b857-23456247935296","study_id":0,"datetime_start":"2026-07-24T11:12:25.561582"}
{"op_code":9,"worker_id":"50af5df8-6613-40c0-976b-33af0516b857-23456247935296","trial_id":15,"system_attr":{"tpe:relative_params:0":"{\"lr\": 0.05630356745179966, \"ratio\": 1.3587467212519428}"}}
{"op_code":5,"worker_id":"50af5df8-6613-40c0-976b-33af0516b857-23456247935296","trial_id":15,"param_name":"lr","param_value_internal":0.05630356745179966,"distribution":"{\"name\": \"FloatDistribution\", \"attributes\": {\"step\": null, \"low\": 1e-08, \"high\": 0.5, \"log\": true}}"}
{"op_code":5,"worker_id":"50af5df8-6613-40c0-976b-33af0516b857-23456247935296","trial_id":15,"param_name":"ratio","param_value_internal":1.3587467212519428,"distribution":"{\"name\": \"FloatDistribution\", \"attributes\": {\"step\": null, \"low\": 0.1, \"high\": 100.0, \"log\": true}}"}
{"op_code":6,"worker_id":"50af5df8-6613-40c0-976b-33af0516b857-23456247935296","trial_id":15,"state":3,"values":null,"datetime_complete":"2026-07-24T11:12:33.937923"}
{"op_code":0,"worker_id":"4868a727-73ab-4165-b693-bf856a332a6c-23456247935296","study_name":"peter_pumsb_star_k3","directions":[2]}
{"op_code":4,"worker_id":"4868a727-73ab-4165-b693-bf856a332a6c-23456247935296","study_id":0,"datetime_start":"2026-07-24T11:16:38.211936"}
{"op_code":9,"worker_id":"4868a727-73ab-4165-b693-bf856a332a6c-23456247935296","trial_id":16,"system_attr":{"tpe:relative_params:0":"{\"lr\": 0.16253142114636396, \"ratio\": 3.9016604189226074}"}}
{"op_code":5,"worker_id":"4868a727-73ab-4165-b693-bf856a332a6c-23456247935296","trial_id":16,"param_name":"lr","param_value_internal":0.16253142114636396,"distribution":"{\"name\": \"FloatDistribution\", \"attributes\": {\"step\": null, \"low\": 1e-08, \"high\": 0.5, \"log\": true}}"}
{"op_code":5,"worker_id":"4868a727-73ab-4165-b693-bf856a332a6c-23456247935296","trial_id":16,"param_name":"ratio","param_value_internal":3.9016604189226074,"distribution":"{\"name\": \"FloatDistribution\", \"attributes\": {\"step\": null, \"low\": 0.1, \"high\": 100.0, \"log\": true}}"}
{"op_code":6,"worker_id":"4868a727-73ab-4165-b693-bf856a332a6c-23456247935296","trial_id":16,"state":3,"values":null,"datetime_complete":"2026-07-24T11:16:45.882428"}
{"op_code":0,"worker_id":"7febb648-f006-42b0-9995-3ff559fcc00e-23456247935296","study_name":"peter_pumsb_star_k3","directions":[2]}
{"op_code":4,"worker_id":"7febb648-f006-42b0-9995-3ff559fcc00e-23456247935296","study_id":0,"datetime_start":"2026-07-24T11:20:49.928260"}
{"op_code":9,"worker_id":"7febb648-f006-42b0-9995-3ff559fcc00e-23456247935296","trial_id":17,"system_attr":{"tpe:relative_params:0":"{\"lr\": 0.0746697518087064, \"ratio\": 5.0059932133158185}"}}
{"op_code":5,"worker_id":"7febb648-f006-42b0-9995-3ff559fcc00e-23456247935296","trial_id":17,"param_name":"lr","param_value_internal":0.0746697518087064,"distribution":"{\"name\": \"FloatDistribution\", \"attributes\": {\"step\": null, \"low\": 1e-08, \"high\": 0.5, \"log\": true}}"}
{"op_code":5,"worker_id":"7febb648-f006-42b0-9995-3ff559fcc00e-23456247935296","trial_id":17,"param_name":"ratio","param_value_internal":5.0059932133158185,"distribution":"{\"name\": \"FloatDistribution\", \"attributes\": {\"step\": null, \"low\": 0.1, \"high\": 100.0, \"log\": true}}"}
{"op_code":6,"worker_id":"7febb648-f006-42b0-9995-3ff559fcc00e-23456247935296","trial_id":17,"state":3,"values":null,"datetime_complete":"2026-07-24T11:20:57.496844"}
{"op_code":0,"worker_id":"b74e3019-9a01-4bee-ac1d-b9aeafb585d1-23456247935296","study_name":"peter_pumsb_star_k3","directions":[2]}
{"op_code":4,"worker_id":"b74e3019-9a01-4bee-ac1d-b9aeafb585d1-23456247935296","study_id":0,"datetime_start":"2026-07-24T11:25:03.046920"}
{"op_code":9,"worker_id":"b74e3019-9a01-4bee-ac1d-b9aeafb585d1-23456247935296","trial_id":18,"system_attr":{"tpe:relative_params:0":"{\"lr\": 0.09857942243928873, \"ratio\": 4.200931096501036}"}}
{"op_code":5,"worker_id":"b74e3019-9a01-4bee-ac1d-b9aeafb585d1-23456247935296","trial_id":18,"param_name":"lr","param_value_internal":0.09857942243928873,"distribution":"{\"name\": \"FloatDistribution\", \"attributes\": {\"step\": null, \"low\": 1e-08, \"high\": 0.5, \"log\": true}}"}
{"op_code":5,"worker_id":"b74e3019-9a01-4bee-ac1d-b9aeafb585d1-23456247935296","trial_id":18,"param_name":"ratio","param_value_internal":4.200931096501036,"distribution":"{\"name\": \"FloatDistribution\", \"attributes\": {\"step\": null, \"low\": 0.1, \"high\": 100.0, \"log\": true}}"}
{"op_code":6,"worker_id":"b74e3019-9a01-4bee-ac1d-b9aeafb585d1-23456247935296","trial_id":18,"state":3,"values":null,"datetime_complete":"2026-07-24T11:25:10.675453"}
{"op_code":0,"worker_id":"b271e5b5-637a-4c1c-ad6c-1ba3d2ac8503-23456247935296","study_name":"peter_pumsb_star_k3","directions":[2]}
{"op_code":4,"worker_id":"b271e5b5-637a-4c1c-ad6c-1ba3d2ac8503-23456247935296","study_id":0,"datetime_start":"2026-07-24T11:28:39.535087"}
{"op_code":9,"worker_id":"b271e5b5-637a-4c1c-ad6c-1ba3d2ac8503-23456247935296","trial_id":19,"system_attr":{"tpe:relative_params:0":"{\"lr\": 0.25172103025160264, \"ratio\": 2.95227861626413}"}}
{"op_code":5,"worker_id":"b271e5b5-637a-4c1c-ad6c-1ba3d2ac8503-23456247935296","trial_id":19,"param_name":"lr","param_value_internal":0.25172103025160264,"distribution":"{\"name\": \"FloatDistribution\", \"attributes\": {\"step\": null, \"low\": 1e-08, \"high\": 0.5, \"log\": true}}"}
{"op_code":5,"worker_id":"b271e5b5-637a-4c1c-ad6c-1ba3d2ac8503-23456247935296","trial_id":19,"param_name":"ratio","param_value_internal":2.95227861626413,"distribution":"{\"name\": \"FloatDistribution\", \"attributes\": {\"step\": null, \"low\": 0.1, \"high\": 100.0, \"log\": true}}"}
{"op_code":6,"worker_id":"b271e5b5-637a-4c1c-ad6c-1ba3d2ac8503-23456247935296","trial_id":19,"state":3,"values":null,"datetime_complete":"2026-07-24T11:28:47.688302"}
{"op_code":0,"worker_id":"c13f498a-c327-4d2e-b9b4-4ac1cc87cf4a-23456247935296","study_name":"peter_pumsb_star_k3","directions":[2]}
{"op_code":4,"worker_id":"c13f498a-c327-4d2e-b9b4-4ac1cc87cf4a-23456247935296","study_id":0,"datetime_start":"2026-07-24T11:33:56.792713"}
{"op_code":9,"worker_id":"c13f498a-c327-4d2e-b9b4-4ac1cc87cf4a-23456247935296","trial_id":20,"system_attr":{"tpe:relative_params:0":"{\"lr\": 0.4488919572690034, \"ratio\": 8.767196992351641}"}}
{"op_code":5,"worker_id":"c13f498a-c327-4d2e-b9b4-4ac1cc87cf4a-23456247935296","trial_id":20,"param_name":"lr","param_value_internal":0.4488919572690034,"distribution":"{\"name\": \"FloatDistribution\", \"attributes\": {\"step\": null, \"low\": 1e-08, \"high\": 0.5, \"log\": true}}"}
{"op_code":5,"worker_id":"c13f498a-c327-4d2e-b9b4-4ac1cc87cf4a-23456247935296","trial_id":20,"param_name":"ratio","param_value_internal":8.767196992351641,"distribution":"{\"name\": \"FloatDistribution\", \"attributes\": {\"step\": null, \"low\": 0.1, \"high\": 100.0, \"log\": true}}"}
{"op_code":6,"worker_id":"c13f498a-c327-4d2e-b9b4-4ac1cc87cf4a-23456247935296","trial_id":20,"state":3,"values":null,"datetime_complete":"2026-07-24T11:34:04.664344"}
{"op_code":0,"worker_id":"bb21910e-8c40-431e-ae54-9e74d767fdba-23456247935296","study_name":"peter_pumsb_star_k3","directions":[2]}
{"op_code":4,"worker_id":"bb21910e-8c40-431e-ae54-9e74d767fdba-23456247935296","study_id":0,"datetime_start":"2026-07-24T11:38:22.360305"}
{"op_code":9,"worker_id":"bb21910e-8c40-431e-ae54-9e74d767fdba-23456247935296","trial_id":21,"system_attr":{"tpe:relative_params:0":"{\"lr\": 0.09537261882724263, \"ratio\": 4.150912570964487}"}}
{"op_code":5,"worker_id":"bb21910e-8c40-431e-ae54-9e74d767fdba-23456247935296","trial_id":21,"param_name":"lr","param_value_internal":0.09537261882724263,"distribution":"{\"name\": \"FloatDistribution\", \"attributes\": {\"step\": null, \"low\": 1e-08, \"high\": 0.5, \"log\": true}}"}
{"op_code":5,"worker_id":"bb21910e-8c40-431e-ae54-9e74d767fdba-23456247935296","trial_id":21,"param_name":"ratio","param_value_internal":4.150912570964487,"distribution":"{\"name\": \"FloatDistribution\", \"attributes\": {\"step\": null, \"low\": 0.1, \"high\": 100.0, \"log\": true}}"}
{"op_code":6,"worker_id":"bb21910e-8c40-431e-ae54-9e74d767fdba-23456247935296","trial_id":21,"state":3,"values":null,"datetime_complete":"2026-07-24T11:38:29.744954"}
{"op_code":0,"worker_id":"b9cfcff6-3642-45c1-a4c4-e3f0075dd0e7-23456247935296","study_name":"peter_pumsb_star_k3","directions":[2]}
{"op_code":4,"worker_id":"b9cfcff6-3642-45c1-a4c4-e3f0075dd0e7-23456247935296","study_id":0,"datetime_start":"2026-07-24T11:42:15.158649"}
{"op_code":9,"worker_id":"b9cfcff6-3642-45c1-a4c4-e3f0075dd0e7-23456247935296","trial_id":22,"system_attr":{"tpe:relative_params:0":"{\"lr\": 0.045848770213368126, \"ratio\": 3.681258090240986}"}}
{"op_code":5,"worker_id":"b9cfcff6-3642-45c1-a4c4-e3f0075dd0e7-23456247935296","trial_id":22,"param_name":"lr","param_value_internal":0.045848770213368126,"distribution":"{\"name\": \"FloatDistribution\", \"attributes\": {\"step\": null, \"low\": 1e-08, \"high\": 0.5, \"log\": true}}"}
{"op_code":5,"worker_id":"b9cfcff6-3642-45c1-a4c4-e3f0075dd0e7-23456247935296","trial_id":22,"param_name":"ratio","param_value_internal":3.681258090240986,"distribution":"{\"name\": \"FloatDistribution\", \"attributes\": {\"step\": null, \"low\": 0.1, \"high\": 100.0, \"log\": true}}"}
{"op_code":6,"worker_id":"b9cfcff6-3642-45c1-a4c4-e3f0075dd0e7-23456247935296","trial_id":22,"state":3,"values":null,"datetime_complete":"2026-07-24T11:42:24.304576"}
{"op_code":0,"worker_id":"c99a5cd8-e4eb-4e7a-a05e-21571e1004c4-23456247935296","study_name":"peter_pumsb_star_k3","directions":[2]}
{"op_code":4,"worker_id":"c99a5cd8-e4eb-4e7a-a05e-21571e1004c4-23456247935296","study_id":0,"datetime_start":"2026-07-24T11:45:18.229199"}
{"op_code":9,"worker_id":"c99a5cd8-e4eb-4e7a-a05e-21571e1004c4-23456247935296","trial_id":23,"system_attr":{"tpe:relative_params:0":"{\"lr\": 0.08986913782352655, \"ratio\": 4.231546113002686}"}}
{"op_code":5,"worker_id":"c99a5cd8-e4eb-4e7a-a05e-21571e1004c4-23456247935296","trial_id":23,"param_name":"lr","param_value_internal":0.08986913782352655,"distribution":"{\"name\": \"FloatDistribution\", \"attributes\": {\"step\": null, \"low\": 1e-08, \"high\": 0.5, \"log\": true}}"}
{"op_code":5,"worker_id":"c99a5cd8-e4eb-4e7a-a05e-21571e1004c4-23456247935296","trial_id":23,"param_name":"ratio","param_value_internal":4.231546113002686,"distribution":"{\"name\": \"FloatDistribution\", \"attributes\": {\"step\": null, \"low\": 0.1, \"high\": 100.0, \"log\": true}}"}
{"op_code":6,"worker_id":"c99a5cd8-e4eb-4e7a-a05e-21571e1004c4-23456247935296","trial_id":23,"state":3,"values":null,"datetime_complete":"2026-07-24T11:45:26.001177"}
{"op_code":0,"worker_id":"1e5c4fea-739e-4543-9079-7925bb1757df-23456247935296","study_name":"peter_pumsb_star_k3","directions":[2]}
{"op_code":4,"worker_id":"1e5c4fea-739e-4543-9079-7925bb1757df-23456247935296","study_id":0,"datetime_start":"2026-07-24T11:48:59.339019"}
{"op_code":9,"worker_id":"1e5c4fea-739e-4543-9079-7925bb1757df-23456247935296","trial_id":24,"system_attr":{"tpe:relative_params:0":"{\"lr\": 0.08764133655043452, \"ratio\": 5.076192490138579}"}}
{"op_code":5,"worker_id":"1e5c4fea-739e-4543-9079-7925bb1757df-23456247935296","trial_id":24,"param_name":"lr","param_value_internal":0.08764133655043452,"distribution":"{\"name\": \"FloatDistribution\", \"attributes\": {\"step\": null, \"low\": 1e-08, \"high\": 0.5, \"log\": true}}"}
{"op_code":5,"worker_id":"1e5c4fea-739e-4543-9079-7925bb1757df-23456247935296","trial_id":24,"param_name":"ratio","param_value_internal":5.076192490138579,"distribution":"{\"name\": \"FloatDistribution\", \"attributes\": {\"step\": null, \"low\": 0.1, \"high\": 100.0, \"log\": true}}"}
{"op_code":6,"worker_id":"1e5c4fea-739e-4543-9079-7925bb1757df-23456247935296","trial_id":24,"state":3,"values":null,"datetime_complete":"2026-07-24T11:49:07.560350"}
{"op_code":0,"worker_id":"7b876459-062c-4c34-a644-237b7fbddeb3-23456247935296","study_name":"peter_pumsb_star_k3","directions":[2]}
{"op_code":4,"worker_id":"7b876459-062c-4c34-a644-237b7fbddeb3-23456247935296","study_id":0,"datetime_start":"2026-07-24T11:52:33.108144"}
{"op_code":9,"worker_id":"7b876459-062c-4c34-a644-237b7fbddeb3-23456247935296","trial_id":25,"system_attr":{"tpe:relative_params:0":"{\"lr\": 0.06854842431639722, \"ratio\": 7.212620228187005}"}}
{"op_code":5,"worker_id":"7b876459-062c-4c34-a644-237b7fbddeb3-23456247935296","trial_id":25,"param_name":"lr","param_value_internal":0.06854842431639722,"distribution":"{\"name\": \"FloatDistribution\", \"attributes\": {\"step\": null, \"low\": 1e-08, \"high\": 0.5, \"log\": true}}"}
{"op_code":5,"worker_id":"7b876459-062c-4c34-a644-237b7fbddeb3-23456247935296","trial_id":25,"param_name":"ratio","param_value_internal":7.212620228187005,"distribution":"{\"name\": \"FloatDistribution\", \"attributes\": {\"step\": null, \"low\": 0.1, \"high\": 100.0, \"log\": true}}"}
{"op_code":6,"worker_id":"7b876459-062c-4c34-a644-237b7fbddeb3-23456247935296","trial_id":25,"state":3,"values":null,"datetime_complete":"2026-07-24T11:52:41.471379"}
{"op_code":0,"worker_id":"6da40518-0c70-4f27-ab27-7cec368a7f63-23456247935296","study_name":"peter_pumsb_star_k3","directions":[2]}
{"op_code":4,"worker_id":"6da40518-0c70-4f27-ab27-7cec368a7f63-23456247935296","study_id":0,"datetime_start":"2026-07-24T11:55:35.814130"}
{"op_code":9,"worker_id":"6da40518-0c70-4f27-ab27-7cec368a7f63-23456247935296","trial_id":26,"system_attr":{"tpe:relative_params:0":"{\"lr\": 0.15629000760674072, \"ratio\": 5.587517338443054}"}}
{"op_code":5,"worker_id":"6da40518-0c70-4f27-ab27-7cec368a7f63-23456247935296","trial_id":26,"param_name":"lr","param_value_internal":0.15629000760674072,"distribution":"{\"name\": \"FloatDistribution\", \"attributes\": {\"step\": null, \"low\": 1e-08, \"high\": 0.5, \"log\": true}}"}
{"op_code":5,"worker_id":"6da40518-0c70-4f27-ab27-7cec368a7f63-23456247935296","trial_id":26,"param_name":"ratio","param_value_internal":5.587517338443054,"distribution":"{\"name\": \"FloatDistribution\", \"attributes\": {\"step\": null, \"low\": 0.1, \"high\": 100.0, \"log\": true}}"}
{"op_code":6,"worker_id":"6da40518-0c70-4f27-ab27-7cec368a7f63-23456247935296","trial_id":26,"state":3,"values":null,"datetime_complete":"2026-07-24T11:55:45.636836"}
{"op_code":0,"worker_id":"425cd958-4dda-4370-8e71-c1199fb45b2c-23456247935296","study_name":"peter_pumsb_star_k3","directions":[2]}
{"op_code":4,"worker_id":"425cd958-4dda-4370-8e71-c1199fb45b2c-23456247935296","study_id":0,"datetime_start":"2026-07-24T11:59:52.038977"}
{"op_code":9,"worker_id":"425cd958-4dda-4370-8e71-c1199fb45b2c-23456247935296","trial_id":27,"system_attr":{"tpe:relative_params:0":"{\"lr\": 0.15590833528605955, \"ratio\": 5.063372507737981}"}}
{"op_code":5,"worker_id":"425cd958-4dda-4370-8e71-c1199fb45b2c-23456247935296","trial_id":27,"param_name":"lr","param_value_internal":0.15590833528605955,"distribution":"{\"name\": \"FloatDistribution\", \"attributes\": {\"step\": null, \"low\": 1e-08, \"high\": 0.5, \"log\": true}}"}
{"op_code":5,"worker_id":"425cd958-4dda-4370-8e71-c1199fb45b2c-23456247935296","trial_id":27,"param_name":"ratio","param_value_internal":5.063372507737981,"distribution":"{\"name\": \"FloatDistribution\", \"attributes\": {\"step\": null, \"low\": 0.1, \"high\": 100.0, \"log\": true}}"}
{"op_code":6,"worker_id":"425cd958-4dda-4370-8e71-c1199fb45b2c-23456247935296","trial_id":27,"state":3,"values":null,"datetime_complete":"2026-07-24T12:00:00.245168"}
{"op_code":0,"worker_id":"f01e44ba-e20f-4c10-be13-4fa1116b0323-23456247935296","study_name":"peter_pumsb_star_k3","directions":[2]}
{"op_code":4,"worker_id":"f01e44ba-e20f-4c10-be13-4fa1116b0323-23456247935296","study_id":0,"datetime_start":"2026-07-24T12:03:19.196073"}
{"op_code":9,"worker_id":"f01e44ba-e20f-4c10-be13-4fa1116b0323-23456247935296","trial_id":28,"system_attr":{"tpe:relative_params:0":"{\"lr\": 0.08934604106388974, \"ratio\": 3.1730487524542803}"}}
{"op_code":5,"worker_id":"f01e44ba-e20f-4c10-be13-4fa1116b0323-23456247935296","trial_id":28,"param_name":"lr","param_value_internal":0.08934604106388974,"distribution":"{\"name\": \"FloatDistribution\", \"attributes\": {\"step\": null, \"low\": 1e-08, \"high\": 0.5, \"log\": true}}"}
{"op_code":5,"worker_id":"f01e44ba-e20f-4c10-be13-4fa1116b0323-23456247935296","trial_id":28,"param_name":"ratio","param_value_internal":3.1730487524542803,"distribution":"{\"name\": \"FloatDistribution\", \"attributes\": {\"step\": null, \"low\": 0.1, \"high\": 100.0, \"log\": true}}"}
{"op_code":6,"worker_id":"f01e44ba-e20f-4c10-be13-4fa1116b0323-23456247935296","trial_id":28,"state":3,"values":null,"datetime_complete":"2026-07-24T12:03:27.223230"}
{"op_code":0,"worker_id":"4077734e-c550-44f5-b0b6-d8b2e3b99020-23456247935296","study_name":"peter_pumsb_star_k3","directions":[2]}
{"op_code":4,"worker_id":"4077734e-c550-44f5-b0b6-d8b2e3b99020-23456247935296","study_id":0,"datetime_start":"2026-07-24T12:07:11.242480"}
{"op_code":9,"worker_id":"4077734e-c550-44f5-b0b6-d8b2e3b99020-23456247935296","trial_id":29,"system_attr":{"tpe:relative_params:0":"{\"lr\": 0.25281762344007885, \"ratio\": 0.1463552409657704}"}}
{"op_code":5,"worker_id":"4077734e-c550-44f5-b0b6-d8b2e3b99020-23456247935296","trial_id":29,"param_name":"lr","param_value_internal":0.25281762344007885,"distribution":"{\"name\": \"FloatDistribution\", \"attributes\": {\"step\": null, \"low\": 1e-08, \"high\": 0.5, \"log\": true}}"}
{"op_code":5,"worker_id":"4077734e-c550-44f5-b0b6-d8b2e3b99020-23456247935296","trial_id":29,"param_name":"ratio","param_value_internal":0.1463552409657704,"distribution":"{\"name\": \"FloatDistribution\", \"attributes\": {\"step\": null, \"low\": 0.1, \"high\": 100.0, \"log\": true}}"}
{"op_code":6,"worker_id":"4077734e-c550-44f5-b0b6-d8b2e3b99020-23456247935296","trial_id":29,"state":3,"values":null,"datetime_complete":"2026-07-24T12:07:19.173428"}
{"op_code":0,"worker_id":"d86e89b3-34c1-4480-8fa9-d2e383219eca-23456247935296","study_name":"peter_pumsb_star_k3","directions":[2]}
{"op_code":4,"worker_id":"d86e89b3-34c1-4480-8fa9-d2e383219eca-23456247935296","study_id":0,"datetime_start":"2026-07-24T12:11:08.614445"}
{"op_code":9,"worker_id":"d86e89b3-34c1-4480-8fa9-d2e383219eca-23456247935296","trial_id":30,"system_attr":{"tpe:relative_params:0":"{\"lr\": 0.37163526069123465, \"ratio\": 16.463118791819518}"}}
{"op_code":5,"worker_id":"d86e89b3-34c1-4480-8fa9-d2e383219eca-23456247935296","trial_id":30,"param_name":"lr","param_value_internal":0.37163526069123465,"distribution":"{\"name\": \"FloatDistribution\", \"attributes\": {\"step\": null, \"low\": 1e-08, \"high\": 0.5, \"log\": true}}"}
{"op_code":5,"worker_id":"d86e89b3-34c1-4480-8fa9-d2e383219eca-23456247935296","trial_id":30,"param_name":"ratio","param_value_internal":16.463118791819518,"distribution":"{\"name\": \"FloatDistribution\", \"attributes\": {\"step\": null, \"low\": 0.1, \"high\": 100.0, \"log\": true}}"}
{"op_code":6,"worker_id":"d86e89b3-34c1-4480-8fa9-d2e383219eca-23456247935296","trial_id":30,"state":3,"values":null,"datetime_complete":"2026-07-24T12:11:16.247313"}
{"op_code":0,"worker_id":"3c935e01-2147-4401-9ece-65a736761901-23456247935296","study_name":"peter_pumsb_star_k3","directions":[2]}
{"op_code":4,"worker_id":"3c935e01-2147-4401-9ece-65a736761901-23456247935296","study_id":0,"datetime_start":"2026-07-24T12:14:43.426852"}
{"op_code":9,"worker_id":"3c935e01-2147-4401-9ece-65a736761901-23456247935296","trial_id":31,"system_attr":{"tpe:relative_params:0":"{\"lr\": 0.36649541952081394, \"ratio\": 7.426947541823187}"}}
{"op_code":5,"worker_id":"3c935e01-2147-4401-9ece-65a736761901-23456247935296","trial_id":31,"param_name":"lr","param_value_internal":0.36649541952081394,"distribution":"{\"name\": \"FloatDistribution\", \"attributes\": {\"step\": null, \"low\": 1e-08, \"high\": 0.5, \"log\": true}}"}
{"op_code":5,"worker_id":"3c935e01-2147-4401-9ece-65a736761901-23456247935296","trial_id":31,"param_name":"ratio","param_value_internal":7.426947541823187,"distribution":"{\"name\": \"FloatDistribution\", \"attributes\": {\"step\": null, \"low\": 0.1, \"high\": 100.0, \"log\": true}}"}
{"op_code":6,"worker_id":"3c935e01-2147-4401-9ece-65a736761901-23456247935296","trial_id":31,"state":3,"values":null,"datetime_complete":"2026-07-24T12:14:51.058893"}
{"op_code":0,"worker_id":"bdad8419-2340-4417-918f-13912a35de35-23456247935296","study_name":"peter_pumsb_star_k3","directions":[2]}
{"op_code":4,"worker_id":"bdad8419-2340-4417-918f-13912a35de35-23456247935296","study_id":0,"datetime_start":"2026-07-24T12:18:18.615744"}
{"op_code":9,"worker_id":"bdad8419-2340-4417-918f-13912a35de35-23456247935296","trial_id":32,"system_attr":{"tpe:relative_params:0":"{\"lr\": 0.1397987863284327, \"ratio\": 6.026199952804796}"}}
{"op_code":5,"worker_id":"bdad8419-2340-4417-918f-13912a35de35-23456247935296","trial_id":32,"param_name":"lr","param_value_internal":0.1397987863284327,"distribution":"{\"name\": \"FloatDistribution\", \"attributes\": {\"step\": null, \"low\": 1e-08, \"high\": 0.5, \"log\": true}}"}
{"op_code":5,"worker_id":"bdad8419-2340-4417-918f-13912a35de35-23456247935296","trial_id":32,"param_name":"ratio","param_value_internal":6.026199952804796,"distribution":"{\"name\": \"FloatDistribution\", \"attributes\": {\"step\": null, \"low\": 0.1, \"high\": 100.0, \"log\": true}}"}
{"op_code":6,"worker_id":"bdad8419-2340-4417-918f-13912a35de35-23456247935296","trial_id":32,"state":3,"values":null,"datetime_complete":"2026-07-24T12:18:26.521658"}
{"op_code":0,"worker_id":"3805297b-7afa-4c44-96ac-aefd7b510111-23456247935296","study_name":"peter_pumsb_star_k3","directions":[2]}
{"op_code":4,"worker_id":"3805297b-7afa-4c44-96ac-aefd7b510111-23456247935296","study_id":0,"datetime_start":"2026-07-24T12:22:21.205696"}
{"op_code":9,"worker_id":"3805297b-7afa-4c44-96ac-aefd7b510111-23456247935296","trial_id":33,"system_attr":{"tpe:relative_params:0":"{\"lr\": 0.32767979464362185, \"ratio\": 5.377450705583863}"}}
{"op_code":5,"worker_id":"3805297b-7afa-4c44-96ac-aefd7b510111-23456247935296","trial_id":33,"param_name":"lr","param_value_internal":0.32767979464362185,"distribution":"{\"name\": \"FloatDistribution\", \"attributes\": {\"step\": null, \"low\": 1e-08, \"high\": 0.5, \"log\": true}}"}
{"op_code":5,"worker_id":"3805297b-7afa-4c44-96ac-aefd7b510111-23456247935296","trial_id":33,"param_name":"ratio","param_value_internal":5.377450705583863,"distribution":"{\"name\": \"FloatDistribution\", \"attributes\": {\"step\": null, \"low\": 0.1, \"high\": 100.0, \"log\": true}}"}
{"op_code":6,"worker_id":"3805297b-7afa-4c44-96ac-aefd7b510111-23456247935296","trial_id":33,"state":3,"values":null,"datetime_complete":"2026-07-24T12:22:29.261745"}
{"op_code":0,"worker_id":"11ad48a0-9c98-400e-b197-fc1e7ca3ed64-23456247935296","study_name":"peter_pumsb_star_k3","directions":[2]}
{"op_code":4,"worker_id":"11ad48a0-9c98-400e-b197-fc1e7ca3ed64-23456247935296","study_id":0,"datetime_start":"2026-07-24T12:28:09.105653"}
{"op_code":9,"worker_id":"11ad48a0-9c98-400e-b197-fc1e7ca3ed64-23456247935296","trial_id":34,"system_attr":{"tpe:relative_params:0":"{\"lr\": 0.3370214031271541, \"ratio\": 10.874908701758331}"}}
{"op_code":5,"worker_id":"11ad48a0-9c98-400e-b197-fc1e7ca3ed64-23456247935296","trial_id":34,"param_name":"lr","param_value_internal":0.3370214031271541,"distribution":"{\"name\": \"FloatDistribution\", \"attributes\": {\"step\": null, \"low\": 1e-08, \"high\": 0.5, \"log\": true}}"}
{"op_code":5,"worker_id":"11ad48a0-9c98-400e-b197-fc1e7ca3ed64-23456247935296","trial_id":34,"param_name":"ratio","param_value_internal":10.874908701758331,"distribution":"{\"name\": \"FloatDistribution\", \"attributes\": {\"step\": null, \"low\": 0.1, \"high\": 100.0, \"log\": true}}"}
{"op_code":6,"worker_id":"11ad48a0-9c98-400e-b197-fc1e7ca3ed64-23456247935296","trial_id":34,"state":3,"values":null,"datetime_complete":"2026-07-24T12:28:17.538689"}
{"op_code":0,"worker_id":"e7f8b519-505f-4c76-a34e-dd4433c1a2e7-23456247935296","study_name":"peter_pumsb_star_k3","directions":[2]}
{"op_code":4,"worker_id":"e7f8b519-505f-4c76-a34e-dd4433c1a2e7-23456247935296","study_id":0,"datetime_start":"2026-07-24T12:32:50.981244"}
{"op_code":9,"worker_id":"e7f8b519-505f-4c76-a34e-dd4433c1a2e7-23456247935296","trial_id":35,"system_attr":{"tpe:relative_params:0":"{\"lr\": 0.2772472705943037, \"ratio\": 6.809343667956792}"}}
{"op_code":5,"worker_id":"e7f8b519-505f-4c76-a34e-dd4433c1a2e7-23456247935296","trial_id":35,"param_name":"lr","param_value_internal":0.2772472705943037,"distribution":"{\"name\": \"FloatDistribution\", \"attributes\": {\"step\": null, \"low\": 1e-08, \"high\": 0.5, \"log\": true}}"}
{"op_code":5,"worker_id":"e7f8b519-505f-4c76-a34e-dd4433c1a2e7-23456247935296","trial_id":35,"param_name":"ratio","param_value_internal":6.809343667956792,"distribution":"{\"name\": \"FloatDistribution\", \"attributes\": {\"step\": null, \"low\": 0.1, \"high\": 100.0, \"log\": true}}"}
{"op_code":6,"worker_id":"e7f8b519-505f-4c76-a34e-dd4433c1a2e7-23456247935296","trial_id":35,"state":3,"values":null,"datetime_complete":"2026-07-24T12:32:58.036898"}
{"op_code":0,"worker_id":"7dc6ec09-18de-459f-bfe9-101617acedb1-23456247935296","study_name":"peter_pumsb_star_k3","directions":[2]}
{"op_code":4,"worker_id":"7dc6ec09-18de-459f-bfe9-101617acedb1-23456247935296","study_id":0,"datetime_start":"2026-07-24T12:36:57.716046"}
{"op_code":9,"worker_id":"7dc6ec09-18de-459f-bfe9-101617acedb1-23456247935296","trial_id":36,"system_attr":{"tpe:relative_params:0":"{\"lr\": 0.20594796139475136, \"ratio\": 80.37006003736892}"}}
{"op_code":5,"worker_id":"7dc6ec09-18de-459f-bfe9-101617acedb1-23456247935296","trial_id":36,"param_name":"lr","param_value_internal":0.20594796139475136,"distribution":"{\"name\": \"FloatDistribution\", \"attributes\": {\"step\": null, \"low\": 1e-08, \"high\": 0.5, \"log\": true}}"}
{"op_code":5,"worker_id":"7dc6ec09-18de-459f-bfe9-101617acedb1-23456247935296","trial_id":36,"param_name":"ratio","param_value_internal":80.37006003736892,"distribution":"{\"name\": \"FloatDistribution\", \"attributes\": {\"step\": null, \"low\": 0.1, \"high\": 100.0, \"log\": true}}"}
{"op_code":6,"worker_id":"7dc6ec09-18de-459f-bfe9-101617acedb1-23456247935296","trial_id":36,"state":3,"values":null,"datetime_complete":"2026-07-24T12:37:05.447311"}
{"op_code":0,"worker_id":"c95e88c3-18f6-48b5-9f9c-394fbe2427ef-23456247935296","study_name":"peter_pumsb_star_k3","directions":[2]}
{"op_code":4,"worker_id":"c95e88c3-18f6-48b5-9f9c-394fbe2427ef-23456247935296","study_id":0,"datetime_start":"2026-07-24T12:41:56.249038"}
{"op_code":9,"worker_id":"c95e88c3-18f6-48b5-9f9c-394fbe2427ef-23456247935296","trial_id":37,"system_attr":{"tpe:relative_params:0":"{\"lr\": 0.11112047963752258, \"ratio\": 5.883310743198433}"}}
{"op_code":5,"worker_id":"c95e88c3-18f6-48b5-9f9c-394fbe2427ef-23456247935296","trial_id":37,"param_name":"lr","param_value_internal":0.11112047963752258,"distribution":"{\"name\": \"FloatDistribution\", \"attributes\": {\"step\": null, \"low\": 1e-08, \"high\": 0.5, \"log\": true}}"}
{"op_code":5,"worker_id":"c95e88c3-18f6-48b5-9f9c-394fbe2427ef-23456247935296","trial_id":37,"param_name":"ratio","param_value_internal":5.883310743198433,"distribution":"{\"name\": \"FloatDistribution\", \"attributes\": {\"step\": null, \"low\": 0.1, \"high\": 100.0, \"log\": true}}"}
{"op_code":6,"worker_id":"c95e88c3-18f6-48b5-9f9c-394fbe2427ef-23456247935296","trial_id":37,"state":3,"values":null,"datetime_complete":"2026-07-24T12:42:10.558262"}
{"op_code":0,"worker_id":"3544fee0-007c-40d9-8205-c3f28bb09600-23456247935296","study_name":"peter_pumsb_star_k3","directions":[2]}
{"op_code":4,"worker_id":"3544fee0-007c-40d9-8205-c3f28bb09600-23456247935296","study_id":0,"datetime_start":"2026-07-24T12:46:55.667452"}
{"op_code":9,"worker_id":"3544fee0-007c-40d9-8205-c3f28bb09600-23456247935296","trial_id":38,"system_attr":{"tpe:relative_params:0":"{\"lr\": 0.296882117762177, \"ratio\": 4.114716508429738}"}}
{"op_code":5,"worker_id":"3544fee0-007c-40d9-8205-c3f28bb09600-23456247935296","trial_id":38,"param_name":"lr","param_value_internal":0.296882117762177,"distribution":"{\"name\": \"FloatDistribution\", \"attributes\": {\"step\": null, \"low\": 1e-08, \"high\": 0.5, \"log\": true}}"}
{"op_code":5,"worker_id":"3544fee0-007c-40d9-8205-c3f28bb09600-23456247935296","trial_id":38,"param_name":"ratio","param_value_internal":4.114716508429738,"distribution":"{\"name\": \"FloatDistribution\", \"attributes\": {\"step\": null, \"low\": 0.1, \"high\": 100.0, \"log\": true}}"}
{"op_code":6,"worker_id":"3544fee0-007c-40d9-8205-c3f28bb09600-23456247935296","trial_id":38,"state":3,"values":null,"datetime_complete":"2026-07-24T12:47:03.944201"}
{"op_code":0,"worker_id":"98c22d60-149a-43f5-823e-bae7b7b41caf-23456247935296","study_name":"peter_pumsb_star_k3","directions":[2]}
{"op_code":4,"worker_id":"98c22d60-149a-43f5-823e-bae7b7b41caf-23456247935296","study_id":0,"datetime_start":"2026-07-24T12:51:40.580211"}
{"op_code":9,"worker_id":"98c22d60-149a-43f5-823e-bae7b7b41caf-23456247935296","trial_id":39,"system_attr":{"tpe:relative_params:0":"{\"lr\": 0.06907099056746964, \"ratio\": 5.970510251224728}"}}
{"op_code":5,"worker_id":"98c22d60-149a-43f5-823e-bae7b7b41caf-23456247935296","trial_id":39,"param_name":"lr","param_value_internal":0.06907099056746964,"distribution":"{\"name\": \"FloatDistribution\", \"attributes\": {\"step\": null, \"low\": 1e-08, \"high\": 0.5, \"log\": true}}"}
{"op_code":5,"worker_id":"98c22d60-149a-43f5-823e-bae7b7b41caf-23456247935296","trial_id":39,"param_name":"ratio","param_value_internal":5.970510251224728,"distribution":"{\"name\": \"FloatDistribution\", \"attributes\": {\"step\": null, \"low\": 0.1, \"high\": 100.0, \"log\": true}}"}
{"op_code":6,"worker_id":"98c22d60-149a-43f5-823e-bae7b7b41caf-23456247935296","trial_id":39,"state":3,"values":null,"datetime_complete":"2026-07-24T12:51:48.459709"}
{"op_code":0,"worker_id":"c8824449-6602-4cc9-9943-af3c16a6b19e-23456247935296","study_name":"peter_pumsb_star_k3","directions":[2]}
{"op_code":4,"worker_id":"c8824449-6602-4cc9-9943-af3c16a6b19e-23456247935296","study_id":0,"datetime_start":"2026-07-24T12:56:17.183992"}
{"op_code":9,"worker_id":"c8824449-6602-4cc9-9943-af3c16a6b19e-23456247935296","trial_id":40,"system_attr":{"tpe:relative_params:0":"{\"lr\": 0.09317384397043717, \"ratio\": 13.750693754849427}"}}
{"op_code":5,"worker_id":"c8824449-6602-4cc9-9943-af3c16a6b19e-23456247935296","trial_id":40,"param_name":"lr","param_value_internal":0.09317384397043717,"distribution":"{\"name\": \"FloatDistribution\", \"attributes\": {\"step\": null, \"low\": 1e-08, \"high\": 0.5, \"log\": true}}"}
{"op_code":5,"worker_id":"c8824449-6602-4cc9-9943-af3c16a6b19e-23456247935296","trial_id":40,"param_name":"ratio","param_value_internal":13.750693754849427,"distribution":"{\"name\": \"FloatDistribution\", \"attributes\": {\"step\": null, \"low\": 0.1, \"high\": 100.0, \"log\": true}}"}
{"op_code":6,"worker_id":"c8824449-6602-4cc9-9943-af3c16a6b19e-23456247935296","trial_id":40,"state":3,"values":null,"datetime_complete":"2026-07-24T12:56:25.773715"}
{"op_code":0,"worker_id":"b3eb2c19-9261-484a-ac66-1816f21f5f76-23456247935296","study_name":"peter_pumsb_star_k3","directions":[2]}
{"op_code":4,"worker_id":"b3eb2c19-9261-484a-ac66-1816f21f5f76-23456247935296","study_id":0,"datetime_start":"2026-07-24T13:00:13.880648"}
{"op_code":9,"worker_id":"b3eb2c19-9261-484a-ac66-1816f21f5f76-23456247935296","trial_id":41,"system_attr":{"tpe:relative_params:0":"{\"lr\": 0.41059983324644767, \"ratio\": 15.603618864229736}"}}
{"op_code":5,"worker_id":"b3eb2c19-9261-484a-ac66-1816f21f5f76-23456247935296","trial_id":41,"param_name":"lr","param_value_internal":0.41059983324644767,"distribution":"{\"name\": \"FloatDistribution\", \"attributes\": {\"step\": null, \"low\": 1e-08, \"high\": 0.5, \"log\": true}}"}
{"op_code":5,"worker_id":"b3eb2c19-9261-484a-ac66-1816f21f5f76-23456247935296","trial_id":41,"param_name":"ratio","param_value_internal":15.603618864229736,"distribution":"{\"name\": \"FloatDistribution\", \"attributes\": {\"step\": null, \"low\": 0.1, \"high\": 100.0, \"log\": true}}"}
{"op_code":6,"worker_id":"b3eb2c19-9261-484a-ac66-1816f21f5f76-23456247935296","trial_id":41,"state":3,"values":null,"datetime_complete":"2026-07-24T13:00:21.913958"}
{"op_code":0,"worker_id":"23abd23c-6587-4685-ad5a-38fd63d37303-23456247935296","study_name":"peter_pumsb_star_k3","directions":[2]}
{"op_code":4,"worker_id":"23abd23c-6587-4685-ad5a-38fd63d37303-23456247935296","study_id":0,"datetime_start":"2026-07-24T13:04:29.511236"}
{"op_code":9,"worker_id":"23abd23c-6587-4685-ad5a-38fd63d37303-23456247935296","trial_id":42,"system_attr":{"tpe:relative_params:0":"{\"lr\": 0.2994389584873134, \"ratio\": 11.010827140532212}"}}
{"op_code":5,"worker_id":"23abd23c-6587-4685-ad5a-38fd63d37303-23456247935296","trial_id":42,"param_name":"lr","param_value_internal":0.2994389584873134,"distribution":"{\"name\": \"FloatDistribution\", \"attributes\": {\"step\": null, \"low\": 1e-08, \"high\": 0.5, \"log\": true}}"}
{"op_code":5,"worker_id":"23abd23c-6587-4685-ad5a-38fd63d37303-23456247935296","trial_id":42,"param_name":"ratio","param_value_internal":11.010827140532212,"distribution":"{\"name\": \"FloatDistribution\", \"attributes\": {\"step\": null, \"low\": 0.1, \"high\": 100.0, \"log\": true}}"}
{"op_code":6,"worker_id":"23abd23c-6587-4685-ad5a-38fd63d37303-23456247935296","trial_id":42,"state":3,"values":null,"datetime_complete":"2026-07-24T13:04:38.203804"}
{"op_code":0,"worker_id":"0fbecc9d-b5df-42d4-9fbc-812caf1d4538-23456247935296","study_name":"peter_pumsb_star_k3","directions":[2]}
{"op_code":4,"worker_id":"0fbecc9d-b5df-42d4-9fbc-812caf1d4538-23456247935296","study_id":0,"datetime_start":"2026-07-24T13:09:12.739845"}
{"op_code":9,"worker_id":"0fbecc9d-b5df-42d4-9fbc-812caf1d4538-23456247935296","trial_id":43,"system_attr":{"tpe:relative_params:0":"{\"lr\": 0.30185193746757255, \"ratio\": 2.6278499851495494}"}}
{"op_code":5,"worker_id":"0fbecc9d-b5df-42d4-9fbc-812caf1d4538-23456247935296","trial_id":43,"param_name":"lr","param_value_internal":0.30185193746757255,"distribution":"{\"name\": \"FloatDistribution\", \"attributes\": {\"step\": null, \"low\": 1e-08, \"high\": 0.5, \"log\": true}}"}
{"op_code":5,"worker_id":"0fbecc9d-b5df-42d4-9fbc-812caf1d4538-23456247935296","trial_id":43,"param_name":"ratio","param_value_internal":2.6278499851495494,"distribution":"{\"name\": \"FloatDistribution\", \"attributes\": {\"step\": null, \"low\": 0.1, \"high\": 100.0, \"log\": true}}"}
{"op_code":6,"worker_id":"0fbecc9d-b5df-42d4-9fbc-812caf1d4538-23456247935296","trial_id":43,"state":3,"values":null,"datetime_complete":"2026-07-24T13:09:21.330292"}
{"op_code":0,"worker_id":"cf203629-65e9-4347-acd4-afbd9cd204d4-23456247935296","study_name":"peter_pumsb_star_k3","directions":[2]}
{"op_code":4,"worker_id":"cf203629-65e9-4347-acd4-afbd9cd204d4-23456247935296","study_id":0,"datetime_start":"2026-07-24T13:13:49.332734"}
{"op_code":9,"worker_id":"cf203629-65e9-4347-acd4-afbd9cd204d4-23456247935296","trial_id":44,"system_attr":{"tpe:relative_params:0":"{\"lr\": 0.3226401864025468, \"ratio\": 0.41021454450673284}"}}
{"op_code":5,"worker_id":"cf203629-65e9-4347-acd4-afbd9cd204d4-23456247935296","trial_id":44,"param_name":"lr","param_value_internal":0.3226401864025468,"distribution":"{\"name\": \"FloatDistribution\", \"attributes\": {\"step\": null, \"low\": 1e-08, \"high\": 0.5, \"log\": true}}"}
{"op_code":5,"worker_id":"cf203629-65e9-4347-acd4-afbd9cd204d4-23456247935296","trial_id":44,"param_name":"ratio","param_value_internal":0.41021454450673284,"distribution":"{\"name\": \"FloatDistribution\", \"attributes\": {\"step\": null, \"low\": 0.1, \"high\": 100.0, \"log\": true}}"}
{"op_code":6,"worker_id":"cf203629-65e9-4347-acd4-afbd9cd204d4-23456247935296","trial_id":44,"state":3,"values":null,"datetime_complete":"2026-07-24T13:13:57.923847"}
{"op_code":0,"worker_id":"3345fe49-0185-478c-ae3c-c92533a214da-23456247935296","study_name":"peter_pumsb_star_k3","directions":[2]}
{"op_code":4,"worker_id":"3345fe49-0185-478c-ae3c-c92533a214da-23456247935296","study_id":0,"datetime_start":"2026-07-24T13:18:07.019836"}
{"op_code":9,"worker_id":"3345fe49-0185-478c-ae3c-c92533a214da-23456247935296","trial_id":45,"system_attr":{"tpe:relative_params:0":"{\"lr\": 0.09122832390917135, \"ratio\": 1.116297294342637}"}}
{"op_code":5,"worker_id":"3345fe49-0185-478c-ae3c-c92533a214da-23456247935296","trial_id":45,"param_name":"lr","param_value_internal":0.09122832390917135,"distribution":"{\"name\": \"FloatDistribution\", \"attributes\": {\"step\": null, \"low\": 1e-08, \"high\": 0.5, \"log\": true}}"}
{"op_code":5,"worker_id":"3345fe49-0185-478c-ae3c-c92533a214da-23456247935296","trial_id":45,"param_name":"ratio","param_value_internal":1.116297294342637,"distribution":"{\"name\": \"FloatDistribution\", \"attributes\": {\"step\": null, \"low\": 0.1, \"high\": 100.0, \"log\": true}}"}
{"op_code":6,"worker_id":"3345fe49-0185-478c-ae3c-c92533a214da-23456247935296","trial_id":45,"state":3,"values":null,"datetime_complete":"2026-07-24T13:18:16.259779"}
{"op_code":0,"worker_id":"b28bce51-ebc8-468e-af27-96716f9f162b-23456247935296","study_name":"peter_pumsb_star_k3","directions":[2]}
{"op_code":4,"worker_id":"b28bce51-ebc8-468e-af27-96716f9f162b-23456247935296","study_id":0,"datetime_start":"2026-07-24T13:21:12.800698"}
{"op_code":9,"worker_id":"b28bce51-ebc8-468e-af27-96716f9f162b-23456247935296","trial_id":46,"system_attr":{"tpe:relative_params:0":"{\"lr\": 0.19869292975231231, \"ratio\": 36.089559340614365}"}}
{"op_code":5,"worker_id":"b28bce51-ebc8-468e-af27-96716f9f162b-23456247935296","trial_id":46,"param_name":"lr","param_value_internal":0.19869292975231231,"distribution":"{\"name\": \"FloatDistribution\", \"attributes\": {\"step\": null, \"low\": 1e-08, \"high\": 0.5, \"log\": true}}"}
{"op_code":5,"worker_id":"b28bce51-ebc8-468e-af27-96716f9f162b-23456247935296","trial_id":46,"param_name":"ratio","param_value_internal":36.089559340614365,"distribution":"{\"name\": \"FloatDistribution\", \"attributes\": {\"step\": null, \"low\": 0.1, \"high\": 100.0, \"log\": true}}"}
{"op_code":6,"worker_id":"b28bce51-ebc8-468e-af27-96716f9f162b-23456247935296","trial_id":46,"state":3,"values":null,"datetime_complete":"2026-07-24T13:21:20.784256"}
{"op_code":0,"worker_id":"712d6d89-641a-420e-8ae1-53bb58c02364-23456247935296","study_name":"peter_pumsb_star_k3","directions":[2]}
{"op_code":4,"worker_id":"712d6d89-641a-420e-8ae1-53bb58c02364-23456247935296","study_id":0,"datetime_start":"2026-07-24T13:23:53.490324"}
{"op_code":9,"worker_id":"712d6d89-641a-420e-8ae1-53bb58c02364-23456247935296","trial_id":47,"system_attr":{"tpe:relative_params:0":"{\"lr\": 0.03505790580875842, \"ratio\": 2.535686009798066}"}}
{"op_code":5,"worker_id":"712d6d89-641a-420e-8ae1-53bb58c02364-23456247935296","trial_id":47,"param_name":"lr","param_value_internal":0.03505790580875842,"distribution":"{\"name\": \"FloatDistribution\", \"attributes\": {\"step\": null, \"low\": 1e-08, \"high\": 0.5, \"log\": true}}"}
{"op_code":5,"worker_id":"712d6d89-641a-420e-8ae1-53bb58c02364-23456247935296","trial_id":47,"param_name":"ratio","param_value_internal":2.535686009798066,"distribution":"{\"name\": \"FloatDistribution\", \"attributes\": {\"step\": null, \"low\": 0.1, \"high\": 100.0, \"log\": true}}"}
{"op_code":6,"worker_id":"712d6d89-641a-420e-8ae1-53bb58c02364-23456247935296","trial_id":47,"state":3,"values":null,"datetime_complete":"2026-07-24T13:24:03.658467"}
{"op_code":0,"worker_id":"67b6d2f9-01da-46f5-a2ff-2762c62f5b23-23456247935296","study_name":"peter_pumsb_star_k3","directions":[2]}
{"op_code":4,"worker_id":"67b6d2f9-01da-46f5-a2ff-2762c62f5b23-23456247935296","study_id":0,"datetime_start":"2026-07-24T13:26:52.537748"}
{"op_code":9,"worker_id":"67b6d2f9-01da-46f5-a2ff-2762c62f5b23-23456247935296","trial_id":48,"system_attr":{"tpe:relative_params:0":"{\"lr\": 0.25428992641058346, \"ratio\": 5.839248397023737}"}}
{"op_code":5,"worker_id":"67b6d2f9-01da-46f5-a2ff-2762c62f5b23-23456247935296","trial_id":48,"param_name":"lr","param_value_internal":0.25428992641058346,"distribution":"{\"name\": \"FloatDistribution\", \"attributes\": {\"step\": null, \"low\": 1e-08, \"high\": 0.5, \"log\": true}}"}
{"op_code":5,"worker_id":"67b6d2f9-01da-46f5-a2ff-2762c62f5b23-23456247935296","trial_id":48,"param_name":"ratio","param_value_internal":5.839248397023737,"distribution":"{\"name\": \"FloatDistribution\", \"attributes\": {\"step\": null, \"low\": 0.1, \"high\": 100.0, \"log\": true}}"}
{"op_code":6,"worker_id":"67b6d2f9-01da-46f5-a2ff-2762c62f5b23-23456247935296","trial_id":48,"state":3,"values":null,"datetime_complete":"2026-07-24T13:27:00.752753"}
{"op_code":0,"worker_id":"21f4f066-8eff-42aa-ae15-9fe46b35a2f3-23456247935296","study_name":"peter_pumsb_star_k3","directions":[2]}
{"op_code":4,"worker_id":"21f4f066-8eff-42aa-ae15-9fe46b35a2f3-23456247935296","study_id":0,"datetime_start":"2026-07-24T13:30:51.302383"}
{"op_code":9,"worker_id":"21f4f066-8eff-42aa-ae15-9fe46b35a2f3-23456247935296","trial_id":49,"system_attr":{"tpe:relative_params:0":"{\"lr\": 0.06815397342706583, \"ratio\": 2.5069230344574143}"}}
{"op_code":5,"worker_id":"21f4f066-8eff-42aa-ae15-9fe46b35a2f3-23456247935296","trial_id":49,"param_name":"lr","param_value_internal":0.06815397342706583,"distribution":"{\"name\": \"FloatDistribution\", \"attributes\": {\"step\": null, \"low\": 1e-08, \"high\": 0.5, \"log\": true}}"}
{"op_code":5,"worker_id":"21f4f066-8eff-42aa-ae15-9fe46b35a2f3-23456247935296","trial_id":49,"param_name":"ratio","param_value_internal":2.5069230344574143,"distribution":"{\"name\": \"FloatDistribution\", \"attributes\": {\"step\": null, \"low\": 0.1, \"high\": 100.0, \"log\": true}}"}
{"op_code":6,"worker_id":"21f4f066-8eff-42aa-ae15-9fe46b35a2f3-23456247935296","trial_id":49,"state":3,"values":null,"datetime_complete":"2026-07-24T13:31:00.244505"}
{"op_code":0,"worker_id":"1d6a2d89-b94f-4ce9-b5e7-b262c0df9ba1-23456247935296","study_name":"peter_pumsb_star_k3","directions":[2]}
{"op_code":4,"worker_id":"1d6a2d89-b94f-4ce9-b5e7-b262c0df9ba1-23456247935296","study_id":0,"datetime_start":"2026-07-24T13:34:25.404400"}
{"op_code":9,"worker_id":"1d6a2d89-b94f-4ce9-b5e7-b262c0df9ba1-23456247935296","trial_id":50,"system_attr":{"tpe:relative_params:0":"{\"lr\": 0.4852524052217343, \"ratio\": 94.70310052510551}"}}
{"op_code":5,"worker_id":"1d6a2d89-b94f-4ce9-b5e7-b262c0df9ba1-23456247935296","trial_id":50,"param_name":"lr","param_value_internal":0.4852524052217343,"distribution":"{\"name\": \"FloatDistribution\", \"attributes\": {\"step\": null, \"low\": 1e-08, \"high\": 0.5, \"log\": true}}"}
{"op_code":5,"worker_id":"1d6a2d89-b94f-4ce9-b5e7-b262c0df9ba1-23456247935296","trial_id":50,"param_name":"ratio","param_value_internal":94.70310052510551,"distribution":"{\"name\": \"FloatDistribution\", \"attributes\": {\"step\": null, \"low\": 0.1, \"high\": 100.0, \"log\": true}}"}
{"op_code":6,"worker_id":"1d6a2d89-b94f-4ce9-b5e7-b262c0df9ba1-23456247935296","trial_id":50,"state":3,"values":null,"datetime_complete":"2026-07-24T13:34:34.392383"}
{"op_code":0,"worker_id":"9fd0124a-a818-46ee-aa92-b1eab4f06486-23456247935296","study_name":"peter_pumsb_star_k3","directions":[2]}
{"op_code":4,"worker_id":"9fd0124a-a818-46ee-aa92-b1eab4f06486-23456247935296","study_id":0,"datetime_start":"2026-07-24T13:37:02.783729"}
{"op_code":9,"worker_id":"9fd0124a-a818-46ee-aa92-b1eab4f06486-23456247935296","trial_id":51,"system_attr":{"tpe:relative_params:0":"{\"lr\": 0.245183862743499, \"ratio\": 3.533293039253273}"}}
{"op_code":5,"worker_id":"9fd0124a-a818-46ee-aa92-b1eab4f06486-23456247935296","trial_id":51,"param_name":"lr","param_value_internal":0.245183862743499,"distribution":"{\"name\": \"FloatDistribution\", \"attributes\": {\"step\": null, \"low\": 1e-08, \"high\": 0.5, \"log\": true}}"}
{"op_code":5,"worker_id":"9fd0124a-a818-46ee-aa92-b1eab4f06486-23456247935296","trial_id":51,"param_name":"ratio","param_value_internal":3.533293039253273,"distribution":"{\"name\": \"FloatDistribution\", \"attributes\": {\"step\": null, \"low\": 0.1, \"high\": 100.0, \"log\": true}}"}
{"op_code":6,"worker_id":"9fd0124a-a818-46ee-aa92-b1eab4f06486-23456247935296","trial_id":51,"state":3,"values":null,"datetime_complete":"2026-07-24T13:37:11.582718"}
{"op_code":0,"worker_id":"30d160e3-fd82-4bc8-9e04-82ae269c043f-23456247935296","study_name":"peter_pumsb_star_k3","directions":[2]}
{"op_code":0,"worker_id":"b2b3c3f7-7c4c-43ff-b0b4-0f774ac05803-23456247935296","study_name":"peter_pumsb_star_k3","directions":[2]}
