{"op_code":0,"worker_id":"26036d4f-93d9-48d1-bc12-4731775138eb-20268","study_name":"peter_moviereview_k5","directions":[2]}
{"op_code":0,"worker_id":"147b4019-efc2-4871-9392-1cb4837d4da4-34224","study_name":"peter_moviereview_k5","directions":[2]}
{"op_code":4,"worker_id":"147b4019-efc2-4871-9392-1cb4837d4da4-34224","study_id":0,"datetime_start":"2026-07-24T09:13:00.549430"}
{"op_code":5,"worker_id":"147b4019-efc2-4871-9392-1cb4837d4da4-34224","trial_id":0,"param_name":"lr","param_value_internal":0.001116108868635786,"distribution":"{\"name\": \"FloatDistribution\", \"attributes\": {\"step\": null, \"low\": 1e-08, \"high\": 0.5, \"log\": true}}"}
{"op_code":5,"worker_id":"147b4019-efc2-4871-9392-1cb4837d4da4-34224","trial_id":0,"param_name":"ratio","param_value_internal":54.80543144791851,"distribution":"{\"name\": \"FloatDistribution\", \"attributes\": {\"step\": null, \"low\": 0.1, \"high\": 100.0, \"log\": true}}"}
{"op_code":0,"worker_id":"74a4eb3d-c008-4147-8ad9-8c90ea5fd6eb-26788","study_name":"peter_moviereview_k5","directions":[2]}
{"op_code":4,"worker_id":"74a4eb3d-c008-4147-8ad9-8c90ea5fd6eb-26788","study_id":0,"datetime_start":"2026-07-24T09:13:01.758362"}
{"op_code":5,"worker_id":"74a4eb3d-c008-4147-8ad9-8c90ea5fd6eb-26788","trial_id":1,"param_name":"lr","param_value_internal":6.18351267727032e-06,"distribution":"{\"name\": \"FloatDistribution\", \"attributes\": {\"step\": null, \"low\": 1e-08, \"high\": 0.5, \"log\": true}}"}
{"op_code":5,"worker_id":"74a4eb3d-c008-4147-8ad9-8c90ea5fd6eb-26788","trial_id":1,"param_name":"ratio","param_value_internal":0.5433390965369791,"distribution":"{\"name\": \"FloatDistribution\", \"attributes\": {\"step\": null, \"low\": 0.1, \"high\": 100.0, \"log\": true}}"}
{"op_code":0,"worker_id":"dfcc2636-e1c1-4de0-bfa0-9c7653d44a08-36240","study_name":"peter_moviereview_k5","directions":[2]}
{"op_code":4,"worker_id":"dfcc2636-e1c1-4de0-bfa0-9c7653d44a08-36240","study_id":0,"datetime_start":"2026-07-24T09:13:02.650470"}
{"op_code":0,"worker_id":"b24e6481-3931-4852-9160-133fed0c3b35-23456247935296","study_name":"peter_moviereview_k5","directions":[2]}
{"op_code":0,"worker_id":"c8c8718e-b37f-4d0e-955e-34ea9d92140d-23456247935296","study_name":"peter_moviereview_k5","directions":[2]}
{"op_code":4,"worker_id":"c8c8718e-b37f-4d0e-955e-34ea9d92140d-23456247935296","study_id":0,"datetime_start":"2026-07-24T10:21:57.060480"}
{"op_code":5,"worker_id":"c8c8718e-b37f-4d0e-955e-34ea9d92140d-23456247935296","trial_id":3,"param_name":"lr","param_value_internal":0.057079424616244115,"distribution":"{\"name\": \"FloatDistribution\", \"attributes\": {\"step\": null, \"low\": 1e-08, \"high\": 0.5, \"log\": true}}"}
{"op_code":5,"worker_id":"c8c8718e-b37f-4d0e-955e-34ea9d92140d-23456247935296","trial_id":3,"param_name":"ratio","param_value_internal":11.904613832575833,"distribution":"{\"name\": \"FloatDistribution\", \"attributes\": {\"step\": null, \"low\": 0.1, \"high\": 100.0, \"log\": true}}"}
{"op_code":6,"worker_id":"c8c8718e-b37f-4d0e-955e-34ea9d92140d-23456247935296","trial_id":3,"state":3,"values":null,"datetime_complete":"2026-07-24T10:22:36.475538"}
{"op_code":0,"worker_id":"deacd59b-a29d-45c8-a752-504b14073620-23456247935296","study_name":"peter_moviereview_k5","directions":[2]}
{"op_code":4,"worker_id":"deacd59b-a29d-45c8-a752-504b14073620-23456247935296","study_id":0,"datetime_start":"2026-07-24T10:23:34.545733"}
{"op_code":5,"worker_id":"deacd59b-a29d-45c8-a752-504b14073620-23456247935296","trial_id":4,"param_name":"lr","param_value_internal":0.0022516697843452138,"distribution":"{\"name\": \"FloatDistribution\", \"attributes\": {\"step\": null, \"low\": 1e-08, \"high\": 0.5, \"log\": true}}"}
{"op_code":5,"worker_id":"deacd59b-a29d-45c8-a752-504b14073620-23456247935296","trial_id":4,"param_name":"ratio","param_value_internal":64.01049920203079,"distribution":"{\"name\": \"FloatDistribution\", \"attributes\": {\"step\": null, \"low\": 0.1, \"high\": 100.0, \"log\": true}}"}
{"op_code":0,"worker_id":"e955b292-9890-4892-99ea-bdec34fb911f-23456247935296","study_name":"peter_moviereview_k5","directions":[2]}
{"op_code":4,"worker_id":"e955b292-9890-4892-99ea-bdec34fb911f-23456247935296","study_id":0,"datetime_start":"2026-07-24T10:27:23.083896"}
{"op_code":5,"worker_id":"e955b292-9890-4892-99ea-bdec34fb911f-23456247935296","trial_id":5,"param_name":"lr","param_value_internal":0.0020728116017107202,"distribution":"{\"name\": \"FloatDistribution\", \"attributes\": {\"step\": null, \"low\": 1e-08, \"high\": 0.5, \"log\": true}}"}
{"op_code":5,"worker_id":"e955b292-9890-4892-99ea-bdec34fb911f-23456247935296","trial_id":5,"param_name":"ratio","param_value_internal":17.02275179884152,"distribution":"{\"name\": \"FloatDistribution\", \"attributes\": {\"step\": null, \"low\": 0.1, \"high\": 100.0, \"log\": true}}"}
{"op_code":6,"worker_id":"deacd59b-a29d-45c8-a752-504b14073620-23456247935296","trial_id":4,"state":3,"values":null,"datetime_complete":"2026-07-24T10:27:34.026499"}
{"op_code":0,"worker_id":"4517e2ba-5c8c-4c0c-966a-ee9db5663b39-23456247935296","study_name":"peter_moviereview_k5","directions":[2]}
{"op_code":4,"worker_id":"4517e2ba-5c8c-4c0c-966a-ee9db5663b39-23456247935296","study_id":0,"datetime_start":"2026-07-24T10:30:52.166905"}
{"op_code":5,"worker_id":"4517e2ba-5c8c-4c0c-966a-ee9db5663b39-23456247935296","trial_id":6,"param_name":"lr","param_value_internal":0.0022893577133162547,"distribution":"{\"name\": \"FloatDistribution\", \"attributes\": {\"step\": null, \"low\": 1e-08, \"high\": 0.5, \"log\": true}}"}
{"op_code":5,"worker_id":"4517e2ba-5c8c-4c0c-966a-ee9db5663b39-23456247935296","trial_id":6,"param_name":"ratio","param_value_internal":2.938910653891759,"distribution":"{\"name\": \"FloatDistribution\", \"attributes\": {\"step\": null, \"low\": 0.1, \"high\": 100.0, \"log\": true}}"}
{"op_code":6,"worker_id":"e955b292-9890-4892-99ea-bdec34fb911f-23456247935296","trial_id":5,"state":1,"values":[-356.26476477327407],"datetime_complete":"2026-07-24T10:31:25.121907"}
{"op_code":0,"worker_id":"baee074b-c2fd-44fb-b1b9-e2c5b787fc69-23456247935296","study_name":"peter_moviereview_k5","directions":[2]}
{"op_code":4,"worker_id":"baee074b-c2fd-44fb-b1b9-e2c5b787fc69-23456247935296","study_id":0,"datetime_start":"2026-07-24T10:34:18.149310"}
{"op_code":5,"worker_id":"baee074b-c2fd-44fb-b1b9-e2c5b787fc69-23456247935296","trial_id":7,"param_name":"lr","param_value_internal":1.8564962565314946e-08,"distribution":"{\"name\": \"FloatDistribution\", \"attributes\": {\"step\": null, \"low\": 1e-08, \"high\": 0.5, \"log\": true}}"}
{"op_code":5,"worker_id":"baee074b-c2fd-44fb-b1b9-e2c5b787fc69-23456247935296","trial_id":7,"param_name":"ratio","param_value_internal":19.483973131344147,"distribution":"{\"name\": \"FloatDistribution\", \"attributes\": {\"step\": null, \"low\": 0.1, \"high\": 100.0, \"log\": true}}"}
{"op_code":6,"worker_id":"4517e2ba-5c8c-4c0c-966a-ee9db5663b39-23456247935296","trial_id":6,"state":1,"values":[-356.48042171275813],"datetime_complete":"2026-07-24T10:35:53.488915"}
{"op_code":0,"worker_id":"8dc8b9ad-f4c1-4e4a-acf5-cca8f066a0ba-23456247935296","study_name":"peter_moviereview_k5","directions":[2]}
{"op_code":4,"worker_id":"8dc8b9ad-f4c1-4e4a-acf5-cca8f066a0ba-23456247935296","study_id":0,"datetime_start":"2026-07-24T10:37:41.376537"}
{"op_code":5,"worker_id":"8dc8b9ad-f4c1-4e4a-acf5-cca8f066a0ba-23456247935296","trial_id":8,"param_name":"lr","param_value_internal":2.803711730564467e-07,"distribution":"{\"name\": \"FloatDistribution\", \"attributes\": {\"step\": null, \"low\": 1e-08, \"high\": 0.5, \"log\": true}}"}
{"op_code":5,"worker_id":"8dc8b9ad-f4c1-4e4a-acf5-cca8f066a0ba-23456247935296","trial_id":8,"param_name":"ratio","param_value_internal":1.3789666065837392,"distribution":"{\"name\": \"FloatDistribution\", \"attributes\": {\"step\": null, \"low\": 0.1, \"high\": 100.0, \"log\": true}}"}
{"op_code":6,"worker_id":"baee074b-c2fd-44fb-b1b9-e2c5b787fc69-23456247935296","trial_id":7,"state":1,"values":[-375.90029258684604],"datetime_complete":"2026-07-24T10:39:06.691084"}
{"op_code":0,"worker_id":"a3ebf20c-ec8e-44d4-81b0-5f8de950a609-23456247935296","study_name":"peter_moviereview_k5","directions":[2]}
{"op_code":4,"worker_id":"a3ebf20c-ec8e-44d4-81b0-5f8de950a609-23456247935296","study_id":0,"datetime_start":"2026-07-24T10:41:50.709146"}
{"op_code":5,"worker_id":"a3ebf20c-ec8e-44d4-81b0-5f8de950a609-23456247935296","trial_id":9,"param_name":"lr","param_value_internal":0.2701973935852132,"distribution":"{\"name\": \"FloatDistribution\", \"attributes\": {\"step\": null, \"low\": 1e-08, \"high\": 0.5, \"log\": true}}"}
{"op_code":5,"worker_id":"a3ebf20c-ec8e-44d4-81b0-5f8de950a609-23456247935296","trial_id":9,"param_name":"ratio","param_value_internal":0.7771491065138307,"distribution":"{\"name\": \"FloatDistribution\", \"attributes\": {\"step\": null, \"low\": 0.1, \"high\": 100.0, \"log\": true}}"}
{"op_code":6,"worker_id":"a3ebf20c-ec8e-44d4-81b0-5f8de950a609-23456247935296","trial_id":9,"state":3,"values":null,"datetime_complete":"2026-07-24T10:42:22.054221"}
{"op_code":6,"worker_id":"8dc8b9ad-f4c1-4e4a-acf5-cca8f066a0ba-23456247935296","trial_id":8,"state":1,"values":[-375.98868423455184],"datetime_complete":"2026-07-24T10:42:38.466249"}
{"op_code":0,"worker_id":"c4637803-23dc-42a3-86a4-4952b6cc3110-23456247935296","study_name":"peter_moviereview_k5","directions":[2]}
{"op_code":4,"worker_id":"c4637803-23dc-42a3-86a4-4952b6cc3110-23456247935296","study_id":0,"datetime_start":"2026-07-24T10:46:03.234242"}
{"op_code":5,"worker_id":"c4637803-23dc-42a3-86a4-4952b6cc3110-23456247935296","trial_id":10,"param_name":"lr","param_value_internal":1.9656076301678557e-05,"distribution":"{\"name\": \"FloatDistribution\", \"attributes\": {\"step\": null, \"low\": 1e-08, \"high\": 0.5, \"log\": true}}"}
{"op_code":5,"worker_id":"c4637803-23dc-42a3-86a4-4952b6cc3110-23456247935296","trial_id":10,"param_name":"ratio","param_value_internal":0.6960319023983367,"distribution":"{\"name\": \"FloatDistribution\", \"attributes\": {\"step\": null, \"low\": 0.1, \"high\": 100.0, \"log\": true}}"}
{"op_code":0,"worker_id":"cb2e7556-b8b6-4fc8-b43b-7007228ad518-23456247935296","study_name":"peter_moviereview_k5","directions":[2]}
{"op_code":4,"worker_id":"cb2e7556-b8b6-4fc8-b43b-7007228ad518-23456247935296","study_id":0,"datetime_start":"2026-07-24T10:50:26.888016"}
{"op_code":5,"worker_id":"cb2e7556-b8b6-4fc8-b43b-7007228ad518-23456247935296","trial_id":11,"param_name":"lr","param_value_internal":2.6437790098047376e-06,"distribution":"{\"name\": \"FloatDistribution\", \"attributes\": {\"step\": null, \"low\": 1e-08, \"high\": 0.5, \"log\": true}}"}
{"op_code":5,"worker_id":"cb2e7556-b8b6-4fc8-b43b-7007228ad518-23456247935296","trial_id":11,"param_name":"ratio","param_value_internal":24.771660667993974,"distribution":"{\"name\": \"FloatDistribution\", \"attributes\": {\"step\": null, \"low\": 0.1, \"high\": 100.0, \"log\": true}}"}
{"op_code":6,"worker_id":"c4637803-23dc-42a3-86a4-4952b6cc3110-23456247935296","trial_id":10,"state":1,"values":[-371.21871871621886],"datetime_complete":"2026-07-24T10:50:59.189059"}
{"op_code":6,"worker_id":"cb2e7556-b8b6-4fc8-b43b-7007228ad518-23456247935296","trial_id":11,"state":1,"values":[-374.09899552575325],"datetime_complete":"2026-07-24T10:54:30.675515"}
{"op_code":0,"worker_id":"a4b4c087-b0e2-4abe-aed3-ad5fb306aae3-23456247935296","study_name":"peter_moviereview_k5","directions":[2]}
{"op_code":4,"worker_id":"a4b4c087-b0e2-4abe-aed3-ad5fb306aae3-23456247935296","study_id":0,"datetime_start":"2026-07-24T10:54:50.848546"}
{"op_code":5,"worker_id":"a4b4c087-b0e2-4abe-aed3-ad5fb306aae3-23456247935296","trial_id":12,"param_name":"lr","param_value_internal":3.774555598482567e-05,"distribution":"{\"name\": \"FloatDistribution\", \"attributes\": {\"step\": null, \"low\": 1e-08, \"high\": 0.5, \"log\": true}}"}
{"op_code":5,"worker_id":"a4b4c087-b0e2-4abe-aed3-ad5fb306aae3-23456247935296","trial_id":12,"param_name":"ratio","param_value_internal":78.34163922142088,"distribution":"{\"name\": \"FloatDistribution\", \"attributes\": {\"step\": null, \"low\": 0.1, \"high\": 100.0, \"log\": true}}"}
{"op_code":0,"worker_id":"8b9f20ca-41f1-4e6f-9322-cf7a6059bbb0-23456247935296","study_name":"peter_moviereview_k5","directions":[2]}
{"op_code":4,"worker_id":"8b9f20ca-41f1-4e6f-9322-cf7a6059bbb0-23456247935296","study_id":0,"datetime_start":"2026-07-24T10:59:12.971271"}
{"op_code":5,"worker_id":"8b9f20ca-41f1-4e6f-9322-cf7a6059bbb0-23456247935296","trial_id":13,"param_name":"lr","param_value_internal":0.0001441764197262487,"distribution":"{\"name\": \"FloatDistribution\", \"attributes\": {\"step\": null, \"low\": 1e-08, \"high\": 0.5, \"log\": true}}"}
{"op_code":5,"worker_id":"8b9f20ca-41f1-4e6f-9322-cf7a6059bbb0-23456247935296","trial_id":13,"param_name":"ratio","param_value_internal":19.927095040610606,"distribution":"{\"name\": \"FloatDistribution\", \"attributes\": {\"step\": null, \"low\": 0.1, \"high\": 100.0, \"log\": true}}"}
{"op_code":6,"worker_id":"a4b4c087-b0e2-4abe-aed3-ad5fb306aae3-23456247935296","trial_id":12,"state":1,"values":[-363.24820103937213],"datetime_complete":"2026-07-24T11:00:21.773904"}
{"op_code":0,"worker_id":"874670ab-5ad8-4310-95e0-7f4cc93bac2e-23456247935296","study_name":"peter_moviereview_k5","directions":[2]}
{"op_code":4,"worker_id":"874670ab-5ad8-4310-95e0-7f4cc93bac2e-23456247935296","study_id":0,"datetime_start":"2026-07-24T11:04:18.159248"}
{"op_code":5,"worker_id":"874670ab-5ad8-4310-95e0-7f4cc93bac2e-23456247935296","trial_id":14,"param_name":"lr","param_value_internal":0.00015112928923153055,"distribution":"{\"name\": \"FloatDistribution\", \"attributes\": {\"step\": null, \"low\": 1e-08, \"high\": 0.5, \"log\": true}}"}
{"op_code":5,"worker_id":"874670ab-5ad8-4310-95e0-7f4cc93bac2e-23456247935296","trial_id":14,"param_name":"ratio","param_value_internal":24.160253901809202,"distribution":"{\"name\": \"FloatDistribution\", \"attributes\": {\"step\": null, \"low\": 0.1, \"high\": 100.0, \"log\": true}}"}
{"op_code":6,"worker_id":"8b9f20ca-41f1-4e6f-9322-cf7a6059bbb0-23456247935296","trial_id":13,"state":1,"values":[-361.9429865485709],"datetime_complete":"2026-07-24T11:04:31.024675"}
{"op_code":6,"worker_id":"874670ab-5ad8-4310-95e0-7f4cc93bac2e-23456247935296","trial_id":14,"state":1,"values":[-361.761231107666],"datetime_complete":"2026-07-24T11:08:36.873696"}
{"op_code":0,"worker_id":"b50dae79-9812-4dee-b23f-8afa9a015509-23456247935296","study_name":"peter_moviereview_k5","directions":[2]}
{"op_code":4,"worker_id":"b50dae79-9812-4dee-b23f-8afa9a015509-23456247935296","study_id":0,"datetime_start":"2026-07-24T11:08:59.456411"}
{"op_code":5,"worker_id":"b50dae79-9812-4dee-b23f-8afa9a015509-23456247935296","trial_id":15,"param_name":"lr","param_value_internal":1.1002608900531198e-05,"distribution":"{\"name\": \"FloatDistribution\", \"attributes\": {\"step\": null, \"low\": 1e-08, \"high\": 0.5, \"log\": true}}"}
{"op_code":5,"worker_id":"b50dae79-9812-4dee-b23f-8afa9a015509-23456247935296","trial_id":15,"param_name":"ratio","param_value_internal":0.23359046684322013,"distribution":"{\"name\": \"FloatDistribution\", \"attributes\": {\"step\": null, \"low\": 0.1, \"high\": 100.0, \"log\": true}}"}
{"op_code":0,"worker_id":"cd840e76-b281-4233-aa98-30bd42d76432-23456247935296","study_name":"peter_moviereview_k5","directions":[2]}
{"op_code":4,"worker_id":"cd840e76-b281-4233-aa98-30bd42d76432-23456247935296","study_id":0,"datetime_start":"2026-07-24T11:13:17.235576"}
{"op_code":5,"worker_id":"cd840e76-b281-4233-aa98-30bd42d76432-23456247935296","trial_id":16,"param_name":"lr","param_value_internal":2.3890690379759344e-06,"distribution":"{\"name\": \"FloatDistribution\", \"attributes\": {\"step\": null, \"low\": 1e-08, \"high\": 0.5, \"log\": true}}"}
{"op_code":5,"worker_id":"cd840e76-b281-4233-aa98-30bd42d76432-23456247935296","trial_id":16,"param_name":"ratio","param_value_internal":12.758983582191739,"distribution":"{\"name\": \"FloatDistribution\", \"attributes\": {\"step\": null, \"low\": 0.1, \"high\": 100.0, \"log\": true}}"}
{"op_code":6,"worker_id":"b50dae79-9812-4dee-b23f-8afa9a015509-23456247935296","trial_id":15,"state":1,"values":[-374.56554400517683],"datetime_complete":"2026-07-24T11:13:46.286831"}
{"op_code":0,"worker_id":"260bb58a-82a2-459d-9fef-76feeb578ee1-23456247935296","study_name":"peter_moviereview_k5","directions":[2]}
{"op_code":4,"worker_id":"260bb58a-82a2-459d-9fef-76feeb578ee1-23456247935296","study_id":0,"datetime_start":"2026-07-24T11:17:56.557370"}
{"op_code":9,"worker_id":"260bb58a-82a2-459d-9fef-76feeb578ee1-23456247935296","trial_id":17,"system_attr":{"tpe:relative_params:0":"{\"lr\": 0.07671266471104572, \"ratio\": 5.9445781574063465}"}}
{"op_code":5,"worker_id":"260bb58a-82a2-459d-9fef-76feeb578ee1-23456247935296","trial_id":17,"param_name":"lr","param_value_internal":0.07671266471104572,"distribution":"{\"name\": \"FloatDistribution\", \"attributes\": {\"step\": null, \"low\": 1e-08, \"high\": 0.5, \"log\": true}}"}
{"op_code":5,"worker_id":"260bb58a-82a2-459d-9fef-76feeb578ee1-23456247935296","trial_id":17,"param_name":"ratio","param_value_internal":5.9445781574063465,"distribution":"{\"name\": \"FloatDistribution\", \"attributes\": {\"step\": null, \"low\": 0.1, \"high\": 100.0, \"log\": true}}"}
{"op_code":6,"worker_id":"260bb58a-82a2-459d-9fef-76feeb578ee1-23456247935296","trial_id":17,"state":3,"values":null,"datetime_complete":"2026-07-24T11:18:36.381677"}
{"op_code":6,"worker_id":"cd840e76-b281-4233-aa98-30bd42d76432-23456247935296","trial_id":16,"state":1,"values":[-374.9906123460862],"datetime_complete":"2026-07-24T11:18:52.518197"}
{"op_code":0,"worker_id":"098b58f3-6a19-4ff3-8853-39ea316c8229-23456247935296","study_name":"peter_moviereview_k5","directions":[2]}
{"op_code":4,"worker_id":"098b58f3-6a19-4ff3-8853-39ea316c8229-23456247935296","study_id":0,"datetime_start":"2026-07-24T11:21:34.112848"}
{"op_code":9,"worker_id":"098b58f3-6a19-4ff3-8853-39ea316c8229-23456247935296","trial_id":18,"system_attr":{"tpe:relative_params:0":"{\"lr\": 0.008812033619262456, \"ratio\": 10.229218878440882}"}}
{"op_code":5,"worker_id":"098b58f3-6a19-4ff3-8853-39ea316c8229-23456247935296","trial_id":18,"param_name":"lr","param_value_internal":0.008812033619262456,"distribution":"{\"name\": \"FloatDistribution\", \"attributes\": {\"step\": null, \"low\": 1e-08, \"high\": 0.5, \"log\": true}}"}
{"op_code":5,"worker_id":"098b58f3-6a19-4ff3-8853-39ea316c8229-23456247935296","trial_id":18,"param_name":"ratio","param_value_internal":10.229218878440882,"distribution":"{\"name\": \"FloatDistribution\", \"attributes\": {\"step\": null, \"low\": 0.1, \"high\": 100.0, \"log\": true}}"}
{"op_code":6,"worker_id":"098b58f3-6a19-4ff3-8853-39ea316c8229-23456247935296","trial_id":18,"state":3,"values":null,"datetime_complete":"2026-07-24T11:22:29.507955"}
{"op_code":0,"worker_id":"2276e07c-64d8-4571-8caf-9d287157937e-23456247935296","study_name":"peter_moviereview_k5","directions":[2]}
{"op_code":4,"worker_id":"2276e07c-64d8-4571-8caf-9d287157937e-23456247935296","study_id":0,"datetime_start":"2026-07-24T11:25:50.153050"}
{"op_code":9,"worker_id":"2276e07c-64d8-4571-8caf-9d287157937e-23456247935296","trial_id":19,"system_attr":{"tpe:relative_params:0":"{\"lr\": 0.041395185019966495, \"ratio\": 3.3656201379821087}"}}
{"op_code":5,"worker_id":"2276e07c-64d8-4571-8caf-9d287157937e-23456247935296","trial_id":19,"param_name":"lr","param_value_internal":0.041395185019966495,"distribution":"{\"name\": \"FloatDistribution\", \"attributes\": {\"step\": null, \"low\": 1e-08, \"high\": 0.5, \"log\": true}}"}
{"op_code":5,"worker_id":"2276e07c-64d8-4571-8caf-9d287157937e-23456247935296","trial_id":19,"param_name":"ratio","param_value_internal":3.3656201379821087,"distribution":"{\"name\": \"FloatDistribution\", \"attributes\": {\"step\": null, \"low\": 0.1, \"high\": 100.0, \"log\": true}}"}
{"op_code":6,"worker_id":"2276e07c-64d8-4571-8caf-9d287157937e-23456247935296","trial_id":19,"state":3,"values":null,"datetime_complete":"2026-07-24T11:26:32.110625"}
{"op_code":0,"worker_id":"36557695-bddb-421e-86d6-e9d22773ad14-23456247935296","study_name":"peter_moviereview_k5","directions":[2]}
{"op_code":4,"worker_id":"36557695-bddb-421e-86d6-e9d22773ad14-23456247935296","study_id":0,"datetime_start":"2026-07-24T11:29:46.097172"}
{"op_code":9,"worker_id":"36557695-bddb-421e-86d6-e9d22773ad14-23456247935296","trial_id":20,"system_attr":{"tpe:relative_params:0":"{\"lr\": 0.04429543761318641, \"ratio\": 2.472973333151873}"}}
{"op_code":5,"worker_id":"36557695-bddb-421e-86d6-e9d22773ad14-23456247935296","trial_id":20,"param_name":"lr","param_value_internal":0.04429543761318641,"distribution":"{\"name\": \"FloatDistribution\", \"attributes\": {\"step\": null, \"low\": 1e-08, \"high\": 0.5, \"log\": true}}"}
{"op_code":5,"worker_id":"36557695-bddb-421e-86d6-e9d22773ad14-23456247935296","trial_id":20,"param_name":"ratio","param_value_internal":2.472973333151873,"distribution":"{\"name\": \"FloatDistribution\", \"attributes\": {\"step\": null, \"low\": 0.1, \"high\": 100.0, \"log\": true}}"}
{"op_code":6,"worker_id":"36557695-bddb-421e-86d6-e9d22773ad14-23456247935296","trial_id":20,"state":3,"values":null,"datetime_complete":"2026-07-24T11:30:48.468522"}
{"op_code":0,"worker_id":"9d02e7f9-9702-4608-ad8a-65bfb03bff2f-23456247935296","study_name":"peter_moviereview_k5","directions":[2]}
{"op_code":4,"worker_id":"9d02e7f9-9702-4608-ad8a-65bfb03bff2f-23456247935296","study_id":0,"datetime_start":"2026-07-24T11:35:12.431030"}
{"op_code":9,"worker_id":"9d02e7f9-9702-4608-ad8a-65bfb03bff2f-23456247935296","trial_id":21,"system_attr":{"tpe:relative_params:0":"{\"lr\": 0.020360301923934357, \"ratio\": 2.478062138027715}"}}
{"op_code":5,"worker_id":"9d02e7f9-9702-4608-ad8a-65bfb03bff2f-23456247935296","trial_id":21,"param_name":"lr","param_value_internal":0.020360301923934357,"distribution":"{\"name\": \"FloatDistribution\", \"attributes\": {\"step\": null, \"low\": 1e-08, \"high\": 0.5, \"log\": true}}"}
{"op_code":5,"worker_id":"9d02e7f9-9702-4608-ad8a-65bfb03bff2f-23456247935296","trial_id":21,"param_name":"ratio","param_value_internal":2.478062138027715,"distribution":"{\"name\": \"FloatDistribution\", \"attributes\": {\"step\": null, \"low\": 0.1, \"high\": 100.0, \"log\": true}}"}
{"op_code":6,"worker_id":"9d02e7f9-9702-4608-ad8a-65bfb03bff2f-23456247935296","trial_id":21,"state":3,"values":null,"datetime_complete":"2026-07-24T11:35:58.572325"}
{"op_code":0,"worker_id":"1a336bc9-048e-417a-93c0-96af71cb7770-23456247935296","study_name":"peter_moviereview_k5","directions":[2]}
{"op_code":4,"worker_id":"1a336bc9-048e-417a-93c0-96af71cb7770-23456247935296","study_id":0,"datetime_start":"2026-07-24T11:39:18.803255"}
{"op_code":9,"worker_id":"1a336bc9-048e-417a-93c0-96af71cb7770-23456247935296","trial_id":22,"system_attr":{"tpe:relative_params:0":"{\"lr\": 0.12339429785451715, \"ratio\": 1.5568264693022715}"}}
{"op_code":5,"worker_id":"1a336bc9-048e-417a-93c0-96af71cb7770-23456247935296","trial_id":22,"param_name":"lr","param_value_internal":0.12339429785451715,"distribution":"{\"name\": \"FloatDistribution\", \"attributes\": {\"step\": null, \"low\": 1e-08, \"high\": 0.5, \"log\": true}}"}
{"op_code":5,"worker_id":"1a336bc9-048e-417a-93c0-96af71cb7770-23456247935296","trial_id":22,"param_name":"ratio","param_value_internal":1.5568264693022715,"distribution":"{\"name\": \"FloatDistribution\", \"attributes\": {\"step\": null, \"low\": 0.1, \"high\": 100.0, \"log\": true}}"}
{"op_code":6,"worker_id":"1a336bc9-048e-417a-93c0-96af71cb7770-23456247935296","trial_id":22,"state":3,"values":null,"datetime_complete":"2026-07-24T11:40:09.431772"}
{"op_code":0,"worker_id":"ecf9407e-3a10-4be1-af7d-5151a5e3ef88-23456247935296","study_name":"peter_moviereview_k5","directions":[2]}
{"op_code":4,"worker_id":"ecf9407e-3a10-4be1-af7d-5151a5e3ef88-23456247935296","study_id":0,"datetime_start":"2026-07-24T11:42:55.628723"}
{"op_code":9,"worker_id":"ecf9407e-3a10-4be1-af7d-5151a5e3ef88-23456247935296","trial_id":23,"system_attr":{"tpe:relative_params:0":"{\"lr\": 0.2471799372050399, \"ratio\": 3.421546470549167}"}}
{"op_code":5,"worker_id":"ecf9407e-3a10-4be1-af7d-5151a5e3ef88-23456247935296","trial_id":23,"param_name":"lr","param_value_internal":0.2471799372050399,"distribution":"{\"name\": \"FloatDistribution\", \"attributes\": {\"step\": null, \"low\": 1e-08, \"high\": 0.5, \"log\": true}}"}
{"op_code":5,"worker_id":"ecf9407e-3a10-4be1-af7d-5151a5e3ef88-23456247935296","trial_id":23,"param_name":"ratio","param_value_internal":3.421546470549167,"distribution":"{\"name\": \"FloatDistribution\", \"attributes\": {\"step\": null, \"low\": 0.1, \"high\": 100.0, \"log\": true}}"}
{"op_code":6,"worker_id":"ecf9407e-3a10-4be1-af7d-5151a5e3ef88-23456247935296","trial_id":23,"state":3,"values":null,"datetime_complete":"2026-07-24T11:43:34.587990"}
{"op_code":0,"worker_id":"1625f22a-56a4-485b-b45a-df97c9b813e6-23456247935296","study_name":"peter_moviereview_k5","directions":[2]}
{"op_code":4,"worker_id":"1625f22a-56a4-485b-b45a-df97c9b813e6-23456247935296","study_id":0,"datetime_start":"2026-07-24T11:45:59.790179"}
{"op_code":9,"worker_id":"1625f22a-56a4-485b-b45a-df97c9b813e6-23456247935296","trial_id":24,"system_attr":{"tpe:relative_params:0":"{\"lr\": 0.055891546291920904, \"ratio\": 2.9970616147087226}"}}
{"op_code":5,"worker_id":"1625f22a-56a4-485b-b45a-df97c9b813e6-23456247935296","trial_id":24,"param_name":"lr","param_value_internal":0.055891546291920904,"distribution":"{\"name\": \"FloatDistribution\", \"attributes\": {\"step\": null, \"low\": 1e-08, \"high\": 0.5, \"log\": true}}"}
{"op_code":5,"worker_id":"1625f22a-56a4-485b-b45a-df97c9b813e6-23456247935296","trial_id":24,"param_name":"ratio","param_value_internal":2.9970616147087226,"distribution":"{\"name\": \"FloatDistribution\", \"attributes\": {\"step\": null, \"low\": 0.1, \"high\": 100.0, \"log\": true}}"}
{"op_code":6,"worker_id":"1625f22a-56a4-485b-b45a-df97c9b813e6-23456247935296","trial_id":24,"state":3,"values":null,"datetime_complete":"2026-07-24T11:47:11.152298"}
{"op_code":0,"worker_id":"2d36e791-b8d5-45fd-ac1e-88d43443763d-23456247935296","study_name":"peter_moviereview_k5","directions":[2]}
{"op_code":4,"worker_id":"2d36e791-b8d5-45fd-ac1e-88d43443763d-23456247935296","study_id":0,"datetime_start":"2026-07-24T11:49:47.060963"}
{"op_code":9,"worker_id":"2d36e791-b8d5-45fd-ac1e-88d43443763d-23456247935296","trial_id":25,"system_attr":{"tpe:relative_params:0":"{\"lr\": 0.04485574635874846, \"ratio\": 2.1733902238103417}"}}
{"op_code":5,"worker_id":"2d36e791-b8d5-45fd-ac1e-88d43443763d-23456247935296","trial_id":25,"param_name":"lr","param_value_internal":0.04485574635874846,"distribution":"{\"name\": \"FloatDistribution\", \"attributes\": {\"step\": null, \"low\": 1e-08, \"high\": 0.5, \"log\": true}}"}
{"op_code":5,"worker_id":"2d36e791-b8d5-45fd-ac1e-88d43443763d-23456247935296","trial_id":25,"param_name":"ratio","param_value_internal":2.1733902238103417,"distribution":"{\"name\": \"FloatDistribution\", \"attributes\": {\"step\": null, \"low\": 0.1, \"high\": 100.0, \"log\": true}}"}
{"op_code":6,"worker_id":"2d36e791-b8d5-45fd-ac1e-88d43443763d-23456247935296","trial_id":25,"state":3,"values":null,"datetime_complete":"2026-07-24T11:50:50.060432"}
{"op_code":0,"worker_id":"2e8b1cf0-03ff-49f0-aa30-e14564d37951-23456247935296","study_name":"peter_moviereview_k5","directions":[2]}
{"op_code":4,"worker_id":"2e8b1cf0-03ff-49f0-aa30-e14564d37951-23456247935296","study_id":0,"datetime_start":"2026-07-24T11:53:09.317489"}
{"op_code":9,"worker_id":"2e8b1cf0-03ff-49f0-aa30-e14564d37951-23456247935296","trial_id":26,"system_attr":{"tpe:relative_params:0":"{\"lr\": 0.02161753791523747, \"ratio\": 4.70060951411613}"}}
{"op_code":5,"worker_id":"2e8b1cf0-03ff-49f0-aa30-e14564d37951-23456247935296","trial_id":26,"param_name":"lr","param_value_internal":0.02161753791523747,"distribution":"{\"name\": \"FloatDistribution\", \"attributes\": {\"step\": null, \"low\": 1e-08, \"high\": 0.5, \"log\": true}}"}
{"op_code":5,"worker_id":"2e8b1cf0-03ff-49f0-aa30-e14564d37951-23456247935296","trial_id":26,"param_name":"ratio","param_value_internal":4.70060951411613,"distribution":"{\"name\": \"FloatDistribution\", \"attributes\": {\"step\": null, \"low\": 0.1, \"high\": 100.0, \"log\": true}}"}
{"op_code":6,"worker_id":"2e8b1cf0-03ff-49f0-aa30-e14564d37951-23456247935296","trial_id":26,"state":3,"values":null,"datetime_complete":"2026-07-24T11:54:08.967363"}
{"op_code":0,"worker_id":"698db835-0c2c-4cba-b71c-180b57998132-23456247935296","study_name":"peter_moviereview_k5","directions":[2]}
{"op_code":4,"worker_id":"698db835-0c2c-4cba-b71c-180b57998132-23456247935296","study_id":0,"datetime_start":"2026-07-24T11:56:32.329593"}
{"op_code":9,"worker_id":"698db835-0c2c-4cba-b71c-180b57998132-23456247935296","trial_id":27,"system_attr":{"tpe:relative_params:0":"{\"lr\": 0.05828131525398802, \"ratio\": 2.89377158689061}"}}
{"op_code":5,"worker_id":"698db835-0c2c-4cba-b71c-180b57998132-23456247935296","trial_id":27,"param_name":"lr","param_value_internal":0.05828131525398802,"distribution":"{\"name\": \"FloatDistribution\", \"attributes\": {\"step\": null, \"low\": 1e-08, \"high\": 0.5, \"log\": true}}"}
{"op_code":5,"worker_id":"698db835-0c2c-4cba-b71c-180b57998132-23456247935296","trial_id":27,"param_name":"ratio","param_value_internal":2.89377158689061,"distribution":"{\"name\": \"FloatDistribution\", \"attributes\": {\"step\": null, \"low\": 0.1, \"high\": 100.0, \"log\": true}}"}
{"op_code":6,"worker_id":"698db835-0c2c-4cba-b71c-180b57998132-23456247935296","trial_id":27,"state":3,"values":null,"datetime_complete":"2026-07-24T11:57:19.374440"}
{"op_code":0,"worker_id":"989d24a7-9e71-49a4-b58c-6ec680f00a50-23456247935296","study_name":"peter_moviereview_k5","directions":[2]}
{"op_code":4,"worker_id":"989d24a7-9e71-49a4-b58c-6ec680f00a50-23456247935296","study_id":0,"datetime_start":"2026-07-24T12:00:32.765937"}
{"op_code":9,"worker_id":"989d24a7-9e71-49a4-b58c-6ec680f00a50-23456247935296","trial_id":28,"system_attr":{"tpe:relative_params:0":"{\"lr\": 0.15601995349095027, \"ratio\": 4.899675420897225}"}}
{"op_code":5,"worker_id":"989d24a7-9e71-49a4-b58c-6ec680f00a50-23456247935296","trial_id":28,"param_name":"lr","param_value_internal":0.15601995349095027,"distribution":"{\"name\": \"FloatDistribution\", \"attributes\": {\"step\": null, \"low\": 1e-08, \"high\": 0.5, \"log\": true}}"}
{"op_code":5,"worker_id":"989d24a7-9e71-49a4-b58c-6ec680f00a50-23456247935296","trial_id":28,"param_name":"ratio","param_value_internal":4.899675420897225,"distribution":"{\"name\": \"FloatDistribution\", \"attributes\": {\"step\": null, \"low\": 0.1, \"high\": 100.0, \"log\": true}}"}
{"op_code":6,"worker_id":"989d24a7-9e71-49a4-b58c-6ec680f00a50-23456247935296","trial_id":28,"state":3,"values":null,"datetime_complete":"2026-07-24T12:01:11.456146"}
{"op_code":0,"worker_id":"26eaac0e-335c-428d-b139-6215b69a0c4e-23456247935296","study_name":"peter_moviereview_k5","directions":[2]}
{"op_code":4,"worker_id":"26eaac0e-335c-428d-b139-6215b69a0c4e-23456247935296","study_id":0,"datetime_start":"2026-07-24T12:04:25.314572"}
{"op_code":9,"worker_id":"26eaac0e-335c-428d-b139-6215b69a0c4e-23456247935296","trial_id":29,"system_attr":{"tpe:relative_params:0":"{\"lr\": 0.0707810128725895, \"ratio\": 7.8016341547480295}"}}
{"op_code":5,"worker_id":"26eaac0e-335c-428d-b139-6215b69a0c4e-23456247935296","trial_id":29,"param_name":"lr","param_value_internal":0.0707810128725895,"distribution":"{\"name\": \"FloatDistribution\", \"attributes\": {\"step\": null, \"low\": 1e-08, \"high\": 0.5, \"log\": true}}"}
{"op_code":5,"worker_id":"26eaac0e-335c-428d-b139-6215b69a0c4e-23456247935296","trial_id":29,"param_name":"ratio","param_value_internal":7.8016341547480295,"distribution":"{\"name\": \"FloatDistribution\", \"attributes\": {\"step\": null, \"low\": 0.1, \"high\": 100.0, \"log\": true}}"}
{"op_code":6,"worker_id":"26eaac0e-335c-428d-b139-6215b69a0c4e-23456247935296","trial_id":29,"state":3,"values":null,"datetime_complete":"2026-07-24T12:05:06.453753"}
{"op_code":0,"worker_id":"63299211-aaed-4730-b3b9-f0b0776a716b-23456247935296","study_name":"peter_moviereview_k5","directions":[2]}
{"op_code":4,"worker_id":"63299211-aaed-4730-b3b9-f0b0776a716b-23456247935296","study_id":0,"datetime_start":"2026-07-24T12:07:43.188190"}
{"op_code":9,"worker_id":"63299211-aaed-4730-b3b9-f0b0776a716b-23456247935296","trial_id":30,"system_attr":{"tpe:relative_params:0":"{\"lr\": 0.014312649072633982, \"ratio\": 2.5080592978017626}"}}
{"op_code":5,"worker_id":"63299211-aaed-4730-b3b9-f0b0776a716b-23456247935296","trial_id":30,"param_name":"lr","param_value_internal":0.014312649072633982,"distribution":"{\"name\": \"FloatDistribution\", \"attributes\": {\"step\": null, \"low\": 1e-08, \"high\": 0.5, \"log\": true}}"}
{"op_code":5,"worker_id":"63299211-aaed-4730-b3b9-f0b0776a716b-23456247935296","trial_id":30,"param_name":"ratio","param_value_internal":2.5080592978017626,"distribution":"{\"name\": \"FloatDistribution\", \"attributes\": {\"step\": null, \"low\": 0.1, \"high\": 100.0, \"log\": true}}"}
{"op_code":6,"worker_id":"63299211-aaed-4730-b3b9-f0b0776a716b-23456247935296","trial_id":30,"state":3,"values":null,"datetime_complete":"2026-07-24T12:08:29.780922"}
{"op_code":0,"worker_id":"3dd8933c-0b47-43a9-a654-5115b050c1e7-23456247935296","study_name":"peter_moviereview_k5","directions":[2]}
{"op_code":4,"worker_id":"3dd8933c-0b47-43a9-a654-5115b050c1e7-23456247935296","study_id":0,"datetime_start":"2026-07-24T12:11:45.275443"}
{"op_code":9,"worker_id":"3dd8933c-0b47-43a9-a654-5115b050c1e7-23456247935296","trial_id":31,"system_attr":{"tpe:relative_params:0":"{\"lr\": 0.012042220125303616, \"ratio\": 2.1841573927413123}"}}
{"op_code":5,"worker_id":"3dd8933c-0b47-43a9-a654-5115b050c1e7-23456247935296","trial_id":31,"param_name":"lr","param_value_internal":0.012042220125303616,"distribution":"{\"name\": \"FloatDistribution\", \"attributes\": {\"step\": null, \"low\": 1e-08, \"high\": 0.5, \"log\": true}}"}
{"op_code":5,"worker_id":"3dd8933c-0b47-43a9-a654-5115b050c1e7-23456247935296","trial_id":31,"param_name":"ratio","param_value_internal":2.1841573927413123,"distribution":"{\"name\": \"FloatDistribution\", \"attributes\": {\"step\": null, \"low\": 0.1, \"high\": 100.0, \"log\": true}}"}
{"op_code":6,"worker_id":"3dd8933c-0b47-43a9-a654-5115b050c1e7-23456247935296","trial_id":31,"state":3,"values":null,"datetime_complete":"2026-07-24T12:12:30.603053"}
{"op_code":0,"worker_id":"066edd87-4407-471f-ac98-7c664ba13bc4-23456247935296","study_name":"peter_moviereview_k5","directions":[2]}
{"op_code":4,"worker_id":"066edd87-4407-471f-ac98-7c664ba13bc4-23456247935296","study_id":0,"datetime_start":"2026-07-24T12:16:00.252802"}
{"op_code":9,"worker_id":"066edd87-4407-471f-ac98-7c664ba13bc4-23456247935296","trial_id":32,"system_attr":{"tpe:relative_params:0":"{\"lr\": 0.03204334130469592, \"ratio\": 2.9020781417400365}"}}
{"op_code":5,"worker_id":"066edd87-4407-471f-ac98-7c664ba13bc4-23456247935296","trial_id":32,"param_name":"lr","param_value_internal":0.03204334130469592,"distribution":"{\"name\": \"FloatDistribution\", \"attributes\": {\"step\": null, \"low\": 1e-08, \"high\": 0.5, \"log\": true}}"}
{"op_code":5,"worker_id":"066edd87-4407-471f-ac98-7c664ba13bc4-23456247935296","trial_id":32,"param_name":"ratio","param_value_internal":2.9020781417400365,"distribution":"{\"name\": \"FloatDistribution\", \"attributes\": {\"step\": null, \"low\": 0.1, \"high\": 100.0, \"log\": true}}"}
{"op_code":6,"worker_id":"066edd87-4407-471f-ac98-7c664ba13bc4-23456247935296","trial_id":32,"state":3,"values":null,"datetime_complete":"2026-07-24T12:16:57.013303"}
{"op_code":0,"worker_id":"80177295-0f6a-4712-9463-4c64f4e23cac-23456247935296","study_name":"peter_moviereview_k5","directions":[2]}
{"op_code":4,"worker_id":"80177295-0f6a-4712-9463-4c64f4e23cac-23456247935296","study_id":0,"datetime_start":"2026-07-24T12:19:16.942209"}
{"op_code":9,"worker_id":"80177295-0f6a-4712-9463-4c64f4e23cac-23456247935296","trial_id":33,"system_attr":{"tpe:relative_params:0":"{\"lr\": 0.028080285828464276, \"ratio\": 2.5803342852930062}"}}
{"op_code":5,"worker_id":"80177295-0f6a-4712-9463-4c64f4e23cac-23456247935296","trial_id":33,"param_name":"lr","param_value_internal":0.028080285828464276,"distribution":"{\"name\": \"FloatDistribution\", \"attributes\": {\"step\": null, \"low\": 1e-08, \"high\": 0.5, \"log\": true}}"}
{"op_code":5,"worker_id":"80177295-0f6a-4712-9463-4c64f4e23cac-23456247935296","trial_id":33,"param_name":"ratio","param_value_internal":2.5803342852930062,"distribution":"{\"name\": \"FloatDistribution\", \"attributes\": {\"step\": null, \"low\": 0.1, \"high\": 100.0, \"log\": true}}"}
{"op_code":6,"worker_id":"80177295-0f6a-4712-9463-4c64f4e23cac-23456247935296","trial_id":33,"state":3,"values":null,"datetime_complete":"2026-07-24T12:20:02.597398"}
{"op_code":0,"worker_id":"180a10dc-5e94-4799-867b-d32a0b64cf5e-23456247935296","study_name":"peter_moviereview_k5","directions":[2]}
{"op_code":4,"worker_id":"180a10dc-5e94-4799-867b-d32a0b64cf5e-23456247935296","study_id":0,"datetime_start":"2026-07-24T12:23:33.756284"}
{"op_code":9,"worker_id":"180a10dc-5e94-4799-867b-d32a0b64cf5e-23456247935296","trial_id":34,"system_attr":{"tpe:relative_params:0":"{\"lr\": 0.08842338667602272, \"ratio\": 2.6627434423956164}"}}
{"op_code":5,"worker_id":"180a10dc-5e94-4799-867b-d32a0b64cf5e-23456247935296","trial_id":34,"param_name":"lr","param_value_internal":0.08842338667602272,"distribution":"{\"name\": \"FloatDistribution\", \"attributes\": {\"step\": null, \"low\": 1e-08, \"high\": 0.5, \"log\": true}}"}
{"op_code":5,"worker_id":"180a10dc-5e94-4799-867b-d32a0b64cf5e-23456247935296","trial_id":34,"param_name":"ratio","param_value_internal":2.6627434423956164,"distribution":"{\"name\": \"FloatDistribution\", \"attributes\": {\"step\": null, \"low\": 0.1, \"high\": 100.0, \"log\": true}}"}
{"op_code":6,"worker_id":"180a10dc-5e94-4799-867b-d32a0b64cf5e-23456247935296","trial_id":34,"state":3,"values":null,"datetime_complete":"2026-07-24T12:24:23.785892"}
{"op_code":0,"worker_id":"8002d9b5-5cbb-4d57-85aa-d0c8364e01ff-23456247935296","study_name":"peter_moviereview_k5","directions":[2]}
{"op_code":4,"worker_id":"8002d9b5-5cbb-4d57-85aa-d0c8364e01ff-23456247935296","study_id":0,"datetime_start":"2026-07-24T12:29:30.687430"}
{"op_code":9,"worker_id":"8002d9b5-5cbb-4d57-85aa-d0c8364e01ff-23456247935296","trial_id":35,"system_attr":{"tpe:relative_params:0":"{\"lr\": 0.052039601944484995, \"ratio\": 2.3079803569959}"}}
{"op_code":5,"worker_id":"8002d9b5-5cbb-4d57-85aa-d0c8364e01ff-23456247935296","trial_id":35,"param_name":"lr","param_value_internal":0.052039601944484995,"distribution":"{\"name\": \"FloatDistribution\", \"attributes\": {\"step\": null, \"low\": 1e-08, \"high\": 0.5, \"log\": true}}"}
{"op_code":5,"worker_id":"8002d9b5-5cbb-4d57-85aa-d0c8364e01ff-23456247935296","trial_id":35,"param_name":"ratio","param_value_internal":2.3079803569959,"distribution":"{\"name\": \"FloatDistribution\", \"attributes\": {\"step\": null, \"low\": 0.1, \"high\": 100.0, \"log\": true}}"}
{"op_code":6,"worker_id":"8002d9b5-5cbb-4d57-85aa-d0c8364e01ff-23456247935296","trial_id":35,"state":3,"values":null,"datetime_complete":"2026-07-24T12:30:17.501365"}
{"op_code":0,"worker_id":"c80d8b91-88a8-4977-bf4d-9afca41f1957-23456247935296","study_name":"peter_moviereview_k5","directions":[2]}
{"op_code":4,"worker_id":"c80d8b91-88a8-4977-bf4d-9afca41f1957-23456247935296","study_id":0,"datetime_start":"2026-07-24T12:33:37.550489"}
{"op_code":9,"worker_id":"c80d8b91-88a8-4977-bf4d-9afca41f1957-23456247935296","trial_id":36,"system_attr":{"tpe:relative_params:0":"{\"lr\": 0.2942411438027228, \"ratio\": 10.50640812295477}"}}
{"op_code":5,"worker_id":"c80d8b91-88a8-4977-bf4d-9afca41f1957-23456247935296","trial_id":36,"param_name":"lr","param_value_internal":0.2942411438027228,"distribution":"{\"name\": \"FloatDistribution\", \"attributes\": {\"step\": null, \"low\": 1e-08, \"high\": 0.5, \"log\": true}}"}
{"op_code":5,"worker_id":"c80d8b91-88a8-4977-bf4d-9afca41f1957-23456247935296","trial_id":36,"param_name":"ratio","param_value_internal":10.50640812295477,"distribution":"{\"name\": \"FloatDistribution\", \"attributes\": {\"step\": null, \"low\": 0.1, \"high\": 100.0, \"log\": true}}"}
{"op_code":6,"worker_id":"c80d8b91-88a8-4977-bf4d-9afca41f1957-23456247935296","trial_id":36,"state":3,"values":null,"datetime_complete":"2026-07-24T12:34:23.020913"}
{"op_code":0,"worker_id":"38c37911-05c7-49bc-8169-d77b042ef254-23456247935296","study_name":"peter_moviereview_k5","directions":[2]}
{"op_code":4,"worker_id":"38c37911-05c7-49bc-8169-d77b042ef254-23456247935296","study_id":0,"datetime_start":"2026-07-24T12:37:56.832886"}
{"op_code":9,"worker_id":"38c37911-05c7-49bc-8169-d77b042ef254-23456247935296","trial_id":37,"system_attr":{"tpe:relative_params:0":"{\"lr\": 0.1702395340827937, \"ratio\": 5.442552330092217}"}}
{"op_code":5,"worker_id":"38c37911-05c7-49bc-8169-d77b042ef254-23456247935296","trial_id":37,"param_name":"lr","param_value_internal":0.1702395340827937,"distribution":"{\"name\": \"FloatDistribution\", \"attributes\": {\"step\": null, \"low\": 1e-08, \"high\": 0.5, \"log\": true}}"}
{"op_code":5,"worker_id":"38c37911-05c7-49bc-8169-d77b042ef254-23456247935296","trial_id":37,"param_name":"ratio","param_value_internal":5.442552330092217,"distribution":"{\"name\": \"FloatDistribution\", \"attributes\": {\"step\": null, \"low\": 0.1, \"high\": 100.0, \"log\": true}}"}
{"op_code":6,"worker_id":"38c37911-05c7-49bc-8169-d77b042ef254-23456247935296","trial_id":37,"state":3,"values":null,"datetime_complete":"2026-07-24T12:39:39.501242"}
{"op_code":0,"worker_id":"c0641ff8-5719-4f85-abcb-fc49d0152433-23456247935296","study_name":"peter_moviereview_k5","directions":[2]}
{"op_code":4,"worker_id":"c0641ff8-5719-4f85-abcb-fc49d0152433-23456247935296","study_id":0,"datetime_start":"2026-07-24T12:43:19.145003"}
{"op_code":9,"worker_id":"c0641ff8-5719-4f85-abcb-fc49d0152433-23456247935296","trial_id":38,"system_attr":{"tpe:relative_params:0":"{\"lr\": 0.01731114868155887, \"ratio\": 3.1011209470642163}"}}
{"op_code":5,"worker_id":"c0641ff8-5719-4f85-abcb-fc49d0152433-23456247935296","trial_id":38,"param_name":"lr","param_value_internal":0.01731114868155887,"distribution":"{\"name\": \"FloatDistribution\", \"attributes\": {\"step\": null, \"low\": 1e-08, \"high\": 0.5, \"log\": true}}"}
{"op_code":5,"worker_id":"c0641ff8-5719-4f85-abcb-fc49d0152433-23456247935296","trial_id":38,"param_name":"ratio","param_value_internal":3.1011209470642163,"distribution":"{\"name\": \"FloatDistribution\", \"attributes\": {\"step\": null, \"low\": 0.1, \"high\": 100.0, \"log\": true}}"}
{"op_code":6,"worker_id":"c0641ff8-5719-4f85-abcb-fc49d0152433-23456247935296","trial_id":38,"state":3,"values":null,"datetime_complete":"2026-07-24T12:44:12.404791"}
{"op_code":0,"worker_id":"a3017e36-9f65-4099-ad6d-e7b150b97655-23456247935296","study_name":"peter_moviereview_k5","directions":[2]}
{"op_code":4,"worker_id":"a3017e36-9f65-4099-ad6d-e7b150b97655-23456247935296","study_id":0,"datetime_start":"2026-07-24T12:48:15.541264"}
{"op_code":9,"worker_id":"a3017e36-9f65-4099-ad6d-e7b150b97655-23456247935296","trial_id":39,"system_attr":{"tpe:relative_params:0":"{\"lr\": 0.04633951673211366, \"ratio\": 2.8779021877170803}"}}
{"op_code":5,"worker_id":"a3017e36-9f65-4099-ad6d-e7b150b97655-23456247935296","trial_id":39,"param_name":"lr","param_value_internal":0.04633951673211366,"distribution":"{\"name\": \"FloatDistribution\", \"attributes\": {\"step\": null, \"low\": 1e-08, \"high\": 0.5, \"log\": true}}"}
{"op_code":5,"worker_id":"a3017e36-9f65-4099-ad6d-e7b150b97655-23456247935296","trial_id":39,"param_name":"ratio","param_value_internal":2.8779021877170803,"distribution":"{\"name\": \"FloatDistribution\", \"attributes\": {\"step\": null, \"low\": 0.1, \"high\": 100.0, \"log\": true}}"}
{"op_code":6,"worker_id":"a3017e36-9f65-4099-ad6d-e7b150b97655-23456247935296","trial_id":39,"state":3,"values":null,"datetime_complete":"2026-07-24T12:48:58.787209"}
{"op_code":0,"worker_id":"f3830cec-635e-485f-a48d-886be0a0d2ba-23456247935296","study_name":"peter_moviereview_k5","directions":[2]}
{"op_code":4,"worker_id":"f3830cec-635e-485f-a48d-886be0a0d2ba-23456247935296","study_id":0,"datetime_start":"2026-07-24T12:52:45.070599"}
{"op_code":9,"worker_id":"f3830cec-635e-485f-a48d-886be0a0d2ba-23456247935296","trial_id":40,"system_attr":{"tpe:relative_params:0":"{\"lr\": 0.057671179807934285, \"ratio\": 4.483951659286194}"}}
{"op_code":5,"worker_id":"f3830cec-635e-485f-a48d-886be0a0d2ba-23456247935296","trial_id":40,"param_name":"lr","param_value_internal":0.057671179807934285,"distribution":"{\"name\": \"FloatDistribution\", \"attributes\": {\"step\": null, \"low\": 1e-08, \"high\": 0.5, \"log\": true}}"}
{"op_code":5,"worker_id":"f3830cec-635e-485f-a48d-886be0a0d2ba-23456247935296","trial_id":40,"param_name":"ratio","param_value_internal":4.483951659286194,"distribution":"{\"name\": \"FloatDistribution\", \"attributes\": {\"step\": null, \"low\": 0.1, \"high\": 100.0, \"log\": true}}"}
{"op_code":6,"worker_id":"f3830cec-635e-485f-a48d-886be0a0d2ba-23456247935296","trial_id":40,"state":3,"values":null,"datetime_complete":"2026-07-24T12:53:36.608088"}
{"op_code":0,"worker_id":"518cdfe6-7bda-4508-8462-dc9f950618e9-23456247935296","study_name":"peter_moviereview_k5","directions":[2]}
{"op_code":4,"worker_id":"518cdfe6-7bda-4508-8462-dc9f950618e9-23456247935296","study_id":0,"datetime_start":"2026-07-24T12:57:22.728448"}
{"op_code":9,"worker_id":"518cdfe6-7bda-4508-8462-dc9f950618e9-23456247935296","trial_id":41,"system_attr":{"tpe:relative_params:0":"{\"lr\": 0.2570091547869645, \"ratio\": 5.559894675722662}"}}
{"op_code":5,"worker_id":"518cdfe6-7bda-4508-8462-dc9f950618e9-23456247935296","trial_id":41,"param_name":"lr","param_value_internal":0.2570091547869645,"distribution":"{\"name\": \"FloatDistribution\", \"attributes\": {\"step\": null, \"low\": 1e-08, \"high\": 0.5, \"log\": true}}"}
{"op_code":5,"worker_id":"518cdfe6-7bda-4508-8462-dc9f950618e9-23456247935296","trial_id":41,"param_name":"ratio","param_value_internal":5.559894675722662,"distribution":"{\"name\": \"FloatDistribution\", \"attributes\": {\"step\": null, \"low\": 0.1, \"high\": 100.0, \"log\": true}}"}
{"op_code":6,"worker_id":"518cdfe6-7bda-4508-8462-dc9f950618e9-23456247935296","trial_id":41,"state":3,"values":null,"datetime_complete":"2026-07-24T12:58:12.565589"}
{"op_code":0,"worker_id":"c927faea-4c54-49b0-93d4-74f5a715f914-23456247935296","study_name":"peter_moviereview_k5","directions":[2]}
{"op_code":4,"worker_id":"c927faea-4c54-49b0-93d4-74f5a715f914-23456247935296","study_id":0,"datetime_start":"2026-07-24T13:01:13.443150"}
{"op_code":9,"worker_id":"c927faea-4c54-49b0-93d4-74f5a715f914-23456247935296","trial_id":42,"system_attr":{"tpe:relative_params:0":"{\"lr\": 0.014180409804621485, \"ratio\": 0.7596818056542249}"}}
{"op_code":5,"worker_id":"c927faea-4c54-49b0-93d4-74f5a715f914-23456247935296","trial_id":42,"param_name":"lr","param_value_internal":0.014180409804621485,"distribution":"{\"name\": \"FloatDistribution\", \"attributes\": {\"step\": null, \"low\": 1e-08, \"high\": 0.5, \"log\": true}}"}
{"op_code":5,"worker_id":"c927faea-4c54-49b0-93d4-74f5a715f914-23456247935296","trial_id":42,"param_name":"ratio","param_value_internal":0.7596818056542249,"distribution":"{\"name\": \"FloatDistribution\", \"attributes\": {\"step\": null, \"low\": 0.1, \"high\": 100.0, \"log\": true}}"}
{"op_code":6,"worker_id":"c927faea-4c54-49b0-93d4-74f5a715f914-23456247935296","trial_id":42,"state":3,"values":null,"datetime_complete":"2026-07-24T13:02:01.787533"}
{"op_code":0,"worker_id":"9b266169-1b0e-4612-9007-0c3f8d463ea4-23456247935296","study_name":"peter_moviereview_k5","directions":[2]}
{"op_code":4,"worker_id":"9b266169-1b0e-4612-9007-0c3f8d463ea4-23456247935296","study_id":0,"datetime_start":"2026-07-24T13:05:25.504689"}
{"op_code":9,"worker_id":"9b266169-1b0e-4612-9007-0c3f8d463ea4-23456247935296","trial_id":43,"system_attr":{"tpe:relative_params:0":"{\"lr\": 0.06888557578324957, \"ratio\": 3.175848251073228}"}}
{"op_code":5,"worker_id":"9b266169-1b0e-4612-9007-0c3f8d463ea4-23456247935296","trial_id":43,"param_name":"lr","param_value_internal":0.06888557578324957,"distribution":"{\"name\": \"FloatDistribution\", \"attributes\": {\"step\": null, \"low\": 1e-08, \"high\": 0.5, \"log\": true}}"}
{"op_code":5,"worker_id":"9b266169-1b0e-4612-9007-0c3f8d463ea4-23456247935296","trial_id":43,"param_name":"ratio","param_value_internal":3.175848251073228,"distribution":"{\"name\": \"FloatDistribution\", \"attributes\": {\"step\": null, \"low\": 0.1, \"high\": 100.0, \"log\": true}}"}
{"op_code":6,"worker_id":"9b266169-1b0e-4612-9007-0c3f8d463ea4-23456247935296","trial_id":43,"state":3,"values":null,"datetime_complete":"2026-07-24T13:06:16.693691"}
{"op_code":0,"worker_id":"d2d20da5-81f6-46e9-9a02-d3e83a9f02eb-23456247935296","study_name":"peter_moviereview_k5","directions":[2]}
{"op_code":4,"worker_id":"d2d20da5-81f6-46e9-9a02-d3e83a9f02eb-23456247935296","study_id":0,"datetime_start":"2026-07-24T13:10:11.594622"}
{"op_code":9,"worker_id":"d2d20da5-81f6-46e9-9a02-d3e83a9f02eb-23456247935296","trial_id":44,"system_attr":{"tpe:relative_params:0":"{\"lr\": 0.12172210412677305, \"ratio\": 4.023633350377797}"}}
{"op_code":5,"worker_id":"d2d20da5-81f6-46e9-9a02-d3e83a9f02eb-23456247935296","trial_id":44,"param_name":"lr","param_value_internal":0.12172210412677305,"distribution":"{\"name\": \"FloatDistribution\", \"attributes\": {\"step\": null, \"low\": 1e-08, \"high\": 0.5, \"log\": true}}"}
{"op_code":5,"worker_id":"d2d20da5-81f6-46e9-9a02-d3e83a9f02eb-23456247935296","trial_id":44,"param_name":"ratio","param_value_internal":4.023633350377797,"distribution":"{\"name\": \"FloatDistribution\", \"attributes\": {\"step\": null, \"low\": 0.1, \"high\": 100.0, \"log\": true}}"}
{"op_code":6,"worker_id":"d2d20da5-81f6-46e9-9a02-d3e83a9f02eb-23456247935296","trial_id":44,"state":3,"values":null,"datetime_complete":"2026-07-24T13:12:22.282949"}
{"op_code":0,"worker_id":"ad624e37-f880-40a4-b246-781dc99cf3c2-23456247935296","study_name":"peter_moviereview_k5","directions":[2]}
{"op_code":4,"worker_id":"ad624e37-f880-40a4-b246-781dc99cf3c2-23456247935296","study_id":0,"datetime_start":"2026-07-24T13:15:05.109987"}
{"op_code":9,"worker_id":"ad624e37-f880-40a4-b246-781dc99cf3c2-23456247935296","trial_id":45,"system_attr":{"tpe:relative_params:0":"{\"lr\": 0.08719609589826222, \"ratio\": 4.387561407030309}"}}
{"op_code":5,"worker_id":"ad624e37-f880-40a4-b246-781dc99cf3c2-23456247935296","trial_id":45,"param_name":"lr","param_value_internal":0.08719609589826222,"distribution":"{\"name\": \"FloatDistribution\", \"attributes\": {\"step\": null, \"low\": 1e-08, \"high\": 0.5, \"log\": true}}"}
{"op_code":5,"worker_id":"ad624e37-f880-40a4-b246-781dc99cf3c2-23456247935296","trial_id":45,"param_name":"ratio","param_value_internal":4.387561407030309,"distribution":"{\"name\": \"FloatDistribution\", \"attributes\": {\"step\": null, \"low\": 0.1, \"high\": 100.0, \"log\": true}}"}
{"op_code":6,"worker_id":"ad624e37-f880-40a4-b246-781dc99cf3c2-23456247935296","trial_id":45,"state":3,"values":null,"datetime_complete":"2026-07-24T13:16:22.868297"}
{"op_code":0,"worker_id":"36d02624-adfa-4015-84e4-e849c1999510-23456247935296","study_name":"peter_moviereview_k5","directions":[2]}
{"op_code":4,"worker_id":"36d02624-adfa-4015-84e4-e849c1999510-23456247935296","study_id":0,"datetime_start":"2026-07-24T13:18:47.403993"}
{"op_code":9,"worker_id":"36d02624-adfa-4015-84e4-e849c1999510-23456247935296","trial_id":46,"system_attr":{"tpe:relative_params:0":"{\"lr\": 0.02368898097068215, \"ratio\": 1.015310244295384}"}}
{"op_code":5,"worker_id":"36d02624-adfa-4015-84e4-e849c1999510-23456247935296","trial_id":46,"param_name":"lr","param_value_internal":0.02368898097068215,"distribution":"{\"name\": \"FloatDistribution\", \"attributes\": {\"step\": null, \"low\": 1e-08, \"high\": 0.5, \"log\": true}}"}
{"op_code":5,"worker_id":"36d02624-adfa-4015-84e4-e849c1999510-23456247935296","trial_id":46,"param_name":"ratio","param_value_internal":1.015310244295384,"distribution":"{\"name\": \"FloatDistribution\", \"attributes\": {\"step\": null, \"low\": 0.1, \"high\": 100.0, \"log\": true}}"}
{"op_code":6,"worker_id":"36d02624-adfa-4015-84e4-e849c1999510-23456247935296","trial_id":46,"state":3,"values":null,"datetime_complete":"2026-07-24T13:19:39.129114"}
{"op_code":0,"worker_id":"ac6c2b56-36a1-4d4f-ba31-d7273b82fb33-23456247935296","study_name":"peter_moviereview_k5","directions":[2]}
{"op_code":4,"worker_id":"ac6c2b56-36a1-4d4f-ba31-d7273b82fb33-23456247935296","study_id":0,"datetime_start":"2026-07-24T13:21:53.550030"}
{"op_code":9,"worker_id":"ac6c2b56-36a1-4d4f-ba31-d7273b82fb33-23456247935296","trial_id":47,"system_attr":{"tpe:relative_params:0":"{\"lr\": 0.026999446849522532, \"ratio\": 2.8581647967385924}"}}
{"op_code":5,"worker_id":"ac6c2b56-36a1-4d4f-ba31-d7273b82fb33-23456247935296","trial_id":47,"param_name":"lr","param_value_internal":0.026999446849522532,"distribution":"{\"name\": \"FloatDistribution\", \"attributes\": {\"step\": null, \"low\": 1e-08, \"high\": 0.5, \"log\": true}}"}
{"op_code":5,"worker_id":"ac6c2b56-36a1-4d4f-ba31-d7273b82fb33-23456247935296","trial_id":47,"param_name":"ratio","param_value_internal":2.8581647967385924,"distribution":"{\"name\": \"FloatDistribution\", \"attributes\": {\"step\": null, \"low\": 0.1, \"high\": 100.0, \"log\": true}}"}
{"op_code":6,"worker_id":"ac6c2b56-36a1-4d4f-ba31-d7273b82fb33-23456247935296","trial_id":47,"state":3,"values":null,"datetime_complete":"2026-07-24T13:22:47.944173"}
{"op_code":0,"worker_id":"a1b08583-33c6-412a-8c89-d7935b0db7cb-23456247935296","study_name":"peter_moviereview_k5","directions":[2]}
{"op_code":4,"worker_id":"a1b08583-33c6-412a-8c89-d7935b0db7cb-23456247935296","study_id":0,"datetime_start":"2026-07-24T13:24:38.466912"}
{"op_code":9,"worker_id":"a1b08583-33c6-412a-8c89-d7935b0db7cb-23456247935296","trial_id":48,"system_attr":{"tpe:relative_params:0":"{\"lr\": 0.030302664138440936, \"ratio\": 2.1231536612693347}"}}
{"op_code":5,"worker_id":"a1b08583-33c6-412a-8c89-d7935b0db7cb-23456247935296","trial_id":48,"param_name":"lr","param_value_internal":0.030302664138440936,"distribution":"{\"name\": \"FloatDistribution\", \"attributes\": {\"step\": null, \"low\": 1e-08, \"high\": 0.5, \"log\": true}}"}
{"op_code":5,"worker_id":"a1b08583-33c6-412a-8c89-d7935b0db7cb-23456247935296","trial_id":48,"param_name":"ratio","param_value_internal":2.1231536612693347,"distribution":"{\"name\": \"FloatDistribution\", \"attributes\": {\"step\": null, \"low\": 0.1, \"high\": 100.0, \"log\": true}}"}
{"op_code":6,"worker_id":"a1b08583-33c6-412a-8c89-d7935b0db7cb-23456247935296","trial_id":48,"state":3,"values":null,"datetime_complete":"2026-07-24T13:25:28.092255"}
{"op_code":0,"worker_id":"4acad10c-29a8-4994-b636-69d795d94331-23456247935296","study_name":"peter_moviereview_k5","directions":[2]}
{"op_code":4,"worker_id":"4acad10c-29a8-4994-b636-69d795d94331-23456247935296","study_id":0,"datetime_start":"2026-07-24T13:27:49.057710"}
{"op_code":9,"worker_id":"4acad10c-29a8-4994-b636-69d795d94331-23456247935296","trial_id":49,"system_attr":{"tpe:relative_params:0":"{\"lr\": 0.04516951919260533, \"ratio\": 2.130515351248261}"}}
{"op_code":5,"worker_id":"4acad10c-29a8-4994-b636-69d795d94331-23456247935296","trial_id":49,"param_name":"lr","param_value_internal":0.04516951919260533,"distribution":"{\"name\": \"FloatDistribution\", \"attributes\": {\"step\": null, \"low\": 1e-08, \"high\": 0.5, \"log\": true}}"}
{"op_code":5,"worker_id":"4acad10c-29a8-4994-b636-69d795d94331-23456247935296","trial_id":49,"param_name":"ratio","param_value_internal":2.130515351248261,"distribution":"{\"name\": \"FloatDistribution\", \"attributes\": {\"step\": null, \"low\": 0.1, \"high\": 100.0, \"log\": true}}"}
{"op_code":6,"worker_id":"4acad10c-29a8-4994-b636-69d795d94331-23456247935296","trial_id":49,"state":3,"values":null,"datetime_complete":"2026-07-24T13:29:42.305000"}
{"op_code":0,"worker_id":"c28bc3aa-2bf0-431c-be4d-64df10af1c2d-23456247935296","study_name":"peter_moviereview_k5","directions":[2]}
{"op_code":4,"worker_id":"c28bc3aa-2bf0-431c-be4d-64df10af1c2d-23456247935296","study_id":0,"datetime_start":"2026-07-24T13:31:36.116848"}
{"op_code":9,"worker_id":"c28bc3aa-2bf0-431c-be4d-64df10af1c2d-23456247935296","trial_id":50,"system_attr":{"tpe:relative_params:0":"{\"lr\": 0.04161273417739646, \"ratio\": 2.7140972005239474}"}}
{"op_code":5,"worker_id":"c28bc3aa-2bf0-431c-be4d-64df10af1c2d-23456247935296","trial_id":50,"param_name":"lr","param_value_internal":0.04161273417739646,"distribution":"{\"name\": \"FloatDistribution\", \"attributes\": {\"step\": null, \"low\": 1e-08, \"high\": 0.5, \"log\": true}}"}
{"op_code":5,"worker_id":"c28bc3aa-2bf0-431c-be4d-64df10af1c2d-23456247935296","trial_id":50,"param_name":"ratio","param_value_internal":2.7140972005239474,"distribution":"{\"name\": \"FloatDistribution\", \"attributes\": {\"step\": null, \"low\": 0.1, \"high\": 100.0, \"log\": true}}"}
{"op_code":6,"worker_id":"c28bc3aa-2bf0-431c-be4d-64df10af1c2d-23456247935296","trial_id":50,"state":3,"values":null,"datetime_complete":"2026-07-24T13:32:17.696044"}
{"op_code":0,"worker_id":"9ff241c4-25ee-44b4-9cfd-0e878d052f9a-23456247935296","study_name":"peter_moviereview_k5","directions":[2]}
{"op_code":4,"worker_id":"9ff241c4-25ee-44b4-9cfd-0e878d052f9a-23456247935296","study_id":0,"datetime_start":"2026-07-24T13:35:14.354180"}
{"op_code":9,"worker_id":"9ff241c4-25ee-44b4-9cfd-0e878d052f9a-23456247935296","trial_id":51,"system_attr":{"tpe:relative_params:0":"{\"lr\": 0.013931312946462587, \"ratio\": 2.2449590495253715}"}}
{"op_code":5,"worker_id":"9ff241c4-25ee-44b4-9cfd-0e878d052f9a-23456247935296","trial_id":51,"param_name":"lr","param_value_internal":0.013931312946462587,"distribution":"{\"name\": \"FloatDistribution\", \"attributes\": {\"step\": null, \"low\": 1e-08, \"high\": 0.5, \"log\": true}}"}
{"op_code":5,"worker_id":"9ff241c4-25ee-44b4-9cfd-0e878d052f9a-23456247935296","trial_id":51,"param_name":"ratio","param_value_internal":2.2449590495253715,"distribution":"{\"name\": \"FloatDistribution\", \"attributes\": {\"step\": null, \"low\": 0.1, \"high\": 100.0, \"log\": true}}"}
{"op_code":6,"worker_id":"9ff241c4-25ee-44b4-9cfd-0e878d052f9a-23456247935296","trial_id":51,"state":3,"values":null,"datetime_complete":"2026-07-24T13:36:54.658761"}
{"op_code":0,"worker_id":"282b8b26-0110-4b02-bb86-f306be648560-23456247935296","study_name":"peter_moviereview_k5","directions":[2]}
{"op_code":4,"worker_id":"282b8b26-0110-4b02-bb86-f306be648560-23456247935296","study_id":0,"datetime_start":"2026-07-24T13:37:48.589077"}
{"op_code":9,"worker_id":"282b8b26-0110-4b02-bb86-f306be648560-23456247935296","trial_id":52,"system_attr":{"tpe:relative_params:0":"{\"lr\": 0.1126344587817558, \"ratio\": 2.0996842807091296}"}}
{"op_code":5,"worker_id":"282b8b26-0110-4b02-bb86-f306be648560-23456247935296","trial_id":52,"param_name":"lr","param_value_internal":0.1126344587817558,"distribution":"{\"name\": \"FloatDistribution\", \"attributes\": {\"step\": null, \"low\": 1e-08, \"high\": 0.5, \"log\": true}}"}
{"op_code":5,"worker_id":"282b8b26-0110-4b02-bb86-f306be648560-23456247935296","trial_id":52,"param_name":"ratio","param_value_internal":2.0996842807091296,"distribution":"{\"name\": \"FloatDistribution\", \"attributes\": {\"step\": null, \"low\": 0.1, \"high\": 100.0, \"log\": true}}"}
{"op_code":6,"worker_id":"282b8b26-0110-4b02-bb86-f306be648560-23456247935296","trial_id":52,"state":3,"values":null,"datetime_complete":"2026-07-24T13:38:32.302155"}
{"op_code":0,"worker_id":"b9703704-f7aa-404a-ba04-bd0ab0302f84-23456247935296","study_name":"peter_moviereview_k5","directions":[2]}
{"op_code":0,"worker_id":"8dafed0c-d891-4f75-a323-371cfd7959fb-23456247935296","study_name":"peter_moviereview_k5","directions":[2]}
