{"op_code":0,"worker_id":"dd7f31fc-85cd-4a91-bf25-c52b7aea879a-20268","study_name":"peter_tmovie_k5","directions":[2]}
{"op_code":0,"worker_id":"1934b4e2-837b-4315-a535-91ffb5f275af-26788","study_name":"peter_tmovie_k5","directions":[2]}
{"op_code":4,"worker_id":"1934b4e2-837b-4315-a535-91ffb5f275af-26788","study_id":0,"datetime_start":"2026-07-24T09:13:00.710837"}
{"op_code":5,"worker_id":"1934b4e2-837b-4315-a535-91ffb5f275af-26788","trial_id":0,"param_name":"lr","param_value_internal":0.01549431633618344,"distribution":"{\"name\": \"FloatDistribution\", \"attributes\": {\"step\": null, \"low\": 1e-08, \"high\": 0.5, \"log\": true}}"}
{"op_code":5,"worker_id":"1934b4e2-837b-4315-a535-91ffb5f275af-26788","trial_id":0,"param_name":"ratio","param_value_internal":26.18481190519572,"distribution":"{\"name\": \"FloatDistribution\", \"attributes\": {\"step\": null, \"low\": 0.1, \"high\": 100.0, \"log\": true}}"}
{"op_code":0,"worker_id":"0f422757-3ca6-468f-8ef3-4984dcd2cec7-25836","study_name":"peter_tmovie_k5","directions":[2]}
{"op_code":4,"worker_id":"0f422757-3ca6-468f-8ef3-4984dcd2cec7-25836","study_id":0,"datetime_start":"2026-07-24T09:13:01.841289"}
{"op_code":5,"worker_id":"0f422757-3ca6-468f-8ef3-4984dcd2cec7-25836","trial_id":1,"param_name":"lr","param_value_internal":2.105024974220726e-06,"distribution":"{\"name\": \"FloatDistribution\", \"attributes\": {\"step\": null, \"low\": 1e-08, \"high\": 0.5, \"log\": true}}"}
{"op_code":5,"worker_id":"0f422757-3ca6-468f-8ef3-4984dcd2cec7-25836","trial_id":1,"param_name":"ratio","param_value_internal":2.7034638648077154,"distribution":"{\"name\": \"FloatDistribution\", \"attributes\": {\"step\": null, \"low\": 0.1, \"high\": 100.0, \"log\": true}}"}
{"op_code":0,"worker_id":"105a61a3-49ae-4b24-9dbc-923131230e66-34224","study_name":"peter_tmovie_k5","directions":[2]}
{"op_code":0,"worker_id":"13d3aae9-91ca-4ecf-9b84-fc694a0d594c-23456247935296","study_name":"peter_tmovie_k5","directions":[2]}
{"op_code":0,"worker_id":"55c4d607-f8a5-4af3-9f46-06e92ee4f9bc-23456247935296","study_name":"peter_tmovie_k5","directions":[2]}
{"op_code":4,"worker_id":"55c4d607-f8a5-4af3-9f46-06e92ee4f9bc-23456247935296","study_id":0,"datetime_start":"2026-07-24T10:21:56.752330"}
{"op_code":5,"worker_id":"55c4d607-f8a5-4af3-9f46-06e92ee4f9bc-23456247935296","trial_id":2,"param_name":"lr","param_value_internal":0.022198361091784004,"distribution":"{\"name\": \"FloatDistribution\", \"attributes\": {\"step\": null, \"low\": 1e-08, \"high\": 0.5, \"log\": true}}"}
{"op_code":5,"worker_id":"55c4d607-f8a5-4af3-9f46-06e92ee4f9bc-23456247935296","trial_id":2,"param_name":"ratio","param_value_internal":0.22287895818884618,"distribution":"{\"name\": \"FloatDistribution\", \"attributes\": {\"step\": null, \"low\": 0.1, \"high\": 100.0, \"log\": true}}"}
{"op_code":6,"worker_id":"55c4d607-f8a5-4af3-9f46-06e92ee4f9bc-23456247935296","trial_id":2,"state":3,"values":null,"datetime_complete":"2026-07-24T10:22:21.869040"}
{"op_code":0,"worker_id":"8e353b6d-4a50-4620-8d09-bfdabd59efb3-23456247935296","study_name":"peter_tmovie_k5","directions":[2]}
{"op_code":4,"worker_id":"8e353b6d-4a50-4620-8d09-bfdabd59efb3-23456247935296","study_id":0,"datetime_start":"2026-07-24T10:23:50.185536"}
{"op_code":5,"worker_id":"8e353b6d-4a50-4620-8d09-bfdabd59efb3-23456247935296","trial_id":3,"param_name":"lr","param_value_internal":0.03968436746288829,"distribution":"{\"name\": \"FloatDistribution\", \"attributes\": {\"step\": null, \"low\": 1e-08, \"high\": 0.5, \"log\": true}}"}
{"op_code":5,"worker_id":"8e353b6d-4a50-4620-8d09-bfdabd59efb3-23456247935296","trial_id":3,"param_name":"ratio","param_value_internal":0.1475779818908354,"distribution":"{\"name\": \"FloatDistribution\", \"attributes\": {\"step\": null, \"low\": 0.1, \"high\": 100.0, \"log\": true}}"}
{"op_code":6,"worker_id":"8e353b6d-4a50-4620-8d09-bfdabd59efb3-23456247935296","trial_id":3,"state":3,"values":null,"datetime_complete":"2026-07-24T10:24:13.835559"}
{"op_code":0,"worker_id":"e1f7b1ab-5308-48cc-bfae-cdba483e2505-23456247935296","study_name":"peter_tmovie_k5","directions":[2]}
{"op_code":4,"worker_id":"e1f7b1ab-5308-48cc-bfae-cdba483e2505-23456247935296","study_id":0,"datetime_start":"2026-07-24T10:27:39.077464"}
{"op_code":5,"worker_id":"e1f7b1ab-5308-48cc-bfae-cdba483e2505-23456247935296","trial_id":4,"param_name":"lr","param_value_internal":2.8268746345550574e-06,"distribution":"{\"name\": \"FloatDistribution\", \"attributes\": {\"step\": null, \"low\": 1e-08, \"high\": 0.5, \"log\": true}}"}
{"op_code":5,"worker_id":"e1f7b1ab-5308-48cc-bfae-cdba483e2505-23456247935296","trial_id":4,"param_name":"ratio","param_value_internal":63.43731902949822,"distribution":"{\"name\": \"FloatDistribution\", \"attributes\": {\"step\": null, \"low\": 0.1, \"high\": 100.0, \"log\": true}}"}
{"op_code":6,"worker_id":"e1f7b1ab-5308-48cc-bfae-cdba483e2505-23456247935296","trial_id":4,"state":1,"values":[-88.49006090870355],"datetime_complete":"2026-07-24T10:30:10.456420"}
{"op_code":0,"worker_id":"175d77a3-eca1-44a3-9eef-df84c94d5823-23456247935296","study_name":"peter_tmovie_k5","directions":[2]}
{"op_code":4,"worker_id":"175d77a3-eca1-44a3-9eef-df84c94d5823-23456247935296","study_id":0,"datetime_start":"2026-07-24T10:31:20.203285"}
{"op_code":5,"worker_id":"175d77a3-eca1-44a3-9eef-df84c94d5823-23456247935296","trial_id":5,"param_name":"lr","param_value_internal":0.00016064940763977056,"distribution":"{\"name\": \"FloatDistribution\", \"attributes\": {\"step\": null, \"low\": 1e-08, \"high\": 0.5, \"log\": true}}"}
{"op_code":5,"worker_id":"175d77a3-eca1-44a3-9eef-df84c94d5823-23456247935296","trial_id":5,"param_name":"ratio","param_value_internal":0.6269852969173707,"distribution":"{\"name\": \"FloatDistribution\", \"attributes\": {\"step\": null, \"low\": 0.1, \"high\": 100.0, \"log\": true}}"}
{"op_code":6,"worker_id":"175d77a3-eca1-44a3-9eef-df84c94d5823-23456247935296","trial_id":5,"state":1,"values":[-78.99350845533783],"datetime_complete":"2026-07-24T10:34:18.109634"}
{"op_code":0,"worker_id":"431606d0-24bf-4c8d-9ee3-bd057aa60e01-23456247935296","study_name":"peter_tmovie_k5","directions":[2]}
{"op_code":4,"worker_id":"431606d0-24bf-4c8d-9ee3-bd057aa60e01-23456247935296","study_id":0,"datetime_start":"2026-07-24T10:34:47.613953"}
{"op_code":5,"worker_id":"431606d0-24bf-4c8d-9ee3-bd057aa60e01-23456247935296","trial_id":6,"param_name":"lr","param_value_internal":9.644500972080045e-05,"distribution":"{\"name\": \"FloatDistribution\", \"attributes\": {\"step\": null, \"low\": 1e-08, \"high\": 0.5, \"log\": true}}"}
{"op_code":5,"worker_id":"431606d0-24bf-4c8d-9ee3-bd057aa60e01-23456247935296","trial_id":6,"param_name":"ratio","param_value_internal":0.10988634082950878,"distribution":"{\"name\": \"FloatDistribution\", \"attributes\": {\"step\": null, \"low\": 0.1, \"high\": 100.0, \"log\": true}}"}
{"op_code":6,"worker_id":"431606d0-24bf-4c8d-9ee3-bd057aa60e01-23456247935296","trial_id":6,"state":1,"values":[-85.15470418423259],"datetime_complete":"2026-07-24T10:37:47.643980"}
{"op_code":0,"worker_id":"4cbc978a-221d-4068-83b2-8bfca9ff71bc-23456247935296","study_name":"peter_tmovie_k5","directions":[2]}
{"op_code":4,"worker_id":"4cbc978a-221d-4068-83b2-8bfca9ff71bc-23456247935296","study_id":0,"datetime_start":"2026-07-24T10:38:07.570600"}
{"op_code":5,"worker_id":"4cbc978a-221d-4068-83b2-8bfca9ff71bc-23456247935296","trial_id":7,"param_name":"lr","param_value_internal":1.2686754062239555e-06,"distribution":"{\"name\": \"FloatDistribution\", \"attributes\": {\"step\": null, \"low\": 1e-08, \"high\": 0.5, \"log\": true}}"}
{"op_code":5,"worker_id":"4cbc978a-221d-4068-83b2-8bfca9ff71bc-23456247935296","trial_id":7,"param_name":"ratio","param_value_internal":63.598987659810994,"distribution":"{\"name\": \"FloatDistribution\", \"attributes\": {\"step\": null, \"low\": 0.1, \"high\": 100.0, \"log\": true}}"}
{"op_code":6,"worker_id":"4cbc978a-221d-4068-83b2-8bfca9ff71bc-23456247935296","trial_id":7,"state":1,"values":[-91.54097725815781],"datetime_complete":"2026-07-24T10:41:04.898892"}
{"op_code":0,"worker_id":"3a638812-2921-4ca3-9f95-fca6762ab251-23456247935296","study_name":"peter_tmovie_k5","directions":[2]}
{"op_code":4,"worker_id":"3a638812-2921-4ca3-9f95-fca6762ab251-23456247935296","study_id":0,"datetime_start":"2026-07-24T10:42:19.018404"}
{"op_code":5,"worker_id":"3a638812-2921-4ca3-9f95-fca6762ab251-23456247935296","trial_id":8,"param_name":"lr","param_value_internal":4.23180363858154e-07,"distribution":"{\"name\": \"FloatDistribution\", \"attributes\": {\"step\": null, \"low\": 1e-08, \"high\": 0.5, \"log\": true}}"}
{"op_code":5,"worker_id":"3a638812-2921-4ca3-9f95-fca6762ab251-23456247935296","trial_id":8,"param_name":"ratio","param_value_internal":4.109139933829915,"distribution":"{\"name\": \"FloatDistribution\", \"attributes\": {\"step\": null, \"low\": 0.1, \"high\": 100.0, \"log\": true}}"}
{"op_code":6,"worker_id":"3a638812-2921-4ca3-9f95-fca6762ab251-23456247935296","trial_id":8,"state":1,"values":[-96.73071153495758],"datetime_complete":"2026-07-24T10:44:42.263414"}
{"op_code":0,"worker_id":"a8513ce0-1f9f-45f5-bc9f-403e1506f1e6-23456247935296","study_name":"peter_tmovie_k5","directions":[2]}
{"op_code":4,"worker_id":"a8513ce0-1f9f-45f5-bc9f-403e1506f1e6-23456247935296","study_id":0,"datetime_start":"2026-07-24T10:46:33.535636"}
{"op_code":5,"worker_id":"a8513ce0-1f9f-45f5-bc9f-403e1506f1e6-23456247935296","trial_id":9,"param_name":"lr","param_value_internal":6.603266423477069e-06,"distribution":"{\"name\": \"FloatDistribution\", \"attributes\": {\"step\": null, \"low\": 1e-08, \"high\": 0.5, \"log\": true}}"}
{"op_code":5,"worker_id":"a8513ce0-1f9f-45f5-bc9f-403e1506f1e6-23456247935296","trial_id":9,"param_name":"ratio","param_value_internal":35.6444427471958,"distribution":"{\"name\": \"FloatDistribution\", \"attributes\": {\"step\": null, \"low\": 0.1, \"high\": 100.0, \"log\": true}}"}
{"op_code":6,"worker_id":"a8513ce0-1f9f-45f5-bc9f-403e1506f1e6-23456247935296","trial_id":9,"state":1,"values":[-86.35555617561323],"datetime_complete":"2026-07-24T10:49:20.874422"}
{"op_code":0,"worker_id":"5ca7fb5b-704a-45a0-b681-cdc88f0537e3-23456247935296","study_name":"peter_tmovie_k5","directions":[2]}
{"op_code":4,"worker_id":"5ca7fb5b-704a-45a0-b681-cdc88f0537e3-23456247935296","study_id":0,"datetime_start":"2026-07-24T10:51:03.546282"}
{"op_code":5,"worker_id":"5ca7fb5b-704a-45a0-b681-cdc88f0537e3-23456247935296","trial_id":10,"param_name":"lr","param_value_internal":2.667293348833752e-08,"distribution":"{\"name\": \"FloatDistribution\", \"attributes\": {\"step\": null, \"low\": 1e-08, \"high\": 0.5, \"log\": true}}"}
{"op_code":5,"worker_id":"5ca7fb5b-704a-45a0-b681-cdc88f0537e3-23456247935296","trial_id":10,"param_name":"ratio","param_value_internal":0.39867566446318425,"distribution":"{\"name\": \"FloatDistribution\", \"attributes\": {\"step\": null, \"low\": 0.1, \"high\": 100.0, \"log\": true}}"}
{"op_code":6,"worker_id":"5ca7fb5b-704a-45a0-b681-cdc88f0537e3-23456247935296","trial_id":10,"state":1,"values":[-96.76700492787022],"datetime_complete":"2026-07-24T10:54:05.589681"}
{"op_code":0,"worker_id":"3ed1dda9-d3f3-4868-ba81-1b021513d363-23456247935296","study_name":"peter_tmovie_k5","directions":[2]}
{"op_code":4,"worker_id":"3ed1dda9-d3f3-4868-ba81-1b021513d363-23456247935296","study_id":0,"datetime_start":"2026-07-24T10:55:14.136318"}
{"op_code":5,"worker_id":"3ed1dda9-d3f3-4868-ba81-1b021513d363-23456247935296","trial_id":11,"param_name":"lr","param_value_internal":4.819873923322024e-07,"distribution":"{\"name\": \"FloatDistribution\", \"attributes\": {\"step\": null, \"low\": 1e-08, \"high\": 0.5, \"log\": true}}"}
{"op_code":5,"worker_id":"3ed1dda9-d3f3-4868-ba81-1b021513d363-23456247935296","trial_id":11,"param_name":"ratio","param_value_internal":1.5887585233155612,"distribution":"{\"name\": \"FloatDistribution\", \"attributes\": {\"step\": null, \"low\": 0.1, \"high\": 100.0, \"log\": true}}"}
{"op_code":6,"worker_id":"3ed1dda9-d3f3-4868-ba81-1b021513d363-23456247935296","trial_id":11,"state":1,"values":[-96.78476716959358],"datetime_complete":"2026-07-24T10:58:13.500505"}
{"op_code":0,"worker_id":"9a989dc0-12ce-4fe4-afda-6966afcc02c9-23456247935296","study_name":"peter_tmovie_k5","directions":[2]}
{"op_code":4,"worker_id":"9a989dc0-12ce-4fe4-afda-6966afcc02c9-23456247935296","study_id":0,"datetime_start":"2026-07-24T10:59:52.954438"}
{"op_code":5,"worker_id":"9a989dc0-12ce-4fe4-afda-6966afcc02c9-23456247935296","trial_id":12,"param_name":"lr","param_value_internal":1.4932854765636056e-07,"distribution":"{\"name\": \"FloatDistribution\", \"attributes\": {\"step\": null, \"low\": 1e-08, \"high\": 0.5, \"log\": true}}"}
{"op_code":5,"worker_id":"9a989dc0-12ce-4fe4-afda-6966afcc02c9-23456247935296","trial_id":12,"param_name":"ratio","param_value_internal":0.29891199883581143,"distribution":"{\"name\": \"FloatDistribution\", \"attributes\": {\"step\": null, \"low\": 0.1, \"high\": 100.0, \"log\": true}}"}
{"op_code":6,"worker_id":"9a989dc0-12ce-4fe4-afda-6966afcc02c9-23456247935296","trial_id":12,"state":1,"values":[-96.83965354505426],"datetime_complete":"2026-07-24T11:02:56.722228"}
{"op_code":0,"worker_id":"1a61d74d-fc17-4c47-8b02-c0294878f82b-23456247935296","study_name":"peter_tmovie_k5","directions":[2]}
{"op_code":4,"worker_id":"1a61d74d-fc17-4c47-8b02-c0294878f82b-23456247935296","study_id":0,"datetime_start":"2026-07-24T11:04:41.106134"}
{"op_code":5,"worker_id":"1a61d74d-fc17-4c47-8b02-c0294878f82b-23456247935296","trial_id":13,"param_name":"lr","param_value_internal":3.00284150669146e-06,"distribution":"{\"name\": \"FloatDistribution\", \"attributes\": {\"step\": null, \"low\": 1e-08, \"high\": 0.5, \"log\": true}}"}
{"op_code":5,"worker_id":"1a61d74d-fc17-4c47-8b02-c0294878f82b-23456247935296","trial_id":13,"param_name":"ratio","param_value_internal":10.380173226301158,"distribution":"{\"name\": \"FloatDistribution\", \"attributes\": {\"step\": null, \"low\": 0.1, \"high\": 100.0, \"log\": true}}"}
{"op_code":6,"worker_id":"1a61d74d-fc17-4c47-8b02-c0294878f82b-23456247935296","trial_id":13,"state":1,"values":[-90.45985854494508],"datetime_complete":"2026-07-24T11:07:45.338874"}
{"op_code":0,"worker_id":"cfcad490-0541-424f-8043-81688cc51317-23456247935296","study_name":"peter_tmovie_k5","directions":[2]}
{"op_code":4,"worker_id":"cfcad490-0541-424f-8043-81688cc51317-23456247935296","study_id":0,"datetime_start":"2026-07-24T11:09:24.946443"}
{"op_code":9,"worker_id":"cfcad490-0541-424f-8043-81688cc51317-23456247935296","trial_id":14,"system_attr":{"tpe:relative_params:0":"{\"lr\": 0.02563814685242154, \"ratio\": 1.0566172548601738}"}}
{"op_code":5,"worker_id":"cfcad490-0541-424f-8043-81688cc51317-23456247935296","trial_id":14,"param_name":"lr","param_value_internal":0.02563814685242154,"distribution":"{\"name\": \"FloatDistribution\", \"attributes\": {\"step\": null, \"low\": 1e-08, \"high\": 0.5, \"log\": true}}"}
{"op_code":5,"worker_id":"cfcad490-0541-424f-8043-81688cc51317-23456247935296","trial_id":14,"param_name":"ratio","param_value_internal":1.0566172548601738,"distribution":"{\"name\": \"FloatDistribution\", \"attributes\": {\"step\": null, \"low\": 0.1, \"high\": 100.0, \"log\": true}}"}
{"op_code":6,"worker_id":"cfcad490-0541-424f-8043-81688cc51317-23456247935296","trial_id":14,"state":3,"values":null,"datetime_complete":"2026-07-24T11:09:48.868440"}
{"op_code":0,"worker_id":"438d0e23-e0ea-4b72-90c4-a39af7b1e3df-23456247935296","study_name":"peter_tmovie_k5","directions":[2]}
{"op_code":4,"worker_id":"438d0e23-e0ea-4b72-90c4-a39af7b1e3df-23456247935296","study_id":0,"datetime_start":"2026-07-24T11:13:30.549306"}
{"op_code":9,"worker_id":"438d0e23-e0ea-4b72-90c4-a39af7b1e3df-23456247935296","trial_id":15,"system_attr":{"tpe:relative_params:0":"{\"lr\": 0.02491739527222591, \"ratio\": 0.5866844689788323}"}}
{"op_code":5,"worker_id":"438d0e23-e0ea-4b72-90c4-a39af7b1e3df-23456247935296","trial_id":15,"param_name":"lr","param_value_internal":0.02491739527222591,"distribution":"{\"name\": \"FloatDistribution\", \"attributes\": {\"step\": null, \"low\": 1e-08, \"high\": 0.5, \"log\": true}}"}
{"op_code":5,"worker_id":"438d0e23-e0ea-4b72-90c4-a39af7b1e3df-23456247935296","trial_id":15,"param_name":"ratio","param_value_internal":0.5866844689788323,"distribution":"{\"name\": \"FloatDistribution\", \"attributes\": {\"step\": null, \"low\": 0.1, \"high\": 100.0, \"log\": true}}"}
{"op_code":6,"worker_id":"438d0e23-e0ea-4b72-90c4-a39af7b1e3df-23456247935296","trial_id":15,"state":3,"values":null,"datetime_complete":"2026-07-24T11:13:55.903535"}
{"op_code":0,"worker_id":"563adb09-ff4f-4678-bae4-2d68f23f3f2c-23456247935296","study_name":"peter_tmovie_k5","directions":[2]}
{"op_code":4,"worker_id":"563adb09-ff4f-4678-bae4-2d68f23f3f2c-23456247935296","study_id":0,"datetime_start":"2026-07-24T11:18:31.522015"}
{"op_code":9,"worker_id":"563adb09-ff4f-4678-bae4-2d68f23f3f2c-23456247935296","trial_id":16,"system_attr":{"tpe:relative_params:0":"{\"lr\": 0.01271893354147835, \"ratio\": 0.7910209370562835}"}}
{"op_code":5,"worker_id":"563adb09-ff4f-4678-bae4-2d68f23f3f2c-23456247935296","trial_id":16,"param_name":"lr","param_value_internal":0.01271893354147835,"distribution":"{\"name\": \"FloatDistribution\", \"attributes\": {\"step\": null, \"low\": 1e-08, \"high\": 0.5, \"log\": true}}"}
{"op_code":5,"worker_id":"563adb09-ff4f-4678-bae4-2d68f23f3f2c-23456247935296","trial_id":16,"param_name":"ratio","param_value_internal":0.7910209370562835,"distribution":"{\"name\": \"FloatDistribution\", \"attributes\": {\"step\": null, \"low\": 0.1, \"high\": 100.0, \"log\": true}}"}
{"op_code":6,"worker_id":"563adb09-ff4f-4678-bae4-2d68f23f3f2c-23456247935296","trial_id":16,"state":3,"values":null,"datetime_complete":"2026-07-24T11:18:58.603698"}
{"op_code":0,"worker_id":"34c2789d-b1c8-458d-a5a4-522841296f45-23456247935296","study_name":"peter_tmovie_k5","directions":[2]}
{"op_code":4,"worker_id":"34c2789d-b1c8-458d-a5a4-522841296f45-23456247935296","study_id":0,"datetime_start":"2026-07-24T11:22:03.526226"}
{"op_code":9,"worker_id":"34c2789d-b1c8-458d-a5a4-522841296f45-23456247935296","trial_id":17,"system_attr":{"tpe:relative_params:0":"{\"lr\": 0.12246781782667451, \"ratio\": 0.8132746982093714}"}}
{"op_code":5,"worker_id":"34c2789d-b1c8-458d-a5a4-522841296f45-23456247935296","trial_id":17,"param_name":"lr","param_value_internal":0.12246781782667451,"distribution":"{\"name\": \"FloatDistribution\", \"attributes\": {\"step\": null, \"low\": 1e-08, \"high\": 0.5, \"log\": true}}"}
{"op_code":5,"worker_id":"34c2789d-b1c8-458d-a5a4-522841296f45-23456247935296","trial_id":17,"param_name":"ratio","param_value_internal":0.8132746982093714,"distribution":"{\"name\": \"FloatDistribution\", \"attributes\": {\"step\": null, \"low\": 0.1, \"high\": 100.0, \"log\": true}}"}
{"op_code":6,"worker_id":"34c2789d-b1c8-458d-a5a4-522841296f45-23456247935296","trial_id":17,"state":3,"values":null,"datetime_complete":"2026-07-24T11:22:31.376684"}
{"op_code":0,"worker_id":"0828769e-1767-403a-851d-780c8b69e4fc-23456247935296","study_name":"peter_tmovie_k5","directions":[2]}
{"op_code":4,"worker_id":"0828769e-1767-403a-851d-780c8b69e4fc-23456247935296","study_id":0,"datetime_start":"2026-07-24T11:26:18.160258"}
{"op_code":9,"worker_id":"0828769e-1767-403a-851d-780c8b69e4fc-23456247935296","trial_id":18,"system_attr":{"tpe:relative_params:0":"{\"lr\": 0.04282263948590891, \"ratio\": 0.3467605990630375}"}}
{"op_code":5,"worker_id":"0828769e-1767-403a-851d-780c8b69e4fc-23456247935296","trial_id":18,"param_name":"lr","param_value_internal":0.04282263948590891,"distribution":"{\"name\": \"FloatDistribution\", \"attributes\": {\"step\": null, \"low\": 1e-08, \"high\": 0.5, \"log\": true}}"}
{"op_code":5,"worker_id":"0828769e-1767-403a-851d-780c8b69e4fc-23456247935296","trial_id":18,"param_name":"ratio","param_value_internal":0.3467605990630375,"distribution":"{\"name\": \"FloatDistribution\", \"attributes\": {\"step\": null, \"low\": 0.1, \"high\": 100.0, \"log\": true}}"}
{"op_code":6,"worker_id":"0828769e-1767-403a-851d-780c8b69e4fc-23456247935296","trial_id":18,"state":3,"values":null,"datetime_complete":"2026-07-24T11:26:43.672568"}
{"op_code":0,"worker_id":"a32ebe5a-30a4-4f2f-b7a5-2bcad8e3ddbb-23456247935296","study_name":"peter_tmovie_k5","directions":[2]}
{"op_code":4,"worker_id":"a32ebe5a-30a4-4f2f-b7a5-2bcad8e3ddbb-23456247935296","study_id":0,"datetime_start":"2026-07-24T11:30:15.782592"}
{"op_code":9,"worker_id":"a32ebe5a-30a4-4f2f-b7a5-2bcad8e3ddbb-23456247935296","trial_id":19,"system_attr":{"tpe:relative_params:0":"{\"lr\": 0.0031876161167979267, \"ratio\": 0.9954865039757835}"}}
{"op_code":5,"worker_id":"a32ebe5a-30a4-4f2f-b7a5-2bcad8e3ddbb-23456247935296","trial_id":19,"param_name":"lr","param_value_internal":0.0031876161167979267,"distribution":"{\"name\": \"FloatDistribution\", \"attributes\": {\"step\": null, \"low\": 1e-08, \"high\": 0.5, \"log\": true}}"}
{"op_code":5,"worker_id":"a32ebe5a-30a4-4f2f-b7a5-2bcad8e3ddbb-23456247935296","trial_id":19,"param_name":"ratio","param_value_internal":0.9954865039757835,"distribution":"{\"name\": \"FloatDistribution\", \"attributes\": {\"step\": null, \"low\": 0.1, \"high\": 100.0, \"log\": true}}"}
{"op_code":6,"worker_id":"a32ebe5a-30a4-4f2f-b7a5-2bcad8e3ddbb-23456247935296","trial_id":19,"state":1,"values":[-77.84882309805995],"datetime_complete":"2026-07-24T11:33:27.608294"}
{"op_code":0,"worker_id":"c06f102e-8608-4358-a986-0d84cf63c594-23456247935296","study_name":"peter_tmovie_k5","directions":[2]}
{"op_code":4,"worker_id":"c06f102e-8608-4358-a986-0d84cf63c594-23456247935296","study_id":0,"datetime_start":"2026-07-24T11:35:35.485347"}
{"op_code":9,"worker_id":"c06f102e-8608-4358-a986-0d84cf63c594-23456247935296","trial_id":20,"system_attr":{"tpe:relative_params:0":"{\"lr\": 0.029102306315140856, \"ratio\": 0.926274447294057}"}}
{"op_code":5,"worker_id":"c06f102e-8608-4358-a986-0d84cf63c594-23456247935296","trial_id":20,"param_name":"lr","param_value_internal":0.029102306315140856,"distribution":"{\"name\": \"FloatDistribution\", \"attributes\": {\"step\": null, \"low\": 1e-08, \"high\": 0.5, \"log\": true}}"}
{"op_code":5,"worker_id":"c06f102e-8608-4358-a986-0d84cf63c594-23456247935296","trial_id":20,"param_name":"ratio","param_value_internal":0.926274447294057,"distribution":"{\"name\": \"FloatDistribution\", \"attributes\": {\"step\": null, \"low\": 0.1, \"high\": 100.0, \"log\": true}}"}
{"op_code":6,"worker_id":"c06f102e-8608-4358-a986-0d84cf63c594-23456247935296","trial_id":20,"state":3,"values":null,"datetime_complete":"2026-07-24T11:36:30.206658"}
{"op_code":0,"worker_id":"37abc9fc-ccfc-4eb6-9763-67eaa8ab22f6-23456247935296","study_name":"peter_tmovie_k5","directions":[2]}
{"op_code":4,"worker_id":"37abc9fc-ccfc-4eb6-9763-67eaa8ab22f6-23456247935296","study_id":0,"datetime_start":"2026-07-24T11:39:39.098943"}
{"op_code":9,"worker_id":"37abc9fc-ccfc-4eb6-9763-67eaa8ab22f6-23456247935296","trial_id":21,"system_attr":{"tpe:relative_params:0":"{\"lr\": 0.0407417193952087, \"ratio\": 0.6021727851007151}"}}
{"op_code":5,"worker_id":"37abc9fc-ccfc-4eb6-9763-67eaa8ab22f6-23456247935296","trial_id":21,"param_name":"lr","param_value_internal":0.0407417193952087,"distribution":"{\"name\": \"FloatDistribution\", \"attributes\": {\"step\": null, \"low\": 1e-08, \"high\": 0.5, \"log\": true}}"}
{"op_code":5,"worker_id":"37abc9fc-ccfc-4eb6-9763-67eaa8ab22f6-23456247935296","trial_id":21,"param_name":"ratio","param_value_internal":0.6021727851007151,"distribution":"{\"name\": \"FloatDistribution\", \"attributes\": {\"step\": null, \"low\": 0.1, \"high\": 100.0, \"log\": true}}"}
{"op_code":6,"worker_id":"37abc9fc-ccfc-4eb6-9763-67eaa8ab22f6-23456247935296","trial_id":21,"state":3,"values":null,"datetime_complete":"2026-07-24T11:40:04.608388"}
{"op_code":0,"worker_id":"06aba373-af91-48d1-888c-480fcefd67c6-23456247935296","study_name":"peter_tmovie_k5","directions":[2]}
{"op_code":4,"worker_id":"06aba373-af91-48d1-888c-480fcefd67c6-23456247935296","study_id":0,"datetime_start":"2026-07-24T11:43:15.578832"}
{"op_code":9,"worker_id":"06aba373-af91-48d1-888c-480fcefd67c6-23456247935296","trial_id":22,"system_attr":{"tpe:relative_params:0":"{\"lr\": 0.06370729175148465, \"ratio\": 0.5042480756248623}"}}
{"op_code":5,"worker_id":"06aba373-af91-48d1-888c-480fcefd67c6-23456247935296","trial_id":22,"param_name":"lr","param_value_internal":0.06370729175148465,"distribution":"{\"name\": \"FloatDistribution\", \"attributes\": {\"step\": null, \"low\": 1e-08, \"high\": 0.5, \"log\": true}}"}
{"op_code":5,"worker_id":"06aba373-af91-48d1-888c-480fcefd67c6-23456247935296","trial_id":22,"param_name":"ratio","param_value_internal":0.5042480756248623,"distribution":"{\"name\": \"FloatDistribution\", \"attributes\": {\"step\": null, \"low\": 0.1, \"high\": 100.0, \"log\": true}}"}
{"op_code":6,"worker_id":"06aba373-af91-48d1-888c-480fcefd67c6-23456247935296","trial_id":22,"state":3,"values":null,"datetime_complete":"2026-07-24T11:43:43.266421"}
{"op_code":0,"worker_id":"26f662a1-806d-40d1-9aa4-8bf04d31ceaf-23456247935296","study_name":"peter_tmovie_k5","directions":[2]}
{"op_code":4,"worker_id":"26f662a1-806d-40d1-9aa4-8bf04d31ceaf-23456247935296","study_id":0,"datetime_start":"2026-07-24T11:46:35.996256"}
{"op_code":9,"worker_id":"26f662a1-806d-40d1-9aa4-8bf04d31ceaf-23456247935296","trial_id":23,"system_attr":{"tpe:relative_params:0":"{\"lr\": 0.0240351644254592, \"ratio\": 0.8534032145214345}"}}
{"op_code":5,"worker_id":"26f662a1-806d-40d1-9aa4-8bf04d31ceaf-23456247935296","trial_id":23,"param_name":"lr","param_value_internal":0.0240351644254592,"distribution":"{\"name\": \"FloatDistribution\", \"attributes\": {\"step\": null, \"low\": 1e-08, \"high\": 0.5, \"log\": true}}"}
{"op_code":5,"worker_id":"26f662a1-806d-40d1-9aa4-8bf04d31ceaf-23456247935296","trial_id":23,"param_name":"ratio","param_value_internal":0.8534032145214345,"distribution":"{\"name\": \"FloatDistribution\", \"attributes\": {\"step\": null, \"low\": 0.1, \"high\": 100.0, \"log\": true}}"}
{"op_code":6,"worker_id":"26f662a1-806d-40d1-9aa4-8bf04d31ceaf-23456247935296","trial_id":23,"state":3,"values":null,"datetime_complete":"2026-07-24T11:46:58.993668"}
{"op_code":0,"worker_id":"9bc7bb57-5755-48a3-8bdd-3c9b009d545b-23456247935296","study_name":"peter_tmovie_k5","directions":[2]}
{"op_code":4,"worker_id":"9bc7bb57-5755-48a3-8bdd-3c9b009d545b-23456247935296","study_id":0,"datetime_start":"2026-07-24T11:50:16.912988"}
{"op_code":9,"worker_id":"9bc7bb57-5755-48a3-8bdd-3c9b009d545b-23456247935296","trial_id":24,"system_attr":{"tpe:relative_params:0":"{\"lr\": 0.008265350265847678, \"ratio\": 1.3560592964323486}"}}
{"op_code":5,"worker_id":"9bc7bb57-5755-48a3-8bdd-3c9b009d545b-23456247935296","trial_id":24,"param_name":"lr","param_value_internal":0.008265350265847678,"distribution":"{\"name\": \"FloatDistribution\", \"attributes\": {\"step\": null, \"low\": 1e-08, \"high\": 0.5, \"log\": true}}"}
{"op_code":5,"worker_id":"9bc7bb57-5755-48a3-8bdd-3c9b009d545b-23456247935296","trial_id":24,"param_name":"ratio","param_value_internal":1.3560592964323486,"distribution":"{\"name\": \"FloatDistribution\", \"attributes\": {\"step\": null, \"low\": 0.1, \"high\": 100.0, \"log\": true}}"}
{"op_code":6,"worker_id":"9bc7bb57-5755-48a3-8bdd-3c9b009d545b-23456247935296","trial_id":24,"state":3,"values":null,"datetime_complete":"2026-07-24T11:50:45.864438"}
{"op_code":0,"worker_id":"211c2c83-8f1b-4501-bc81-c06c1f24b203-23456247935296","study_name":"peter_tmovie_k5","directions":[2]}
{"op_code":4,"worker_id":"211c2c83-8f1b-4501-bc81-c06c1f24b203-23456247935296","study_id":0,"datetime_start":"2026-07-24T11:53:31.865199"}
{"op_code":9,"worker_id":"211c2c83-8f1b-4501-bc81-c06c1f24b203-23456247935296","trial_id":25,"system_attr":{"tpe:relative_params:0":"{\"lr\": 0.2519735487444172, \"ratio\": 0.6847272374733906}"}}
{"op_code":5,"worker_id":"211c2c83-8f1b-4501-bc81-c06c1f24b203-23456247935296","trial_id":25,"param_name":"lr","param_value_internal":0.2519735487444172,"distribution":"{\"name\": \"FloatDistribution\", \"attributes\": {\"step\": null, \"low\": 1e-08, \"high\": 0.5, \"log\": true}}"}
{"op_code":5,"worker_id":"211c2c83-8f1b-4501-bc81-c06c1f24b203-23456247935296","trial_id":25,"param_name":"ratio","param_value_internal":0.6847272374733906,"distribution":"{\"name\": \"FloatDistribution\", \"attributes\": {\"step\": null, \"low\": 0.1, \"high\": 100.0, \"log\": true}}"}
{"op_code":6,"worker_id":"211c2c83-8f1b-4501-bc81-c06c1f24b203-23456247935296","trial_id":25,"state":3,"values":null,"datetime_complete":"2026-07-24T11:53:54.873304"}
{"op_code":0,"worker_id":"a563f0d9-f732-4dab-b034-1ba2bef75429-23456247935296","study_name":"peter_tmovie_k5","directions":[2]}
{"op_code":4,"worker_id":"a563f0d9-f732-4dab-b034-1ba2bef75429-23456247935296","study_id":0,"datetime_start":"2026-07-24T11:57:02.386048"}
{"op_code":9,"worker_id":"a563f0d9-f732-4dab-b034-1ba2bef75429-23456247935296","trial_id":26,"system_attr":{"tpe:relative_params:0":"{\"lr\": 0.01801173774186664, \"ratio\": 0.9210684009103111}"}}
{"op_code":5,"worker_id":"a563f0d9-f732-4dab-b034-1ba2bef75429-23456247935296","trial_id":26,"param_name":"lr","param_value_internal":0.01801173774186664,"distribution":"{\"name\": \"FloatDistribution\", \"attributes\": {\"step\": null, \"low\": 1e-08, \"high\": 0.5, \"log\": true}}"}
{"op_code":5,"worker_id":"a563f0d9-f732-4dab-b034-1ba2bef75429-23456247935296","trial_id":26,"param_name":"ratio","param_value_internal":0.9210684009103111,"distribution":"{\"name\": \"FloatDistribution\", \"attributes\": {\"step\": null, \"low\": 0.1, \"high\": 100.0, \"log\": true}}"}
{"op_code":6,"worker_id":"a563f0d9-f732-4dab-b034-1ba2bef75429-23456247935296","trial_id":26,"state":3,"values":null,"datetime_complete":"2026-07-24T11:57:44.501537"}
{"op_code":0,"worker_id":"65ff03f3-2d45-4a94-b850-e3308e12695b-23456247935296","study_name":"peter_tmovie_k5","directions":[2]}
{"op_code":4,"worker_id":"65ff03f3-2d45-4a94-b850-e3308e12695b-23456247935296","study_id":0,"datetime_start":"2026-07-24T12:00:58.925977"}
{"op_code":9,"worker_id":"65ff03f3-2d45-4a94-b850-e3308e12695b-23456247935296","trial_id":27,"system_attr":{"tpe:relative_params:0":"{\"lr\": 0.003303253873963886, \"ratio\": 0.9155085412418889}"}}
{"op_code":5,"worker_id":"65ff03f3-2d45-4a94-b850-e3308e12695b-23456247935296","trial_id":27,"param_name":"lr","param_value_internal":0.003303253873963886,"distribution":"{\"name\": \"FloatDistribution\", \"attributes\": {\"step\": null, \"low\": 1e-08, \"high\": 0.5, \"log\": true}}"}
{"op_code":5,"worker_id":"65ff03f3-2d45-4a94-b850-e3308e12695b-23456247935296","trial_id":27,"param_name":"ratio","param_value_internal":0.9155085412418889,"distribution":"{\"name\": \"FloatDistribution\", \"attributes\": {\"step\": null, \"low\": 0.1, \"high\": 100.0, \"log\": true}}"}
{"op_code":6,"worker_id":"65ff03f3-2d45-4a94-b850-e3308e12695b-23456247935296","trial_id":27,"state":1,"values":[-77.91063783203789],"datetime_complete":"2026-07-24T12:04:06.847691"}
{"op_code":0,"worker_id":"7cd5715f-94d5-4b02-85ac-bcd3a5ed056c-23456247935296","study_name":"peter_tmovie_k5","directions":[2]}
{"op_code":4,"worker_id":"7cd5715f-94d5-4b02-85ac-bcd3a5ed056c-23456247935296","study_id":0,"datetime_start":"2026-07-24T12:04:56.213015"}
{"op_code":9,"worker_id":"7cd5715f-94d5-4b02-85ac-bcd3a5ed056c-23456247935296","trial_id":28,"system_attr":{"tpe:relative_params:0":"{\"lr\": 0.3305669419214922, \"ratio\": 0.42898656140310615}"}}
{"op_code":5,"worker_id":"7cd5715f-94d5-4b02-85ac-bcd3a5ed056c-23456247935296","trial_id":28,"param_name":"lr","param_value_internal":0.3305669419214922,"distribution":"{\"name\": \"FloatDistribution\", \"attributes\": {\"step\": null, \"low\": 1e-08, \"high\": 0.5, \"log\": true}}"}
{"op_code":5,"worker_id":"7cd5715f-94d5-4b02-85ac-bcd3a5ed056c-23456247935296","trial_id":28,"param_name":"ratio","param_value_internal":0.42898656140310615,"distribution":"{\"name\": \"FloatDistribution\", \"attributes\": {\"step\": null, \"low\": 0.1, \"high\": 100.0, \"log\": true}}"}
{"op_code":6,"worker_id":"7cd5715f-94d5-4b02-85ac-bcd3a5ed056c-23456247935296","trial_id":28,"state":3,"values":null,"datetime_complete":"2026-07-24T12:05:21.357292"}
{"op_code":0,"worker_id":"34967f8a-e67c-4180-82f4-fd95a8afee16-23456247935296","study_name":"peter_tmovie_k5","directions":[2]}
{"op_code":4,"worker_id":"34967f8a-e67c-4180-82f4-fd95a8afee16-23456247935296","study_id":0,"datetime_start":"2026-07-24T12:08:15.121366"}
{"op_code":9,"worker_id":"34967f8a-e67c-4180-82f4-fd95a8afee16-23456247935296","trial_id":29,"system_attr":{"tpe:relative_params:0":"{\"lr\": 0.32194965310661366, \"ratio\": 1.7735646769833178}"}}
{"op_code":5,"worker_id":"34967f8a-e67c-4180-82f4-fd95a8afee16-23456247935296","trial_id":29,"param_name":"lr","param_value_internal":0.32194965310661366,"distribution":"{\"name\": \"FloatDistribution\", \"attributes\": {\"step\": null, \"low\": 1e-08, \"high\": 0.5, \"log\": true}}"}
{"op_code":5,"worker_id":"34967f8a-e67c-4180-82f4-fd95a8afee16-23456247935296","trial_id":29,"param_name":"ratio","param_value_internal":1.7735646769833178,"distribution":"{\"name\": \"FloatDistribution\", \"attributes\": {\"step\": null, \"low\": 0.1, \"high\": 100.0, \"log\": true}}"}
{"op_code":6,"worker_id":"34967f8a-e67c-4180-82f4-fd95a8afee16-23456247935296","trial_id":29,"state":3,"values":null,"datetime_complete":"2026-07-24T12:08:39.540703"}
{"op_code":0,"worker_id":"8415e3a3-ca36-458b-a200-11210a2eddda-23456247935296","study_name":"peter_tmovie_k5","directions":[2]}
{"op_code":4,"worker_id":"8415e3a3-ca36-458b-a200-11210a2eddda-23456247935296","study_id":0,"datetime_start":"2026-07-24T12:12:15.690356"}
{"op_code":9,"worker_id":"8415e3a3-ca36-458b-a200-11210a2eddda-23456247935296","trial_id":30,"system_attr":{"tpe:relative_params:0":"{\"lr\": 0.13445484556474335, \"ratio\": 1.3267411664115556}"}}
{"op_code":5,"worker_id":"8415e3a3-ca36-458b-a200-11210a2eddda-23456247935296","trial_id":30,"param_name":"lr","param_value_internal":0.13445484556474335,"distribution":"{\"name\": \"FloatDistribution\", \"attributes\": {\"step\": null, \"low\": 1e-08, \"high\": 0.5, \"log\": true}}"}
{"op_code":5,"worker_id":"8415e3a3-ca36-458b-a200-11210a2eddda-23456247935296","trial_id":30,"param_name":"ratio","param_value_internal":1.3267411664115556,"distribution":"{\"name\": \"FloatDistribution\", \"attributes\": {\"step\": null, \"low\": 0.1, \"high\": 100.0, \"log\": true}}"}
{"op_code":6,"worker_id":"8415e3a3-ca36-458b-a200-11210a2eddda-23456247935296","trial_id":30,"state":3,"values":null,"datetime_complete":"2026-07-24T12:12:41.765071"}
{"op_code":0,"worker_id":"043e7107-28ad-48c6-88a7-6851a6758272-23456247935296","study_name":"peter_tmovie_k5","directions":[2]}
{"op_code":4,"worker_id":"043e7107-28ad-48c6-88a7-6851a6758272-23456247935296","study_id":0,"datetime_start":"2026-07-24T12:16:28.111102"}
{"op_code":9,"worker_id":"043e7107-28ad-48c6-88a7-6851a6758272-23456247935296","trial_id":31,"system_attr":{"tpe:relative_params:0":"{\"lr\": 0.04499745420502351, \"ratio\": 1.0746686733173614}"}}
{"op_code":5,"worker_id":"043e7107-28ad-48c6-88a7-6851a6758272-23456247935296","trial_id":31,"param_name":"lr","param_value_internal":0.04499745420502351,"distribution":"{\"name\": \"FloatDistribution\", \"attributes\": {\"step\": null, \"low\": 1e-08, \"high\": 0.5, \"log\": true}}"}
{"op_code":5,"worker_id":"043e7107-28ad-48c6-88a7-6851a6758272-23456247935296","trial_id":31,"param_name":"ratio","param_value_internal":1.0746686733173614,"distribution":"{\"name\": \"FloatDistribution\", \"attributes\": {\"step\": null, \"low\": 0.1, \"high\": 100.0, \"log\": true}}"}
{"op_code":6,"worker_id":"043e7107-28ad-48c6-88a7-6851a6758272-23456247935296","trial_id":31,"state":3,"values":null,"datetime_complete":"2026-07-24T12:16:56.603553"}
{"op_code":0,"worker_id":"9424c746-f8d1-4ab2-bcc1-64e9cd9d5ae3-23456247935296","study_name":"peter_tmovie_k5","directions":[2]}
{"op_code":4,"worker_id":"9424c746-f8d1-4ab2-bcc1-64e9cd9d5ae3-23456247935296","study_id":0,"datetime_start":"2026-07-24T12:19:48.114499"}
{"op_code":9,"worker_id":"9424c746-f8d1-4ab2-bcc1-64e9cd9d5ae3-23456247935296","trial_id":32,"system_attr":{"tpe:relative_params:0":"{\"lr\": 0.3386652130194249, \"ratio\": 0.8540614056165708}"}}
{"op_code":5,"worker_id":"9424c746-f8d1-4ab2-bcc1-64e9cd9d5ae3-23456247935296","trial_id":32,"param_name":"lr","param_value_internal":0.3386652130194249,"distribution":"{\"name\": \"FloatDistribution\", \"attributes\": {\"step\": null, \"low\": 1e-08, \"high\": 0.5, \"log\": true}}"}
{"op_code":5,"worker_id":"9424c746-f8d1-4ab2-bcc1-64e9cd9d5ae3-23456247935296","trial_id":32,"param_name":"ratio","param_value_internal":0.8540614056165708,"distribution":"{\"name\": \"FloatDistribution\", \"attributes\": {\"step\": null, \"low\": 0.1, \"high\": 100.0, \"log\": true}}"}
{"op_code":6,"worker_id":"9424c746-f8d1-4ab2-bcc1-64e9cd9d5ae3-23456247935296","trial_id":32,"state":3,"values":null,"datetime_complete":"2026-07-24T12:20:12.538324"}
{"op_code":0,"worker_id":"57a1ad24-84de-4aa2-af36-a3d0b568aec4-23456247935296","study_name":"peter_tmovie_k5","directions":[2]}
{"op_code":4,"worker_id":"57a1ad24-84de-4aa2-af36-a3d0b568aec4-23456247935296","study_id":0,"datetime_start":"2026-07-24T12:23:55.473406"}
{"op_code":9,"worker_id":"57a1ad24-84de-4aa2-af36-a3d0b568aec4-23456247935296","trial_id":33,"system_attr":{"tpe:relative_params:0":"{\"lr\": 0.278317905659478, \"ratio\": 0.8904013532855666}"}}
{"op_code":5,"worker_id":"57a1ad24-84de-4aa2-af36-a3d0b568aec4-23456247935296","trial_id":33,"param_name":"lr","param_value_internal":0.278317905659478,"distribution":"{\"name\": \"FloatDistribution\", \"attributes\": {\"step\": null, \"low\": 1e-08, \"high\": 0.5, \"log\": true}}"}
{"op_code":5,"worker_id":"57a1ad24-84de-4aa2-af36-a3d0b568aec4-23456247935296","trial_id":33,"param_name":"ratio","param_value_internal":0.8904013532855666,"distribution":"{\"name\": \"FloatDistribution\", \"attributes\": {\"step\": null, \"low\": 0.1, \"high\": 100.0, \"log\": true}}"}
{"op_code":6,"worker_id":"57a1ad24-84de-4aa2-af36-a3d0b568aec4-23456247935296","trial_id":33,"state":3,"values":null,"datetime_complete":"2026-07-24T12:24:25.011775"}
{"op_code":0,"worker_id":"99318bac-4fbd-42fa-8bf4-147b189731ee-23456247935296","study_name":"peter_tmovie_k5","directions":[2]}
{"op_code":4,"worker_id":"99318bac-4fbd-42fa-8bf4-147b189731ee-23456247935296","study_id":0,"datetime_start":"2026-07-24T12:29:57.621351"}
{"op_code":9,"worker_id":"99318bac-4fbd-42fa-8bf4-147b189731ee-23456247935296","trial_id":34,"system_attr":{"tpe:relative_params:0":"{\"lr\": 0.04518008389638902, \"ratio\": 1.183838039733103}"}}
{"op_code":5,"worker_id":"99318bac-4fbd-42fa-8bf4-147b189731ee-23456247935296","trial_id":34,"param_name":"lr","param_value_internal":0.04518008389638902,"distribution":"{\"name\": \"FloatDistribution\", \"attributes\": {\"step\": null, \"low\": 1e-08, \"high\": 0.5, \"log\": true}}"}
{"op_code":5,"worker_id":"99318bac-4fbd-42fa-8bf4-147b189731ee-23456247935296","trial_id":34,"param_name":"ratio","param_value_internal":1.183838039733103,"distribution":"{\"name\": \"FloatDistribution\", \"attributes\": {\"step\": null, \"low\": 0.1, \"high\": 100.0, \"log\": true}}"}
{"op_code":6,"worker_id":"99318bac-4fbd-42fa-8bf4-147b189731ee-23456247935296","trial_id":34,"state":3,"values":null,"datetime_complete":"2026-07-24T12:30:55.024588"}
{"op_code":0,"worker_id":"fe138f34-baf7-4dd1-9b7a-3be26b4252b5-23456247935296","study_name":"peter_tmovie_k5","directions":[2]}
{"op_code":4,"worker_id":"fe138f34-baf7-4dd1-9b7a-3be26b4252b5-23456247935296","study_id":0,"datetime_start":"2026-07-24T12:34:04.890508"}
{"op_code":9,"worker_id":"fe138f34-baf7-4dd1-9b7a-3be26b4252b5-23456247935296","trial_id":35,"system_attr":{"tpe:relative_params:0":"{\"lr\": 0.16456385187009143, \"ratio\": 0.44203821512017083}"}}
{"op_code":5,"worker_id":"fe138f34-baf7-4dd1-9b7a-3be26b4252b5-23456247935296","trial_id":35,"param_name":"lr","param_value_internal":0.16456385187009143,"distribution":"{\"name\": \"FloatDistribution\", \"attributes\": {\"step\": null, \"low\": 1e-08, \"high\": 0.5, \"log\": true}}"}
{"op_code":5,"worker_id":"fe138f34-baf7-4dd1-9b7a-3be26b4252b5-23456247935296","trial_id":35,"param_name":"ratio","param_value_internal":0.44203821512017083,"distribution":"{\"name\": \"FloatDistribution\", \"attributes\": {\"step\": null, \"low\": 0.1, \"high\": 100.0, \"log\": true}}"}
{"op_code":6,"worker_id":"fe138f34-baf7-4dd1-9b7a-3be26b4252b5-23456247935296","trial_id":35,"state":3,"values":null,"datetime_complete":"2026-07-24T12:34:28.967924"}
{"op_code":0,"worker_id":"2107503f-13be-4bb3-abb4-407ddcb9c5d7-23456247935296","study_name":"peter_tmovie_k5","directions":[2]}
{"op_code":4,"worker_id":"2107503f-13be-4bb3-abb4-407ddcb9c5d7-23456247935296","study_id":0,"datetime_start":"2026-07-24T12:38:29.558637"}
{"op_code":9,"worker_id":"2107503f-13be-4bb3-abb4-407ddcb9c5d7-23456247935296","trial_id":36,"system_attr":{"tpe:relative_params:0":"{\"lr\": 0.14862216817894228, \"ratio\": 0.7580709965016372}"}}
{"op_code":5,"worker_id":"2107503f-13be-4bb3-abb4-407ddcb9c5d7-23456247935296","trial_id":36,"param_name":"lr","param_value_internal":0.14862216817894228,"distribution":"{\"name\": \"FloatDistribution\", \"attributes\": {\"step\": null, \"low\": 1e-08, \"high\": 0.5, \"log\": true}}"}
{"op_code":5,"worker_id":"2107503f-13be-4bb3-abb4-407ddcb9c5d7-23456247935296","trial_id":36,"param_name":"ratio","param_value_internal":0.7580709965016372,"distribution":"{\"name\": \"FloatDistribution\", \"attributes\": {\"step\": null, \"low\": 0.1, \"high\": 100.0, \"log\": true}}"}
{"op_code":6,"worker_id":"2107503f-13be-4bb3-abb4-407ddcb9c5d7-23456247935296","trial_id":36,"state":3,"values":null,"datetime_complete":"2026-07-24T12:38:57.730327"}
{"op_code":0,"worker_id":"a09773e8-57cd-457b-b502-c9f0f90bbbad-23456247935296","study_name":"peter_tmovie_k5","directions":[2]}
{"op_code":4,"worker_id":"a09773e8-57cd-457b-b502-c9f0f90bbbad-23456247935296","study_id":0,"datetime_start":"2026-07-24T12:43:49.731599"}
{"op_code":9,"worker_id":"a09773e8-57cd-457b-b502-c9f0f90bbbad-23456247935296","trial_id":37,"system_attr":{"tpe:relative_params:0":"{\"lr\": 0.1499510200539152, \"ratio\": 1.354080787621992}"}}
{"op_code":5,"worker_id":"a09773e8-57cd-457b-b502-c9f0f90bbbad-23456247935296","trial_id":37,"param_name":"lr","param_value_internal":0.1499510200539152,"distribution":"{\"name\": \"FloatDistribution\", \"attributes\": {\"step\": null, \"low\": 1e-08, \"high\": 0.5, \"log\": true}}"}
{"op_code":5,"worker_id":"a09773e8-57cd-457b-b502-c9f0f90bbbad-23456247935296","trial_id":37,"param_name":"ratio","param_value_internal":1.354080787621992,"distribution":"{\"name\": \"FloatDistribution\", \"attributes\": {\"step\": null, \"low\": 0.1, \"high\": 100.0, \"log\": true}}"}
{"op_code":6,"worker_id":"a09773e8-57cd-457b-b502-c9f0f90bbbad-23456247935296","trial_id":37,"state":3,"values":null,"datetime_complete":"2026-07-24T12:44:18.204473"}
{"op_code":0,"worker_id":"c5bb7d83-378b-41aa-a0f7-9b7fe0b3ba09-23456247935296","study_name":"peter_tmovie_k5","directions":[2]}
{"op_code":4,"worker_id":"c5bb7d83-378b-41aa-a0f7-9b7fe0b3ba09-23456247935296","study_id":0,"datetime_start":"2026-07-24T12:48:43.099838"}
{"op_code":9,"worker_id":"c5bb7d83-378b-41aa-a0f7-9b7fe0b3ba09-23456247935296","trial_id":38,"system_attr":{"tpe:relative_params:0":"{\"lr\": 0.06552722871220167, \"ratio\": 1.2204627609083551}"}}
{"op_code":5,"worker_id":"c5bb7d83-378b-41aa-a0f7-9b7fe0b3ba09-23456247935296","trial_id":38,"param_name":"lr","param_value_internal":0.06552722871220167,"distribution":"{\"name\": \"FloatDistribution\", \"attributes\": {\"step\": null, \"low\": 1e-08, \"high\": 0.5, \"log\": true}}"}
{"op_code":5,"worker_id":"c5bb7d83-378b-41aa-a0f7-9b7fe0b3ba09-23456247935296","trial_id":38,"param_name":"ratio","param_value_internal":1.2204627609083551,"distribution":"{\"name\": \"FloatDistribution\", \"attributes\": {\"step\": null, \"low\": 0.1, \"high\": 100.0, \"log\": true}}"}
{"op_code":6,"worker_id":"c5bb7d83-378b-41aa-a0f7-9b7fe0b3ba09-23456247935296","trial_id":38,"state":3,"values":null,"datetime_complete":"2026-07-24T12:49:08.479703"}
{"op_code":0,"worker_id":"166db4e6-9f29-4fd8-bea1-6089ef98e0b9-23456247935296","study_name":"peter_tmovie_k5","directions":[2]}
{"op_code":4,"worker_id":"166db4e6-9f29-4fd8-bea1-6089ef98e0b9-23456247935296","study_id":0,"datetime_start":"2026-07-24T12:53:11.294354"}
{"op_code":9,"worker_id":"166db4e6-9f29-4fd8-bea1-6089ef98e0b9-23456247935296","trial_id":39,"system_attr":{"tpe:relative_params:0":"{\"lr\": 0.04793155828963484, \"ratio\": 1.3716927228953004}"}}
{"op_code":5,"worker_id":"166db4e6-9f29-4fd8-bea1-6089ef98e0b9-23456247935296","trial_id":39,"param_name":"lr","param_value_internal":0.04793155828963484,"distribution":"{\"name\": \"FloatDistribution\", \"attributes\": {\"step\": null, \"low\": 1e-08, \"high\": 0.5, \"log\": true}}"}
{"op_code":5,"worker_id":"166db4e6-9f29-4fd8-bea1-6089ef98e0b9-23456247935296","trial_id":39,"param_name":"ratio","param_value_internal":1.3716927228953004,"distribution":"{\"name\": \"FloatDistribution\", \"attributes\": {\"step\": null, \"low\": 0.1, \"high\": 100.0, \"log\": true}}"}
{"op_code":6,"worker_id":"166db4e6-9f29-4fd8-bea1-6089ef98e0b9-23456247935296","trial_id":39,"state":3,"values":null,"datetime_complete":"2026-07-24T12:53:38.477256"}
{"op_code":0,"worker_id":"5edcdfec-5453-41a7-b312-d85f94efcf0b-23456247935296","study_name":"peter_tmovie_k5","directions":[2]}
{"op_code":4,"worker_id":"5edcdfec-5453-41a7-b312-d85f94efcf0b-23456247935296","study_id":0,"datetime_start":"2026-07-24T12:57:47.331077"}
{"op_code":9,"worker_id":"5edcdfec-5453-41a7-b312-d85f94efcf0b-23456247935296","trial_id":40,"system_attr":{"tpe:relative_params:0":"{\"lr\": 0.10065070226281467, \"ratio\": 1.2186357935108567}"}}
{"op_code":5,"worker_id":"5edcdfec-5453-41a7-b312-d85f94efcf0b-23456247935296","trial_id":40,"param_name":"lr","param_value_internal":0.10065070226281467,"distribution":"{\"name\": \"FloatDistribution\", \"attributes\": {\"step\": null, \"low\": 1e-08, \"high\": 0.5, \"log\": true}}"}
{"op_code":5,"worker_id":"5edcdfec-5453-41a7-b312-d85f94efcf0b-23456247935296","trial_id":40,"param_name":"ratio","param_value_internal":1.2186357935108567,"distribution":"{\"name\": \"FloatDistribution\", \"attributes\": {\"step\": null, \"low\": 0.1, \"high\": 100.0, \"log\": true}}"}
{"op_code":6,"worker_id":"5edcdfec-5453-41a7-b312-d85f94efcf0b-23456247935296","trial_id":40,"state":3,"values":null,"datetime_complete":"2026-07-24T12:58:16.146326"}
{"op_code":0,"worker_id":"0aa131a8-5b89-4459-9393-f60fca4652c6-23456247935296","study_name":"peter_tmovie_k5","directions":[2]}
{"op_code":4,"worker_id":"0aa131a8-5b89-4459-9393-f60fca4652c6-23456247935296","study_id":0,"datetime_start":"2026-07-24T13:01:47.513047"}
{"op_code":9,"worker_id":"0aa131a8-5b89-4459-9393-f60fca4652c6-23456247935296","trial_id":41,"system_attr":{"tpe:relative_params:0":"{\"lr\": 0.08216764066062753, \"ratio\": 1.6809468734763737}"}}
{"op_code":5,"worker_id":"0aa131a8-5b89-4459-9393-f60fca4652c6-23456247935296","trial_id":41,"param_name":"lr","param_value_internal":0.08216764066062753,"distribution":"{\"name\": \"FloatDistribution\", \"attributes\": {\"step\": null, \"low\": 1e-08, \"high\": 0.5, \"log\": true}}"}
{"op_code":5,"worker_id":"0aa131a8-5b89-4459-9393-f60fca4652c6-23456247935296","trial_id":41,"param_name":"ratio","param_value_internal":1.6809468734763737,"distribution":"{\"name\": \"FloatDistribution\", \"attributes\": {\"step\": null, \"low\": 0.1, \"high\": 100.0, \"log\": true}}"}
{"op_code":6,"worker_id":"0aa131a8-5b89-4459-9393-f60fca4652c6-23456247935296","trial_id":41,"state":3,"values":null,"datetime_complete":"2026-07-24T13:02:17.241620"}
{"op_code":0,"worker_id":"e657ab13-0a13-4a22-b07b-97d7def92a51-23456247935296","study_name":"peter_tmovie_k5","directions":[2]}
{"op_code":4,"worker_id":"e657ab13-0a13-4a22-b07b-97d7def92a51-23456247935296","study_id":0,"datetime_start":"2026-07-24T13:06:07.501183"}
{"op_code":9,"worker_id":"e657ab13-0a13-4a22-b07b-97d7def92a51-23456247935296","trial_id":42,"system_attr":{"tpe:relative_params:0":"{\"lr\": 0.20890769907775494, \"ratio\": 1.4453275495027949}"}}
{"op_code":5,"worker_id":"e657ab13-0a13-4a22-b07b-97d7def92a51-23456247935296","trial_id":42,"param_name":"lr","param_value_internal":0.20890769907775494,"distribution":"{\"name\": \"FloatDistribution\", \"attributes\": {\"step\": null, \"low\": 1e-08, \"high\": 0.5, \"log\": true}}"}
{"op_code":5,"worker_id":"e657ab13-0a13-4a22-b07b-97d7def92a51-23456247935296","trial_id":42,"param_name":"ratio","param_value_internal":1.4453275495027949,"distribution":"{\"name\": \"FloatDistribution\", \"attributes\": {\"step\": null, \"low\": 0.1, \"high\": 100.0, \"log\": true}}"}
{"op_code":6,"worker_id":"e657ab13-0a13-4a22-b07b-97d7def92a51-23456247935296","trial_id":42,"state":3,"values":null,"datetime_complete":"2026-07-24T13:07:03.531667"}
{"op_code":0,"worker_id":"dc4d5ccc-8632-4d14-90a6-4b21949d8ee7-23456247935296","study_name":"peter_tmovie_k5","directions":[2]}
{"op_code":4,"worker_id":"dc4d5ccc-8632-4d14-90a6-4b21949d8ee7-23456247935296","study_id":0,"datetime_start":"2026-07-24T13:10:34.294864"}
{"op_code":9,"worker_id":"dc4d5ccc-8632-4d14-90a6-4b21949d8ee7-23456247935296","trial_id":43,"system_attr":{"tpe:relative_params:0":"{\"lr\": 0.3837579497782762, \"ratio\": 1.4067915689460915}"}}
{"op_code":5,"worker_id":"dc4d5ccc-8632-4d14-90a6-4b21949d8ee7-23456247935296","trial_id":43,"param_name":"lr","param_value_internal":0.3837579497782762,"distribution":"{\"name\": \"FloatDistribution\", \"attributes\": {\"step\": null, \"low\": 1e-08, \"high\": 0.5, \"log\": true}}"}
{"op_code":5,"worker_id":"dc4d5ccc-8632-4d14-90a6-4b21949d8ee7-23456247935296","trial_id":43,"param_name":"ratio","param_value_internal":1.4067915689460915,"distribution":"{\"name\": \"FloatDistribution\", \"attributes\": {\"step\": null, \"low\": 0.1, \"high\": 100.0, \"log\": true}}"}
{"op_code":6,"worker_id":"dc4d5ccc-8632-4d14-90a6-4b21949d8ee7-23456247935296","trial_id":43,"state":3,"values":null,"datetime_complete":"2026-07-24T13:10:58.116518"}
{"op_code":0,"worker_id":"5a257c02-08fb-4153-99f1-340942b2ab0e-23456247935296","study_name":"peter_tmovie_k5","directions":[2]}
{"op_code":4,"worker_id":"5a257c02-08fb-4153-99f1-340942b2ab0e-23456247935296","study_id":0,"datetime_start":"2026-07-24T13:15:32.519427"}
{"op_code":9,"worker_id":"5a257c02-08fb-4153-99f1-340942b2ab0e-23456247935296","trial_id":44,"system_attr":{"tpe:relative_params:0":"{\"lr\": 0.021127730995170124, \"ratio\": 1.2963811563722074}"}}
{"op_code":5,"worker_id":"5a257c02-08fb-4153-99f1-340942b2ab0e-23456247935296","trial_id":44,"param_name":"lr","param_value_internal":0.021127730995170124,"distribution":"{\"name\": \"FloatDistribution\", \"attributes\": {\"step\": null, \"low\": 1e-08, \"high\": 0.5, \"log\": true}}"}
{"op_code":5,"worker_id":"5a257c02-08fb-4153-99f1-340942b2ab0e-23456247935296","trial_id":44,"param_name":"ratio","param_value_internal":1.2963811563722074,"distribution":"{\"name\": \"FloatDistribution\", \"attributes\": {\"step\": null, \"low\": 0.1, \"high\": 100.0, \"log\": true}}"}
{"op_code":6,"worker_id":"5a257c02-08fb-4153-99f1-340942b2ab0e-23456247935296","trial_id":44,"state":3,"values":null,"datetime_complete":"2026-07-24T13:15:59.191424"}
{"op_code":0,"worker_id":"d90d88ae-3f03-4f5c-8dec-86a17837d00c-23456247935296","study_name":"peter_tmovie_k5","directions":[2]}
{"op_code":4,"worker_id":"d90d88ae-3f03-4f5c-8dec-86a17837d00c-23456247935296","study_id":0,"datetime_start":"2026-07-24T13:19:12.884961"}
{"op_code":9,"worker_id":"d90d88ae-3f03-4f5c-8dec-86a17837d00c-23456247935296","trial_id":45,"system_attr":{"tpe:relative_params:0":"{\"lr\": 0.09132876930037515, \"ratio\": 2.272828516000144}"}}
{"op_code":5,"worker_id":"d90d88ae-3f03-4f5c-8dec-86a17837d00c-23456247935296","trial_id":45,"param_name":"lr","param_value_internal":0.09132876930037515,"distribution":"{\"name\": \"FloatDistribution\", \"attributes\": {\"step\": null, \"low\": 1e-08, \"high\": 0.5, \"log\": true}}"}
{"op_code":5,"worker_id":"d90d88ae-3f03-4f5c-8dec-86a17837d00c-23456247935296","trial_id":45,"param_name":"ratio","param_value_internal":2.272828516000144,"distribution":"{\"name\": \"FloatDistribution\", \"attributes\": {\"step\": null, \"low\": 0.1, \"high\": 100.0, \"log\": true}}"}
{"op_code":6,"worker_id":"d90d88ae-3f03-4f5c-8dec-86a17837d00c-23456247935296","trial_id":45,"state":3,"values":null,"datetime_complete":"2026-07-24T13:19:41.092932"}
{"op_code":0,"worker_id":"32c61576-3569-451d-b8b2-9183900656bd-23456247935296","study_name":"peter_tmovie_k5","directions":[2]}
{"op_code":4,"worker_id":"32c61576-3569-451d-b8b2-9183900656bd-23456247935296","study_id":0,"datetime_start":"2026-07-24T13:22:12.724196"}
{"op_code":9,"worker_id":"32c61576-3569-451d-b8b2-9183900656bd-23456247935296","trial_id":46,"system_attr":{"tpe:relative_params:0":"{\"lr\": 0.14392674762049412, \"ratio\": 1.3788402694228286}"}}
{"op_code":5,"worker_id":"32c61576-3569-451d-b8b2-9183900656bd-23456247935296","trial_id":46,"param_name":"lr","param_value_internal":0.14392674762049412,"distribution":"{\"name\": \"FloatDistribution\", \"attributes\": {\"step\": null, \"low\": 1e-08, \"high\": 0.5, \"log\": true}}"}
{"op_code":5,"worker_id":"32c61576-3569-451d-b8b2-9183900656bd-23456247935296","trial_id":46,"param_name":"ratio","param_value_internal":1.3788402694228286,"distribution":"{\"name\": \"FloatDistribution\", \"attributes\": {\"step\": null, \"low\": 0.1, \"high\": 100.0, \"log\": true}}"}
{"op_code":6,"worker_id":"32c61576-3569-451d-b8b2-9183900656bd-23456247935296","trial_id":46,"state":3,"values":null,"datetime_complete":"2026-07-24T13:22:37.917563"}
{"op_code":0,"worker_id":"5ff120df-75b4-4358-bb8d-0f9074037adf-23456247935296","study_name":"peter_tmovie_k5","directions":[2]}
{"op_code":4,"worker_id":"5ff120df-75b4-4358-bb8d-0f9074037adf-23456247935296","study_id":0,"datetime_start":"2026-07-24T13:25:00.367329"}
{"op_code":9,"worker_id":"5ff120df-75b4-4358-bb8d-0f9074037adf-23456247935296","trial_id":47,"system_attr":{"tpe:relative_params:0":"{\"lr\": 0.06900689690102647, \"ratio\": 0.987417574430266}"}}
{"op_code":5,"worker_id":"5ff120df-75b4-4358-bb8d-0f9074037adf-23456247935296","trial_id":47,"param_name":"lr","param_value_internal":0.06900689690102647,"distribution":"{\"name\": \"FloatDistribution\", \"attributes\": {\"step\": null, \"low\": 1e-08, \"high\": 0.5, \"log\": true}}"}
{"op_code":5,"worker_id":"5ff120df-75b4-4358-bb8d-0f9074037adf-23456247935296","trial_id":47,"param_name":"ratio","param_value_internal":0.987417574430266,"distribution":"{\"name\": \"FloatDistribution\", \"attributes\": {\"step\": null, \"low\": 0.1, \"high\": 100.0, \"log\": true}}"}
{"op_code":6,"worker_id":"5ff120df-75b4-4358-bb8d-0f9074037adf-23456247935296","trial_id":47,"state":3,"values":null,"datetime_complete":"2026-07-24T13:25:58.091544"}
{"op_code":0,"worker_id":"017f0f90-e029-4458-ba83-569318c23998-23456247935296","study_name":"peter_tmovie_k5","directions":[2]}
{"op_code":4,"worker_id":"017f0f90-e029-4458-ba83-569318c23998-23456247935296","study_id":0,"datetime_start":"2026-07-24T13:28:19.475916"}
{"op_code":9,"worker_id":"017f0f90-e029-4458-ba83-569318c23998-23456247935296","trial_id":48,"system_attr":{"tpe:relative_params:0":"{\"lr\": 0.12231842395779037, \"ratio\": 1.0245431331788664}"}}
{"op_code":5,"worker_id":"017f0f90-e029-4458-ba83-569318c23998-23456247935296","trial_id":48,"param_name":"lr","param_value_internal":0.12231842395779037,"distribution":"{\"name\": \"FloatDistribution\", \"attributes\": {\"step\": null, \"low\": 1e-08, \"high\": 0.5, \"log\": true}}"}
{"op_code":5,"worker_id":"017f0f90-e029-4458-ba83-569318c23998-23456247935296","trial_id":48,"param_name":"ratio","param_value_internal":1.0245431331788664,"distribution":"{\"name\": \"FloatDistribution\", \"attributes\": {\"step\": null, \"low\": 0.1, \"high\": 100.0, \"log\": true}}"}
{"op_code":6,"worker_id":"017f0f90-e029-4458-ba83-569318c23998-23456247935296","trial_id":48,"state":3,"values":null,"datetime_complete":"2026-07-24T13:28:54.198665"}
{"op_code":0,"worker_id":"c2348272-3e44-417c-a6df-ed9485530c04-23456247935296","study_name":"peter_tmovie_k5","directions":[2]}
{"op_code":4,"worker_id":"c2348272-3e44-417c-a6df-ed9485530c04-23456247935296","study_id":0,"datetime_start":"2026-07-24T13:32:09.219152"}
{"op_code":9,"worker_id":"c2348272-3e44-417c-a6df-ed9485530c04-23456247935296","trial_id":49,"system_attr":{"tpe:relative_params:0":"{\"lr\": 0.03356772104654731, \"ratio\": 1.9990827103290525}"}}
{"op_code":5,"worker_id":"c2348272-3e44-417c-a6df-ed9485530c04-23456247935296","trial_id":49,"param_name":"lr","param_value_internal":0.03356772104654731,"distribution":"{\"name\": \"FloatDistribution\", \"attributes\": {\"step\": null, \"low\": 1e-08, \"high\": 0.5, \"log\": true}}"}
{"op_code":5,"worker_id":"c2348272-3e44-417c-a6df-ed9485530c04-23456247935296","trial_id":49,"param_name":"ratio","param_value_internal":1.9990827103290525,"distribution":"{\"name\": \"FloatDistribution\", \"attributes\": {\"step\": null, \"low\": 0.1, \"high\": 100.0, \"log\": true}}"}
{"op_code":6,"worker_id":"c2348272-3e44-417c-a6df-ed9485530c04-23456247935296","trial_id":49,"state":3,"values":null,"datetime_complete":"2026-07-24T13:32:45.838444"}
{"op_code":0,"worker_id":"ff9cca05-fd27-4ecd-9f01-049cb76cf5ce-23456247935296","study_name":"peter_tmovie_k5","directions":[2]}
{"op_code":4,"worker_id":"ff9cca05-fd27-4ecd-9f01-049cb76cf5ce-23456247935296","study_id":0,"datetime_start":"2026-07-24T13:35:46.464883"}
{"op_code":9,"worker_id":"ff9cca05-fd27-4ecd-9f01-049cb76cf5ce-23456247935296","trial_id":50,"system_attr":{"tpe:relative_params:0":"{\"lr\": 0.03781562783163335, \"ratio\": 1.1675815925734023}"}}
{"op_code":5,"worker_id":"ff9cca05-fd27-4ecd-9f01-049cb76cf5ce-23456247935296","trial_id":50,"param_name":"lr","param_value_internal":0.03781562783163335,"distribution":"{\"name\": \"FloatDistribution\", \"attributes\": {\"step\": null, \"low\": 1e-08, \"high\": 0.5, \"log\": true}}"}
{"op_code":5,"worker_id":"ff9cca05-fd27-4ecd-9f01-049cb76cf5ce-23456247935296","trial_id":50,"param_name":"ratio","param_value_internal":1.1675815925734023,"distribution":"{\"name\": \"FloatDistribution\", \"attributes\": {\"step\": null, \"low\": 0.1, \"high\": 100.0, \"log\": true}}"}
{"op_code":6,"worker_id":"ff9cca05-fd27-4ecd-9f01-049cb76cf5ce-23456247935296","trial_id":50,"state":3,"values":null,"datetime_complete":"2026-07-24T13:36:13.367966"}
{"op_code":0,"worker_id":"7185d441-268e-43aa-ae97-b43871bcdc30-23456247935296","study_name":"peter_tmovie_k5","directions":[2]}
{"op_code":4,"worker_id":"7185d441-268e-43aa-ae97-b43871bcdc30-23456247935296","study_id":0,"datetime_start":"2026-07-24T13:38:20.018909"}
{"op_code":9,"worker_id":"7185d441-268e-43aa-ae97-b43871bcdc30-23456247935296","trial_id":51,"system_attr":{"tpe:relative_params:0":"{\"lr\": 0.306227845548236, \"ratio\": 0.4096729868235234}"}}
{"op_code":5,"worker_id":"7185d441-268e-43aa-ae97-b43871bcdc30-23456247935296","trial_id":51,"param_name":"lr","param_value_internal":0.306227845548236,"distribution":"{\"name\": \"FloatDistribution\", \"attributes\": {\"step\": null, \"low\": 1e-08, \"high\": 0.5, \"log\": true}}"}
{"op_code":5,"worker_id":"7185d441-268e-43aa-ae97-b43871bcdc30-23456247935296","trial_id":51,"param_name":"ratio","param_value_internal":0.4096729868235234,"distribution":"{\"name\": \"FloatDistribution\", \"attributes\": {\"step\": null, \"low\": 0.1, \"high\": 100.0, \"log\": true}}"}
{"op_code":6,"worker_id":"7185d441-268e-43aa-ae97-b43871bcdc30-23456247935296","trial_id":51,"state":3,"values":null,"datetime_complete":"2026-07-24T13:38:43.808050"}
{"op_code":0,"worker_id":"f4938b6a-86fe-4e72-9c16-f6edbe40a235-23456247935296","study_name":"peter_tmovie_k5","directions":[2]}
{"op_code":0,"worker_id":"e8da994a-a417-4c71-8f6e-64d992669832-23456247935296","study_name":"peter_tmovie_k5","directions":[2]}
