{"op_code":0,"worker_id":"f70deea8-21ef-4344-862a-68e53d9f7862-20268","study_name":"peter_kosarek_k1","directions":[2]}
{"op_code":0,"worker_id":"f115f2c7-d1f8-4a85-a35b-c770e0c251fc-10600","study_name":"peter_kosarek_k1","directions":[2]}
{"op_code":4,"worker_id":"f115f2c7-d1f8-4a85-a35b-c770e0c251fc-10600","study_id":0,"datetime_start":"2026-07-24T09:08:02.141940"}
{"op_code":5,"worker_id":"f115f2c7-d1f8-4a85-a35b-c770e0c251fc-10600","trial_id":0,"param_name":"lr","param_value_internal":1.0180655845138532e-05,"distribution":"{\"name\": \"FloatDistribution\", \"attributes\": {\"step\": null, \"low\": 1e-08, \"high\": 0.5, \"log\": true}}"}
{"op_code":5,"worker_id":"f115f2c7-d1f8-4a85-a35b-c770e0c251fc-10600","trial_id":0,"param_name":"ratio","param_value_internal":3.442131606374389,"distribution":"{\"name\": \"FloatDistribution\", \"attributes\": {\"step\": null, \"low\": 0.1, \"high\": 100.0, \"log\": true}}"}
{"op_code":6,"worker_id":"f115f2c7-d1f8-4a85-a35b-c770e0c251fc-10600","trial_id":0,"state":1,"values":[-18.034324536138527],"datetime_complete":"2026-07-24T09:11:46.909047"}
{"op_code":0,"worker_id":"621029ee-a241-468a-b6f9-8bf2752cb3f0-28600","study_name":"peter_kosarek_k1","directions":[2]}
{"op_code":4,"worker_id":"621029ee-a241-468a-b6f9-8bf2752cb3f0-28600","study_id":0,"datetime_start":"2026-07-24T09:13:00.852776"}
{"op_code":5,"worker_id":"621029ee-a241-468a-b6f9-8bf2752cb3f0-28600","trial_id":1,"param_name":"lr","param_value_internal":5.153003451040327e-08,"distribution":"{\"name\": \"FloatDistribution\", \"attributes\": {\"step\": null, \"low\": 1e-08, \"high\": 0.5, \"log\": true}}"}
{"op_code":5,"worker_id":"621029ee-a241-468a-b6f9-8bf2752cb3f0-28600","trial_id":1,"param_name":"ratio","param_value_internal":0.47899164488482027,"distribution":"{\"name\": \"FloatDistribution\", \"attributes\": {\"step\": null, \"low\": 0.1, \"high\": 100.0, \"log\": true}}"}
{"op_code":0,"worker_id":"d0be3def-07e6-4315-9af3-7df8abb179eb-26788","study_name":"peter_kosarek_k1","directions":[2]}
{"op_code":4,"worker_id":"d0be3def-07e6-4315-9af3-7df8abb179eb-26788","study_id":0,"datetime_start":"2026-07-24T09:13:01.933537"}
{"op_code":5,"worker_id":"d0be3def-07e6-4315-9af3-7df8abb179eb-26788","trial_id":2,"param_name":"lr","param_value_internal":2.590854880928688e-08,"distribution":"{\"name\": \"FloatDistribution\", \"attributes\": {\"step\": null, \"low\": 1e-08, \"high\": 0.5, \"log\": true}}"}
{"op_code":5,"worker_id":"d0be3def-07e6-4315-9af3-7df8abb179eb-26788","trial_id":2,"param_name":"ratio","param_value_internal":33.82774097363121,"distribution":"{\"name\": \"FloatDistribution\", \"attributes\": {\"step\": null, \"low\": 0.1, \"high\": 100.0, \"log\": true}}"}
{"op_code":0,"worker_id":"f3e42802-1dda-4e58-9af3-eac7c812872b-23456247935296","study_name":"peter_kosarek_k1","directions":[2]}
{"op_code":0,"worker_id":"e956ffce-16a0-43ae-9c6c-cc4a2f24584c-23456247935296","study_name":"peter_kosarek_k1","directions":[2]}
{"op_code":0,"worker_id":"8aa6d797-7912-4e82-883a-3cbb5fed7b44-23456247935296","study_name":"peter_kosarek_k1","directions":[2]}
{"op_code":4,"worker_id":"e956ffce-16a0-43ae-9c6c-cc4a2f24584c-23456247935296","study_id":0,"datetime_start":"2026-07-24T10:21:57.265489"}
{"op_code":4,"worker_id":"8aa6d797-7912-4e82-883a-3cbb5fed7b44-23456247935296","study_id":0,"datetime_start":"2026-07-24T10:21:57.338933"}
{"op_code":5,"worker_id":"e956ffce-16a0-43ae-9c6c-cc4a2f24584c-23456247935296","trial_id":3,"param_name":"lr","param_value_internal":1.7519263017901874e-06,"distribution":"{\"name\": \"FloatDistribution\", \"attributes\": {\"step\": null, \"low\": 1e-08, \"high\": 0.5, \"log\": true}}"}
{"op_code":5,"worker_id":"e956ffce-16a0-43ae-9c6c-cc4a2f24584c-23456247935296","trial_id":3,"param_name":"ratio","param_value_internal":19.355648783688547,"distribution":"{\"name\": \"FloatDistribution\", \"attributes\": {\"step\": null, \"low\": 0.1, \"high\": 100.0, \"log\": true}}"}
{"op_code":5,"worker_id":"8aa6d797-7912-4e82-883a-3cbb5fed7b44-23456247935296","trial_id":4,"param_name":"lr","param_value_internal":0.006916236027883684,"distribution":"{\"name\": \"FloatDistribution\", \"attributes\": {\"step\": null, \"low\": 1e-08, \"high\": 0.5, \"log\": true}}"}
{"op_code":5,"worker_id":"8aa6d797-7912-4e82-883a-3cbb5fed7b44-23456247935296","trial_id":4,"param_name":"ratio","param_value_internal":12.655041176319727,"distribution":"{\"name\": \"FloatDistribution\", \"attributes\": {\"step\": null, \"low\": 0.1, \"high\": 100.0, \"log\": true}}"}
{"op_code":0,"worker_id":"4110b30a-43d5-45d1-8d55-4d280f6265e7-23456247935296","study_name":"peter_kosarek_k1","directions":[2]}
{"op_code":4,"worker_id":"4110b30a-43d5-45d1-8d55-4d280f6265e7-23456247935296","study_id":0,"datetime_start":"2026-07-24T10:24:45.151479"}
{"op_code":5,"worker_id":"4110b30a-43d5-45d1-8d55-4d280f6265e7-23456247935296","trial_id":5,"param_name":"lr","param_value_internal":1.6510894342616616e-08,"distribution":"{\"name\": \"FloatDistribution\", \"attributes\": {\"step\": null, \"low\": 1e-08, \"high\": 0.5, \"log\": true}}"}
{"op_code":5,"worker_id":"4110b30a-43d5-45d1-8d55-4d280f6265e7-23456247935296","trial_id":5,"param_name":"ratio","param_value_internal":0.1918064159353812,"distribution":"{\"name\": \"FloatDistribution\", \"attributes\": {\"step\": null, \"low\": 0.1, \"high\": 100.0, \"log\": true}}"}
{"op_code":6,"worker_id":"e956ffce-16a0-43ae-9c6c-cc4a2f24584c-23456247935296","trial_id":3,"state":1,"values":[-18.269766637734612],"datetime_complete":"2026-07-24T10:25:30.313436"}
{"op_code":6,"worker_id":"8aa6d797-7912-4e82-883a-3cbb5fed7b44-23456247935296","trial_id":4,"state":1,"values":[-16.818493428791797],"datetime_complete":"2026-07-24T10:26:15.546466"}
{"op_code":0,"worker_id":"e5a63f0e-4f8c-46cf-8199-1114bb435566-23456247935296","study_name":"peter_kosarek_k1","directions":[2]}
{"op_code":4,"worker_id":"e5a63f0e-4f8c-46cf-8199-1114bb435566-23456247935296","study_id":0,"datetime_start":"2026-07-24T10:28:21.081926"}
{"op_code":5,"worker_id":"e5a63f0e-4f8c-46cf-8199-1114bb435566-23456247935296","trial_id":6,"param_name":"lr","param_value_internal":9.351956319309907e-05,"distribution":"{\"name\": \"FloatDistribution\", \"attributes\": {\"step\": null, \"low\": 1e-08, \"high\": 0.5, \"log\": true}}"}
{"op_code":5,"worker_id":"e5a63f0e-4f8c-46cf-8199-1114bb435566-23456247935296","trial_id":6,"param_name":"ratio","param_value_internal":39.668280922374116,"distribution":"{\"name\": \"FloatDistribution\", \"attributes\": {\"step\": null, \"low\": 0.1, \"high\": 100.0, \"log\": true}}"}
{"op_code":6,"worker_id":"4110b30a-43d5-45d1-8d55-4d280f6265e7-23456247935296","trial_id":5,"state":1,"values":[-18.80641721422507],"datetime_complete":"2026-07-24T10:28:21.738654"}
{"op_code":0,"worker_id":"65a8b4c7-5adf-4d87-b4aa-0e145d2ad6ca-23456247935296","study_name":"peter_kosarek_k1","directions":[2]}
{"op_code":4,"worker_id":"65a8b4c7-5adf-4d87-b4aa-0e145d2ad6ca-23456247935296","study_id":0,"datetime_start":"2026-07-24T10:31:51.826705"}
{"op_code":5,"worker_id":"65a8b4c7-5adf-4d87-b4aa-0e145d2ad6ca-23456247935296","trial_id":7,"param_name":"lr","param_value_internal":0.0038245965025735028,"distribution":"{\"name\": \"FloatDistribution\", \"attributes\": {\"step\": null, \"low\": 1e-08, \"high\": 0.5, \"log\": true}}"}
{"op_code":5,"worker_id":"65a8b4c7-5adf-4d87-b4aa-0e145d2ad6ca-23456247935296","trial_id":7,"param_name":"ratio","param_value_internal":0.3179500735470614,"distribution":"{\"name\": \"FloatDistribution\", \"attributes\": {\"step\": null, \"low\": 0.1, \"high\": 100.0, \"log\": true}}"}
{"op_code":6,"worker_id":"e5a63f0e-4f8c-46cf-8199-1114bb435566-23456247935296","trial_id":6,"state":1,"values":[-16.52064315722079],"datetime_complete":"2026-07-24T10:32:01.368501"}
{"op_code":0,"worker_id":"4adf025f-50bc-4ca4-a774-83d84f24bb24-23456247935296","study_name":"peter_kosarek_k1","directions":[2]}
{"op_code":4,"worker_id":"4adf025f-50bc-4ca4-a774-83d84f24bb24-23456247935296","study_id":0,"datetime_start":"2026-07-24T10:35:29.793955"}
{"op_code":5,"worker_id":"4adf025f-50bc-4ca4-a774-83d84f24bb24-23456247935296","trial_id":8,"param_name":"lr","param_value_internal":5.3118629351633205e-06,"distribution":"{\"name\": \"FloatDistribution\", \"attributes\": {\"step\": null, \"low\": 1e-08, \"high\": 0.5, \"log\": true}}"}
{"op_code":5,"worker_id":"4adf025f-50bc-4ca4-a774-83d84f24bb24-23456247935296","trial_id":8,"param_name":"ratio","param_value_internal":17.00965790672265,"distribution":"{\"name\": \"FloatDistribution\", \"attributes\": {\"step\": null, \"low\": 0.1, \"high\": 100.0, \"log\": true}}"}
{"op_code":6,"worker_id":"65a8b4c7-5adf-4d87-b4aa-0e145d2ad6ca-23456247935296","trial_id":7,"state":1,"values":[-18.236572130710293],"datetime_complete":"2026-07-24T10:36:09.470001"}
{"op_code":0,"worker_id":"b151c0ab-2558-4515-a776-f2baf8b24603-23456247935296","study_name":"peter_kosarek_k1","directions":[2]}
{"op_code":4,"worker_id":"b151c0ab-2558-4515-a776-f2baf8b24603-23456247935296","study_id":0,"datetime_start":"2026-07-24T10:38:50.288399"}
{"op_code":5,"worker_id":"b151c0ab-2558-4515-a776-f2baf8b24603-23456247935296","trial_id":9,"param_name":"lr","param_value_internal":0.010936289162183198,"distribution":"{\"name\": \"FloatDistribution\", \"attributes\": {\"step\": null, \"low\": 1e-08, \"high\": 0.5, \"log\": true}}"}
{"op_code":5,"worker_id":"b151c0ab-2558-4515-a776-f2baf8b24603-23456247935296","trial_id":9,"param_name":"ratio","param_value_internal":99.75967911134151,"distribution":"{\"name\": \"FloatDistribution\", \"attributes\": {\"step\": null, \"low\": 0.1, \"high\": 100.0, \"log\": true}}"}
{"op_code":6,"worker_id":"4adf025f-50bc-4ca4-a774-83d84f24bb24-23456247935296","trial_id":8,"state":1,"values":[-17.51130952618234],"datetime_complete":"2026-07-24T10:39:52.449029"}
{"op_code":6,"worker_id":"b151c0ab-2558-4515-a776-f2baf8b24603-23456247935296","trial_id":9,"state":1,"values":[-20.018288074647955],"datetime_complete":"2026-07-24T10:42:38.832514"}
{"op_code":0,"worker_id":"6655fd8a-fae5-4517-ba97-8be8504bfc96-23456247935296","study_name":"peter_kosarek_k1","directions":[2]}
{"op_code":4,"worker_id":"6655fd8a-fae5-4517-ba97-8be8504bfc96-23456247935296","study_id":0,"datetime_start":"2026-07-24T10:43:01.585800"}
{"op_code":5,"worker_id":"6655fd8a-fae5-4517-ba97-8be8504bfc96-23456247935296","trial_id":10,"param_name":"lr","param_value_internal":4.011484012928921e-05,"distribution":"{\"name\": \"FloatDistribution\", \"attributes\": {\"step\": null, \"low\": 1e-08, \"high\": 0.5, \"log\": true}}"}
{"op_code":5,"worker_id":"6655fd8a-fae5-4517-ba97-8be8504bfc96-23456247935296","trial_id":10,"param_name":"ratio","param_value_internal":2.1104007376741603,"distribution":"{\"name\": \"FloatDistribution\", \"attributes\": {\"step\": null, \"low\": 0.1, \"high\": 100.0, \"log\": true}}"}
{"op_code":6,"worker_id":"6655fd8a-fae5-4517-ba97-8be8504bfc96-23456247935296","trial_id":10,"state":1,"values":[-17.54116133085981],"datetime_complete":"2026-07-24T10:47:29.396875"}
{"op_code":0,"worker_id":"27e4ecfd-13a4-4165-8264-e5868811dcf6-23456247935296","study_name":"peter_kosarek_k1","directions":[2]}
{"op_code":4,"worker_id":"27e4ecfd-13a4-4165-8264-e5868811dcf6-23456247935296","study_id":0,"datetime_start":"2026-07-24T10:47:33.454819"}
{"op_code":5,"worker_id":"27e4ecfd-13a4-4165-8264-e5868811dcf6-23456247935296","trial_id":11,"param_name":"lr","param_value_internal":0.3582461049051775,"distribution":"{\"name\": \"FloatDistribution\", \"attributes\": {\"step\": null, \"low\": 1e-08, \"high\": 0.5, \"log\": true}}"}
{"op_code":5,"worker_id":"27e4ecfd-13a4-4165-8264-e5868811dcf6-23456247935296","trial_id":11,"param_name":"ratio","param_value_internal":0.1276142982120652,"distribution":"{\"name\": \"FloatDistribution\", \"attributes\": {\"step\": null, \"low\": 0.1, \"high\": 100.0, \"log\": true}}"}
{"op_code":6,"worker_id":"27e4ecfd-13a4-4165-8264-e5868811dcf6-23456247935296","trial_id":11,"state":3,"values":null,"datetime_complete":"2026-07-24T10:47:52.493164"}
{"op_code":0,"worker_id":"d89399cb-9773-491f-8b77-2ce41774259e-23456247935296","study_name":"peter_kosarek_k1","directions":[2]}
{"op_code":4,"worker_id":"d89399cb-9773-491f-8b77-2ce41774259e-23456247935296","study_id":0,"datetime_start":"2026-07-24T10:51:53.231284"}
{"op_code":5,"worker_id":"d89399cb-9773-491f-8b77-2ce41774259e-23456247935296","trial_id":12,"param_name":"lr","param_value_internal":0.0018933441922057046,"distribution":"{\"name\": \"FloatDistribution\", \"attributes\": {\"step\": null, \"low\": 1e-08, \"high\": 0.5, \"log\": true}}"}
{"op_code":5,"worker_id":"d89399cb-9773-491f-8b77-2ce41774259e-23456247935296","trial_id":12,"param_name":"ratio","param_value_internal":20.713427366007352,"distribution":"{\"name\": \"FloatDistribution\", \"attributes\": {\"step\": null, \"low\": 0.1, \"high\": 100.0, \"log\": true}}"}
{"op_code":6,"worker_id":"d89399cb-9773-491f-8b77-2ce41774259e-23456247935296","trial_id":12,"state":1,"values":[-19.617966399671882],"datetime_complete":"2026-07-24T10:55:34.397388"}
{"op_code":0,"worker_id":"fdd992a0-3a77-4f5a-ab6c-f4003a4aa620-23456247935296","study_name":"peter_kosarek_k1","directions":[2]}
{"op_code":4,"worker_id":"fdd992a0-3a77-4f5a-ab6c-f4003a4aa620-23456247935296","study_id":0,"datetime_start":"2026-07-24T10:56:00.144528"}
{"op_code":9,"worker_id":"fdd992a0-3a77-4f5a-ab6c-f4003a4aa620-23456247935296","trial_id":13,"system_attr":{"tpe:relative_params:0":"{\"lr\": 1.1010981607072311e-05, \"ratio\": 96.4356166433879}"}}
{"op_code":5,"worker_id":"fdd992a0-3a77-4f5a-ab6c-f4003a4aa620-23456247935296","trial_id":13,"param_name":"lr","param_value_internal":1.1010981607072311e-05,"distribution":"{\"name\": \"FloatDistribution\", \"attributes\": {\"step\": null, \"low\": 1e-08, \"high\": 0.5, \"log\": true}}"}
{"op_code":5,"worker_id":"fdd992a0-3a77-4f5a-ab6c-f4003a4aa620-23456247935296","trial_id":13,"param_name":"ratio","param_value_internal":96.4356166433879,"distribution":"{\"name\": \"FloatDistribution\", \"attributes\": {\"step\": null, \"low\": 0.1, \"high\": 100.0, \"log\": true}}"}
{"op_code":6,"worker_id":"fdd992a0-3a77-4f5a-ab6c-f4003a4aa620-23456247935296","trial_id":13,"state":1,"values":[-16.551786296365144],"datetime_complete":"2026-07-24T11:00:32.653079"}
{"op_code":0,"worker_id":"ca98ce81-6188-42a1-8155-0e064deb8408-23456247935296","study_name":"peter_kosarek_k1","directions":[2]}
{"op_code":4,"worker_id":"ca98ce81-6188-42a1-8155-0e064deb8408-23456247935296","study_id":0,"datetime_start":"2026-07-24T11:00:47.126557"}
{"op_code":9,"worker_id":"ca98ce81-6188-42a1-8155-0e064deb8408-23456247935296","trial_id":14,"system_attr":{"tpe:relative_params:0":"{\"lr\": 1.8934385925740802e-05, \"ratio\": 68.64543655387509}"}}
{"op_code":5,"worker_id":"ca98ce81-6188-42a1-8155-0e064deb8408-23456247935296","trial_id":14,"param_name":"lr","param_value_internal":1.8934385925740802e-05,"distribution":"{\"name\": \"FloatDistribution\", \"attributes\": {\"step\": null, \"low\": 1e-08, \"high\": 0.5, \"log\": true}}"}
{"op_code":5,"worker_id":"ca98ce81-6188-42a1-8155-0e064deb8408-23456247935296","trial_id":14,"param_name":"ratio","param_value_internal":68.64543655387509,"distribution":"{\"name\": \"FloatDistribution\", \"attributes\": {\"step\": null, \"low\": 0.1, \"high\": 100.0, \"log\": true}}"}
{"op_code":6,"worker_id":"ca98ce81-6188-42a1-8155-0e064deb8408-23456247935296","trial_id":14,"state":1,"values":[-16.445330730288465],"datetime_complete":"2026-07-24T11:04:28.961693"}
{"op_code":0,"worker_id":"01e60824-bbde-4cff-8d0a-cfe39ee3f456-23456247935296","study_name":"peter_kosarek_k1","directions":[2]}
{"op_code":4,"worker_id":"01e60824-bbde-4cff-8d0a-cfe39ee3f456-23456247935296","study_id":0,"datetime_start":"2026-07-24T11:05:57.014532"}
{"op_code":9,"worker_id":"01e60824-bbde-4cff-8d0a-cfe39ee3f456-23456247935296","trial_id":15,"system_attr":{"tpe:relative_params:0":"{\"lr\": 7.252671572416696e-05, \"ratio\": 52.00033956165208}"}}
{"op_code":5,"worker_id":"01e60824-bbde-4cff-8d0a-cfe39ee3f456-23456247935296","trial_id":15,"param_name":"lr","param_value_internal":7.252671572416696e-05,"distribution":"{\"name\": \"FloatDistribution\", \"attributes\": {\"step\": null, \"low\": 1e-08, \"high\": 0.5, \"log\": true}}"}
{"op_code":5,"worker_id":"01e60824-bbde-4cff-8d0a-cfe39ee3f456-23456247935296","trial_id":15,"param_name":"ratio","param_value_internal":52.00033956165208,"distribution":"{\"name\": \"FloatDistribution\", \"attributes\": {\"step\": null, \"low\": 0.1, \"high\": 100.0, \"log\": true}}"}
{"op_code":0,"worker_id":"235be64c-bb81-4434-8108-c68893c8b2b1-23456247935296","study_name":"peter_kosarek_k1","directions":[2]}
{"op_code":4,"worker_id":"235be64c-bb81-4434-8108-c68893c8b2b1-23456247935296","study_id":0,"datetime_start":"2026-07-24T11:10:34.829191"}
{"op_code":9,"worker_id":"235be64c-bb81-4434-8108-c68893c8b2b1-23456247935296","trial_id":16,"system_attr":{"tpe:relative_params:0":"{\"lr\": 1.659379672338947e-05, \"ratio\": 0.10570611495352016}"}}
{"op_code":5,"worker_id":"235be64c-bb81-4434-8108-c68893c8b2b1-23456247935296","trial_id":16,"param_name":"lr","param_value_internal":1.659379672338947e-05,"distribution":"{\"name\": \"FloatDistribution\", \"attributes\": {\"step\": null, \"low\": 1e-08, \"high\": 0.5, \"log\": true}}"}
{"op_code":5,"worker_id":"235be64c-bb81-4434-8108-c68893c8b2b1-23456247935296","trial_id":16,"param_name":"ratio","param_value_internal":0.10570611495352016,"distribution":"{\"name\": \"FloatDistribution\", \"attributes\": {\"step\": null, \"low\": 0.1, \"high\": 100.0, \"log\": true}}"}
{"op_code":6,"worker_id":"01e60824-bbde-4cff-8d0a-cfe39ee3f456-23456247935296","trial_id":15,"state":1,"values":[-16.42831075313373],"datetime_complete":"2026-07-24T11:10:45.623007"}
{"op_code":0,"worker_id":"06dd7cdc-9a02-4537-9eb4-bcdca2ce27e5-23456247935296","study_name":"peter_kosarek_k1","directions":[2]}
{"op_code":4,"worker_id":"06dd7cdc-9a02-4537-9eb4-bcdca2ce27e5-23456247935296","study_id":0,"datetime_start":"2026-07-24T11:14:27.110704"}
{"op_code":9,"worker_id":"06dd7cdc-9a02-4537-9eb4-bcdca2ce27e5-23456247935296","trial_id":17,"system_attr":{"tpe:relative_params:0":"{\"lr\": 0.47941884474431967, \"ratio\": 12.178245914594534}"}}
{"op_code":5,"worker_id":"06dd7cdc-9a02-4537-9eb4-bcdca2ce27e5-23456247935296","trial_id":17,"param_name":"lr","param_value_internal":0.47941884474431967,"distribution":"{\"name\": \"FloatDistribution\", \"attributes\": {\"step\": null, \"low\": 1e-08, \"high\": 0.5, \"log\": true}}"}
{"op_code":5,"worker_id":"06dd7cdc-9a02-4537-9eb4-bcdca2ce27e5-23456247935296","trial_id":17,"param_name":"ratio","param_value_internal":12.178245914594534,"distribution":"{\"name\": \"FloatDistribution\", \"attributes\": {\"step\": null, \"low\": 0.1, \"high\": 100.0, \"log\": true}}"}
{"op_code":6,"worker_id":"06dd7cdc-9a02-4537-9eb4-bcdca2ce27e5-23456247935296","trial_id":17,"state":3,"values":null,"datetime_complete":"2026-07-24T11:14:43.240254"}
{"op_code":6,"worker_id":"235be64c-bb81-4434-8108-c68893c8b2b1-23456247935296","trial_id":16,"state":1,"values":[-16.635194006432837],"datetime_complete":"2026-07-24T11:15:32.435292"}
{"op_code":0,"worker_id":"4b4169c6-282f-43c7-af65-6f7dbe9084cb-23456247935296","study_name":"peter_kosarek_k1","directions":[2]}
{"op_code":4,"worker_id":"4b4169c6-282f-43c7-af65-6f7dbe9084cb-23456247935296","study_id":0,"datetime_start":"2026-07-24T11:19:14.213597"}
{"op_code":9,"worker_id":"4b4169c6-282f-43c7-af65-6f7dbe9084cb-23456247935296","trial_id":18,"system_attr":{"tpe:relative_params:0":"{\"lr\": 2.5384616215483397e-08, \"ratio\": 3.77838626915343}"}}
{"op_code":5,"worker_id":"4b4169c6-282f-43c7-af65-6f7dbe9084cb-23456247935296","trial_id":18,"param_name":"lr","param_value_internal":2.5384616215483397e-08,"distribution":"{\"name\": \"FloatDistribution\", \"attributes\": {\"step\": null, \"low\": 1e-08, \"high\": 0.5, \"log\": true}}"}
{"op_code":5,"worker_id":"4b4169c6-282f-43c7-af65-6f7dbe9084cb-23456247935296","trial_id":18,"param_name":"ratio","param_value_internal":3.77838626915343,"distribution":"{\"name\": \"FloatDistribution\", \"attributes\": {\"step\": null, \"low\": 0.1, \"high\": 100.0, \"log\": true}}"}
{"op_code":0,"worker_id":"537dd49a-e82e-4e6a-b1b9-4929f43776eb-23456247935296","study_name":"peter_kosarek_k1","directions":[2]}
{"op_code":4,"worker_id":"537dd49a-e82e-4e6a-b1b9-4929f43776eb-23456247935296","study_id":0,"datetime_start":"2026-07-24T11:23:19.540712"}
{"op_code":9,"worker_id":"537dd49a-e82e-4e6a-b1b9-4929f43776eb-23456247935296","trial_id":19,"system_attr":{"tpe:relative_params:0":"{\"lr\": 1.7339465295580736e-07, \"ratio\": 97.06835118994933}"}}
{"op_code":5,"worker_id":"537dd49a-e82e-4e6a-b1b9-4929f43776eb-23456247935296","trial_id":19,"param_name":"lr","param_value_internal":1.7339465295580736e-07,"distribution":"{\"name\": \"FloatDistribution\", \"attributes\": {\"step\": null, \"low\": 1e-08, \"high\": 0.5, \"log\": true}}"}
{"op_code":5,"worker_id":"537dd49a-e82e-4e6a-b1b9-4929f43776eb-23456247935296","trial_id":19,"param_name":"ratio","param_value_internal":97.06835118994933,"distribution":"{\"name\": \"FloatDistribution\", \"attributes\": {\"step\": null, \"low\": 0.1, \"high\": 100.0, \"log\": true}}"}
{"op_code":6,"worker_id":"4b4169c6-282f-43c7-af65-6f7dbe9084cb-23456247935296","trial_id":18,"state":1,"values":[-18.807234921562973],"datetime_complete":"2026-07-24T11:23:34.685020"}
{"op_code":0,"worker_id":"a1d5ca71-2151-4a1b-89ad-ad078a2c33e6-23456247935296","study_name":"peter_kosarek_k1","directions":[2]}
{"op_code":4,"worker_id":"a1d5ca71-2151-4a1b-89ad-ad078a2c33e6-23456247935296","study_id":0,"datetime_start":"2026-07-24T11:26:46.512884"}
{"op_code":9,"worker_id":"a1d5ca71-2151-4a1b-89ad-ad078a2c33e6-23456247935296","trial_id":20,"system_attr":{"tpe:relative_params:0":"{\"lr\": 0.09824193281895538, \"ratio\": 3.2332751200890604}"}}
{"op_code":5,"worker_id":"a1d5ca71-2151-4a1b-89ad-ad078a2c33e6-23456247935296","trial_id":20,"param_name":"lr","param_value_internal":0.09824193281895538,"distribution":"{\"name\": \"FloatDistribution\", \"attributes\": {\"step\": null, \"low\": 1e-08, \"high\": 0.5, \"log\": true}}"}
{"op_code":5,"worker_id":"a1d5ca71-2151-4a1b-89ad-ad078a2c33e6-23456247935296","trial_id":20,"param_name":"ratio","param_value_internal":3.2332751200890604,"distribution":"{\"name\": \"FloatDistribution\", \"attributes\": {\"step\": null, \"low\": 0.1, \"high\": 100.0, \"log\": true}}"}
{"op_code":6,"worker_id":"a1d5ca71-2151-4a1b-89ad-ad078a2c33e6-23456247935296","trial_id":20,"state":3,"values":null,"datetime_complete":"2026-07-24T11:27:09.559162"}
{"op_code":6,"worker_id":"537dd49a-e82e-4e6a-b1b9-4929f43776eb-23456247935296","trial_id":19,"state":1,"values":[-18.730733289298374],"datetime_complete":"2026-07-24T11:27:34.251649"}
{"op_code":0,"worker_id":"3695d99d-a9c0-487a-bd0d-eb30a8f4f945-23456247935296","study_name":"peter_kosarek_k1","directions":[2]}
{"op_code":4,"worker_id":"3695d99d-a9c0-487a-bd0d-eb30a8f4f945-23456247935296","study_id":0,"datetime_start":"2026-07-24T11:31:05.618889"}
{"op_code":9,"worker_id":"3695d99d-a9c0-487a-bd0d-eb30a8f4f945-23456247935296","trial_id":21,"system_attr":{"tpe:relative_params:0":"{\"lr\": 0.000259969343963645, \"ratio\": 45.64675691713805}"}}
{"op_code":5,"worker_id":"3695d99d-a9c0-487a-bd0d-eb30a8f4f945-23456247935296","trial_id":21,"param_name":"lr","param_value_internal":0.000259969343963645,"distribution":"{\"name\": \"FloatDistribution\", \"attributes\": {\"step\": null, \"low\": 1e-08, \"high\": 0.5, \"log\": true}}"}
{"op_code":5,"worker_id":"3695d99d-a9c0-487a-bd0d-eb30a8f4f945-23456247935296","trial_id":21,"param_name":"ratio","param_value_internal":45.64675691713805,"distribution":"{\"name\": \"FloatDistribution\", \"attributes\": {\"step\": null, \"low\": 0.1, \"high\": 100.0, \"log\": true}}"}
{"op_code":6,"worker_id":"3695d99d-a9c0-487a-bd0d-eb30a8f4f945-23456247935296","trial_id":21,"state":1,"values":[-17.444944476099582],"datetime_complete":"2026-07-24T11:35:28.443530"}
{"op_code":0,"worker_id":"e7bd05e3-e0d6-4905-8cf6-83a433be1890-23456247935296","study_name":"peter_kosarek_k1","directions":[2]}
{"op_code":4,"worker_id":"e7bd05e3-e0d6-4905-8cf6-83a433be1890-23456247935296","study_id":0,"datetime_start":"2026-07-24T11:36:30.527907"}
{"op_code":9,"worker_id":"e7bd05e3-e0d6-4905-8cf6-83a433be1890-23456247935296","trial_id":22,"system_attr":{"tpe:relative_params:0":"{\"lr\": 0.00013773287797933583, \"ratio\": 94.06564739523647}"}}
{"op_code":5,"worker_id":"e7bd05e3-e0d6-4905-8cf6-83a433be1890-23456247935296","trial_id":22,"param_name":"lr","param_value_internal":0.00013773287797933583,"distribution":"{\"name\": \"FloatDistribution\", \"attributes\": {\"step\": null, \"low\": 1e-08, \"high\": 0.5, \"log\": true}}"}
{"op_code":5,"worker_id":"e7bd05e3-e0d6-4905-8cf6-83a433be1890-23456247935296","trial_id":22,"param_name":"ratio","param_value_internal":94.06564739523647,"distribution":"{\"name\": \"FloatDistribution\", \"attributes\": {\"step\": null, \"low\": 0.1, \"high\": 100.0, \"log\": true}}"}
{"op_code":0,"worker_id":"58f2fb7c-85f3-4f74-9463-fc4a6208bfe3-23456247935296","study_name":"peter_kosarek_k1","directions":[2]}
{"op_code":4,"worker_id":"58f2fb7c-85f3-4f74-9463-fc4a6208bfe3-23456247935296","study_id":0,"datetime_start":"2026-07-24T11:40:16.818017"}
{"op_code":9,"worker_id":"58f2fb7c-85f3-4f74-9463-fc4a6208bfe3-23456247935296","trial_id":23,"system_attr":{"tpe:relative_params:0":"{\"lr\": 0.33383084393198376, \"ratio\": 4.05532730163367}"}}
{"op_code":5,"worker_id":"58f2fb7c-85f3-4f74-9463-fc4a6208bfe3-23456247935296","trial_id":23,"param_name":"lr","param_value_internal":0.33383084393198376,"distribution":"{\"name\": \"FloatDistribution\", \"attributes\": {\"step\": null, \"low\": 1e-08, \"high\": 0.5, \"log\": true}}"}
{"op_code":5,"worker_id":"58f2fb7c-85f3-4f74-9463-fc4a6208bfe3-23456247935296","trial_id":23,"param_name":"ratio","param_value_internal":4.05532730163367,"distribution":"{\"name\": \"FloatDistribution\", \"attributes\": {\"step\": null, \"low\": 0.1, \"high\": 100.0, \"log\": true}}"}
{"op_code":6,"worker_id":"58f2fb7c-85f3-4f74-9463-fc4a6208bfe3-23456247935296","trial_id":23,"state":3,"values":null,"datetime_complete":"2026-07-24T11:40:34.048509"}
{"op_code":6,"worker_id":"e7bd05e3-e0d6-4905-8cf6-83a433be1890-23456247935296","trial_id":22,"state":1,"values":[-17.157551239878355],"datetime_complete":"2026-07-24T11:42:44.869709"}
{"op_code":0,"worker_id":"3f2d9b8e-247f-4194-b099-405c7cd11171-23456247935296","study_name":"peter_kosarek_k1","directions":[2]}
{"op_code":4,"worker_id":"3f2d9b8e-247f-4194-b099-405c7cd11171-23456247935296","study_id":0,"datetime_start":"2026-07-24T11:43:44.312070"}
{"op_code":9,"worker_id":"3f2d9b8e-247f-4194-b099-405c7cd11171-23456247935296","trial_id":24,"system_attr":{"tpe:relative_params:0":"{\"lr\": 5.8973629096314016e-05, \"ratio\": 12.321412409908206}"}}
{"op_code":5,"worker_id":"3f2d9b8e-247f-4194-b099-405c7cd11171-23456247935296","trial_id":24,"param_name":"lr","param_value_internal":5.8973629096314016e-05,"distribution":"{\"name\": \"FloatDistribution\", \"attributes\": {\"step\": null, \"low\": 1e-08, \"high\": 0.5, \"log\": true}}"}
{"op_code":5,"worker_id":"3f2d9b8e-247f-4194-b099-405c7cd11171-23456247935296","trial_id":24,"param_name":"ratio","param_value_internal":12.321412409908206,"distribution":"{\"name\": \"FloatDistribution\", \"attributes\": {\"step\": null, \"low\": 0.1, \"high\": 100.0, \"log\": true}}"}
{"op_code":0,"worker_id":"4e00618d-33a3-497e-88e3-6b8d7dbd94ea-23456247935296","study_name":"peter_kosarek_k1","directions":[2]}
{"op_code":4,"worker_id":"4e00618d-33a3-497e-88e3-6b8d7dbd94ea-23456247935296","study_id":0,"datetime_start":"2026-07-24T11:47:11.222164"}
{"op_code":9,"worker_id":"4e00618d-33a3-497e-88e3-6b8d7dbd94ea-23456247935296","trial_id":25,"system_attr":{"tpe:relative_params:0":"{\"lr\": 0.0066164771050368195, \"ratio\": 2.216729341678113}"}}
{"op_code":5,"worker_id":"4e00618d-33a3-497e-88e3-6b8d7dbd94ea-23456247935296","trial_id":25,"param_name":"lr","param_value_internal":0.0066164771050368195,"distribution":"{\"name\": \"FloatDistribution\", \"attributes\": {\"step\": null, \"low\": 1e-08, \"high\": 0.5, \"log\": true}}"}
{"op_code":5,"worker_id":"4e00618d-33a3-497e-88e3-6b8d7dbd94ea-23456247935296","trial_id":25,"param_name":"ratio","param_value_internal":2.216729341678113,"distribution":"{\"name\": \"FloatDistribution\", \"attributes\": {\"step\": null, \"low\": 0.1, \"high\": 100.0, \"log\": true}}"}
{"op_code":6,"worker_id":"3f2d9b8e-247f-4194-b099-405c7cd11171-23456247935296","trial_id":24,"state":1,"values":[-16.22619154160515],"datetime_complete":"2026-07-24T11:48:04.021310"}
{"op_code":0,"worker_id":"41b49d42-7646-4eae-8cd6-d064475477b4-23456247935296","study_name":"peter_kosarek_k1","directions":[2]}
{"op_code":4,"worker_id":"41b49d42-7646-4eae-8cd6-d064475477b4-23456247935296","study_id":0,"datetime_start":"2026-07-24T11:51:01.533705"}
{"op_code":9,"worker_id":"41b49d42-7646-4eae-8cd6-d064475477b4-23456247935296","trial_id":26,"system_attr":{"tpe:relative_params:0":"{\"lr\": 0.26913540997544444, \"ratio\": 5.046747096999826}"}}
{"op_code":5,"worker_id":"41b49d42-7646-4eae-8cd6-d064475477b4-23456247935296","trial_id":26,"param_name":"lr","param_value_internal":0.26913540997544444,"distribution":"{\"name\": \"FloatDistribution\", \"attributes\": {\"step\": null, \"low\": 1e-08, \"high\": 0.5, \"log\": true}}"}
{"op_code":5,"worker_id":"41b49d42-7646-4eae-8cd6-d064475477b4-23456247935296","trial_id":26,"param_name":"ratio","param_value_internal":5.046747096999826,"distribution":"{\"name\": \"FloatDistribution\", \"attributes\": {\"step\": null, \"low\": 0.1, \"high\": 100.0, \"log\": true}}"}
{"op_code":6,"worker_id":"41b49d42-7646-4eae-8cd6-d064475477b4-23456247935296","trial_id":26,"state":3,"values":null,"datetime_complete":"2026-07-24T11:51:16.497081"}
{"op_code":6,"worker_id":"4e00618d-33a3-497e-88e3-6b8d7dbd94ea-23456247935296","trial_id":25,"state":1,"values":[-22.441102484910708],"datetime_complete":"2026-07-24T11:52:52.586822"}
{"op_code":0,"worker_id":"822d99fb-3c94-4ebb-9223-945ebcc2bd3d-23456247935296","study_name":"peter_kosarek_k1","directions":[2]}
{"op_code":4,"worker_id":"822d99fb-3c94-4ebb-9223-945ebcc2bd3d-23456247935296","study_id":0,"datetime_start":"2026-07-24T11:54:04.495417"}
{"op_code":9,"worker_id":"822d99fb-3c94-4ebb-9223-945ebcc2bd3d-23456247935296","trial_id":27,"system_attr":{"tpe:relative_params:0":"{\"lr\": 0.4469812720594566, \"ratio\": 1.0833509795477971}"}}
{"op_code":5,"worker_id":"822d99fb-3c94-4ebb-9223-945ebcc2bd3d-23456247935296","trial_id":27,"param_name":"lr","param_value_internal":0.4469812720594566,"distribution":"{\"name\": \"FloatDistribution\", \"attributes\": {\"step\": null, \"low\": 1e-08, \"high\": 0.5, \"log\": true}}"}
{"op_code":5,"worker_id":"822d99fb-3c94-4ebb-9223-945ebcc2bd3d-23456247935296","trial_id":27,"param_name":"ratio","param_value_internal":1.0833509795477971,"distribution":"{\"name\": \"FloatDistribution\", \"attributes\": {\"step\": null, \"low\": 0.1, \"high\": 100.0, \"log\": true}}"}
{"op_code":6,"worker_id":"822d99fb-3c94-4ebb-9223-945ebcc2bd3d-23456247935296","trial_id":27,"state":3,"values":null,"datetime_complete":"2026-07-24T11:54:23.112195"}
{"op_code":0,"worker_id":"6beaa782-5878-472b-8658-7417844dba7a-23456247935296","study_name":"peter_kosarek_k1","directions":[2]}
{"op_code":4,"worker_id":"6beaa782-5878-472b-8658-7417844dba7a-23456247935296","study_id":0,"datetime_start":"2026-07-24T11:58:20.414121"}
{"op_code":9,"worker_id":"6beaa782-5878-472b-8658-7417844dba7a-23456247935296","trial_id":28,"system_attr":{"tpe:relative_params:0":"{\"lr\": 0.3237798397439048, \"ratio\": 0.11220613873585533}"}}
{"op_code":5,"worker_id":"6beaa782-5878-472b-8658-7417844dba7a-23456247935296","trial_id":28,"param_name":"lr","param_value_internal":0.3237798397439048,"distribution":"{\"name\": \"FloatDistribution\", \"attributes\": {\"step\": null, \"low\": 1e-08, \"high\": 0.5, \"log\": true}}"}
{"op_code":5,"worker_id":"6beaa782-5878-472b-8658-7417844dba7a-23456247935296","trial_id":28,"param_name":"ratio","param_value_internal":0.11220613873585533,"distribution":"{\"name\": \"FloatDistribution\", \"attributes\": {\"step\": null, \"low\": 0.1, \"high\": 100.0, \"log\": true}}"}
{"op_code":6,"worker_id":"6beaa782-5878-472b-8658-7417844dba7a-23456247935296","trial_id":28,"state":3,"values":null,"datetime_complete":"2026-07-24T11:58:45.792540"}
{"op_code":0,"worker_id":"5989deb4-4cfa-473d-94f9-f9cab6a37e58-23456247935296","study_name":"peter_kosarek_k1","directions":[2]}
{"op_code":4,"worker_id":"5989deb4-4cfa-473d-94f9-f9cab6a37e58-23456247935296","study_id":0,"datetime_start":"2026-07-24T12:01:28.287390"}
{"op_code":9,"worker_id":"5989deb4-4cfa-473d-94f9-f9cab6a37e58-23456247935296","trial_id":29,"system_attr":{"tpe:relative_params:0":"{\"lr\": 0.13355513575976768, \"ratio\": 0.147466808295392}"}}
{"op_code":5,"worker_id":"5989deb4-4cfa-473d-94f9-f9cab6a37e58-23456247935296","trial_id":29,"param_name":"lr","param_value_internal":0.13355513575976768,"distribution":"{\"name\": \"FloatDistribution\", \"attributes\": {\"step\": null, \"low\": 1e-08, \"high\": 0.5, \"log\": true}}"}
{"op_code":5,"worker_id":"5989deb4-4cfa-473d-94f9-f9cab6a37e58-23456247935296","trial_id":29,"param_name":"ratio","param_value_internal":0.147466808295392,"distribution":"{\"name\": \"FloatDistribution\", \"attributes\": {\"step\": null, \"low\": 0.1, \"high\": 100.0, \"log\": true}}"}
{"op_code":6,"worker_id":"5989deb4-4cfa-473d-94f9-f9cab6a37e58-23456247935296","trial_id":29,"state":3,"values":null,"datetime_complete":"2026-07-24T12:02:03.424959"}
{"op_code":0,"worker_id":"b1fb0a4e-a353-458a-8e55-9cba8761420e-23456247935296","study_name":"peter_kosarek_k1","directions":[2]}
{"op_code":4,"worker_id":"b1fb0a4e-a353-458a-8e55-9cba8761420e-23456247935296","study_id":0,"datetime_start":"2026-07-24T12:05:50.295183"}
{"op_code":9,"worker_id":"b1fb0a4e-a353-458a-8e55-9cba8761420e-23456247935296","trial_id":30,"system_attr":{"tpe:relative_params:0":"{\"lr\": 0.4595777056357725, \"ratio\": 8.864107760427398}"}}
{"op_code":5,"worker_id":"b1fb0a4e-a353-458a-8e55-9cba8761420e-23456247935296","trial_id":30,"param_name":"lr","param_value_internal":0.4595777056357725,"distribution":"{\"name\": \"FloatDistribution\", \"attributes\": {\"step\": null, \"low\": 1e-08, \"high\": 0.5, \"log\": true}}"}
{"op_code":5,"worker_id":"b1fb0a4e-a353-458a-8e55-9cba8761420e-23456247935296","trial_id":30,"param_name":"ratio","param_value_internal":8.864107760427398,"distribution":"{\"name\": \"FloatDistribution\", \"attributes\": {\"step\": null, \"low\": 0.1, \"high\": 100.0, \"log\": true}}"}
{"op_code":6,"worker_id":"b1fb0a4e-a353-458a-8e55-9cba8761420e-23456247935296","trial_id":30,"state":3,"values":null,"datetime_complete":"2026-07-24T12:06:04.875654"}
{"op_code":0,"worker_id":"0ae76a7a-ef7b-4af3-ab8d-335d39d6fac5-23456247935296","study_name":"peter_kosarek_k1","directions":[2]}
{"op_code":4,"worker_id":"0ae76a7a-ef7b-4af3-ab8d-335d39d6fac5-23456247935296","study_id":0,"datetime_start":"2026-07-24T12:09:22.629935"}
{"op_code":9,"worker_id":"0ae76a7a-ef7b-4af3-ab8d-335d39d6fac5-23456247935296","trial_id":31,"system_attr":{"tpe:relative_params:0":"{\"lr\": 0.4187479060576084, \"ratio\": 56.72048914211275}"}}
{"op_code":5,"worker_id":"0ae76a7a-ef7b-4af3-ab8d-335d39d6fac5-23456247935296","trial_id":31,"param_name":"lr","param_value_internal":0.4187479060576084,"distribution":"{\"name\": \"FloatDistribution\", \"attributes\": {\"step\": null, \"low\": 1e-08, \"high\": 0.5, \"log\": true}}"}
{"op_code":5,"worker_id":"0ae76a7a-ef7b-4af3-ab8d-335d39d6fac5-23456247935296","trial_id":31,"param_name":"ratio","param_value_internal":56.72048914211275,"distribution":"{\"name\": \"FloatDistribution\", \"attributes\": {\"step\": null, \"low\": 0.1, \"high\": 100.0, \"log\": true}}"}
{"op_code":6,"worker_id":"0ae76a7a-ef7b-4af3-ab8d-335d39d6fac5-23456247935296","trial_id":31,"state":3,"values":null,"datetime_complete":"2026-07-24T12:09:48.743566"}
{"op_code":0,"worker_id":"709e2815-9263-4d4b-83bb-62d201989311-23456247935296","study_name":"peter_kosarek_k1","directions":[2]}
{"op_code":4,"worker_id":"709e2815-9263-4d4b-83bb-62d201989311-23456247935296","study_id":0,"datetime_start":"2026-07-24T12:12:51.781967"}
{"op_code":9,"worker_id":"709e2815-9263-4d4b-83bb-62d201989311-23456247935296","trial_id":32,"system_attr":{"tpe:relative_params:0":"{\"lr\": 0.3156346466806857, \"ratio\": 53.11483278954423}"}}
{"op_code":5,"worker_id":"709e2815-9263-4d4b-83bb-62d201989311-23456247935296","trial_id":32,"param_name":"lr","param_value_internal":0.3156346466806857,"distribution":"{\"name\": \"FloatDistribution\", \"attributes\": {\"step\": null, \"low\": 1e-08, \"high\": 0.5, \"log\": true}}"}
{"op_code":5,"worker_id":"709e2815-9263-4d4b-83bb-62d201989311-23456247935296","trial_id":32,"param_name":"ratio","param_value_internal":53.11483278954423,"distribution":"{\"name\": \"FloatDistribution\", \"attributes\": {\"step\": null, \"low\": 0.1, \"high\": 100.0, \"log\": true}}"}
{"op_code":6,"worker_id":"709e2815-9263-4d4b-83bb-62d201989311-23456247935296","trial_id":32,"state":3,"values":null,"datetime_complete":"2026-07-24T12:13:06.964789"}
{"op_code":0,"worker_id":"5fe700f4-ba8c-41d4-8df9-a3945aa0c35c-23456247935296","study_name":"peter_kosarek_k1","directions":[2]}
{"op_code":4,"worker_id":"5fe700f4-ba8c-41d4-8df9-a3945aa0c35c-23456247935296","study_id":0,"datetime_start":"2026-07-24T12:16:57.144729"}
{"op_code":9,"worker_id":"5fe700f4-ba8c-41d4-8df9-a3945aa0c35c-23456247935296","trial_id":33,"system_attr":{"tpe:relative_params:0":"{\"lr\": 0.000374469181237211, \"ratio\": 10.583142510029004}"}}
{"op_code":5,"worker_id":"5fe700f4-ba8c-41d4-8df9-a3945aa0c35c-23456247935296","trial_id":33,"param_name":"lr","param_value_internal":0.000374469181237211,"distribution":"{\"name\": \"FloatDistribution\", \"attributes\": {\"step\": null, \"low\": 1e-08, \"high\": 0.5, \"log\": true}}"}
{"op_code":5,"worker_id":"5fe700f4-ba8c-41d4-8df9-a3945aa0c35c-23456247935296","trial_id":33,"param_name":"ratio","param_value_internal":10.583142510029004,"distribution":"{\"name\": \"FloatDistribution\", \"attributes\": {\"step\": null, \"low\": 0.1, \"high\": 100.0, \"log\": true}}"}
{"op_code":0,"worker_id":"921ba564-6854-468a-afda-ad221b852fdb-23456247935296","study_name":"peter_kosarek_k1","directions":[2]}
{"op_code":4,"worker_id":"921ba564-6854-468a-afda-ad221b852fdb-23456247935296","study_id":0,"datetime_start":"2026-07-24T12:20:30.647365"}
{"op_code":9,"worker_id":"921ba564-6854-468a-afda-ad221b852fdb-23456247935296","trial_id":34,"system_attr":{"tpe:relative_params:0":"{\"lr\": 0.2298381269061939, \"ratio\": 4.2761527203839265}"}}
{"op_code":5,"worker_id":"921ba564-6854-468a-afda-ad221b852fdb-23456247935296","trial_id":34,"param_name":"lr","param_value_internal":0.2298381269061939,"distribution":"{\"name\": \"FloatDistribution\", \"attributes\": {\"step\": null, \"low\": 1e-08, \"high\": 0.5, \"log\": true}}"}
{"op_code":5,"worker_id":"921ba564-6854-468a-afda-ad221b852fdb-23456247935296","trial_id":34,"param_name":"ratio","param_value_internal":4.2761527203839265,"distribution":"{\"name\": \"FloatDistribution\", \"attributes\": {\"step\": null, \"low\": 0.1, \"high\": 100.0, \"log\": true}}"}
{"op_code":6,"worker_id":"921ba564-6854-468a-afda-ad221b852fdb-23456247935296","trial_id":34,"state":3,"values":null,"datetime_complete":"2026-07-24T12:20:58.042692"}
{"op_code":6,"worker_id":"5fe700f4-ba8c-41d4-8df9-a3945aa0c35c-23456247935296","trial_id":33,"state":1,"values":[-16.98508084578532],"datetime_complete":"2026-07-24T12:21:55.572013"}
{"op_code":0,"worker_id":"54229035-ce33-441b-b5de-8ccbddc220bb-23456247935296","study_name":"peter_kosarek_k1","directions":[2]}
{"op_code":4,"worker_id":"54229035-ce33-441b-b5de-8ccbddc220bb-23456247935296","study_id":0,"datetime_start":"2026-07-24T12:25:23.870707"}
{"op_code":9,"worker_id":"54229035-ce33-441b-b5de-8ccbddc220bb-23456247935296","trial_id":35,"system_attr":{"tpe:relative_params:0":"{\"lr\": 0.2324900257118537, \"ratio\": 0.17707742879815772}"}}
{"op_code":5,"worker_id":"54229035-ce33-441b-b5de-8ccbddc220bb-23456247935296","trial_id":35,"param_name":"lr","param_value_internal":0.2324900257118537,"distribution":"{\"name\": \"FloatDistribution\", \"attributes\": {\"step\": null, \"low\": 1e-08, \"high\": 0.5, \"log\": true}}"}
{"op_code":5,"worker_id":"54229035-ce33-441b-b5de-8ccbddc220bb-23456247935296","trial_id":35,"param_name":"ratio","param_value_internal":0.17707742879815772,"distribution":"{\"name\": \"FloatDistribution\", \"attributes\": {\"step\": null, \"low\": 0.1, \"high\": 100.0, \"log\": true}}"}
{"op_code":6,"worker_id":"54229035-ce33-441b-b5de-8ccbddc220bb-23456247935296","trial_id":35,"state":3,"values":null,"datetime_complete":"2026-07-24T12:25:57.433339"}
{"op_code":0,"worker_id":"851af4ed-4665-4d2f-acd4-d9d25342d4f9-23456247935296","study_name":"peter_kosarek_k1","directions":[2]}
{"op_code":4,"worker_id":"851af4ed-4665-4d2f-acd4-d9d25342d4f9-23456247935296","study_id":0,"datetime_start":"2026-07-24T12:30:54.863562"}
{"op_code":9,"worker_id":"851af4ed-4665-4d2f-acd4-d9d25342d4f9-23456247935296","trial_id":36,"system_attr":{"tpe:relative_params:0":"{\"lr\": 6.684083359776094e-06, \"ratio\": 19.4072309862766}"}}
{"op_code":5,"worker_id":"851af4ed-4665-4d2f-acd4-d9d25342d4f9-23456247935296","trial_id":36,"param_name":"lr","param_value_internal":6.684083359776094e-06,"distribution":"{\"name\": \"FloatDistribution\", \"attributes\": {\"step\": null, \"low\": 1e-08, \"high\": 0.5, \"log\": true}}"}
{"op_code":5,"worker_id":"851af4ed-4665-4d2f-acd4-d9d25342d4f9-23456247935296","trial_id":36,"param_name":"ratio","param_value_internal":19.4072309862766,"distribution":"{\"name\": \"FloatDistribution\", \"attributes\": {\"step\": null, \"low\": 0.1, \"high\": 100.0, \"log\": true}}"}
{"op_code":0,"worker_id":"e85f007c-c2fd-480a-a209-8b3b0ddbae76-23456247935296","study_name":"peter_kosarek_k1","directions":[2]}
{"op_code":4,"worker_id":"e85f007c-c2fd-480a-a209-8b3b0ddbae76-23456247935296","study_id":0,"datetime_start":"2026-07-24T12:34:55.111327"}
{"op_code":9,"worker_id":"e85f007c-c2fd-480a-a209-8b3b0ddbae76-23456247935296","trial_id":37,"system_attr":{"tpe:relative_params:0":"{\"lr\": 0.00021526705331164017, \"ratio\": 9.442531418947658}"}}
{"op_code":5,"worker_id":"e85f007c-c2fd-480a-a209-8b3b0ddbae76-23456247935296","trial_id":37,"param_name":"lr","param_value_internal":0.00021526705331164017,"distribution":"{\"name\": \"FloatDistribution\", \"attributes\": {\"step\": null, \"low\": 1e-08, \"high\": 0.5, \"log\": true}}"}
{"op_code":5,"worker_id":"e85f007c-c2fd-480a-a209-8b3b0ddbae76-23456247935296","trial_id":37,"param_name":"ratio","param_value_internal":9.442531418947658,"distribution":"{\"name\": \"FloatDistribution\", \"attributes\": {\"step\": null, \"low\": 0.1, \"high\": 100.0, \"log\": true}}"}
{"op_code":6,"worker_id":"851af4ed-4665-4d2f-acd4-d9d25342d4f9-23456247935296","trial_id":36,"state":1,"values":[-17.301334766461117],"datetime_complete":"2026-07-24T12:36:48.269005"}
{"op_code":0,"worker_id":"93a825fc-1c4f-4f12-92fe-00aeb7ed5c4d-23456247935296","study_name":"peter_kosarek_k1","directions":[2]}
{"op_code":4,"worker_id":"93a825fc-1c4f-4f12-92fe-00aeb7ed5c4d-23456247935296","study_id":0,"datetime_start":"2026-07-24T12:39:32.289037"}
{"op_code":9,"worker_id":"93a825fc-1c4f-4f12-92fe-00aeb7ed5c4d-23456247935296","trial_id":38,"system_attr":{"tpe:relative_params:0":"{\"lr\": 2.262679672174017e-06, \"ratio\": 75.47071144867061}"}}
{"op_code":5,"worker_id":"93a825fc-1c4f-4f12-92fe-00aeb7ed5c4d-23456247935296","trial_id":38,"param_name":"lr","param_value_internal":2.262679672174017e-06,"distribution":"{\"name\": \"FloatDistribution\", \"attributes\": {\"step\": null, \"low\": 1e-08, \"high\": 0.5, \"log\": true}}"}
{"op_code":5,"worker_id":"93a825fc-1c4f-4f12-92fe-00aeb7ed5c4d-23456247935296","trial_id":38,"param_name":"ratio","param_value_internal":75.47071144867061,"distribution":"{\"name\": \"FloatDistribution\", \"attributes\": {\"step\": null, \"low\": 0.1, \"high\": 100.0, \"log\": true}}"}
{"op_code":6,"worker_id":"e85f007c-c2fd-480a-a209-8b3b0ddbae76-23456247935296","trial_id":37,"state":1,"values":[-15.824362946177557],"datetime_complete":"2026-07-24T12:39:35.921500"}
{"op_code":6,"worker_id":"93a825fc-1c4f-4f12-92fe-00aeb7ed5c4d-23456247935296","trial_id":38,"state":1,"values":[-17.450478952519443],"datetime_complete":"2026-07-24T12:43:54.861233"}
{"op_code":0,"worker_id":"2a141f86-c1bf-4d00-b967-ee949471f73d-23456247935296","study_name":"peter_kosarek_k1","directions":[2]}
{"op_code":4,"worker_id":"2a141f86-c1bf-4d00-b967-ee949471f73d-23456247935296","study_id":0,"datetime_start":"2026-07-24T12:44:46.422510"}
{"op_code":9,"worker_id":"2a141f86-c1bf-4d00-b967-ee949471f73d-23456247935296","trial_id":39,"system_attr":{"tpe:relative_params:0":"{\"lr\": 0.0005386629875365377, \"ratio\": 4.368252536491588}"}}
{"op_code":5,"worker_id":"2a141f86-c1bf-4d00-b967-ee949471f73d-23456247935296","trial_id":39,"param_name":"lr","param_value_internal":0.0005386629875365377,"distribution":"{\"name\": \"FloatDistribution\", \"attributes\": {\"step\": null, \"low\": 1e-08, \"high\": 0.5, \"log\": true}}"}
{"op_code":5,"worker_id":"2a141f86-c1bf-4d00-b967-ee949471f73d-23456247935296","trial_id":39,"param_name":"ratio","param_value_internal":4.368252536491588,"distribution":"{\"name\": \"FloatDistribution\", \"attributes\": {\"step\": null, \"low\": 0.1, \"high\": 100.0, \"log\": true}}"}
{"op_code":6,"worker_id":"2a141f86-c1bf-4d00-b967-ee949471f73d-23456247935296","trial_id":39,"state":1,"values":[-17.3738616206618],"datetime_complete":"2026-07-24T12:49:38.313542"}
{"op_code":0,"worker_id":"470466d0-cd34-4045-9e90-418587a1185c-23456247935296","study_name":"peter_kosarek_k1","directions":[2]}
{"op_code":4,"worker_id":"470466d0-cd34-4045-9e90-418587a1185c-23456247935296","study_id":0,"datetime_start":"2026-07-24T12:49:51.002001"}
{"op_code":9,"worker_id":"470466d0-cd34-4045-9e90-418587a1185c-23456247935296","trial_id":40,"system_attr":{"tpe:relative_params:0":"{\"lr\": 0.12542394607139937, \"ratio\": 7.2128127245052776}"}}
{"op_code":5,"worker_id":"470466d0-cd34-4045-9e90-418587a1185c-23456247935296","trial_id":40,"param_name":"lr","param_value_internal":0.12542394607139937,"distribution":"{\"name\": \"FloatDistribution\", \"attributes\": {\"step\": null, \"low\": 1e-08, \"high\": 0.5, \"log\": true}}"}
{"op_code":5,"worker_id":"470466d0-cd34-4045-9e90-418587a1185c-23456247935296","trial_id":40,"param_name":"ratio","param_value_internal":7.2128127245052776,"distribution":"{\"name\": \"FloatDistribution\", \"attributes\": {\"step\": null, \"low\": 0.1, \"high\": 100.0, \"log\": true}}"}
{"op_code":6,"worker_id":"470466d0-cd34-4045-9e90-418587a1185c-23456247935296","trial_id":40,"state":3,"values":null,"datetime_complete":"2026-07-24T12:50:23.354035"}
{"op_code":0,"worker_id":"24988a77-547a-4c01-930b-54bda60b2189-23456247935296","study_name":"peter_kosarek_k1","directions":[2]}
{"op_code":4,"worker_id":"24988a77-547a-4c01-930b-54bda60b2189-23456247935296","study_id":0,"datetime_start":"2026-07-24T12:53:54.014824"}
{"op_code":9,"worker_id":"24988a77-547a-4c01-930b-54bda60b2189-23456247935296","trial_id":41,"system_attr":{"tpe:relative_params:0":"{\"lr\": 0.20126890252002755, \"ratio\": 11.936174559565652}"}}
{"op_code":5,"worker_id":"24988a77-547a-4c01-930b-54bda60b2189-23456247935296","trial_id":41,"param_name":"lr","param_value_internal":0.20126890252002755,"distribution":"{\"name\": \"FloatDistribution\", \"attributes\": {\"step\": null, \"low\": 1e-08, \"high\": 0.5, \"log\": true}}"}
{"op_code":5,"worker_id":"24988a77-547a-4c01-930b-54bda60b2189-23456247935296","trial_id":41,"param_name":"ratio","param_value_internal":11.936174559565652,"distribution":"{\"name\": \"FloatDistribution\", \"attributes\": {\"step\": null, \"low\": 0.1, \"high\": 100.0, \"log\": true}}"}
{"op_code":6,"worker_id":"24988a77-547a-4c01-930b-54bda60b2189-23456247935296","trial_id":41,"state":3,"values":null,"datetime_complete":"2026-07-24T12:54:10.889652"}
{"op_code":0,"worker_id":"d15207ba-6c6c-4134-be23-175d5b328a38-23456247935296","study_name":"peter_kosarek_k1","directions":[2]}
{"op_code":4,"worker_id":"d15207ba-6c6c-4134-be23-175d5b328a38-23456247935296","study_id":0,"datetime_start":"2026-07-24T12:58:16.485052"}
{"op_code":9,"worker_id":"d15207ba-6c6c-4134-be23-175d5b328a38-23456247935296","trial_id":42,"system_attr":{"tpe:relative_params:0":"{\"lr\": 1.44531640298014e-05, \"ratio\": 7.656865594829476}"}}
{"op_code":5,"worker_id":"d15207ba-6c6c-4134-be23-175d5b328a38-23456247935296","trial_id":42,"param_name":"lr","param_value_internal":1.44531640298014e-05,"distribution":"{\"name\": \"FloatDistribution\", \"attributes\": {\"step\": null, \"low\": 1e-08, \"high\": 0.5, \"log\": true}}"}
{"op_code":5,"worker_id":"d15207ba-6c6c-4134-be23-175d5b328a38-23456247935296","trial_id":42,"param_name":"ratio","param_value_internal":7.656865594829476,"distribution":"{\"name\": \"FloatDistribution\", \"attributes\": {\"step\": null, \"low\": 0.1, \"high\": 100.0, \"log\": true}}"}
{"op_code":0,"worker_id":"6f414ff3-34c5-4c80-acf7-f3dfaf1c53a1-23456247935296","study_name":"peter_kosarek_k1","directions":[2]}
{"op_code":4,"worker_id":"6f414ff3-34c5-4c80-acf7-f3dfaf1c53a1-23456247935296","study_id":0,"datetime_start":"2026-07-24T13:02:28.476810"}
{"op_code":9,"worker_id":"6f414ff3-34c5-4c80-acf7-f3dfaf1c53a1-23456247935296","trial_id":43,"system_attr":{"tpe:relative_params:0":"{\"lr\": 0.0004620111542418174, \"ratio\": 9.175007879001976}"}}
{"op_code":5,"worker_id":"6f414ff3-34c5-4c80-acf7-f3dfaf1c53a1-23456247935296","trial_id":43,"param_name":"lr","param_value_internal":0.0004620111542418174,"distribution":"{\"name\": \"FloatDistribution\", \"attributes\": {\"step\": null, \"low\": 1e-08, \"high\": 0.5, \"log\": true}}"}
{"op_code":5,"worker_id":"6f414ff3-34c5-4c80-acf7-f3dfaf1c53a1-23456247935296","trial_id":43,"param_name":"ratio","param_value_internal":9.175007879001976,"distribution":"{\"name\": \"FloatDistribution\", \"attributes\": {\"step\": null, \"low\": 0.1, \"high\": 100.0, \"log\": true}}"}
{"op_code":6,"worker_id":"d15207ba-6c6c-4134-be23-175d5b328a38-23456247935296","trial_id":42,"state":1,"values":[-17.285737720100364],"datetime_complete":"2026-07-24T13:02:48.063437"}
{"op_code":6,"worker_id":"6f414ff3-34c5-4c80-acf7-f3dfaf1c53a1-23456247935296","trial_id":43,"state":1,"values":[-17.249080594949596],"datetime_complete":"2026-07-24T13:06:56.152084"}
{"op_code":0,"worker_id":"fa707621-326b-488e-ab59-d3dac8b3018e-23456247935296","study_name":"peter_kosarek_k1","directions":[2]}
{"op_code":4,"worker_id":"fa707621-326b-488e-ab59-d3dac8b3018e-23456247935296","study_id":0,"datetime_start":"2026-07-24T13:07:06.682316"}
{"op_code":9,"worker_id":"fa707621-326b-488e-ab59-d3dac8b3018e-23456247935296","trial_id":44,"system_attr":{"tpe:relative_params:0":"{\"lr\": 1.2899297766580384e-06, \"ratio\": 1.664904985898835}"}}
{"op_code":5,"worker_id":"fa707621-326b-488e-ab59-d3dac8b3018e-23456247935296","trial_id":44,"param_name":"lr","param_value_internal":1.2899297766580384e-06,"distribution":"{\"name\": \"FloatDistribution\", \"attributes\": {\"step\": null, \"low\": 1e-08, \"high\": 0.5, \"log\": true}}"}
{"op_code":5,"worker_id":"fa707621-326b-488e-ab59-d3dac8b3018e-23456247935296","trial_id":44,"param_name":"ratio","param_value_internal":1.664904985898835,"distribution":"{\"name\": \"FloatDistribution\", \"attributes\": {\"step\": null, \"low\": 0.1, \"high\": 100.0, \"log\": true}}"}
{"op_code":6,"worker_id":"fa707621-326b-488e-ab59-d3dac8b3018e-23456247935296","trial_id":44,"state":1,"values":[-18.888919943943556],"datetime_complete":"2026-07-24T13:11:45.360736"}
{"op_code":0,"worker_id":"fb3d134d-3e48-428f-b657-68ca6a520005-23456247935296","study_name":"peter_kosarek_k1","directions":[2]}
{"op_code":4,"worker_id":"fb3d134d-3e48-428f-b657-68ca6a520005-23456247935296","study_id":0,"datetime_start":"2026-07-24T13:11:49.687289"}
{"op_code":9,"worker_id":"fb3d134d-3e48-428f-b657-68ca6a520005-23456247935296","trial_id":45,"system_attr":{"tpe:relative_params:0":"{\"lr\": 0.2589587825921165, \"ratio\": 21.856637011602057}"}}
{"op_code":5,"worker_id":"fb3d134d-3e48-428f-b657-68ca6a520005-23456247935296","trial_id":45,"param_name":"lr","param_value_internal":0.2589587825921165,"distribution":"{\"name\": \"FloatDistribution\", \"attributes\": {\"step\": null, \"low\": 1e-08, \"high\": 0.5, \"log\": true}}"}
{"op_code":5,"worker_id":"fb3d134d-3e48-428f-b657-68ca6a520005-23456247935296","trial_id":45,"param_name":"ratio","param_value_internal":21.856637011602057,"distribution":"{\"name\": \"FloatDistribution\", \"attributes\": {\"step\": null, \"low\": 0.1, \"high\": 100.0, \"log\": true}}"}
{"op_code":6,"worker_id":"fb3d134d-3e48-428f-b657-68ca6a520005-23456247935296","trial_id":45,"state":3,"values":null,"datetime_complete":"2026-07-24T13:12:09.344447"}
{"op_code":0,"worker_id":"9a41188d-f069-4a7c-b003-1472ba65d562-23456247935296","study_name":"peter_kosarek_k1","directions":[2]}
{"op_code":4,"worker_id":"9a41188d-f069-4a7c-b003-1472ba65d562-23456247935296","study_id":0,"datetime_start":"2026-07-24T13:16:37.498996"}
{"op_code":9,"worker_id":"9a41188d-f069-4a7c-b003-1472ba65d562-23456247935296","trial_id":46,"system_attr":{"tpe:relative_params:0":"{\"lr\": 0.338802590442114, \"ratio\": 9.079598116735726}"}}
{"op_code":5,"worker_id":"9a41188d-f069-4a7c-b003-1472ba65d562-23456247935296","trial_id":46,"param_name":"lr","param_value_internal":0.338802590442114,"distribution":"{\"name\": \"FloatDistribution\", \"attributes\": {\"step\": null, \"low\": 1e-08, \"high\": 0.5, \"log\": true}}"}
{"op_code":5,"worker_id":"9a41188d-f069-4a7c-b003-1472ba65d562-23456247935296","trial_id":46,"param_name":"ratio","param_value_internal":9.079598116735726,"distribution":"{\"name\": \"FloatDistribution\", \"attributes\": {\"step\": null, \"low\": 0.1, \"high\": 100.0, \"log\": true}}"}
{"op_code":6,"worker_id":"9a41188d-f069-4a7c-b003-1472ba65d562-23456247935296","trial_id":46,"state":3,"values":null,"datetime_complete":"2026-07-24T13:17:04.343615"}
{"op_code":0,"worker_id":"d9e43e37-7e64-42f8-b656-96575d18ff85-23456247935296","study_name":"peter_kosarek_k1","directions":[2]}
{"op_code":4,"worker_id":"d9e43e37-7e64-42f8-b656-96575d18ff85-23456247935296","study_id":0,"datetime_start":"2026-07-24T13:19:45.992125"}
{"op_code":9,"worker_id":"d9e43e37-7e64-42f8-b656-96575d18ff85-23456247935296","trial_id":47,"system_attr":{"tpe:relative_params:0":"{\"lr\": 0.14089681897004455, \"ratio\": 10.48594004502706}"}}
{"op_code":5,"worker_id":"d9e43e37-7e64-42f8-b656-96575d18ff85-23456247935296","trial_id":47,"param_name":"lr","param_value_internal":0.14089681897004455,"distribution":"{\"name\": \"FloatDistribution\", \"attributes\": {\"step\": null, \"low\": 1e-08, \"high\": 0.5, \"log\": true}}"}
{"op_code":5,"worker_id":"d9e43e37-7e64-42f8-b656-96575d18ff85-23456247935296","trial_id":47,"param_name":"ratio","param_value_internal":10.48594004502706,"distribution":"{\"name\": \"FloatDistribution\", \"attributes\": {\"step\": null, \"low\": 0.1, \"high\": 100.0, \"log\": true}}"}
{"op_code":6,"worker_id":"d9e43e37-7e64-42f8-b656-96575d18ff85-23456247935296","trial_id":47,"state":3,"values":null,"datetime_complete":"2026-07-24T13:20:05.358948"}
{"op_code":0,"worker_id":"df30366d-2f03-4a19-8dd1-2f9f66598fa3-23456247935296","study_name":"peter_kosarek_k1","directions":[2]}
{"op_code":4,"worker_id":"df30366d-2f03-4a19-8dd1-2f9f66598fa3-23456247935296","study_id":0,"datetime_start":"2026-07-24T13:22:48.078520"}
{"op_code":9,"worker_id":"df30366d-2f03-4a19-8dd1-2f9f66598fa3-23456247935296","trial_id":48,"system_attr":{"tpe:relative_params:0":"{\"lr\": 0.3129841832581413, \"ratio\": 0.11671234849085463}"}}
{"op_code":5,"worker_id":"df30366d-2f03-4a19-8dd1-2f9f66598fa3-23456247935296","trial_id":48,"param_name":"lr","param_value_internal":0.3129841832581413,"distribution":"{\"name\": \"FloatDistribution\", \"attributes\": {\"step\": null, \"low\": 1e-08, \"high\": 0.5, \"log\": true}}"}
{"op_code":5,"worker_id":"df30366d-2f03-4a19-8dd1-2f9f66598fa3-23456247935296","trial_id":48,"param_name":"ratio","param_value_internal":0.11671234849085463,"distribution":"{\"name\": \"FloatDistribution\", \"attributes\": {\"step\": null, \"low\": 0.1, \"high\": 100.0, \"log\": true}}"}
{"op_code":6,"worker_id":"df30366d-2f03-4a19-8dd1-2f9f66598fa3-23456247935296","trial_id":48,"state":3,"values":null,"datetime_complete":"2026-07-24T13:23:06.909872"}
{"op_code":0,"worker_id":"666a163a-b911-4474-8e7d-7aa1fa930f9a-23456247935296","study_name":"peter_kosarek_k1","directions":[2]}
{"op_code":4,"worker_id":"666a163a-b911-4474-8e7d-7aa1fa930f9a-23456247935296","study_id":0,"datetime_start":"2026-07-24T13:25:28.289182"}
{"op_code":9,"worker_id":"666a163a-b911-4474-8e7d-7aa1fa930f9a-23456247935296","trial_id":49,"system_attr":{"tpe:relative_params:0":"{\"lr\": 0.35805264855926106, \"ratio\": 20.938603120456996}"}}
{"op_code":5,"worker_id":"666a163a-b911-4474-8e7d-7aa1fa930f9a-23456247935296","trial_id":49,"param_name":"lr","param_value_internal":0.35805264855926106,"distribution":"{\"name\": \"FloatDistribution\", \"attributes\": {\"step\": null, \"low\": 1e-08, \"high\": 0.5, \"log\": true}}"}
{"op_code":5,"worker_id":"666a163a-b911-4474-8e7d-7aa1fa930f9a-23456247935296","trial_id":49,"param_name":"ratio","param_value_internal":20.938603120456996,"distribution":"{\"name\": \"FloatDistribution\", \"attributes\": {\"step\": null, \"low\": 0.1, \"high\": 100.0, \"log\": true}}"}
{"op_code":6,"worker_id":"666a163a-b911-4474-8e7d-7aa1fa930f9a-23456247935296","trial_id":49,"state":3,"values":null,"datetime_complete":"2026-07-24T13:25:45.520885"}
{"op_code":0,"worker_id":"51bc2aae-2e75-4158-8681-a67b0b4bd3ed-23456247935296","study_name":"peter_kosarek_k1","directions":[2]}
{"op_code":4,"worker_id":"51bc2aae-2e75-4158-8681-a67b0b4bd3ed-23456247935296","study_id":0,"datetime_start":"2026-07-24T13:28:56.463719"}
{"op_code":9,"worker_id":"51bc2aae-2e75-4158-8681-a67b0b4bd3ed-23456247935296","trial_id":50,"system_attr":{"tpe:relative_params:0":"{\"lr\": 1.5609097434768237e-05, \"ratio\": 6.388976873106359}"}}
{"op_code":5,"worker_id":"51bc2aae-2e75-4158-8681-a67b0b4bd3ed-23456247935296","trial_id":50,"param_name":"lr","param_value_internal":1.5609097434768237e-05,"distribution":"{\"name\": \"FloatDistribution\", \"attributes\": {\"step\": null, \"low\": 1e-08, \"high\": 0.5, \"log\": true}}"}
{"op_code":5,"worker_id":"51bc2aae-2e75-4158-8681-a67b0b4bd3ed-23456247935296","trial_id":50,"param_name":"ratio","param_value_internal":6.388976873106359,"distribution":"{\"name\": \"FloatDistribution\", \"attributes\": {\"step\": null, \"low\": 0.1, \"high\": 100.0, \"log\": true}}"}
{"op_code":0,"worker_id":"d9607d2e-0806-48c4-9ea2-681db670e4e9-23456247935296","study_name":"peter_kosarek_k1","directions":[2]}
{"op_code":4,"worker_id":"d9607d2e-0806-48c4-9ea2-681db670e4e9-23456247935296","study_id":0,"datetime_start":"2026-07-24T13:32:43.104772"}
{"op_code":9,"worker_id":"d9607d2e-0806-48c4-9ea2-681db670e4e9-23456247935296","trial_id":51,"system_attr":{"tpe:relative_params:0":"{\"lr\": 0.15936906875979448, \"ratio\": 29.046668516553}"}}
{"op_code":5,"worker_id":"d9607d2e-0806-48c4-9ea2-681db670e4e9-23456247935296","trial_id":51,"param_name":"lr","param_value_internal":0.15936906875979448,"distribution":"{\"name\": \"FloatDistribution\", \"attributes\": {\"step\": null, \"low\": 1e-08, \"high\": 0.5, \"log\": true}}"}
{"op_code":5,"worker_id":"d9607d2e-0806-48c4-9ea2-681db670e4e9-23456247935296","trial_id":51,"param_name":"ratio","param_value_internal":29.046668516553,"distribution":"{\"name\": \"FloatDistribution\", \"attributes\": {\"step\": null, \"low\": 0.1, \"high\": 100.0, \"log\": true}}"}
{"op_code":6,"worker_id":"d9607d2e-0806-48c4-9ea2-681db670e4e9-23456247935296","trial_id":51,"state":3,"values":null,"datetime_complete":"2026-07-24T13:32:58.317901"}
{"op_code":6,"worker_id":"51bc2aae-2e75-4158-8681-a67b0b4bd3ed-23456247935296","trial_id":50,"state":1,"values":[-17.300520372309883],"datetime_complete":"2026-07-24T13:35:43.309648"}
{"op_code":0,"worker_id":"f5fab896-1cdd-46bb-98d0-8c7f866159b8-23456247935296","study_name":"peter_kosarek_k1","directions":[2]}
{"op_code":0,"worker_id":"2073fda6-d5d4-41da-af8e-ef3c26ba0a39-23456247935296","study_name":"peter_kosarek_k1","directions":[2]}
