{"op_code":0,"worker_id":"afc60af3-1650-47ae-ad1c-1b05547372e5-20268","study_name":"peter_rcv1_k1","directions":[2]}
{"op_code":0,"worker_id":"ebf261d2-4644-4b18-8f5e-211892e0d8b7-29508","study_name":"peter_rcv1_k1","directions":[2]}
{"op_code":4,"worker_id":"ebf261d2-4644-4b18-8f5e-211892e0d8b7-29508","study_id":0,"datetime_start":"2026-07-24T09:09:02.915163"}
{"op_code":5,"worker_id":"ebf261d2-4644-4b18-8f5e-211892e0d8b7-29508","trial_id":0,"param_name":"lr","param_value_internal":5.041828877959971e-06,"distribution":"{\"name\": \"FloatDistribution\", \"attributes\": {\"step\": null, \"low\": 1e-08, \"high\": 0.5, \"log\": true}}"}
{"op_code":5,"worker_id":"ebf261d2-4644-4b18-8f5e-211892e0d8b7-29508","trial_id":0,"param_name":"ratio","param_value_internal":0.9719849062781624,"distribution":"{\"name\": \"FloatDistribution\", \"attributes\": {\"step\": null, \"low\": 0.1, \"high\": 100.0, \"log\": true}}"}
{"op_code":0,"worker_id":"849f7e19-7bf1-4eed-b6ed-bb3f9cf2e95c-33256","study_name":"peter_rcv1_k1","directions":[2]}
{"op_code":4,"worker_id":"849f7e19-7bf1-4eed-b6ed-bb3f9cf2e95c-33256","study_id":0,"datetime_start":"2026-07-24T09:13:00.880326"}
{"op_code":5,"worker_id":"849f7e19-7bf1-4eed-b6ed-bb3f9cf2e95c-33256","trial_id":1,"param_name":"lr","param_value_internal":1.4096226299207571e-08,"distribution":"{\"name\": \"FloatDistribution\", \"attributes\": {\"step\": null, \"low\": 1e-08, \"high\": 0.5, \"log\": true}}"}
{"op_code":5,"worker_id":"849f7e19-7bf1-4eed-b6ed-bb3f9cf2e95c-33256","trial_id":1,"param_name":"ratio","param_value_internal":79.05015139790618,"distribution":"{\"name\": \"FloatDistribution\", \"attributes\": {\"step\": null, \"low\": 0.1, \"high\": 100.0, \"log\": true}}"}
{"op_code":0,"worker_id":"4143fb2b-aa04-41ba-98a3-5781e5cfdd4d-24408","study_name":"peter_rcv1_k1","directions":[2]}
{"op_code":4,"worker_id":"4143fb2b-aa04-41ba-98a3-5781e5cfdd4d-24408","study_id":0,"datetime_start":"2026-07-24T09:13:02.094549"}
{"op_code":5,"worker_id":"4143fb2b-aa04-41ba-98a3-5781e5cfdd4d-24408","trial_id":2,"param_name":"lr","param_value_internal":0.05453353070078137,"distribution":"{\"name\": \"FloatDistribution\", \"attributes\": {\"step\": null, \"low\": 1e-08, \"high\": 0.5, \"log\": true}}"}
{"op_code":5,"worker_id":"4143fb2b-aa04-41ba-98a3-5781e5cfdd4d-24408","trial_id":2,"param_name":"ratio","param_value_internal":0.11214581267275921,"distribution":"{\"name\": \"FloatDistribution\", \"attributes\": {\"step\": null, \"low\": 0.1, \"high\": 100.0, \"log\": true}}"}
{"op_code":0,"worker_id":"0d61a560-dd7e-4089-a2a2-45fb856e7c2a-23456247935296","study_name":"peter_rcv1_k1","directions":[2]}
{"op_code":0,"worker_id":"13f265ff-bc72-4488-be36-117f7383685a-23456247935296","study_name":"peter_rcv1_k1","directions":[2]}
{"op_code":4,"worker_id":"13f265ff-bc72-4488-be36-117f7383685a-23456247935296","study_id":0,"datetime_start":"2026-07-24T10:21:56.720031"}
{"op_code":5,"worker_id":"13f265ff-bc72-4488-be36-117f7383685a-23456247935296","trial_id":3,"param_name":"lr","param_value_internal":4.3566809149612004e-06,"distribution":"{\"name\": \"FloatDistribution\", \"attributes\": {\"step\": null, \"low\": 1e-08, \"high\": 0.5, \"log\": true}}"}
{"op_code":5,"worker_id":"13f265ff-bc72-4488-be36-117f7383685a-23456247935296","trial_id":3,"param_name":"ratio","param_value_internal":76.09024615030135,"distribution":"{\"name\": \"FloatDistribution\", \"attributes\": {\"step\": null, \"low\": 0.1, \"high\": 100.0, \"log\": true}}"}
{"op_code":0,"worker_id":"7d2e25a1-11ac-4dfb-abbf-5757d210ce91-23456247935296","study_name":"peter_rcv1_k1","directions":[2]}
{"op_code":4,"worker_id":"7d2e25a1-11ac-4dfb-abbf-5757d210ce91-23456247935296","study_id":0,"datetime_start":"2026-07-24T10:22:09.908508"}
{"op_code":5,"worker_id":"7d2e25a1-11ac-4dfb-abbf-5757d210ce91-23456247935296","trial_id":4,"param_name":"lr","param_value_internal":7.735940079074268e-08,"distribution":"{\"name\": \"FloatDistribution\", \"attributes\": {\"step\": null, \"low\": 1e-08, \"high\": 0.5, \"log\": true}}"}
{"op_code":5,"worker_id":"7d2e25a1-11ac-4dfb-abbf-5757d210ce91-23456247935296","trial_id":4,"param_name":"ratio","param_value_internal":0.9436588962452915,"distribution":"{\"name\": \"FloatDistribution\", \"attributes\": {\"step\": null, \"low\": 0.1, \"high\": 100.0, \"log\": true}}"}
{"op_code":0,"worker_id":"546d54b9-6155-404c-88c5-ef5e8a865982-23456247935296","study_name":"peter_rcv1_k1","directions":[2]}
{"op_code":4,"worker_id":"546d54b9-6155-404c-88c5-ef5e8a865982-23456247935296","study_id":0,"datetime_start":"2026-07-24T10:25:18.240041"}
{"op_code":5,"worker_id":"546d54b9-6155-404c-88c5-ef5e8a865982-23456247935296","trial_id":5,"param_name":"lr","param_value_internal":2.1519705144766482e-08,"distribution":"{\"name\": \"FloatDistribution\", \"attributes\": {\"step\": null, \"low\": 1e-08, \"high\": 0.5, \"log\": true}}"}
{"op_code":5,"worker_id":"546d54b9-6155-404c-88c5-ef5e8a865982-23456247935296","trial_id":5,"param_name":"ratio","param_value_internal":3.9774433971166925,"distribution":"{\"name\": \"FloatDistribution\", \"attributes\": {\"step\": null, \"low\": 0.1, \"high\": 100.0, \"log\": true}}"}
{"op_code":0,"worker_id":"0ef73437-89d4-4576-8a20-ef7b419c18c2-23456247935296","study_name":"peter_rcv1_k1","directions":[2]}
{"op_code":4,"worker_id":"0ef73437-89d4-4576-8a20-ef7b419c18c2-23456247935296","study_id":0,"datetime_start":"2026-07-24T10:28:46.370147"}
{"op_code":5,"worker_id":"0ef73437-89d4-4576-8a20-ef7b419c18c2-23456247935296","trial_id":6,"param_name":"lr","param_value_internal":0.18211202513765487,"distribution":"{\"name\": \"FloatDistribution\", \"attributes\": {\"step\": null, \"low\": 1e-08, \"high\": 0.5, \"log\": true}}"}
{"op_code":5,"worker_id":"0ef73437-89d4-4576-8a20-ef7b419c18c2-23456247935296","trial_id":6,"param_name":"ratio","param_value_internal":49.707331874526496,"distribution":"{\"name\": \"FloatDistribution\", \"attributes\": {\"step\": null, \"low\": 0.1, \"high\": 100.0, \"log\": true}}"}
{"op_code":0,"worker_id":"3d903d33-9263-4ac2-89e6-e04bcddfc7a8-23456247935296","study_name":"peter_rcv1_k1","directions":[2]}
{"op_code":4,"worker_id":"3d903d33-9263-4ac2-89e6-e04bcddfc7a8-23456247935296","study_id":0,"datetime_start":"2026-07-24T10:32:30.557406"}
{"op_code":5,"worker_id":"3d903d33-9263-4ac2-89e6-e04bcddfc7a8-23456247935296","trial_id":7,"param_name":"lr","param_value_internal":0.04133646790496378,"distribution":"{\"name\": \"FloatDistribution\", \"attributes\": {\"step\": null, \"low\": 1e-08, \"high\": 0.5, \"log\": true}}"}
{"op_code":5,"worker_id":"3d903d33-9263-4ac2-89e6-e04bcddfc7a8-23456247935296","trial_id":7,"param_name":"ratio","param_value_internal":15.563442628530128,"distribution":"{\"name\": \"FloatDistribution\", \"attributes\": {\"step\": null, \"low\": 0.1, \"high\": 100.0, \"log\": true}}"}
{"op_code":0,"worker_id":"5d1994b7-9ff9-4414-aeed-f721dbbde6ee-23456247935296","study_name":"peter_rcv1_k1","directions":[2]}
{"op_code":4,"worker_id":"5d1994b7-9ff9-4414-aeed-f721dbbde6ee-23456247935296","study_id":0,"datetime_start":"2026-07-24T10:35:46.544554"}
{"op_code":5,"worker_id":"5d1994b7-9ff9-4414-aeed-f721dbbde6ee-23456247935296","trial_id":8,"param_name":"lr","param_value_internal":3.590074584212025e-08,"distribution":"{\"name\": \"FloatDistribution\", \"attributes\": {\"step\": null, \"low\": 1e-08, \"high\": 0.5, \"log\": true}}"}
{"op_code":5,"worker_id":"5d1994b7-9ff9-4414-aeed-f721dbbde6ee-23456247935296","trial_id":8,"param_name":"ratio","param_value_internal":0.10878958951892047,"distribution":"{\"name\": \"FloatDistribution\", \"attributes\": {\"step\": null, \"low\": 0.1, \"high\": 100.0, \"log\": true}}"}
{"op_code":0,"worker_id":"66587c54-c111-475f-b053-733a04719703-23456247935296","study_name":"peter_rcv1_k1","directions":[2]}
{"op_code":4,"worker_id":"66587c54-c111-475f-b053-733a04719703-23456247935296","study_id":0,"datetime_start":"2026-07-24T10:39:17.685089"}
{"op_code":5,"worker_id":"66587c54-c111-475f-b053-733a04719703-23456247935296","trial_id":9,"param_name":"lr","param_value_internal":2.342225475645387e-05,"distribution":"{\"name\": \"FloatDistribution\", \"attributes\": {\"step\": null, \"low\": 1e-08, \"high\": 0.5, \"log\": true}}"}
{"op_code":5,"worker_id":"66587c54-c111-475f-b053-733a04719703-23456247935296","trial_id":9,"param_name":"ratio","param_value_internal":0.33230504647340064,"distribution":"{\"name\": \"FloatDistribution\", \"attributes\": {\"step\": null, \"low\": 0.1, \"high\": 100.0, \"log\": true}}"}
{"op_code":0,"worker_id":"983c0394-7d49-4f73-9f62-779b8169a791-23456247935296","study_name":"peter_rcv1_k1","directions":[2]}
{"op_code":4,"worker_id":"983c0394-7d49-4f73-9f62-779b8169a791-23456247935296","study_id":0,"datetime_start":"2026-07-24T10:43:33.980354"}
{"op_code":5,"worker_id":"983c0394-7d49-4f73-9f62-779b8169a791-23456247935296","trial_id":10,"param_name":"lr","param_value_internal":6.594829630207904e-05,"distribution":"{\"name\": \"FloatDistribution\", \"attributes\": {\"step\": null, \"low\": 1e-08, \"high\": 0.5, \"log\": true}}"}
{"op_code":5,"worker_id":"983c0394-7d49-4f73-9f62-779b8169a791-23456247935296","trial_id":10,"param_name":"ratio","param_value_internal":61.26747465236226,"distribution":"{\"name\": \"FloatDistribution\", \"attributes\": {\"step\": null, \"low\": 0.1, \"high\": 100.0, \"log\": true}}"}
{"op_code":0,"worker_id":"a09b471b-85c4-419b-8bea-9dae50b1e205-23456247935296","study_name":"peter_rcv1_k1","directions":[2]}
{"op_code":4,"worker_id":"a09b471b-85c4-419b-8bea-9dae50b1e205-23456247935296","study_id":0,"datetime_start":"2026-07-24T10:47:52.317309"}
{"op_code":5,"worker_id":"a09b471b-85c4-419b-8bea-9dae50b1e205-23456247935296","trial_id":11,"param_name":"lr","param_value_internal":1.1577553401177627e-06,"distribution":"{\"name\": \"FloatDistribution\", \"attributes\": {\"step\": null, \"low\": 1e-08, \"high\": 0.5, \"log\": true}}"}
{"op_code":5,"worker_id":"a09b471b-85c4-419b-8bea-9dae50b1e205-23456247935296","trial_id":11,"param_name":"ratio","param_value_internal":1.5081929563206347,"distribution":"{\"name\": \"FloatDistribution\", \"attributes\": {\"step\": null, \"low\": 0.1, \"high\": 100.0, \"log\": true}}"}
{"op_code":0,"worker_id":"7a089c53-92a8-4588-84b2-844717266579-23456247935296","study_name":"peter_rcv1_k1","directions":[2]}
{"op_code":4,"worker_id":"7a089c53-92a8-4588-84b2-844717266579-23456247935296","study_id":0,"datetime_start":"2026-07-24T10:52:22.352507"}
{"op_code":5,"worker_id":"7a089c53-92a8-4588-84b2-844717266579-23456247935296","trial_id":12,"param_name":"lr","param_value_internal":1.2443345631022235e-06,"distribution":"{\"name\": \"FloatDistribution\", \"attributes\": {\"step\": null, \"low\": 1e-08, \"high\": 0.5, \"log\": true}}"}
{"op_code":5,"worker_id":"7a089c53-92a8-4588-84b2-844717266579-23456247935296","trial_id":12,"param_name":"ratio","param_value_internal":2.6423409374881492,"distribution":"{\"name\": \"FloatDistribution\", \"attributes\": {\"step\": null, \"low\": 0.1, \"high\": 100.0, \"log\": true}}"}
{"op_code":0,"worker_id":"67d791e4-b1ec-4691-abca-840f8cb31178-23456247935296","study_name":"peter_rcv1_k1","directions":[2]}
{"op_code":4,"worker_id":"67d791e4-b1ec-4691-abca-840f8cb31178-23456247935296","study_id":0,"datetime_start":"2026-07-24T10:56:17.076476"}
{"op_code":5,"worker_id":"67d791e4-b1ec-4691-abca-840f8cb31178-23456247935296","trial_id":13,"param_name":"lr","param_value_internal":0.0030736251237381282,"distribution":"{\"name\": \"FloatDistribution\", \"attributes\": {\"step\": null, \"low\": 1e-08, \"high\": 0.5, \"log\": true}}"}
{"op_code":5,"worker_id":"67d791e4-b1ec-4691-abca-840f8cb31178-23456247935296","trial_id":13,"param_name":"ratio","param_value_internal":0.20879408668515326,"distribution":"{\"name\": \"FloatDistribution\", \"attributes\": {\"step\": null, \"low\": 0.1, \"high\": 100.0, \"log\": true}}"}
{"op_code":0,"worker_id":"4ec416f3-c82e-44d8-937c-7c99505e4304-23456247935296","study_name":"peter_rcv1_k1","directions":[2]}
{"op_code":4,"worker_id":"4ec416f3-c82e-44d8-937c-7c99505e4304-23456247935296","study_id":0,"datetime_start":"2026-07-24T11:01:28.563145"}
{"op_code":5,"worker_id":"4ec416f3-c82e-44d8-937c-7c99505e4304-23456247935296","trial_id":14,"param_name":"lr","param_value_internal":0.009750236103372794,"distribution":"{\"name\": \"FloatDistribution\", \"attributes\": {\"step\": null, \"low\": 1e-08, \"high\": 0.5, \"log\": true}}"}
{"op_code":5,"worker_id":"4ec416f3-c82e-44d8-937c-7c99505e4304-23456247935296","trial_id":14,"param_name":"ratio","param_value_internal":0.10073826082349285,"distribution":"{\"name\": \"FloatDistribution\", \"attributes\": {\"step\": null, \"low\": 0.1, \"high\": 100.0, \"log\": true}}"}
{"op_code":0,"worker_id":"7fbbef4f-d751-470c-a206-9561931d3f0c-23456247935296","study_name":"peter_rcv1_k1","directions":[2]}
{"op_code":4,"worker_id":"7fbbef4f-d751-470c-a206-9561931d3f0c-23456247935296","study_id":0,"datetime_start":"2026-07-24T11:06:32.298007"}
{"op_code":5,"worker_id":"7fbbef4f-d751-470c-a206-9561931d3f0c-23456247935296","trial_id":15,"param_name":"lr","param_value_internal":5.282461424726013e-07,"distribution":"{\"name\": \"FloatDistribution\", \"attributes\": {\"step\": null, \"low\": 1e-08, \"high\": 0.5, \"log\": true}}"}
{"op_code":5,"worker_id":"7fbbef4f-d751-470c-a206-9561931d3f0c-23456247935296","trial_id":15,"param_name":"ratio","param_value_internal":87.49193325775192,"distribution":"{\"name\": \"FloatDistribution\", \"attributes\": {\"step\": null, \"low\": 0.1, \"high\": 100.0, \"log\": true}}"}
{"op_code":0,"worker_id":"7cf78aa2-d259-4943-b007-c8d4031195ee-23456247935296","study_name":"peter_rcv1_k1","directions":[2]}
{"op_code":4,"worker_id":"7cf78aa2-d259-4943-b007-c8d4031195ee-23456247935296","study_id":0,"datetime_start":"2026-07-24T11:10:57.679825"}
{"op_code":5,"worker_id":"7cf78aa2-d259-4943-b007-c8d4031195ee-23456247935296","trial_id":16,"param_name":"lr","param_value_internal":0.06393083981619918,"distribution":"{\"name\": \"FloatDistribution\", \"attributes\": {\"step\": null, \"low\": 1e-08, \"high\": 0.5, \"log\": true}}"}
{"op_code":5,"worker_id":"7cf78aa2-d259-4943-b007-c8d4031195ee-23456247935296","trial_id":16,"param_name":"ratio","param_value_internal":21.94610373726124,"distribution":"{\"name\": \"FloatDistribution\", \"attributes\": {\"step\": null, \"low\": 0.1, \"high\": 100.0, \"log\": true}}"}
{"op_code":0,"worker_id":"b3b408e2-aa52-4f53-a05c-2f927549ba4a-23456247935296","study_name":"peter_rcv1_k1","directions":[2]}
{"op_code":4,"worker_id":"b3b408e2-aa52-4f53-a05c-2f927549ba4a-23456247935296","study_id":0,"datetime_start":"2026-07-24T11:14:52.097101"}
{"op_code":5,"worker_id":"b3b408e2-aa52-4f53-a05c-2f927549ba4a-23456247935296","trial_id":17,"param_name":"lr","param_value_internal":0.09397479417184468,"distribution":"{\"name\": \"FloatDistribution\", \"attributes\": {\"step\": null, \"low\": 1e-08, \"high\": 0.5, \"log\": true}}"}
{"op_code":5,"worker_id":"b3b408e2-aa52-4f53-a05c-2f927549ba4a-23456247935296","trial_id":17,"param_name":"ratio","param_value_internal":2.594205959417502,"distribution":"{\"name\": \"FloatDistribution\", \"attributes\": {\"step\": null, \"low\": 0.1, \"high\": 100.0, \"log\": true}}"}
{"op_code":0,"worker_id":"0fc8a60f-0617-4a53-bb0b-c833fd4af254-23456247935296","study_name":"peter_rcv1_k1","directions":[2]}
{"op_code":4,"worker_id":"0fc8a60f-0617-4a53-bb0b-c833fd4af254-23456247935296","study_id":0,"datetime_start":"2026-07-24T11:19:35.706700"}
{"op_code":5,"worker_id":"0fc8a60f-0617-4a53-bb0b-c833fd4af254-23456247935296","trial_id":18,"param_name":"lr","param_value_internal":0.007506826530449239,"distribution":"{\"name\": \"FloatDistribution\", \"attributes\": {\"step\": null, \"low\": 1e-08, \"high\": 0.5, \"log\": true}}"}
{"op_code":5,"worker_id":"0fc8a60f-0617-4a53-bb0b-c833fd4af254-23456247935296","trial_id":18,"param_name":"ratio","param_value_internal":24.825700618889034,"distribution":"{\"name\": \"FloatDistribution\", \"attributes\": {\"step\": null, \"low\": 0.1, \"high\": 100.0, \"log\": true}}"}
{"op_code":0,"worker_id":"87106500-3f0e-4e18-8765-acc34ea25fdf-23456247935296","study_name":"peter_rcv1_k1","directions":[2]}
{"op_code":4,"worker_id":"87106500-3f0e-4e18-8765-acc34ea25fdf-23456247935296","study_id":0,"datetime_start":"2026-07-24T11:23:32.757095"}
{"op_code":5,"worker_id":"87106500-3f0e-4e18-8765-acc34ea25fdf-23456247935296","trial_id":19,"param_name":"lr","param_value_internal":3.9250246416876294e-07,"distribution":"{\"name\": \"FloatDistribution\", \"attributes\": {\"step\": null, \"low\": 1e-08, \"high\": 0.5, \"log\": true}}"}
{"op_code":5,"worker_id":"87106500-3f0e-4e18-8765-acc34ea25fdf-23456247935296","trial_id":19,"param_name":"ratio","param_value_internal":3.1885563388394664,"distribution":"{\"name\": \"FloatDistribution\", \"attributes\": {\"step\": null, \"low\": 0.1, \"high\": 100.0, \"log\": true}}"}
{"op_code":0,"worker_id":"9c91afe7-15e4-4f25-aeab-9b696b080788-23456247935296","study_name":"peter_rcv1_k1","directions":[2]}
{"op_code":4,"worker_id":"9c91afe7-15e4-4f25-aeab-9b696b080788-23456247935296","study_id":0,"datetime_start":"2026-07-24T11:27:12.467688"}
{"op_code":5,"worker_id":"9c91afe7-15e4-4f25-aeab-9b696b080788-23456247935296","trial_id":20,"param_name":"lr","param_value_internal":0.019325112153016986,"distribution":"{\"name\": \"FloatDistribution\", \"attributes\": {\"step\": null, \"low\": 1e-08, \"high\": 0.5, \"log\": true}}"}
{"op_code":5,"worker_id":"9c91afe7-15e4-4f25-aeab-9b696b080788-23456247935296","trial_id":20,"param_name":"ratio","param_value_internal":0.14429754781735266,"distribution":"{\"name\": \"FloatDistribution\", \"attributes\": {\"step\": null, \"low\": 0.1, \"high\": 100.0, \"log\": true}}"}
{"op_code":0,"worker_id":"1278c4fa-c8b9-40b8-b620-79e48008b178-23456247935296","study_name":"peter_rcv1_k1","directions":[2]}
{"op_code":4,"worker_id":"1278c4fa-c8b9-40b8-b620-79e48008b178-23456247935296","study_id":0,"datetime_start":"2026-07-24T11:31:42.922136"}
{"op_code":5,"worker_id":"1278c4fa-c8b9-40b8-b620-79e48008b178-23456247935296","trial_id":21,"param_name":"lr","param_value_internal":1.0101233280543561e-07,"distribution":"{\"name\": \"FloatDistribution\", \"attributes\": {\"step\": null, \"low\": 1e-08, \"high\": 0.5, \"log\": true}}"}
{"op_code":5,"worker_id":"1278c4fa-c8b9-40b8-b620-79e48008b178-23456247935296","trial_id":21,"param_name":"ratio","param_value_internal":19.480989936177505,"distribution":"{\"name\": \"FloatDistribution\", \"attributes\": {\"step\": null, \"low\": 0.1, \"high\": 100.0, \"log\": true}}"}
{"op_code":6,"worker_id":"7d2e25a1-11ac-4dfb-abbf-5757d210ce91-23456247935296","trial_id":4,"state":1,"values":[-56.77777676893824],"datetime_complete":"2026-07-24T11:36:00.852625"}
{"op_code":0,"worker_id":"8990eaef-0d6d-4ad9-a548-446b1cb06656-23456247935296","study_name":"peter_rcv1_k1","directions":[2]}
{"op_code":4,"worker_id":"8990eaef-0d6d-4ad9-a548-446b1cb06656-23456247935296","study_id":0,"datetime_start":"2026-07-24T11:37:00.300732"}
{"op_code":5,"worker_id":"8990eaef-0d6d-4ad9-a548-446b1cb06656-23456247935296","trial_id":22,"param_name":"lr","param_value_internal":3.095868572476572e-05,"distribution":"{\"name\": \"FloatDistribution\", \"attributes\": {\"step\": null, \"low\": 1e-08, \"high\": 0.5, \"log\": true}}"}
{"op_code":5,"worker_id":"8990eaef-0d6d-4ad9-a548-446b1cb06656-23456247935296","trial_id":22,"param_name":"ratio","param_value_internal":73.51461362676102,"distribution":"{\"name\": \"FloatDistribution\", \"attributes\": {\"step\": null, \"low\": 0.1, \"high\": 100.0, \"log\": true}}"}
{"op_code":0,"worker_id":"ad64c12b-d54b-4697-a1ec-2df8f930640a-23456247935296","study_name":"peter_rcv1_k1","directions":[2]}
{"op_code":4,"worker_id":"ad64c12b-d54b-4697-a1ec-2df8f930640a-23456247935296","study_id":0,"datetime_start":"2026-07-24T11:40:50.422530"}
{"op_code":5,"worker_id":"ad64c12b-d54b-4697-a1ec-2df8f930640a-23456247935296","trial_id":23,"param_name":"lr","param_value_internal":0.0015699830532174093,"distribution":"{\"name\": \"FloatDistribution\", \"attributes\": {\"step\": null, \"low\": 1e-08, \"high\": 0.5, \"log\": true}}"}
{"op_code":5,"worker_id":"ad64c12b-d54b-4697-a1ec-2df8f930640a-23456247935296","trial_id":23,"param_name":"ratio","param_value_internal":8.62371928735249,"distribution":"{\"name\": \"FloatDistribution\", \"attributes\": {\"step\": null, \"low\": 0.1, \"high\": 100.0, \"log\": true}}"}
{"op_code":0,"worker_id":"6b63816c-db7d-4377-9e95-4f500fd89eaa-23456247935296","study_name":"peter_rcv1_k1","directions":[2]}
{"op_code":4,"worker_id":"6b63816c-db7d-4377-9e95-4f500fd89eaa-23456247935296","study_id":0,"datetime_start":"2026-07-24T11:44:07.357990"}
{"op_code":5,"worker_id":"6b63816c-db7d-4377-9e95-4f500fd89eaa-23456247935296","trial_id":24,"param_name":"lr","param_value_internal":1.7398148637559863e-05,"distribution":"{\"name\": \"FloatDistribution\", \"attributes\": {\"step\": null, \"low\": 1e-08, \"high\": 0.5, \"log\": true}}"}
{"op_code":5,"worker_id":"6b63816c-db7d-4377-9e95-4f500fd89eaa-23456247935296","trial_id":24,"param_name":"ratio","param_value_internal":20.680018456823863,"distribution":"{\"name\": \"FloatDistribution\", \"attributes\": {\"step\": null, \"low\": 0.1, \"high\": 100.0, \"log\": true}}"}
{"op_code":0,"worker_id":"195dfcbc-98a1-4b27-ad31-4c80e3a1d5a8-23456247935296","study_name":"peter_rcv1_k1","directions":[2]}
{"op_code":4,"worker_id":"195dfcbc-98a1-4b27-ad31-4c80e3a1d5a8-23456247935296","study_id":0,"datetime_start":"2026-07-24T11:47:44.532297"}
{"op_code":5,"worker_id":"195dfcbc-98a1-4b27-ad31-4c80e3a1d5a8-23456247935296","trial_id":25,"param_name":"lr","param_value_internal":1.8536410388374968e-07,"distribution":"{\"name\": \"FloatDistribution\", \"attributes\": {\"step\": null, \"low\": 1e-08, \"high\": 0.5, \"log\": true}}"}
{"op_code":5,"worker_id":"195dfcbc-98a1-4b27-ad31-4c80e3a1d5a8-23456247935296","trial_id":25,"param_name":"ratio","param_value_internal":6.146010337120045,"distribution":"{\"name\": \"FloatDistribution\", \"attributes\": {\"step\": null, \"low\": 0.1, \"high\": 100.0, \"log\": true}}"}
{"op_code":6,"worker_id":"0ef73437-89d4-4576-8a20-ef7b419c18c2-23456247935296","trial_id":6,"state":1,"values":[-59.91642227139692],"datetime_complete":"2026-07-24T11:48:44.166759"}
{"op_code":0,"worker_id":"33b10cf5-2c8f-459f-b64d-bc0ec5b5a5d2-23456247935296","study_name":"peter_rcv1_k1","directions":[2]}
{"op_code":4,"worker_id":"33b10cf5-2c8f-459f-b64d-bc0ec5b5a5d2-23456247935296","study_id":0,"datetime_start":"2026-07-24T11:51:31.383779"}
{"op_code":5,"worker_id":"33b10cf5-2c8f-459f-b64d-bc0ec5b5a5d2-23456247935296","trial_id":26,"param_name":"lr","param_value_internal":0.0444572732938121,"distribution":"{\"name\": \"FloatDistribution\", \"attributes\": {\"step\": null, \"low\": 1e-08, \"high\": 0.5, \"log\": true}}"}
{"op_code":5,"worker_id":"33b10cf5-2c8f-459f-b64d-bc0ec5b5a5d2-23456247935296","trial_id":26,"param_name":"ratio","param_value_internal":7.251285889499109,"distribution":"{\"name\": \"FloatDistribution\", \"attributes\": {\"step\": null, \"low\": 0.1, \"high\": 100.0, \"log\": true}}"}
{"op_code":6,"worker_id":"3d903d33-9263-4ac2-89e6-e04bcddfc7a8-23456247935296","trial_id":7,"state":1,"values":[-56.420674065928296],"datetime_complete":"2026-07-24T11:53:49.851163"}
{"op_code":0,"worker_id":"e5626019-b3dc-4c5d-b388-71382de67480-23456247935296","study_name":"peter_rcv1_k1","directions":[2]}
{"op_code":4,"worker_id":"e5626019-b3dc-4c5d-b388-71382de67480-23456247935296","study_id":0,"datetime_start":"2026-07-24T11:54:23.877560"}
{"op_code":5,"worker_id":"e5626019-b3dc-4c5d-b388-71382de67480-23456247935296","trial_id":27,"param_name":"lr","param_value_internal":0.20050412114706614,"distribution":"{\"name\": \"FloatDistribution\", \"attributes\": {\"step\": null, \"low\": 1e-08, \"high\": 0.5, \"log\": true}}"}
{"op_code":5,"worker_id":"e5626019-b3dc-4c5d-b388-71382de67480-23456247935296","trial_id":27,"param_name":"ratio","param_value_internal":0.3400512087120377,"distribution":"{\"name\": \"FloatDistribution\", \"attributes\": {\"step\": null, \"low\": 0.1, \"high\": 100.0, \"log\": true}}"}
{"op_code":0,"worker_id":"ad2ef440-db93-4f76-9a9b-712a4c22806e-23456247935296","study_name":"peter_rcv1_k1","directions":[2]}
{"op_code":4,"worker_id":"ad2ef440-db93-4f76-9a9b-712a4c22806e-23456247935296","study_id":0,"datetime_start":"2026-07-24T11:58:46.848319"}
{"op_code":5,"worker_id":"ad2ef440-db93-4f76-9a9b-712a4c22806e-23456247935296","trial_id":28,"param_name":"lr","param_value_internal":0.00019876812735487726,"distribution":"{\"name\": \"FloatDistribution\", \"attributes\": {\"step\": null, \"low\": 1e-08, \"high\": 0.5, \"log\": true}}"}
{"op_code":5,"worker_id":"ad2ef440-db93-4f76-9a9b-712a4c22806e-23456247935296","trial_id":28,"param_name":"ratio","param_value_internal":1.9047740218950329,"distribution":"{\"name\": \"FloatDistribution\", \"attributes\": {\"step\": null, \"low\": 0.1, \"high\": 100.0, \"log\": true}}"}
{"op_code":6,"worker_id":"5d1994b7-9ff9-4414-aeed-f721dbbde6ee-23456247935296","trial_id":8,"state":1,"values":[-56.77773890185987],"datetime_complete":"2026-07-24T11:58:49.989137"}
{"op_code":0,"worker_id":"b27893a8-fd4d-4783-ab67-f4e4eed90f08-23456247935296","study_name":"peter_rcv1_k1","directions":[2]}
{"op_code":4,"worker_id":"b27893a8-fd4d-4783-ab67-f4e4eed90f08-23456247935296","study_id":0,"datetime_start":"2026-07-24T12:01:41.527718"}
{"op_code":5,"worker_id":"b27893a8-fd4d-4783-ab67-f4e4eed90f08-23456247935296","trial_id":29,"param_name":"lr","param_value_internal":5.974412176924177e-08,"distribution":"{\"name\": \"FloatDistribution\", \"attributes\": {\"step\": null, \"low\": 1e-08, \"high\": 0.5, \"log\": true}}"}
{"op_code":5,"worker_id":"b27893a8-fd4d-4783-ab67-f4e4eed90f08-23456247935296","trial_id":29,"param_name":"ratio","param_value_internal":1.075579597494228,"distribution":"{\"name\": \"FloatDistribution\", \"attributes\": {\"step\": null, \"low\": 0.1, \"high\": 100.0, \"log\": true}}"}
{"op_code":0,"worker_id":"dbce73fd-32ec-4161-a4c1-67f20d645291-23456247935296","study_name":"peter_rcv1_k1","directions":[2]}
{"op_code":4,"worker_id":"dbce73fd-32ec-4161-a4c1-67f20d645291-23456247935296","study_id":0,"datetime_start":"2026-07-24T12:06:10.071957"}
{"op_code":5,"worker_id":"dbce73fd-32ec-4161-a4c1-67f20d645291-23456247935296","trial_id":30,"param_name":"lr","param_value_internal":1.4389571251867601e-07,"distribution":"{\"name\": \"FloatDistribution\", \"attributes\": {\"step\": null, \"low\": 1e-08, \"high\": 0.5, \"log\": true}}"}
{"op_code":5,"worker_id":"dbce73fd-32ec-4161-a4c1-67f20d645291-23456247935296","trial_id":30,"param_name":"ratio","param_value_internal":4.576669209446075,"distribution":"{\"name\": \"FloatDistribution\", \"attributes\": {\"step\": null, \"low\": 0.1, \"high\": 100.0, \"log\": true}}"}
{"op_code":6,"worker_id":"66587c54-c111-475f-b053-733a04719703-23456247935296","trial_id":9,"state":1,"values":[-56.7843542579024],"datetime_complete":"2026-07-24T12:06:40.634774"}
{"op_code":0,"worker_id":"57ffe696-df4a-4776-81da-c0db7783dc98-23456247935296","study_name":"peter_rcv1_k1","directions":[2]}
{"op_code":4,"worker_id":"57ffe696-df4a-4776-81da-c0db7783dc98-23456247935296","study_id":0,"datetime_start":"2026-07-24T12:09:56.494358"}
{"op_code":5,"worker_id":"57ffe696-df4a-4776-81da-c0db7783dc98-23456247935296","trial_id":31,"param_name":"lr","param_value_internal":1.6395938360741264e-06,"distribution":"{\"name\": \"FloatDistribution\", \"attributes\": {\"step\": null, \"low\": 1e-08, \"high\": 0.5, \"log\": true}}"}
{"op_code":5,"worker_id":"57ffe696-df4a-4776-81da-c0db7783dc98-23456247935296","trial_id":31,"param_name":"ratio","param_value_internal":0.3106973328914149,"distribution":"{\"name\": \"FloatDistribution\", \"attributes\": {\"step\": null, \"low\": 0.1, \"high\": 100.0, \"log\": true}}"}
{"op_code":6,"worker_id":"a09b471b-85c4-419b-8bea-9dae50b1e205-23456247935296","trial_id":11,"state":1,"values":[-56.7786256447562],"datetime_complete":"2026-07-24T12:12:51.655184"}
{"op_code":0,"worker_id":"fb925486-0a03-4650-9512-a24ad2bb6343-23456247935296","study_name":"peter_rcv1_k1","directions":[2]}
{"op_code":4,"worker_id":"fb925486-0a03-4650-9512-a24ad2bb6343-23456247935296","study_id":0,"datetime_start":"2026-07-24T12:13:23.206895"}
{"op_code":5,"worker_id":"fb925486-0a03-4650-9512-a24ad2bb6343-23456247935296","trial_id":32,"param_name":"lr","param_value_internal":1.3004857827783166e-08,"distribution":"{\"name\": \"FloatDistribution\", \"attributes\": {\"step\": null, \"low\": 1e-08, \"high\": 0.5, \"log\": true}}"}
{"op_code":5,"worker_id":"fb925486-0a03-4650-9512-a24ad2bb6343-23456247935296","trial_id":32,"param_name":"ratio","param_value_internal":0.33685721665044427,"distribution":"{\"name\": \"FloatDistribution\", \"attributes\": {\"step\": null, \"low\": 0.1, \"high\": 100.0, \"log\": true}}"}
{"op_code":6,"worker_id":"13f265ff-bc72-4488-be36-117f7383685a-23456247935296","trial_id":3,"state":1,"values":[-56.70841074807274],"datetime_complete":"2026-07-24T12:16:45.423682"}
{"op_code":0,"worker_id":"62693c65-6e27-42ea-842b-1d51d65a1985-23456247935296","study_name":"peter_rcv1_k1","directions":[2]}
{"op_code":4,"worker_id":"62693c65-6e27-42ea-842b-1d51d65a1985-23456247935296","study_id":0,"datetime_start":"2026-07-24T12:17:26.567065"}
{"op_code":5,"worker_id":"62693c65-6e27-42ea-842b-1d51d65a1985-23456247935296","trial_id":33,"param_name":"lr","param_value_internal":0.0005653118150470257,"distribution":"{\"name\": \"FloatDistribution\", \"attributes\": {\"step\": null, \"low\": 1e-08, \"high\": 0.5, \"log\": true}}"}
{"op_code":5,"worker_id":"62693c65-6e27-42ea-842b-1d51d65a1985-23456247935296","trial_id":33,"param_name":"ratio","param_value_internal":13.199121004267182,"distribution":"{\"name\": \"FloatDistribution\", \"attributes\": {\"step\": null, \"low\": 0.1, \"high\": 100.0, \"log\": true}}"}
{"op_code":6,"worker_id":"983c0394-7d49-4f73-9f62-779b8169a791-23456247935296","trial_id":10,"state":1,"values":[-56.277959487119816],"datetime_complete":"2026-07-24T12:17:46.597973"}
{"op_code":0,"worker_id":"3a741a3d-439b-49c1-897a-a39c5a969e31-23456247935296","study_name":"peter_rcv1_k1","directions":[2]}
{"op_code":4,"worker_id":"3a741a3d-439b-49c1-897a-a39c5a969e31-23456247935296","study_id":0,"datetime_start":"2026-07-24T12:20:52.870116"}
{"op_code":5,"worker_id":"3a741a3d-439b-49c1-897a-a39c5a969e31-23456247935296","trial_id":34,"param_name":"lr","param_value_internal":2.2984898782042435e-05,"distribution":"{\"name\": \"FloatDistribution\", \"attributes\": {\"step\": null, \"low\": 1e-08, \"high\": 0.5, \"log\": true}}"}
{"op_code":5,"worker_id":"3a741a3d-439b-49c1-897a-a39c5a969e31-23456247935296","trial_id":34,"param_name":"ratio","param_value_internal":9.144530323133262,"distribution":"{\"name\": \"FloatDistribution\", \"attributes\": {\"step\": null, \"low\": 0.1, \"high\": 100.0, \"log\": true}}"}
{"op_code":0,"worker_id":"9f476a86-616d-4dc4-9e2c-d6f48da161e4-23456247935296","study_name":"peter_rcv1_k1","directions":[2]}
{"op_code":4,"worker_id":"9f476a86-616d-4dc4-9e2c-d6f48da161e4-23456247935296","study_id":0,"datetime_start":"2026-07-24T12:26:09.906793"}
{"op_code":5,"worker_id":"9f476a86-616d-4dc4-9e2c-d6f48da161e4-23456247935296","trial_id":35,"param_name":"lr","param_value_internal":1.9788436810432234e-05,"distribution":"{\"name\": \"FloatDistribution\", \"attributes\": {\"step\": null, \"low\": 1e-08, \"high\": 0.5, \"log\": true}}"}
{"op_code":5,"worker_id":"9f476a86-616d-4dc4-9e2c-d6f48da161e4-23456247935296","trial_id":35,"param_name":"ratio","param_value_internal":68.38006409533448,"distribution":"{\"name\": \"FloatDistribution\", \"attributes\": {\"step\": null, \"low\": 0.1, \"high\": 100.0, \"log\": true}}"}
{"op_code":6,"worker_id":"7fbbef4f-d751-470c-a206-9561931d3f0c-23456247935296","trial_id":15,"state":1,"values":[-56.77584708470452],"datetime_complete":"2026-07-24T12:27:11.272542"}
{"op_code":6,"worker_id":"e5626019-b3dc-4c5d-b388-71382de67480-23456247935296","trial_id":27,"state":3,"values":null,"datetime_complete":"2026-07-24T12:30:28.794957"}
{"op_code":0,"worker_id":"15fee99b-6e38-4ecb-b0f8-a95dfcdb7b1f-23456247935296","study_name":"peter_rcv1_k1","directions":[2]}
{"op_code":4,"worker_id":"15fee99b-6e38-4ecb-b0f8-a95dfcdb7b1f-23456247935296","study_id":0,"datetime_start":"2026-07-24T12:31:18.113671"}
{"op_code":5,"worker_id":"15fee99b-6e38-4ecb-b0f8-a95dfcdb7b1f-23456247935296","trial_id":36,"param_name":"lr","param_value_internal":0.011109103591223973,"distribution":"{\"name\": \"FloatDistribution\", \"attributes\": {\"step\": null, \"low\": 1e-08, \"high\": 0.5, \"log\": true}}"}
{"op_code":5,"worker_id":"15fee99b-6e38-4ecb-b0f8-a95dfcdb7b1f-23456247935296","trial_id":36,"param_name":"ratio","param_value_internal":52.27184246118958,"distribution":"{\"name\": \"FloatDistribution\", \"attributes\": {\"step\": null, \"low\": 0.1, \"high\": 100.0, \"log\": true}}"}
{"op_code":6,"worker_id":"0fc8a60f-0617-4a53-bb0b-c833fd4af254-23456247935296","trial_id":18,"state":1,"values":[-56.64897101973905],"datetime_complete":"2026-07-24T12:32:34.363509"}
{"op_code":0,"worker_id":"9bb34fec-a49f-48c7-876b-f938f70089e8-23456247935296","study_name":"peter_rcv1_k1","directions":[2]}
{"op_code":4,"worker_id":"9bb34fec-a49f-48c7-876b-f938f70089e8-23456247935296","study_id":0,"datetime_start":"2026-07-24T12:35:27.075565"}
{"op_code":9,"worker_id":"9bb34fec-a49f-48c7-876b-f938f70089e8-23456247935296","trial_id":37,"system_attr":{"tpe:relative_params:0":"{\"lr\": 0.22793799448950228, \"ratio\": 0.5096907630711299}"}}
{"op_code":5,"worker_id":"9bb34fec-a49f-48c7-876b-f938f70089e8-23456247935296","trial_id":37,"param_name":"lr","param_value_internal":0.22793799448950228,"distribution":"{\"name\": \"FloatDistribution\", \"attributes\": {\"step\": null, \"low\": 1e-08, \"high\": 0.5, \"log\": true}}"}
{"op_code":5,"worker_id":"9bb34fec-a49f-48c7-876b-f938f70089e8-23456247935296","trial_id":37,"param_name":"ratio","param_value_internal":0.5096907630711299,"distribution":"{\"name\": \"FloatDistribution\", \"attributes\": {\"step\": null, \"low\": 0.1, \"high\": 100.0, \"log\": true}}"}
{"op_code":6,"worker_id":"4ec416f3-c82e-44d8-937c-7c99505e4304-23456247935296","trial_id":14,"state":1,"values":[-56.28906841975545],"datetime_complete":"2026-07-24T12:37:42.714247"}
{"op_code":0,"worker_id":"27c9f7ea-2e4a-46d2-9833-b3c2f20b149d-23456247935296","study_name":"peter_rcv1_k1","directions":[2]}
{"op_code":4,"worker_id":"27c9f7ea-2e4a-46d2-9833-b3c2f20b149d-23456247935296","study_id":0,"datetime_start":"2026-07-24T12:40:01.892192"}
{"op_code":9,"worker_id":"27c9f7ea-2e4a-46d2-9833-b3c2f20b149d-23456247935296","trial_id":38,"system_attr":{"tpe:relative_params:0":"{\"lr\": 0.00217741508707807, \"ratio\": 0.6605021479488397}"}}
{"op_code":5,"worker_id":"27c9f7ea-2e4a-46d2-9833-b3c2f20b149d-23456247935296","trial_id":38,"param_name":"lr","param_value_internal":0.00217741508707807,"distribution":"{\"name\": \"FloatDistribution\", \"attributes\": {\"step\": null, \"low\": 1e-08, \"high\": 0.5, \"log\": true}}"}
{"op_code":5,"worker_id":"27c9f7ea-2e4a-46d2-9833-b3c2f20b149d-23456247935296","trial_id":38,"param_name":"ratio","param_value_internal":0.6605021479488397,"distribution":"{\"name\": \"FloatDistribution\", \"attributes\": {\"step\": null, \"low\": 0.1, \"high\": 100.0, \"log\": true}}"}
{"op_code":6,"worker_id":"b3b408e2-aa52-4f53-a05c-2f927549ba4a-23456247935296","trial_id":17,"state":1,"values":[-56.43899024849164],"datetime_complete":"2026-07-24T12:41:21.413136"}
{"op_code":6,"worker_id":"9bb34fec-a49f-48c7-876b-f938f70089e8-23456247935296","trial_id":37,"state":3,"values":null,"datetime_complete":"2026-07-24T12:44:42.416494"}
{"op_code":0,"worker_id":"d429e262-3661-4551-aaad-d8e943e8d0d0-23456247935296","study_name":"peter_rcv1_k1","directions":[2]}
{"op_code":4,"worker_id":"d429e262-3661-4551-aaad-d8e943e8d0d0-23456247935296","study_id":0,"datetime_start":"2026-07-24T12:45:20.153699"}
{"op_code":9,"worker_id":"d429e262-3661-4551-aaad-d8e943e8d0d0-23456247935296","trial_id":39,"system_attr":{"tpe:relative_params:0":"{\"lr\": 0.1604025358035661, \"ratio\": 0.4143083473694435}"}}
{"op_code":5,"worker_id":"d429e262-3661-4551-aaad-d8e943e8d0d0-23456247935296","trial_id":39,"param_name":"lr","param_value_internal":0.1604025358035661,"distribution":"{\"name\": \"FloatDistribution\", \"attributes\": {\"step\": null, \"low\": 1e-08, \"high\": 0.5, \"log\": true}}"}
{"op_code":5,"worker_id":"d429e262-3661-4551-aaad-d8e943e8d0d0-23456247935296","trial_id":39,"param_name":"ratio","param_value_internal":0.4143083473694435,"distribution":"{\"name\": \"FloatDistribution\", \"attributes\": {\"step\": null, \"low\": 0.1, \"high\": 100.0, \"log\": true}}"}
{"op_code":0,"worker_id":"54da9708-b8d5-458f-b6e0-9a53db854609-23456247935296","study_name":"peter_rcv1_k1","directions":[2]}
{"op_code":4,"worker_id":"54da9708-b8d5-458f-b6e0-9a53db854609-23456247935296","study_id":0,"datetime_start":"2026-07-24T12:50:14.298980"}
{"op_code":9,"worker_id":"54da9708-b8d5-458f-b6e0-9a53db854609-23456247935296","trial_id":40,"system_attr":{"tpe:relative_params:0":"{\"lr\": 4.8663026653611115e-06, \"ratio\": 0.10703096159944978}"}}
{"op_code":5,"worker_id":"54da9708-b8d5-458f-b6e0-9a53db854609-23456247935296","trial_id":40,"param_name":"lr","param_value_internal":4.8663026653611115e-06,"distribution":"{\"name\": \"FloatDistribution\", \"attributes\": {\"step\": null, \"low\": 1e-08, \"high\": 0.5, \"log\": true}}"}
{"op_code":5,"worker_id":"54da9708-b8d5-458f-b6e0-9a53db854609-23456247935296","trial_id":40,"param_name":"ratio","param_value_internal":0.10703096159944978,"distribution":"{\"name\": \"FloatDistribution\", \"attributes\": {\"step\": null, \"low\": 0.1, \"high\": 100.0, \"log\": true}}"}
{"op_code":6,"worker_id":"9c91afe7-15e4-4f25-aeab-9b696b080788-23456247935296","trial_id":20,"state":1,"values":[-56.181233536115265],"datetime_complete":"2026-07-24T12:51:14.495201"}
{"op_code":0,"worker_id":"aaa857b1-b10d-45c1-83b9-8c06f77ea50c-23456247935296","study_name":"peter_rcv1_k1","directions":[2]}
{"op_code":4,"worker_id":"aaa857b1-b10d-45c1-83b9-8c06f77ea50c-23456247935296","study_id":0,"datetime_start":"2026-07-24T12:54:35.081949"}
{"op_code":9,"worker_id":"aaa857b1-b10d-45c1-83b9-8c06f77ea50c-23456247935296","trial_id":41,"system_attr":{"tpe:relative_params:0":"{\"lr\": 0.004135214742330334, \"ratio\": 1.0987474759779872}"}}
{"op_code":5,"worker_id":"aaa857b1-b10d-45c1-83b9-8c06f77ea50c-23456247935296","trial_id":41,"param_name":"lr","param_value_internal":0.004135214742330334,"distribution":"{\"name\": \"FloatDistribution\", \"attributes\": {\"step\": null, \"low\": 1e-08, \"high\": 0.5, \"log\": true}}"}
{"op_code":5,"worker_id":"aaa857b1-b10d-45c1-83b9-8c06f77ea50c-23456247935296","trial_id":41,"param_name":"ratio","param_value_internal":1.0987474759779872,"distribution":"{\"name\": \"FloatDistribution\", \"attributes\": {\"step\": null, \"low\": 0.1, \"high\": 100.0, \"log\": true}}"}
{"op_code":6,"worker_id":"7cf78aa2-d259-4943-b007-c8d4031195ee-23456247935296","trial_id":16,"state":1,"values":[-57.210434818681726],"datetime_complete":"2026-07-24T12:58:02.515985"}
{"op_code":6,"worker_id":"7a089c53-92a8-4588-84b2-844717266579-23456247935296","trial_id":12,"state":1,"values":[-56.77868076440142],"datetime_complete":"2026-07-24T12:58:11.967782"}
{"op_code":0,"worker_id":"6376bf59-caea-4244-b749-d5aded5a2472-23456247935296","study_name":"peter_rcv1_k1","directions":[2]}
{"op_code":4,"worker_id":"6376bf59-caea-4244-b749-d5aded5a2472-23456247935296","study_id":0,"datetime_start":"2026-07-24T12:58:51.891758"}
{"op_code":9,"worker_id":"6376bf59-caea-4244-b749-d5aded5a2472-23456247935296","trial_id":42,"system_attr":{"tpe:relative_params:0":"{\"lr\": 0.25452562985634447, \"ratio\": 0.1000596894063865}"}}
{"op_code":5,"worker_id":"6376bf59-caea-4244-b749-d5aded5a2472-23456247935296","trial_id":42,"param_name":"lr","param_value_internal":0.25452562985634447,"distribution":"{\"name\": \"FloatDistribution\", \"attributes\": {\"step\": null, \"low\": 1e-08, \"high\": 0.5, \"log\": true}}"}
{"op_code":5,"worker_id":"6376bf59-caea-4244-b749-d5aded5a2472-23456247935296","trial_id":42,"param_name":"ratio","param_value_internal":0.1000596894063865,"distribution":"{\"name\": \"FloatDistribution\", \"attributes\": {\"step\": null, \"low\": 0.1, \"high\": 100.0, \"log\": true}}"}
{"op_code":6,"worker_id":"1278c4fa-c8b9-40b8-b620-79e48008b178-23456247935296","trial_id":21,"state":1,"values":[-56.77778747085817],"datetime_complete":"2026-07-24T13:00:41.998256"}
{"op_code":0,"worker_id":"b949c51c-c35e-4af8-a461-6c340c55df7c-23456247935296","study_name":"peter_rcv1_k1","directions":[2]}
{"op_code":4,"worker_id":"b949c51c-c35e-4af8-a461-6c340c55df7c-23456247935296","study_id":0,"datetime_start":"2026-07-24T13:03:05.918890"}
{"op_code":9,"worker_id":"b949c51c-c35e-4af8-a461-6c340c55df7c-23456247935296","trial_id":43,"system_attr":{"tpe:relative_params:0":"{\"lr\": 0.39685319997199164, \"ratio\": 0.4677276007742261}"}}
{"op_code":5,"worker_id":"b949c51c-c35e-4af8-a461-6c340c55df7c-23456247935296","trial_id":43,"param_name":"lr","param_value_internal":0.39685319997199164,"distribution":"{\"name\": \"FloatDistribution\", \"attributes\": {\"step\": null, \"low\": 1e-08, \"high\": 0.5, \"log\": true}}"}
{"op_code":5,"worker_id":"b949c51c-c35e-4af8-a461-6c340c55df7c-23456247935296","trial_id":43,"param_name":"ratio","param_value_internal":0.4677276007742261,"distribution":"{\"name\": \"FloatDistribution\", \"attributes\": {\"step\": null, \"low\": 0.1, \"high\": 100.0, \"log\": true}}"}
{"op_code":6,"worker_id":"6376bf59-caea-4244-b749-d5aded5a2472-23456247935296","trial_id":42,"state":3,"values":null,"datetime_complete":"2026-07-24T13:06:12.415376"}
{"op_code":0,"worker_id":"b58f9103-6b56-4cf0-9212-7718ce00ea5e-23456247935296","study_name":"peter_rcv1_k1","directions":[2]}
{"op_code":4,"worker_id":"b58f9103-6b56-4cf0-9212-7718ce00ea5e-23456247935296","study_id":0,"datetime_start":"2026-07-24T13:07:46.251962"}
{"op_code":9,"worker_id":"b58f9103-6b56-4cf0-9212-7718ce00ea5e-23456247935296","trial_id":44,"system_attr":{"tpe:relative_params:0":"{\"lr\": 0.0006007205137032367, \"ratio\": 38.67340167028011}"}}
{"op_code":5,"worker_id":"b58f9103-6b56-4cf0-9212-7718ce00ea5e-23456247935296","trial_id":44,"param_name":"lr","param_value_internal":0.0006007205137032367,"distribution":"{\"name\": \"FloatDistribution\", \"attributes\": {\"step\": null, \"low\": 1e-08, \"high\": 0.5, \"log\": true}}"}
{"op_code":5,"worker_id":"b58f9103-6b56-4cf0-9212-7718ce00ea5e-23456247935296","trial_id":44,"param_name":"ratio","param_value_internal":38.67340167028011,"distribution":"{\"name\": \"FloatDistribution\", \"attributes\": {\"step\": null, \"low\": 0.1, \"high\": 100.0, \"log\": true}}"}
{"op_code":6,"worker_id":"b949c51c-c35e-4af8-a461-6c340c55df7c-23456247935296","trial_id":43,"state":3,"values":null,"datetime_complete":"2026-07-24T13:09:33.266051"}
{"op_code":6,"worker_id":"67d791e4-b1ec-4691-abca-840f8cb31178-23456247935296","trial_id":13,"state":1,"values":[-56.20067314179963],"datetime_complete":"2026-07-24T13:11:05.499658"}
{"op_code":0,"worker_id":"b3177d05-3802-4dd8-b174-dc83b2faca95-23456247935296","study_name":"peter_rcv1_k1","directions":[2]}
{"op_code":4,"worker_id":"b3177d05-3802-4dd8-b174-dc83b2faca95-23456247935296","study_id":0,"datetime_start":"2026-07-24T13:12:16.631245"}
{"op_code":9,"worker_id":"b3177d05-3802-4dd8-b174-dc83b2faca95-23456247935296","trial_id":45,"system_attr":{"tpe:relative_params:0":"{\"lr\": 0.0002857633416233145, \"ratio\": 0.20957816508881813}"}}
{"op_code":5,"worker_id":"b3177d05-3802-4dd8-b174-dc83b2faca95-23456247935296","trial_id":45,"param_name":"lr","param_value_internal":0.0002857633416233145,"distribution":"{\"name\": \"FloatDistribution\", \"attributes\": {\"step\": null, \"low\": 1e-08, \"high\": 0.5, \"log\": true}}"}
{"op_code":5,"worker_id":"b3177d05-3802-4dd8-b174-dc83b2faca95-23456247935296","trial_id":45,"param_name":"ratio","param_value_internal":0.20957816508881813,"distribution":"{\"name\": \"FloatDistribution\", \"attributes\": {\"step\": null, \"low\": 0.1, \"high\": 100.0, \"log\": true}}"}
{"op_code":6,"worker_id":"195dfcbc-98a1-4b27-ad31-4c80e3a1d5a8-23456247935296","trial_id":25,"state":1,"values":[-56.7778749234641],"datetime_complete":"2026-07-24T13:16:27.137023"}
{"op_code":0,"worker_id":"f59055cc-420f-4f7f-a9f9-82651818d0a1-23456247935296","study_name":"peter_rcv1_k1","directions":[2]}
{"op_code":4,"worker_id":"f59055cc-420f-4f7f-a9f9-82651818d0a1-23456247935296","study_id":0,"datetime_start":"2026-07-24T13:16:52.557511"}
{"op_code":9,"worker_id":"f59055cc-420f-4f7f-a9f9-82651818d0a1-23456247935296","trial_id":46,"system_attr":{"tpe:relative_params:0":"{\"lr\": 0.0006355510252638363, \"ratio\": 0.1022142213400891}"}}
{"op_code":5,"worker_id":"f59055cc-420f-4f7f-a9f9-82651818d0a1-23456247935296","trial_id":46,"param_name":"lr","param_value_internal":0.0006355510252638363,"distribution":"{\"name\": \"FloatDistribution\", \"attributes\": {\"step\": null, \"low\": 1e-08, \"high\": 0.5, \"log\": true}}"}
{"op_code":5,"worker_id":"f59055cc-420f-4f7f-a9f9-82651818d0a1-23456247935296","trial_id":46,"param_name":"ratio","param_value_internal":0.1022142213400891,"distribution":"{\"name\": \"FloatDistribution\", \"attributes\": {\"step\": null, \"low\": 0.1, \"high\": 100.0, \"log\": true}}"}
{"op_code":0,"worker_id":"5d956c09-d83a-4502-a7f9-e565bd286d6d-23456247935296","study_name":"peter_rcv1_k1","directions":[2]}
{"op_code":4,"worker_id":"5d956c09-d83a-4502-a7f9-e565bd286d6d-23456247935296","study_id":0,"datetime_start":"2026-07-24T13:20:11.748610"}
{"op_code":9,"worker_id":"5d956c09-d83a-4502-a7f9-e565bd286d6d-23456247935296","trial_id":47,"system_attr":{"tpe:relative_params:0":"{\"lr\": 0.3186524051381689, \"ratio\": 0.3768875500122475}"}}
{"op_code":5,"worker_id":"5d956c09-d83a-4502-a7f9-e565bd286d6d-23456247935296","trial_id":47,"param_name":"lr","param_value_internal":0.3186524051381689,"distribution":"{\"name\": \"FloatDistribution\", \"attributes\": {\"step\": null, \"low\": 1e-08, \"high\": 0.5, \"log\": true}}"}
{"op_code":5,"worker_id":"5d956c09-d83a-4502-a7f9-e565bd286d6d-23456247935296","trial_id":47,"param_name":"ratio","param_value_internal":0.3768875500122475,"distribution":"{\"name\": \"FloatDistribution\", \"attributes\": {\"step\": null, \"low\": 0.1, \"high\": 100.0, \"log\": true}}"}
{"op_code":0,"worker_id":"efc4172d-a5db-4a4d-9e01-362c8c9c578b-23456247935296","study_name":"peter_rcv1_k1","directions":[2]}
{"op_code":4,"worker_id":"efc4172d-a5db-4a4d-9e01-362c8c9c578b-23456247935296","study_id":0,"datetime_start":"2026-07-24T13:23:07.089379"}
{"op_code":9,"worker_id":"efc4172d-a5db-4a4d-9e01-362c8c9c578b-23456247935296","trial_id":48,"system_attr":{"tpe:relative_params:0":"{\"lr\": 0.074171143748981, \"ratio\": 0.15941601997082036}"}}
{"op_code":5,"worker_id":"efc4172d-a5db-4a4d-9e01-362c8c9c578b-23456247935296","trial_id":48,"param_name":"lr","param_value_internal":0.074171143748981,"distribution":"{\"name\": \"FloatDistribution\", \"attributes\": {\"step\": null, \"low\": 1e-08, \"high\": 0.5, \"log\": true}}"}
{"op_code":5,"worker_id":"efc4172d-a5db-4a4d-9e01-362c8c9c578b-23456247935296","trial_id":48,"param_name":"ratio","param_value_internal":0.15941601997082036,"distribution":"{\"name\": \"FloatDistribution\", \"attributes\": {\"step\": null, \"low\": 0.1, \"high\": 100.0, \"log\": true}}"}
{"op_code":0,"worker_id":"897bf295-5aa4-4f74-805a-15944edf3678-23456247935296","study_name":"peter_rcv1_k1","directions":[2]}
{"op_code":4,"worker_id":"897bf295-5aa4-4f74-805a-15944edf3678-23456247935296","study_id":0,"datetime_start":"2026-07-24T13:25:58.552420"}
{"op_code":9,"worker_id":"897bf295-5aa4-4f74-805a-15944edf3678-23456247935296","trial_id":49,"system_attr":{"tpe:relative_params:0":"{\"lr\": 0.4872159725194352, \"ratio\": 0.10874898511687786}"}}
{"op_code":5,"worker_id":"897bf295-5aa4-4f74-805a-15944edf3678-23456247935296","trial_id":49,"param_name":"lr","param_value_internal":0.4872159725194352,"distribution":"{\"name\": \"FloatDistribution\", \"attributes\": {\"step\": null, \"low\": 1e-08, \"high\": 0.5, \"log\": true}}"}
{"op_code":5,"worker_id":"897bf295-5aa4-4f74-805a-15944edf3678-23456247935296","trial_id":49,"param_name":"ratio","param_value_internal":0.10874898511687786,"distribution":"{\"name\": \"FloatDistribution\", \"attributes\": {\"step\": null, \"low\": 0.1, \"high\": 100.0, \"log\": true}}"}
{"op_code":6,"worker_id":"5d956c09-d83a-4502-a7f9-e565bd286d6d-23456247935296","trial_id":47,"state":3,"values":null,"datetime_complete":"2026-07-24T13:26:20.486063"}
{"op_code":6,"worker_id":"ad64c12b-d54b-4697-a1ec-2df8f930640a-23456247935296","trial_id":23,"state":1,"values":[-56.30703388769636],"datetime_complete":"2026-07-24T13:27:38.608731"}
{"op_code":6,"worker_id":"dbce73fd-32ec-4161-a4c1-67f20d645291-23456247935296","trial_id":30,"state":1,"values":[-56.7778360898523],"datetime_complete":"2026-07-24T13:29:32.208182"}
{"op_code":0,"worker_id":"c02f3b38-2a39-4953-ad4b-20dc9709ecf3-23456247935296","study_name":"peter_rcv1_k1","directions":[2]}
{"op_code":4,"worker_id":"c02f3b38-2a39-4953-ad4b-20dc9709ecf3-23456247935296","study_id":0,"datetime_start":"2026-07-24T13:29:33.208725"}
{"op_code":9,"worker_id":"c02f3b38-2a39-4953-ad4b-20dc9709ecf3-23456247935296","trial_id":50,"system_attr":{"tpe:relative_params:0":"{\"lr\": 0.001689701534516965, \"ratio\": 0.43617473932520373}"}}
{"op_code":5,"worker_id":"c02f3b38-2a39-4953-ad4b-20dc9709ecf3-23456247935296","trial_id":50,"param_name":"lr","param_value_internal":0.001689701534516965,"distribution":"{\"name\": \"FloatDistribution\", \"attributes\": {\"step\": null, \"low\": 1e-08, \"high\": 0.5, \"log\": true}}"}
{"op_code":5,"worker_id":"c02f3b38-2a39-4953-ad4b-20dc9709ecf3-23456247935296","trial_id":50,"param_name":"ratio","param_value_internal":0.43617473932520373,"distribution":"{\"name\": \"FloatDistribution\", \"attributes\": {\"step\": null, \"low\": 0.1, \"high\": 100.0, \"log\": true}}"}
{"op_code":6,"worker_id":"546d54b9-6155-404c-88c5-ef5e8a865982-23456247935296","trial_id":5,"state":1,"values":[-56.77772575538125],"datetime_complete":"2026-07-24T13:30:36.109817"}
{"op_code":0,"worker_id":"6a367c24-02ed-45cf-bd94-e0a4d78e70d4-23456247935296","study_name":"peter_rcv1_k1","directions":[2]}
{"op_code":4,"worker_id":"6a367c24-02ed-45cf-bd94-e0a4d78e70d4-23456247935296","study_id":0,"datetime_start":"2026-07-24T13:33:10.449033"}
{"op_code":9,"worker_id":"6a367c24-02ed-45cf-bd94-e0a4d78e70d4-23456247935296","trial_id":51,"system_attr":{"tpe:relative_params:0":"{\"lr\": 0.006450378097677637, \"ratio\": 0.1684346376364371}"}}
{"op_code":5,"worker_id":"6a367c24-02ed-45cf-bd94-e0a4d78e70d4-23456247935296","trial_id":51,"param_name":"lr","param_value_internal":0.006450378097677637,"distribution":"{\"name\": \"FloatDistribution\", \"attributes\": {\"step\": null, \"low\": 1e-08, \"high\": 0.5, \"log\": true}}"}
{"op_code":5,"worker_id":"6a367c24-02ed-45cf-bd94-e0a4d78e70d4-23456247935296","trial_id":51,"param_name":"ratio","param_value_internal":0.1684346376364371,"distribution":"{\"name\": \"FloatDistribution\", \"attributes\": {\"step\": null, \"low\": 0.1, \"high\": 100.0, \"log\": true}}"}
{"op_code":6,"worker_id":"33b10cf5-2c8f-459f-b64d-bc0ec5b5a5d2-23456247935296","trial_id":26,"state":1,"values":[-56.78675311735507],"datetime_complete":"2026-07-24T13:33:37.952021"}
{"op_code":6,"worker_id":"897bf295-5aa4-4f74-805a-15944edf3678-23456247935296","trial_id":49,"state":3,"values":null,"datetime_complete":"2026-07-24T13:34:25.296278"}
{"op_code":0,"worker_id":"748de711-3c86-46b0-b264-7fbfb808ac01-23456247935296","study_name":"peter_rcv1_k1","directions":[2]}
{"op_code":4,"worker_id":"748de711-3c86-46b0-b264-7fbfb808ac01-23456247935296","study_id":0,"datetime_start":"2026-07-24T13:36:15.316235"}
{"op_code":9,"worker_id":"748de711-3c86-46b0-b264-7fbfb808ac01-23456247935296","trial_id":52,"system_attr":{"tpe:relative_params:0":"{\"lr\": 0.47115334793841807, \"ratio\": 0.5872025454027653}"}}
{"op_code":5,"worker_id":"748de711-3c86-46b0-b264-7fbfb808ac01-23456247935296","trial_id":52,"param_name":"lr","param_value_internal":0.47115334793841807,"distribution":"{\"name\": \"FloatDistribution\", \"attributes\": {\"step\": null, \"low\": 1e-08, \"high\": 0.5, \"log\": true}}"}
{"op_code":5,"worker_id":"748de711-3c86-46b0-b264-7fbfb808ac01-23456247935296","trial_id":52,"param_name":"ratio","param_value_internal":0.5872025454027653,"distribution":"{\"name\": \"FloatDistribution\", \"attributes\": {\"step\": null, \"low\": 0.1, \"high\": 100.0, \"log\": true}}"}
{"op_code":6,"worker_id":"57ffe696-df4a-4776-81da-c0db7783dc98-23456247935296","trial_id":31,"state":1,"values":[-56.77915804826372],"datetime_complete":"2026-07-24T13:36:30.998712"}
{"op_code":6,"worker_id":"748de711-3c86-46b0-b264-7fbfb808ac01-23456247935296","trial_id":52,"state":3,"values":null,"datetime_complete":"2026-07-24T13:40:59.260643"}
{"op_code":6,"worker_id":"b27893a8-fd4d-4783-ab67-f4e4eed90f08-23456247935296","trial_id":29,"state":1,"values":[-56.777760685254556],"datetime_complete":"2026-07-24T13:42:39.642648"}
{"op_code":0,"worker_id":"41bc3226-7db4-4832-83d4-d5d9e4eb3bda-23456247935296","study_name":"peter_rcv1_k1","directions":[2]}
{"op_code":0,"worker_id":"9906d9c9-0b97-4e4e-9b0e-efb161b7c301-23456247935296","study_name":"peter_rcv1_k1","directions":[2]}
{"op_code":0,"worker_id":"7426f6b1-86dd-405f-949b-650ce05cf4ef-23456247935296","study_name":"peter_rcv1_k1","directions":[2]}
{"op_code":0,"worker_id":"ada350b1-05d8-4203-bc84-36a9f0c4b836-23456247935296","study_name":"peter_rcv1_k1","directions":[2]}
{"op_code":4,"worker_id":"7426f6b1-86dd-405f-949b-650ce05cf4ef-23456247935296","study_id":0,"datetime_start":"2026-07-24T13:45:20.325557"}
{"op_code":4,"worker_id":"ada350b1-05d8-4203-bc84-36a9f0c4b836-23456247935296","study_id":0,"datetime_start":"2026-07-24T13:45:20.326269"}
{"op_code":9,"worker_id":"7426f6b1-86dd-405f-949b-650ce05cf4ef-23456247935296","trial_id":53,"system_attr":{"tpe:relative_params:0":"{\"lr\": 0.18755336110653478, \"ratio\": 0.34050081777958324}"}}
{"op_code":5,"worker_id":"7426f6b1-86dd-405f-949b-650ce05cf4ef-23456247935296","trial_id":53,"param_name":"lr","param_value_internal":0.18755336110653478,"distribution":"{\"name\": \"FloatDistribution\", \"attributes\": {\"step\": null, \"low\": 1e-08, \"high\": 0.5, \"log\": true}}"}
{"op_code":9,"worker_id":"ada350b1-05d8-4203-bc84-36a9f0c4b836-23456247935296","trial_id":54,"system_attr":{"tpe:relative_params:0":"{\"lr\": 0.28965448980527386, \"ratio\": 0.56838058465904}"}}
{"op_code":5,"worker_id":"ada350b1-05d8-4203-bc84-36a9f0c4b836-23456247935296","trial_id":54,"param_name":"lr","param_value_internal":0.28965448980527386,"distribution":"{\"name\": \"FloatDistribution\", \"attributes\": {\"step\": null, \"low\": 1e-08, \"high\": 0.5, \"log\": true}}"}
{"op_code":5,"worker_id":"ada350b1-05d8-4203-bc84-36a9f0c4b836-23456247935296","trial_id":54,"param_name":"ratio","param_value_internal":0.56838058465904,"distribution":"{\"name\": \"FloatDistribution\", \"attributes\": {\"step\": null, \"low\": 0.1, \"high\": 100.0, \"log\": true}}"}
{"op_code":5,"worker_id":"7426f6b1-86dd-405f-949b-650ce05cf4ef-23456247935296","trial_id":53,"param_name":"ratio","param_value_internal":0.34050081777958324,"distribution":"{\"name\": \"FloatDistribution\", \"attributes\": {\"step\": null, \"low\": 0.1, \"high\": 100.0, \"log\": true}}"}
{"op_code":0,"worker_id":"6ff54973-316d-432b-b473-10d91ba89a46-23456247935296","study_name":"peter_rcv1_k1","directions":[2]}
{"op_code":4,"worker_id":"6ff54973-316d-432b-b473-10d91ba89a46-23456247935296","study_id":0,"datetime_start":"2026-07-24T13:45:20.961910"}
{"op_code":9,"worker_id":"6ff54973-316d-432b-b473-10d91ba89a46-23456247935296","trial_id":55,"system_attr":{"tpe:relative_params:0":"{\"lr\": 0.00012900648989759092, \"ratio\": 0.4208997138580536}"}}
{"op_code":5,"worker_id":"6ff54973-316d-432b-b473-10d91ba89a46-23456247935296","trial_id":55,"param_name":"lr","param_value_internal":0.00012900648989759092,"distribution":"{\"name\": \"FloatDistribution\", \"attributes\": {\"step\": null, \"low\": 1e-08, \"high\": 0.5, \"log\": true}}"}
{"op_code":5,"worker_id":"6ff54973-316d-432b-b473-10d91ba89a46-23456247935296","trial_id":55,"param_name":"ratio","param_value_internal":0.4208997138580536,"distribution":"{\"name\": \"FloatDistribution\", \"attributes\": {\"step\": null, \"low\": 0.1, \"high\": 100.0, \"log\": true}}"}
{"op_code":0,"worker_id":"19cfe008-4cf5-43ca-81fc-b06ff57a3e3e-23456247935296","study_name":"peter_rcv1_k1","directions":[2]}
{"op_code":4,"worker_id":"19cfe008-4cf5-43ca-81fc-b06ff57a3e3e-23456247935296","study_id":0,"datetime_start":"2026-07-24T13:45:21.578590"}
{"op_code":4,"worker_id":"9906d9c9-0b97-4e4e-9b0e-efb161b7c301-23456247935296","study_id":0,"datetime_start":"2026-07-24T13:45:20.182849"}
{"op_code":9,"worker_id":"19cfe008-4cf5-43ca-81fc-b06ff57a3e3e-23456247935296","trial_id":56,"system_attr":{"tpe:relative_params:0":"{\"lr\": 0.12602405543370812, \"ratio\": 0.11757395773234863}"}}
{"op_code":5,"worker_id":"19cfe008-4cf5-43ca-81fc-b06ff57a3e3e-23456247935296","trial_id":56,"param_name":"lr","param_value_internal":0.12602405543370812,"distribution":"{\"name\": \"FloatDistribution\", \"attributes\": {\"step\": null, \"low\": 1e-08, \"high\": 0.5, \"log\": true}}"}
{"op_code":5,"worker_id":"19cfe008-4cf5-43ca-81fc-b06ff57a3e3e-23456247935296","trial_id":56,"param_name":"ratio","param_value_internal":0.11757395773234863,"distribution":"{\"name\": \"FloatDistribution\", \"attributes\": {\"step\": null, \"low\": 0.1, \"high\": 100.0, \"log\": true}}"}
{"op_code":9,"worker_id":"9906d9c9-0b97-4e4e-9b0e-efb161b7c301-23456247935296","trial_id":57,"system_attr":{"tpe:relative_params:0":"{\"lr\": 0.02072580711436901, \"ratio\": 0.22723960083774034}"}}
{"op_code":5,"worker_id":"9906d9c9-0b97-4e4e-9b0e-efb161b7c301-23456247935296","trial_id":57,"param_name":"lr","param_value_internal":0.02072580711436901,"distribution":"{\"name\": \"FloatDistribution\", \"attributes\": {\"step\": null, \"low\": 1e-08, \"high\": 0.5, \"log\": true}}"}
{"op_code":5,"worker_id":"9906d9c9-0b97-4e4e-9b0e-efb161b7c301-23456247935296","trial_id":57,"param_name":"ratio","param_value_internal":0.22723960083774034,"distribution":"{\"name\": \"FloatDistribution\", \"attributes\": {\"step\": null, \"low\": 0.1, \"high\": 100.0, \"log\": true}}"}
{"op_code":0,"worker_id":"a03f7c24-f5f2-4119-847f-0bb7407a8a59-23456247935296","study_name":"peter_rcv1_k1","directions":[2]}
{"op_code":4,"worker_id":"a03f7c24-f5f2-4119-847f-0bb7407a8a59-23456247935296","study_id":0,"datetime_start":"2026-07-24T13:45:22.666549"}
{"op_code":9,"worker_id":"a03f7c24-f5f2-4119-847f-0bb7407a8a59-23456247935296","trial_id":58,"system_attr":{"tpe:relative_params:0":"{\"lr\": 0.0026148535016784318, \"ratio\": 0.10046524417274007}"}}
{"op_code":5,"worker_id":"a03f7c24-f5f2-4119-847f-0bb7407a8a59-23456247935296","trial_id":58,"param_name":"lr","param_value_internal":0.0026148535016784318,"distribution":"{\"name\": \"FloatDistribution\", \"attributes\": {\"step\": null, \"low\": 1e-08, \"high\": 0.5, \"log\": true}}"}
{"op_code":5,"worker_id":"a03f7c24-f5f2-4119-847f-0bb7407a8a59-23456247935296","trial_id":58,"param_name":"ratio","param_value_internal":0.10046524417274007,"distribution":"{\"name\": \"FloatDistribution\", \"attributes\": {\"step\": null, \"low\": 0.1, \"high\": 100.0, \"log\": true}}"}
{"op_code":0,"worker_id":"dcba217f-88ec-4b83-a6b7-ede31adc46db-23456247935296","study_name":"peter_rcv1_k1","directions":[2]}
{"op_code":0,"worker_id":"5bae76a1-7b1e-4e78-ab5c-b338c0f33e2c-23456247935296","study_name":"peter_rcv1_k1","directions":[2]}
{"op_code":4,"worker_id":"dcba217f-88ec-4b83-a6b7-ede31adc46db-23456247935296","study_id":0,"datetime_start":"2026-07-24T13:45:23.633699"}
{"op_code":4,"worker_id":"5bae76a1-7b1e-4e78-ab5c-b338c0f33e2c-23456247935296","study_id":0,"datetime_start":"2026-07-24T13:45:23.689928"}
{"op_code":9,"worker_id":"dcba217f-88ec-4b83-a6b7-ede31adc46db-23456247935296","trial_id":59,"system_attr":{"tpe:relative_params:0":"{\"lr\": 3.141585736295387e-05, \"ratio\": 33.899765856398794}"}}
{"op_code":5,"worker_id":"dcba217f-88ec-4b83-a6b7-ede31adc46db-23456247935296","trial_id":59,"param_name":"lr","param_value_internal":3.141585736295387e-05,"distribution":"{\"name\": \"FloatDistribution\", \"attributes\": {\"step\": null, \"low\": 1e-08, \"high\": 0.5, \"log\": true}}"}
{"op_code":5,"worker_id":"dcba217f-88ec-4b83-a6b7-ede31adc46db-23456247935296","trial_id":59,"param_name":"ratio","param_value_internal":33.899765856398794,"distribution":"{\"name\": \"FloatDistribution\", \"attributes\": {\"step\": null, \"low\": 0.1, \"high\": 100.0, \"log\": true}}"}
{"op_code":9,"worker_id":"5bae76a1-7b1e-4e78-ab5c-b338c0f33e2c-23456247935296","trial_id":60,"system_attr":{"tpe:relative_params:0":"{\"lr\": 0.0003025531185299118, \"ratio\": 43.67734184475535}"}}
{"op_code":5,"worker_id":"5bae76a1-7b1e-4e78-ab5c-b338c0f33e2c-23456247935296","trial_id":60,"param_name":"lr","param_value_internal":0.0003025531185299118,"distribution":"{\"name\": \"FloatDistribution\", \"attributes\": {\"step\": null, \"low\": 1e-08, \"high\": 0.5, \"log\": true}}"}
{"op_code":5,"worker_id":"5bae76a1-7b1e-4e78-ab5c-b338c0f33e2c-23456247935296","trial_id":60,"param_name":"ratio","param_value_internal":43.67734184475535,"distribution":"{\"name\": \"FloatDistribution\", \"attributes\": {\"step\": null, \"low\": 0.1, \"high\": 100.0, \"log\": true}}"}
{"op_code":0,"worker_id":"9faf1821-b402-4b21-bed4-5d77f6d121cd-23456247935296","study_name":"peter_rcv1_k1","directions":[2]}
{"op_code":0,"worker_id":"909ac50e-6b64-4bff-8b57-57de730493be-23456247935296","study_name":"peter_rcv1_k1","directions":[2]}
{"op_code":4,"worker_id":"9faf1821-b402-4b21-bed4-5d77f6d121cd-23456247935296","study_id":0,"datetime_start":"2026-07-24T13:45:24.683963"}
{"op_code":4,"worker_id":"909ac50e-6b64-4bff-8b57-57de730493be-23456247935296","study_id":0,"datetime_start":"2026-07-24T13:45:24.714859"}
{"op_code":9,"worker_id":"9faf1821-b402-4b21-bed4-5d77f6d121cd-23456247935296","trial_id":61,"system_attr":{"tpe:relative_params:0":"{\"lr\": 0.006484604841823446, \"ratio\": 0.6278354156881104}"}}
{"op_code":5,"worker_id":"9faf1821-b402-4b21-bed4-5d77f6d121cd-23456247935296","trial_id":61,"param_name":"lr","param_value_internal":0.006484604841823446,"distribution":"{\"name\": \"FloatDistribution\", \"attributes\": {\"step\": null, \"low\": 1e-08, \"high\": 0.5, \"log\": true}}"}
{"op_code":5,"worker_id":"9faf1821-b402-4b21-bed4-5d77f6d121cd-23456247935296","trial_id":61,"param_name":"ratio","param_value_internal":0.6278354156881104,"distribution":"{\"name\": \"FloatDistribution\", \"attributes\": {\"step\": null, \"low\": 0.1, \"high\": 100.0, \"log\": true}}"}
{"op_code":9,"worker_id":"909ac50e-6b64-4bff-8b57-57de730493be-23456247935296","trial_id":62,"system_attr":{"tpe:relative_params:0":"{\"lr\": 0.005109184060577399, \"ratio\": 0.8488512102122868}"}}
{"op_code":5,"worker_id":"909ac50e-6b64-4bff-8b57-57de730493be-23456247935296","trial_id":62,"param_name":"lr","param_value_internal":0.005109184060577399,"distribution":"{\"name\": \"FloatDistribution\", \"attributes\": {\"step\": null, \"low\": 1e-08, \"high\": 0.5, \"log\": true}}"}
{"op_code":5,"worker_id":"909ac50e-6b64-4bff-8b57-57de730493be-23456247935296","trial_id":62,"param_name":"ratio","param_value_internal":0.8488512102122868,"distribution":"{\"name\": \"FloatDistribution\", \"attributes\": {\"step\": null, \"low\": 0.1, \"high\": 100.0, \"log\": true}}"}
{"op_code":0,"worker_id":"06e02cd9-088d-4629-8654-cd0e3ac97cb9-23456247935296","study_name":"peter_rcv1_k1","directions":[2]}
{"op_code":4,"worker_id":"06e02cd9-088d-4629-8654-cd0e3ac97cb9-23456247935296","study_id":0,"datetime_start":"2026-07-24T13:45:25.719174"}
{"op_code":9,"worker_id":"06e02cd9-088d-4629-8654-cd0e3ac97cb9-23456247935296","trial_id":63,"system_attr":{"tpe:relative_params:0":"{\"lr\": 0.004800497760691738, \"ratio\": 82.40428359950445}"}}
{"op_code":5,"worker_id":"06e02cd9-088d-4629-8654-cd0e3ac97cb9-23456247935296","trial_id":63,"param_name":"lr","param_value_internal":0.004800497760691738,"distribution":"{\"name\": \"FloatDistribution\", \"attributes\": {\"step\": null, \"low\": 1e-08, \"high\": 0.5, \"log\": true}}"}
{"op_code":5,"worker_id":"06e02cd9-088d-4629-8654-cd0e3ac97cb9-23456247935296","trial_id":63,"param_name":"ratio","param_value_internal":82.40428359950445,"distribution":"{\"name\": \"FloatDistribution\", \"attributes\": {\"step\": null, \"low\": 0.1, \"high\": 100.0, \"log\": true}}"}
{"op_code":0,"worker_id":"a9739849-b443-454e-9bd9-687caa17f222-23456247935296","study_name":"peter_rcv1_k1","directions":[2]}
{"op_code":4,"worker_id":"a9739849-b443-454e-9bd9-687caa17f222-23456247935296","study_id":0,"datetime_start":"2026-07-24T13:45:26.791364"}
{"op_code":9,"worker_id":"a9739849-b443-454e-9bd9-687caa17f222-23456247935296","trial_id":64,"system_attr":{"tpe:relative_params:0":"{\"lr\": 5.713511036197585e-07, \"ratio\": 25.298156371223897}"}}
{"op_code":5,"worker_id":"a9739849-b443-454e-9bd9-687caa17f222-23456247935296","trial_id":64,"param_name":"lr","param_value_internal":5.713511036197585e-07,"distribution":"{\"name\": \"FloatDistribution\", \"attributes\": {\"step\": null, \"low\": 1e-08, \"high\": 0.5, \"log\": true}}"}
{"op_code":5,"worker_id":"a9739849-b443-454e-9bd9-687caa17f222-23456247935296","trial_id":64,"param_name":"ratio","param_value_internal":25.298156371223897,"distribution":"{\"name\": \"FloatDistribution\", \"attributes\": {\"step\": null, \"low\": 0.1, \"high\": 100.0, \"log\": true}}"}
{"op_code":0,"worker_id":"7a48ce22-7e4d-4c8d-b1a6-2ab674877c8a-23456247935296","study_name":"peter_rcv1_k1","directions":[2]}
{"op_code":4,"worker_id":"7a48ce22-7e4d-4c8d-b1a6-2ab674877c8a-23456247935296","study_id":0,"datetime_start":"2026-07-24T13:45:27.860893"}
{"op_code":9,"worker_id":"7a48ce22-7e4d-4c8d-b1a6-2ab674877c8a-23456247935296","trial_id":65,"system_attr":{"tpe:relative_params:0":"{\"lr\": 5.223578269633881e-05, \"ratio\": 2.0579173535569386}"}}
{"op_code":5,"worker_id":"7a48ce22-7e4d-4c8d-b1a6-2ab674877c8a-23456247935296","trial_id":65,"param_name":"lr","param_value_internal":5.223578269633881e-05,"distribution":"{\"name\": \"FloatDistribution\", \"attributes\": {\"step\": null, \"low\": 1e-08, \"high\": 0.5, \"log\": true}}"}
{"op_code":5,"worker_id":"7a48ce22-7e4d-4c8d-b1a6-2ab674877c8a-23456247935296","trial_id":65,"param_name":"ratio","param_value_internal":2.0579173535569386,"distribution":"{\"name\": \"FloatDistribution\", \"attributes\": {\"step\": null, \"low\": 0.1, \"high\": 100.0, \"log\": true}}"}
{"op_code":0,"worker_id":"ba38e13d-970f-4832-8479-13d01b006f4e-23456247935296","study_name":"peter_rcv1_k1","directions":[2]}
{"op_code":4,"worker_id":"ba38e13d-970f-4832-8479-13d01b006f4e-23456247935296","study_id":0,"datetime_start":"2026-07-24T13:45:28.908219"}
{"op_code":9,"worker_id":"ba38e13d-970f-4832-8479-13d01b006f4e-23456247935296","trial_id":66,"system_attr":{"tpe:relative_params:0":"{\"lr\": 1.3157668706671286e-08, \"ratio\": 41.488960978043394}"}}
{"op_code":5,"worker_id":"ba38e13d-970f-4832-8479-13d01b006f4e-23456247935296","trial_id":66,"param_name":"lr","param_value_internal":1.3157668706671286e-08,"distribution":"{\"name\": \"FloatDistribution\", \"attributes\": {\"step\": null, \"low\": 1e-08, \"high\": 0.5, \"log\": true}}"}
{"op_code":5,"worker_id":"ba38e13d-970f-4832-8479-13d01b006f4e-23456247935296","trial_id":66,"param_name":"ratio","param_value_internal":41.488960978043394,"distribution":"{\"name\": \"FloatDistribution\", \"attributes\": {\"step\": null, \"low\": 0.1, \"high\": 100.0, \"log\": true}}"}
{"op_code":0,"worker_id":"679651f9-2b90-41d0-b3ed-3363dc5391be-23456247935296","study_name":"peter_rcv1_k1","directions":[2]}
{"op_code":4,"worker_id":"679651f9-2b90-41d0-b3ed-3363dc5391be-23456247935296","study_id":0,"datetime_start":"2026-07-24T13:45:29.952135"}
{"op_code":9,"worker_id":"679651f9-2b90-41d0-b3ed-3363dc5391be-23456247935296","trial_id":67,"system_attr":{"tpe:relative_params:0":"{\"lr\": 4.4898095063752513e-05, \"ratio\": 0.11735228681242489}"}}
{"op_code":5,"worker_id":"679651f9-2b90-41d0-b3ed-3363dc5391be-23456247935296","trial_id":67,"param_name":"lr","param_value_internal":4.4898095063752513e-05,"distribution":"{\"name\": \"FloatDistribution\", \"attributes\": {\"step\": null, \"low\": 1e-08, \"high\": 0.5, \"log\": true}}"}
{"op_code":5,"worker_id":"679651f9-2b90-41d0-b3ed-3363dc5391be-23456247935296","trial_id":67,"param_name":"ratio","param_value_internal":0.11735228681242489,"distribution":"{\"name\": \"FloatDistribution\", \"attributes\": {\"step\": null, \"low\": 0.1, \"high\": 100.0, \"log\": true}}"}
{"op_code":0,"worker_id":"1742aef1-e396-42e1-a5ae-de38758f851d-23456247935296","study_name":"peter_rcv1_k1","directions":[2]}
{"op_code":4,"worker_id":"1742aef1-e396-42e1-a5ae-de38758f851d-23456247935296","study_id":0,"datetime_start":"2026-07-24T13:45:30.959724"}
{"op_code":9,"worker_id":"1742aef1-e396-42e1-a5ae-de38758f851d-23456247935296","trial_id":68,"system_attr":{"tpe:relative_params:0":"{\"lr\": 0.00033566851591250864, \"ratio\": 84.237246522124}"}}
{"op_code":5,"worker_id":"1742aef1-e396-42e1-a5ae-de38758f851d-23456247935296","trial_id":68,"param_name":"lr","param_value_internal":0.00033566851591250864,"distribution":"{\"name\": \"FloatDistribution\", \"attributes\": {\"step\": null, \"low\": 1e-08, \"high\": 0.5, \"log\": true}}"}
{"op_code":5,"worker_id":"1742aef1-e396-42e1-a5ae-de38758f851d-23456247935296","trial_id":68,"param_name":"ratio","param_value_internal":84.237246522124,"distribution":"{\"name\": \"FloatDistribution\", \"attributes\": {\"step\": null, \"low\": 0.1, \"high\": 100.0, \"log\": true}}"}
{"op_code":0,"worker_id":"16fc0bd0-19c4-461c-aca1-bf8236a0401b-23456247935296","study_name":"peter_rcv1_k1","directions":[2]}
{"op_code":4,"worker_id":"16fc0bd0-19c4-461c-aca1-bf8236a0401b-23456247935296","study_id":0,"datetime_start":"2026-07-24T13:45:31.996361"}
{"op_code":9,"worker_id":"16fc0bd0-19c4-461c-aca1-bf8236a0401b-23456247935296","trial_id":69,"system_attr":{"tpe:relative_params:0":"{\"lr\": 0.4703036773112584, \"ratio\": 0.10995598745114589}"}}
{"op_code":5,"worker_id":"16fc0bd0-19c4-461c-aca1-bf8236a0401b-23456247935296","trial_id":69,"param_name":"lr","param_value_internal":0.4703036773112584,"distribution":"{\"name\": \"FloatDistribution\", \"attributes\": {\"step\": null, \"low\": 1e-08, \"high\": 0.5, \"log\": true}}"}
{"op_code":5,"worker_id":"16fc0bd0-19c4-461c-aca1-bf8236a0401b-23456247935296","trial_id":69,"param_name":"ratio","param_value_internal":0.10995598745114589,"distribution":"{\"name\": \"FloatDistribution\", \"attributes\": {\"step\": null, \"low\": 0.1, \"high\": 100.0, \"log\": true}}"}
{"op_code":0,"worker_id":"276bfb0b-c3b6-4fd8-9842-fda9888db983-23456247935296","study_name":"peter_rcv1_k1","directions":[2]}
{"op_code":4,"worker_id":"276bfb0b-c3b6-4fd8-9842-fda9888db983-23456247935296","study_id":0,"datetime_start":"2026-07-24T13:45:33.002516"}
{"op_code":9,"worker_id":"276bfb0b-c3b6-4fd8-9842-fda9888db983-23456247935296","trial_id":70,"system_attr":{"tpe:relative_params:0":"{\"lr\": 0.1406594152979547, \"ratio\": 1.9847828828132024}"}}
{"op_code":5,"worker_id":"276bfb0b-c3b6-4fd8-9842-fda9888db983-23456247935296","trial_id":70,"param_name":"lr","param_value_internal":0.1406594152979547,"distribution":"{\"name\": \"FloatDistribution\", \"attributes\": {\"step\": null, \"low\": 1e-08, \"high\": 0.5, \"log\": true}}"}
{"op_code":5,"worker_id":"276bfb0b-c3b6-4fd8-9842-fda9888db983-23456247935296","trial_id":70,"param_name":"ratio","param_value_internal":1.9847828828132024,"distribution":"{\"name\": \"FloatDistribution\", \"attributes\": {\"step\": null, \"low\": 0.1, \"high\": 100.0, \"log\": true}}"}
{"op_code":0,"worker_id":"6c7f9648-7de2-426a-a7ed-a649cf920725-23456247935296","study_name":"peter_rcv1_k1","directions":[2]}
{"op_code":4,"worker_id":"6c7f9648-7de2-426a-a7ed-a649cf920725-23456247935296","study_id":0,"datetime_start":"2026-07-24T13:45:34.027172"}
{"op_code":9,"worker_id":"6c7f9648-7de2-426a-a7ed-a649cf920725-23456247935296","trial_id":71,"system_attr":{"tpe:relative_params:0":"{\"lr\": 4.209156293682132e-06, \"ratio\": 96.48389038106501}"}}
{"op_code":5,"worker_id":"6c7f9648-7de2-426a-a7ed-a649cf920725-23456247935296","trial_id":71,"param_name":"lr","param_value_internal":4.209156293682132e-06,"distribution":"{\"name\": \"FloatDistribution\", \"attributes\": {\"step\": null, \"low\": 1e-08, \"high\": 0.5, \"log\": true}}"}
{"op_code":5,"worker_id":"6c7f9648-7de2-426a-a7ed-a649cf920725-23456247935296","trial_id":71,"param_name":"ratio","param_value_internal":96.48389038106501,"distribution":"{\"name\": \"FloatDistribution\", \"attributes\": {\"step\": null, \"low\": 0.1, \"high\": 100.0, \"log\": true}}"}
{"op_code":6,"worker_id":"ada350b1-05d8-4203-bc84-36a9f0c4b836-23456247935296","trial_id":54,"state":3,"values":null,"datetime_complete":"2026-07-24T13:56:31.241420"}
{"op_code":6,"worker_id":"16fc0bd0-19c4-461c-aca1-bf8236a0401b-23456247935296","trial_id":69,"state":3,"values":null,"datetime_complete":"2026-07-24T13:58:48.132803"}
{"op_code":6,"worker_id":"7426f6b1-86dd-405f-949b-650ce05cf4ef-23456247935296","trial_id":53,"state":3,"values":null,"datetime_complete":"2026-07-24T14:03:07.263048"}
{"op_code":6,"worker_id":"909ac50e-6b64-4bff-8b57-57de730493be-23456247935296","trial_id":62,"state":1,"values":[-56.127898435813734],"datetime_complete":"2026-07-24T14:54:18.252599"}
{"op_code":6,"worker_id":"276bfb0b-c3b6-4fd8-9842-fda9888db983-23456247935296","trial_id":70,"state":1,"values":[-57.725855167170685],"datetime_complete":"2026-07-24T14:54:59.292257"}
{"op_code":6,"worker_id":"5bae76a1-7b1e-4e78-ab5c-b338c0f33e2c-23456247935296","trial_id":60,"state":1,"values":[-56.28598255387063],"datetime_complete":"2026-07-24T15:06:40.917096"}
{"op_code":6,"worker_id":"6ff54973-316d-432b-b473-10d91ba89a46-23456247935296","trial_id":55,"state":1,"values":[-56.70761348056221],"datetime_complete":"2026-07-24T15:08:33.448060"}
{"op_code":6,"worker_id":"ba38e13d-970f-4832-8479-13d01b006f4e-23456247935296","trial_id":66,"state":1,"values":[-56.77771799083733],"datetime_complete":"2026-07-24T15:10:01.365454"}
{"op_code":6,"worker_id":"1742aef1-e396-42e1-a5ae-de38758f851d-23456247935296","trial_id":68,"state":1,"values":[-56.462406159421576],"datetime_complete":"2026-07-24T15:12:39.414602"}
{"op_code":6,"worker_id":"9906d9c9-0b97-4e4e-9b0e-efb161b7c301-23456247935296","trial_id":57,"state":1,"values":[-56.27123354656329],"datetime_complete":"2026-07-24T15:13:02.083058"}
{"op_code":6,"worker_id":"a9739849-b443-454e-9bd9-687caa17f222-23456247935296","trial_id":64,"state":1,"values":[-56.77760364281829],"datetime_complete":"2026-07-24T15:16:55.756056"}
{"op_code":6,"worker_id":"6c7f9648-7de2-426a-a7ed-a649cf920725-23456247935296","trial_id":71,"state":1,"values":[-56.70270716683979],"datetime_complete":"2026-07-24T15:29:06.141965"}
{"op_code":6,"worker_id":"9faf1821-b402-4b21-bed4-5d77f6d121cd-23456247935296","trial_id":61,"state":1,"values":[-56.110201181056254],"datetime_complete":"2026-07-24T15:29:33.412507"}
{"op_code":6,"worker_id":"06e02cd9-088d-4629-8654-cd0e3ac97cb9-23456247935296","trial_id":63,"state":1,"values":[-56.28379538979878],"datetime_complete":"2026-07-24T15:30:12.073181"}
{"op_code":6,"worker_id":"7a48ce22-7e4d-4c8d-b1a6-2ab674877c8a-23456247935296","trial_id":65,"state":1,"values":[-56.633974422014866],"datetime_complete":"2026-07-24T15:35:09.342331"}
{"op_code":6,"worker_id":"dcba217f-88ec-4b83-a6b7-ede31adc46db-23456247935296","trial_id":59,"state":1,"values":[-56.43862206893825],"datetime_complete":"2026-07-24T15:36:41.248434"}
{"op_code":6,"worker_id":"19cfe008-4cf5-43ca-81fc-b06ff57a3e3e-23456247935296","trial_id":56,"state":1,"values":[-57.56974611841963],"datetime_complete":"2026-07-24T15:44:22.574598"}
{"op_code":6,"worker_id":"a03f7c24-f5f2-4119-847f-0bb7407a8a59-23456247935296","trial_id":58,"state":1,"values":[-56.380443586301205],"datetime_complete":"2026-07-24T15:45:11.047356"}
{"op_code":6,"worker_id":"679651f9-2b90-41d0-b3ed-3363dc5391be-23456247935296","trial_id":67,"state":1,"values":[-56.78765251361137],"datetime_complete":"2026-07-24T15:46:14.596099"}
{"op_code":0,"worker_id":"225491b6-0913-45fc-97d2-f1be5b861b03-23456247935296","study_name":"peter_rcv1_k1","directions":[2]}
