{"op_code":0,"worker_id":"74995547-9866-4db0-bbd6-19d11e46f4f7-20268","study_name":"peter_nips_k5","directions":[2]}
{"op_code":0,"worker_id":"e18e4a3c-916c-476d-bfd5-0ab59d3a49a1-38392","study_name":"peter_nips_k5","directions":[2]}
{"op_code":4,"worker_id":"e18e4a3c-916c-476d-bfd5-0ab59d3a49a1-38392","study_id":0,"datetime_start":"2026-07-24T09:13:00.704533"}
{"op_code":5,"worker_id":"e18e4a3c-916c-476d-bfd5-0ab59d3a49a1-38392","trial_id":0,"param_name":"lr","param_value_internal":0.0009228035316250408,"distribution":"{\"name\": \"FloatDistribution\", \"attributes\": {\"step\": null, \"low\": 1e-08, \"high\": 0.5, \"log\": true}}"}
{"op_code":5,"worker_id":"e18e4a3c-916c-476d-bfd5-0ab59d3a49a1-38392","trial_id":0,"param_name":"ratio","param_value_internal":4.881058110876802,"distribution":"{\"name\": \"FloatDistribution\", \"attributes\": {\"step\": null, \"low\": 0.1, \"high\": 100.0, \"log\": true}}"}
{"op_code":0,"worker_id":"62516a80-23ed-4cf1-aa91-d06b38ff9b4b-22724","study_name":"peter_nips_k5","directions":[2]}
{"op_code":4,"worker_id":"62516a80-23ed-4cf1-aa91-d06b38ff9b4b-22724","study_id":0,"datetime_start":"2026-07-24T09:13:01.761382"}
{"op_code":5,"worker_id":"62516a80-23ed-4cf1-aa91-d06b38ff9b4b-22724","trial_id":1,"param_name":"lr","param_value_internal":6.6379461351405835e-06,"distribution":"{\"name\": \"FloatDistribution\", \"attributes\": {\"step\": null, \"low\": 1e-08, \"high\": 0.5, \"log\": true}}"}
{"op_code":5,"worker_id":"62516a80-23ed-4cf1-aa91-d06b38ff9b4b-22724","trial_id":1,"param_name":"ratio","param_value_internal":0.1210909053956468,"distribution":"{\"name\": \"FloatDistribution\", \"attributes\": {\"step\": null, \"low\": 0.1, \"high\": 100.0, \"log\": true}}"}
{"op_code":0,"worker_id":"aa5e0f13-bd17-409d-99c1-bb428d1c31b4-36796","study_name":"peter_nips_k5","directions":[2]}
{"op_code":0,"worker_id":"817e5db6-9dc7-4d9d-af2d-2020520df5cf-23456247935296","study_name":"peter_nips_k5","directions":[2]}
{"op_code":0,"worker_id":"6f0ccb70-436f-4a2f-bc27-802897361c38-23456247935296","study_name":"peter_nips_k5","directions":[2]}
{"op_code":4,"worker_id":"6f0ccb70-436f-4a2f-bc27-802897361c38-23456247935296","study_id":0,"datetime_start":"2026-07-24T10:21:57.209556"}
{"op_code":5,"worker_id":"6f0ccb70-436f-4a2f-bc27-802897361c38-23456247935296","trial_id":2,"param_name":"lr","param_value_internal":8.331774980766649e-06,"distribution":"{\"name\": \"FloatDistribution\", \"attributes\": {\"step\": null, \"low\": 1e-08, \"high\": 0.5, \"log\": true}}"}
{"op_code":5,"worker_id":"6f0ccb70-436f-4a2f-bc27-802897361c38-23456247935296","trial_id":2,"param_name":"ratio","param_value_internal":0.1060803939516362,"distribution":"{\"name\": \"FloatDistribution\", \"attributes\": {\"step\": null, \"low\": 0.1, \"high\": 100.0, \"log\": true}}"}
{"op_code":0,"worker_id":"1682054c-1671-47b2-9fd4-4408a1125298-23456247935296","study_name":"peter_nips_k5","directions":[2]}
{"op_code":4,"worker_id":"1682054c-1671-47b2-9fd4-4408a1125298-23456247935296","study_id":0,"datetime_start":"2026-07-24T10:23:40.218578"}
{"op_code":5,"worker_id":"1682054c-1671-47b2-9fd4-4408a1125298-23456247935296","trial_id":3,"param_name":"lr","param_value_internal":1.1414157344288904e-08,"distribution":"{\"name\": \"FloatDistribution\", \"attributes\": {\"step\": null, \"low\": 1e-08, \"high\": 0.5, \"log\": true}}"}
{"op_code":5,"worker_id":"1682054c-1671-47b2-9fd4-4408a1125298-23456247935296","trial_id":3,"param_name":"ratio","param_value_internal":1.1330398943503461,"distribution":"{\"name\": \"FloatDistribution\", \"attributes\": {\"step\": null, \"low\": 0.1, \"high\": 100.0, \"log\": true}}"}
{"op_code":6,"worker_id":"6f0ccb70-436f-4a2f-bc27-802897361c38-23456247935296","trial_id":2,"state":1,"values":[-313.30340879508225],"datetime_complete":"2026-07-24T10:25:52.710747"}
{"op_code":0,"worker_id":"ad81d1a9-4cfa-45b5-aece-714ea4e7964c-23456247935296","study_name":"peter_nips_k5","directions":[2]}
{"op_code":4,"worker_id":"ad81d1a9-4cfa-45b5-aece-714ea4e7964c-23456247935296","study_id":0,"datetime_start":"2026-07-24T10:27:34.201364"}
{"op_code":5,"worker_id":"ad81d1a9-4cfa-45b5-aece-714ea4e7964c-23456247935296","trial_id":4,"param_name":"lr","param_value_internal":2.6289388152786148e-06,"distribution":"{\"name\": \"FloatDistribution\", \"attributes\": {\"step\": null, \"low\": 1e-08, \"high\": 0.5, \"log\": true}}"}
{"op_code":5,"worker_id":"ad81d1a9-4cfa-45b5-aece-714ea4e7964c-23456247935296","trial_id":4,"param_name":"ratio","param_value_internal":0.2838692447732276,"distribution":"{\"name\": \"FloatDistribution\", \"attributes\": {\"step\": null, \"low\": 0.1, \"high\": 100.0, \"log\": true}}"}
{"op_code":6,"worker_id":"1682054c-1671-47b2-9fd4-4408a1125298-23456247935296","trial_id":3,"state":1,"values":[-313.3745728001481],"datetime_complete":"2026-07-24T10:28:27.985082"}
{"op_code":0,"worker_id":"51b947b7-26e5-43bf-8516-57b4d9898f63-23456247935296","study_name":"peter_nips_k5","directions":[2]}
{"op_code":4,"worker_id":"51b947b7-26e5-43bf-8516-57b4d9898f63-23456247935296","study_id":0,"datetime_start":"2026-07-24T10:31:07.525126"}
{"op_code":5,"worker_id":"51b947b7-26e5-43bf-8516-57b4d9898f63-23456247935296","trial_id":5,"param_name":"lr","param_value_internal":0.004376338927464004,"distribution":"{\"name\": \"FloatDistribution\", \"attributes\": {\"step\": null, \"low\": 1e-08, \"high\": 0.5, \"log\": true}}"}
{"op_code":5,"worker_id":"51b947b7-26e5-43bf-8516-57b4d9898f63-23456247935296","trial_id":5,"param_name":"ratio","param_value_internal":0.299061077032721,"distribution":"{\"name\": \"FloatDistribution\", \"attributes\": {\"step\": null, \"low\": 0.1, \"high\": 100.0, \"log\": true}}"}
{"op_code":6,"worker_id":"51b947b7-26e5-43bf-8516-57b4d9898f63-23456247935296","trial_id":5,"state":3,"values":null,"datetime_complete":"2026-07-24T10:31:41.884120"}
{"op_code":6,"worker_id":"ad81d1a9-4cfa-45b5-aece-714ea4e7964c-23456247935296","trial_id":4,"state":1,"values":[-313.37812000686256],"datetime_complete":"2026-07-24T10:32:34.660198"}
{"op_code":0,"worker_id":"30504549-c774-4434-968c-8b2f06a3492a-23456247935296","study_name":"peter_nips_k5","directions":[2]}
{"op_code":4,"worker_id":"30504549-c774-4434-968c-8b2f06a3492a-23456247935296","study_id":0,"datetime_start":"2026-07-24T10:34:40.262925"}
{"op_code":5,"worker_id":"30504549-c774-4434-968c-8b2f06a3492a-23456247935296","trial_id":6,"param_name":"lr","param_value_internal":1.8216336866205527e-06,"distribution":"{\"name\": \"FloatDistribution\", \"attributes\": {\"step\": null, \"low\": 1e-08, \"high\": 0.5, \"log\": true}}"}
{"op_code":5,"worker_id":"30504549-c774-4434-968c-8b2f06a3492a-23456247935296","trial_id":6,"param_name":"ratio","param_value_internal":3.3941635815478324,"distribution":"{\"name\": \"FloatDistribution\", \"attributes\": {\"step\": null, \"low\": 0.1, \"high\": 100.0, \"log\": true}}"}
{"op_code":0,"worker_id":"11586054-06d1-49bc-9009-75621be60fcd-23456247935296","study_name":"peter_nips_k5","directions":[2]}
{"op_code":4,"worker_id":"11586054-06d1-49bc-9009-75621be60fcd-23456247935296","study_id":0,"datetime_start":"2026-07-24T10:37:49.027686"}
{"op_code":5,"worker_id":"11586054-06d1-49bc-9009-75621be60fcd-23456247935296","trial_id":7,"param_name":"lr","param_value_internal":0.0030684775945691964,"distribution":"{\"name\": \"FloatDistribution\", \"attributes\": {\"step\": null, \"low\": 1e-08, \"high\": 0.5, \"log\": true}}"}
{"op_code":5,"worker_id":"11586054-06d1-49bc-9009-75621be60fcd-23456247935296","trial_id":7,"param_name":"ratio","param_value_internal":4.427937053130944,"distribution":"{\"name\": \"FloatDistribution\", \"attributes\": {\"step\": null, \"low\": 0.1, \"high\": 100.0, \"log\": true}}"}
{"op_code":6,"worker_id":"11586054-06d1-49bc-9009-75621be60fcd-23456247935296","trial_id":7,"state":3,"values":null,"datetime_complete":"2026-07-24T10:38:23.753333"}
{"op_code":6,"worker_id":"30504549-c774-4434-968c-8b2f06a3492a-23456247935296","trial_id":6,"state":1,"values":[-313.37593237137554],"datetime_complete":"2026-07-24T10:38:47.608552"}
{"op_code":0,"worker_id":"8cf84f59-af2c-4ca8-a11a-23a102a27d63-23456247935296","study_name":"peter_nips_k5","directions":[2]}
{"op_code":4,"worker_id":"8cf84f59-af2c-4ca8-a11a-23a102a27d63-23456247935296","study_id":0,"datetime_start":"2026-07-24T10:42:07.004206"}
{"op_code":5,"worker_id":"8cf84f59-af2c-4ca8-a11a-23a102a27d63-23456247935296","trial_id":8,"param_name":"lr","param_value_internal":2.9729055409492125e-08,"distribution":"{\"name\": \"FloatDistribution\", \"attributes\": {\"step\": null, \"low\": 1e-08, \"high\": 0.5, \"log\": true}}"}
{"op_code":5,"worker_id":"8cf84f59-af2c-4ca8-a11a-23a102a27d63-23456247935296","trial_id":8,"param_name":"ratio","param_value_internal":64.87636610323379,"distribution":"{\"name\": \"FloatDistribution\", \"attributes\": {\"step\": null, \"low\": 0.1, \"high\": 100.0, \"log\": true}}"}
{"op_code":0,"worker_id":"82a3069d-f16d-45b9-8b49-ee9d544768cd-23456247935296","study_name":"peter_nips_k5","directions":[2]}
{"op_code":4,"worker_id":"82a3069d-f16d-45b9-8b49-ee9d544768cd-23456247935296","study_id":0,"datetime_start":"2026-07-24T10:46:24.791498"}
{"op_code":5,"worker_id":"82a3069d-f16d-45b9-8b49-ee9d544768cd-23456247935296","trial_id":9,"param_name":"lr","param_value_internal":8.232097360909344e-07,"distribution":"{\"name\": \"FloatDistribution\", \"attributes\": {\"step\": null, \"low\": 1e-08, \"high\": 0.5, \"log\": true}}"}
{"op_code":5,"worker_id":"82a3069d-f16d-45b9-8b49-ee9d544768cd-23456247935296","trial_id":9,"param_name":"ratio","param_value_internal":82.1734922868843,"distribution":"{\"name\": \"FloatDistribution\", \"attributes\": {\"step\": null, \"low\": 0.1, \"high\": 100.0, \"log\": true}}"}
{"op_code":6,"worker_id":"8cf84f59-af2c-4ca8-a11a-23a102a27d63-23456247935296","trial_id":8,"state":1,"values":[-313.3746518988567],"datetime_complete":"2026-07-24T10:47:15.632295"}
{"op_code":0,"worker_id":"8b6bd2cf-a98d-46d2-8f32-f0c0717f76d4-23456247935296","study_name":"peter_nips_k5","directions":[2]}
{"op_code":4,"worker_id":"8b6bd2cf-a98d-46d2-8f32-f0c0717f76d4-23456247935296","study_id":0,"datetime_start":"2026-07-24T10:50:43.786413"}
{"op_code":5,"worker_id":"8b6bd2cf-a98d-46d2-8f32-f0c0717f76d4-23456247935296","trial_id":10,"param_name":"lr","param_value_internal":0.017425638216187932,"distribution":"{\"name\": \"FloatDistribution\", \"attributes\": {\"step\": null, \"low\": 1e-08, \"high\": 0.5, \"log\": true}}"}
{"op_code":5,"worker_id":"8b6bd2cf-a98d-46d2-8f32-f0c0717f76d4-23456247935296","trial_id":10,"param_name":"ratio","param_value_internal":0.9753332409746893,"distribution":"{\"name\": \"FloatDistribution\", \"attributes\": {\"step\": null, \"low\": 0.1, \"high\": 100.0, \"log\": true}}"}
{"op_code":6,"worker_id":"82a3069d-f16d-45b9-8b49-ee9d544768cd-23456247935296","trial_id":9,"state":1,"values":[-313.31496982401507],"datetime_complete":"2026-07-24T10:51:14.297595"}
{"op_code":6,"worker_id":"8b6bd2cf-a98d-46d2-8f32-f0c0717f76d4-23456247935296","trial_id":10,"state":3,"values":null,"datetime_complete":"2026-07-24T10:51:14.364693"}
{"op_code":0,"worker_id":"3b940cb6-f412-4163-a0bb-c5cb806c716d-23456247935296","study_name":"peter_nips_k5","directions":[2]}
{"op_code":4,"worker_id":"3b940cb6-f412-4163-a0bb-c5cb806c716d-23456247935296","study_id":0,"datetime_start":"2026-07-24T10:54:56.676504"}
{"op_code":5,"worker_id":"3b940cb6-f412-4163-a0bb-c5cb806c716d-23456247935296","trial_id":11,"param_name":"lr","param_value_internal":8.22831402043801e-06,"distribution":"{\"name\": \"FloatDistribution\", \"attributes\": {\"step\": null, \"low\": 1e-08, \"high\": 0.5, \"log\": true}}"}
{"op_code":5,"worker_id":"3b940cb6-f412-4163-a0bb-c5cb806c716d-23456247935296","trial_id":11,"param_name":"ratio","param_value_internal":0.23570646886236374,"distribution":"{\"name\": \"FloatDistribution\", \"attributes\": {\"step\": null, \"low\": 0.1, \"high\": 100.0, \"log\": true}}"}
{"op_code":0,"worker_id":"ac7206b5-d147-4663-a5ad-11ac20cbf590-23456247935296","study_name":"peter_nips_k5","directions":[2]}
{"op_code":4,"worker_id":"ac7206b5-d147-4663-a5ad-11ac20cbf590-23456247935296","study_id":0,"datetime_start":"2026-07-24T10:59:15.359968"}
{"op_code":5,"worker_id":"ac7206b5-d147-4663-a5ad-11ac20cbf590-23456247935296","trial_id":12,"param_name":"lr","param_value_internal":0.00015389692235679927,"distribution":"{\"name\": \"FloatDistribution\", \"attributes\": {\"step\": null, \"low\": 1e-08, \"high\": 0.5, \"log\": true}}"}
{"op_code":5,"worker_id":"ac7206b5-d147-4663-a5ad-11ac20cbf590-23456247935296","trial_id":12,"param_name":"ratio","param_value_internal":2.311843492902833,"distribution":"{\"name\": \"FloatDistribution\", \"attributes\": {\"step\": null, \"low\": 0.1, \"high\": 100.0, \"log\": true}}"}
{"op_code":6,"worker_id":"3b940cb6-f412-4163-a0bb-c5cb806c716d-23456247935296","trial_id":11,"state":1,"values":[-313.2911097602351],"datetime_complete":"2026-07-24T10:59:52.811497"}
{"op_code":6,"worker_id":"ac7206b5-d147-4663-a5ad-11ac20cbf590-23456247935296","trial_id":12,"state":3,"values":null,"datetime_complete":"2026-07-24T11:00:24.463525"}
{"op_code":0,"worker_id":"fb33ab4a-a539-46ad-9c2e-1eeb497c1db8-23456247935296","study_name":"peter_nips_k5","directions":[2]}
{"op_code":4,"worker_id":"fb33ab4a-a539-46ad-9c2e-1eeb497c1db8-23456247935296","study_id":0,"datetime_start":"2026-07-24T11:04:30.876554"}
{"op_code":5,"worker_id":"fb33ab4a-a539-46ad-9c2e-1eeb497c1db8-23456247935296","trial_id":13,"param_name":"lr","param_value_internal":1.1635523680945168e-08,"distribution":"{\"name\": \"FloatDistribution\", \"attributes\": {\"step\": null, \"low\": 1e-08, \"high\": 0.5, \"log\": true}}"}
{"op_code":5,"worker_id":"fb33ab4a-a539-46ad-9c2e-1eeb497c1db8-23456247935296","trial_id":13,"param_name":"ratio","param_value_internal":2.9106372062887687,"distribution":"{\"name\": \"FloatDistribution\", \"attributes\": {\"step\": null, \"low\": 0.1, \"high\": 100.0, \"log\": true}}"}
{"op_code":0,"worker_id":"8ec1148a-460e-494d-b43e-dd4fb117300c-23456247935296","study_name":"peter_nips_k5","directions":[2]}
{"op_code":4,"worker_id":"8ec1148a-460e-494d-b43e-dd4fb117300c-23456247935296","study_id":0,"datetime_start":"2026-07-24T11:09:08.573668"}
{"op_code":5,"worker_id":"8ec1148a-460e-494d-b43e-dd4fb117300c-23456247935296","trial_id":14,"param_name":"lr","param_value_internal":0.0013664598635550682,"distribution":"{\"name\": \"FloatDistribution\", \"attributes\": {\"step\": null, \"low\": 1e-08, \"high\": 0.5, \"log\": true}}"}
{"op_code":5,"worker_id":"8ec1148a-460e-494d-b43e-dd4fb117300c-23456247935296","trial_id":14,"param_name":"ratio","param_value_internal":11.623725504918447,"distribution":"{\"name\": \"FloatDistribution\", \"attributes\": {\"step\": null, \"low\": 0.1, \"high\": 100.0, \"log\": true}}"}
{"op_code":6,"worker_id":"8ec1148a-460e-494d-b43e-dd4fb117300c-23456247935296","trial_id":14,"state":3,"values":null,"datetime_complete":"2026-07-24T11:09:47.921678"}
{"op_code":6,"worker_id":"fb33ab4a-a539-46ad-9c2e-1eeb497c1db8-23456247935296","trial_id":13,"state":1,"values":[-313.37457440139946],"datetime_complete":"2026-07-24T11:09:58.685156"}
{"op_code":0,"worker_id":"d548a968-7298-41da-baec-e40e55b4441e-23456247935296","study_name":"peter_nips_k5","directions":[2]}
{"op_code":4,"worker_id":"d548a968-7298-41da-baec-e40e55b4441e-23456247935296","study_id":0,"datetime_start":"2026-07-24T11:13:21.379021"}
{"op_code":5,"worker_id":"d548a968-7298-41da-baec-e40e55b4441e-23456247935296","trial_id":15,"param_name":"lr","param_value_internal":7.246419237298691e-05,"distribution":"{\"name\": \"FloatDistribution\", \"attributes\": {\"step\": null, \"low\": 1e-08, \"high\": 0.5, \"log\": true}}"}
{"op_code":5,"worker_id":"d548a968-7298-41da-baec-e40e55b4441e-23456247935296","trial_id":15,"param_name":"ratio","param_value_internal":3.6903668799563043,"distribution":"{\"name\": \"FloatDistribution\", \"attributes\": {\"step\": null, \"low\": 0.1, \"high\": 100.0, \"log\": true}}"}
{"op_code":6,"worker_id":"d548a968-7298-41da-baec-e40e55b4441e-23456247935296","trial_id":15,"state":3,"values":null,"datetime_complete":"2026-07-24T11:14:41.455312"}
{"op_code":0,"worker_id":"ae8844cd-9fe8-4a04-8e5f-e777f3814575-23456247935296","study_name":"peter_nips_k5","directions":[2]}
{"op_code":4,"worker_id":"ae8844cd-9fe8-4a04-8e5f-e777f3814575-23456247935296","study_id":0,"datetime_start":"2026-07-24T11:18:05.777998"}
{"op_code":5,"worker_id":"ae8844cd-9fe8-4a04-8e5f-e777f3814575-23456247935296","trial_id":16,"param_name":"lr","param_value_internal":3.222903974154907e-08,"distribution":"{\"name\": \"FloatDistribution\", \"attributes\": {\"step\": null, \"low\": 1e-08, \"high\": 0.5, \"log\": true}}"}
{"op_code":5,"worker_id":"ae8844cd-9fe8-4a04-8e5f-e777f3814575-23456247935296","trial_id":16,"param_name":"ratio","param_value_internal":1.9522613527734245,"distribution":"{\"name\": \"FloatDistribution\", \"attributes\": {\"step\": null, \"low\": 0.1, \"high\": 100.0, \"log\": true}}"}
{"op_code":0,"worker_id":"9955dc29-3168-4379-942a-f1e985a40a55-23456247935296","study_name":"peter_nips_k5","directions":[2]}
{"op_code":4,"worker_id":"9955dc29-3168-4379-942a-f1e985a40a55-23456247935296","study_id":0,"datetime_start":"2026-07-24T11:21:44.239969"}
{"op_code":5,"worker_id":"9955dc29-3168-4379-942a-f1e985a40a55-23456247935296","trial_id":17,"param_name":"lr","param_value_internal":8.971286004002071e-05,"distribution":"{\"name\": \"FloatDistribution\", \"attributes\": {\"step\": null, \"low\": 1e-08, \"high\": 0.5, \"log\": true}}"}
{"op_code":5,"worker_id":"9955dc29-3168-4379-942a-f1e985a40a55-23456247935296","trial_id":17,"param_name":"ratio","param_value_internal":0.3578468752593621,"distribution":"{\"name\": \"FloatDistribution\", \"attributes\": {\"step\": null, \"low\": 0.1, \"high\": 100.0, \"log\": true}}"}
{"op_code":6,"worker_id":"9955dc29-3168-4379-942a-f1e985a40a55-23456247935296","trial_id":17,"state":3,"values":null,"datetime_complete":"2026-07-24T11:22:53.421544"}
{"op_code":6,"worker_id":"ae8844cd-9fe8-4a04-8e5f-e777f3814575-23456247935296","trial_id":16,"state":1,"values":[-313.3747223557256],"datetime_complete":"2026-07-24T11:23:32.721998"}
{"op_code":0,"worker_id":"794be685-21d4-4cde-8e8a-7b3c78a807ea-23456247935296","study_name":"peter_nips_k5","directions":[2]}
{"op_code":4,"worker_id":"794be685-21d4-4cde-8e8a-7b3c78a807ea-23456247935296","study_id":0,"datetime_start":"2026-07-24T11:26:01.046428"}
{"op_code":5,"worker_id":"794be685-21d4-4cde-8e8a-7b3c78a807ea-23456247935296","trial_id":18,"param_name":"lr","param_value_internal":0.1402918449656392,"distribution":"{\"name\": \"FloatDistribution\", \"attributes\": {\"step\": null, \"low\": 1e-08, \"high\": 0.5, \"log\": true}}"}
{"op_code":5,"worker_id":"794be685-21d4-4cde-8e8a-7b3c78a807ea-23456247935296","trial_id":18,"param_name":"ratio","param_value_internal":24.91770767494461,"distribution":"{\"name\": \"FloatDistribution\", \"attributes\": {\"step\": null, \"low\": 0.1, \"high\": 100.0, \"log\": true}}"}
{"op_code":6,"worker_id":"794be685-21d4-4cde-8e8a-7b3c78a807ea-23456247935296","trial_id":18,"state":3,"values":null,"datetime_complete":"2026-07-24T11:26:28.569368"}
{"op_code":0,"worker_id":"b7f5fa40-6033-4ef2-b9aa-58c2ebc326bf-23456247935296","study_name":"peter_nips_k5","directions":[2]}
{"op_code":4,"worker_id":"b7f5fa40-6033-4ef2-b9aa-58c2ebc326bf-23456247935296","study_id":0,"datetime_start":"2026-07-24T11:30:00.187821"}
{"op_code":5,"worker_id":"b7f5fa40-6033-4ef2-b9aa-58c2ebc326bf-23456247935296","trial_id":19,"param_name":"lr","param_value_internal":4.702798127880634e-07,"distribution":"{\"name\": \"FloatDistribution\", \"attributes\": {\"step\": null, \"low\": 1e-08, \"high\": 0.5, \"log\": true}}"}
{"op_code":5,"worker_id":"b7f5fa40-6033-4ef2-b9aa-58c2ebc326bf-23456247935296","trial_id":19,"param_name":"ratio","param_value_internal":0.1482716273820932,"distribution":"{\"name\": \"FloatDistribution\", \"attributes\": {\"step\": null, \"low\": 0.1, \"high\": 100.0, \"log\": true}}"}
{"op_code":6,"worker_id":"b7f5fa40-6033-4ef2-b9aa-58c2ebc326bf-23456247935296","trial_id":19,"state":1,"values":[-313.37740043556295],"datetime_complete":"2026-07-24T11:35:13.226208"}
{"op_code":0,"worker_id":"19ac5456-1566-4a36-b9f1-5ec34f7370bd-23456247935296","study_name":"peter_nips_k5","directions":[2]}
{"op_code":4,"worker_id":"19ac5456-1566-4a36-b9f1-5ec34f7370bd-23456247935296","study_id":0,"datetime_start":"2026-07-24T11:35:22.510469"}
{"op_code":9,"worker_id":"19ac5456-1566-4a36-b9f1-5ec34f7370bd-23456247935296","trial_id":20,"system_attr":{"tpe:relative_params:0":"{\"lr\": 0.048331455805146126, \"ratio\": 0.11221511400261026}"}}
{"op_code":5,"worker_id":"19ac5456-1566-4a36-b9f1-5ec34f7370bd-23456247935296","trial_id":20,"param_name":"lr","param_value_internal":0.048331455805146126,"distribution":"{\"name\": \"FloatDistribution\", \"attributes\": {\"step\": null, \"low\": 1e-08, \"high\": 0.5, \"log\": true}}"}
{"op_code":5,"worker_id":"19ac5456-1566-4a36-b9f1-5ec34f7370bd-23456247935296","trial_id":20,"param_name":"ratio","param_value_internal":0.11221511400261026,"distribution":"{\"name\": \"FloatDistribution\", \"attributes\": {\"step\": null, \"low\": 0.1, \"high\": 100.0, \"log\": true}}"}
{"op_code":6,"worker_id":"19ac5456-1566-4a36-b9f1-5ec34f7370bd-23456247935296","trial_id":20,"state":3,"values":null,"datetime_complete":"2026-07-24T11:35:57.374054"}
{"op_code":0,"worker_id":"c13c81ab-5ef5-4294-a874-6ee7a37fd57d-23456247935296","study_name":"peter_nips_k5","directions":[2]}
{"op_code":4,"worker_id":"c13c81ab-5ef5-4294-a874-6ee7a37fd57d-23456247935296","study_id":0,"datetime_start":"2026-07-24T11:39:28.032285"}
{"op_code":9,"worker_id":"c13c81ab-5ef5-4294-a874-6ee7a37fd57d-23456247935296","trial_id":21,"system_attr":{"tpe:relative_params:0":"{\"lr\": 0.017983895845266763, \"ratio\": 0.4580559658167242}"}}
{"op_code":5,"worker_id":"c13c81ab-5ef5-4294-a874-6ee7a37fd57d-23456247935296","trial_id":21,"param_name":"lr","param_value_internal":0.017983895845266763,"distribution":"{\"name\": \"FloatDistribution\", \"attributes\": {\"step\": null, \"low\": 1e-08, \"high\": 0.5, \"log\": true}}"}
{"op_code":5,"worker_id":"c13c81ab-5ef5-4294-a874-6ee7a37fd57d-23456247935296","trial_id":21,"param_name":"ratio","param_value_internal":0.4580559658167242,"distribution":"{\"name\": \"FloatDistribution\", \"attributes\": {\"step\": null, \"low\": 0.1, \"high\": 100.0, \"log\": true}}"}
{"op_code":6,"worker_id":"c13c81ab-5ef5-4294-a874-6ee7a37fd57d-23456247935296","trial_id":21,"state":3,"values":null,"datetime_complete":"2026-07-24T11:40:10.938578"}
{"op_code":0,"worker_id":"b24d708b-dd91-4e27-b6e4-3e624e87d909-23456247935296","study_name":"peter_nips_k5","directions":[2]}
{"op_code":4,"worker_id":"b24d708b-dd91-4e27-b6e4-3e624e87d909-23456247935296","study_id":0,"datetime_start":"2026-07-24T11:43:04.937416"}
{"op_code":9,"worker_id":"b24d708b-dd91-4e27-b6e4-3e624e87d909-23456247935296","trial_id":22,"system_attr":{"tpe:relative_params:0":"{\"lr\": 0.3487899765851103, \"ratio\": 0.119750861375367}"}}
{"op_code":5,"worker_id":"b24d708b-dd91-4e27-b6e4-3e624e87d909-23456247935296","trial_id":22,"param_name":"lr","param_value_internal":0.3487899765851103,"distribution":"{\"name\": \"FloatDistribution\", \"attributes\": {\"step\": null, \"low\": 1e-08, \"high\": 0.5, \"log\": true}}"}
{"op_code":5,"worker_id":"b24d708b-dd91-4e27-b6e4-3e624e87d909-23456247935296","trial_id":22,"param_name":"ratio","param_value_internal":0.119750861375367,"distribution":"{\"name\": \"FloatDistribution\", \"attributes\": {\"step\": null, \"low\": 0.1, \"high\": 100.0, \"log\": true}}"}
{"op_code":6,"worker_id":"b24d708b-dd91-4e27-b6e4-3e624e87d909-23456247935296","trial_id":22,"state":3,"values":null,"datetime_complete":"2026-07-24T11:43:37.542375"}
{"op_code":0,"worker_id":"3d843a1b-bf6f-43f2-b578-2c20ed699f66-23456247935296","study_name":"peter_nips_k5","directions":[2]}
{"op_code":4,"worker_id":"3d843a1b-bf6f-43f2-b578-2c20ed699f66-23456247935296","study_id":0,"datetime_start":"2026-07-24T11:46:24.564582"}
{"op_code":9,"worker_id":"3d843a1b-bf6f-43f2-b578-2c20ed699f66-23456247935296","trial_id":23,"system_attr":{"tpe:relative_params:0":"{\"lr\": 0.010607314277838899, \"ratio\": 0.24910074753368436}"}}
{"op_code":5,"worker_id":"3d843a1b-bf6f-43f2-b578-2c20ed699f66-23456247935296","trial_id":23,"param_name":"lr","param_value_internal":0.010607314277838899,"distribution":"{\"name\": \"FloatDistribution\", \"attributes\": {\"step\": null, \"low\": 1e-08, \"high\": 0.5, \"log\": true}}"}
{"op_code":5,"worker_id":"3d843a1b-bf6f-43f2-b578-2c20ed699f66-23456247935296","trial_id":23,"param_name":"ratio","param_value_internal":0.24910074753368436,"distribution":"{\"name\": \"FloatDistribution\", \"attributes\": {\"step\": null, \"low\": 0.1, \"high\": 100.0, \"log\": true}}"}
{"op_code":6,"worker_id":"3d843a1b-bf6f-43f2-b578-2c20ed699f66-23456247935296","trial_id":23,"state":3,"values":null,"datetime_complete":"2026-07-24T11:47:04.479509"}
{"op_code":0,"worker_id":"85c7f4d5-6fea-44d9-ab37-e1b99fad6fc6-23456247935296","study_name":"peter_nips_k5","directions":[2]}
{"op_code":4,"worker_id":"85c7f4d5-6fea-44d9-ab37-e1b99fad6fc6-23456247935296","study_id":0,"datetime_start":"2026-07-24T11:50:01.279940"}
{"op_code":9,"worker_id":"85c7f4d5-6fea-44d9-ab37-e1b99fad6fc6-23456247935296","trial_id":24,"system_attr":{"tpe:relative_params:0":"{\"lr\": 0.08981747328530977, \"ratio\": 0.3777355979453994}"}}
{"op_code":5,"worker_id":"85c7f4d5-6fea-44d9-ab37-e1b99fad6fc6-23456247935296","trial_id":24,"param_name":"lr","param_value_internal":0.08981747328530977,"distribution":"{\"name\": \"FloatDistribution\", \"attributes\": {\"step\": null, \"low\": 1e-08, \"high\": 0.5, \"log\": true}}"}
{"op_code":5,"worker_id":"85c7f4d5-6fea-44d9-ab37-e1b99fad6fc6-23456247935296","trial_id":24,"param_name":"ratio","param_value_internal":0.3777355979453994,"distribution":"{\"name\": \"FloatDistribution\", \"attributes\": {\"step\": null, \"low\": 0.1, \"high\": 100.0, \"log\": true}}"}
{"op_code":6,"worker_id":"85c7f4d5-6fea-44d9-ab37-e1b99fad6fc6-23456247935296","trial_id":24,"state":3,"values":null,"datetime_complete":"2026-07-24T11:50:33.082021"}
{"op_code":0,"worker_id":"ef4a9737-ae4a-4865-933e-53328287658d-23456247935296","study_name":"peter_nips_k5","directions":[2]}
{"op_code":4,"worker_id":"ef4a9737-ae4a-4865-933e-53328287658d-23456247935296","study_id":0,"datetime_start":"2026-07-24T11:53:18.101326"}
{"op_code":9,"worker_id":"ef4a9737-ae4a-4865-933e-53328287658d-23456247935296","trial_id":25,"system_attr":{"tpe:relative_params:0":"{\"lr\": 0.33039792135193596, \"ratio\": 24.217569132184757}"}}
{"op_code":5,"worker_id":"ef4a9737-ae4a-4865-933e-53328287658d-23456247935296","trial_id":25,"param_name":"lr","param_value_internal":0.33039792135193596,"distribution":"{\"name\": \"FloatDistribution\", \"attributes\": {\"step\": null, \"low\": 1e-08, \"high\": 0.5, \"log\": true}}"}
{"op_code":5,"worker_id":"ef4a9737-ae4a-4865-933e-53328287658d-23456247935296","trial_id":25,"param_name":"ratio","param_value_internal":24.217569132184757,"distribution":"{\"name\": \"FloatDistribution\", \"attributes\": {\"step\": null, \"low\": 0.1, \"high\": 100.0, \"log\": true}}"}
{"op_code":6,"worker_id":"ef4a9737-ae4a-4865-933e-53328287658d-23456247935296","trial_id":25,"state":3,"values":null,"datetime_complete":"2026-07-24T11:53:46.203031"}
{"op_code":0,"worker_id":"71025f1b-ff01-49d0-a23f-aace1aa19111-23456247935296","study_name":"peter_nips_k5","directions":[2]}
{"op_code":4,"worker_id":"71025f1b-ff01-49d0-a23f-aace1aa19111-23456247935296","study_id":0,"datetime_start":"2026-07-24T11:56:51.690290"}
{"op_code":9,"worker_id":"71025f1b-ff01-49d0-a23f-aace1aa19111-23456247935296","trial_id":26,"system_attr":{"tpe:relative_params:0":"{\"lr\": 0.031327652671962414, \"ratio\": 0.23661620344449003}"}}
{"op_code":5,"worker_id":"71025f1b-ff01-49d0-a23f-aace1aa19111-23456247935296","trial_id":26,"param_name":"lr","param_value_internal":0.031327652671962414,"distribution":"{\"name\": \"FloatDistribution\", \"attributes\": {\"step\": null, \"low\": 1e-08, \"high\": 0.5, \"log\": true}}"}
{"op_code":5,"worker_id":"71025f1b-ff01-49d0-a23f-aace1aa19111-23456247935296","trial_id":26,"param_name":"ratio","param_value_internal":0.23661620344449003,"distribution":"{\"name\": \"FloatDistribution\", \"attributes\": {\"step\": null, \"low\": 0.1, \"high\": 100.0, \"log\": true}}"}
{"op_code":6,"worker_id":"71025f1b-ff01-49d0-a23f-aace1aa19111-23456247935296","trial_id":26,"state":3,"values":null,"datetime_complete":"2026-07-24T11:57:23.555912"}
{"op_code":0,"worker_id":"b52b92f8-66f1-49db-bd63-39dfb89426c5-23456247935296","study_name":"peter_nips_k5","directions":[2]}
{"op_code":4,"worker_id":"b52b92f8-66f1-49db-bd63-39dfb89426c5-23456247935296","study_id":0,"datetime_start":"2026-07-24T12:00:50.504640"}
{"op_code":9,"worker_id":"b52b92f8-66f1-49db-bd63-39dfb89426c5-23456247935296","trial_id":27,"system_attr":{"tpe:relative_params:0":"{\"lr\": 0.25902862581349156, \"ratio\": 0.14759808230572713}"}}
{"op_code":5,"worker_id":"b52b92f8-66f1-49db-bd63-39dfb89426c5-23456247935296","trial_id":27,"param_name":"lr","param_value_internal":0.25902862581349156,"distribution":"{\"name\": \"FloatDistribution\", \"attributes\": {\"step\": null, \"low\": 1e-08, \"high\": 0.5, \"log\": true}}"}
{"op_code":5,"worker_id":"b52b92f8-66f1-49db-bd63-39dfb89426c5-23456247935296","trial_id":27,"param_name":"ratio","param_value_internal":0.14759808230572713,"distribution":"{\"name\": \"FloatDistribution\", \"attributes\": {\"step\": null, \"low\": 0.1, \"high\": 100.0, \"log\": true}}"}
{"op_code":6,"worker_id":"b52b92f8-66f1-49db-bd63-39dfb89426c5-23456247935296","trial_id":27,"state":3,"values":null,"datetime_complete":"2026-07-24T12:01:39.380901"}
{"op_code":0,"worker_id":"f4cff98a-6b59-4960-9a90-702086f65beb-23456247935296","study_name":"peter_nips_k5","directions":[2]}
{"op_code":4,"worker_id":"f4cff98a-6b59-4960-9a90-702086f65beb-23456247935296","study_id":0,"datetime_start":"2026-07-24T12:04:34.779887"}
{"op_code":9,"worker_id":"f4cff98a-6b59-4960-9a90-702086f65beb-23456247935296","trial_id":28,"system_attr":{"tpe:relative_params:0":"{\"lr\": 0.05237967638501116, \"ratio\": 0.28098860496821226}"}}
{"op_code":5,"worker_id":"f4cff98a-6b59-4960-9a90-702086f65beb-23456247935296","trial_id":28,"param_name":"lr","param_value_internal":0.05237967638501116,"distribution":"{\"name\": \"FloatDistribution\", \"attributes\": {\"step\": null, \"low\": 1e-08, \"high\": 0.5, \"log\": true}}"}
{"op_code":5,"worker_id":"f4cff98a-6b59-4960-9a90-702086f65beb-23456247935296","trial_id":28,"param_name":"ratio","param_value_internal":0.28098860496821226,"distribution":"{\"name\": \"FloatDistribution\", \"attributes\": {\"step\": null, \"low\": 0.1, \"high\": 100.0, \"log\": true}}"}
{"op_code":6,"worker_id":"f4cff98a-6b59-4960-9a90-702086f65beb-23456247935296","trial_id":28,"state":3,"values":null,"datetime_complete":"2026-07-24T12:05:04.955432"}
{"op_code":0,"worker_id":"3e4866e2-b5d0-46c3-a347-5ee3c5fcf4a9-23456247935296","study_name":"peter_nips_k5","directions":[2]}
{"op_code":4,"worker_id":"3e4866e2-b5d0-46c3-a347-5ee3c5fcf4a9-23456247935296","study_id":0,"datetime_start":"2026-07-24T12:08:01.428068"}
{"op_code":9,"worker_id":"3e4866e2-b5d0-46c3-a347-5ee3c5fcf4a9-23456247935296","trial_id":29,"system_attr":{"tpe:relative_params:0":"{\"lr\": 0.01098906516422594, \"ratio\": 0.1911413651588935}"}}
{"op_code":5,"worker_id":"3e4866e2-b5d0-46c3-a347-5ee3c5fcf4a9-23456247935296","trial_id":29,"param_name":"lr","param_value_internal":0.01098906516422594,"distribution":"{\"name\": \"FloatDistribution\", \"attributes\": {\"step\": null, \"low\": 1e-08, \"high\": 0.5, \"log\": true}}"}
{"op_code":5,"worker_id":"3e4866e2-b5d0-46c3-a347-5ee3c5fcf4a9-23456247935296","trial_id":29,"param_name":"ratio","param_value_internal":0.1911413651588935,"distribution":"{\"name\": \"FloatDistribution\", \"attributes\": {\"step\": null, \"low\": 0.1, \"high\": 100.0, \"log\": true}}"}
{"op_code":6,"worker_id":"3e4866e2-b5d0-46c3-a347-5ee3c5fcf4a9-23456247935296","trial_id":29,"state":3,"values":null,"datetime_complete":"2026-07-24T12:09:22.569055"}
{"op_code":0,"worker_id":"827fb446-d380-4ad4-99f0-427392bc317e-23456247935296","study_name":"peter_nips_k5","directions":[2]}
{"op_code":4,"worker_id":"827fb446-d380-4ad4-99f0-427392bc317e-23456247935296","study_id":0,"datetime_start":"2026-07-24T12:12:05.610713"}
{"op_code":9,"worker_id":"827fb446-d380-4ad4-99f0-427392bc317e-23456247935296","trial_id":30,"system_attr":{"tpe:relative_params:0":"{\"lr\": 0.012085378192068617, \"ratio\": 0.15742884746829358}"}}
{"op_code":5,"worker_id":"827fb446-d380-4ad4-99f0-427392bc317e-23456247935296","trial_id":30,"param_name":"lr","param_value_internal":0.012085378192068617,"distribution":"{\"name\": \"FloatDistribution\", \"attributes\": {\"step\": null, \"low\": 1e-08, \"high\": 0.5, \"log\": true}}"}
{"op_code":5,"worker_id":"827fb446-d380-4ad4-99f0-427392bc317e-23456247935296","trial_id":30,"param_name":"ratio","param_value_internal":0.15742884746829358,"distribution":"{\"name\": \"FloatDistribution\", \"attributes\": {\"step\": null, \"low\": 0.1, \"high\": 100.0, \"log\": true}}"}
{"op_code":6,"worker_id":"827fb446-d380-4ad4-99f0-427392bc317e-23456247935296","trial_id":30,"state":3,"values":null,"datetime_complete":"2026-07-24T12:13:29.279287"}
{"op_code":0,"worker_id":"249f2dd7-80b0-44a5-8119-de0b135600be-23456247935296","study_name":"peter_nips_k5","directions":[2]}
{"op_code":4,"worker_id":"249f2dd7-80b0-44a5-8119-de0b135600be-23456247935296","study_id":0,"datetime_start":"2026-07-24T12:16:13.252761"}
{"op_code":9,"worker_id":"249f2dd7-80b0-44a5-8119-de0b135600be-23456247935296","trial_id":31,"system_attr":{"tpe:relative_params:0":"{\"lr\": 0.018485038490305764, \"ratio\": 0.2121891137341742}"}}
{"op_code":5,"worker_id":"249f2dd7-80b0-44a5-8119-de0b135600be-23456247935296","trial_id":31,"param_name":"lr","param_value_internal":0.018485038490305764,"distribution":"{\"name\": \"FloatDistribution\", \"attributes\": {\"step\": null, \"low\": 1e-08, \"high\": 0.5, \"log\": true}}"}
{"op_code":5,"worker_id":"249f2dd7-80b0-44a5-8119-de0b135600be-23456247935296","trial_id":31,"param_name":"ratio","param_value_internal":0.2121891137341742,"distribution":"{\"name\": \"FloatDistribution\", \"attributes\": {\"step\": null, \"low\": 0.1, \"high\": 100.0, \"log\": true}}"}
{"op_code":6,"worker_id":"249f2dd7-80b0-44a5-8119-de0b135600be-23456247935296","trial_id":31,"state":3,"values":null,"datetime_complete":"2026-07-24T12:16:50.435573"}
{"op_code":0,"worker_id":"8ce396e0-b57f-4b13-9f95-40a3c4568811-23456247935296","study_name":"peter_nips_k5","directions":[2]}
{"op_code":4,"worker_id":"8ce396e0-b57f-4b13-9f95-40a3c4568811-23456247935296","study_id":0,"datetime_start":"2026-07-24T12:19:29.640185"}
{"op_code":9,"worker_id":"8ce396e0-b57f-4b13-9f95-40a3c4568811-23456247935296","trial_id":32,"system_attr":{"tpe:relative_params:0":"{\"lr\": 0.2138912476153247, \"ratio\": 0.44192292526467175}"}}
{"op_code":5,"worker_id":"8ce396e0-b57f-4b13-9f95-40a3c4568811-23456247935296","trial_id":32,"param_name":"lr","param_value_internal":0.2138912476153247,"distribution":"{\"name\": \"FloatDistribution\", \"attributes\": {\"step\": null, \"low\": 1e-08, \"high\": 0.5, \"log\": true}}"}
{"op_code":5,"worker_id":"8ce396e0-b57f-4b13-9f95-40a3c4568811-23456247935296","trial_id":32,"param_name":"ratio","param_value_internal":0.44192292526467175,"distribution":"{\"name\": \"FloatDistribution\", \"attributes\": {\"step\": null, \"low\": 0.1, \"high\": 100.0, \"log\": true}}"}
{"op_code":6,"worker_id":"8ce396e0-b57f-4b13-9f95-40a3c4568811-23456247935296","trial_id":32,"state":3,"values":null,"datetime_complete":"2026-07-24T12:20:07.098185"}
{"op_code":0,"worker_id":"9944d487-b226-4651-9e3e-a3b7c49a444c-23456247935296","study_name":"peter_nips_k5","directions":[2]}
{"op_code":4,"worker_id":"9944d487-b226-4651-9e3e-a3b7c49a444c-23456247935296","study_id":0,"datetime_start":"2026-07-24T12:23:46.913962"}
{"op_code":9,"worker_id":"9944d487-b226-4651-9e3e-a3b7c49a444c-23456247935296","trial_id":33,"system_attr":{"tpe:relative_params:0":"{\"lr\": 0.1057106764449993, \"ratio\": 0.31057047829205175}"}}
{"op_code":5,"worker_id":"9944d487-b226-4651-9e3e-a3b7c49a444c-23456247935296","trial_id":33,"param_name":"lr","param_value_internal":0.1057106764449993,"distribution":"{\"name\": \"FloatDistribution\", \"attributes\": {\"step\": null, \"low\": 1e-08, \"high\": 0.5, \"log\": true}}"}
{"op_code":5,"worker_id":"9944d487-b226-4651-9e3e-a3b7c49a444c-23456247935296","trial_id":33,"param_name":"ratio","param_value_internal":0.31057047829205175,"distribution":"{\"name\": \"FloatDistribution\", \"attributes\": {\"step\": null, \"low\": 0.1, \"high\": 100.0, \"log\": true}}"}
{"op_code":6,"worker_id":"9944d487-b226-4651-9e3e-a3b7c49a444c-23456247935296","trial_id":33,"state":3,"values":null,"datetime_complete":"2026-07-24T12:25:00.197342"}
{"op_code":0,"worker_id":"bd4a6aec-5995-40a8-87fc-d8bfc0f65952-23456247935296","study_name":"peter_nips_k5","directions":[2]}
{"op_code":4,"worker_id":"bd4a6aec-5995-40a8-87fc-d8bfc0f65952-23456247935296","study_id":0,"datetime_start":"2026-07-24T12:29:41.677717"}
{"op_code":9,"worker_id":"bd4a6aec-5995-40a8-87fc-d8bfc0f65952-23456247935296","trial_id":34,"system_attr":{"tpe:relative_params:0":"{\"lr\": 0.009129786268417255, \"ratio\": 0.2910475009854654}"}}
{"op_code":5,"worker_id":"bd4a6aec-5995-40a8-87fc-d8bfc0f65952-23456247935296","trial_id":34,"param_name":"lr","param_value_internal":0.009129786268417255,"distribution":"{\"name\": \"FloatDistribution\", \"attributes\": {\"step\": null, \"low\": 1e-08, \"high\": 0.5, \"log\": true}}"}
{"op_code":5,"worker_id":"bd4a6aec-5995-40a8-87fc-d8bfc0f65952-23456247935296","trial_id":34,"param_name":"ratio","param_value_internal":0.2910475009854654,"distribution":"{\"name\": \"FloatDistribution\", \"attributes\": {\"step\": null, \"low\": 0.1, \"high\": 100.0, \"log\": true}}"}
{"op_code":6,"worker_id":"bd4a6aec-5995-40a8-87fc-d8bfc0f65952-23456247935296","trial_id":34,"state":3,"values":null,"datetime_complete":"2026-07-24T12:30:19.829490"}
{"op_code":0,"worker_id":"356c0cf0-0856-4405-a757-9aaec7fd5fb9-23456247935296","study_name":"peter_nips_k5","directions":[2]}
{"op_code":4,"worker_id":"356c0cf0-0856-4405-a757-9aaec7fd5fb9-23456247935296","study_id":0,"datetime_start":"2026-07-24T12:33:54.924925"}
{"op_code":9,"worker_id":"356c0cf0-0856-4405-a757-9aaec7fd5fb9-23456247935296","trial_id":35,"system_attr":{"tpe:relative_params:0":"{\"lr\": 0.04217921435240446, \"ratio\": 0.17836088856596213}"}}
{"op_code":5,"worker_id":"356c0cf0-0856-4405-a757-9aaec7fd5fb9-23456247935296","trial_id":35,"param_name":"lr","param_value_internal":0.04217921435240446,"distribution":"{\"name\": \"FloatDistribution\", \"attributes\": {\"step\": null, \"low\": 1e-08, \"high\": 0.5, \"log\": true}}"}
{"op_code":5,"worker_id":"356c0cf0-0856-4405-a757-9aaec7fd5fb9-23456247935296","trial_id":35,"param_name":"ratio","param_value_internal":0.17836088856596213,"distribution":"{\"name\": \"FloatDistribution\", \"attributes\": {\"step\": null, \"low\": 0.1, \"high\": 100.0, \"log\": true}}"}
{"op_code":6,"worker_id":"356c0cf0-0856-4405-a757-9aaec7fd5fb9-23456247935296","trial_id":35,"state":3,"values":null,"datetime_complete":"2026-07-24T12:35:07.910067"}
{"op_code":0,"worker_id":"c7965b38-3eab-4102-89bb-5867917ca6cc-23456247935296","study_name":"peter_nips_k5","directions":[2]}
{"op_code":4,"worker_id":"c7965b38-3eab-4102-89bb-5867917ca6cc-23456247935296","study_id":0,"datetime_start":"2026-07-24T12:38:13.034903"}
{"op_code":9,"worker_id":"c7965b38-3eab-4102-89bb-5867917ca6cc-23456247935296","trial_id":36,"system_attr":{"tpe:relative_params:0":"{\"lr\": 0.010085144498465643, \"ratio\": 0.20654262862047595}"}}
{"op_code":5,"worker_id":"c7965b38-3eab-4102-89bb-5867917ca6cc-23456247935296","trial_id":36,"param_name":"lr","param_value_internal":0.010085144498465643,"distribution":"{\"name\": \"FloatDistribution\", \"attributes\": {\"step\": null, \"low\": 1e-08, \"high\": 0.5, \"log\": true}}"}
{"op_code":5,"worker_id":"c7965b38-3eab-4102-89bb-5867917ca6cc-23456247935296","trial_id":36,"param_name":"ratio","param_value_internal":0.20654262862047595,"distribution":"{\"name\": \"FloatDistribution\", \"attributes\": {\"step\": null, \"low\": 0.1, \"high\": 100.0, \"log\": true}}"}
{"op_code":6,"worker_id":"c7965b38-3eab-4102-89bb-5867917ca6cc-23456247935296","trial_id":36,"state":3,"values":null,"datetime_complete":"2026-07-24T12:38:50.948320"}
{"op_code":0,"worker_id":"87994d13-6d7d-4a6b-b1d2-c86fd83b7a81-23456247935296","study_name":"peter_nips_k5","directions":[2]}
{"op_code":4,"worker_id":"87994d13-6d7d-4a6b-b1d2-c86fd83b7a81-23456247935296","study_id":0,"datetime_start":"2026-07-24T12:43:34.501082"}
{"op_code":9,"worker_id":"87994d13-6d7d-4a6b-b1d2-c86fd83b7a81-23456247935296","trial_id":37,"system_attr":{"tpe:relative_params:0":"{\"lr\": 0.1762638406091243, \"ratio\": 0.2326786497314482}"}}
{"op_code":5,"worker_id":"87994d13-6d7d-4a6b-b1d2-c86fd83b7a81-23456247935296","trial_id":37,"param_name":"lr","param_value_internal":0.1762638406091243,"distribution":"{\"name\": \"FloatDistribution\", \"attributes\": {\"step\": null, \"low\": 1e-08, \"high\": 0.5, \"log\": true}}"}
{"op_code":5,"worker_id":"87994d13-6d7d-4a6b-b1d2-c86fd83b7a81-23456247935296","trial_id":37,"param_name":"ratio","param_value_internal":0.2326786497314482,"distribution":"{\"name\": \"FloatDistribution\", \"attributes\": {\"step\": null, \"low\": 0.1, \"high\": 100.0, \"log\": true}}"}
{"op_code":6,"worker_id":"87994d13-6d7d-4a6b-b1d2-c86fd83b7a81-23456247935296","trial_id":37,"state":3,"values":null,"datetime_complete":"2026-07-24T12:44:05.190018"}
{"op_code":0,"worker_id":"97f7b5b9-5144-4aac-8f57-9d66e18531e8-23456247935296","study_name":"peter_nips_k5","directions":[2]}
{"op_code":4,"worker_id":"97f7b5b9-5144-4aac-8f57-9d66e18531e8-23456247935296","study_id":0,"datetime_start":"2026-07-24T12:48:33.140450"}
{"op_code":9,"worker_id":"97f7b5b9-5144-4aac-8f57-9d66e18531e8-23456247935296","trial_id":38,"system_attr":{"tpe:relative_params:0":"{\"lr\": 0.028356764485713205, \"ratio\": 0.42248320183457644}"}}
{"op_code":5,"worker_id":"97f7b5b9-5144-4aac-8f57-9d66e18531e8-23456247935296","trial_id":38,"param_name":"lr","param_value_internal":0.028356764485713205,"distribution":"{\"name\": \"FloatDistribution\", \"attributes\": {\"step\": null, \"low\": 1e-08, \"high\": 0.5, \"log\": true}}"}
{"op_code":5,"worker_id":"97f7b5b9-5144-4aac-8f57-9d66e18531e8-23456247935296","trial_id":38,"param_name":"ratio","param_value_internal":0.42248320183457644,"distribution":"{\"name\": \"FloatDistribution\", \"attributes\": {\"step\": null, \"low\": 0.1, \"high\": 100.0, \"log\": true}}"}
{"op_code":6,"worker_id":"97f7b5b9-5144-4aac-8f57-9d66e18531e8-23456247935296","trial_id":38,"state":3,"values":null,"datetime_complete":"2026-07-24T12:49:35.910435"}
{"op_code":0,"worker_id":"89e1824f-fdbf-4300-99d2-578fb42dce23-23456247935296","study_name":"peter_nips_k5","directions":[2]}
{"op_code":4,"worker_id":"89e1824f-fdbf-4300-99d2-578fb42dce23-23456247935296","study_id":0,"datetime_start":"2026-07-24T12:52:59.284755"}
{"op_code":9,"worker_id":"89e1824f-fdbf-4300-99d2-578fb42dce23-23456247935296","trial_id":39,"system_attr":{"tpe:relative_params:0":"{\"lr\": 0.03297576681762049, \"ratio\": 0.14727251044160813}"}}
{"op_code":5,"worker_id":"89e1824f-fdbf-4300-99d2-578fb42dce23-23456247935296","trial_id":39,"param_name":"lr","param_value_internal":0.03297576681762049,"distribution":"{\"name\": \"FloatDistribution\", \"attributes\": {\"step\": null, \"low\": 1e-08, \"high\": 0.5, \"log\": true}}"}
{"op_code":5,"worker_id":"89e1824f-fdbf-4300-99d2-578fb42dce23-23456247935296","trial_id":39,"param_name":"ratio","param_value_internal":0.14727251044160813,"distribution":"{\"name\": \"FloatDistribution\", \"attributes\": {\"step\": null, \"low\": 0.1, \"high\": 100.0, \"log\": true}}"}
{"op_code":6,"worker_id":"89e1824f-fdbf-4300-99d2-578fb42dce23-23456247935296","trial_id":39,"state":3,"values":null,"datetime_complete":"2026-07-24T12:53:33.378144"}
{"op_code":0,"worker_id":"015150d0-8a6d-45a9-a5f8-a63e0001dbea-23456247935296","study_name":"peter_nips_k5","directions":[2]}
{"op_code":4,"worker_id":"015150d0-8a6d-45a9-a5f8-a63e0001dbea-23456247935296","study_id":0,"datetime_start":"2026-07-24T12:57:31.008322"}
{"op_code":9,"worker_id":"015150d0-8a6d-45a9-a5f8-a63e0001dbea-23456247935296","trial_id":40,"system_attr":{"tpe:relative_params:0":"{\"lr\": 0.048015922784057294, \"ratio\": 0.10968467745300528}"}}
{"op_code":5,"worker_id":"015150d0-8a6d-45a9-a5f8-a63e0001dbea-23456247935296","trial_id":40,"param_name":"lr","param_value_internal":0.048015922784057294,"distribution":"{\"name\": \"FloatDistribution\", \"attributes\": {\"step\": null, \"low\": 1e-08, \"high\": 0.5, \"log\": true}}"}
{"op_code":5,"worker_id":"015150d0-8a6d-45a9-a5f8-a63e0001dbea-23456247935296","trial_id":40,"param_name":"ratio","param_value_internal":0.10968467745300528,"distribution":"{\"name\": \"FloatDistribution\", \"attributes\": {\"step\": null, \"low\": 0.1, \"high\": 100.0, \"log\": true}}"}
{"op_code":6,"worker_id":"015150d0-8a6d-45a9-a5f8-a63e0001dbea-23456247935296","trial_id":40,"state":3,"values":null,"datetime_complete":"2026-07-24T12:58:07.210615"}
{"op_code":0,"worker_id":"4da6f979-3f21-4bb6-a357-e70b921bde0e-23456247935296","study_name":"peter_nips_k5","directions":[2]}
{"op_code":4,"worker_id":"4da6f979-3f21-4bb6-a357-e70b921bde0e-23456247935296","study_id":0,"datetime_start":"2026-07-24T13:01:28.394834"}
{"op_code":9,"worker_id":"4da6f979-3f21-4bb6-a357-e70b921bde0e-23456247935296","trial_id":41,"system_attr":{"tpe:relative_params:0":"{\"lr\": 0.12403526785008231, \"ratio\": 0.5428019697132248}"}}
{"op_code":5,"worker_id":"4da6f979-3f21-4bb6-a357-e70b921bde0e-23456247935296","trial_id":41,"param_name":"lr","param_value_internal":0.12403526785008231,"distribution":"{\"name\": \"FloatDistribution\", \"attributes\": {\"step\": null, \"low\": 1e-08, \"high\": 0.5, \"log\": true}}"}
{"op_code":5,"worker_id":"4da6f979-3f21-4bb6-a357-e70b921bde0e-23456247935296","trial_id":41,"param_name":"ratio","param_value_internal":0.5428019697132248,"distribution":"{\"name\": \"FloatDistribution\", \"attributes\": {\"step\": null, \"low\": 0.1, \"high\": 100.0, \"log\": true}}"}
{"op_code":6,"worker_id":"4da6f979-3f21-4bb6-a357-e70b921bde0e-23456247935296","trial_id":41,"state":3,"values":null,"datetime_complete":"2026-07-24T13:02:04.083907"}
{"op_code":0,"worker_id":"29d9434e-e003-4b85-9ff1-d6eaafb829ba-23456247935296","study_name":"peter_nips_k5","directions":[2]}
{"op_code":4,"worker_id":"29d9434e-e003-4b85-9ff1-d6eaafb829ba-23456247935296","study_id":0,"datetime_start":"2026-07-24T13:05:48.104127"}
{"op_code":9,"worker_id":"29d9434e-e003-4b85-9ff1-d6eaafb829ba-23456247935296","trial_id":42,"system_attr":{"tpe:relative_params:0":"{\"lr\": 0.012857923488301481, \"ratio\": 0.6240482051040167}"}}
{"op_code":5,"worker_id":"29d9434e-e003-4b85-9ff1-d6eaafb829ba-23456247935296","trial_id":42,"param_name":"lr","param_value_internal":0.012857923488301481,"distribution":"{\"name\": \"FloatDistribution\", \"attributes\": {\"step\": null, \"low\": 1e-08, \"high\": 0.5, \"log\": true}}"}
{"op_code":5,"worker_id":"29d9434e-e003-4b85-9ff1-d6eaafb829ba-23456247935296","trial_id":42,"param_name":"ratio","param_value_internal":0.6240482051040167,"distribution":"{\"name\": \"FloatDistribution\", \"attributes\": {\"step\": null, \"low\": 0.1, \"high\": 100.0, \"log\": true}}"}
{"op_code":6,"worker_id":"29d9434e-e003-4b85-9ff1-d6eaafb829ba-23456247935296","trial_id":42,"state":3,"values":null,"datetime_complete":"2026-07-24T13:06:28.729666"}
{"op_code":0,"worker_id":"8af75c58-78f3-4288-820c-1af6208c7b55-23456247935296","study_name":"peter_nips_k5","directions":[2]}
{"op_code":4,"worker_id":"8af75c58-78f3-4288-820c-1af6208c7b55-23456247935296","study_id":0,"datetime_start":"2026-07-24T13:10:20.267449"}
{"op_code":9,"worker_id":"8af75c58-78f3-4288-820c-1af6208c7b55-23456247935296","trial_id":43,"system_attr":{"tpe:relative_params:0":"{\"lr\": 0.031144956919407652, \"ratio\": 0.10446726462770928}"}}
{"op_code":5,"worker_id":"8af75c58-78f3-4288-820c-1af6208c7b55-23456247935296","trial_id":43,"param_name":"lr","param_value_internal":0.031144956919407652,"distribution":"{\"name\": \"FloatDistribution\", \"attributes\": {\"step\": null, \"low\": 1e-08, \"high\": 0.5, \"log\": true}}"}
{"op_code":5,"worker_id":"8af75c58-78f3-4288-820c-1af6208c7b55-23456247935296","trial_id":43,"param_name":"ratio","param_value_internal":0.10446726462770928,"distribution":"{\"name\": \"FloatDistribution\", \"attributes\": {\"step\": null, \"low\": 0.1, \"high\": 100.0, \"log\": true}}"}
{"op_code":6,"worker_id":"8af75c58-78f3-4288-820c-1af6208c7b55-23456247935296","trial_id":43,"state":3,"values":null,"datetime_complete":"2026-07-24T13:10:48.479237"}
{"op_code":0,"worker_id":"db0878ce-7100-41e1-9b7b-76c98785da1b-23456247935296","study_name":"peter_nips_k5","directions":[2]}
{"op_code":4,"worker_id":"db0878ce-7100-41e1-9b7b-76c98785da1b-23456247935296","study_id":0,"datetime_start":"2026-07-24T13:15:19.983016"}
{"op_code":9,"worker_id":"db0878ce-7100-41e1-9b7b-76c98785da1b-23456247935296","trial_id":44,"system_attr":{"tpe:relative_params:0":"{\"lr\": 0.0005958437368458304, \"ratio\": 0.2761967569026636}"}}
{"op_code":5,"worker_id":"db0878ce-7100-41e1-9b7b-76c98785da1b-23456247935296","trial_id":44,"param_name":"lr","param_value_internal":0.0005958437368458304,"distribution":"{\"name\": \"FloatDistribution\", \"attributes\": {\"step\": null, \"low\": 1e-08, \"high\": 0.5, \"log\": true}}"}
{"op_code":5,"worker_id":"db0878ce-7100-41e1-9b7b-76c98785da1b-23456247935296","trial_id":44,"param_name":"ratio","param_value_internal":0.2761967569026636,"distribution":"{\"name\": \"FloatDistribution\", \"attributes\": {\"step\": null, \"low\": 0.1, \"high\": 100.0, \"log\": true}}"}
{"op_code":6,"worker_id":"db0878ce-7100-41e1-9b7b-76c98785da1b-23456247935296","trial_id":44,"state":3,"values":null,"datetime_complete":"2026-07-24T13:16:44.837419"}
{"op_code":0,"worker_id":"98c8934e-da16-4025-a5d6-7b56f0b2cbc6-23456247935296","study_name":"peter_nips_k5","directions":[2]}
{"op_code":4,"worker_id":"98c8934e-da16-4025-a5d6-7b56f0b2cbc6-23456247935296","study_id":0,"datetime_start":"2026-07-24T13:18:59.554560"}
{"op_code":9,"worker_id":"98c8934e-da16-4025-a5d6-7b56f0b2cbc6-23456247935296","trial_id":45,"system_attr":{"tpe:relative_params:0":"{\"lr\": 0.011725021006533623, \"ratio\": 0.18184741975242044}"}}
{"op_code":5,"worker_id":"98c8934e-da16-4025-a5d6-7b56f0b2cbc6-23456247935296","trial_id":45,"param_name":"lr","param_value_internal":0.011725021006533623,"distribution":"{\"name\": \"FloatDistribution\", \"attributes\": {\"step\": null, \"low\": 1e-08, \"high\": 0.5, \"log\": true}}"}
{"op_code":5,"worker_id":"98c8934e-da16-4025-a5d6-7b56f0b2cbc6-23456247935296","trial_id":45,"param_name":"ratio","param_value_internal":0.18184741975242044,"distribution":"{\"name\": \"FloatDistribution\", \"attributes\": {\"step\": null, \"low\": 0.1, \"high\": 100.0, \"log\": true}}"}
{"op_code":6,"worker_id":"98c8934e-da16-4025-a5d6-7b56f0b2cbc6-23456247935296","trial_id":45,"state":3,"values":null,"datetime_complete":"2026-07-24T13:19:56.656089"}
{"op_code":0,"worker_id":"270d92cf-2e27-4b48-a4db-8be1b18239b0-23456247935296","study_name":"peter_nips_k5","directions":[2]}
{"op_code":4,"worker_id":"270d92cf-2e27-4b48-a4db-8be1b18239b0-23456247935296","study_id":0,"datetime_start":"2026-07-24T13:21:58.558312"}
{"op_code":9,"worker_id":"270d92cf-2e27-4b48-a4db-8be1b18239b0-23456247935296","trial_id":46,"system_attr":{"tpe:relative_params:0":"{\"lr\": 0.03776382531996973, \"ratio\": 0.15794397248336195}"}}
{"op_code":5,"worker_id":"270d92cf-2e27-4b48-a4db-8be1b18239b0-23456247935296","trial_id":46,"param_name":"lr","param_value_internal":0.03776382531996973,"distribution":"{\"name\": \"FloatDistribution\", \"attributes\": {\"step\": null, \"low\": 1e-08, \"high\": 0.5, \"log\": true}}"}
{"op_code":5,"worker_id":"270d92cf-2e27-4b48-a4db-8be1b18239b0-23456247935296","trial_id":46,"param_name":"ratio","param_value_internal":0.15794397248336195,"distribution":"{\"name\": \"FloatDistribution\", \"attributes\": {\"step\": null, \"low\": 0.1, \"high\": 100.0, \"log\": true}}"}
{"op_code":6,"worker_id":"270d92cf-2e27-4b48-a4db-8be1b18239b0-23456247935296","trial_id":46,"state":3,"values":null,"datetime_complete":"2026-07-24T13:22:33.546434"}
{"op_code":0,"worker_id":"bda2c3f9-c518-4892-b9de-45dae8cc1dc6-23456247935296","study_name":"peter_nips_k5","directions":[2]}
{"op_code":4,"worker_id":"bda2c3f9-c518-4892-b9de-45dae8cc1dc6-23456247935296","study_id":0,"datetime_start":"2026-07-24T13:24:51.266641"}
{"op_code":9,"worker_id":"bda2c3f9-c518-4892-b9de-45dae8cc1dc6-23456247935296","trial_id":47,"system_attr":{"tpe:relative_params:0":"{\"lr\": 0.04175901485041963, \"ratio\": 0.3834637391985794}"}}
{"op_code":5,"worker_id":"bda2c3f9-c518-4892-b9de-45dae8cc1dc6-23456247935296","trial_id":47,"param_name":"lr","param_value_internal":0.04175901485041963,"distribution":"{\"name\": \"FloatDistribution\", \"attributes\": {\"step\": null, \"low\": 1e-08, \"high\": 0.5, \"log\": true}}"}
{"op_code":5,"worker_id":"bda2c3f9-c518-4892-b9de-45dae8cc1dc6-23456247935296","trial_id":47,"param_name":"ratio","param_value_internal":0.3834637391985794,"distribution":"{\"name\": \"FloatDistribution\", \"attributes\": {\"step\": null, \"low\": 0.1, \"high\": 100.0, \"log\": true}}"}
{"op_code":6,"worker_id":"bda2c3f9-c518-4892-b9de-45dae8cc1dc6-23456247935296","trial_id":47,"state":3,"values":null,"datetime_complete":"2026-07-24T13:25:59.470079"}
{"op_code":0,"worker_id":"7fa53dd2-a001-4a23-bf79-78db7f298a79-23456247935296","study_name":"peter_nips_k5","directions":[2]}
{"op_code":4,"worker_id":"7fa53dd2-a001-4a23-bf79-78db7f298a79-23456247935296","study_id":0,"datetime_start":"2026-07-24T13:28:09.649950"}
{"op_code":9,"worker_id":"7fa53dd2-a001-4a23-bf79-78db7f298a79-23456247935296","trial_id":48,"system_attr":{"tpe:relative_params:0":"{\"lr\": 0.07391044755242598, \"ratio\": 0.10688871976603043}"}}
{"op_code":5,"worker_id":"7fa53dd2-a001-4a23-bf79-78db7f298a79-23456247935296","trial_id":48,"param_name":"lr","param_value_internal":0.07391044755242598,"distribution":"{\"name\": \"FloatDistribution\", \"attributes\": {\"step\": null, \"low\": 1e-08, \"high\": 0.5, \"log\": true}}"}
{"op_code":5,"worker_id":"7fa53dd2-a001-4a23-bf79-78db7f298a79-23456247935296","trial_id":48,"param_name":"ratio","param_value_internal":0.10688871976603043,"distribution":"{\"name\": \"FloatDistribution\", \"attributes\": {\"step\": null, \"low\": 0.1, \"high\": 100.0, \"log\": true}}"}
{"op_code":6,"worker_id":"7fa53dd2-a001-4a23-bf79-78db7f298a79-23456247935296","trial_id":48,"state":3,"values":null,"datetime_complete":"2026-07-24T13:28:39.455459"}
{"op_code":0,"worker_id":"02891444-5c0c-42a4-8769-b86e4d6c4b9e-23456247935296","study_name":"peter_nips_k5","directions":[2]}
{"op_code":4,"worker_id":"02891444-5c0c-42a4-8769-b86e4d6c4b9e-23456247935296","study_id":0,"datetime_start":"2026-07-24T13:31:52.445861"}
{"op_code":9,"worker_id":"02891444-5c0c-42a4-8769-b86e4d6c4b9e-23456247935296","trial_id":49,"system_attr":{"tpe:relative_params:0":"{\"lr\": 0.00522079998922151, \"ratio\": 0.17987312144882378}"}}
{"op_code":5,"worker_id":"02891444-5c0c-42a4-8769-b86e4d6c4b9e-23456247935296","trial_id":49,"param_name":"lr","param_value_internal":0.00522079998922151,"distribution":"{\"name\": \"FloatDistribution\", \"attributes\": {\"step\": null, \"low\": 1e-08, \"high\": 0.5, \"log\": true}}"}
{"op_code":5,"worker_id":"02891444-5c0c-42a4-8769-b86e4d6c4b9e-23456247935296","trial_id":49,"param_name":"ratio","param_value_internal":0.17987312144882378,"distribution":"{\"name\": \"FloatDistribution\", \"attributes\": {\"step\": null, \"low\": 0.1, \"high\": 100.0, \"log\": true}}"}
{"op_code":6,"worker_id":"02891444-5c0c-42a4-8769-b86e4d6c4b9e-23456247935296","trial_id":49,"state":3,"values":null,"datetime_complete":"2026-07-24T13:32:37.941505"}
{"op_code":0,"worker_id":"ed324453-bfa5-4417-9d11-0ba864f92da4-23456247935296","study_name":"peter_nips_k5","directions":[2]}
{"op_code":4,"worker_id":"ed324453-bfa5-4417-9d11-0ba864f92da4-23456247935296","study_id":0,"datetime_start":"2026-07-24T13:35:37.239736"}
{"op_code":9,"worker_id":"ed324453-bfa5-4417-9d11-0ba864f92da4-23456247935296","trial_id":50,"system_attr":{"tpe:relative_params:0":"{\"lr\": 0.05338007948463515, \"ratio\": 0.22548200437583937}"}}
{"op_code":5,"worker_id":"ed324453-bfa5-4417-9d11-0ba864f92da4-23456247935296","trial_id":50,"param_name":"lr","param_value_internal":0.05338007948463515,"distribution":"{\"name\": \"FloatDistribution\", \"attributes\": {\"step\": null, \"low\": 1e-08, \"high\": 0.5, \"log\": true}}"}
{"op_code":5,"worker_id":"ed324453-bfa5-4417-9d11-0ba864f92da4-23456247935296","trial_id":50,"param_name":"ratio","param_value_internal":0.22548200437583937,"distribution":"{\"name\": \"FloatDistribution\", \"attributes\": {\"step\": null, \"low\": 0.1, \"high\": 100.0, \"log\": true}}"}
{"op_code":6,"worker_id":"ed324453-bfa5-4417-9d11-0ba864f92da4-23456247935296","trial_id":50,"state":3,"values":null,"datetime_complete":"2026-07-24T13:36:15.740655"}
{"op_code":0,"worker_id":"0251bc5d-efd1-44b9-abc9-4075a745aa97-23456247935296","study_name":"peter_nips_k5","directions":[2]}
{"op_code":4,"worker_id":"0251bc5d-efd1-44b9-abc9-4075a745aa97-23456247935296","study_id":0,"datetime_start":"2026-07-24T13:38:02.416697"}
{"op_code":9,"worker_id":"0251bc5d-efd1-44b9-abc9-4075a745aa97-23456247935296","trial_id":51,"system_attr":{"tpe:relative_params:0":"{\"lr\": 0.03313907535698838, \"ratio\": 0.23196415289346908}"}}
{"op_code":5,"worker_id":"0251bc5d-efd1-44b9-abc9-4075a745aa97-23456247935296","trial_id":51,"param_name":"lr","param_value_internal":0.03313907535698838,"distribution":"{\"name\": \"FloatDistribution\", \"attributes\": {\"step\": null, \"low\": 1e-08, \"high\": 0.5, \"log\": true}}"}
{"op_code":5,"worker_id":"0251bc5d-efd1-44b9-abc9-4075a745aa97-23456247935296","trial_id":51,"param_name":"ratio","param_value_internal":0.23196415289346908,"distribution":"{\"name\": \"FloatDistribution\", \"attributes\": {\"step\": null, \"low\": 0.1, \"high\": 100.0, \"log\": true}}"}
{"op_code":6,"worker_id":"0251bc5d-efd1-44b9-abc9-4075a745aa97-23456247935296","trial_id":51,"state":3,"values":null,"datetime_complete":"2026-07-24T13:39:04.833738"}
{"op_code":0,"worker_id":"68a9a51b-8e9c-4f75-9bbe-92c74863d6ba-23456247935296","study_name":"peter_nips_k5","directions":[2]}
{"op_code":0,"worker_id":"1de45f22-7498-49cb-9ff6-d064d48ec3d0-23456247935296","study_name":"peter_nips_k5","directions":[2]}
