{"op_code":0,"worker_id":"ee4f3fe9-e4ab-41cd-97f5-a77c45bc1f31-20268","study_name":"peter_plants_k3","directions":[2]}
{"op_code":0,"worker_id":"e77b5e8d-bc31-4ec2-8df6-c75ffcdc8c87-25052","study_name":"peter_plants_k3","directions":[2]}
{"op_code":4,"worker_id":"e77b5e8d-bc31-4ec2-8df6-c75ffcdc8c87-25052","study_id":0,"datetime_start":"2026-07-24T09:13:00.448011"}
{"op_code":5,"worker_id":"e77b5e8d-bc31-4ec2-8df6-c75ffcdc8c87-25052","trial_id":0,"param_name":"lr","param_value_internal":2.3862517000007746e-05,"distribution":"{\"name\": \"FloatDistribution\", \"attributes\": {\"step\": null, \"low\": 1e-08, \"high\": 0.5, \"log\": true}}"}
{"op_code":5,"worker_id":"e77b5e8d-bc31-4ec2-8df6-c75ffcdc8c87-25052","trial_id":0,"param_name":"ratio","param_value_internal":0.1439374262258769,"distribution":"{\"name\": \"FloatDistribution\", \"attributes\": {\"step\": null, \"low\": 0.1, \"high\": 100.0, \"log\": true}}"}
{"op_code":0,"worker_id":"6318b14d-e371-4ece-9de9-06cc5c158a02-16900","study_name":"peter_plants_k3","directions":[2]}
{"op_code":4,"worker_id":"6318b14d-e371-4ece-9de9-06cc5c158a02-16900","study_id":0,"datetime_start":"2026-07-24T09:13:01.589749"}
{"op_code":5,"worker_id":"6318b14d-e371-4ece-9de9-06cc5c158a02-16900","trial_id":1,"param_name":"lr","param_value_internal":7.972898853300943e-08,"distribution":"{\"name\": \"FloatDistribution\", \"attributes\": {\"step\": null, \"low\": 1e-08, \"high\": 0.5, \"log\": true}}"}
{"op_code":5,"worker_id":"6318b14d-e371-4ece-9de9-06cc5c158a02-16900","trial_id":1,"param_name":"ratio","param_value_internal":21.765271423633603,"distribution":"{\"name\": \"FloatDistribution\", \"attributes\": {\"step\": null, \"low\": 0.1, \"high\": 100.0, \"log\": true}}"}
{"op_code":0,"worker_id":"d24a38b4-2827-4e3a-b3a1-1edd4372f09c-16900","study_name":"peter_plants_k3","directions":[2]}
{"op_code":0,"worker_id":"c9b38f1b-0c3b-4483-95d1-fb9d2436623f-23456247935296","study_name":"peter_plants_k3","directions":[2]}
{"op_code":0,"worker_id":"8fb3b638-9715-4c15-a234-832a4e20c6cb-23456247935296","study_name":"peter_plants_k3","directions":[2]}
{"op_code":4,"worker_id":"8fb3b638-9715-4c15-a234-832a4e20c6cb-23456247935296","study_id":0,"datetime_start":"2026-07-24T10:21:57.243415"}
{"op_code":5,"worker_id":"8fb3b638-9715-4c15-a234-832a4e20c6cb-23456247935296","trial_id":2,"param_name":"lr","param_value_internal":5.118335203280886e-08,"distribution":"{\"name\": \"FloatDistribution\", \"attributes\": {\"step\": null, \"low\": 1e-08, \"high\": 0.5, \"log\": true}}"}
{"op_code":5,"worker_id":"8fb3b638-9715-4c15-a234-832a4e20c6cb-23456247935296","trial_id":2,"param_name":"ratio","param_value_internal":62.266207785831185,"distribution":"{\"name\": \"FloatDistribution\", \"attributes\": {\"step\": null, \"low\": 0.1, \"high\": 100.0, \"log\": true}}"}
{"op_code":0,"worker_id":"1ff7c0f7-294d-4d8a-aae3-eac881f94e66-23456247935296","study_name":"peter_plants_k3","directions":[2]}
{"op_code":4,"worker_id":"1ff7c0f7-294d-4d8a-aae3-eac881f94e66-23456247935296","study_id":0,"datetime_start":"2026-07-24T10:23:13.080375"}
{"op_code":5,"worker_id":"1ff7c0f7-294d-4d8a-aae3-eac881f94e66-23456247935296","trial_id":3,"param_name":"lr","param_value_internal":0.12479573903526008,"distribution":"{\"name\": \"FloatDistribution\", \"attributes\": {\"step\": null, \"low\": 1e-08, \"high\": 0.5, \"log\": true}}"}
{"op_code":5,"worker_id":"1ff7c0f7-294d-4d8a-aae3-eac881f94e66-23456247935296","trial_id":3,"param_name":"ratio","param_value_internal":17.493152369408374,"distribution":"{\"name\": \"FloatDistribution\", \"attributes\": {\"step\": null, \"low\": 0.1, \"high\": 100.0, \"log\": true}}"}
{"op_code":6,"worker_id":"8fb3b638-9715-4c15-a234-832a4e20c6cb-23456247935296","trial_id":2,"state":1,"values":[-38.78585035890309],"datetime_complete":"2026-07-24T10:23:20.522697"}
{"op_code":6,"worker_id":"1ff7c0f7-294d-4d8a-aae3-eac881f94e66-23456247935296","trial_id":3,"state":3,"values":null,"datetime_complete":"2026-07-24T10:23:23.024758"}
{"op_code":0,"worker_id":"0833e471-4454-42aa-aae5-4f3613df47e3-23456247935296","study_name":"peter_plants_k3","directions":[2]}
{"op_code":4,"worker_id":"0833e471-4454-42aa-aae5-4f3613df47e3-23456247935296","study_id":0,"datetime_start":"2026-07-24T10:26:27.454810"}
{"op_code":5,"worker_id":"0833e471-4454-42aa-aae5-4f3613df47e3-23456247935296","trial_id":4,"param_name":"lr","param_value_internal":0.00036523046427543393,"distribution":"{\"name\": \"FloatDistribution\", \"attributes\": {\"step\": null, \"low\": 1e-08, \"high\": 0.5, \"log\": true}}"}
{"op_code":5,"worker_id":"0833e471-4454-42aa-aae5-4f3613df47e3-23456247935296","trial_id":4,"param_name":"ratio","param_value_internal":1.7203624678653644,"distribution":"{\"name\": \"FloatDistribution\", \"attributes\": {\"step\": null, \"low\": 0.1, \"high\": 100.0, \"log\": true}}"}
{"op_code":6,"worker_id":"0833e471-4454-42aa-aae5-4f3613df47e3-23456247935296","trial_id":4,"state":1,"values":[-28.03902517912146],"datetime_complete":"2026-07-24T10:27:37.094861"}
{"op_code":0,"worker_id":"5fffc927-1513-4176-bea9-86ccc805c8ae-23456247935296","study_name":"peter_plants_k3","directions":[2]}
{"op_code":4,"worker_id":"5fffc927-1513-4176-bea9-86ccc805c8ae-23456247935296","study_id":0,"datetime_start":"2026-07-24T10:29:59.744402"}
{"op_code":5,"worker_id":"5fffc927-1513-4176-bea9-86ccc805c8ae-23456247935296","trial_id":5,"param_name":"lr","param_value_internal":1.3990916381327704e-07,"distribution":"{\"name\": \"FloatDistribution\", \"attributes\": {\"step\": null, \"low\": 1e-08, \"high\": 0.5, \"log\": true}}"}
{"op_code":5,"worker_id":"5fffc927-1513-4176-bea9-86ccc805c8ae-23456247935296","trial_id":5,"param_name":"ratio","param_value_internal":0.1297511223421285,"distribution":"{\"name\": \"FloatDistribution\", \"attributes\": {\"step\": null, \"low\": 0.1, \"high\": 100.0, \"log\": true}}"}
{"op_code":6,"worker_id":"5fffc927-1513-4176-bea9-86ccc805c8ae-23456247935296","trial_id":5,"state":1,"values":[-38.84143025064715],"datetime_complete":"2026-07-24T10:31:09.394216"}
{"op_code":0,"worker_id":"026efc03-34e7-41f6-b0f2-7dad454de56e-23456247935296","study_name":"peter_plants_k3","directions":[2]}
{"op_code":4,"worker_id":"026efc03-34e7-41f6-b0f2-7dad454de56e-23456247935296","study_id":0,"datetime_start":"2026-07-24T10:33:32.321036"}
{"op_code":5,"worker_id":"026efc03-34e7-41f6-b0f2-7dad454de56e-23456247935296","trial_id":6,"param_name":"lr","param_value_internal":0.00010039117924475876,"distribution":"{\"name\": \"FloatDistribution\", \"attributes\": {\"step\": null, \"low\": 1e-08, \"high\": 0.5, \"log\": true}}"}
{"op_code":5,"worker_id":"026efc03-34e7-41f6-b0f2-7dad454de56e-23456247935296","trial_id":6,"param_name":"ratio","param_value_internal":0.7931003548653828,"distribution":"{\"name\": \"FloatDistribution\", \"attributes\": {\"step\": null, \"low\": 0.1, \"high\": 100.0, \"log\": true}}"}
{"op_code":6,"worker_id":"026efc03-34e7-41f6-b0f2-7dad454de56e-23456247935296","trial_id":6,"state":1,"values":[-30.459700226937322],"datetime_complete":"2026-07-24T10:34:56.142843"}
{"op_code":0,"worker_id":"a1fc2973-d1a3-4d94-84ea-a74810138069-23456247935296","study_name":"peter_plants_k3","directions":[2]}
{"op_code":4,"worker_id":"a1fc2973-d1a3-4d94-84ea-a74810138069-23456247935296","study_id":0,"datetime_start":"2026-07-24T10:36:48.517613"}
{"op_code":5,"worker_id":"a1fc2973-d1a3-4d94-84ea-a74810138069-23456247935296","trial_id":7,"param_name":"lr","param_value_internal":8.207974865693998e-06,"distribution":"{\"name\": \"FloatDistribution\", \"attributes\": {\"step\": null, \"low\": 1e-08, \"high\": 0.5, \"log\": true}}"}
{"op_code":5,"worker_id":"a1fc2973-d1a3-4d94-84ea-a74810138069-23456247935296","trial_id":7,"param_name":"ratio","param_value_internal":0.6868743319483952,"distribution":"{\"name\": \"FloatDistribution\", \"attributes\": {\"step\": null, \"low\": 0.1, \"high\": 100.0, \"log\": true}}"}
{"op_code":6,"worker_id":"a1fc2973-d1a3-4d94-84ea-a74810138069-23456247935296","trial_id":7,"state":1,"values":[-37.24919412933091],"datetime_complete":"2026-07-24T10:38:13.403095"}
{"op_code":0,"worker_id":"64b2d4d6-0ad9-4cb6-8cd2-9290a56999ad-23456247935296","study_name":"peter_plants_k3","directions":[2]}
{"op_code":4,"worker_id":"64b2d4d6-0ad9-4cb6-8cd2-9290a56999ad-23456247935296","study_id":0,"datetime_start":"2026-07-24T10:40:35.946281"}
{"op_code":5,"worker_id":"64b2d4d6-0ad9-4cb6-8cd2-9290a56999ad-23456247935296","trial_id":8,"param_name":"lr","param_value_internal":6.88671279484108e-07,"distribution":"{\"name\": \"FloatDistribution\", \"attributes\": {\"step\": null, \"low\": 1e-08, \"high\": 0.5, \"log\": true}}"}
{"op_code":5,"worker_id":"64b2d4d6-0ad9-4cb6-8cd2-9290a56999ad-23456247935296","trial_id":8,"param_name":"ratio","param_value_internal":1.8069904473634837,"distribution":"{\"name\": \"FloatDistribution\", \"attributes\": {\"step\": null, \"low\": 0.1, \"high\": 100.0, \"log\": true}}"}
{"op_code":6,"worker_id":"64b2d4d6-0ad9-4cb6-8cd2-9290a56999ad-23456247935296","trial_id":8,"state":1,"values":[-38.03261370957406],"datetime_complete":"2026-07-24T10:41:45.600975"}
{"op_code":0,"worker_id":"9881c853-eec9-428c-a6a5-3ae89a9563f0-23456247935296","study_name":"peter_plants_k3","directions":[2]}
{"op_code":4,"worker_id":"9881c853-eec9-428c-a6a5-3ae89a9563f0-23456247935296","study_id":0,"datetime_start":"2026-07-24T10:44:38.318951"}
{"op_code":5,"worker_id":"9881c853-eec9-428c-a6a5-3ae89a9563f0-23456247935296","trial_id":9,"param_name":"lr","param_value_internal":0.04693579403652207,"distribution":"{\"name\": \"FloatDistribution\", \"attributes\": {\"step\": null, \"low\": 1e-08, \"high\": 0.5, \"log\": true}}"}
{"op_code":5,"worker_id":"9881c853-eec9-428c-a6a5-3ae89a9563f0-23456247935296","trial_id":9,"param_name":"ratio","param_value_internal":5.135447332872059,"distribution":"{\"name\": \"FloatDistribution\", \"attributes\": {\"step\": null, \"low\": 0.1, \"high\": 100.0, \"log\": true}}"}
{"op_code":6,"worker_id":"9881c853-eec9-428c-a6a5-3ae89a9563f0-23456247935296","trial_id":9,"state":3,"values":null,"datetime_complete":"2026-07-24T10:44:47.130470"}
{"op_code":0,"worker_id":"79fbce94-c217-4192-b2c3-73c3a152e3ff-23456247935296","study_name":"peter_plants_k3","directions":[2]}
{"op_code":4,"worker_id":"79fbce94-c217-4192-b2c3-73c3a152e3ff-23456247935296","study_id":0,"datetime_start":"2026-07-24T10:49:12.310566"}
{"op_code":5,"worker_id":"79fbce94-c217-4192-b2c3-73c3a152e3ff-23456247935296","trial_id":10,"param_name":"lr","param_value_internal":0.3097724163753861,"distribution":"{\"name\": \"FloatDistribution\", \"attributes\": {\"step\": null, \"low\": 1e-08, \"high\": 0.5, \"log\": true}}"}
{"op_code":5,"worker_id":"79fbce94-c217-4192-b2c3-73c3a152e3ff-23456247935296","trial_id":10,"param_name":"ratio","param_value_internal":97.28609815396143,"distribution":"{\"name\": \"FloatDistribution\", \"attributes\": {\"step\": null, \"low\": 0.1, \"high\": 100.0, \"log\": true}}"}
{"op_code":6,"worker_id":"79fbce94-c217-4192-b2c3-73c3a152e3ff-23456247935296","trial_id":10,"state":3,"values":null,"datetime_complete":"2026-07-24T10:49:17.273974"}
{"op_code":0,"worker_id":"8faafc5e-ff50-4a5f-a215-ab35fa4bdd0e-23456247935296","study_name":"peter_plants_k3","directions":[2]}
{"op_code":4,"worker_id":"8faafc5e-ff50-4a5f-a215-ab35fa4bdd0e-23456247935296","study_id":0,"datetime_start":"2026-07-24T10:53:28.130508"}
{"op_code":5,"worker_id":"8faafc5e-ff50-4a5f-a215-ab35fa4bdd0e-23456247935296","trial_id":11,"param_name":"lr","param_value_internal":4.323206877273957e-07,"distribution":"{\"name\": \"FloatDistribution\", \"attributes\": {\"step\": null, \"low\": 1e-08, \"high\": 0.5, \"log\": true}}"}
{"op_code":5,"worker_id":"8faafc5e-ff50-4a5f-a215-ab35fa4bdd0e-23456247935296","trial_id":11,"param_name":"ratio","param_value_internal":23.595022410363942,"distribution":"{\"name\": \"FloatDistribution\", \"attributes\": {\"step\": null, \"low\": 0.1, \"high\": 100.0, \"log\": true}}"}
{"op_code":6,"worker_id":"8faafc5e-ff50-4a5f-a215-ab35fa4bdd0e-23456247935296","trial_id":11,"state":1,"values":[-38.337441336210965],"datetime_complete":"2026-07-24T10:54:39.350294"}
{"op_code":0,"worker_id":"1b82e2da-34ad-493e-95c6-02be2bf01ddc-23456247935296","study_name":"peter_plants_k3","directions":[2]}
{"op_code":4,"worker_id":"1b82e2da-34ad-493e-95c6-02be2bf01ddc-23456247935296","study_id":0,"datetime_start":"2026-07-24T10:57:42.873056"}
{"op_code":5,"worker_id":"1b82e2da-34ad-493e-95c6-02be2bf01ddc-23456247935296","trial_id":12,"param_name":"lr","param_value_internal":3.339529392007771e-08,"distribution":"{\"name\": \"FloatDistribution\", \"attributes\": {\"step\": null, \"low\": 1e-08, \"high\": 0.5, \"log\": true}}"}
{"op_code":5,"worker_id":"1b82e2da-34ad-493e-95c6-02be2bf01ddc-23456247935296","trial_id":12,"param_name":"ratio","param_value_internal":2.0629728287125504,"distribution":"{\"name\": \"FloatDistribution\", \"attributes\": {\"step\": null, \"low\": 0.1, \"high\": 100.0, \"log\": true}}"}
{"op_code":6,"worker_id":"1b82e2da-34ad-493e-95c6-02be2bf01ddc-23456247935296","trial_id":12,"state":1,"values":[-38.819782417888355],"datetime_complete":"2026-07-24T10:58:59.459664"}
{"op_code":0,"worker_id":"aaf0164e-757e-4256-a515-19a06497adfe-23456247935296","study_name":"peter_plants_k3","directions":[2]}
{"op_code":4,"worker_id":"aaf0164e-757e-4256-a515-19a06497adfe-23456247935296","study_id":0,"datetime_start":"2026-07-24T11:03:03.567530"}
{"op_code":5,"worker_id":"aaf0164e-757e-4256-a515-19a06497adfe-23456247935296","trial_id":13,"param_name":"lr","param_value_internal":0.0008892928719137967,"distribution":"{\"name\": \"FloatDistribution\", \"attributes\": {\"step\": null, \"low\": 1e-08, \"high\": 0.5, \"log\": true}}"}
{"op_code":5,"worker_id":"aaf0164e-757e-4256-a515-19a06497adfe-23456247935296","trial_id":13,"param_name":"ratio","param_value_internal":0.7302479999488583,"distribution":"{\"name\": \"FloatDistribution\", \"attributes\": {\"step\": null, \"low\": 0.1, \"high\": 100.0, \"log\": true}}"}
{"op_code":6,"worker_id":"aaf0164e-757e-4256-a515-19a06497adfe-23456247935296","trial_id":13,"state":1,"values":[-28.136413321854477],"datetime_complete":"2026-07-24T11:04:15.502770"}
{"op_code":0,"worker_id":"26aef5a9-7e19-4a64-a86a-6679a61c2643-23456247935296","study_name":"peter_plants_k3","directions":[2]}
{"op_code":4,"worker_id":"26aef5a9-7e19-4a64-a86a-6679a61c2643-23456247935296","study_id":0,"datetime_start":"2026-07-24T11:07:45.388665"}
{"op_code":5,"worker_id":"26aef5a9-7e19-4a64-a86a-6679a61c2643-23456247935296","trial_id":14,"param_name":"lr","param_value_internal":0.00042328363738353435,"distribution":"{\"name\": \"FloatDistribution\", \"attributes\": {\"step\": null, \"low\": 1e-08, \"high\": 0.5, \"log\": true}}"}
{"op_code":5,"worker_id":"26aef5a9-7e19-4a64-a86a-6679a61c2643-23456247935296","trial_id":14,"param_name":"ratio","param_value_internal":2.2036391339349852,"distribution":"{\"name\": \"FloatDistribution\", \"attributes\": {\"step\": null, \"low\": 0.1, \"high\": 100.0, \"log\": true}}"}
{"op_code":6,"worker_id":"26aef5a9-7e19-4a64-a86a-6679a61c2643-23456247935296","trial_id":14,"state":1,"values":[-27.613750073413012],"datetime_complete":"2026-07-24T11:09:08.502235"}
{"op_code":0,"worker_id":"8cbc1eb5-e407-46f3-8f24-415484c1cec5-23456247935296","study_name":"peter_plants_k3","directions":[2]}
{"op_code":4,"worker_id":"8cbc1eb5-e407-46f3-8f24-415484c1cec5-23456247935296","study_id":0,"datetime_start":"2026-07-24T11:12:20.424510"}
{"op_code":9,"worker_id":"8cbc1eb5-e407-46f3-8f24-415484c1cec5-23456247935296","trial_id":15,"system_attr":{"tpe:relative_params:0":"{\"lr\": 0.0027772775582199146, \"ratio\": 33.43362649344732}"}}
{"op_code":5,"worker_id":"8cbc1eb5-e407-46f3-8f24-415484c1cec5-23456247935296","trial_id":15,"param_name":"lr","param_value_internal":0.0027772775582199146,"distribution":"{\"name\": \"FloatDistribution\", \"attributes\": {\"step\": null, \"low\": 1e-08, \"high\": 0.5, \"log\": true}}"}
{"op_code":5,"worker_id":"8cbc1eb5-e407-46f3-8f24-415484c1cec5-23456247935296","trial_id":15,"param_name":"ratio","param_value_internal":33.43362649344732,"distribution":"{\"name\": \"FloatDistribution\", \"attributes\": {\"step\": null, \"low\": 0.1, \"high\": 100.0, \"log\": true}}"}
{"op_code":6,"worker_id":"8cbc1eb5-e407-46f3-8f24-415484c1cec5-23456247935296","trial_id":15,"state":3,"values":null,"datetime_complete":"2026-07-24T11:13:20.185421"}
{"op_code":0,"worker_id":"70cfa861-d707-4723-8054-8a1ea1d1ae6b-23456247935296","study_name":"peter_plants_k3","directions":[2]}
{"op_code":4,"worker_id":"70cfa861-d707-4723-8054-8a1ea1d1ae6b-23456247935296","study_id":0,"datetime_start":"2026-07-24T11:16:37.185511"}
{"op_code":9,"worker_id":"70cfa861-d707-4723-8054-8a1ea1d1ae6b-23456247935296","trial_id":16,"system_attr":{"tpe:relative_params:0":"{\"lr\": 0.11734876932979214, \"ratio\": 10.504010477925343}"}}
{"op_code":5,"worker_id":"70cfa861-d707-4723-8054-8a1ea1d1ae6b-23456247935296","trial_id":16,"param_name":"lr","param_value_internal":0.11734876932979214,"distribution":"{\"name\": \"FloatDistribution\", \"attributes\": {\"step\": null, \"low\": 1e-08, \"high\": 0.5, \"log\": true}}"}
{"op_code":5,"worker_id":"70cfa861-d707-4723-8054-8a1ea1d1ae6b-23456247935296","trial_id":16,"param_name":"ratio","param_value_internal":10.504010477925343,"distribution":"{\"name\": \"FloatDistribution\", \"attributes\": {\"step\": null, \"low\": 0.1, \"high\": 100.0, \"log\": true}}"}
{"op_code":6,"worker_id":"70cfa861-d707-4723-8054-8a1ea1d1ae6b-23456247935296","trial_id":16,"state":3,"values":null,"datetime_complete":"2026-07-24T11:16:43.920411"}
{"op_code":0,"worker_id":"490dcc26-752f-4ca9-b489-7bd64af967bf-23456247935296","study_name":"peter_plants_k3","directions":[2]}
{"op_code":4,"worker_id":"490dcc26-752f-4ca9-b489-7bd64af967bf-23456247935296","study_id":0,"datetime_start":"2026-07-24T11:20:46.873484"}
{"op_code":9,"worker_id":"490dcc26-752f-4ca9-b489-7bd64af967bf-23456247935296","trial_id":17,"system_attr":{"tpe:relative_params:0":"{\"lr\": 0.038260088156387095, \"ratio\": 23.68034213918625}"}}
{"op_code":5,"worker_id":"490dcc26-752f-4ca9-b489-7bd64af967bf-23456247935296","trial_id":17,"param_name":"lr","param_value_internal":0.038260088156387095,"distribution":"{\"name\": \"FloatDistribution\", \"attributes\": {\"step\": null, \"low\": 1e-08, \"high\": 0.5, \"log\": true}}"}
{"op_code":5,"worker_id":"490dcc26-752f-4ca9-b489-7bd64af967bf-23456247935296","trial_id":17,"param_name":"ratio","param_value_internal":23.68034213918625,"distribution":"{\"name\": \"FloatDistribution\", \"attributes\": {\"step\": null, \"low\": 0.1, \"high\": 100.0, \"log\": true}}"}
{"op_code":6,"worker_id":"490dcc26-752f-4ca9-b489-7bd64af967bf-23456247935296","trial_id":17,"state":3,"values":null,"datetime_complete":"2026-07-24T11:20:58.615676"}
{"op_code":0,"worker_id":"25efdc67-28b1-488c-af08-1e01a61ff850-23456247935296","study_name":"peter_plants_k3","directions":[2]}
{"op_code":4,"worker_id":"25efdc67-28b1-488c-af08-1e01a61ff850-23456247935296","study_id":0,"datetime_start":"2026-07-24T11:24:57.082741"}
{"op_code":9,"worker_id":"25efdc67-28b1-488c-af08-1e01a61ff850-23456247935296","trial_id":18,"system_attr":{"tpe:relative_params:0":"{\"lr\": 0.042782541306345394, \"ratio\": 16.75656926647164}"}}
{"op_code":5,"worker_id":"25efdc67-28b1-488c-af08-1e01a61ff850-23456247935296","trial_id":18,"param_name":"lr","param_value_internal":0.042782541306345394,"distribution":"{\"name\": \"FloatDistribution\", \"attributes\": {\"step\": null, \"low\": 1e-08, \"high\": 0.5, \"log\": true}}"}
{"op_code":5,"worker_id":"25efdc67-28b1-488c-af08-1e01a61ff850-23456247935296","trial_id":18,"param_name":"ratio","param_value_internal":16.75656926647164,"distribution":"{\"name\": \"FloatDistribution\", \"attributes\": {\"step\": null, \"low\": 0.1, \"high\": 100.0, \"log\": true}}"}
{"op_code":6,"worker_id":"25efdc67-28b1-488c-af08-1e01a61ff850-23456247935296","trial_id":18,"state":3,"values":null,"datetime_complete":"2026-07-24T11:25:41.841383"}
{"op_code":0,"worker_id":"74f9b3a6-e8e1-4f14-b40a-b04def664c7e-23456247935296","study_name":"peter_plants_k3","directions":[2]}
{"op_code":4,"worker_id":"74f9b3a6-e8e1-4f14-b40a-b04def664c7e-23456247935296","study_id":0,"datetime_start":"2026-07-24T11:28:38.739059"}
{"op_code":9,"worker_id":"74f9b3a6-e8e1-4f14-b40a-b04def664c7e-23456247935296","trial_id":19,"system_attr":{"tpe:relative_params:0":"{\"lr\": 0.0573764282959724, \"ratio\": 12.54968701282782}"}}
{"op_code":5,"worker_id":"74f9b3a6-e8e1-4f14-b40a-b04def664c7e-23456247935296","trial_id":19,"param_name":"lr","param_value_internal":0.0573764282959724,"distribution":"{\"name\": \"FloatDistribution\", \"attributes\": {\"step\": null, \"low\": 1e-08, \"high\": 0.5, \"log\": true}}"}
{"op_code":5,"worker_id":"74f9b3a6-e8e1-4f14-b40a-b04def664c7e-23456247935296","trial_id":19,"param_name":"ratio","param_value_internal":12.54968701282782,"distribution":"{\"name\": \"FloatDistribution\", \"attributes\": {\"step\": null, \"low\": 0.1, \"high\": 100.0, \"log\": true}}"}
{"op_code":6,"worker_id":"74f9b3a6-e8e1-4f14-b40a-b04def664c7e-23456247935296","trial_id":19,"state":1,"values":[-358.88351805112137],"datetime_complete":"2026-07-24T11:30:06.844331"}
{"op_code":0,"worker_id":"49c3d80a-12d8-4846-b51f-1ea1439476b8-23456247935296","study_name":"peter_plants_k3","directions":[2]}
{"op_code":4,"worker_id":"49c3d80a-12d8-4846-b51f-1ea1439476b8-23456247935296","study_id":0,"datetime_start":"2026-07-24T11:33:49.665100"}
{"op_code":9,"worker_id":"49c3d80a-12d8-4846-b51f-1ea1439476b8-23456247935296","trial_id":20,"system_attr":{"tpe:relative_params:0":"{\"lr\": 0.0005464407344932446, \"ratio\": 10.442652622594727}"}}
{"op_code":5,"worker_id":"49c3d80a-12d8-4846-b51f-1ea1439476b8-23456247935296","trial_id":20,"param_name":"lr","param_value_internal":0.0005464407344932446,"distribution":"{\"name\": \"FloatDistribution\", \"attributes\": {\"step\": null, \"low\": 1e-08, \"high\": 0.5, \"log\": true}}"}
{"op_code":5,"worker_id":"49c3d80a-12d8-4846-b51f-1ea1439476b8-23456247935296","trial_id":20,"param_name":"ratio","param_value_internal":10.442652622594727,"distribution":"{\"name\": \"FloatDistribution\", \"attributes\": {\"step\": null, \"low\": 0.1, \"high\": 100.0, \"log\": true}}"}
{"op_code":6,"worker_id":"49c3d80a-12d8-4846-b51f-1ea1439476b8-23456247935296","trial_id":20,"state":1,"values":[-26.125326215660877],"datetime_complete":"2026-07-24T11:35:12.315022"}
{"op_code":0,"worker_id":"f9d00e76-dc4e-46bf-b369-50cf04523836-23456247935296","study_name":"peter_plants_k3","directions":[2]}
{"op_code":4,"worker_id":"f9d00e76-dc4e-46bf-b369-50cf04523836-23456247935296","study_id":0,"datetime_start":"2026-07-24T11:38:19.612564"}
{"op_code":9,"worker_id":"f9d00e76-dc4e-46bf-b369-50cf04523836-23456247935296","trial_id":21,"system_attr":{"tpe:relative_params:0":"{\"lr\": 0.0002241736079049113, \"ratio\": 14.859320248965867}"}}
{"op_code":5,"worker_id":"f9d00e76-dc4e-46bf-b369-50cf04523836-23456247935296","trial_id":21,"param_name":"lr","param_value_internal":0.0002241736079049113,"distribution":"{\"name\": \"FloatDistribution\", \"attributes\": {\"step\": null, \"low\": 1e-08, \"high\": 0.5, \"log\": true}}"}
{"op_code":5,"worker_id":"f9d00e76-dc4e-46bf-b369-50cf04523836-23456247935296","trial_id":21,"param_name":"ratio","param_value_internal":14.859320248965867,"distribution":"{\"name\": \"FloatDistribution\", \"attributes\": {\"step\": null, \"low\": 0.1, \"high\": 100.0, \"log\": true}}"}
{"op_code":6,"worker_id":"f9d00e76-dc4e-46bf-b369-50cf04523836-23456247935296","trial_id":21,"state":1,"values":[-27.199355538687268],"datetime_complete":"2026-07-24T11:39:44.384199"}
{"op_code":0,"worker_id":"d4d87171-df2a-4d1a-9878-856509de56f5-23456247935296","study_name":"peter_plants_k3","directions":[2]}
{"op_code":4,"worker_id":"d4d87171-df2a-4d1a-9878-856509de56f5-23456247935296","study_id":0,"datetime_start":"2026-07-24T11:42:14.019772"}
{"op_code":9,"worker_id":"d4d87171-df2a-4d1a-9878-856509de56f5-23456247935296","trial_id":22,"system_attr":{"tpe:relative_params:0":"{\"lr\": 0.00016686488018857358, \"ratio\": 46.397259343885786}"}}
{"op_code":5,"worker_id":"d4d87171-df2a-4d1a-9878-856509de56f5-23456247935296","trial_id":22,"param_name":"lr","param_value_internal":0.00016686488018857358,"distribution":"{\"name\": \"FloatDistribution\", \"attributes\": {\"step\": null, \"low\": 1e-08, \"high\": 0.5, \"log\": true}}"}
{"op_code":5,"worker_id":"d4d87171-df2a-4d1a-9878-856509de56f5-23456247935296","trial_id":22,"param_name":"ratio","param_value_internal":46.397259343885786,"distribution":"{\"name\": \"FloatDistribution\", \"attributes\": {\"step\": null, \"low\": 0.1, \"high\": 100.0, \"log\": true}}"}
{"op_code":6,"worker_id":"d4d87171-df2a-4d1a-9878-856509de56f5-23456247935296","trial_id":22,"state":1,"values":[-26.9627444102292],"datetime_complete":"2026-07-24T11:43:37.566008"}
{"op_code":0,"worker_id":"a49a8d98-02f4-4b6e-a619-d804a8e95a8a-23456247935296","study_name":"peter_plants_k3","directions":[2]}
{"op_code":4,"worker_id":"a49a8d98-02f4-4b6e-a619-d804a8e95a8a-23456247935296","study_id":0,"datetime_start":"2026-07-24T11:45:16.132236"}
{"op_code":9,"worker_id":"a49a8d98-02f4-4b6e-a619-d804a8e95a8a-23456247935296","trial_id":23,"system_attr":{"tpe:relative_params:0":"{\"lr\": 0.0037178381944965033, \"ratio\": 58.640007044346895}"}}
{"op_code":5,"worker_id":"a49a8d98-02f4-4b6e-a619-d804a8e95a8a-23456247935296","trial_id":23,"param_name":"lr","param_value_internal":0.0037178381944965033,"distribution":"{\"name\": \"FloatDistribution\", \"attributes\": {\"step\": null, \"low\": 1e-08, \"high\": 0.5, \"log\": true}}"}
{"op_code":5,"worker_id":"a49a8d98-02f4-4b6e-a619-d804a8e95a8a-23456247935296","trial_id":23,"param_name":"ratio","param_value_internal":58.640007044346895,"distribution":"{\"name\": \"FloatDistribution\", \"attributes\": {\"step\": null, \"low\": 0.1, \"high\": 100.0, \"log\": true}}"}
{"op_code":6,"worker_id":"a49a8d98-02f4-4b6e-a619-d804a8e95a8a-23456247935296","trial_id":23,"state":3,"values":null,"datetime_complete":"2026-07-24T11:45:53.698132"}
{"op_code":0,"worker_id":"b6dd5a2f-67e0-47f7-8b8d-8e156ce74c57-23456247935296","study_name":"peter_plants_k3","directions":[2]}
{"op_code":4,"worker_id":"b6dd5a2f-67e0-47f7-8b8d-8e156ce74c57-23456247935296","study_id":0,"datetime_start":"2026-07-24T11:48:50.723175"}
{"op_code":9,"worker_id":"b6dd5a2f-67e0-47f7-8b8d-8e156ce74c57-23456247935296","trial_id":24,"system_attr":{"tpe:relative_params:0":"{\"lr\": 0.0021477648575293413, \"ratio\": 75.96801968186264}"}}
{"op_code":5,"worker_id":"b6dd5a2f-67e0-47f7-8b8d-8e156ce74c57-23456247935296","trial_id":24,"param_name":"lr","param_value_internal":0.0021477648575293413,"distribution":"{\"name\": \"FloatDistribution\", \"attributes\": {\"step\": null, \"low\": 1e-08, \"high\": 0.5, \"log\": true}}"}
{"op_code":5,"worker_id":"b6dd5a2f-67e0-47f7-8b8d-8e156ce74c57-23456247935296","trial_id":24,"param_name":"ratio","param_value_internal":75.96801968186264,"distribution":"{\"name\": \"FloatDistribution\", \"attributes\": {\"step\": null, \"low\": 0.1, \"high\": 100.0, \"log\": true}}"}
{"op_code":6,"worker_id":"b6dd5a2f-67e0-47f7-8b8d-8e156ce74c57-23456247935296","trial_id":24,"state":1,"values":[-27.53660981673196],"datetime_complete":"2026-07-24T11:50:12.548991"}
{"op_code":0,"worker_id":"ff9072ca-3e57-486a-8b46-97e28817f43d-23456247935296","study_name":"peter_plants_k3","directions":[2]}
{"op_code":4,"worker_id":"ff9072ca-3e57-486a-8b46-97e28817f43d-23456247935296","study_id":0,"datetime_start":"2026-07-24T11:52:26.888696"}
{"op_code":9,"worker_id":"ff9072ca-3e57-486a-8b46-97e28817f43d-23456247935296","trial_id":25,"system_attr":{"tpe:relative_params:0":"{\"lr\": 0.44426057178967004, \"ratio\": 0.3761314079904404}"}}
{"op_code":5,"worker_id":"ff9072ca-3e57-486a-8b46-97e28817f43d-23456247935296","trial_id":25,"param_name":"lr","param_value_internal":0.44426057178967004,"distribution":"{\"name\": \"FloatDistribution\", \"attributes\": {\"step\": null, \"low\": 1e-08, \"high\": 0.5, \"log\": true}}"}
{"op_code":5,"worker_id":"ff9072ca-3e57-486a-8b46-97e28817f43d-23456247935296","trial_id":25,"param_name":"ratio","param_value_internal":0.3761314079904404,"distribution":"{\"name\": \"FloatDistribution\", \"attributes\": {\"step\": null, \"low\": 0.1, \"high\": 100.0, \"log\": true}}"}
{"op_code":6,"worker_id":"ff9072ca-3e57-486a-8b46-97e28817f43d-23456247935296","trial_id":25,"state":3,"values":null,"datetime_complete":"2026-07-24T11:52:32.801430"}
{"op_code":0,"worker_id":"e61614af-4cad-499e-8520-785bb85fbda2-23456247935296","study_name":"peter_plants_k3","directions":[2]}
{"op_code":4,"worker_id":"e61614af-4cad-499e-8520-785bb85fbda2-23456247935296","study_id":0,"datetime_start":"2026-07-24T11:55:33.722263"}
{"op_code":9,"worker_id":"e61614af-4cad-499e-8520-785bb85fbda2-23456247935296","trial_id":26,"system_attr":{"tpe:relative_params:0":"{\"lr\": 2.095444077987923e-05, \"ratio\": 50.505938238605204}"}}
{"op_code":5,"worker_id":"e61614af-4cad-499e-8520-785bb85fbda2-23456247935296","trial_id":26,"param_name":"lr","param_value_internal":2.095444077987923e-05,"distribution":"{\"name\": \"FloatDistribution\", \"attributes\": {\"step\": null, \"low\": 1e-08, \"high\": 0.5, \"log\": true}}"}
{"op_code":5,"worker_id":"e61614af-4cad-499e-8520-785bb85fbda2-23456247935296","trial_id":26,"param_name":"ratio","param_value_internal":50.505938238605204,"distribution":"{\"name\": \"FloatDistribution\", \"attributes\": {\"step\": null, \"low\": 0.1, \"high\": 100.0, \"log\": true}}"}
{"op_code":6,"worker_id":"e61614af-4cad-499e-8520-785bb85fbda2-23456247935296","trial_id":26,"state":1,"values":[-29.592264951077286],"datetime_complete":"2026-07-24T11:56:58.367575"}
{"op_code":0,"worker_id":"af1a7151-74aa-4ad5-94cf-165629f898c2-23456247935296","study_name":"peter_plants_k3","directions":[2]}
{"op_code":4,"worker_id":"af1a7151-74aa-4ad5-94cf-165629f898c2-23456247935296","study_id":0,"datetime_start":"2026-07-24T11:59:51.883477"}
{"op_code":9,"worker_id":"af1a7151-74aa-4ad5-94cf-165629f898c2-23456247935296","trial_id":27,"system_attr":{"tpe:relative_params:0":"{\"lr\": 2.0803348302802982e-05, \"ratio\": 9.523821652915892}"}}
{"op_code":5,"worker_id":"af1a7151-74aa-4ad5-94cf-165629f898c2-23456247935296","trial_id":27,"param_name":"lr","param_value_internal":2.0803348302802982e-05,"distribution":"{\"name\": \"FloatDistribution\", \"attributes\": {\"step\": null, \"low\": 1e-08, \"high\": 0.5, \"log\": true}}"}
{"op_code":5,"worker_id":"af1a7151-74aa-4ad5-94cf-165629f898c2-23456247935296","trial_id":27,"param_name":"ratio","param_value_internal":9.523821652915892,"distribution":"{\"name\": \"FloatDistribution\", \"attributes\": {\"step\": null, \"low\": 0.1, \"high\": 100.0, \"log\": true}}"}
{"op_code":6,"worker_id":"af1a7151-74aa-4ad5-94cf-165629f898c2-23456247935296","trial_id":27,"state":1,"values":[-31.339203773634473],"datetime_complete":"2026-07-24T12:01:22.948561"}
{"op_code":0,"worker_id":"bffe8387-348f-4d89-b316-b7f3bd2f8acf-23456247935296","study_name":"peter_plants_k3","directions":[2]}
{"op_code":4,"worker_id":"bffe8387-348f-4d89-b316-b7f3bd2f8acf-23456247935296","study_id":0,"datetime_start":"2026-07-24T12:03:14.051801"}
{"op_code":9,"worker_id":"bffe8387-348f-4d89-b316-b7f3bd2f8acf-23456247935296","trial_id":28,"system_attr":{"tpe:relative_params:0":"{\"lr\": 0.4084225534294802, \"ratio\": 46.04811134650157}"}}
{"op_code":5,"worker_id":"bffe8387-348f-4d89-b316-b7f3bd2f8acf-23456247935296","trial_id":28,"param_name":"lr","param_value_internal":0.4084225534294802,"distribution":"{\"name\": \"FloatDistribution\", \"attributes\": {\"step\": null, \"low\": 1e-08, \"high\": 0.5, \"log\": true}}"}
{"op_code":5,"worker_id":"bffe8387-348f-4d89-b316-b7f3bd2f8acf-23456247935296","trial_id":28,"param_name":"ratio","param_value_internal":46.04811134650157,"distribution":"{\"name\": \"FloatDistribution\", \"attributes\": {\"step\": null, \"low\": 0.1, \"high\": 100.0, \"log\": true}}"}
{"op_code":6,"worker_id":"bffe8387-348f-4d89-b316-b7f3bd2f8acf-23456247935296","trial_id":28,"state":3,"values":null,"datetime_complete":"2026-07-24T12:03:19.160059"}
{"op_code":0,"worker_id":"5cdcb7d5-4249-4f30-8575-2f740a93cd53-23456247935296","study_name":"peter_plants_k3","directions":[2]}
{"op_code":4,"worker_id":"5cdcb7d5-4249-4f30-8575-2f740a93cd53-23456247935296","study_id":0,"datetime_start":"2026-07-24T12:07:09.614513"}
{"op_code":9,"worker_id":"5cdcb7d5-4249-4f30-8575-2f740a93cd53-23456247935296","trial_id":29,"system_attr":{"tpe:relative_params:0":"{\"lr\": 0.28033589238619433, \"ratio\": 32.10562200450062}"}}
{"op_code":5,"worker_id":"5cdcb7d5-4249-4f30-8575-2f740a93cd53-23456247935296","trial_id":29,"param_name":"lr","param_value_internal":0.28033589238619433,"distribution":"{\"name\": \"FloatDistribution\", \"attributes\": {\"step\": null, \"low\": 1e-08, \"high\": 0.5, \"log\": true}}"}
{"op_code":5,"worker_id":"5cdcb7d5-4249-4f30-8575-2f740a93cd53-23456247935296","trial_id":29,"param_name":"ratio","param_value_internal":32.10562200450062,"distribution":"{\"name\": \"FloatDistribution\", \"attributes\": {\"step\": null, \"low\": 0.1, \"high\": 100.0, \"log\": true}}"}
{"op_code":6,"worker_id":"5cdcb7d5-4249-4f30-8575-2f740a93cd53-23456247935296","trial_id":29,"state":3,"values":null,"datetime_complete":"2026-07-24T12:07:18.030143"}
{"op_code":0,"worker_id":"d2b0e0c7-5b0e-461a-904a-d42d7f69795d-23456247935296","study_name":"peter_plants_k3","directions":[2]}
{"op_code":4,"worker_id":"d2b0e0c7-5b0e-461a-904a-d42d7f69795d-23456247935296","study_id":0,"datetime_start":"2026-07-24T12:11:04.781761"}
{"op_code":9,"worker_id":"d2b0e0c7-5b0e-461a-904a-d42d7f69795d-23456247935296","trial_id":30,"system_attr":{"tpe:relative_params:0":"{\"lr\": 0.0009193285955804466, \"ratio\": 12.85072503757633}"}}
{"op_code":5,"worker_id":"d2b0e0c7-5b0e-461a-904a-d42d7f69795d-23456247935296","trial_id":30,"param_name":"lr","param_value_internal":0.0009193285955804466,"distribution":"{\"name\": \"FloatDistribution\", \"attributes\": {\"step\": null, \"low\": 1e-08, \"high\": 0.5, \"log\": true}}"}
{"op_code":5,"worker_id":"d2b0e0c7-5b0e-461a-904a-d42d7f69795d-23456247935296","trial_id":30,"param_name":"ratio","param_value_internal":12.85072503757633,"distribution":"{\"name\": \"FloatDistribution\", \"attributes\": {\"step\": null, \"low\": 0.1, \"high\": 100.0, \"log\": true}}"}
{"op_code":6,"worker_id":"d2b0e0c7-5b0e-461a-904a-d42d7f69795d-23456247935296","trial_id":30,"state":1,"values":[-25.7444827673903],"datetime_complete":"2026-07-24T12:12:26.022153"}
{"op_code":0,"worker_id":"9d0a73f4-cb68-490f-b9b6-6ad446252ad0-23456247935296","study_name":"peter_plants_k3","directions":[2]}
{"op_code":4,"worker_id":"9d0a73f4-cb68-490f-b9b6-6ad446252ad0-23456247935296","study_id":0,"datetime_start":"2026-07-24T12:14:38.624199"}
{"op_code":9,"worker_id":"9d0a73f4-cb68-490f-b9b6-6ad446252ad0-23456247935296","trial_id":31,"system_attr":{"tpe:relative_params:0":"{\"lr\": 0.05593255133605249, \"ratio\": 0.24188807670766324}"}}
{"op_code":5,"worker_id":"9d0a73f4-cb68-490f-b9b6-6ad446252ad0-23456247935296","trial_id":31,"param_name":"lr","param_value_internal":0.05593255133605249,"distribution":"{\"name\": \"FloatDistribution\", \"attributes\": {\"step\": null, \"low\": 1e-08, \"high\": 0.5, \"log\": true}}"}
{"op_code":5,"worker_id":"9d0a73f4-cb68-490f-b9b6-6ad446252ad0-23456247935296","trial_id":31,"param_name":"ratio","param_value_internal":0.24188807670766324,"distribution":"{\"name\": \"FloatDistribution\", \"attributes\": {\"step\": null, \"low\": 0.1, \"high\": 100.0, \"log\": true}}"}
{"op_code":6,"worker_id":"9d0a73f4-cb68-490f-b9b6-6ad446252ad0-23456247935296","trial_id":31,"state":3,"values":null,"datetime_complete":"2026-07-24T12:14:45.813289"}
{"op_code":0,"worker_id":"5e9c0863-afaa-4b63-a77a-673da4bbe5e2-23456247935296","study_name":"peter_plants_k3","directions":[2]}
{"op_code":4,"worker_id":"5e9c0863-afaa-4b63-a77a-673da4bbe5e2-23456247935296","study_id":0,"datetime_start":"2026-07-24T12:18:16.314238"}
{"op_code":9,"worker_id":"5e9c0863-afaa-4b63-a77a-673da4bbe5e2-23456247935296","trial_id":32,"system_attr":{"tpe:relative_params:0":"{\"lr\": 0.2035315198810516, \"ratio\": 1.68700193276494}"}}
{"op_code":5,"worker_id":"5e9c0863-afaa-4b63-a77a-673da4bbe5e2-23456247935296","trial_id":32,"param_name":"lr","param_value_internal":0.2035315198810516,"distribution":"{\"name\": \"FloatDistribution\", \"attributes\": {\"step\": null, \"low\": 1e-08, \"high\": 0.5, \"log\": true}}"}
{"op_code":5,"worker_id":"5e9c0863-afaa-4b63-a77a-673da4bbe5e2-23456247935296","trial_id":32,"param_name":"ratio","param_value_internal":1.68700193276494,"distribution":"{\"name\": \"FloatDistribution\", \"attributes\": {\"step\": null, \"low\": 0.1, \"high\": 100.0, \"log\": true}}"}
{"op_code":6,"worker_id":"5e9c0863-afaa-4b63-a77a-673da4bbe5e2-23456247935296","trial_id":32,"state":3,"values":null,"datetime_complete":"2026-07-24T12:18:22.836364"}
{"op_code":0,"worker_id":"7117245a-c905-4b7b-88d3-45de2a77fce1-23456247935296","study_name":"peter_plants_k3","directions":[2]}
{"op_code":4,"worker_id":"7117245a-c905-4b7b-88d3-45de2a77fce1-23456247935296","study_id":0,"datetime_start":"2026-07-24T12:22:18.617538"}
{"op_code":9,"worker_id":"7117245a-c905-4b7b-88d3-45de2a77fce1-23456247935296","trial_id":33,"system_attr":{"tpe:relative_params:0":"{\"lr\": 0.05462460483900485, \"ratio\": 1.3036264245335376}"}}
{"op_code":5,"worker_id":"7117245a-c905-4b7b-88d3-45de2a77fce1-23456247935296","trial_id":33,"param_name":"lr","param_value_internal":0.05462460483900485,"distribution":"{\"name\": \"FloatDistribution\", \"attributes\": {\"step\": null, \"low\": 1e-08, \"high\": 0.5, \"log\": true}}"}
{"op_code":5,"worker_id":"7117245a-c905-4b7b-88d3-45de2a77fce1-23456247935296","trial_id":33,"param_name":"ratio","param_value_internal":1.3036264245335376,"distribution":"{\"name\": \"FloatDistribution\", \"attributes\": {\"step\": null, \"low\": 0.1, \"high\": 100.0, \"log\": true}}"}
{"op_code":6,"worker_id":"7117245a-c905-4b7b-88d3-45de2a77fce1-23456247935296","trial_id":33,"state":3,"values":null,"datetime_complete":"2026-07-24T12:22:30.202888"}
{"op_code":0,"worker_id":"b60780a1-1b75-47d1-aec8-2432862d53bd-23456247935296","study_name":"peter_plants_k3","directions":[2]}
{"op_code":4,"worker_id":"b60780a1-1b75-47d1-aec8-2432862d53bd-23456247935296","study_id":0,"datetime_start":"2026-07-24T12:28:04.158058"}
{"op_code":9,"worker_id":"b60780a1-1b75-47d1-aec8-2432862d53bd-23456247935296","trial_id":34,"system_attr":{"tpe:relative_params:0":"{\"lr\": 0.1791367941136213, \"ratio\": 1.8441301693447718}"}}
{"op_code":5,"worker_id":"b60780a1-1b75-47d1-aec8-2432862d53bd-23456247935296","trial_id":34,"param_name":"lr","param_value_internal":0.1791367941136213,"distribution":"{\"name\": \"FloatDistribution\", \"attributes\": {\"step\": null, \"low\": 1e-08, \"high\": 0.5, \"log\": true}}"}
{"op_code":5,"worker_id":"b60780a1-1b75-47d1-aec8-2432862d53bd-23456247935296","trial_id":34,"param_name":"ratio","param_value_internal":1.8441301693447718,"distribution":"{\"name\": \"FloatDistribution\", \"attributes\": {\"step\": null, \"low\": 0.1, \"high\": 100.0, \"log\": true}}"}
{"op_code":6,"worker_id":"b60780a1-1b75-47d1-aec8-2432862d53bd-23456247935296","trial_id":34,"state":3,"values":null,"datetime_complete":"2026-07-24T12:28:12.746054"}
{"op_code":0,"worker_id":"a71e99c1-e420-4bd6-a6a7-925714f1163a-23456247935296","study_name":"peter_plants_k3","directions":[2]}
{"op_code":4,"worker_id":"a71e99c1-e420-4bd6-a6a7-925714f1163a-23456247935296","study_id":0,"datetime_start":"2026-07-24T12:32:50.502860"}
{"op_code":9,"worker_id":"a71e99c1-e420-4bd6-a6a7-925714f1163a-23456247935296","trial_id":35,"system_attr":{"tpe:relative_params:0":"{\"lr\": 0.23767348034678118, \"ratio\": 3.0632863533236514}"}}
{"op_code":5,"worker_id":"a71e99c1-e420-4bd6-a6a7-925714f1163a-23456247935296","trial_id":35,"param_name":"lr","param_value_internal":0.23767348034678118,"distribution":"{\"name\": \"FloatDistribution\", \"attributes\": {\"step\": null, \"low\": 1e-08, \"high\": 0.5, \"log\": true}}"}
{"op_code":5,"worker_id":"a71e99c1-e420-4bd6-a6a7-925714f1163a-23456247935296","trial_id":35,"param_name":"ratio","param_value_internal":3.0632863533236514,"distribution":"{\"name\": \"FloatDistribution\", \"attributes\": {\"step\": null, \"low\": 0.1, \"high\": 100.0, \"log\": true}}"}
{"op_code":6,"worker_id":"a71e99c1-e420-4bd6-a6a7-925714f1163a-23456247935296","trial_id":35,"state":3,"values":null,"datetime_complete":"2026-07-24T12:33:05.214152"}
{"op_code":0,"worker_id":"b13a1f16-784e-4c4b-bed4-bf68d700d51a-23456247935296","study_name":"peter_plants_k3","directions":[2]}
{"op_code":4,"worker_id":"b13a1f16-784e-4c4b-bed4-bf68d700d51a-23456247935296","study_id":0,"datetime_start":"2026-07-24T12:36:57.600957"}
{"op_code":9,"worker_id":"b13a1f16-784e-4c4b-bed4-bf68d700d51a-23456247935296","trial_id":36,"system_attr":{"tpe:relative_params:0":"{\"lr\": 0.07183079058389433, \"ratio\": 3.4455693480840965}"}}
{"op_code":5,"worker_id":"b13a1f16-784e-4c4b-bed4-bf68d700d51a-23456247935296","trial_id":36,"param_name":"lr","param_value_internal":0.07183079058389433,"distribution":"{\"name\": \"FloatDistribution\", \"attributes\": {\"step\": null, \"low\": 1e-08, \"high\": 0.5, \"log\": true}}"}
{"op_code":5,"worker_id":"b13a1f16-784e-4c4b-bed4-bf68d700d51a-23456247935296","trial_id":36,"param_name":"ratio","param_value_internal":3.4455693480840965,"distribution":"{\"name\": \"FloatDistribution\", \"attributes\": {\"step\": null, \"low\": 0.1, \"high\": 100.0, \"log\": true}}"}
{"op_code":6,"worker_id":"b13a1f16-784e-4c4b-bed4-bf68d700d51a-23456247935296","trial_id":36,"state":3,"values":null,"datetime_complete":"2026-07-24T12:37:11.003786"}
{"op_code":0,"worker_id":"21c52e00-10f9-4257-b76c-cd2e55b062b9-23456247935296","study_name":"peter_plants_k3","directions":[2]}
{"op_code":4,"worker_id":"21c52e00-10f9-4257-b76c-cd2e55b062b9-23456247935296","study_id":0,"datetime_start":"2026-07-24T12:41:55.574005"}
{"op_code":9,"worker_id":"21c52e00-10f9-4257-b76c-cd2e55b062b9-23456247935296","trial_id":37,"system_attr":{"tpe:relative_params:0":"{\"lr\": 0.004603979150436159, \"ratio\": 7.545277856820996}"}}
{"op_code":5,"worker_id":"21c52e00-10f9-4257-b76c-cd2e55b062b9-23456247935296","trial_id":37,"param_name":"lr","param_value_internal":0.004603979150436159,"distribution":"{\"name\": \"FloatDistribution\", \"attributes\": {\"step\": null, \"low\": 1e-08, \"high\": 0.5, \"log\": true}}"}
{"op_code":5,"worker_id":"21c52e00-10f9-4257-b76c-cd2e55b062b9-23456247935296","trial_id":37,"param_name":"ratio","param_value_internal":7.545277856820996,"distribution":"{\"name\": \"FloatDistribution\", \"attributes\": {\"step\": null, \"low\": 0.1, \"high\": 100.0, \"log\": true}}"}
{"op_code":6,"worker_id":"21c52e00-10f9-4257-b76c-cd2e55b062b9-23456247935296","trial_id":37,"state":1,"values":[-25.67840261623174],"datetime_complete":"2026-07-24T12:43:18.882142"}
{"op_code":0,"worker_id":"628f98d6-f260-4eaf-aed5-974920ee8f02-23456247935296","study_name":"peter_plants_k3","directions":[2]}
{"op_code":4,"worker_id":"628f98d6-f260-4eaf-aed5-974920ee8f02-23456247935296","study_id":0,"datetime_start":"2026-07-24T12:46:49.575829"}
{"op_code":9,"worker_id":"628f98d6-f260-4eaf-aed5-974920ee8f02-23456247935296","trial_id":38,"system_attr":{"tpe:relative_params:0":"{\"lr\": 0.151073979409227, \"ratio\": 1.5713159857773569}"}}
{"op_code":5,"worker_id":"628f98d6-f260-4eaf-aed5-974920ee8f02-23456247935296","trial_id":38,"param_name":"lr","param_value_internal":0.151073979409227,"distribution":"{\"name\": \"FloatDistribution\", \"attributes\": {\"step\": null, \"low\": 1e-08, \"high\": 0.5, \"log\": true}}"}
{"op_code":5,"worker_id":"628f98d6-f260-4eaf-aed5-974920ee8f02-23456247935296","trial_id":38,"param_name":"ratio","param_value_internal":1.5713159857773569,"distribution":"{\"name\": \"FloatDistribution\", \"attributes\": {\"step\": null, \"low\": 0.1, \"high\": 100.0, \"log\": true}}"}
{"op_code":6,"worker_id":"628f98d6-f260-4eaf-aed5-974920ee8f02-23456247935296","trial_id":38,"state":3,"values":null,"datetime_complete":"2026-07-24T12:46:59.314921"}
{"op_code":0,"worker_id":"b9646c67-938a-41a2-bce0-21ff1b8598c2-23456247935296","study_name":"peter_plants_k3","directions":[2]}
{"op_code":4,"worker_id":"b9646c67-938a-41a2-bce0-21ff1b8598c2-23456247935296","study_id":0,"datetime_start":"2026-07-24T12:51:37.030876"}
{"op_code":9,"worker_id":"b9646c67-938a-41a2-bce0-21ff1b8598c2-23456247935296","trial_id":39,"system_attr":{"tpe:relative_params:0":"{\"lr\": 0.04302298066676822, \"ratio\": 0.2125097593586092}"}}
{"op_code":5,"worker_id":"b9646c67-938a-41a2-bce0-21ff1b8598c2-23456247935296","trial_id":39,"param_name":"lr","param_value_internal":0.04302298066676822,"distribution":"{\"name\": \"FloatDistribution\", \"attributes\": {\"step\": null, \"low\": 1e-08, \"high\": 0.5, \"log\": true}}"}
{"op_code":5,"worker_id":"b9646c67-938a-41a2-bce0-21ff1b8598c2-23456247935296","trial_id":39,"param_name":"ratio","param_value_internal":0.2125097593586092,"distribution":"{\"name\": \"FloatDistribution\", \"attributes\": {\"step\": null, \"low\": 0.1, \"high\": 100.0, \"log\": true}}"}
{"op_code":6,"worker_id":"b9646c67-938a-41a2-bce0-21ff1b8598c2-23456247935296","trial_id":39,"state":1,"values":[-28.000331846680467],"datetime_complete":"2026-07-24T12:52:59.233804"}
{"op_code":0,"worker_id":"e1c56c6d-3323-4905-946b-ef5cb5858c41-23456247935296","study_name":"peter_plants_k3","directions":[2]}
{"op_code":4,"worker_id":"e1c56c6d-3323-4905-946b-ef5cb5858c41-23456247935296","study_id":0,"datetime_start":"2026-07-24T12:56:15.718192"}
{"op_code":9,"worker_id":"e1c56c6d-3323-4905-946b-ef5cb5858c41-23456247935296","trial_id":40,"system_attr":{"tpe:relative_params:0":"{\"lr\": 0.056919302189508685, \"ratio\": 6.114815156476112}"}}
{"op_code":5,"worker_id":"e1c56c6d-3323-4905-946b-ef5cb5858c41-23456247935296","trial_id":40,"param_name":"lr","param_value_internal":0.056919302189508685,"distribution":"{\"name\": \"FloatDistribution\", \"attributes\": {\"step\": null, \"low\": 1e-08, \"high\": 0.5, \"log\": true}}"}
{"op_code":5,"worker_id":"e1c56c6d-3323-4905-946b-ef5cb5858c41-23456247935296","trial_id":40,"param_name":"ratio","param_value_internal":6.114815156476112,"distribution":"{\"name\": \"FloatDistribution\", \"attributes\": {\"step\": null, \"low\": 0.1, \"high\": 100.0, \"log\": true}}"}
{"op_code":6,"worker_id":"e1c56c6d-3323-4905-946b-ef5cb5858c41-23456247935296","trial_id":40,"state":3,"values":null,"datetime_complete":"2026-07-24T12:56:23.776452"}
{"op_code":0,"worker_id":"23d681c5-f028-430c-95eb-599ddec5fc7b-23456247935296","study_name":"peter_plants_k3","directions":[2]}
{"op_code":4,"worker_id":"23d681c5-f028-430c-95eb-599ddec5fc7b-23456247935296","study_id":0,"datetime_start":"2026-07-24T13:00:08.559315"}
{"op_code":9,"worker_id":"23d681c5-f028-430c-95eb-599ddec5fc7b-23456247935296","trial_id":41,"system_attr":{"tpe:relative_params:0":"{\"lr\": 0.07487774022820569, \"ratio\": 5.491624934019324}"}}
{"op_code":5,"worker_id":"23d681c5-f028-430c-95eb-599ddec5fc7b-23456247935296","trial_id":41,"param_name":"lr","param_value_internal":0.07487774022820569,"distribution":"{\"name\": \"FloatDistribution\", \"attributes\": {\"step\": null, \"low\": 1e-08, \"high\": 0.5, \"log\": true}}"}
{"op_code":5,"worker_id":"23d681c5-f028-430c-95eb-599ddec5fc7b-23456247935296","trial_id":41,"param_name":"ratio","param_value_internal":5.491624934019324,"distribution":"{\"name\": \"FloatDistribution\", \"attributes\": {\"step\": null, \"low\": 0.1, \"high\": 100.0, \"log\": true}}"}
{"op_code":6,"worker_id":"23d681c5-f028-430c-95eb-599ddec5fc7b-23456247935296","trial_id":41,"state":3,"values":null,"datetime_complete":"2026-07-24T13:00:16.312191"}
{"op_code":0,"worker_id":"fac3c1b0-7dcf-43cb-a748-bc576436c5b8-23456247935296","study_name":"peter_plants_k3","directions":[2]}
{"op_code":4,"worker_id":"fac3c1b0-7dcf-43cb-a748-bc576436c5b8-23456247935296","study_id":0,"datetime_start":"2026-07-24T13:04:28.669729"}
{"op_code":9,"worker_id":"fac3c1b0-7dcf-43cb-a748-bc576436c5b8-23456247935296","trial_id":42,"system_attr":{"tpe:relative_params:0":"{\"lr\": 0.11231696243834031, \"ratio\": 1.11257826923492}"}}
{"op_code":5,"worker_id":"fac3c1b0-7dcf-43cb-a748-bc576436c5b8-23456247935296","trial_id":42,"param_name":"lr","param_value_internal":0.11231696243834031,"distribution":"{\"name\": \"FloatDistribution\", \"attributes\": {\"step\": null, \"low\": 1e-08, \"high\": 0.5, \"log\": true}}"}
{"op_code":5,"worker_id":"fac3c1b0-7dcf-43cb-a748-bc576436c5b8-23456247935296","trial_id":42,"param_name":"ratio","param_value_internal":1.11257826923492,"distribution":"{\"name\": \"FloatDistribution\", \"attributes\": {\"step\": null, \"low\": 0.1, \"high\": 100.0, \"log\": true}}"}
{"op_code":6,"worker_id":"fac3c1b0-7dcf-43cb-a748-bc576436c5b8-23456247935296","trial_id":42,"state":3,"values":null,"datetime_complete":"2026-07-24T13:04:39.428315"}
{"op_code":0,"worker_id":"7e77e2e0-fd6d-40f6-96f4-ac05131550b6-23456247935296","study_name":"peter_plants_k3","directions":[2]}
{"op_code":4,"worker_id":"7e77e2e0-fd6d-40f6-96f4-ac05131550b6-23456247935296","study_id":0,"datetime_start":"2026-07-24T13:09:10.157589"}
{"op_code":9,"worker_id":"7e77e2e0-fd6d-40f6-96f4-ac05131550b6-23456247935296","trial_id":43,"system_attr":{"tpe:relative_params:0":"{\"lr\": 0.03413712530514687, \"ratio\": 3.600401589549355}"}}
{"op_code":5,"worker_id":"7e77e2e0-fd6d-40f6-96f4-ac05131550b6-23456247935296","trial_id":43,"param_name":"lr","param_value_internal":0.03413712530514687,"distribution":"{\"name\": \"FloatDistribution\", \"attributes\": {\"step\": null, \"low\": 1e-08, \"high\": 0.5, \"log\": true}}"}
{"op_code":5,"worker_id":"7e77e2e0-fd6d-40f6-96f4-ac05131550b6-23456247935296","trial_id":43,"param_name":"ratio","param_value_internal":3.600401589549355,"distribution":"{\"name\": \"FloatDistribution\", \"attributes\": {\"step\": null, \"low\": 0.1, \"high\": 100.0, \"log\": true}}"}
{"op_code":6,"worker_id":"7e77e2e0-fd6d-40f6-96f4-ac05131550b6-23456247935296","trial_id":43,"state":3,"values":null,"datetime_complete":"2026-07-24T13:09:26.178874"}
{"op_code":0,"worker_id":"b3b32af6-70f2-4c36-9e1a-9563e132d67e-23456247935296","study_name":"peter_plants_k3","directions":[2]}
{"op_code":4,"worker_id":"b3b32af6-70f2-4c36-9e1a-9563e132d67e-23456247935296","study_id":0,"datetime_start":"2026-07-24T13:13:48.635338"}
{"op_code":9,"worker_id":"b3b32af6-70f2-4c36-9e1a-9563e132d67e-23456247935296","trial_id":44,"system_attr":{"tpe:relative_params:0":"{\"lr\": 0.24055976827501088, \"ratio\": 2.110979729872262}"}}
{"op_code":5,"worker_id":"b3b32af6-70f2-4c36-9e1a-9563e132d67e-23456247935296","trial_id":44,"param_name":"lr","param_value_internal":0.24055976827501088,"distribution":"{\"name\": \"FloatDistribution\", \"attributes\": {\"step\": null, \"low\": 1e-08, \"high\": 0.5, \"log\": true}}"}
{"op_code":5,"worker_id":"b3b32af6-70f2-4c36-9e1a-9563e132d67e-23456247935296","trial_id":44,"param_name":"ratio","param_value_internal":2.110979729872262,"distribution":"{\"name\": \"FloatDistribution\", \"attributes\": {\"step\": null, \"low\": 0.1, \"high\": 100.0, \"log\": true}}"}
{"op_code":6,"worker_id":"b3b32af6-70f2-4c36-9e1a-9563e132d67e-23456247935296","trial_id":44,"state":3,"values":null,"datetime_complete":"2026-07-24T13:14:01.830621"}
{"op_code":0,"worker_id":"d890e165-2693-40d3-a2df-c376dda80839-23456247935296","study_name":"peter_plants_k3","directions":[2]}
{"op_code":4,"worker_id":"d890e165-2693-40d3-a2df-c376dda80839-23456247935296","study_id":0,"datetime_start":"2026-07-24T13:18:04.645365"}
{"op_code":9,"worker_id":"d890e165-2693-40d3-a2df-c376dda80839-23456247935296","trial_id":45,"system_attr":{"tpe:relative_params:0":"{\"lr\": 0.03126805126492514, \"ratio\": 3.4700463333258944}"}}
{"op_code":5,"worker_id":"d890e165-2693-40d3-a2df-c376dda80839-23456247935296","trial_id":45,"param_name":"lr","param_value_internal":0.03126805126492514,"distribution":"{\"name\": \"FloatDistribution\", \"attributes\": {\"step\": null, \"low\": 1e-08, \"high\": 0.5, \"log\": true}}"}
{"op_code":5,"worker_id":"d890e165-2693-40d3-a2df-c376dda80839-23456247935296","trial_id":45,"param_name":"ratio","param_value_internal":3.4700463333258944,"distribution":"{\"name\": \"FloatDistribution\", \"attributes\": {\"step\": null, \"low\": 0.1, \"high\": 100.0, \"log\": true}}"}
{"op_code":6,"worker_id":"d890e165-2693-40d3-a2df-c376dda80839-23456247935296","trial_id":45,"state":3,"values":null,"datetime_complete":"2026-07-24T13:18:19.245021"}
{"op_code":0,"worker_id":"dea15b61-ca0a-4f81-829d-3ef34cfa9ccd-23456247935296","study_name":"peter_plants_k3","directions":[2]}
{"op_code":4,"worker_id":"dea15b61-ca0a-4f81-829d-3ef34cfa9ccd-23456247935296","study_id":0,"datetime_start":"2026-07-24T13:21:02.827684"}
{"op_code":9,"worker_id":"dea15b61-ca0a-4f81-829d-3ef34cfa9ccd-23456247935296","trial_id":46,"system_attr":{"tpe:relative_params:0":"{\"lr\": 0.05304204148158721, \"ratio\": 2.233713315493939}"}}
{"op_code":5,"worker_id":"dea15b61-ca0a-4f81-829d-3ef34cfa9ccd-23456247935296","trial_id":46,"param_name":"lr","param_value_internal":0.05304204148158721,"distribution":"{\"name\": \"FloatDistribution\", \"attributes\": {\"step\": null, \"low\": 1e-08, \"high\": 0.5, \"log\": true}}"}
{"op_code":5,"worker_id":"dea15b61-ca0a-4f81-829d-3ef34cfa9ccd-23456247935296","trial_id":46,"param_name":"ratio","param_value_internal":2.233713315493939,"distribution":"{\"name\": \"FloatDistribution\", \"attributes\": {\"step\": null, \"low\": 0.1, \"high\": 100.0, \"log\": true}}"}
{"op_code":6,"worker_id":"dea15b61-ca0a-4f81-829d-3ef34cfa9ccd-23456247935296","trial_id":46,"state":3,"values":null,"datetime_complete":"2026-07-24T13:21:12.655499"}
{"op_code":0,"worker_id":"55aac1b4-6c80-4d1d-8823-8f1b6cd04382-23456247935296","study_name":"peter_plants_k3","directions":[2]}
{"op_code":4,"worker_id":"55aac1b4-6c80-4d1d-8823-8f1b6cd04382-23456247935296","study_id":0,"datetime_start":"2026-07-24T13:23:53.513676"}
{"op_code":9,"worker_id":"55aac1b4-6c80-4d1d-8823-8f1b6cd04382-23456247935296","trial_id":47,"system_attr":{"tpe:relative_params:0":"{\"lr\": 0.25561599967251253, \"ratio\": 1.1408211652174076}"}}
{"op_code":5,"worker_id":"55aac1b4-6c80-4d1d-8823-8f1b6cd04382-23456247935296","trial_id":47,"param_name":"lr","param_value_internal":0.25561599967251253,"distribution":"{\"name\": \"FloatDistribution\", \"attributes\": {\"step\": null, \"low\": 1e-08, \"high\": 0.5, \"log\": true}}"}
{"op_code":5,"worker_id":"55aac1b4-6c80-4d1d-8823-8f1b6cd04382-23456247935296","trial_id":47,"param_name":"ratio","param_value_internal":1.1408211652174076,"distribution":"{\"name\": \"FloatDistribution\", \"attributes\": {\"step\": null, \"low\": 0.1, \"high\": 100.0, \"log\": true}}"}
{"op_code":6,"worker_id":"55aac1b4-6c80-4d1d-8823-8f1b6cd04382-23456247935296","trial_id":47,"state":3,"values":null,"datetime_complete":"2026-07-24T13:24:00.671655"}
{"op_code":0,"worker_id":"05fe8c6f-5580-4508-b819-f38703cdbfb5-23456247935296","study_name":"peter_plants_k3","directions":[2]}
{"op_code":4,"worker_id":"05fe8c6f-5580-4508-b819-f38703cdbfb5-23456247935296","study_id":0,"datetime_start":"2026-07-24T13:26:51.920098"}
{"op_code":9,"worker_id":"05fe8c6f-5580-4508-b819-f38703cdbfb5-23456247935296","trial_id":48,"system_attr":{"tpe:relative_params:0":"{\"lr\": 0.1844649073270417, \"ratio\": 1.426517665274259}"}}
{"op_code":5,"worker_id":"05fe8c6f-5580-4508-b819-f38703cdbfb5-23456247935296","trial_id":48,"param_name":"lr","param_value_internal":0.1844649073270417,"distribution":"{\"name\": \"FloatDistribution\", \"attributes\": {\"step\": null, \"low\": 1e-08, \"high\": 0.5, \"log\": true}}"}
{"op_code":5,"worker_id":"05fe8c6f-5580-4508-b819-f38703cdbfb5-23456247935296","trial_id":48,"param_name":"ratio","param_value_internal":1.426517665274259,"distribution":"{\"name\": \"FloatDistribution\", \"attributes\": {\"step\": null, \"low\": 0.1, \"high\": 100.0, \"log\": true}}"}
{"op_code":6,"worker_id":"05fe8c6f-5580-4508-b819-f38703cdbfb5-23456247935296","trial_id":48,"state":3,"values":null,"datetime_complete":"2026-07-24T13:26:59.342230"}
{"op_code":0,"worker_id":"4c9b8680-6531-444e-b377-f409cba3db6c-23456247935296","study_name":"peter_plants_k3","directions":[2]}
{"op_code":4,"worker_id":"4c9b8680-6531-444e-b377-f409cba3db6c-23456247935296","study_id":0,"datetime_start":"2026-07-24T13:30:49.709025"}
{"op_code":9,"worker_id":"4c9b8680-6531-444e-b377-f409cba3db6c-23456247935296","trial_id":49,"system_attr":{"tpe:relative_params:0":"{\"lr\": 0.01610401859077847, \"ratio\": 2.645623590904927}"}}
{"op_code":5,"worker_id":"4c9b8680-6531-444e-b377-f409cba3db6c-23456247935296","trial_id":49,"param_name":"lr","param_value_internal":0.01610401859077847,"distribution":"{\"name\": \"FloatDistribution\", \"attributes\": {\"step\": null, \"low\": 1e-08, \"high\": 0.5, \"log\": true}}"}
{"op_code":5,"worker_id":"4c9b8680-6531-444e-b377-f409cba3db6c-23456247935296","trial_id":49,"param_name":"ratio","param_value_internal":2.645623590904927,"distribution":"{\"name\": \"FloatDistribution\", \"attributes\": {\"step\": null, \"low\": 0.1, \"high\": 100.0, \"log\": true}}"}
{"op_code":6,"worker_id":"4c9b8680-6531-444e-b377-f409cba3db6c-23456247935296","trial_id":49,"state":1,"values":[-27.257208702583714],"datetime_complete":"2026-07-24T13:32:42.398094"}
{"op_code":0,"worker_id":"55efe0ce-6332-4874-bd07-0498ec28fb14-23456247935296","study_name":"peter_plants_k3","directions":[2]}
{"op_code":4,"worker_id":"55efe0ce-6332-4874-bd07-0498ec28fb14-23456247935296","study_id":0,"datetime_start":"2026-07-24T13:34:22.025407"}
{"op_code":9,"worker_id":"55efe0ce-6332-4874-bd07-0498ec28fb14-23456247935296","trial_id":50,"system_attr":{"tpe:relative_params:0":"{\"lr\": 0.0023213921202597555, \"ratio\": 7.69849594200398}"}}
{"op_code":5,"worker_id":"55efe0ce-6332-4874-bd07-0498ec28fb14-23456247935296","trial_id":50,"param_name":"lr","param_value_internal":0.0023213921202597555,"distribution":"{\"name\": \"FloatDistribution\", \"attributes\": {\"step\": null, \"low\": 1e-08, \"high\": 0.5, \"log\": true}}"}
{"op_code":5,"worker_id":"55efe0ce-6332-4874-bd07-0498ec28fb14-23456247935296","trial_id":50,"param_name":"ratio","param_value_internal":7.69849594200398,"distribution":"{\"name\": \"FloatDistribution\", \"attributes\": {\"step\": null, \"low\": 0.1, \"high\": 100.0, \"log\": true}}"}
{"op_code":6,"worker_id":"55efe0ce-6332-4874-bd07-0498ec28fb14-23456247935296","trial_id":50,"state":1,"values":[-27.37235533286527],"datetime_complete":"2026-07-24T13:35:46.247829"}
{"op_code":0,"worker_id":"da28e26f-0924-4c71-aa49-28040ad147db-23456247935296","study_name":"peter_plants_k3","directions":[2]}
{"op_code":4,"worker_id":"da28e26f-0924-4c71-aa49-28040ad147db-23456247935296","study_id":0,"datetime_start":"2026-07-24T13:36:59.634114"}
{"op_code":9,"worker_id":"da28e26f-0924-4c71-aa49-28040ad147db-23456247935296","trial_id":51,"system_attr":{"tpe:relative_params:0":"{\"lr\": 0.04352003261551978, \"ratio\": 19.242508258638814}"}}
{"op_code":5,"worker_id":"da28e26f-0924-4c71-aa49-28040ad147db-23456247935296","trial_id":51,"param_name":"lr","param_value_internal":0.04352003261551978,"distribution":"{\"name\": \"FloatDistribution\", \"attributes\": {\"step\": null, \"low\": 1e-08, \"high\": 0.5, \"log\": true}}"}
{"op_code":5,"worker_id":"da28e26f-0924-4c71-aa49-28040ad147db-23456247935296","trial_id":51,"param_name":"ratio","param_value_internal":19.242508258638814,"distribution":"{\"name\": \"FloatDistribution\", \"attributes\": {\"step\": null, \"low\": 0.1, \"high\": 100.0, \"log\": true}}"}
{"op_code":6,"worker_id":"da28e26f-0924-4c71-aa49-28040ad147db-23456247935296","trial_id":51,"state":3,"values":null,"datetime_complete":"2026-07-24T13:38:07.918420"}
{"op_code":0,"worker_id":"0c1ce108-c4c3-445e-97f5-08cfc6a601e3-23456247935296","study_name":"peter_plants_k3","directions":[2]}
{"op_code":0,"worker_id":"417c2910-6f44-4e9a-bad9-5b6a268b8694-23456247935296","study_name":"peter_plants_k3","directions":[2]}
