{"op_code":0,"worker_id":"db262ba7-d00a-4760-8cd6-bd9707b4eb55-20268","study_name":"peter_connect4_k3","directions":[2]}
{"op_code":0,"worker_id":"8d1bc0c1-5925-4065-bfcb-200dc2469fe0-4260","study_name":"peter_connect4_k3","directions":[2]}
{"op_code":4,"worker_id":"8d1bc0c1-5925-4065-bfcb-200dc2469fe0-4260","study_id":0,"datetime_start":"2026-07-24T09:12:19.539190"}
{"op_code":5,"worker_id":"8d1bc0c1-5925-4065-bfcb-200dc2469fe0-4260","trial_id":0,"param_name":"lr","param_value_internal":2.9496837534847186e-08,"distribution":"{\"name\": \"FloatDistribution\", \"attributes\": {\"step\": null, \"low\": 1e-08, \"high\": 0.5, \"log\": true}}"}
{"op_code":5,"worker_id":"8d1bc0c1-5925-4065-bfcb-200dc2469fe0-4260","trial_id":0,"param_name":"ratio","param_value_internal":2.709920237123575,"distribution":"{\"name\": \"FloatDistribution\", \"attributes\": {\"step\": null, \"low\": 0.1, \"high\": 100.0, \"log\": true}}"}
{"op_code":0,"worker_id":"45e3e684-330c-455b-a42c-9a6e2ff0577f-26800","study_name":"peter_connect4_k3","directions":[2]}
{"op_code":4,"worker_id":"45e3e684-330c-455b-a42c-9a6e2ff0577f-26800","study_id":0,"datetime_start":"2026-07-24T09:13:01.429466"}
{"op_code":5,"worker_id":"45e3e684-330c-455b-a42c-9a6e2ff0577f-26800","trial_id":1,"param_name":"lr","param_value_internal":6.692431584864195e-08,"distribution":"{\"name\": \"FloatDistribution\", \"attributes\": {\"step\": null, \"low\": 1e-08, \"high\": 0.5, \"log\": true}}"}
{"op_code":5,"worker_id":"45e3e684-330c-455b-a42c-9a6e2ff0577f-26800","trial_id":1,"param_name":"ratio","param_value_internal":94.03709862591778,"distribution":"{\"name\": \"FloatDistribution\", \"attributes\": {\"step\": null, \"low\": 0.1, \"high\": 100.0, \"log\": true}}"}
{"op_code":0,"worker_id":"06d4ff5d-2f9b-4780-97e5-08a1cc71c272-22724","study_name":"peter_connect4_k3","directions":[2]}
{"op_code":4,"worker_id":"06d4ff5d-2f9b-4780-97e5-08a1cc71c272-22724","study_id":0,"datetime_start":"2026-07-24T09:13:02.115047"}
{"op_code":5,"worker_id":"06d4ff5d-2f9b-4780-97e5-08a1cc71c272-22724","trial_id":2,"param_name":"lr","param_value_internal":0.0007457626746677751,"distribution":"{\"name\": \"FloatDistribution\", \"attributes\": {\"step\": null, \"low\": 1e-08, \"high\": 0.5, \"log\": true}}"}
{"op_code":5,"worker_id":"06d4ff5d-2f9b-4780-97e5-08a1cc71c272-22724","trial_id":2,"param_name":"ratio","param_value_internal":3.273196727014462,"distribution":"{\"name\": \"FloatDistribution\", \"attributes\": {\"step\": null, \"low\": 0.1, \"high\": 100.0, \"log\": true}}"}
{"op_code":0,"worker_id":"c5d57c38-f6cc-44ea-8c79-9b59c55faa82-23456247935296","study_name":"peter_connect4_k3","directions":[2]}
{"op_code":0,"worker_id":"8936b934-3a11-4b9e-ae16-26585ae1ea95-23456247935296","study_name":"peter_connect4_k3","directions":[2]}
{"op_code":4,"worker_id":"8936b934-3a11-4b9e-ae16-26585ae1ea95-23456247935296","study_id":0,"datetime_start":"2026-07-24T10:21:56.601880"}
{"op_code":5,"worker_id":"8936b934-3a11-4b9e-ae16-26585ae1ea95-23456247935296","trial_id":3,"param_name":"lr","param_value_internal":0.030583764715336054,"distribution":"{\"name\": \"FloatDistribution\", \"attributes\": {\"step\": null, \"low\": 1e-08, \"high\": 0.5, \"log\": true}}"}
{"op_code":5,"worker_id":"8936b934-3a11-4b9e-ae16-26585ae1ea95-23456247935296","trial_id":3,"param_name":"ratio","param_value_internal":71.04026117208431,"distribution":"{\"name\": \"FloatDistribution\", \"attributes\": {\"step\": null, \"low\": 0.1, \"high\": 100.0, \"log\": true}}"}
{"op_code":0,"worker_id":"ed5ade68-77bc-447b-a15b-e9d541a3c680-23456247935296","study_name":"peter_connect4_k3","directions":[2]}
{"op_code":4,"worker_id":"ed5ade68-77bc-447b-a15b-e9d541a3c680-23456247935296","study_id":0,"datetime_start":"2026-07-24T10:22:35.512914"}
{"op_code":5,"worker_id":"ed5ade68-77bc-447b-a15b-e9d541a3c680-23456247935296","trial_id":4,"param_name":"lr","param_value_internal":9.90293361834366e-07,"distribution":"{\"name\": \"FloatDistribution\", \"attributes\": {\"step\": null, \"low\": 1e-08, \"high\": 0.5, \"log\": true}}"}
{"op_code":5,"worker_id":"ed5ade68-77bc-447b-a15b-e9d541a3c680-23456247935296","trial_id":4,"param_name":"ratio","param_value_internal":17.85160205959569,"distribution":"{\"name\": \"FloatDistribution\", \"attributes\": {\"step\": null, \"low\": 0.1, \"high\": 100.0, \"log\": true}}"}
{"op_code":6,"worker_id":"8936b934-3a11-4b9e-ae16-26585ae1ea95-23456247935296","trial_id":3,"state":3,"values":null,"datetime_complete":"2026-07-24T10:22:46.288231"}
{"op_code":0,"worker_id":"ee6a318e-df7e-433b-8ca1-d0a8725f654e-23456247935296","study_name":"peter_connect4_k3","directions":[2]}
{"op_code":4,"worker_id":"ee6a318e-df7e-433b-8ca1-d0a8725f654e-23456247935296","study_id":0,"datetime_start":"2026-07-24T10:25:47.527519"}
{"op_code":5,"worker_id":"ee6a318e-df7e-433b-8ca1-d0a8725f654e-23456247935296","trial_id":5,"param_name":"lr","param_value_internal":2.6277293033049834e-08,"distribution":"{\"name\": \"FloatDistribution\", \"attributes\": {\"step\": null, \"low\": 1e-08, \"high\": 0.5, \"log\": true}}"}
{"op_code":5,"worker_id":"ee6a318e-df7e-433b-8ca1-d0a8725f654e-23456247935296","trial_id":5,"param_name":"ratio","param_value_internal":0.7256593590338136,"distribution":"{\"name\": \"FloatDistribution\", \"attributes\": {\"step\": null, \"low\": 0.1, \"high\": 100.0, \"log\": true}}"}
{"op_code":0,"worker_id":"6aa26a2f-7df6-4514-a4fb-9d5b836411cc-23456247935296","study_name":"peter_connect4_k3","directions":[2]}
{"op_code":4,"worker_id":"6aa26a2f-7df6-4514-a4fb-9d5b836411cc-23456247935296","study_id":0,"datetime_start":"2026-07-24T10:29:10.343640"}
{"op_code":5,"worker_id":"6aa26a2f-7df6-4514-a4fb-9d5b836411cc-23456247935296","trial_id":6,"param_name":"lr","param_value_internal":6.037217015759514e-05,"distribution":"{\"name\": \"FloatDistribution\", \"attributes\": {\"step\": null, \"low\": 1e-08, \"high\": 0.5, \"log\": true}}"}
{"op_code":5,"worker_id":"6aa26a2f-7df6-4514-a4fb-9d5b836411cc-23456247935296","trial_id":6,"param_name":"ratio","param_value_internal":0.6331717124509532,"distribution":"{\"name\": \"FloatDistribution\", \"attributes\": {\"step\": null, \"low\": 0.1, \"high\": 100.0, \"log\": true}}"}
{"op_code":0,"worker_id":"a7c6c34d-17dc-45a1-9cdd-49b21ce5d593-23456247935296","study_name":"peter_connect4_k3","directions":[2]}
{"op_code":4,"worker_id":"a7c6c34d-17dc-45a1-9cdd-49b21ce5d593-23456247935296","study_id":0,"datetime_start":"2026-07-24T10:32:56.489700"}
{"op_code":5,"worker_id":"a7c6c34d-17dc-45a1-9cdd-49b21ce5d593-23456247935296","trial_id":7,"param_name":"lr","param_value_internal":2.24441158359019e-08,"distribution":"{\"name\": \"FloatDistribution\", \"attributes\": {\"step\": null, \"low\": 1e-08, \"high\": 0.5, \"log\": true}}"}
{"op_code":5,"worker_id":"a7c6c34d-17dc-45a1-9cdd-49b21ce5d593-23456247935296","trial_id":7,"param_name":"ratio","param_value_internal":2.016140612503032,"distribution":"{\"name\": \"FloatDistribution\", \"attributes\": {\"step\": null, \"low\": 0.1, \"high\": 100.0, \"log\": true}}"}
{"op_code":0,"worker_id":"8b77891d-5e95-439a-b65d-2c37a5e5c31c-23456247935296","study_name":"peter_connect4_k3","directions":[2]}
{"op_code":4,"worker_id":"8b77891d-5e95-439a-b65d-2c37a5e5c31c-23456247935296","study_id":0,"datetime_start":"2026-07-24T10:36:09.539971"}
{"op_code":5,"worker_id":"8b77891d-5e95-439a-b65d-2c37a5e5c31c-23456247935296","trial_id":8,"param_name":"lr","param_value_internal":2.5600667069407837e-08,"distribution":"{\"name\": \"FloatDistribution\", \"attributes\": {\"step\": null, \"low\": 1e-08, \"high\": 0.5, \"log\": true}}"}
{"op_code":5,"worker_id":"8b77891d-5e95-439a-b65d-2c37a5e5c31c-23456247935296","trial_id":8,"param_name":"ratio","param_value_internal":3.4429511085373816,"distribution":"{\"name\": \"FloatDistribution\", \"attributes\": {\"step\": null, \"low\": 0.1, \"high\": 100.0, \"log\": true}}"}
{"op_code":6,"worker_id":"ed5ade68-77bc-447b-a15b-e9d541a3c680-23456247935296","trial_id":4,"state":1,"values":[-39.214792506719604],"datetime_complete":"2026-07-24T10:38:34.892046"}
{"op_code":0,"worker_id":"8fdc6754-516f-45c2-8826-d9d9c899adb3-23456247935296","study_name":"peter_connect4_k3","directions":[2]}
{"op_code":4,"worker_id":"8fdc6754-516f-45c2-8826-d9d9c899adb3-23456247935296","study_id":0,"datetime_start":"2026-07-24T10:39:47.805716"}
{"op_code":5,"worker_id":"8fdc6754-516f-45c2-8826-d9d9c899adb3-23456247935296","trial_id":9,"param_name":"lr","param_value_internal":4.271498443536999e-08,"distribution":"{\"name\": \"FloatDistribution\", \"attributes\": {\"step\": null, \"low\": 1e-08, \"high\": 0.5, \"log\": true}}"}
{"op_code":5,"worker_id":"8fdc6754-516f-45c2-8826-d9d9c899adb3-23456247935296","trial_id":9,"param_name":"ratio","param_value_internal":77.7547131180676,"distribution":"{\"name\": \"FloatDistribution\", \"attributes\": {\"step\": null, \"low\": 0.1, \"high\": 100.0, \"log\": true}}"}
{"op_code":6,"worker_id":"ee6a318e-df7e-433b-8ca1-d0a8725f654e-23456247935296","trial_id":5,"state":1,"values":[-42.60247637376043],"datetime_complete":"2026-07-24T10:42:17.138872"}
{"op_code":0,"worker_id":"f09b366e-75d7-4520-ad49-4af32066cca4-23456247935296","study_name":"peter_connect4_k3","directions":[2]}
{"op_code":4,"worker_id":"f09b366e-75d7-4520-ad49-4af32066cca4-23456247935296","study_id":0,"datetime_start":"2026-07-24T10:44:00.551345"}
{"op_code":5,"worker_id":"f09b366e-75d7-4520-ad49-4af32066cca4-23456247935296","trial_id":10,"param_name":"lr","param_value_internal":1.9669564408523825e-05,"distribution":"{\"name\": \"FloatDistribution\", \"attributes\": {\"step\": null, \"low\": 1e-08, \"high\": 0.5, \"log\": true}}"}
{"op_code":5,"worker_id":"f09b366e-75d7-4520-ad49-4af32066cca4-23456247935296","trial_id":10,"param_name":"ratio","param_value_internal":11.200413137185814,"distribution":"{\"name\": \"FloatDistribution\", \"attributes\": {\"step\": null, \"low\": 0.1, \"high\": 100.0, \"log\": true}}"}
{"op_code":6,"worker_id":"6aa26a2f-7df6-4514-a4fb-9d5b836411cc-23456247935296","trial_id":6,"state":1,"values":[-37.660389151030614],"datetime_complete":"2026-07-24T10:48:29.729285"}
{"op_code":0,"worker_id":"f8962a6b-246c-45c9-b650-4b8e13e51b6d-23456247935296","study_name":"peter_connect4_k3","directions":[2]}
{"op_code":4,"worker_id":"f8962a6b-246c-45c9-b650-4b8e13e51b6d-23456247935296","study_id":0,"datetime_start":"2026-07-24T10:48:32.672276"}
{"op_code":5,"worker_id":"f8962a6b-246c-45c9-b650-4b8e13e51b6d-23456247935296","trial_id":11,"param_name":"lr","param_value_internal":1.522315814552137e-05,"distribution":"{\"name\": \"FloatDistribution\", \"attributes\": {\"step\": null, \"low\": 1e-08, \"high\": 0.5, \"log\": true}}"}
{"op_code":5,"worker_id":"f8962a6b-246c-45c9-b650-4b8e13e51b6d-23456247935296","trial_id":11,"param_name":"ratio","param_value_internal":3.7189538741433648,"distribution":"{\"name\": \"FloatDistribution\", \"attributes\": {\"step\": null, \"low\": 0.1, \"high\": 100.0, \"log\": true}}"}
{"op_code":6,"worker_id":"a7c6c34d-17dc-45a1-9cdd-49b21ce5d593-23456247935296","trial_id":7,"state":1,"values":[-42.601665682595424],"datetime_complete":"2026-07-24T10:52:15.303221"}
{"op_code":0,"worker_id":"e75b9293-7ebd-490d-9fcb-9cedf51690cc-23456247935296","study_name":"peter_connect4_k3","directions":[2]}
{"op_code":4,"worker_id":"e75b9293-7ebd-490d-9fcb-9cedf51690cc-23456247935296","study_id":0,"datetime_start":"2026-07-24T10:52:53.656339"}
{"op_code":5,"worker_id":"e75b9293-7ebd-490d-9fcb-9cedf51690cc-23456247935296","trial_id":12,"param_name":"lr","param_value_internal":6.74104661897041e-05,"distribution":"{\"name\": \"FloatDistribution\", \"attributes\": {\"step\": null, \"low\": 1e-08, \"high\": 0.5, \"log\": true}}"}
{"op_code":5,"worker_id":"e75b9293-7ebd-490d-9fcb-9cedf51690cc-23456247935296","trial_id":12,"param_name":"ratio","param_value_internal":0.5590798610070254,"distribution":"{\"name\": \"FloatDistribution\", \"attributes\": {\"step\": null, \"low\": 0.1, \"high\": 100.0, \"log\": true}}"}
{"op_code":6,"worker_id":"8b77891d-5e95-439a-b65d-2c37a5e5c31c-23456247935296","trial_id":8,"state":1,"values":[-42.602345844446354],"datetime_complete":"2026-07-24T10:55:49.242597"}
{"op_code":6,"worker_id":"8fdc6754-516f-45c2-8826-d9d9c899adb3-23456247935296","trial_id":9,"state":1,"values":[-42.53505883451827],"datetime_complete":"2026-07-24T10:56:04.159086"}
{"op_code":0,"worker_id":"25314976-5f4e-45c0-9944-478b3820beb3-23456247935296","study_name":"peter_connect4_k3","directions":[2]}
{"op_code":4,"worker_id":"25314976-5f4e-45c0-9944-478b3820beb3-23456247935296","study_id":0,"datetime_start":"2026-07-24T10:56:46.000843"}
{"op_code":5,"worker_id":"25314976-5f4e-45c0-9944-478b3820beb3-23456247935296","trial_id":13,"param_name":"lr","param_value_internal":0.0039520734421561125,"distribution":"{\"name\": \"FloatDistribution\", \"attributes\": {\"step\": null, \"low\": 1e-08, \"high\": 0.5, \"log\": true}}"}
{"op_code":5,"worker_id":"25314976-5f4e-45c0-9944-478b3820beb3-23456247935296","trial_id":13,"param_name":"ratio","param_value_internal":88.89705899864943,"distribution":"{\"name\": \"FloatDistribution\", \"attributes\": {\"step\": null, \"low\": 0.1, \"high\": 100.0, \"log\": true}}"}
{"op_code":6,"worker_id":"25314976-5f4e-45c0-9944-478b3820beb3-23456247935296","trial_id":13,"state":3,"values":null,"datetime_complete":"2026-07-24T10:57:43.207499"}
{"op_code":6,"worker_id":"f09b366e-75d7-4520-ad49-4af32066cca4-23456247935296","trial_id":10,"state":1,"values":[-32.61275237757829],"datetime_complete":"2026-07-24T11:01:24.843648"}
{"op_code":0,"worker_id":"4f4f4992-162c-44f7-945a-0f63d427d916-23456247935296","study_name":"peter_connect4_k3","directions":[2]}
{"op_code":4,"worker_id":"4f4f4992-162c-44f7-945a-0f63d427d916-23456247935296","study_id":0,"datetime_start":"2026-07-24T11:01:57.891987"}
{"op_code":5,"worker_id":"4f4f4992-162c-44f7-945a-0f63d427d916-23456247935296","trial_id":14,"param_name":"lr","param_value_internal":2.6856710549101463e-07,"distribution":"{\"name\": \"FloatDistribution\", \"attributes\": {\"step\": null, \"low\": 1e-08, \"high\": 0.5, \"log\": true}}"}
{"op_code":5,"worker_id":"4f4f4992-162c-44f7-945a-0f63d427d916-23456247935296","trial_id":14,"param_name":"ratio","param_value_internal":4.519784489487199,"distribution":"{\"name\": \"FloatDistribution\", \"attributes\": {\"step\": null, \"low\": 0.1, \"high\": 100.0, \"log\": true}}"}
{"op_code":6,"worker_id":"f8962a6b-246c-45c9-b650-4b8e13e51b6d-23456247935296","trial_id":11,"state":1,"values":[-32.45743726414941],"datetime_complete":"2026-07-24T11:05:47.046943"}
{"op_code":0,"worker_id":"c147cfc6-2b1f-4c2c-9f6e-d11a2119d734-23456247935296","study_name":"peter_connect4_k3","directions":[2]}
{"op_code":4,"worker_id":"c147cfc6-2b1f-4c2c-9f6e-d11a2119d734-23456247935296","study_id":0,"datetime_start":"2026-07-24T11:06:54.123234"}
{"op_code":5,"worker_id":"c147cfc6-2b1f-4c2c-9f6e-d11a2119d734-23456247935296","trial_id":15,"param_name":"lr","param_value_internal":7.63270119759517e-06,"distribution":"{\"name\": \"FloatDistribution\", \"attributes\": {\"step\": null, \"low\": 1e-08, \"high\": 0.5, \"log\": true}}"}
{"op_code":5,"worker_id":"c147cfc6-2b1f-4c2c-9f6e-d11a2119d734-23456247935296","trial_id":15,"param_name":"ratio","param_value_internal":39.56538623208174,"distribution":"{\"name\": \"FloatDistribution\", \"attributes\": {\"step\": null, \"low\": 0.1, \"high\": 100.0, \"log\": true}}"}
{"op_code":0,"worker_id":"cb20b285-d5c9-4fc1-b82c-481ab3062665-23456247935296","study_name":"peter_connect4_k3","directions":[2]}
{"op_code":4,"worker_id":"cb20b285-d5c9-4fc1-b82c-481ab3062665-23456247935296","study_id":0,"datetime_start":"2026-07-24T11:11:37.519138"}
{"op_code":5,"worker_id":"cb20b285-d5c9-4fc1-b82c-481ab3062665-23456247935296","trial_id":16,"param_name":"lr","param_value_internal":0.001816350180987175,"distribution":"{\"name\": \"FloatDistribution\", \"attributes\": {\"step\": null, \"low\": 1e-08, \"high\": 0.5, \"log\": true}}"}
{"op_code":5,"worker_id":"cb20b285-d5c9-4fc1-b82c-481ab3062665-23456247935296","trial_id":16,"param_name":"ratio","param_value_internal":0.5974846310702112,"distribution":"{\"name\": \"FloatDistribution\", \"attributes\": {\"step\": null, \"low\": 0.1, \"high\": 100.0, \"log\": true}}"}
{"op_code":6,"worker_id":"cb20b285-d5c9-4fc1-b82c-481ab3062665-23456247935296","trial_id":16,"state":3,"values":null,"datetime_complete":"2026-07-24T11:12:44.065964"}
{"op_code":6,"worker_id":"e75b9293-7ebd-490d-9fcb-9cedf51690cc-23456247935296","trial_id":12,"state":1,"values":[-41.78335420228282],"datetime_complete":"2026-07-24T11:12:47.909078"}
{"op_code":0,"worker_id":"5fa47a19-b844-416c-8ee3-fd87e3b3d01f-23456247935296","study_name":"peter_connect4_k3","directions":[2]}
{"op_code":4,"worker_id":"5fa47a19-b844-416c-8ee3-fd87e3b3d01f-23456247935296","study_id":0,"datetime_start":"2026-07-24T11:15:44.627465"}
{"op_code":5,"worker_id":"5fa47a19-b844-416c-8ee3-fd87e3b3d01f-23456247935296","trial_id":17,"param_name":"lr","param_value_internal":1.508544046977517e-08,"distribution":"{\"name\": \"FloatDistribution\", \"attributes\": {\"step\": null, \"low\": 1e-08, \"high\": 0.5, \"log\": true}}"}
{"op_code":5,"worker_id":"5fa47a19-b844-416c-8ee3-fd87e3b3d01f-23456247935296","trial_id":17,"param_name":"ratio","param_value_internal":1.781342072115369,"distribution":"{\"name\": \"FloatDistribution\", \"attributes\": {\"step\": null, \"low\": 0.1, \"high\": 100.0, \"log\": true}}"}
{"op_code":0,"worker_id":"a86a8624-cb24-4b41-a178-fc4c0b83cee1-23456247935296","study_name":"peter_connect4_k3","directions":[2]}
{"op_code":4,"worker_id":"a86a8624-cb24-4b41-a178-fc4c0b83cee1-23456247935296","study_id":0,"datetime_start":"2026-07-24T11:19:55.383724"}
{"op_code":5,"worker_id":"a86a8624-cb24-4b41-a178-fc4c0b83cee1-23456247935296","trial_id":18,"param_name":"lr","param_value_internal":5.936667958094328e-07,"distribution":"{\"name\": \"FloatDistribution\", \"attributes\": {\"step\": null, \"low\": 1e-08, \"high\": 0.5, \"log\": true}}"}
{"op_code":5,"worker_id":"a86a8624-cb24-4b41-a178-fc4c0b83cee1-23456247935296","trial_id":18,"param_name":"ratio","param_value_internal":0.3004848629330593,"distribution":"{\"name\": \"FloatDistribution\", \"attributes\": {\"step\": null, \"low\": 0.1, \"high\": 100.0, \"log\": true}}"}
{"op_code":0,"worker_id":"dc4c0fea-8c11-492c-9e4c-fece9eb25472-23456247935296","study_name":"peter_connect4_k3","directions":[2]}
{"op_code":4,"worker_id":"dc4c0fea-8c11-492c-9e4c-fece9eb25472-23456247935296","study_id":0,"datetime_start":"2026-07-24T11:24:18.531774"}
{"op_code":5,"worker_id":"dc4c0fea-8c11-492c-9e4c-fece9eb25472-23456247935296","trial_id":19,"param_name":"lr","param_value_internal":3.809754201184716e-08,"distribution":"{\"name\": \"FloatDistribution\", \"attributes\": {\"step\": null, \"low\": 1e-08, \"high\": 0.5, \"log\": true}}"}
{"op_code":5,"worker_id":"dc4c0fea-8c11-492c-9e4c-fece9eb25472-23456247935296","trial_id":19,"param_name":"ratio","param_value_internal":45.71436610375408,"distribution":"{\"name\": \"FloatDistribution\", \"attributes\": {\"step\": null, \"low\": 0.1, \"high\": 100.0, \"log\": true}}"}
{"op_code":6,"worker_id":"4f4f4992-162c-44f7-945a-0f63d427d916-23456247935296","trial_id":14,"state":1,"values":[-42.388763316274094],"datetime_complete":"2026-07-24T11:24:31.171579"}
{"op_code":6,"worker_id":"c147cfc6-2b1f-4c2c-9f6e-d11a2119d734-23456247935296","trial_id":15,"state":1,"values":[-32.972156499469996],"datetime_complete":"2026-07-24T11:25:50.085912"}
{"op_code":0,"worker_id":"6bb438ee-edcc-4157-9766-9f8f0b4f343d-23456247935296","study_name":"peter_connect4_k3","directions":[2]}
{"op_code":4,"worker_id":"6bb438ee-edcc-4157-9766-9f8f0b4f343d-23456247935296","study_id":0,"datetime_start":"2026-07-24T11:27:35.791757"}
{"op_code":9,"worker_id":"6bb438ee-edcc-4157-9766-9f8f0b4f343d-23456247935296","trial_id":20,"system_attr":{"tpe:relative_params:0":"{\"lr\": 0.07787524207864224, \"ratio\": 15.650013256985192}"}}
{"op_code":5,"worker_id":"6bb438ee-edcc-4157-9766-9f8f0b4f343d-23456247935296","trial_id":20,"param_name":"lr","param_value_internal":0.07787524207864224,"distribution":"{\"name\": \"FloatDistribution\", \"attributes\": {\"step\": null, \"low\": 1e-08, \"high\": 0.5, \"log\": true}}"}
{"op_code":5,"worker_id":"6bb438ee-edcc-4157-9766-9f8f0b4f343d-23456247935296","trial_id":20,"param_name":"ratio","param_value_internal":15.650013256985192,"distribution":"{\"name\": \"FloatDistribution\", \"attributes\": {\"step\": null, \"low\": 0.1, \"high\": 100.0, \"log\": true}}"}
{"op_code":6,"worker_id":"6bb438ee-edcc-4157-9766-9f8f0b4f343d-23456247935296","trial_id":20,"state":3,"values":null,"datetime_complete":"2026-07-24T11:28:27.231517"}
{"op_code":0,"worker_id":"b8c43a94-4a80-4b60-8ce0-efa9bb57f59d-23456247935296","study_name":"peter_connect4_k3","directions":[2]}
{"op_code":4,"worker_id":"b8c43a94-4a80-4b60-8ce0-efa9bb57f59d-23456247935296","study_id":0,"datetime_start":"2026-07-24T11:32:33.912797"}
{"op_code":9,"worker_id":"b8c43a94-4a80-4b60-8ce0-efa9bb57f59d-23456247935296","trial_id":21,"system_attr":{"tpe:relative_params:0":"{\"lr\": 0.006600831352919989, \"ratio\": 65.9640877977881}"}}
{"op_code":5,"worker_id":"b8c43a94-4a80-4b60-8ce0-efa9bb57f59d-23456247935296","trial_id":21,"param_name":"lr","param_value_internal":0.006600831352919989,"distribution":"{\"name\": \"FloatDistribution\", \"attributes\": {\"step\": null, \"low\": 1e-08, \"high\": 0.5, \"log\": true}}"}
{"op_code":5,"worker_id":"b8c43a94-4a80-4b60-8ce0-efa9bb57f59d-23456247935296","trial_id":21,"param_name":"ratio","param_value_internal":65.9640877977881,"distribution":"{\"name\": \"FloatDistribution\", \"attributes\": {\"step\": null, \"low\": 0.1, \"high\": 100.0, \"log\": true}}"}
{"op_code":6,"worker_id":"b8c43a94-4a80-4b60-8ce0-efa9bb57f59d-23456247935296","trial_id":21,"state":3,"values":null,"datetime_complete":"2026-07-24T11:33:27.240280"}
{"op_code":6,"worker_id":"5fa47a19-b844-416c-8ee3-fd87e3b3d01f-23456247935296","trial_id":17,"state":1,"values":[-42.59997778173135],"datetime_complete":"2026-07-24T11:37:02.555442"}
{"op_code":0,"worker_id":"6c207f9f-b8d6-4521-957d-0945b1b03c3d-23456247935296","study_name":"peter_connect4_k3","directions":[2]}
{"op_code":4,"worker_id":"6c207f9f-b8d6-4521-957d-0945b1b03c3d-23456247935296","study_id":0,"datetime_start":"2026-07-24T11:37:27.513019"}
{"op_code":9,"worker_id":"6c207f9f-b8d6-4521-957d-0945b1b03c3d-23456247935296","trial_id":22,"system_attr":{"tpe:relative_params:0":"{\"lr\": 0.006107478747279865, \"ratio\": 84.46907480033121}"}}
{"op_code":5,"worker_id":"6c207f9f-b8d6-4521-957d-0945b1b03c3d-23456247935296","trial_id":22,"param_name":"lr","param_value_internal":0.006107478747279865,"distribution":"{\"name\": \"FloatDistribution\", \"attributes\": {\"step\": null, \"low\": 1e-08, \"high\": 0.5, \"log\": true}}"}
{"op_code":5,"worker_id":"6c207f9f-b8d6-4521-957d-0945b1b03c3d-23456247935296","trial_id":22,"param_name":"ratio","param_value_internal":84.46907480033121,"distribution":"{\"name\": \"FloatDistribution\", \"attributes\": {\"step\": null, \"low\": 0.1, \"high\": 100.0, \"log\": true}}"}
{"op_code":6,"worker_id":"6c207f9f-b8d6-4521-957d-0945b1b03c3d-23456247935296","trial_id":22,"state":3,"values":null,"datetime_complete":"2026-07-24T11:38:29.866403"}
{"op_code":0,"worker_id":"7e41e04a-f9fa-4721-a9a3-32913c60c10f-23456247935296","study_name":"peter_connect4_k3","directions":[2]}
{"op_code":4,"worker_id":"7e41e04a-f9fa-4721-a9a3-32913c60c10f-23456247935296","study_id":0,"datetime_start":"2026-07-24T11:41:21.977702"}
{"op_code":9,"worker_id":"7e41e04a-f9fa-4721-a9a3-32913c60c10f-23456247935296","trial_id":23,"system_attr":{"tpe:relative_params:0":"{\"lr\": 0.004825460633380438, \"ratio\": 50.41968209413377}"}}
{"op_code":5,"worker_id":"7e41e04a-f9fa-4721-a9a3-32913c60c10f-23456247935296","trial_id":23,"param_name":"lr","param_value_internal":0.004825460633380438,"distribution":"{\"name\": \"FloatDistribution\", \"attributes\": {\"step\": null, \"low\": 1e-08, \"high\": 0.5, \"log\": true}}"}
{"op_code":5,"worker_id":"7e41e04a-f9fa-4721-a9a3-32913c60c10f-23456247935296","trial_id":23,"param_name":"ratio","param_value_internal":50.41968209413377,"distribution":"{\"name\": \"FloatDistribution\", \"attributes\": {\"step\": null, \"low\": 0.1, \"high\": 100.0, \"log\": true}}"}
{"op_code":6,"worker_id":"7e41e04a-f9fa-4721-a9a3-32913c60c10f-23456247935296","trial_id":23,"state":3,"values":null,"datetime_complete":"2026-07-24T11:42:19.811114"}
{"op_code":6,"worker_id":"a86a8624-cb24-4b41-a178-fc4c0b83cee1-23456247935296","trial_id":18,"state":1,"values":[-42.41665355553734],"datetime_complete":"2026-07-24T11:43:28.933723"}
{"op_code":0,"worker_id":"229810e2-312b-44bb-8862-8d0f7c645e65-23456247935296","study_name":"peter_connect4_k3","directions":[2]}
{"op_code":4,"worker_id":"229810e2-312b-44bb-8862-8d0f7c645e65-23456247935296","study_id":0,"datetime_start":"2026-07-24T11:44:42.226393"}
{"op_code":9,"worker_id":"229810e2-312b-44bb-8862-8d0f7c645e65-23456247935296","trial_id":24,"system_attr":{"tpe:relative_params:0":"{\"lr\": 0.38575654879516924, \"ratio\": 52.23141619436357}"}}
{"op_code":5,"worker_id":"229810e2-312b-44bb-8862-8d0f7c645e65-23456247935296","trial_id":24,"param_name":"lr","param_value_internal":0.38575654879516924,"distribution":"{\"name\": \"FloatDistribution\", \"attributes\": {\"step\": null, \"low\": 1e-08, \"high\": 0.5, \"log\": true}}"}
{"op_code":5,"worker_id":"229810e2-312b-44bb-8862-8d0f7c645e65-23456247935296","trial_id":24,"param_name":"ratio","param_value_internal":52.23141619436357,"distribution":"{\"name\": \"FloatDistribution\", \"attributes\": {\"step\": null, \"low\": 0.1, \"high\": 100.0, \"log\": true}}"}
{"op_code":6,"worker_id":"229810e2-312b-44bb-8862-8d0f7c645e65-23456247935296","trial_id":24,"state":3,"values":null,"datetime_complete":"2026-07-24T11:45:31.686899"}
{"op_code":6,"worker_id":"dc4c0fea-8c11-492c-9e4c-fece9eb25472-23456247935296","trial_id":19,"state":1,"values":[-42.56799182151543],"datetime_complete":"2026-07-24T11:46:37.581749"}
{"op_code":0,"worker_id":"4723c74b-0050-4f42-b302-6b1e9e16faa8-23456247935296","study_name":"peter_connect4_k3","directions":[2]}
{"op_code":4,"worker_id":"4723c74b-0050-4f42-b302-6b1e9e16faa8-23456247935296","study_id":0,"datetime_start":"2026-07-24T11:48:15.494550"}
{"op_code":9,"worker_id":"4723c74b-0050-4f42-b302-6b1e9e16faa8-23456247935296","trial_id":25,"system_attr":{"tpe:relative_params:0":"{\"lr\": 0.17325250152034613, \"ratio\": 48.66043124783426}"}}
{"op_code":5,"worker_id":"4723c74b-0050-4f42-b302-6b1e9e16faa8-23456247935296","trial_id":25,"param_name":"lr","param_value_internal":0.17325250152034613,"distribution":"{\"name\": \"FloatDistribution\", \"attributes\": {\"step\": null, \"low\": 1e-08, \"high\": 0.5, \"log\": true}}"}
{"op_code":5,"worker_id":"4723c74b-0050-4f42-b302-6b1e9e16faa8-23456247935296","trial_id":25,"param_name":"ratio","param_value_internal":48.66043124783426,"distribution":"{\"name\": \"FloatDistribution\", \"attributes\": {\"step\": null, \"low\": 0.1, \"high\": 100.0, \"log\": true}}"}
{"op_code":6,"worker_id":"4723c74b-0050-4f42-b302-6b1e9e16faa8-23456247935296","trial_id":25,"state":3,"values":null,"datetime_complete":"2026-07-24T11:49:04.024020"}
{"op_code":0,"worker_id":"7a5c6bcd-fa76-41f4-8f88-033644a06197-23456247935296","study_name":"peter_connect4_k3","directions":[2]}
{"op_code":4,"worker_id":"7a5c6bcd-fa76-41f4-8f88-033644a06197-23456247935296","study_id":0,"datetime_start":"2026-07-24T11:51:49.588179"}
{"op_code":9,"worker_id":"7a5c6bcd-fa76-41f4-8f88-033644a06197-23456247935296","trial_id":26,"system_attr":{"tpe:relative_params:0":"{\"lr\": 0.007854767105589893, \"ratio\": 29.61383942704667}"}}
{"op_code":5,"worker_id":"7a5c6bcd-fa76-41f4-8f88-033644a06197-23456247935296","trial_id":26,"param_name":"lr","param_value_internal":0.007854767105589893,"distribution":"{\"name\": \"FloatDistribution\", \"attributes\": {\"step\": null, \"low\": 1e-08, \"high\": 0.5, \"log\": true}}"}
{"op_code":5,"worker_id":"7a5c6bcd-fa76-41f4-8f88-033644a06197-23456247935296","trial_id":26,"param_name":"ratio","param_value_internal":29.61383942704667,"distribution":"{\"name\": \"FloatDistribution\", \"attributes\": {\"step\": null, \"low\": 0.1, \"high\": 100.0, \"log\": true}}"}
{"op_code":6,"worker_id":"7a5c6bcd-fa76-41f4-8f88-033644a06197-23456247935296","trial_id":26,"state":3,"values":null,"datetime_complete":"2026-07-24T11:52:56.050922"}
{"op_code":0,"worker_id":"ddbaec2b-a18e-41e3-89a7-e9a8508ea79a-23456247935296","study_name":"peter_connect4_k3","directions":[2]}
{"op_code":4,"worker_id":"ddbaec2b-a18e-41e3-89a7-e9a8508ea79a-23456247935296","study_id":0,"datetime_start":"2026-07-24T11:54:53.423756"}
{"op_code":9,"worker_id":"ddbaec2b-a18e-41e3-89a7-e9a8508ea79a-23456247935296","trial_id":27,"system_attr":{"tpe:relative_params:0":"{\"lr\": 0.004990571855983036, \"ratio\": 31.68591873916075}"}}
{"op_code":5,"worker_id":"ddbaec2b-a18e-41e3-89a7-e9a8508ea79a-23456247935296","trial_id":27,"param_name":"lr","param_value_internal":0.004990571855983036,"distribution":"{\"name\": \"FloatDistribution\", \"attributes\": {\"step\": null, \"low\": 1e-08, \"high\": 0.5, \"log\": true}}"}
{"op_code":5,"worker_id":"ddbaec2b-a18e-41e3-89a7-e9a8508ea79a-23456247935296","trial_id":27,"param_name":"ratio","param_value_internal":31.68591873916075,"distribution":"{\"name\": \"FloatDistribution\", \"attributes\": {\"step\": null, \"low\": 0.1, \"high\": 100.0, \"log\": true}}"}
{"op_code":6,"worker_id":"ddbaec2b-a18e-41e3-89a7-e9a8508ea79a-23456247935296","trial_id":27,"state":3,"values":null,"datetime_complete":"2026-07-24T11:55:53.980589"}
{"op_code":0,"worker_id":"498139e4-0cdb-4234-8ce7-b792a6057be6-23456247935296","study_name":"peter_connect4_k3","directions":[2]}
{"op_code":4,"worker_id":"498139e4-0cdb-4234-8ce7-b792a6057be6-23456247935296","study_id":0,"datetime_start":"2026-07-24T11:59:12.142154"}
{"op_code":9,"worker_id":"498139e4-0cdb-4234-8ce7-b792a6057be6-23456247935296","trial_id":28,"system_attr":{"tpe:relative_params:0":"{\"lr\": 0.2487201377271539, \"ratio\": 19.7037941691132}"}}
{"op_code":5,"worker_id":"498139e4-0cdb-4234-8ce7-b792a6057be6-23456247935296","trial_id":28,"param_name":"lr","param_value_internal":0.2487201377271539,"distribution":"{\"name\": \"FloatDistribution\", \"attributes\": {\"step\": null, \"low\": 1e-08, \"high\": 0.5, \"log\": true}}"}
{"op_code":5,"worker_id":"498139e4-0cdb-4234-8ce7-b792a6057be6-23456247935296","trial_id":28,"param_name":"ratio","param_value_internal":19.7037941691132,"distribution":"{\"name\": \"FloatDistribution\", \"attributes\": {\"step\": null, \"low\": 0.1, \"high\": 100.0, \"log\": true}}"}
{"op_code":6,"worker_id":"498139e4-0cdb-4234-8ce7-b792a6057be6-23456247935296","trial_id":28,"state":3,"values":null,"datetime_complete":"2026-07-24T11:59:59.276012"}
{"op_code":0,"worker_id":"0c33176a-94e7-4925-b746-5dc15a72fe11-23456247935296","study_name":"peter_connect4_k3","directions":[2]}
{"op_code":4,"worker_id":"0c33176a-94e7-4925-b746-5dc15a72fe11-23456247935296","study_id":0,"datetime_start":"2026-07-24T12:02:12.925073"}
{"op_code":9,"worker_id":"0c33176a-94e7-4925-b746-5dc15a72fe11-23456247935296","trial_id":29,"system_attr":{"tpe:relative_params:0":"{\"lr\": 0.04632706391197839, \"ratio\": 0.5781796722798175}"}}
{"op_code":5,"worker_id":"0c33176a-94e7-4925-b746-5dc15a72fe11-23456247935296","trial_id":29,"param_name":"lr","param_value_internal":0.04632706391197839,"distribution":"{\"name\": \"FloatDistribution\", \"attributes\": {\"step\": null, \"low\": 1e-08, \"high\": 0.5, \"log\": true}}"}
{"op_code":5,"worker_id":"0c33176a-94e7-4925-b746-5dc15a72fe11-23456247935296","trial_id":29,"param_name":"ratio","param_value_internal":0.5781796722798175,"distribution":"{\"name\": \"FloatDistribution\", \"attributes\": {\"step\": null, \"low\": 0.1, \"high\": 100.0, \"log\": true}}"}
{"op_code":6,"worker_id":"0c33176a-94e7-4925-b746-5dc15a72fe11-23456247935296","trial_id":29,"state":3,"values":null,"datetime_complete":"2026-07-24T12:03:04.846850"}
{"op_code":0,"worker_id":"c1f88899-d654-4254-8891-8f2aca486b97-23456247935296","study_name":"peter_connect4_k3","directions":[2]}
{"op_code":4,"worker_id":"c1f88899-d654-4254-8891-8f2aca486b97-23456247935296","study_id":0,"datetime_start":"2026-07-24T12:06:38.307881"}
{"op_code":9,"worker_id":"c1f88899-d654-4254-8891-8f2aca486b97-23456247935296","trial_id":30,"system_attr":{"tpe:relative_params:0":"{\"lr\": 0.0036270881103950005, \"ratio\": 42.6891317259482}"}}
{"op_code":5,"worker_id":"c1f88899-d654-4254-8891-8f2aca486b97-23456247935296","trial_id":30,"param_name":"lr","param_value_internal":0.0036270881103950005,"distribution":"{\"name\": \"FloatDistribution\", \"attributes\": {\"step\": null, \"low\": 1e-08, \"high\": 0.5, \"log\": true}}"}
{"op_code":5,"worker_id":"c1f88899-d654-4254-8891-8f2aca486b97-23456247935296","trial_id":30,"param_name":"ratio","param_value_internal":42.6891317259482,"distribution":"{\"name\": \"FloatDistribution\", \"attributes\": {\"step\": null, \"low\": 0.1, \"high\": 100.0, \"log\": true}}"}
{"op_code":6,"worker_id":"c1f88899-d654-4254-8891-8f2aca486b97-23456247935296","trial_id":30,"state":3,"values":null,"datetime_complete":"2026-07-24T12:07:37.557300"}
{"op_code":0,"worker_id":"7f770b8b-e2b2-493b-a81b-0d9800b0f75f-23456247935296","study_name":"peter_connect4_k3","directions":[2]}
{"op_code":4,"worker_id":"7f770b8b-e2b2-493b-a81b-0d9800b0f75f-23456247935296","study_id":0,"datetime_start":"2026-07-24T12:10:20.692487"}
{"op_code":9,"worker_id":"7f770b8b-e2b2-493b-a81b-0d9800b0f75f-23456247935296","trial_id":31,"system_attr":{"tpe:relative_params:0":"{\"lr\": 0.015775538569688434, \"ratio\": 44.08088435201949}"}}
{"op_code":5,"worker_id":"7f770b8b-e2b2-493b-a81b-0d9800b0f75f-23456247935296","trial_id":31,"param_name":"lr","param_value_internal":0.015775538569688434,"distribution":"{\"name\": \"FloatDistribution\", \"attributes\": {\"step\": null, \"low\": 1e-08, \"high\": 0.5, \"log\": true}}"}
{"op_code":5,"worker_id":"7f770b8b-e2b2-493b-a81b-0d9800b0f75f-23456247935296","trial_id":31,"param_name":"ratio","param_value_internal":44.08088435201949,"distribution":"{\"name\": \"FloatDistribution\", \"attributes\": {\"step\": null, \"low\": 0.1, \"high\": 100.0, \"log\": true}}"}
{"op_code":6,"worker_id":"7f770b8b-e2b2-493b-a81b-0d9800b0f75f-23456247935296","trial_id":31,"state":3,"values":null,"datetime_complete":"2026-07-24T12:11:17.720668"}
{"op_code":0,"worker_id":"5298fa6f-5b0f-4383-acfb-742acbd29a10-23456247935296","study_name":"peter_connect4_k3","directions":[2]}
{"op_code":4,"worker_id":"5298fa6f-5b0f-4383-acfb-742acbd29a10-23456247935296","study_id":0,"datetime_start":"2026-07-24T12:13:58.453885"}
{"op_code":9,"worker_id":"5298fa6f-5b0f-4383-acfb-742acbd29a10-23456247935296","trial_id":32,"system_attr":{"tpe:relative_params:0":"{\"lr\": 0.0023003094969485795, \"ratio\": 47.924943499078914}"}}
{"op_code":5,"worker_id":"5298fa6f-5b0f-4383-acfb-742acbd29a10-23456247935296","trial_id":32,"param_name":"lr","param_value_internal":0.0023003094969485795,"distribution":"{\"name\": \"FloatDistribution\", \"attributes\": {\"step\": null, \"low\": 1e-08, \"high\": 0.5, \"log\": true}}"}
{"op_code":5,"worker_id":"5298fa6f-5b0f-4383-acfb-742acbd29a10-23456247935296","trial_id":32,"param_name":"ratio","param_value_internal":47.924943499078914,"distribution":"{\"name\": \"FloatDistribution\", \"attributes\": {\"step\": null, \"low\": 0.1, \"high\": 100.0, \"log\": true}}"}
{"op_code":6,"worker_id":"5298fa6f-5b0f-4383-acfb-742acbd29a10-23456247935296","trial_id":32,"state":3,"values":null,"datetime_complete":"2026-07-24T12:15:20.706527"}
{"op_code":0,"worker_id":"3d410dce-7ab3-465a-ab8e-9fb91a89e95f-23456247935296","study_name":"peter_connect4_k3","directions":[2]}
{"op_code":4,"worker_id":"3d410dce-7ab3-465a-ab8e-9fb91a89e95f-23456247935296","study_id":0,"datetime_start":"2026-07-24T12:17:39.939513"}
{"op_code":9,"worker_id":"3d410dce-7ab3-465a-ab8e-9fb91a89e95f-23456247935296","trial_id":33,"system_attr":{"tpe:relative_params:0":"{\"lr\": 9.912549205482379e-05, \"ratio\": 10.839519066834994}"}}
{"op_code":5,"worker_id":"3d410dce-7ab3-465a-ab8e-9fb91a89e95f-23456247935296","trial_id":33,"param_name":"lr","param_value_internal":9.912549205482379e-05,"distribution":"{\"name\": \"FloatDistribution\", \"attributes\": {\"step\": null, \"low\": 1e-08, \"high\": 0.5, \"log\": true}}"}
{"op_code":5,"worker_id":"3d410dce-7ab3-465a-ab8e-9fb91a89e95f-23456247935296","trial_id":33,"param_name":"ratio","param_value_internal":10.839519066834994,"distribution":"{\"name\": \"FloatDistribution\", \"attributes\": {\"step\": null, \"low\": 0.1, \"high\": 100.0, \"log\": true}}"}
{"op_code":0,"worker_id":"4cf818bb-37c7-44af-b777-792e4dd249bf-23456247935296","study_name":"peter_connect4_k3","directions":[2]}
{"op_code":4,"worker_id":"4cf818bb-37c7-44af-b777-792e4dd249bf-23456247935296","study_id":0,"datetime_start":"2026-07-24T12:21:31.480109"}
{"op_code":9,"worker_id":"4cf818bb-37c7-44af-b777-792e4dd249bf-23456247935296","trial_id":34,"system_attr":{"tpe:relative_params:0":"{\"lr\": 0.05097833699866719, \"ratio\": 21.252236794984928}"}}
{"op_code":5,"worker_id":"4cf818bb-37c7-44af-b777-792e4dd249bf-23456247935296","trial_id":34,"param_name":"lr","param_value_internal":0.05097833699866719,"distribution":"{\"name\": \"FloatDistribution\", \"attributes\": {\"step\": null, \"low\": 1e-08, \"high\": 0.5, \"log\": true}}"}
{"op_code":5,"worker_id":"4cf818bb-37c7-44af-b777-792e4dd249bf-23456247935296","trial_id":34,"param_name":"ratio","param_value_internal":21.252236794984928,"distribution":"{\"name\": \"FloatDistribution\", \"attributes\": {\"step\": null, \"low\": 0.1, \"high\": 100.0, \"log\": true}}"}
{"op_code":6,"worker_id":"4cf818bb-37c7-44af-b777-792e4dd249bf-23456247935296","trial_id":34,"state":3,"values":null,"datetime_complete":"2026-07-24T12:22:25.121670"}
{"op_code":0,"worker_id":"f67a6c56-894c-49bd-86e5-2242d7c2a524-23456247935296","study_name":"peter_connect4_k3","directions":[2]}
{"op_code":4,"worker_id":"f67a6c56-894c-49bd-86e5-2242d7c2a524-23456247935296","study_id":0,"datetime_start":"2026-07-24T12:27:11.337295"}
{"op_code":9,"worker_id":"f67a6c56-894c-49bd-86e5-2242d7c2a524-23456247935296","trial_id":35,"system_attr":{"tpe:relative_params:0":"{\"lr\": 0.06469434590125936, \"ratio\": 0.18380363811613057}"}}
{"op_code":5,"worker_id":"f67a6c56-894c-49bd-86e5-2242d7c2a524-23456247935296","trial_id":35,"param_name":"lr","param_value_internal":0.06469434590125936,"distribution":"{\"name\": \"FloatDistribution\", \"attributes\": {\"step\": null, \"low\": 1e-08, \"high\": 0.5, \"log\": true}}"}
{"op_code":5,"worker_id":"f67a6c56-894c-49bd-86e5-2242d7c2a524-23456247935296","trial_id":35,"param_name":"ratio","param_value_internal":0.18380363811613057,"distribution":"{\"name\": \"FloatDistribution\", \"attributes\": {\"step\": null, \"low\": 0.1, \"high\": 100.0, \"log\": true}}"}
{"op_code":6,"worker_id":"f67a6c56-894c-49bd-86e5-2242d7c2a524-23456247935296","trial_id":35,"state":3,"values":null,"datetime_complete":"2026-07-24T12:28:04.061585"}
{"op_code":0,"worker_id":"087b9a8c-9b12-4f8e-9dea-5ebe1175fd06-23456247935296","study_name":"peter_connect4_k3","directions":[2]}
{"op_code":4,"worker_id":"087b9a8c-9b12-4f8e-9dea-5ebe1175fd06-23456247935296","study_id":0,"datetime_start":"2026-07-24T12:32:08.456897"}
{"op_code":9,"worker_id":"087b9a8c-9b12-4f8e-9dea-5ebe1175fd06-23456247935296","trial_id":36,"system_attr":{"tpe:relative_params:0":"{\"lr\": 0.0005423506929669659, \"ratio\": 90.8064486196794}"}}
{"op_code":5,"worker_id":"087b9a8c-9b12-4f8e-9dea-5ebe1175fd06-23456247935296","trial_id":36,"param_name":"lr","param_value_internal":0.0005423506929669659,"distribution":"{\"name\": \"FloatDistribution\", \"attributes\": {\"step\": null, \"low\": 1e-08, \"high\": 0.5, \"log\": true}}"}
{"op_code":5,"worker_id":"087b9a8c-9b12-4f8e-9dea-5ebe1175fd06-23456247935296","trial_id":36,"param_name":"ratio","param_value_internal":90.8064486196794,"distribution":"{\"name\": \"FloatDistribution\", \"attributes\": {\"step\": null, \"low\": 0.1, \"high\": 100.0, \"log\": true}}"}
{"op_code":0,"worker_id":"d896f529-119a-4872-aaf0-7b4242388512-23456247935296","study_name":"peter_connect4_k3","directions":[2]}
{"op_code":4,"worker_id":"d896f529-119a-4872-aaf0-7b4242388512-23456247935296","study_id":0,"datetime_start":"2026-07-24T12:35:57.440135"}
{"op_code":9,"worker_id":"d896f529-119a-4872-aaf0-7b4242388512-23456247935296","trial_id":37,"system_attr":{"tpe:relative_params:0":"{\"lr\": 0.2136653318743518, \"ratio\": 12.49161105396028}"}}
{"op_code":5,"worker_id":"d896f529-119a-4872-aaf0-7b4242388512-23456247935296","trial_id":37,"param_name":"lr","param_value_internal":0.2136653318743518,"distribution":"{\"name\": \"FloatDistribution\", \"attributes\": {\"step\": null, \"low\": 1e-08, \"high\": 0.5, \"log\": true}}"}
{"op_code":5,"worker_id":"d896f529-119a-4872-aaf0-7b4242388512-23456247935296","trial_id":37,"param_name":"ratio","param_value_internal":12.49161105396028,"distribution":"{\"name\": \"FloatDistribution\", \"attributes\": {\"step\": null, \"low\": 0.1, \"high\": 100.0, \"log\": true}}"}
{"op_code":6,"worker_id":"d896f529-119a-4872-aaf0-7b4242388512-23456247935296","trial_id":37,"state":3,"values":null,"datetime_complete":"2026-07-24T12:37:01.701679"}
{"op_code":6,"worker_id":"3d410dce-7ab3-465a-ab8e-9fb91a89e95f-23456247935296","trial_id":33,"state":1,"values":[-31.642488967820157],"datetime_complete":"2026-07-24T12:38:34.720311"}
{"op_code":0,"worker_id":"0fe218b8-d6d5-4353-bb6f-04cdc625e591-23456247935296","study_name":"peter_connect4_k3","directions":[2]}
{"op_code":4,"worker_id":"0fe218b8-d6d5-4353-bb6f-04cdc625e591-23456247935296","study_id":0,"datetime_start":"2026-07-24T12:40:57.810475"}
{"op_code":9,"worker_id":"0fe218b8-d6d5-4353-bb6f-04cdc625e591-23456247935296","trial_id":38,"system_attr":{"tpe:relative_params:0":"{\"lr\": 0.1894964017592274, \"ratio\": 37.904392086131026}"}}
{"op_code":5,"worker_id":"0fe218b8-d6d5-4353-bb6f-04cdc625e591-23456247935296","trial_id":38,"param_name":"lr","param_value_internal":0.1894964017592274,"distribution":"{\"name\": \"FloatDistribution\", \"attributes\": {\"step\": null, \"low\": 1e-08, \"high\": 0.5, \"log\": true}}"}
{"op_code":5,"worker_id":"0fe218b8-d6d5-4353-bb6f-04cdc625e591-23456247935296","trial_id":38,"param_name":"ratio","param_value_internal":37.904392086131026,"distribution":"{\"name\": \"FloatDistribution\", \"attributes\": {\"step\": null, \"low\": 0.1, \"high\": 100.0, \"log\": true}}"}
{"op_code":6,"worker_id":"0fe218b8-d6d5-4353-bb6f-04cdc625e591-23456247935296","trial_id":38,"state":3,"values":null,"datetime_complete":"2026-07-24T12:42:02.356236"}
{"op_code":0,"worker_id":"c1b902fb-1842-4261-b0ac-a8b1e5503fcf-23456247935296","study_name":"peter_connect4_k3","directions":[2]}
{"op_code":4,"worker_id":"c1b902fb-1842-4261-b0ac-a8b1e5503fcf-23456247935296","study_id":0,"datetime_start":"2026-07-24T12:45:49.689923"}
{"op_code":9,"worker_id":"c1b902fb-1842-4261-b0ac-a8b1e5503fcf-23456247935296","trial_id":39,"system_attr":{"tpe:relative_params:0":"{\"lr\": 0.006794722245815475, \"ratio\": 9.602632841405818}"}}
{"op_code":5,"worker_id":"c1b902fb-1842-4261-b0ac-a8b1e5503fcf-23456247935296","trial_id":39,"param_name":"lr","param_value_internal":0.006794722245815475,"distribution":"{\"name\": \"FloatDistribution\", \"attributes\": {\"step\": null, \"low\": 1e-08, \"high\": 0.5, \"log\": true}}"}
{"op_code":5,"worker_id":"c1b902fb-1842-4261-b0ac-a8b1e5503fcf-23456247935296","trial_id":39,"param_name":"ratio","param_value_internal":9.602632841405818,"distribution":"{\"name\": \"FloatDistribution\", \"attributes\": {\"step\": null, \"low\": 0.1, \"high\": 100.0, \"log\": true}}"}
{"op_code":6,"worker_id":"c1b902fb-1842-4261-b0ac-a8b1e5503fcf-23456247935296","trial_id":39,"state":3,"values":null,"datetime_complete":"2026-07-24T12:46:49.470287"}
{"op_code":0,"worker_id":"5081bcf2-0100-456d-ac0c-cb64a3174f0e-23456247935296","study_name":"peter_connect4_k3","directions":[2]}
{"op_code":4,"worker_id":"5081bcf2-0100-456d-ac0c-cb64a3174f0e-23456247935296","study_id":0,"datetime_start":"2026-07-24T12:50:51.114805"}
{"op_code":9,"worker_id":"5081bcf2-0100-456d-ac0c-cb64a3174f0e-23456247935296","trial_id":40,"system_attr":{"tpe:relative_params:0":"{\"lr\": 0.12214318410983, \"ratio\": 13.787601115982913}"}}
{"op_code":5,"worker_id":"5081bcf2-0100-456d-ac0c-cb64a3174f0e-23456247935296","trial_id":40,"param_name":"lr","param_value_internal":0.12214318410983,"distribution":"{\"name\": \"FloatDistribution\", \"attributes\": {\"step\": null, \"low\": 1e-08, \"high\": 0.5, \"log\": true}}"}
{"op_code":5,"worker_id":"5081bcf2-0100-456d-ac0c-cb64a3174f0e-23456247935296","trial_id":40,"param_name":"ratio","param_value_internal":13.787601115982913,"distribution":"{\"name\": \"FloatDistribution\", \"attributes\": {\"step\": null, \"low\": 0.1, \"high\": 100.0, \"log\": true}}"}
{"op_code":6,"worker_id":"5081bcf2-0100-456d-ac0c-cb64a3174f0e-23456247935296","trial_id":40,"state":3,"values":null,"datetime_complete":"2026-07-24T12:51:40.507788"}
{"op_code":6,"worker_id":"087b9a8c-9b12-4f8e-9dea-5ebe1175fd06-23456247935296","trial_id":36,"state":1,"values":[-35.81637365887678],"datetime_complete":"2026-07-24T12:52:43.211070"}
{"op_code":0,"worker_id":"93658fbc-cd2e-4a53-a21f-5c3e6e13aa98-23456247935296","study_name":"peter_connect4_k3","directions":[2]}
{"op_code":4,"worker_id":"93658fbc-cd2e-4a53-a21f-5c3e6e13aa98-23456247935296","study_id":0,"datetime_start":"2026-07-24T12:55:10.511432"}
{"op_code":9,"worker_id":"93658fbc-cd2e-4a53-a21f-5c3e6e13aa98-23456247935296","trial_id":41,"system_attr":{"tpe:relative_params:0":"{\"lr\": 0.040174611175217444, \"ratio\": 3.9275067555990772}"}}
{"op_code":5,"worker_id":"93658fbc-cd2e-4a53-a21f-5c3e6e13aa98-23456247935296","trial_id":41,"param_name":"lr","param_value_internal":0.040174611175217444,"distribution":"{\"name\": \"FloatDistribution\", \"attributes\": {\"step\": null, \"low\": 1e-08, \"high\": 0.5, \"log\": true}}"}
{"op_code":5,"worker_id":"93658fbc-cd2e-4a53-a21f-5c3e6e13aa98-23456247935296","trial_id":41,"param_name":"ratio","param_value_internal":3.9275067555990772,"distribution":"{\"name\": \"FloatDistribution\", \"attributes\": {\"step\": null, \"low\": 0.1, \"high\": 100.0, \"log\": true}}"}
{"op_code":6,"worker_id":"93658fbc-cd2e-4a53-a21f-5c3e6e13aa98-23456247935296","trial_id":41,"state":3,"values":null,"datetime_complete":"2026-07-24T12:56:04.868363"}
{"op_code":0,"worker_id":"3f5de6c1-28a4-4146-9a9c-bde0927a9124-23456247935296","study_name":"peter_connect4_k3","directions":[2]}
{"op_code":4,"worker_id":"3f5de6c1-28a4-4146-9a9c-bde0927a9124-23456247935296","study_id":0,"datetime_start":"2026-07-24T12:59:20.033624"}
{"op_code":9,"worker_id":"3f5de6c1-28a4-4146-9a9c-bde0927a9124-23456247935296","trial_id":42,"system_attr":{"tpe:relative_params:0":"{\"lr\": 0.2535782008360515, \"ratio\": 44.35471938207732}"}}
{"op_code":5,"worker_id":"3f5de6c1-28a4-4146-9a9c-bde0927a9124-23456247935296","trial_id":42,"param_name":"lr","param_value_internal":0.2535782008360515,"distribution":"{\"name\": \"FloatDistribution\", \"attributes\": {\"step\": null, \"low\": 1e-08, \"high\": 0.5, \"log\": true}}"}
{"op_code":5,"worker_id":"3f5de6c1-28a4-4146-9a9c-bde0927a9124-23456247935296","trial_id":42,"param_name":"ratio","param_value_internal":44.35471938207732,"distribution":"{\"name\": \"FloatDistribution\", \"attributes\": {\"step\": null, \"low\": 0.1, \"high\": 100.0, \"log\": true}}"}
{"op_code":6,"worker_id":"3f5de6c1-28a4-4146-9a9c-bde0927a9124-23456247935296","trial_id":42,"state":3,"values":null,"datetime_complete":"2026-07-24T13:00:26.061717"}
{"op_code":0,"worker_id":"6192e25c-239d-4107-b5d2-d5a3324feafe-23456247935296","study_name":"peter_connect4_k3","directions":[2]}
{"op_code":4,"worker_id":"6192e25c-239d-4107-b5d2-d5a3324feafe-23456247935296","study_id":0,"datetime_start":"2026-07-24T13:03:31.919622"}
{"op_code":9,"worker_id":"6192e25c-239d-4107-b5d2-d5a3324feafe-23456247935296","trial_id":43,"system_attr":{"tpe:relative_params:0":"{\"lr\": 0.4517790633921448, \"ratio\": 5.677778215267931}"}}
{"op_code":5,"worker_id":"6192e25c-239d-4107-b5d2-d5a3324feafe-23456247935296","trial_id":43,"param_name":"lr","param_value_internal":0.4517790633921448,"distribution":"{\"name\": \"FloatDistribution\", \"attributes\": {\"step\": null, \"low\": 1e-08, \"high\": 0.5, \"log\": true}}"}
{"op_code":5,"worker_id":"6192e25c-239d-4107-b5d2-d5a3324feafe-23456247935296","trial_id":43,"param_name":"ratio","param_value_internal":5.677778215267931,"distribution":"{\"name\": \"FloatDistribution\", \"attributes\": {\"step\": null, \"low\": 0.1, \"high\": 100.0, \"log\": true}}"}
{"op_code":6,"worker_id":"6192e25c-239d-4107-b5d2-d5a3324feafe-23456247935296","trial_id":43,"state":3,"values":null,"datetime_complete":"2026-07-24T13:04:29.548885"}
{"op_code":0,"worker_id":"c6cfffd1-0650-4fc1-be97-c93cad457f18-23456247935296","study_name":"peter_connect4_k3","directions":[2]}
{"op_code":4,"worker_id":"c6cfffd1-0650-4fc1-be97-c93cad457f18-23456247935296","study_id":0,"datetime_start":"2026-07-24T13:08:17.927217"}
{"op_code":9,"worker_id":"c6cfffd1-0650-4fc1-be97-c93cad457f18-23456247935296","trial_id":44,"system_attr":{"tpe:relative_params:0":"{\"lr\": 0.1759840592755254, \"ratio\": 45.787574673596986}"}}
{"op_code":5,"worker_id":"c6cfffd1-0650-4fc1-be97-c93cad457f18-23456247935296","trial_id":44,"param_name":"lr","param_value_internal":0.1759840592755254,"distribution":"{\"name\": \"FloatDistribution\", \"attributes\": {\"step\": null, \"low\": 1e-08, \"high\": 0.5, \"log\": true}}"}
{"op_code":5,"worker_id":"c6cfffd1-0650-4fc1-be97-c93cad457f18-23456247935296","trial_id":44,"param_name":"ratio","param_value_internal":45.787574673596986,"distribution":"{\"name\": \"FloatDistribution\", \"attributes\": {\"step\": null, \"low\": 0.1, \"high\": 100.0, \"log\": true}}"}
{"op_code":6,"worker_id":"c6cfffd1-0650-4fc1-be97-c93cad457f18-23456247935296","trial_id":44,"state":3,"values":null,"datetime_complete":"2026-07-24T13:09:22.773220"}
{"op_code":0,"worker_id":"69255f8d-ece0-40f3-9d13-8e7b4ec818d8-23456247935296","study_name":"peter_connect4_k3","directions":[2]}
{"op_code":4,"worker_id":"69255f8d-ece0-40f3-9d13-8e7b4ec818d8-23456247935296","study_id":0,"datetime_start":"2026-07-24T13:12:58.235172"}
{"op_code":9,"worker_id":"69255f8d-ece0-40f3-9d13-8e7b4ec818d8-23456247935296","trial_id":45,"system_attr":{"tpe:relative_params:0":"{\"lr\": 0.06852732465304152, \"ratio\": 13.245238847626842}"}}
{"op_code":5,"worker_id":"69255f8d-ece0-40f3-9d13-8e7b4ec818d8-23456247935296","trial_id":45,"param_name":"lr","param_value_internal":0.06852732465304152,"distribution":"{\"name\": \"FloatDistribution\", \"attributes\": {\"step\": null, \"low\": 1e-08, \"high\": 0.5, \"log\": true}}"}
{"op_code":5,"worker_id":"69255f8d-ece0-40f3-9d13-8e7b4ec818d8-23456247935296","trial_id":45,"param_name":"ratio","param_value_internal":13.245238847626842,"distribution":"{\"name\": \"FloatDistribution\", \"attributes\": {\"step\": null, \"low\": 0.1, \"high\": 100.0, \"log\": true}}"}
{"op_code":6,"worker_id":"69255f8d-ece0-40f3-9d13-8e7b4ec818d8-23456247935296","trial_id":45,"state":3,"values":null,"datetime_complete":"2026-07-24T13:13:53.445762"}
{"op_code":0,"worker_id":"dd974cbc-83e7-4300-bed2-f2fc85a62bef-23456247935296","study_name":"peter_connect4_k3","directions":[2]}
{"op_code":4,"worker_id":"dd974cbc-83e7-4300-bed2-f2fc85a62bef-23456247935296","study_id":0,"datetime_start":"2026-07-24T13:17:18.918156"}
{"op_code":9,"worker_id":"dd974cbc-83e7-4300-bed2-f2fc85a62bef-23456247935296","trial_id":46,"system_attr":{"tpe:relative_params:0":"{\"lr\": 0.16337212481060315, \"ratio\": 11.698814098467999}"}}
{"op_code":5,"worker_id":"dd974cbc-83e7-4300-bed2-f2fc85a62bef-23456247935296","trial_id":46,"param_name":"lr","param_value_internal":0.16337212481060315,"distribution":"{\"name\": \"FloatDistribution\", \"attributes\": {\"step\": null, \"low\": 1e-08, \"high\": 0.5, \"log\": true}}"}
{"op_code":5,"worker_id":"dd974cbc-83e7-4300-bed2-f2fc85a62bef-23456247935296","trial_id":46,"param_name":"ratio","param_value_internal":11.698814098467999,"distribution":"{\"name\": \"FloatDistribution\", \"attributes\": {\"step\": null, \"low\": 0.1, \"high\": 100.0, \"log\": true}}"}
{"op_code":6,"worker_id":"dd974cbc-83e7-4300-bed2-f2fc85a62bef-23456247935296","trial_id":46,"state":3,"values":null,"datetime_complete":"2026-07-24T13:18:35.452134"}
{"op_code":0,"worker_id":"224d793e-e3e2-43d3-8879-07a08c6c41b1-23456247935296","study_name":"peter_connect4_k3","directions":[2]}
{"op_code":4,"worker_id":"224d793e-e3e2-43d3-8879-07a08c6c41b1-23456247935296","study_id":0,"datetime_start":"2026-07-24T13:20:36.832075"}
{"op_code":9,"worker_id":"224d793e-e3e2-43d3-8879-07a08c6c41b1-23456247935296","trial_id":47,"system_attr":{"tpe:relative_params:0":"{\"lr\": 0.013341704052630275, \"ratio\": 7.9897685597896535}"}}
{"op_code":5,"worker_id":"224d793e-e3e2-43d3-8879-07a08c6c41b1-23456247935296","trial_id":47,"param_name":"lr","param_value_internal":0.013341704052630275,"distribution":"{\"name\": \"FloatDistribution\", \"attributes\": {\"step\": null, \"low\": 1e-08, \"high\": 0.5, \"log\": true}}"}
{"op_code":5,"worker_id":"224d793e-e3e2-43d3-8879-07a08c6c41b1-23456247935296","trial_id":47,"param_name":"ratio","param_value_internal":7.9897685597896535,"distribution":"{\"name\": \"FloatDistribution\", \"attributes\": {\"step\": null, \"low\": 0.1, \"high\": 100.0, \"log\": true}}"}
{"op_code":6,"worker_id":"224d793e-e3e2-43d3-8879-07a08c6c41b1-23456247935296","trial_id":47,"state":3,"values":null,"datetime_complete":"2026-07-24T13:21:44.788036"}
{"op_code":0,"worker_id":"fa8f5646-aaa0-4206-b210-2d07082d30b6-23456247935296","study_name":"peter_connect4_k3","directions":[2]}
{"op_code":4,"worker_id":"fa8f5646-aaa0-4206-b210-2d07082d30b6-23456247935296","study_id":0,"datetime_start":"2026-07-24T13:23:25.322912"}
{"op_code":9,"worker_id":"fa8f5646-aaa0-4206-b210-2d07082d30b6-23456247935296","trial_id":48,"system_attr":{"tpe:relative_params:0":"{\"lr\": 0.06847123079149958, \"ratio\": 14.840869747110029}"}}
{"op_code":5,"worker_id":"fa8f5646-aaa0-4206-b210-2d07082d30b6-23456247935296","trial_id":48,"param_name":"lr","param_value_internal":0.06847123079149958,"distribution":"{\"name\": \"FloatDistribution\", \"attributes\": {\"step\": null, \"low\": 1e-08, \"high\": 0.5, \"log\": true}}"}
{"op_code":5,"worker_id":"fa8f5646-aaa0-4206-b210-2d07082d30b6-23456247935296","trial_id":48,"param_name":"ratio","param_value_internal":14.840869747110029,"distribution":"{\"name\": \"FloatDistribution\", \"attributes\": {\"step\": null, \"low\": 0.1, \"high\": 100.0, \"log\": true}}"}
{"op_code":6,"worker_id":"fa8f5646-aaa0-4206-b210-2d07082d30b6-23456247935296","trial_id":48,"state":3,"values":null,"datetime_complete":"2026-07-24T13:24:18.982497"}
{"op_code":0,"worker_id":"30be83e6-bd2f-42bf-842f-11c78de01e60-23456247935296","study_name":"peter_connect4_k3","directions":[2]}
{"op_code":4,"worker_id":"30be83e6-bd2f-42bf-842f-11c78de01e60-23456247935296","study_id":0,"datetime_start":"2026-07-24T13:26:17.998874"}
{"op_code":9,"worker_id":"30be83e6-bd2f-42bf-842f-11c78de01e60-23456247935296","trial_id":49,"system_attr":{"tpe:relative_params:0":"{\"lr\": 0.3427060706465534, \"ratio\": 10.33831776905805}"}}
{"op_code":5,"worker_id":"30be83e6-bd2f-42bf-842f-11c78de01e60-23456247935296","trial_id":49,"param_name":"lr","param_value_internal":0.3427060706465534,"distribution":"{\"name\": \"FloatDistribution\", \"attributes\": {\"step\": null, \"low\": 1e-08, \"high\": 0.5, \"log\": true}}"}
{"op_code":5,"worker_id":"30be83e6-bd2f-42bf-842f-11c78de01e60-23456247935296","trial_id":49,"param_name":"ratio","param_value_internal":10.33831776905805,"distribution":"{\"name\": \"FloatDistribution\", \"attributes\": {\"step\": null, \"low\": 0.1, \"high\": 100.0, \"log\": true}}"}
{"op_code":6,"worker_id":"30be83e6-bd2f-42bf-842f-11c78de01e60-23456247935296","trial_id":49,"state":3,"values":null,"datetime_complete":"2026-07-24T13:27:08.535912"}
{"op_code":0,"worker_id":"3fd5e2c8-35c2-45f2-9d29-093001804a16-23456247935296","study_name":"peter_connect4_k3","directions":[2]}
{"op_code":4,"worker_id":"3fd5e2c8-35c2-45f2-9d29-093001804a16-23456247935296","study_id":0,"datetime_start":"2026-07-24T13:30:05.947392"}
{"op_code":9,"worker_id":"3fd5e2c8-35c2-45f2-9d29-093001804a16-23456247935296","trial_id":50,"system_attr":{"tpe:relative_params:0":"{\"lr\": 0.07899341663555565, \"ratio\": 7.217685968796199}"}}
{"op_code":5,"worker_id":"3fd5e2c8-35c2-45f2-9d29-093001804a16-23456247935296","trial_id":50,"param_name":"lr","param_value_internal":0.07899341663555565,"distribution":"{\"name\": \"FloatDistribution\", \"attributes\": {\"step\": null, \"low\": 1e-08, \"high\": 0.5, \"log\": true}}"}
{"op_code":5,"worker_id":"3fd5e2c8-35c2-45f2-9d29-093001804a16-23456247935296","trial_id":50,"param_name":"ratio","param_value_internal":7.217685968796199,"distribution":"{\"name\": \"FloatDistribution\", \"attributes\": {\"step\": null, \"low\": 0.1, \"high\": 100.0, \"log\": true}}"}
{"op_code":6,"worker_id":"3fd5e2c8-35c2-45f2-9d29-093001804a16-23456247935296","trial_id":50,"state":3,"values":null,"datetime_complete":"2026-07-24T13:31:02.961366"}
{"op_code":0,"worker_id":"3698845e-3f7c-4ca7-8031-d5bf66deea0d-23456247935296","study_name":"peter_connect4_k3","directions":[2]}
{"op_code":4,"worker_id":"3698845e-3f7c-4ca7-8031-d5bf66deea0d-23456247935296","study_id":0,"datetime_start":"2026-07-24T13:33:36.366997"}
{"op_code":9,"worker_id":"3698845e-3f7c-4ca7-8031-d5bf66deea0d-23456247935296","trial_id":51,"system_attr":{"tpe:relative_params:0":"{\"lr\": 0.0001462381813654511, \"ratio\": 6.654788430358004}"}}
{"op_code":5,"worker_id":"3698845e-3f7c-4ca7-8031-d5bf66deea0d-23456247935296","trial_id":51,"param_name":"lr","param_value_internal":0.0001462381813654511,"distribution":"{\"name\": \"FloatDistribution\", \"attributes\": {\"step\": null, \"low\": 1e-08, \"high\": 0.5, \"log\": true}}"}
{"op_code":5,"worker_id":"3698845e-3f7c-4ca7-8031-d5bf66deea0d-23456247935296","trial_id":51,"param_name":"ratio","param_value_internal":6.654788430358004,"distribution":"{\"name\": \"FloatDistribution\", \"attributes\": {\"step\": null, \"low\": 0.1, \"high\": 100.0, \"log\": true}}"}
{"op_code":0,"worker_id":"cd656033-c479-47e0-bbb7-a2f878f159f9-23456247935296","study_name":"peter_connect4_k3","directions":[2]}
{"op_code":4,"worker_id":"cd656033-c479-47e0-bbb7-a2f878f159f9-23456247935296","study_id":0,"datetime_start":"2026-07-24T13:36:30.765531"}
{"op_code":9,"worker_id":"cd656033-c479-47e0-bbb7-a2f878f159f9-23456247935296","trial_id":52,"system_attr":{"tpe:relative_params:0":"{\"lr\": 0.08230434344117409, \"ratio\": 19.16659024426367}"}}
{"op_code":5,"worker_id":"cd656033-c479-47e0-bbb7-a2f878f159f9-23456247935296","trial_id":52,"param_name":"lr","param_value_internal":0.08230434344117409,"distribution":"{\"name\": \"FloatDistribution\", \"attributes\": {\"step\": null, \"low\": 1e-08, \"high\": 0.5, \"log\": true}}"}
{"op_code":5,"worker_id":"cd656033-c479-47e0-bbb7-a2f878f159f9-23456247935296","trial_id":52,"param_name":"ratio","param_value_internal":19.16659024426367,"distribution":"{\"name\": \"FloatDistribution\", \"attributes\": {\"step\": null, \"low\": 0.1, \"high\": 100.0, \"log\": true}}"}
{"op_code":6,"worker_id":"cd656033-c479-47e0-bbb7-a2f878f159f9-23456247935296","trial_id":52,"state":3,"values":null,"datetime_complete":"2026-07-24T13:37:26.661689"}
{"op_code":0,"worker_id":"a22ad270-212b-48ac-b517-f77f4cb3c4f7-23456247935296","study_name":"peter_connect4_k3","directions":[2]}
{"op_code":0,"worker_id":"67b92dd6-5f28-407b-aec6-8128ba8fc83d-23456247935296","study_name":"peter_connect4_k3","directions":[2]}
{"op_code":4,"worker_id":"67b92dd6-5f28-407b-aec6-8128ba8fc83d-23456247935296","study_id":0,"datetime_start":"2026-07-24T13:45:20.143364"}
{"op_code":9,"worker_id":"67b92dd6-5f28-407b-aec6-8128ba8fc83d-23456247935296","trial_id":53,"system_attr":{"tpe:relative_params:0":"{\"lr\": 0.036160102078153206, \"ratio\": 0.16100954326830885}"}}
{"op_code":5,"worker_id":"67b92dd6-5f28-407b-aec6-8128ba8fc83d-23456247935296","trial_id":53,"param_name":"lr","param_value_internal":0.036160102078153206,"distribution":"{\"name\": \"FloatDistribution\", \"attributes\": {\"step\": null, \"low\": 1e-08, \"high\": 0.5, \"log\": true}}"}
{"op_code":5,"worker_id":"67b92dd6-5f28-407b-aec6-8128ba8fc83d-23456247935296","trial_id":53,"param_name":"ratio","param_value_internal":0.16100954326830885,"distribution":"{\"name\": \"FloatDistribution\", \"attributes\": {\"step\": null, \"low\": 0.1, \"high\": 100.0, \"log\": true}}"}
{"op_code":6,"worker_id":"67b92dd6-5f28-407b-aec6-8128ba8fc83d-23456247935296","trial_id":53,"state":3,"values":null,"datetime_complete":"2026-07-24T13:46:17.018798"}
{"op_code":0,"worker_id":"a3e343d3-7592-4abe-898b-76c00f22ff3c-23456247935296","study_name":"peter_connect4_k3","directions":[2]}
