{"op_code":0,"worker_id":"70ddb1ca-0e4a-4cb8-a68c-8cd7bef06312-20268","study_name":"peter_nips_k1","directions":[2]}
{"op_code":0,"worker_id":"1b4a57f5-7207-4dea-9580-e0c9703e2aa9-24408","study_name":"peter_nips_k1","directions":[2]}
{"op_code":4,"worker_id":"1b4a57f5-7207-4dea-9580-e0c9703e2aa9-24408","study_id":0,"datetime_start":"2026-07-24T09:08:02.158614"}
{"op_code":5,"worker_id":"1b4a57f5-7207-4dea-9580-e0c9703e2aa9-24408","trial_id":0,"param_name":"lr","param_value_internal":4.2611633721810273e-07,"distribution":"{\"name\": \"FloatDistribution\", \"attributes\": {\"step\": null, \"low\": 1e-08, \"high\": 0.5, \"log\": true}}"}
{"op_code":5,"worker_id":"1b4a57f5-7207-4dea-9580-e0c9703e2aa9-24408","trial_id":0,"param_name":"ratio","param_value_internal":0.11388213287871782,"distribution":"{\"name\": \"FloatDistribution\", \"attributes\": {\"step\": null, \"low\": 0.1, \"high\": 100.0, \"log\": true}}"}
{"op_code":0,"worker_id":"68a6ed6d-9cbe-440e-bfec-fc1400401613-22708","study_name":"peter_nips_k1","directions":[2]}
{"op_code":4,"worker_id":"68a6ed6d-9cbe-440e-bfec-fc1400401613-22708","study_id":0,"datetime_start":"2026-07-24T09:13:00.854785"}
{"op_code":5,"worker_id":"68a6ed6d-9cbe-440e-bfec-fc1400401613-22708","trial_id":1,"param_name":"lr","param_value_internal":2.2350857647162304e-07,"distribution":"{\"name\": \"FloatDistribution\", \"attributes\": {\"step\": null, \"low\": 1e-08, \"high\": 0.5, \"log\": true}}"}
{"op_code":5,"worker_id":"68a6ed6d-9cbe-440e-bfec-fc1400401613-22708","trial_id":1,"param_name":"ratio","param_value_internal":6.148022912921438,"distribution":"{\"name\": \"FloatDistribution\", \"attributes\": {\"step\": null, \"low\": 0.1, \"high\": 100.0, \"log\": true}}"}
{"op_code":0,"worker_id":"80117c02-d22e-4956-824c-9c30dd2ec55f-37480","study_name":"peter_nips_k1","directions":[2]}
{"op_code":4,"worker_id":"80117c02-d22e-4956-824c-9c30dd2ec55f-37480","study_id":0,"datetime_start":"2026-07-24T09:13:02.087193"}
{"op_code":5,"worker_id":"80117c02-d22e-4956-824c-9c30dd2ec55f-37480","trial_id":2,"param_name":"lr","param_value_internal":2.6433911233833323e-07,"distribution":"{\"name\": \"FloatDistribution\", \"attributes\": {\"step\": null, \"low\": 1e-08, \"high\": 0.5, \"log\": true}}"}
{"op_code":5,"worker_id":"80117c02-d22e-4956-824c-9c30dd2ec55f-37480","trial_id":2,"param_name":"ratio","param_value_internal":1.723442372588203,"distribution":"{\"name\": \"FloatDistribution\", \"attributes\": {\"step\": null, \"low\": 0.1, \"high\": 100.0, \"log\": true}}"}
{"op_code":0,"worker_id":"a488bc76-b3f6-4a4a-8c5c-0c889b522547-23456247935296","study_name":"peter_nips_k1","directions":[2]}
{"op_code":0,"worker_id":"86c995e1-e0d0-416e-8c2a-fc525675dea9-23456247935296","study_name":"peter_nips_k1","directions":[2]}
{"op_code":4,"worker_id":"86c995e1-e0d0-416e-8c2a-fc525675dea9-23456247935296","study_id":0,"datetime_start":"2026-07-24T10:21:56.754206"}
{"op_code":5,"worker_id":"86c995e1-e0d0-416e-8c2a-fc525675dea9-23456247935296","trial_id":3,"param_name":"lr","param_value_internal":1.689126821338422e-08,"distribution":"{\"name\": \"FloatDistribution\", \"attributes\": {\"step\": null, \"low\": 1e-08, \"high\": 0.5, \"log\": true}}"}
{"op_code":5,"worker_id":"86c995e1-e0d0-416e-8c2a-fc525675dea9-23456247935296","trial_id":3,"param_name":"ratio","param_value_internal":49.04408782524414,"distribution":"{\"name\": \"FloatDistribution\", \"attributes\": {\"step\": null, \"low\": 0.1, \"high\": 100.0, \"log\": true}}"}
{"op_code":0,"worker_id":"3a93795e-3628-45fc-a15a-6a6e87133871-23456247935296","study_name":"peter_nips_k1","directions":[2]}
{"op_code":4,"worker_id":"3a93795e-3628-45fc-a15a-6a6e87133871-23456247935296","study_id":0,"datetime_start":"2026-07-24T10:22:03.376445"}
{"op_code":5,"worker_id":"3a93795e-3628-45fc-a15a-6a6e87133871-23456247935296","trial_id":4,"param_name":"lr","param_value_internal":0.0076965876501737165,"distribution":"{\"name\": \"FloatDistribution\", \"attributes\": {\"step\": null, \"low\": 1e-08, \"high\": 0.5, \"log\": true}}"}
{"op_code":5,"worker_id":"3a93795e-3628-45fc-a15a-6a6e87133871-23456247935296","trial_id":4,"param_name":"ratio","param_value_internal":1.7851897039507354,"distribution":"{\"name\": \"FloatDistribution\", \"attributes\": {\"step\": null, \"low\": 0.1, \"high\": 100.0, \"log\": true}}"}
{"op_code":6,"worker_id":"3a93795e-3628-45fc-a15a-6a6e87133871-23456247935296","trial_id":4,"state":3,"values":null,"datetime_complete":"2026-07-24T10:22:37.285214"}
{"op_code":0,"worker_id":"0e6bdca7-a6f8-43bc-b63a-2c9971ae62ba-23456247935296","study_name":"peter_nips_k1","directions":[2]}
{"op_code":4,"worker_id":"0e6bdca7-a6f8-43bc-b63a-2c9971ae62ba-23456247935296","study_id":0,"datetime_start":"2026-07-24T10:25:06.408146"}
{"op_code":5,"worker_id":"0e6bdca7-a6f8-43bc-b63a-2c9971ae62ba-23456247935296","trial_id":5,"param_name":"lr","param_value_internal":0.00041417514362970483,"distribution":"{\"name\": \"FloatDistribution\", \"attributes\": {\"step\": null, \"low\": 1e-08, \"high\": 0.5, \"log\": true}}"}
{"op_code":5,"worker_id":"0e6bdca7-a6f8-43bc-b63a-2c9971ae62ba-23456247935296","trial_id":5,"param_name":"ratio","param_value_internal":2.6417225834531366,"distribution":"{\"name\": \"FloatDistribution\", \"attributes\": {\"step\": null, \"low\": 0.1, \"high\": 100.0, \"log\": true}}"}
{"op_code":6,"worker_id":"86c995e1-e0d0-416e-8c2a-fc525675dea9-23456247935296","trial_id":3,"state":1,"values":[-285.547010950664],"datetime_complete":"2026-07-24T10:26:00.507000"}
{"op_code":6,"worker_id":"0e6bdca7-a6f8-43bc-b63a-2c9971ae62ba-23456247935296","trial_id":5,"state":3,"values":null,"datetime_complete":"2026-07-24T10:26:10.425599"}
{"op_code":0,"worker_id":"6df34e77-b361-44cc-ba31-b6a3dd1c0b98-23456247935296","study_name":"peter_nips_k1","directions":[2]}
{"op_code":4,"worker_id":"6df34e77-b361-44cc-ba31-b6a3dd1c0b98-23456247935296","study_id":0,"datetime_start":"2026-07-24T10:28:30.730837"}
{"op_code":5,"worker_id":"6df34e77-b361-44cc-ba31-b6a3dd1c0b98-23456247935296","trial_id":6,"param_name":"lr","param_value_internal":3.2420413409925716e-05,"distribution":"{\"name\": \"FloatDistribution\", \"attributes\": {\"step\": null, \"low\": 1e-08, \"high\": 0.5, \"log\": true}}"}
{"op_code":5,"worker_id":"6df34e77-b361-44cc-ba31-b6a3dd1c0b98-23456247935296","trial_id":6,"param_name":"ratio","param_value_internal":10.052175467443366,"distribution":"{\"name\": \"FloatDistribution\", \"attributes\": {\"step\": null, \"low\": 0.1, \"high\": 100.0, \"log\": true}}"}
{"op_code":0,"worker_id":"f25f5eae-d989-4659-8ba0-57cb7645c362-23456247935296","study_name":"peter_nips_k1","directions":[2]}
{"op_code":4,"worker_id":"f25f5eae-d989-4659-8ba0-57cb7645c362-23456247935296","study_id":0,"datetime_start":"2026-07-24T10:32:09.548180"}
{"op_code":5,"worker_id":"f25f5eae-d989-4659-8ba0-57cb7645c362-23456247935296","trial_id":7,"param_name":"lr","param_value_internal":3.6309611458210495e-05,"distribution":"{\"name\": \"FloatDistribution\", \"attributes\": {\"step\": null, \"low\": 1e-08, \"high\": 0.5, \"log\": true}}"}
{"op_code":5,"worker_id":"f25f5eae-d989-4659-8ba0-57cb7645c362-23456247935296","trial_id":7,"param_name":"ratio","param_value_internal":0.1589991147035975,"distribution":"{\"name\": \"FloatDistribution\", \"attributes\": {\"step\": null, \"low\": 0.1, \"high\": 100.0, \"log\": true}}"}
{"op_code":6,"worker_id":"6df34e77-b361-44cc-ba31-b6a3dd1c0b98-23456247935296","trial_id":6,"state":1,"values":[-284.6914674920108],"datetime_complete":"2026-07-24T10:33:16.725421"}
{"op_code":0,"worker_id":"445f188c-8924-4b72-9aa0-379121309238-23456247935296","study_name":"peter_nips_k1","directions":[2]}
{"op_code":4,"worker_id":"445f188c-8924-4b72-9aa0-379121309238-23456247935296","study_id":0,"datetime_start":"2026-07-24T10:35:40.985575"}
{"op_code":5,"worker_id":"445f188c-8924-4b72-9aa0-379121309238-23456247935296","trial_id":8,"param_name":"lr","param_value_internal":1.2626727586004237e-05,"distribution":"{\"name\": \"FloatDistribution\", \"attributes\": {\"step\": null, \"low\": 1e-08, \"high\": 0.5, \"log\": true}}"}
{"op_code":5,"worker_id":"445f188c-8924-4b72-9aa0-379121309238-23456247935296","trial_id":8,"param_name":"ratio","param_value_internal":0.5104853627818599,"distribution":"{\"name\": \"FloatDistribution\", \"attributes\": {\"step\": null, \"low\": 0.1, \"high\": 100.0, \"log\": true}}"}
{"op_code":6,"worker_id":"f25f5eae-d989-4659-8ba0-57cb7645c362-23456247935296","trial_id":7,"state":1,"values":[-285.13719224478217],"datetime_complete":"2026-07-24T10:36:15.331729"}
{"op_code":0,"worker_id":"95eed50c-eeb0-4e68-a05d-8bec29585c95-23456247935296","study_name":"peter_nips_k1","directions":[2]}
{"op_code":4,"worker_id":"95eed50c-eeb0-4e68-a05d-8bec29585c95-23456247935296","study_id":0,"datetime_start":"2026-07-24T10:39:02.009504"}
{"op_code":5,"worker_id":"95eed50c-eeb0-4e68-a05d-8bec29585c95-23456247935296","trial_id":9,"param_name":"lr","param_value_internal":5.712850058275543e-08,"distribution":"{\"name\": \"FloatDistribution\", \"attributes\": {\"step\": null, \"low\": 1e-08, \"high\": 0.5, \"log\": true}}"}
{"op_code":5,"worker_id":"95eed50c-eeb0-4e68-a05d-8bec29585c95-23456247935296","trial_id":9,"param_name":"ratio","param_value_internal":0.12573988116269796,"distribution":"{\"name\": \"FloatDistribution\", \"attributes\": {\"step\": null, \"low\": 0.1, \"high\": 100.0, \"log\": true}}"}
{"op_code":6,"worker_id":"445f188c-8924-4b72-9aa0-379121309238-23456247935296","trial_id":8,"state":1,"values":[-285.52200785274687],"datetime_complete":"2026-07-24T10:40:04.471603"}
{"op_code":6,"worker_id":"95eed50c-eeb0-4e68-a05d-8bec29585c95-23456247935296","trial_id":9,"state":1,"values":[-285.5474197436143],"datetime_complete":"2026-07-24T10:43:22.235060"}
{"op_code":0,"worker_id":"d755531b-effa-41f5-bf0e-425cf6164edc-23456247935296","study_name":"peter_nips_k1","directions":[2]}
{"op_code":4,"worker_id":"d755531b-effa-41f5-bf0e-425cf6164edc-23456247935296","study_id":0,"datetime_start":"2026-07-24T10:43:22.264466"}
{"op_code":5,"worker_id":"d755531b-effa-41f5-bf0e-425cf6164edc-23456247935296","trial_id":10,"param_name":"lr","param_value_internal":8.351124202930237e-08,"distribution":"{\"name\": \"FloatDistribution\", \"attributes\": {\"step\": null, \"low\": 1e-08, \"high\": 0.5, \"log\": true}}"}
{"op_code":5,"worker_id":"d755531b-effa-41f5-bf0e-425cf6164edc-23456247935296","trial_id":10,"param_name":"ratio","param_value_internal":21.32567888475457,"distribution":"{\"name\": \"FloatDistribution\", \"attributes\": {\"step\": null, \"low\": 0.1, \"high\": 100.0, \"log\": true}}"}
{"op_code":0,"worker_id":"1ea148c1-bc2c-43f7-b1f7-ff98553b41bb-23456247935296","study_name":"peter_nips_k1","directions":[2]}
{"op_code":4,"worker_id":"1ea148c1-bc2c-43f7-b1f7-ff98553b41bb-23456247935296","study_id":0,"datetime_start":"2026-07-24T10:47:45.579529"}
{"op_code":5,"worker_id":"1ea148c1-bc2c-43f7-b1f7-ff98553b41bb-23456247935296","trial_id":11,"param_name":"lr","param_value_internal":8.422258220390577e-08,"distribution":"{\"name\": \"FloatDistribution\", \"attributes\": {\"step\": null, \"low\": 1e-08, \"high\": 0.5, \"log\": true}}"}
{"op_code":5,"worker_id":"1ea148c1-bc2c-43f7-b1f7-ff98553b41bb-23456247935296","trial_id":11,"param_name":"ratio","param_value_internal":11.01316622977932,"distribution":"{\"name\": \"FloatDistribution\", \"attributes\": {\"step\": null, \"low\": 0.1, \"high\": 100.0, \"log\": true}}"}
{"op_code":6,"worker_id":"d755531b-effa-41f5-bf0e-425cf6164edc-23456247935296","trial_id":10,"state":1,"values":[-285.54766510415993],"datetime_complete":"2026-07-24T10:47:46.143743"}
{"op_code":6,"worker_id":"1ea148c1-bc2c-43f7-b1f7-ff98553b41bb-23456247935296","trial_id":11,"state":1,"values":[-285.5476717907913],"datetime_complete":"2026-07-24T10:51:53.179296"}
{"op_code":0,"worker_id":"bf62b010-a47d-486e-8f67-9d09e17ae1b0-23456247935296","study_name":"peter_nips_k1","directions":[2]}
{"op_code":4,"worker_id":"bf62b010-a47d-486e-8f67-9d09e17ae1b0-23456247935296","study_id":0,"datetime_start":"2026-07-24T10:52:07.310183"}
{"op_code":5,"worker_id":"bf62b010-a47d-486e-8f67-9d09e17ae1b0-23456247935296","trial_id":12,"param_name":"lr","param_value_internal":9.736174412605002e-05,"distribution":"{\"name\": \"FloatDistribution\", \"attributes\": {\"step\": null, \"low\": 1e-08, \"high\": 0.5, \"log\": true}}"}
{"op_code":5,"worker_id":"bf62b010-a47d-486e-8f67-9d09e17ae1b0-23456247935296","trial_id":12,"param_name":"ratio","param_value_internal":5.096134771598765,"distribution":"{\"name\": \"FloatDistribution\", \"attributes\": {\"step\": null, \"low\": 0.1, \"high\": 100.0, \"log\": true}}"}
{"op_code":6,"worker_id":"bf62b010-a47d-486e-8f67-9d09e17ae1b0-23456247935296","trial_id":12,"state":3,"values":null,"datetime_complete":"2026-07-24T10:53:26.972550"}
{"op_code":0,"worker_id":"3dd4518c-d13d-400d-96ab-b0eb32dbed38-23456247935296","study_name":"peter_nips_k1","directions":[2]}
{"op_code":4,"worker_id":"3dd4518c-d13d-400d-96ab-b0eb32dbed38-23456247935296","study_id":0,"datetime_start":"2026-07-24T10:56:06.047771"}
{"op_code":5,"worker_id":"3dd4518c-d13d-400d-96ab-b0eb32dbed38-23456247935296","trial_id":13,"param_name":"lr","param_value_internal":0.0013404700786177751,"distribution":"{\"name\": \"FloatDistribution\", \"attributes\": {\"step\": null, \"low\": 1e-08, \"high\": 0.5, \"log\": true}}"}
{"op_code":5,"worker_id":"3dd4518c-d13d-400d-96ab-b0eb32dbed38-23456247935296","trial_id":13,"param_name":"ratio","param_value_internal":1.6018518817471146,"distribution":"{\"name\": \"FloatDistribution\", \"attributes\": {\"step\": null, \"low\": 0.1, \"high\": 100.0, \"log\": true}}"}
{"op_code":6,"worker_id":"3dd4518c-d13d-400d-96ab-b0eb32dbed38-23456247935296","trial_id":13,"state":3,"values":null,"datetime_complete":"2026-07-24T10:56:52.513119"}
{"op_code":0,"worker_id":"93e0fba2-fc53-4b9b-b552-a53a21a0cf79-23456247935296","study_name":"peter_nips_k1","directions":[2]}
{"op_code":4,"worker_id":"93e0fba2-fc53-4b9b-b552-a53a21a0cf79-23456247935296","study_id":0,"datetime_start":"2026-07-24T11:01:08.099506"}
{"op_code":5,"worker_id":"93e0fba2-fc53-4b9b-b552-a53a21a0cf79-23456247935296","trial_id":14,"param_name":"lr","param_value_internal":1.1747285802787325e-05,"distribution":"{\"name\": \"FloatDistribution\", \"attributes\": {\"step\": null, \"low\": 1e-08, \"high\": 0.5, \"log\": true}}"}
{"op_code":5,"worker_id":"93e0fba2-fc53-4b9b-b552-a53a21a0cf79-23456247935296","trial_id":14,"param_name":"ratio","param_value_internal":0.48235192996110454,"distribution":"{\"name\": \"FloatDistribution\", \"attributes\": {\"step\": null, \"low\": 0.1, \"high\": 100.0, \"log\": true}}"}
{"op_code":6,"worker_id":"93e0fba2-fc53-4b9b-b552-a53a21a0cf79-23456247935296","trial_id":14,"state":1,"values":[-285.5290830922907],"datetime_complete":"2026-07-24T11:05:57.803935"}
{"op_code":0,"worker_id":"398cd9b3-deb6-4ef0-a324-d57d7e083607-23456247935296","study_name":"peter_nips_k1","directions":[2]}
{"op_code":4,"worker_id":"398cd9b3-deb6-4ef0-a324-d57d7e083607-23456247935296","study_id":0,"datetime_start":"2026-07-24T11:06:11.157193"}
{"op_code":5,"worker_id":"398cd9b3-deb6-4ef0-a324-d57d7e083607-23456247935296","trial_id":15,"param_name":"lr","param_value_internal":3.95273194997004e-05,"distribution":"{\"name\": \"FloatDistribution\", \"attributes\": {\"step\": null, \"low\": 1e-08, \"high\": 0.5, \"log\": true}}"}
{"op_code":5,"worker_id":"398cd9b3-deb6-4ef0-a324-d57d7e083607-23456247935296","trial_id":15,"param_name":"ratio","param_value_internal":67.412925485176,"distribution":"{\"name\": \"FloatDistribution\", \"attributes\": {\"step\": null, \"low\": 0.1, \"high\": 100.0, \"log\": true}}"}
{"op_code":0,"worker_id":"19e70c60-e74a-46e4-aab5-0dde3a37d9f1-23456247935296","study_name":"peter_nips_k1","directions":[2]}
{"op_code":4,"worker_id":"19e70c60-e74a-46e4-aab5-0dde3a37d9f1-23456247935296","study_id":0,"datetime_start":"2026-07-24T11:10:46.643440"}
{"op_code":5,"worker_id":"19e70c60-e74a-46e4-aab5-0dde3a37d9f1-23456247935296","trial_id":16,"param_name":"lr","param_value_internal":2.560864148092637e-07,"distribution":"{\"name\": \"FloatDistribution\", \"attributes\": {\"step\": null, \"low\": 1e-08, \"high\": 0.5, \"log\": true}}"}
{"op_code":5,"worker_id":"19e70c60-e74a-46e4-aab5-0dde3a37d9f1-23456247935296","trial_id":16,"param_name":"ratio","param_value_internal":6.075355801803887,"distribution":"{\"name\": \"FloatDistribution\", \"attributes\": {\"step\": null, \"low\": 0.1, \"high\": 100.0, \"log\": true}}"}
{"op_code":6,"worker_id":"398cd9b3-deb6-4ef0-a324-d57d7e083607-23456247935296","trial_id":15,"state":1,"values":[-284.44014398013],"datetime_complete":"2026-07-24T11:10:48.545794"}
{"op_code":0,"worker_id":"529d2c33-6d4f-440d-a9ac-e3bbbe416bff-23456247935296","study_name":"peter_nips_k1","directions":[2]}
{"op_code":4,"worker_id":"529d2c33-6d4f-440d-a9ac-e3bbbe416bff-23456247935296","study_id":0,"datetime_start":"2026-07-24T11:14:43.342225"}
{"op_code":5,"worker_id":"529d2c33-6d4f-440d-a9ac-e3bbbe416bff-23456247935296","trial_id":17,"param_name":"lr","param_value_internal":1.6149918461194074e-06,"distribution":"{\"name\": \"FloatDistribution\", \"attributes\": {\"step\": null, \"low\": 1e-08, \"high\": 0.5, \"log\": true}}"}
{"op_code":5,"worker_id":"529d2c33-6d4f-440d-a9ac-e3bbbe416bff-23456247935296","trial_id":17,"param_name":"ratio","param_value_internal":0.6231508411504793,"distribution":"{\"name\": \"FloatDistribution\", \"attributes\": {\"step\": null, \"low\": 0.1, \"high\": 100.0, \"log\": true}}"}
{"op_code":6,"worker_id":"19e70c60-e74a-46e4-aab5-0dde3a37d9f1-23456247935296","trial_id":16,"state":1,"values":[-285.5493109356725],"datetime_complete":"2026-07-24T11:15:23.213653"}
{"op_code":0,"worker_id":"63162192-2cde-4382-ad86-770147e41e1b-23456247935296","study_name":"peter_nips_k1","directions":[2]}
{"op_code":4,"worker_id":"63162192-2cde-4382-ad86-770147e41e1b-23456247935296","study_id":0,"datetime_start":"2026-07-24T11:19:25.351350"}
{"op_code":9,"worker_id":"63162192-2cde-4382-ad86-770147e41e1b-23456247935296","trial_id":18,"system_attr":{"tpe:relative_params:0":"{\"lr\": 0.00494739704731455, \"ratio\": 58.76935342028127}"}}
{"op_code":5,"worker_id":"63162192-2cde-4382-ad86-770147e41e1b-23456247935296","trial_id":18,"param_name":"lr","param_value_internal":0.00494739704731455,"distribution":"{\"name\": \"FloatDistribution\", \"attributes\": {\"step\": null, \"low\": 1e-08, \"high\": 0.5, \"log\": true}}"}
{"op_code":5,"worker_id":"63162192-2cde-4382-ad86-770147e41e1b-23456247935296","trial_id":18,"param_name":"ratio","param_value_internal":58.76935342028127,"distribution":"{\"name\": \"FloatDistribution\", \"attributes\": {\"step\": null, \"low\": 0.1, \"high\": 100.0, \"log\": true}}"}
{"op_code":6,"worker_id":"63162192-2cde-4382-ad86-770147e41e1b-23456247935296","trial_id":18,"state":3,"values":null,"datetime_complete":"2026-07-24T11:19:58.914843"}
{"op_code":6,"worker_id":"529d2c33-6d4f-440d-a9ac-e3bbbe416bff-23456247935296","trial_id":17,"state":1,"values":[-285.55934561284755],"datetime_complete":"2026-07-24T11:20:12.667202"}
{"op_code":0,"worker_id":"01043dd3-9e08-48de-b530-9c0338d7f805-23456247935296","study_name":"peter_nips_k1","directions":[2]}
{"op_code":4,"worker_id":"01043dd3-9e08-48de-b530-9c0338d7f805-23456247935296","study_id":0,"datetime_start":"2026-07-24T11:23:27.301225"}
{"op_code":9,"worker_id":"01043dd3-9e08-48de-b530-9c0338d7f805-23456247935296","trial_id":19,"system_attr":{"tpe:relative_params:0":"{\"lr\": 5.585785662137626e-05, \"ratio\": 30.617614702874242}"}}
{"op_code":5,"worker_id":"01043dd3-9e08-48de-b530-9c0338d7f805-23456247935296","trial_id":19,"param_name":"lr","param_value_internal":5.585785662137626e-05,"distribution":"{\"name\": \"FloatDistribution\", \"attributes\": {\"step\": null, \"low\": 1e-08, \"high\": 0.5, \"log\": true}}"}
{"op_code":5,"worker_id":"01043dd3-9e08-48de-b530-9c0338d7f805-23456247935296","trial_id":19,"param_name":"ratio","param_value_internal":30.617614702874242,"distribution":"{\"name\": \"FloatDistribution\", \"attributes\": {\"step\": null, \"low\": 0.1, \"high\": 100.0, \"log\": true}}"}
{"op_code":0,"worker_id":"58884761-7473-4f9f-8311-c087714ccf97-23456247935296","study_name":"peter_nips_k1","directions":[2]}
{"op_code":4,"worker_id":"58884761-7473-4f9f-8311-c087714ccf97-23456247935296","study_id":0,"datetime_start":"2026-07-24T11:27:08.322810"}
{"op_code":9,"worker_id":"58884761-7473-4f9f-8311-c087714ccf97-23456247935296","trial_id":20,"system_attr":{"tpe:relative_params:0":"{\"lr\": 0.022855168035103787, \"ratio\": 23.487436318126033}"}}
{"op_code":5,"worker_id":"58884761-7473-4f9f-8311-c087714ccf97-23456247935296","trial_id":20,"param_name":"lr","param_value_internal":0.022855168035103787,"distribution":"{\"name\": \"FloatDistribution\", \"attributes\": {\"step\": null, \"low\": 1e-08, \"high\": 0.5, \"log\": true}}"}
{"op_code":5,"worker_id":"58884761-7473-4f9f-8311-c087714ccf97-23456247935296","trial_id":20,"param_name":"ratio","param_value_internal":23.487436318126033,"distribution":"{\"name\": \"FloatDistribution\", \"attributes\": {\"step\": null, \"low\": 0.1, \"high\": 100.0, \"log\": true}}"}
{"op_code":6,"worker_id":"58884761-7473-4f9f-8311-c087714ccf97-23456247935296","trial_id":20,"state":3,"values":null,"datetime_complete":"2026-07-24T11:28:43.134579"}
{"op_code":6,"worker_id":"01043dd3-9e08-48de-b530-9c0338d7f805-23456247935296","trial_id":19,"state":1,"values":[-284.30522061024374],"datetime_complete":"2026-07-24T11:30:15.431274"}
{"op_code":0,"worker_id":"3b471e1d-7e3b-47d8-b422-7207b68df389-23456247935296","study_name":"peter_nips_k1","directions":[2]}
{"op_code":4,"worker_id":"3b471e1d-7e3b-47d8-b422-7207b68df389-23456247935296","study_id":0,"datetime_start":"2026-07-24T11:31:19.938114"}
{"op_code":9,"worker_id":"3b471e1d-7e3b-47d8-b422-7207b68df389-23456247935296","trial_id":21,"system_attr":{"tpe:relative_params:0":"{\"lr\": 0.0002496096704179391, \"ratio\": 96.67486674419104}"}}
{"op_code":5,"worker_id":"3b471e1d-7e3b-47d8-b422-7207b68df389-23456247935296","trial_id":21,"param_name":"lr","param_value_internal":0.0002496096704179391,"distribution":"{\"name\": \"FloatDistribution\", \"attributes\": {\"step\": null, \"low\": 1e-08, \"high\": 0.5, \"log\": true}}"}
{"op_code":5,"worker_id":"3b471e1d-7e3b-47d8-b422-7207b68df389-23456247935296","trial_id":21,"param_name":"ratio","param_value_internal":96.67486674419104,"distribution":"{\"name\": \"FloatDistribution\", \"attributes\": {\"step\": null, \"low\": 0.1, \"high\": 100.0, \"log\": true}}"}
{"op_code":6,"worker_id":"3b471e1d-7e3b-47d8-b422-7207b68df389-23456247935296","trial_id":21,"state":3,"values":null,"datetime_complete":"2026-07-24T11:32:07.471668"}
{"op_code":0,"worker_id":"b8987c74-6ac3-4132-b031-3fb76ace8a45-23456247935296","study_name":"peter_nips_k1","directions":[2]}
{"op_code":4,"worker_id":"b8987c74-6ac3-4132-b031-3fb76ace8a45-23456247935296","study_id":0,"datetime_start":"2026-07-24T11:36:53.899948"}
{"op_code":9,"worker_id":"b8987c74-6ac3-4132-b031-3fb76ace8a45-23456247935296","trial_id":22,"system_attr":{"tpe:relative_params:0":"{\"lr\": 0.00037241044968042603, \"ratio\": 83.86050104707304}"}}
{"op_code":5,"worker_id":"b8987c74-6ac3-4132-b031-3fb76ace8a45-23456247935296","trial_id":22,"param_name":"lr","param_value_internal":0.00037241044968042603,"distribution":"{\"name\": \"FloatDistribution\", \"attributes\": {\"step\": null, \"low\": 1e-08, \"high\": 0.5, \"log\": true}}"}
{"op_code":5,"worker_id":"b8987c74-6ac3-4132-b031-3fb76ace8a45-23456247935296","trial_id":22,"param_name":"ratio","param_value_internal":83.86050104707304,"distribution":"{\"name\": \"FloatDistribution\", \"attributes\": {\"step\": null, \"low\": 0.1, \"high\": 100.0, \"log\": true}}"}
{"op_code":6,"worker_id":"b8987c74-6ac3-4132-b031-3fb76ace8a45-23456247935296","trial_id":22,"state":3,"values":null,"datetime_complete":"2026-07-24T11:38:14.102058"}
{"op_code":0,"worker_id":"3085b5b5-49d0-4cc8-9b88-9f6b17c01b4c-23456247935296","study_name":"peter_nips_k1","directions":[2]}
{"op_code":4,"worker_id":"3085b5b5-49d0-4cc8-9b88-9f6b17c01b4c-23456247935296","study_id":0,"datetime_start":"2026-07-24T11:40:34.687703"}
{"op_code":9,"worker_id":"3085b5b5-49d0-4cc8-9b88-9f6b17c01b4c-23456247935296","trial_id":23,"system_attr":{"tpe:relative_params:0":"{\"lr\": 0.002226705823580293, \"ratio\": 67.27413189977202}"}}
{"op_code":5,"worker_id":"3085b5b5-49d0-4cc8-9b88-9f6b17c01b4c-23456247935296","trial_id":23,"param_name":"lr","param_value_internal":0.002226705823580293,"distribution":"{\"name\": \"FloatDistribution\", \"attributes\": {\"step\": null, \"low\": 1e-08, \"high\": 0.5, \"log\": true}}"}
{"op_code":5,"worker_id":"3085b5b5-49d0-4cc8-9b88-9f6b17c01b4c-23456247935296","trial_id":23,"param_name":"ratio","param_value_internal":67.27413189977202,"distribution":"{\"name\": \"FloatDistribution\", \"attributes\": {\"step\": null, \"low\": 0.1, \"high\": 100.0, \"log\": true}}"}
{"op_code":6,"worker_id":"3085b5b5-49d0-4cc8-9b88-9f6b17c01b4c-23456247935296","trial_id":23,"state":3,"values":null,"datetime_complete":"2026-07-24T11:41:28.389195"}
{"op_code":0,"worker_id":"0cf757ab-3ed8-4994-863f-43cc42e9af47-23456247935296","study_name":"peter_nips_k1","directions":[2]}
{"op_code":4,"worker_id":"0cf757ab-3ed8-4994-863f-43cc42e9af47-23456247935296","study_id":0,"datetime_start":"2026-07-24T11:43:59.986952"}
{"op_code":9,"worker_id":"0cf757ab-3ed8-4994-863f-43cc42e9af47-23456247935296","trial_id":24,"system_attr":{"tpe:relative_params:0":"{\"lr\": 0.00023600004466858252, \"ratio\": 96.58306408187758}"}}
{"op_code":5,"worker_id":"0cf757ab-3ed8-4994-863f-43cc42e9af47-23456247935296","trial_id":24,"param_name":"lr","param_value_internal":0.00023600004466858252,"distribution":"{\"name\": \"FloatDistribution\", \"attributes\": {\"step\": null, \"low\": 1e-08, \"high\": 0.5, \"log\": true}}"}
{"op_code":5,"worker_id":"0cf757ab-3ed8-4994-863f-43cc42e9af47-23456247935296","trial_id":24,"param_name":"ratio","param_value_internal":96.58306408187758,"distribution":"{\"name\": \"FloatDistribution\", \"attributes\": {\"step\": null, \"low\": 0.1, \"high\": 100.0, \"log\": true}}"}
{"op_code":6,"worker_id":"0cf757ab-3ed8-4994-863f-43cc42e9af47-23456247935296","trial_id":24,"state":3,"values":null,"datetime_complete":"2026-07-24T11:45:29.704284"}
{"op_code":0,"worker_id":"82091b79-94c6-4da0-ae9d-5f8aac652a3a-23456247935296","study_name":"peter_nips_k1","directions":[2]}
{"op_code":4,"worker_id":"82091b79-94c6-4da0-ae9d-5f8aac652a3a-23456247935296","study_id":0,"datetime_start":"2026-07-24T11:47:35.381188"}
{"op_code":9,"worker_id":"82091b79-94c6-4da0-ae9d-5f8aac652a3a-23456247935296","trial_id":25,"system_attr":{"tpe:relative_params:0":"{\"lr\": 0.0003623408951346804, \"ratio\": 97.61607865420608}"}}
{"op_code":5,"worker_id":"82091b79-94c6-4da0-ae9d-5f8aac652a3a-23456247935296","trial_id":25,"param_name":"lr","param_value_internal":0.0003623408951346804,"distribution":"{\"name\": \"FloatDistribution\", \"attributes\": {\"step\": null, \"low\": 1e-08, \"high\": 0.5, \"log\": true}}"}
{"op_code":5,"worker_id":"82091b79-94c6-4da0-ae9d-5f8aac652a3a-23456247935296","trial_id":25,"param_name":"ratio","param_value_internal":97.61607865420608,"distribution":"{\"name\": \"FloatDistribution\", \"attributes\": {\"step\": null, \"low\": 0.1, \"high\": 100.0, \"log\": true}}"}
{"op_code":6,"worker_id":"82091b79-94c6-4da0-ae9d-5f8aac652a3a-23456247935296","trial_id":25,"state":3,"values":null,"datetime_complete":"2026-07-24T11:48:43.224949"}
{"op_code":0,"worker_id":"bfdeac10-e111-4702-b22a-111935e0c591-23456247935296","study_name":"peter_nips_k1","directions":[2]}
{"op_code":4,"worker_id":"bfdeac10-e111-4702-b22a-111935e0c591-23456247935296","study_id":0,"datetime_start":"2026-07-24T11:51:18.847802"}
{"op_code":9,"worker_id":"bfdeac10-e111-4702-b22a-111935e0c591-23456247935296","trial_id":26,"system_attr":{"tpe:relative_params:0":"{\"lr\": 0.00016323204965608957, \"ratio\": 57.61068027100012}"}}
{"op_code":5,"worker_id":"bfdeac10-e111-4702-b22a-111935e0c591-23456247935296","trial_id":26,"param_name":"lr","param_value_internal":0.00016323204965608957,"distribution":"{\"name\": \"FloatDistribution\", \"attributes\": {\"step\": null, \"low\": 1e-08, \"high\": 0.5, \"log\": true}}"}
{"op_code":5,"worker_id":"bfdeac10-e111-4702-b22a-111935e0c591-23456247935296","trial_id":26,"param_name":"ratio","param_value_internal":57.61068027100012,"distribution":"{\"name\": \"FloatDistribution\", \"attributes\": {\"step\": null, \"low\": 0.1, \"high\": 100.0, \"log\": true}}"}
{"op_code":6,"worker_id":"bfdeac10-e111-4702-b22a-111935e0c591-23456247935296","trial_id":26,"state":3,"values":null,"datetime_complete":"2026-07-24T11:52:44.244431"}
{"op_code":0,"worker_id":"1f2c309d-1a63-463b-9fcb-7ba76242b002-23456247935296","study_name":"peter_nips_k1","directions":[2]}
{"op_code":4,"worker_id":"1f2c309d-1a63-463b-9fcb-7ba76242b002-23456247935296","study_id":0,"datetime_start":"2026-07-24T11:54:16.847572"}
{"op_code":9,"worker_id":"1f2c309d-1a63-463b-9fcb-7ba76242b002-23456247935296","trial_id":27,"system_attr":{"tpe:relative_params:0":"{\"lr\": 0.00024957904270633515, \"ratio\": 95.07177582555373}"}}
{"op_code":5,"worker_id":"1f2c309d-1a63-463b-9fcb-7ba76242b002-23456247935296","trial_id":27,"param_name":"lr","param_value_internal":0.00024957904270633515,"distribution":"{\"name\": \"FloatDistribution\", \"attributes\": {\"step\": null, \"low\": 1e-08, \"high\": 0.5, \"log\": true}}"}
{"op_code":5,"worker_id":"1f2c309d-1a63-463b-9fcb-7ba76242b002-23456247935296","trial_id":27,"param_name":"ratio","param_value_internal":95.07177582555373,"distribution":"{\"name\": \"FloatDistribution\", \"attributes\": {\"step\": null, \"low\": 0.1, \"high\": 100.0, \"log\": true}}"}
{"op_code":6,"worker_id":"1f2c309d-1a63-463b-9fcb-7ba76242b002-23456247935296","trial_id":27,"state":3,"values":null,"datetime_complete":"2026-07-24T11:55:09.593823"}
{"op_code":0,"worker_id":"5af1b8b7-af62-4fb3-984c-31ab9cc96200-23456247935296","study_name":"peter_nips_k1","directions":[2]}
{"op_code":4,"worker_id":"5af1b8b7-af62-4fb3-984c-31ab9cc96200-23456247935296","study_id":0,"datetime_start":"2026-07-24T11:58:41.074817"}
{"op_code":9,"worker_id":"5af1b8b7-af62-4fb3-984c-31ab9cc96200-23456247935296","trial_id":28,"system_attr":{"tpe:relative_params:0":"{\"lr\": 0.00018731365395039445, \"ratio\": 98.60687534689102}"}}
{"op_code":5,"worker_id":"5af1b8b7-af62-4fb3-984c-31ab9cc96200-23456247935296","trial_id":28,"param_name":"lr","param_value_internal":0.00018731365395039445,"distribution":"{\"name\": \"FloatDistribution\", \"attributes\": {\"step\": null, \"low\": 1e-08, \"high\": 0.5, \"log\": true}}"}
{"op_code":5,"worker_id":"5af1b8b7-af62-4fb3-984c-31ab9cc96200-23456247935296","trial_id":28,"param_name":"ratio","param_value_internal":98.60687534689102,"distribution":"{\"name\": \"FloatDistribution\", \"attributes\": {\"step\": null, \"low\": 0.1, \"high\": 100.0, \"log\": true}}"}
{"op_code":6,"worker_id":"5af1b8b7-af62-4fb3-984c-31ab9cc96200-23456247935296","trial_id":28,"state":3,"values":null,"datetime_complete":"2026-07-24T12:00:07.754863"}
{"op_code":0,"worker_id":"32794b22-674c-4e90-a116-5979d60cea83-23456247935296","study_name":"peter_nips_k1","directions":[2]}
{"op_code":4,"worker_id":"32794b22-674c-4e90-a116-5979d60cea83-23456247935296","study_id":0,"datetime_start":"2026-07-24T12:01:32.847594"}
{"op_code":9,"worker_id":"32794b22-674c-4e90-a116-5979d60cea83-23456247935296","trial_id":29,"system_attr":{"tpe:relative_params:0":"{\"lr\": 0.008504804899934352, \"ratio\": 37.52908962998381}"}}
{"op_code":5,"worker_id":"32794b22-674c-4e90-a116-5979d60cea83-23456247935296","trial_id":29,"param_name":"lr","param_value_internal":0.008504804899934352,"distribution":"{\"name\": \"FloatDistribution\", \"attributes\": {\"step\": null, \"low\": 1e-08, \"high\": 0.5, \"log\": true}}"}
{"op_code":5,"worker_id":"32794b22-674c-4e90-a116-5979d60cea83-23456247935296","trial_id":29,"param_name":"ratio","param_value_internal":37.52908962998381,"distribution":"{\"name\": \"FloatDistribution\", \"attributes\": {\"step\": null, \"low\": 0.1, \"high\": 100.0, \"log\": true}}"}
{"op_code":6,"worker_id":"32794b22-674c-4e90-a116-5979d60cea83-23456247935296","trial_id":29,"state":3,"values":null,"datetime_complete":"2026-07-24T12:02:13.463035"}
{"op_code":0,"worker_id":"48ce4680-42f0-49f1-bd99-a3e2748a6bec-23456247935296","study_name":"peter_nips_k1","directions":[2]}
{"op_code":4,"worker_id":"48ce4680-42f0-49f1-bd99-a3e2748a6bec-23456247935296","study_id":0,"datetime_start":"2026-07-24T12:06:02.527479"}
{"op_code":9,"worker_id":"48ce4680-42f0-49f1-bd99-a3e2748a6bec-23456247935296","trial_id":30,"system_attr":{"tpe:relative_params:0":"{\"lr\": 0.009015193215308713, \"ratio\": 43.973118652813305}"}}
{"op_code":5,"worker_id":"48ce4680-42f0-49f1-bd99-a3e2748a6bec-23456247935296","trial_id":30,"param_name":"lr","param_value_internal":0.009015193215308713,"distribution":"{\"name\": \"FloatDistribution\", \"attributes\": {\"step\": null, \"low\": 1e-08, \"high\": 0.5, \"log\": true}}"}
{"op_code":5,"worker_id":"48ce4680-42f0-49f1-bd99-a3e2748a6bec-23456247935296","trial_id":30,"param_name":"ratio","param_value_internal":43.973118652813305,"distribution":"{\"name\": \"FloatDistribution\", \"attributes\": {\"step\": null, \"low\": 0.1, \"high\": 100.0, \"log\": true}}"}
{"op_code":6,"worker_id":"48ce4680-42f0-49f1-bd99-a3e2748a6bec-23456247935296","trial_id":30,"state":3,"values":null,"datetime_complete":"2026-07-24T12:06:39.446213"}
{"op_code":0,"worker_id":"4c25fbe5-031f-416e-8481-e69b21504fc6-23456247935296","study_name":"peter_nips_k1","directions":[2]}
{"op_code":4,"worker_id":"4c25fbe5-031f-416e-8481-e69b21504fc6-23456247935296","study_id":0,"datetime_start":"2026-07-24T12:09:48.805050"}
{"op_code":9,"worker_id":"4c25fbe5-031f-416e-8481-e69b21504fc6-23456247935296","trial_id":31,"system_attr":{"tpe:relative_params:0":"{\"lr\": 0.00684838311898264, \"ratio\": 68.96918209293413}"}}
{"op_code":5,"worker_id":"4c25fbe5-031f-416e-8481-e69b21504fc6-23456247935296","trial_id":31,"param_name":"lr","param_value_internal":0.00684838311898264,"distribution":"{\"name\": \"FloatDistribution\", \"attributes\": {\"step\": null, \"low\": 1e-08, \"high\": 0.5, \"log\": true}}"}
{"op_code":5,"worker_id":"4c25fbe5-031f-416e-8481-e69b21504fc6-23456247935296","trial_id":31,"param_name":"ratio","param_value_internal":68.96918209293413,"distribution":"{\"name\": \"FloatDistribution\", \"attributes\": {\"step\": null, \"low\": 0.1, \"high\": 100.0, \"log\": true}}"}
{"op_code":6,"worker_id":"4c25fbe5-031f-416e-8481-e69b21504fc6-23456247935296","trial_id":31,"state":3,"values":null,"datetime_complete":"2026-07-24T12:11:12.155265"}
{"op_code":0,"worker_id":"76f1c427-7796-48c2-a91a-72c7a4310155-23456247935296","study_name":"peter_nips_k1","directions":[2]}
{"op_code":4,"worker_id":"76f1c427-7796-48c2-a91a-72c7a4310155-23456247935296","study_id":0,"datetime_start":"2026-07-24T12:13:07.051968"}
{"op_code":9,"worker_id":"76f1c427-7796-48c2-a91a-72c7a4310155-23456247935296","trial_id":32,"system_attr":{"tpe:relative_params:0":"{\"lr\": 0.00025359132008138767, \"ratio\": 75.72098099620972}"}}
{"op_code":5,"worker_id":"76f1c427-7796-48c2-a91a-72c7a4310155-23456247935296","trial_id":32,"param_name":"lr","param_value_internal":0.00025359132008138767,"distribution":"{\"name\": \"FloatDistribution\", \"attributes\": {\"step\": null, \"low\": 1e-08, \"high\": 0.5, \"log\": true}}"}
{"op_code":5,"worker_id":"76f1c427-7796-48c2-a91a-72c7a4310155-23456247935296","trial_id":32,"param_name":"ratio","param_value_internal":75.72098099620972,"distribution":"{\"name\": \"FloatDistribution\", \"attributes\": {\"step\": null, \"low\": 0.1, \"high\": 100.0, \"log\": true}}"}
{"op_code":6,"worker_id":"76f1c427-7796-48c2-a91a-72c7a4310155-23456247935296","trial_id":32,"state":3,"values":null,"datetime_complete":"2026-07-24T12:13:58.415796"}
{"op_code":0,"worker_id":"b5412462-fd4f-4a39-aeb5-e008a3a7e591-23456247935296","study_name":"peter_nips_k1","directions":[2]}
{"op_code":4,"worker_id":"b5412462-fd4f-4a39-aeb5-e008a3a7e591-23456247935296","study_id":0,"datetime_start":"2026-07-24T12:17:08.048748"}
{"op_code":9,"worker_id":"b5412462-fd4f-4a39-aeb5-e008a3a7e591-23456247935296","trial_id":33,"system_attr":{"tpe:relative_params:0":"{\"lr\": 0.0003070469797071648, \"ratio\": 70.60275841570143}"}}
{"op_code":5,"worker_id":"b5412462-fd4f-4a39-aeb5-e008a3a7e591-23456247935296","trial_id":33,"param_name":"lr","param_value_internal":0.0003070469797071648,"distribution":"{\"name\": \"FloatDistribution\", \"attributes\": {\"step\": null, \"low\": 1e-08, \"high\": 0.5, \"log\": true}}"}
{"op_code":5,"worker_id":"b5412462-fd4f-4a39-aeb5-e008a3a7e591-23456247935296","trial_id":33,"param_name":"ratio","param_value_internal":70.60275841570143,"distribution":"{\"name\": \"FloatDistribution\", \"attributes\": {\"step\": null, \"low\": 0.1, \"high\": 100.0, \"log\": true}}"}
{"op_code":6,"worker_id":"b5412462-fd4f-4a39-aeb5-e008a3a7e591-23456247935296","trial_id":33,"state":3,"values":null,"datetime_complete":"2026-07-24T12:19:47.837044"}
{"op_code":0,"worker_id":"2504b29b-7988-41e2-8136-798be61c597e-23456247935296","study_name":"peter_nips_k1","directions":[2]}
{"op_code":4,"worker_id":"2504b29b-7988-41e2-8136-798be61c597e-23456247935296","study_id":0,"datetime_start":"2026-07-24T12:20:44.652846"}
{"op_code":9,"worker_id":"2504b29b-7988-41e2-8136-798be61c597e-23456247935296","trial_id":34,"system_attr":{"tpe:relative_params:0":"{\"lr\": 0.0007847803012932346, \"ratio\": 84.61687619627963}"}}
{"op_code":5,"worker_id":"2504b29b-7988-41e2-8136-798be61c597e-23456247935296","trial_id":34,"param_name":"lr","param_value_internal":0.0007847803012932346,"distribution":"{\"name\": \"FloatDistribution\", \"attributes\": {\"step\": null, \"low\": 1e-08, \"high\": 0.5, \"log\": true}}"}
{"op_code":5,"worker_id":"2504b29b-7988-41e2-8136-798be61c597e-23456247935296","trial_id":34,"param_name":"ratio","param_value_internal":84.61687619627963,"distribution":"{\"name\": \"FloatDistribution\", \"attributes\": {\"step\": null, \"low\": 0.1, \"high\": 100.0, \"log\": true}}"}
{"op_code":6,"worker_id":"2504b29b-7988-41e2-8136-798be61c597e-23456247935296","trial_id":34,"state":3,"values":null,"datetime_complete":"2026-07-24T12:22:00.282862"}
{"op_code":0,"worker_id":"4e2edf17-09cc-46c4-96a9-6a8d202e31ff-23456247935296","study_name":"peter_nips_k1","directions":[2]}
{"op_code":4,"worker_id":"4e2edf17-09cc-46c4-96a9-6a8d202e31ff-23456247935296","study_id":0,"datetime_start":"2026-07-24T12:25:57.284191"}
{"op_code":9,"worker_id":"4e2edf17-09cc-46c4-96a9-6a8d202e31ff-23456247935296","trial_id":35,"system_attr":{"tpe:relative_params:0":"{\"lr\": 0.0027522000326264404, \"ratio\": 71.18155822318172}"}}
{"op_code":5,"worker_id":"4e2edf17-09cc-46c4-96a9-6a8d202e31ff-23456247935296","trial_id":35,"param_name":"lr","param_value_internal":0.0027522000326264404,"distribution":"{\"name\": \"FloatDistribution\", \"attributes\": {\"step\": null, \"low\": 1e-08, \"high\": 0.5, \"log\": true}}"}
{"op_code":5,"worker_id":"4e2edf17-09cc-46c4-96a9-6a8d202e31ff-23456247935296","trial_id":35,"param_name":"ratio","param_value_internal":71.18155822318172,"distribution":"{\"name\": \"FloatDistribution\", \"attributes\": {\"step\": null, \"low\": 0.1, \"high\": 100.0, \"log\": true}}"}
{"op_code":6,"worker_id":"4e2edf17-09cc-46c4-96a9-6a8d202e31ff-23456247935296","trial_id":35,"state":3,"values":null,"datetime_complete":"2026-07-24T12:26:42.893735"}
{"op_code":0,"worker_id":"a16e7b97-b258-451e-93b7-673b57012e72-23456247935296","study_name":"peter_nips_k1","directions":[2]}
{"op_code":4,"worker_id":"a16e7b97-b258-451e-93b7-673b57012e72-23456247935296","study_id":0,"datetime_start":"2026-07-24T12:31:08.946568"}
{"op_code":9,"worker_id":"a16e7b97-b258-451e-93b7-673b57012e72-23456247935296","trial_id":36,"system_attr":{"tpe:relative_params:0":"{\"lr\": 0.00014198387870111427, \"ratio\": 76.37626704832392}"}}
{"op_code":5,"worker_id":"a16e7b97-b258-451e-93b7-673b57012e72-23456247935296","trial_id":36,"param_name":"lr","param_value_internal":0.00014198387870111427,"distribution":"{\"name\": \"FloatDistribution\", \"attributes\": {\"step\": null, \"low\": 1e-08, \"high\": 0.5, \"log\": true}}"}
{"op_code":5,"worker_id":"a16e7b97-b258-451e-93b7-673b57012e72-23456247935296","trial_id":36,"param_name":"ratio","param_value_internal":76.37626704832392,"distribution":"{\"name\": \"FloatDistribution\", \"attributes\": {\"step\": null, \"low\": 0.1, \"high\": 100.0, \"log\": true}}"}
{"op_code":6,"worker_id":"a16e7b97-b258-451e-93b7-673b57012e72-23456247935296","trial_id":36,"state":3,"values":null,"datetime_complete":"2026-07-24T12:32:26.982852"}
{"op_code":0,"worker_id":"f9f9ceaf-9815-4bdd-8c90-87925fecea3b-23456247935296","study_name":"peter_nips_k1","directions":[2]}
{"op_code":4,"worker_id":"f9f9ceaf-9815-4bdd-8c90-87925fecea3b-23456247935296","study_id":0,"datetime_start":"2026-07-24T12:35:13.761073"}
{"op_code":9,"worker_id":"f9f9ceaf-9815-4bdd-8c90-87925fecea3b-23456247935296","trial_id":37,"system_attr":{"tpe:relative_params:0":"{\"lr\": 0.00017545687183747545, \"ratio\": 66.97201128751725}"}}
{"op_code":5,"worker_id":"f9f9ceaf-9815-4bdd-8c90-87925fecea3b-23456247935296","trial_id":37,"param_name":"lr","param_value_internal":0.00017545687183747545,"distribution":"{\"name\": \"FloatDistribution\", \"attributes\": {\"step\": null, \"low\": 1e-08, \"high\": 0.5, \"log\": true}}"}
{"op_code":5,"worker_id":"f9f9ceaf-9815-4bdd-8c90-87925fecea3b-23456247935296","trial_id":37,"param_name":"ratio","param_value_internal":66.97201128751725,"distribution":"{\"name\": \"FloatDistribution\", \"attributes\": {\"step\": null, \"low\": 0.1, \"high\": 100.0, \"log\": true}}"}
{"op_code":6,"worker_id":"f9f9ceaf-9815-4bdd-8c90-87925fecea3b-23456247935296","trial_id":37,"state":3,"values":null,"datetime_complete":"2026-07-24T12:36:40.156936"}
{"op_code":0,"worker_id":"c63dc8d2-22f0-45c2-9c41-f615ca36e50d-23456247935296","study_name":"peter_nips_k1","directions":[2]}
{"op_code":4,"worker_id":"c63dc8d2-22f0-45c2-9c41-f615ca36e50d-23456247935296","study_id":0,"datetime_start":"2026-07-24T12:39:48.563348"}
{"op_code":9,"worker_id":"c63dc8d2-22f0-45c2-9c41-f615ca36e50d-23456247935296","trial_id":38,"system_attr":{"tpe:relative_params:0":"{\"lr\": 1.6052583623218534e-05, \"ratio\": 94.94828972401854}"}}
{"op_code":5,"worker_id":"c63dc8d2-22f0-45c2-9c41-f615ca36e50d-23456247935296","trial_id":38,"param_name":"lr","param_value_internal":1.6052583623218534e-05,"distribution":"{\"name\": \"FloatDistribution\", \"attributes\": {\"step\": null, \"low\": 1e-08, \"high\": 0.5, \"log\": true}}"}
{"op_code":5,"worker_id":"c63dc8d2-22f0-45c2-9c41-f615ca36e50d-23456247935296","trial_id":38,"param_name":"ratio","param_value_internal":94.94828972401854,"distribution":"{\"name\": \"FloatDistribution\", \"attributes\": {\"step\": null, \"low\": 0.1, \"high\": 100.0, \"log\": true}}"}
{"op_code":0,"worker_id":"a566d33f-e3fc-4aa9-8135-5889ac7f78a3-23456247935296","study_name":"peter_nips_k1","directions":[2]}
{"op_code":4,"worker_id":"a566d33f-e3fc-4aa9-8135-5889ac7f78a3-23456247935296","study_id":0,"datetime_start":"2026-07-24T12:45:05.002349"}
{"op_code":9,"worker_id":"a566d33f-e3fc-4aa9-8135-5889ac7f78a3-23456247935296","trial_id":39,"system_attr":{"tpe:relative_params:0":"{\"lr\": 0.005921097429762716, \"ratio\": 39.4035993671855}"}}
{"op_code":5,"worker_id":"a566d33f-e3fc-4aa9-8135-5889ac7f78a3-23456247935296","trial_id":39,"param_name":"lr","param_value_internal":0.005921097429762716,"distribution":"{\"name\": \"FloatDistribution\", \"attributes\": {\"step\": null, \"low\": 1e-08, \"high\": 0.5, \"log\": true}}"}
{"op_code":5,"worker_id":"a566d33f-e3fc-4aa9-8135-5889ac7f78a3-23456247935296","trial_id":39,"param_name":"ratio","param_value_internal":39.4035993671855,"distribution":"{\"name\": \"FloatDistribution\", \"attributes\": {\"step\": null, \"low\": 0.1, \"high\": 100.0, \"log\": true}}"}
{"op_code":6,"worker_id":"a566d33f-e3fc-4aa9-8135-5889ac7f78a3-23456247935296","trial_id":39,"state":3,"values":null,"datetime_complete":"2026-07-24T12:45:42.139121"}
{"op_code":6,"worker_id":"c63dc8d2-22f0-45c2-9c41-f615ca36e50d-23456247935296","trial_id":38,"state":1,"values":[-284.7877504313627],"datetime_complete":"2026-07-24T12:46:45.917167"}
{"op_code":0,"worker_id":"a83e0124-67cf-4d50-b40c-7dcf57fd59ff-23456247935296","study_name":"peter_nips_k1","directions":[2]}
{"op_code":4,"worker_id":"a83e0124-67cf-4d50-b40c-7dcf57fd59ff-23456247935296","study_id":0,"datetime_start":"2026-07-24T12:50:04.423516"}
{"op_code":9,"worker_id":"a83e0124-67cf-4d50-b40c-7dcf57fd59ff-23456247935296","trial_id":40,"system_attr":{"tpe:relative_params:0":"{\"lr\": 0.0025490195162927378, \"ratio\": 43.06250630794422}"}}
{"op_code":5,"worker_id":"a83e0124-67cf-4d50-b40c-7dcf57fd59ff-23456247935296","trial_id":40,"param_name":"lr","param_value_internal":0.0025490195162927378,"distribution":"{\"name\": \"FloatDistribution\", \"attributes\": {\"step\": null, \"low\": 1e-08, \"high\": 0.5, \"log\": true}}"}
{"op_code":5,"worker_id":"a83e0124-67cf-4d50-b40c-7dcf57fd59ff-23456247935296","trial_id":40,"param_name":"ratio","param_value_internal":43.06250630794422,"distribution":"{\"name\": \"FloatDistribution\", \"attributes\": {\"step\": null, \"low\": 0.1, \"high\": 100.0, \"log\": true}}"}
{"op_code":6,"worker_id":"a83e0124-67cf-4d50-b40c-7dcf57fd59ff-23456247935296","trial_id":40,"state":3,"values":null,"datetime_complete":"2026-07-24T12:50:41.137048"}
{"op_code":0,"worker_id":"b2f447a7-13a6-40ad-9bd6-2542d8f08de1-23456247935296","study_name":"peter_nips_k1","directions":[2]}
{"op_code":4,"worker_id":"b2f447a7-13a6-40ad-9bd6-2542d8f08de1-23456247935296","study_id":0,"datetime_start":"2026-07-24T12:54:19.954584"}
{"op_code":9,"worker_id":"b2f447a7-13a6-40ad-9bd6-2542d8f08de1-23456247935296","trial_id":41,"system_attr":{"tpe:relative_params:0":"{\"lr\": 0.02961780320435655, \"ratio\": 97.5800367709479}"}}
{"op_code":5,"worker_id":"b2f447a7-13a6-40ad-9bd6-2542d8f08de1-23456247935296","trial_id":41,"param_name":"lr","param_value_internal":0.02961780320435655,"distribution":"{\"name\": \"FloatDistribution\", \"attributes\": {\"step\": null, \"low\": 1e-08, \"high\": 0.5, \"log\": true}}"}
{"op_code":5,"worker_id":"b2f447a7-13a6-40ad-9bd6-2542d8f08de1-23456247935296","trial_id":41,"param_name":"ratio","param_value_internal":97.5800367709479,"distribution":"{\"name\": \"FloatDistribution\", \"attributes\": {\"step\": null, \"low\": 0.1, \"high\": 100.0, \"log\": true}}"}
{"op_code":6,"worker_id":"b2f447a7-13a6-40ad-9bd6-2542d8f08de1-23456247935296","trial_id":41,"state":3,"values":null,"datetime_complete":"2026-07-24T12:54:49.485611"}
{"op_code":0,"worker_id":"2b9c2c96-d5d3-47ca-8f76-7f11cab5a2ab-23456247935296","study_name":"peter_nips_k1","directions":[2]}
{"op_code":4,"worker_id":"2b9c2c96-d5d3-47ca-8f76-7f11cab5a2ab-23456247935296","study_id":0,"datetime_start":"2026-07-24T12:58:31.466882"}
{"op_code":9,"worker_id":"2b9c2c96-d5d3-47ca-8f76-7f11cab5a2ab-23456247935296","trial_id":42,"system_attr":{"tpe:relative_params:0":"{\"lr\": 0.006528393094170276, \"ratio\": 69.92616587361194}"}}
{"op_code":5,"worker_id":"2b9c2c96-d5d3-47ca-8f76-7f11cab5a2ab-23456247935296","trial_id":42,"param_name":"lr","param_value_internal":0.006528393094170276,"distribution":"{\"name\": \"FloatDistribution\", \"attributes\": {\"step\": null, \"low\": 1e-08, \"high\": 0.5, \"log\": true}}"}
{"op_code":5,"worker_id":"2b9c2c96-d5d3-47ca-8f76-7f11cab5a2ab-23456247935296","trial_id":42,"param_name":"ratio","param_value_internal":69.92616587361194,"distribution":"{\"name\": \"FloatDistribution\", \"attributes\": {\"step\": null, \"low\": 0.1, \"high\": 100.0, \"log\": true}}"}
{"op_code":6,"worker_id":"2b9c2c96-d5d3-47ca-8f76-7f11cab5a2ab-23456247935296","trial_id":42,"state":3,"values":null,"datetime_complete":"2026-07-24T12:59:20.782669"}
{"op_code":0,"worker_id":"6bd3177b-6507-4839-a28e-7d1ff2219465-23456247935296","study_name":"peter_nips_k1","directions":[2]}
{"op_code":4,"worker_id":"6bd3177b-6507-4839-a28e-7d1ff2219465-23456247935296","study_id":0,"datetime_start":"2026-07-24T13:02:51.099124"}
{"op_code":9,"worker_id":"6bd3177b-6507-4839-a28e-7d1ff2219465-23456247935296","trial_id":43,"system_attr":{"tpe:relative_params:0":"{\"lr\": 0.018918459896830664, \"ratio\": 26.470746997466254}"}}
{"op_code":5,"worker_id":"6bd3177b-6507-4839-a28e-7d1ff2219465-23456247935296","trial_id":43,"param_name":"lr","param_value_internal":0.018918459896830664,"distribution":"{\"name\": \"FloatDistribution\", \"attributes\": {\"step\": null, \"low\": 1e-08, \"high\": 0.5, \"log\": true}}"}
{"op_code":5,"worker_id":"6bd3177b-6507-4839-a28e-7d1ff2219465-23456247935296","trial_id":43,"param_name":"ratio","param_value_internal":26.470746997466254,"distribution":"{\"name\": \"FloatDistribution\", \"attributes\": {\"step\": null, \"low\": 0.1, \"high\": 100.0, \"log\": true}}"}
{"op_code":6,"worker_id":"6bd3177b-6507-4839-a28e-7d1ff2219465-23456247935296","trial_id":43,"state":3,"values":null,"datetime_complete":"2026-07-24T13:03:31.625872"}
{"op_code":0,"worker_id":"e65ed02f-b532-437c-8bfe-7aa8de572172-23456247935296","study_name":"peter_nips_k1","directions":[2]}
{"op_code":4,"worker_id":"e65ed02f-b532-437c-8bfe-7aa8de572172-23456247935296","study_id":0,"datetime_start":"2026-07-24T13:07:21.724897"}
{"op_code":9,"worker_id":"e65ed02f-b532-437c-8bfe-7aa8de572172-23456247935296","trial_id":44,"system_attr":{"tpe:relative_params:0":"{\"lr\": 0.01964489332345881, \"ratio\": 29.374601756570634}"}}
{"op_code":5,"worker_id":"e65ed02f-b532-437c-8bfe-7aa8de572172-23456247935296","trial_id":44,"param_name":"lr","param_value_internal":0.01964489332345881,"distribution":"{\"name\": \"FloatDistribution\", \"attributes\": {\"step\": null, \"low\": 1e-08, \"high\": 0.5, \"log\": true}}"}
{"op_code":5,"worker_id":"e65ed02f-b532-437c-8bfe-7aa8de572172-23456247935296","trial_id":44,"param_name":"ratio","param_value_internal":29.374601756570634,"distribution":"{\"name\": \"FloatDistribution\", \"attributes\": {\"step\": null, \"low\": 0.1, \"high\": 100.0, \"log\": true}}"}
{"op_code":6,"worker_id":"e65ed02f-b532-437c-8bfe-7aa8de572172-23456247935296","trial_id":44,"state":3,"values":null,"datetime_complete":"2026-07-24T13:07:58.225249"}
{"op_code":0,"worker_id":"53bdc2f3-b4ba-4f79-9d57-e31c35802370-23456247935296","study_name":"peter_nips_k1","directions":[2]}
{"op_code":4,"worker_id":"53bdc2f3-b4ba-4f79-9d57-e31c35802370-23456247935296","study_id":0,"datetime_start":"2026-07-24T13:12:08.572462"}
{"op_code":9,"worker_id":"53bdc2f3-b4ba-4f79-9d57-e31c35802370-23456247935296","trial_id":45,"system_attr":{"tpe:relative_params:0":"{\"lr\": 0.0240723178989837, \"ratio\": 45.2491183473951}"}}
{"op_code":5,"worker_id":"53bdc2f3-b4ba-4f79-9d57-e31c35802370-23456247935296","trial_id":45,"param_name":"lr","param_value_internal":0.0240723178989837,"distribution":"{\"name\": \"FloatDistribution\", \"attributes\": {\"step\": null, \"low\": 1e-08, \"high\": 0.5, \"log\": true}}"}
{"op_code":5,"worker_id":"53bdc2f3-b4ba-4f79-9d57-e31c35802370-23456247935296","trial_id":45,"param_name":"ratio","param_value_internal":45.2491183473951,"distribution":"{\"name\": \"FloatDistribution\", \"attributes\": {\"step\": null, \"low\": 0.1, \"high\": 100.0, \"log\": true}}"}
{"op_code":6,"worker_id":"53bdc2f3-b4ba-4f79-9d57-e31c35802370-23456247935296","trial_id":45,"state":3,"values":null,"datetime_complete":"2026-07-24T13:13:01.730284"}
{"op_code":0,"worker_id":"ec853030-fe16-44e5-833d-c9af28a20727-23456247935296","study_name":"peter_nips_k1","directions":[2]}
{"op_code":4,"worker_id":"ec853030-fe16-44e5-833d-c9af28a20727-23456247935296","study_id":0,"datetime_start":"2026-07-24T13:16:41.891948"}
{"op_code":9,"worker_id":"ec853030-fe16-44e5-833d-c9af28a20727-23456247935296","trial_id":46,"system_attr":{"tpe:relative_params:0":"{\"lr\": 0.025865840840677858, \"ratio\": 14.70314473282904}"}}
{"op_code":5,"worker_id":"ec853030-fe16-44e5-833d-c9af28a20727-23456247935296","trial_id":46,"param_name":"lr","param_value_internal":0.025865840840677858,"distribution":"{\"name\": \"FloatDistribution\", \"attributes\": {\"step\": null, \"low\": 1e-08, \"high\": 0.5, \"log\": true}}"}
{"op_code":5,"worker_id":"ec853030-fe16-44e5-833d-c9af28a20727-23456247935296","trial_id":46,"param_name":"ratio","param_value_internal":14.70314473282904,"distribution":"{\"name\": \"FloatDistribution\", \"attributes\": {\"step\": null, \"low\": 0.1, \"high\": 100.0, \"log\": true}}"}
{"op_code":6,"worker_id":"ec853030-fe16-44e5-833d-c9af28a20727-23456247935296","trial_id":46,"state":3,"values":null,"datetime_complete":"2026-07-24T13:17:18.815464"}
{"op_code":0,"worker_id":"f8e9cf1e-5b0b-4c85-b61f-faccfdd9b4a6-23456247935296","study_name":"peter_nips_k1","directions":[2]}
{"op_code":4,"worker_id":"f8e9cf1e-5b0b-4c85-b61f-faccfdd9b4a6-23456247935296","study_id":0,"datetime_start":"2026-07-24T13:20:01.177891"}
{"op_code":9,"worker_id":"f8e9cf1e-5b0b-4c85-b61f-faccfdd9b4a6-23456247935296","trial_id":47,"system_attr":{"tpe:relative_params:0":"{\"lr\": 0.01099508149909087, \"ratio\": 63.613004522207845}"}}
{"op_code":5,"worker_id":"f8e9cf1e-5b0b-4c85-b61f-faccfdd9b4a6-23456247935296","trial_id":47,"param_name":"lr","param_value_internal":0.01099508149909087,"distribution":"{\"name\": \"FloatDistribution\", \"attributes\": {\"step\": null, \"low\": 1e-08, \"high\": 0.5, \"log\": true}}"}
{"op_code":5,"worker_id":"f8e9cf1e-5b0b-4c85-b61f-faccfdd9b4a6-23456247935296","trial_id":47,"param_name":"ratio","param_value_internal":63.613004522207845,"distribution":"{\"name\": \"FloatDistribution\", \"attributes\": {\"step\": null, \"low\": 0.1, \"high\": 100.0, \"log\": true}}"}
{"op_code":6,"worker_id":"f8e9cf1e-5b0b-4c85-b61f-faccfdd9b4a6-23456247935296","trial_id":47,"state":3,"values":null,"datetime_complete":"2026-07-24T13:20:39.332427"}
{"op_code":0,"worker_id":"74b6212f-8745-483c-bf29-4d9a873dbd36-23456247935296","study_name":"peter_nips_k1","directions":[2]}
{"op_code":4,"worker_id":"74b6212f-8745-483c-bf29-4d9a873dbd36-23456247935296","study_id":0,"datetime_start":"2026-07-24T13:22:55.220310"}
{"op_code":9,"worker_id":"74b6212f-8745-483c-bf29-4d9a873dbd36-23456247935296","trial_id":48,"system_attr":{"tpe:relative_params:0":"{\"lr\": 0.02722555050910512, \"ratio\": 16.211378718123726}"}}
{"op_code":5,"worker_id":"74b6212f-8745-483c-bf29-4d9a873dbd36-23456247935296","trial_id":48,"param_name":"lr","param_value_internal":0.02722555050910512,"distribution":"{\"name\": \"FloatDistribution\", \"attributes\": {\"step\": null, \"low\": 1e-08, \"high\": 0.5, \"log\": true}}"}
{"op_code":5,"worker_id":"74b6212f-8745-483c-bf29-4d9a873dbd36-23456247935296","trial_id":48,"param_name":"ratio","param_value_internal":16.211378718123726,"distribution":"{\"name\": \"FloatDistribution\", \"attributes\": {\"step\": null, \"low\": 0.1, \"high\": 100.0, \"log\": true}}"}
{"op_code":6,"worker_id":"74b6212f-8745-483c-bf29-4d9a873dbd36-23456247935296","trial_id":48,"state":3,"values":null,"datetime_complete":"2026-07-24T13:23:31.915186"}
{"op_code":0,"worker_id":"1ff2257c-062b-4718-9764-7b9ee816922b-23456247935296","study_name":"peter_nips_k1","directions":[2]}
{"op_code":4,"worker_id":"1ff2257c-062b-4718-9764-7b9ee816922b-23456247935296","study_id":0,"datetime_start":"2026-07-24T13:25:43.719268"}
{"op_code":9,"worker_id":"1ff2257c-062b-4718-9764-7b9ee816922b-23456247935296","trial_id":49,"system_attr":{"tpe:relative_params:0":"{\"lr\": 0.02022349925574573, \"ratio\": 93.8549871544067}"}}
{"op_code":5,"worker_id":"1ff2257c-062b-4718-9764-7b9ee816922b-23456247935296","trial_id":49,"param_name":"lr","param_value_internal":0.02022349925574573,"distribution":"{\"name\": \"FloatDistribution\", \"attributes\": {\"step\": null, \"low\": 1e-08, \"high\": 0.5, \"log\": true}}"}
{"op_code":5,"worker_id":"1ff2257c-062b-4718-9764-7b9ee816922b-23456247935296","trial_id":49,"param_name":"ratio","param_value_internal":93.8549871544067,"distribution":"{\"name\": \"FloatDistribution\", \"attributes\": {\"step\": null, \"low\": 0.1, \"high\": 100.0, \"log\": true}}"}
{"op_code":6,"worker_id":"1ff2257c-062b-4718-9764-7b9ee816922b-23456247935296","trial_id":49,"state":3,"values":null,"datetime_complete":"2026-07-24T13:26:23.211791"}
{"op_code":0,"worker_id":"2d8d5487-591b-4068-8b39-386b30491ddd-23456247935296","study_name":"peter_nips_k1","directions":[2]}
{"op_code":4,"worker_id":"2d8d5487-591b-4068-8b39-386b30491ddd-23456247935296","study_id":0,"datetime_start":"2026-07-24T13:29:21.909567"}
{"op_code":9,"worker_id":"2d8d5487-591b-4068-8b39-386b30491ddd-23456247935296","trial_id":50,"system_attr":{"tpe:relative_params:0":"{\"lr\": 0.0209657291799682, \"ratio\": 17.196615782381443}"}}
{"op_code":5,"worker_id":"2d8d5487-591b-4068-8b39-386b30491ddd-23456247935296","trial_id":50,"param_name":"lr","param_value_internal":0.0209657291799682,"distribution":"{\"name\": \"FloatDistribution\", \"attributes\": {\"step\": null, \"low\": 1e-08, \"high\": 0.5, \"log\": true}}"}
{"op_code":5,"worker_id":"2d8d5487-591b-4068-8b39-386b30491ddd-23456247935296","trial_id":50,"param_name":"ratio","param_value_internal":17.196615782381443,"distribution":"{\"name\": \"FloatDistribution\", \"attributes\": {\"step\": null, \"low\": 0.1, \"high\": 100.0, \"log\": true}}"}
{"op_code":6,"worker_id":"2d8d5487-591b-4068-8b39-386b30491ddd-23456247935296","trial_id":50,"state":3,"values":null,"datetime_complete":"2026-07-24T13:30:26.507307"}
{"op_code":0,"worker_id":"15d71438-6cb6-445c-a5df-365fed390120-23456247935296","study_name":"peter_nips_k1","directions":[2]}
{"op_code":4,"worker_id":"15d71438-6cb6-445c-a5df-365fed390120-23456247935296","study_id":0,"datetime_start":"2026-07-24T13:32:58.481695"}
{"op_code":9,"worker_id":"15d71438-6cb6-445c-a5df-365fed390120-23456247935296","trial_id":51,"system_attr":{"tpe:relative_params:0":"{\"lr\": 0.005799870359149348, \"ratio\": 76.77521588490866}"}}
{"op_code":5,"worker_id":"15d71438-6cb6-445c-a5df-365fed390120-23456247935296","trial_id":51,"param_name":"lr","param_value_internal":0.005799870359149348,"distribution":"{\"name\": \"FloatDistribution\", \"attributes\": {\"step\": null, \"low\": 1e-08, \"high\": 0.5, \"log\": true}}"}
{"op_code":5,"worker_id":"15d71438-6cb6-445c-a5df-365fed390120-23456247935296","trial_id":51,"param_name":"ratio","param_value_internal":76.77521588490866,"distribution":"{\"name\": \"FloatDistribution\", \"attributes\": {\"step\": null, \"low\": 0.1, \"high\": 100.0, \"log\": true}}"}
{"op_code":6,"worker_id":"15d71438-6cb6-445c-a5df-365fed390120-23456247935296","trial_id":51,"state":3,"values":null,"datetime_complete":"2026-07-24T13:33:33.867691"}
{"op_code":0,"worker_id":"334f7789-e2a4-4e2f-b753-b275d1be7e94-23456247935296","study_name":"peter_nips_k1","directions":[2]}
{"op_code":4,"worker_id":"334f7789-e2a4-4e2f-b753-b275d1be7e94-23456247935296","study_id":0,"datetime_start":"2026-07-24T13:36:11.234221"}
{"op_code":9,"worker_id":"334f7789-e2a4-4e2f-b753-b275d1be7e94-23456247935296","trial_id":52,"system_attr":{"tpe:relative_params:0":"{\"lr\": 0.022622587618899893, \"ratio\": 18.80523918674323}"}}
{"op_code":5,"worker_id":"334f7789-e2a4-4e2f-b753-b275d1be7e94-23456247935296","trial_id":52,"param_name":"lr","param_value_internal":0.022622587618899893,"distribution":"{\"name\": \"FloatDistribution\", \"attributes\": {\"step\": null, \"low\": 1e-08, \"high\": 0.5, \"log\": true}}"}
{"op_code":5,"worker_id":"334f7789-e2a4-4e2f-b753-b275d1be7e94-23456247935296","trial_id":52,"param_name":"ratio","param_value_internal":18.80523918674323,"distribution":"{\"name\": \"FloatDistribution\", \"attributes\": {\"step\": null, \"low\": 0.1, \"high\": 100.0, \"log\": true}}"}
{"op_code":6,"worker_id":"334f7789-e2a4-4e2f-b753-b275d1be7e94-23456247935296","trial_id":52,"state":3,"values":null,"datetime_complete":"2026-07-24T13:36:56.207710"}
{"op_code":0,"worker_id":"411856a6-1e85-4146-9d25-e6da0ef79214-23456247935296","study_name":"peter_nips_k1","directions":[2]}
{"op_code":0,"worker_id":"8aa37f3e-4f1f-4340-8fd4-9be48d13dcc4-23456247935296","study_name":"peter_nips_k1","directions":[2]}
