{"op_code":0,"worker_id":"aa86e1db-3349-4603-9770-12d9bb8e5280-20268","study_name":"peter_nltcs_k3","directions":[2]}
{"op_code":0,"worker_id":"1e632f8b-ea9a-4a9b-90df-dc46b651ce46-22724","study_name":"peter_nltcs_k3","directions":[2]}
{"op_code":4,"worker_id":"1e632f8b-ea9a-4a9b-90df-dc46b651ce46-22724","study_id":0,"datetime_start":"2026-07-24T09:13:00.441975"}
{"op_code":5,"worker_id":"1e632f8b-ea9a-4a9b-90df-dc46b651ce46-22724","trial_id":0,"param_name":"lr","param_value_internal":6.503932382915498e-07,"distribution":"{\"name\": \"FloatDistribution\", \"attributes\": {\"step\": null, \"low\": 1e-08, \"high\": 0.5, \"log\": true}}"}
{"op_code":5,"worker_id":"1e632f8b-ea9a-4a9b-90df-dc46b651ce46-22724","trial_id":0,"param_name":"ratio","param_value_internal":78.50397057888891,"distribution":"{\"name\": \"FloatDistribution\", \"attributes\": {\"step\": null, \"low\": 0.1, \"high\": 100.0, \"log\": true}}"}
{"op_code":0,"worker_id":"a9c40753-fa1a-4f84-b76a-429c0160e9e8-37480","study_name":"peter_nltcs_k3","directions":[2]}
{"op_code":4,"worker_id":"a9c40753-fa1a-4f84-b76a-429c0160e9e8-37480","study_id":0,"datetime_start":"2026-07-24T09:13:01.591756"}
{"op_code":5,"worker_id":"a9c40753-fa1a-4f84-b76a-429c0160e9e8-37480","trial_id":1,"param_name":"lr","param_value_internal":0.007108700652863708,"distribution":"{\"name\": \"FloatDistribution\", \"attributes\": {\"step\": null, \"low\": 1e-08, \"high\": 0.5, \"log\": true}}"}
{"op_code":5,"worker_id":"a9c40753-fa1a-4f84-b76a-429c0160e9e8-37480","trial_id":1,"param_name":"ratio","param_value_internal":0.3860163483603195,"distribution":"{\"name\": \"FloatDistribution\", \"attributes\": {\"step\": null, \"low\": 0.1, \"high\": 100.0, \"log\": true}}"}
{"op_code":0,"worker_id":"546bf76e-9579-4bee-91be-53360b281cf1-34224","study_name":"peter_nltcs_k3","directions":[2]}
{"op_code":0,"worker_id":"960b63d3-e176-49eb-8432-18a994d002f2-23456247935296","study_name":"peter_nltcs_k3","directions":[2]}
{"op_code":0,"worker_id":"fb8cede0-ab51-4720-9701-2f779fd13e83-23456247935296","study_name":"peter_nltcs_k3","directions":[2]}
{"op_code":4,"worker_id":"fb8cede0-ab51-4720-9701-2f779fd13e83-23456247935296","study_id":0,"datetime_start":"2026-07-24T10:21:57.186183"}
{"op_code":5,"worker_id":"fb8cede0-ab51-4720-9701-2f779fd13e83-23456247935296","trial_id":2,"param_name":"lr","param_value_internal":0.4964930775687197,"distribution":"{\"name\": \"FloatDistribution\", \"attributes\": {\"step\": null, \"low\": 1e-08, \"high\": 0.5, \"log\": true}}"}
{"op_code":5,"worker_id":"fb8cede0-ab51-4720-9701-2f779fd13e83-23456247935296","trial_id":2,"param_name":"ratio","param_value_internal":0.44169003728871165,"distribution":"{\"name\": \"FloatDistribution\", \"attributes\": {\"step\": null, \"low\": 0.1, \"high\": 100.0, \"log\": true}}"}
{"op_code":6,"worker_id":"fb8cede0-ab51-4720-9701-2f779fd13e83-23456247935296","trial_id":2,"state":3,"values":null,"datetime_complete":"2026-07-24T10:21:58.247360"}
{"op_code":0,"worker_id":"e6f4f98d-0d0a-4f53-8a88-f667f5b37c1d-23456247935296","study_name":"peter_nltcs_k3","directions":[2]}
{"op_code":4,"worker_id":"e6f4f98d-0d0a-4f53-8a88-f667f5b37c1d-23456247935296","study_id":0,"datetime_start":"2026-07-24T10:23:00.141716"}
{"op_code":5,"worker_id":"e6f4f98d-0d0a-4f53-8a88-f667f5b37c1d-23456247935296","trial_id":3,"param_name":"lr","param_value_internal":2.1139456710748282e-08,"distribution":"{\"name\": \"FloatDistribution\", \"attributes\": {\"step\": null, \"low\": 1e-08, \"high\": 0.5, \"log\": true}}"}
{"op_code":5,"worker_id":"e6f4f98d-0d0a-4f53-8a88-f667f5b37c1d-23456247935296","trial_id":3,"param_name":"ratio","param_value_internal":34.82882862293883,"distribution":"{\"name\": \"FloatDistribution\", \"attributes\": {\"step\": null, \"low\": 0.1, \"high\": 100.0, \"log\": true}}"}
{"op_code":6,"worker_id":"e6f4f98d-0d0a-4f53-8a88-f667f5b37c1d-23456247935296","trial_id":3,"state":1,"values":[-18.4315841817464],"datetime_complete":"2026-07-24T10:23:14.944847"}
{"op_code":0,"worker_id":"b2e136dc-aa49-4cb6-8ccc-cea6331722a4-23456247935296","study_name":"peter_nltcs_k3","directions":[2]}
{"op_code":4,"worker_id":"b2e136dc-aa49-4cb6-8ccc-cea6331722a4-23456247935296","study_id":0,"datetime_start":"2026-07-24T10:26:19.912749"}
{"op_code":5,"worker_id":"b2e136dc-aa49-4cb6-8ccc-cea6331722a4-23456247935296","trial_id":4,"param_name":"lr","param_value_internal":0.07140878703037838,"distribution":"{\"name\": \"FloatDistribution\", \"attributes\": {\"step\": null, \"low\": 1e-08, \"high\": 0.5, \"log\": true}}"}
{"op_code":5,"worker_id":"b2e136dc-aa49-4cb6-8ccc-cea6331722a4-23456247935296","trial_id":4,"param_name":"ratio","param_value_internal":0.29375768606506497,"distribution":"{\"name\": \"FloatDistribution\", \"attributes\": {\"step\": null, \"low\": 0.1, \"high\": 100.0, \"log\": true}}"}
{"op_code":6,"worker_id":"b2e136dc-aa49-4cb6-8ccc-cea6331722a4-23456247935296","trial_id":4,"state":1,"values":[-12.297273648619807],"datetime_complete":"2026-07-24T10:26:34.986553"}
{"op_code":0,"worker_id":"73bce5b5-d4ee-497e-968a-4b7f0dcf6549-23456247935296","study_name":"peter_nltcs_k3","directions":[2]}
{"op_code":4,"worker_id":"73bce5b5-d4ee-497e-968a-4b7f0dcf6549-23456247935296","study_id":0,"datetime_start":"2026-07-24T10:29:53.134615"}
{"op_code":5,"worker_id":"73bce5b5-d4ee-497e-968a-4b7f0dcf6549-23456247935296","trial_id":5,"param_name":"lr","param_value_internal":6.002028327715548e-06,"distribution":"{\"name\": \"FloatDistribution\", \"attributes\": {\"step\": null, \"low\": 1e-08, \"high\": 0.5, \"log\": true}}"}
{"op_code":5,"worker_id":"73bce5b5-d4ee-497e-968a-4b7f0dcf6549-23456247935296","trial_id":5,"param_name":"ratio","param_value_internal":2.209085300539651,"distribution":"{\"name\": \"FloatDistribution\", \"attributes\": {\"step\": null, \"low\": 0.1, \"high\": 100.0, \"log\": true}}"}
{"op_code":6,"worker_id":"73bce5b5-d4ee-497e-968a-4b7f0dcf6549-23456247935296","trial_id":5,"state":1,"values":[-18.420616899613524],"datetime_complete":"2026-07-24T10:30:05.522252"}
{"op_code":0,"worker_id":"419a7c43-7d0e-4909-b436-c8f691546aca-23456247935296","study_name":"peter_nltcs_k3","directions":[2]}
{"op_code":4,"worker_id":"419a7c43-7d0e-4909-b436-c8f691546aca-23456247935296","study_id":0,"datetime_start":"2026-07-24T10:33:30.919259"}
{"op_code":5,"worker_id":"419a7c43-7d0e-4909-b436-c8f691546aca-23456247935296","trial_id":6,"param_name":"lr","param_value_internal":3.0394151143645536e-05,"distribution":"{\"name\": \"FloatDistribution\", \"attributes\": {\"step\": null, \"low\": 1e-08, \"high\": 0.5, \"log\": true}}"}
{"op_code":5,"worker_id":"419a7c43-7d0e-4909-b436-c8f691546aca-23456247935296","trial_id":6,"param_name":"ratio","param_value_internal":10.919832310518498,"distribution":"{\"name\": \"FloatDistribution\", \"attributes\": {\"step\": null, \"low\": 0.1, \"high\": 100.0, \"log\": true}}"}
{"op_code":6,"worker_id":"419a7c43-7d0e-4909-b436-c8f691546aca-23456247935296","trial_id":6,"state":1,"values":[-18.069266691520664],"datetime_complete":"2026-07-24T10:33:43.382731"}
{"op_code":0,"worker_id":"15930fb3-8b6a-4550-8316-436fd641adc7-23456247935296","study_name":"peter_nltcs_k3","directions":[2]}
{"op_code":4,"worker_id":"15930fb3-8b6a-4550-8316-436fd641adc7-23456247935296","study_id":0,"datetime_start":"2026-07-24T10:36:43.578667"}
{"op_code":5,"worker_id":"15930fb3-8b6a-4550-8316-436fd641adc7-23456247935296","trial_id":7,"param_name":"lr","param_value_internal":0.00036485040960840774,"distribution":"{\"name\": \"FloatDistribution\", \"attributes\": {\"step\": null, \"low\": 1e-08, \"high\": 0.5, \"log\": true}}"}
{"op_code":5,"worker_id":"15930fb3-8b6a-4550-8316-436fd641adc7-23456247935296","trial_id":7,"param_name":"ratio","param_value_internal":0.5714651407896855,"distribution":"{\"name\": \"FloatDistribution\", \"attributes\": {\"step\": null, \"low\": 0.1, \"high\": 100.0, \"log\": true}}"}
{"op_code":6,"worker_id":"15930fb3-8b6a-4550-8316-436fd641adc7-23456247935296","trial_id":7,"state":1,"values":[-17.63420077704735],"datetime_complete":"2026-07-24T10:36:56.032670"}
{"op_code":0,"worker_id":"bb4db5f4-fc59-4681-89f3-b6f2ff1cabd4-23456247935296","study_name":"peter_nltcs_k3","directions":[2]}
{"op_code":4,"worker_id":"bb4db5f4-fc59-4681-89f3-b6f2ff1cabd4-23456247935296","study_id":0,"datetime_start":"2026-07-24T10:40:31.201334"}
{"op_code":5,"worker_id":"bb4db5f4-fc59-4681-89f3-b6f2ff1cabd4-23456247935296","trial_id":8,"param_name":"lr","param_value_internal":6.876641629304041e-06,"distribution":"{\"name\": \"FloatDistribution\", \"attributes\": {\"step\": null, \"low\": 1e-08, \"high\": 0.5, \"log\": true}}"}
{"op_code":5,"worker_id":"bb4db5f4-fc59-4681-89f3-b6f2ff1cabd4-23456247935296","trial_id":8,"param_name":"ratio","param_value_internal":1.6463617113564402,"distribution":"{\"name\": \"FloatDistribution\", \"attributes\": {\"step\": null, \"low\": 0.1, \"high\": 100.0, \"log\": true}}"}
{"op_code":6,"worker_id":"bb4db5f4-fc59-4681-89f3-b6f2ff1cabd4-23456247935296","trial_id":8,"state":1,"values":[-18.41881691326335],"datetime_complete":"2026-07-24T10:40:46.263765"}
{"op_code":0,"worker_id":"5dc5d19d-5bdd-4bf3-a434-e06fa8d473e6-23456247935296","study_name":"peter_nltcs_k3","directions":[2]}
{"op_code":4,"worker_id":"5dc5d19d-5bdd-4bf3-a434-e06fa8d473e6-23456247935296","study_id":0,"datetime_start":"2026-07-24T10:44:37.610542"}
{"op_code":5,"worker_id":"5dc5d19d-5bdd-4bf3-a434-e06fa8d473e6-23456247935296","trial_id":9,"param_name":"lr","param_value_internal":2.1603872045597018e-07,"distribution":"{\"name\": \"FloatDistribution\", \"attributes\": {\"step\": null, \"low\": 1e-08, \"high\": 0.5, \"log\": true}}"}
{"op_code":5,"worker_id":"5dc5d19d-5bdd-4bf3-a434-e06fa8d473e6-23456247935296","trial_id":9,"param_name":"ratio","param_value_internal":0.11117866624255297,"distribution":"{\"name\": \"FloatDistribution\", \"attributes\": {\"step\": null, \"low\": 0.1, \"high\": 100.0, \"log\": true}}"}
{"op_code":6,"worker_id":"5dc5d19d-5bdd-4bf3-a434-e06fa8d473e6-23456247935296","trial_id":9,"state":1,"values":[-18.431430755253576],"datetime_complete":"2026-07-24T10:44:50.250335"}
{"op_code":0,"worker_id":"d20dfc81-1e8a-40bd-8757-45abc3f01a22-23456247935296","study_name":"peter_nltcs_k3","directions":[2]}
{"op_code":4,"worker_id":"d20dfc81-1e8a-40bd-8757-45abc3f01a22-23456247935296","study_id":0,"datetime_start":"2026-07-24T10:49:00.403496"}
{"op_code":5,"worker_id":"d20dfc81-1e8a-40bd-8757-45abc3f01a22-23456247935296","trial_id":10,"param_name":"lr","param_value_internal":3.332000492655238e-08,"distribution":"{\"name\": \"FloatDistribution\", \"attributes\": {\"step\": null, \"low\": 1e-08, \"high\": 0.5, \"log\": true}}"}
{"op_code":5,"worker_id":"d20dfc81-1e8a-40bd-8757-45abc3f01a22-23456247935296","trial_id":10,"param_name":"ratio","param_value_internal":0.3831930997147291,"distribution":"{\"name\": \"FloatDistribution\", \"attributes\": {\"step\": null, \"low\": 0.1, \"high\": 100.0, \"log\": true}}"}
{"op_code":6,"worker_id":"d20dfc81-1e8a-40bd-8757-45abc3f01a22-23456247935296","trial_id":10,"state":1,"values":[-18.431575933205075],"datetime_complete":"2026-07-24T10:49:15.241117"}
{"op_code":0,"worker_id":"fd194371-b4ec-42f3-bb2d-0c160b16e1fe-23456247935296","study_name":"peter_nltcs_k3","directions":[2]}
{"op_code":4,"worker_id":"fd194371-b4ec-42f3-bb2d-0c160b16e1fe-23456247935296","study_id":0,"datetime_start":"2026-07-24T10:53:26.003930"}
{"op_code":5,"worker_id":"fd194371-b4ec-42f3-bb2d-0c160b16e1fe-23456247935296","trial_id":11,"param_name":"lr","param_value_internal":3.5453676517043466e-08,"distribution":"{\"name\": \"FloatDistribution\", \"attributes\": {\"step\": null, \"low\": 1e-08, \"high\": 0.5, \"log\": true}}"}
{"op_code":5,"worker_id":"fd194371-b4ec-42f3-bb2d-0c160b16e1fe-23456247935296","trial_id":11,"param_name":"ratio","param_value_internal":12.669498741244938,"distribution":"{\"name\": \"FloatDistribution\", \"attributes\": {\"step\": null, \"low\": 0.1, \"high\": 100.0, \"log\": true}}"}
{"op_code":6,"worker_id":"fd194371-b4ec-42f3-bb2d-0c160b16e1fe-23456247935296","trial_id":11,"state":1,"values":[-18.43157229902349],"datetime_complete":"2026-07-24T10:53:41.050328"}
{"op_code":0,"worker_id":"1006266d-cc16-4995-b383-e41aacfe1ba1-23456247935296","study_name":"peter_nltcs_k3","directions":[2]}
{"op_code":4,"worker_id":"1006266d-cc16-4995-b383-e41aacfe1ba1-23456247935296","study_id":0,"datetime_start":"2026-07-24T10:57:35.351895"}
{"op_code":5,"worker_id":"1006266d-cc16-4995-b383-e41aacfe1ba1-23456247935296","trial_id":12,"param_name":"lr","param_value_internal":0.01744409281331647,"distribution":"{\"name\": \"FloatDistribution\", \"attributes\": {\"step\": null, \"low\": 1e-08, \"high\": 0.5, \"log\": true}}"}
{"op_code":5,"worker_id":"1006266d-cc16-4995-b383-e41aacfe1ba1-23456247935296","trial_id":12,"param_name":"ratio","param_value_internal":0.20153220401080513,"distribution":"{\"name\": \"FloatDistribution\", \"attributes\": {\"step\": null, \"low\": 0.1, \"high\": 100.0, \"log\": true}}"}
{"op_code":6,"worker_id":"1006266d-cc16-4995-b383-e41aacfe1ba1-23456247935296","trial_id":12,"state":1,"values":[-14.232611358557856],"datetime_complete":"2026-07-24T10:57:48.681114"}
{"op_code":0,"worker_id":"f19d1009-7cb9-4eb7-933a-928efdb6ef48-23456247935296","study_name":"peter_nltcs_k3","directions":[2]}
{"op_code":4,"worker_id":"f19d1009-7cb9-4eb7-933a-928efdb6ef48-23456247935296","study_id":0,"datetime_start":"2026-07-24T11:02:59.056450"}
{"op_code":9,"worker_id":"f19d1009-7cb9-4eb7-933a-928efdb6ef48-23456247935296","trial_id":13,"system_attr":{"tpe:relative_params:0":"{\"lr\": 0.05184256650457448, \"ratio\": 9.466661913946718}"}}
{"op_code":5,"worker_id":"f19d1009-7cb9-4eb7-933a-928efdb6ef48-23456247935296","trial_id":13,"param_name":"lr","param_value_internal":0.05184256650457448,"distribution":"{\"name\": \"FloatDistribution\", \"attributes\": {\"step\": null, \"low\": 1e-08, \"high\": 0.5, \"log\": true}}"}
{"op_code":5,"worker_id":"f19d1009-7cb9-4eb7-933a-928efdb6ef48-23456247935296","trial_id":13,"param_name":"ratio","param_value_internal":9.466661913946718,"distribution":"{\"name\": \"FloatDistribution\", \"attributes\": {\"step\": null, \"low\": 0.1, \"high\": 100.0, \"log\": true}}"}
{"op_code":6,"worker_id":"f19d1009-7cb9-4eb7-933a-928efdb6ef48-23456247935296","trial_id":13,"state":1,"values":[-14.995119789618075],"datetime_complete":"2026-07-24T11:03:14.982004"}
{"op_code":0,"worker_id":"a2dd8064-d3e4-4319-8c80-4f29a837ea50-23456247935296","study_name":"peter_nltcs_k3","directions":[2]}
{"op_code":4,"worker_id":"a2dd8064-d3e4-4319-8c80-4f29a837ea50-23456247935296","study_id":0,"datetime_start":"2026-07-24T11:07:35.885997"}
{"op_code":9,"worker_id":"a2dd8064-d3e4-4319-8c80-4f29a837ea50-23456247935296","trial_id":14,"system_attr":{"tpe:relative_params:0":"{\"lr\": 0.28484687496443567, \"ratio\": 0.3024393146092247}"}}
{"op_code":5,"worker_id":"a2dd8064-d3e4-4319-8c80-4f29a837ea50-23456247935296","trial_id":14,"param_name":"lr","param_value_internal":0.28484687496443567,"distribution":"{\"name\": \"FloatDistribution\", \"attributes\": {\"step\": null, \"low\": 1e-08, \"high\": 0.5, \"log\": true}}"}
{"op_code":5,"worker_id":"a2dd8064-d3e4-4319-8c80-4f29a837ea50-23456247935296","trial_id":14,"param_name":"ratio","param_value_internal":0.3024393146092247,"distribution":"{\"name\": \"FloatDistribution\", \"attributes\": {\"step\": null, \"low\": 0.1, \"high\": 100.0, \"log\": true}}"}
{"op_code":6,"worker_id":"a2dd8064-d3e4-4319-8c80-4f29a837ea50-23456247935296","trial_id":14,"state":1,"values":[-11.21910166792754],"datetime_complete":"2026-07-24T11:07:50.230913"}
{"op_code":0,"worker_id":"6c82febf-0907-4c77-b938-d4cd77a74305-23456247935296","study_name":"peter_nltcs_k3","directions":[2]}
{"op_code":4,"worker_id":"6c82febf-0907-4c77-b938-d4cd77a74305-23456247935296","study_id":0,"datetime_start":"2026-07-24T11:12:18.512649"}
{"op_code":9,"worker_id":"6c82febf-0907-4c77-b938-d4cd77a74305-23456247935296","trial_id":15,"system_attr":{"tpe:relative_params:0":"{\"lr\": 0.191283648659234, \"ratio\": 0.5932776143709034}"}}
{"op_code":5,"worker_id":"6c82febf-0907-4c77-b938-d4cd77a74305-23456247935296","trial_id":15,"param_name":"lr","param_value_internal":0.191283648659234,"distribution":"{\"name\": \"FloatDistribution\", \"attributes\": {\"step\": null, \"low\": 1e-08, \"high\": 0.5, \"log\": true}}"}
{"op_code":5,"worker_id":"6c82febf-0907-4c77-b938-d4cd77a74305-23456247935296","trial_id":15,"param_name":"ratio","param_value_internal":0.5932776143709034,"distribution":"{\"name\": \"FloatDistribution\", \"attributes\": {\"step\": null, \"low\": 0.1, \"high\": 100.0, \"log\": true}}"}
{"op_code":6,"worker_id":"6c82febf-0907-4c77-b938-d4cd77a74305-23456247935296","trial_id":15,"state":1,"values":[-11.304365791149163],"datetime_complete":"2026-07-24T11:12:31.586884"}
{"op_code":0,"worker_id":"5566f2b4-da92-475d-9dd3-9547997b3e59-23456247935296","study_name":"peter_nltcs_k3","directions":[2]}
{"op_code":4,"worker_id":"5566f2b4-da92-475d-9dd3-9547997b3e59-23456247935296","study_id":0,"datetime_start":"2026-07-24T11:16:33.220225"}
{"op_code":9,"worker_id":"5566f2b4-da92-475d-9dd3-9547997b3e59-23456247935296","trial_id":16,"system_attr":{"tpe:relative_params:0":"{\"lr\": 0.396101113972371, \"ratio\": 1.1483404698122752}"}}
{"op_code":5,"worker_id":"5566f2b4-da92-475d-9dd3-9547997b3e59-23456247935296","trial_id":16,"param_name":"lr","param_value_internal":0.396101113972371,"distribution":"{\"name\": \"FloatDistribution\", \"attributes\": {\"step\": null, \"low\": 1e-08, \"high\": 0.5, \"log\": true}}"}
{"op_code":5,"worker_id":"5566f2b4-da92-475d-9dd3-9547997b3e59-23456247935296","trial_id":16,"param_name":"ratio","param_value_internal":1.1483404698122752,"distribution":"{\"name\": \"FloatDistribution\", \"attributes\": {\"step\": null, \"low\": 0.1, \"high\": 100.0, \"log\": true}}"}
{"op_code":6,"worker_id":"5566f2b4-da92-475d-9dd3-9547997b3e59-23456247935296","trial_id":16,"state":3,"values":null,"datetime_complete":"2026-07-24T11:16:34.409229"}
{"op_code":0,"worker_id":"df7150fa-d99b-43b9-9fc2-8f9d128de75f-23456247935296","study_name":"peter_nltcs_k3","directions":[2]}
{"op_code":4,"worker_id":"df7150fa-d99b-43b9-9fc2-8f9d128de75f-23456247935296","study_id":0,"datetime_start":"2026-07-24T11:20:44.270535"}
{"op_code":9,"worker_id":"df7150fa-d99b-43b9-9fc2-8f9d128de75f-23456247935296","trial_id":17,"system_attr":{"tpe:relative_params:0":"{\"lr\": 0.3686902167206628, \"ratio\": 1.844915063763203}"}}
{"op_code":5,"worker_id":"df7150fa-d99b-43b9-9fc2-8f9d128de75f-23456247935296","trial_id":17,"param_name":"lr","param_value_internal":0.3686902167206628,"distribution":"{\"name\": \"FloatDistribution\", \"attributes\": {\"step\": null, \"low\": 1e-08, \"high\": 0.5, \"log\": true}}"}
{"op_code":5,"worker_id":"df7150fa-d99b-43b9-9fc2-8f9d128de75f-23456247935296","trial_id":17,"param_name":"ratio","param_value_internal":1.844915063763203,"distribution":"{\"name\": \"FloatDistribution\", \"attributes\": {\"step\": null, \"low\": 0.1, \"high\": 100.0, \"log\": true}}"}
{"op_code":6,"worker_id":"df7150fa-d99b-43b9-9fc2-8f9d128de75f-23456247935296","trial_id":17,"state":3,"values":null,"datetime_complete":"2026-07-24T11:20:45.424798"}
{"op_code":0,"worker_id":"41caf30d-c6ca-4c79-9027-bd5fb28a9669-23456247935296","study_name":"peter_nltcs_k3","directions":[2]}
{"op_code":4,"worker_id":"41caf30d-c6ca-4c79-9027-bd5fb28a9669-23456247935296","study_id":0,"datetime_start":"2026-07-24T11:24:48.365865"}
{"op_code":9,"worker_id":"41caf30d-c6ca-4c79-9027-bd5fb28a9669-23456247935296","trial_id":18,"system_attr":{"tpe:relative_params:0":"{\"lr\": 0.12421990926363714, \"ratio\": 0.9180791955356478}"}}
{"op_code":5,"worker_id":"41caf30d-c6ca-4c79-9027-bd5fb28a9669-23456247935296","trial_id":18,"param_name":"lr","param_value_internal":0.12421990926363714,"distribution":"{\"name\": \"FloatDistribution\", \"attributes\": {\"step\": null, \"low\": 1e-08, \"high\": 0.5, \"log\": true}}"}
{"op_code":5,"worker_id":"41caf30d-c6ca-4c79-9027-bd5fb28a9669-23456247935296","trial_id":18,"param_name":"ratio","param_value_internal":0.9180791955356478,"distribution":"{\"name\": \"FloatDistribution\", \"attributes\": {\"step\": null, \"low\": 0.1, \"high\": 100.0, \"log\": true}}"}
{"op_code":6,"worker_id":"41caf30d-c6ca-4c79-9027-bd5fb28a9669-23456247935296","trial_id":18,"state":1,"values":[-11.054374894627712],"datetime_complete":"2026-07-24T11:25:02.964876"}
{"op_code":0,"worker_id":"f4ae7bc5-2972-4a91-981e-b5a752cb8216-23456247935296","study_name":"peter_nltcs_k3","directions":[2]}
{"op_code":4,"worker_id":"f4ae7bc5-2972-4a91-981e-b5a752cb8216-23456247935296","study_id":0,"datetime_start":"2026-07-24T11:28:31.540213"}
{"op_code":9,"worker_id":"f4ae7bc5-2972-4a91-981e-b5a752cb8216-23456247935296","trial_id":19,"system_attr":{"tpe:relative_params:0":"{\"lr\": 0.1464888026238517, \"ratio\": 3.1422052778291976}"}}
{"op_code":5,"worker_id":"f4ae7bc5-2972-4a91-981e-b5a752cb8216-23456247935296","trial_id":19,"param_name":"lr","param_value_internal":0.1464888026238517,"distribution":"{\"name\": \"FloatDistribution\", \"attributes\": {\"step\": null, \"low\": 1e-08, \"high\": 0.5, \"log\": true}}"}
{"op_code":5,"worker_id":"f4ae7bc5-2972-4a91-981e-b5a752cb8216-23456247935296","trial_id":19,"param_name":"ratio","param_value_internal":3.1422052778291976,"distribution":"{\"name\": \"FloatDistribution\", \"attributes\": {\"step\": null, \"low\": 0.1, \"high\": 100.0, \"log\": true}}"}
{"op_code":6,"worker_id":"f4ae7bc5-2972-4a91-981e-b5a752cb8216-23456247935296","trial_id":19,"state":3,"values":null,"datetime_complete":"2026-07-24T11:28:41.073767"}
{"op_code":0,"worker_id":"f6c0d810-8d3e-4998-b586-8546833a1de7-23456247935296","study_name":"peter_nltcs_k3","directions":[2]}
{"op_code":4,"worker_id":"f6c0d810-8d3e-4998-b586-8546833a1de7-23456247935296","study_id":0,"datetime_start":"2026-07-24T11:33:34.907450"}
{"op_code":9,"worker_id":"f6c0d810-8d3e-4998-b586-8546833a1de7-23456247935296","trial_id":20,"system_attr":{"tpe:relative_params:0":"{\"lr\": 0.009799824527072133, \"ratio\": 2.7475027363956825}"}}
{"op_code":5,"worker_id":"f6c0d810-8d3e-4998-b586-8546833a1de7-23456247935296","trial_id":20,"param_name":"lr","param_value_internal":0.009799824527072133,"distribution":"{\"name\": \"FloatDistribution\", \"attributes\": {\"step\": null, \"low\": 1e-08, \"high\": 0.5, \"log\": true}}"}
{"op_code":5,"worker_id":"f6c0d810-8d3e-4998-b586-8546833a1de7-23456247935296","trial_id":20,"param_name":"ratio","param_value_internal":2.7475027363956825,"distribution":"{\"name\": \"FloatDistribution\", \"attributes\": {\"step\": null, \"low\": 0.1, \"high\": 100.0, \"log\": true}}"}
{"op_code":6,"worker_id":"f6c0d810-8d3e-4998-b586-8546833a1de7-23456247935296","trial_id":20,"state":1,"values":[-12.455177473687083],"datetime_complete":"2026-07-24T11:33:49.637910"}
{"op_code":0,"worker_id":"abcb4eb1-604c-4bbf-9b70-ba3abebdf606-23456247935296","study_name":"peter_nltcs_k3","directions":[2]}
{"op_code":4,"worker_id":"abcb4eb1-604c-4bbf-9b70-ba3abebdf606-23456247935296","study_id":0,"datetime_start":"2026-07-24T11:38:17.327260"}
{"op_code":9,"worker_id":"abcb4eb1-604c-4bbf-9b70-ba3abebdf606-23456247935296","trial_id":21,"system_attr":{"tpe:relative_params:0":"{\"lr\": 0.2922744936365382, \"ratio\": 1.2735552564085546}"}}
{"op_code":5,"worker_id":"abcb4eb1-604c-4bbf-9b70-ba3abebdf606-23456247935296","trial_id":21,"param_name":"lr","param_value_internal":0.2922744936365382,"distribution":"{\"name\": \"FloatDistribution\", \"attributes\": {\"step\": null, \"low\": 1e-08, \"high\": 0.5, \"log\": true}}"}
{"op_code":5,"worker_id":"abcb4eb1-604c-4bbf-9b70-ba3abebdf606-23456247935296","trial_id":21,"param_name":"ratio","param_value_internal":1.2735552564085546,"distribution":"{\"name\": \"FloatDistribution\", \"attributes\": {\"step\": null, \"low\": 0.1, \"high\": 100.0, \"log\": true}}"}
{"op_code":6,"worker_id":"abcb4eb1-604c-4bbf-9b70-ba3abebdf606-23456247935296","trial_id":21,"state":3,"values":null,"datetime_complete":"2026-07-24T11:38:18.815825"}
{"op_code":0,"worker_id":"df1f13ee-1aac-4359-b209-17213fe54863-23456247935296","study_name":"peter_nltcs_k3","directions":[2]}
{"op_code":4,"worker_id":"df1f13ee-1aac-4359-b209-17213fe54863-23456247935296","study_id":0,"datetime_start":"2026-07-24T11:42:08.791301"}
{"op_code":9,"worker_id":"df1f13ee-1aac-4359-b209-17213fe54863-23456247935296","trial_id":22,"system_attr":{"tpe:relative_params:0":"{\"lr\": 0.00045950403419691967, \"ratio\": 0.10780998874393131}"}}
{"op_code":5,"worker_id":"df1f13ee-1aac-4359-b209-17213fe54863-23456247935296","trial_id":22,"param_name":"lr","param_value_internal":0.00045950403419691967,"distribution":"{\"name\": \"FloatDistribution\", \"attributes\": {\"step\": null, \"low\": 1e-08, \"high\": 0.5, \"log\": true}}"}
{"op_code":5,"worker_id":"df1f13ee-1aac-4359-b209-17213fe54863-23456247935296","trial_id":22,"param_name":"ratio","param_value_internal":0.10780998874393131,"distribution":"{\"name\": \"FloatDistribution\", \"attributes\": {\"step\": null, \"low\": 0.1, \"high\": 100.0, \"log\": true}}"}
{"op_code":6,"worker_id":"df1f13ee-1aac-4359-b209-17213fe54863-23456247935296","trial_id":22,"state":1,"values":[-18.231821057310377],"datetime_complete":"2026-07-24T11:42:24.801804"}
{"op_code":0,"worker_id":"4d64cd38-06fd-4cbb-85df-9edbe7b5ff85-23456247935296","study_name":"peter_nltcs_k3","directions":[2]}
{"op_code":4,"worker_id":"4d64cd38-06fd-4cbb-85df-9edbe7b5ff85-23456247935296","study_id":0,"datetime_start":"2026-07-24T11:45:14.842714"}
{"op_code":9,"worker_id":"4d64cd38-06fd-4cbb-85df-9edbe7b5ff85-23456247935296","trial_id":23,"system_attr":{"tpe:relative_params:0":"{\"lr\": 0.4403994304251505, \"ratio\": 0.32068891446634834}"}}
{"op_code":5,"worker_id":"4d64cd38-06fd-4cbb-85df-9edbe7b5ff85-23456247935296","trial_id":23,"param_name":"lr","param_value_internal":0.4403994304251505,"distribution":"{\"name\": \"FloatDistribution\", \"attributes\": {\"step\": null, \"low\": 1e-08, \"high\": 0.5, \"log\": true}}"}
{"op_code":5,"worker_id":"4d64cd38-06fd-4cbb-85df-9edbe7b5ff85-23456247935296","trial_id":23,"param_name":"ratio","param_value_internal":0.32068891446634834,"distribution":"{\"name\": \"FloatDistribution\", \"attributes\": {\"step\": null, \"low\": 0.1, \"high\": 100.0, \"log\": true}}"}
{"op_code":6,"worker_id":"4d64cd38-06fd-4cbb-85df-9edbe7b5ff85-23456247935296","trial_id":23,"state":3,"values":null,"datetime_complete":"2026-07-24T11:45:16.075091"}
{"op_code":0,"worker_id":"c4878678-644f-414e-828f-24c02f46686d-23456247935296","study_name":"peter_nltcs_k3","directions":[2]}
{"op_code":4,"worker_id":"c4878678-644f-414e-828f-24c02f46686d-23456247935296","study_id":0,"datetime_start":"2026-07-24T11:48:44.399383"}
{"op_code":9,"worker_id":"c4878678-644f-414e-828f-24c02f46686d-23456247935296","trial_id":24,"system_attr":{"tpe:relative_params:0":"{\"lr\": 0.2861228718260539, \"ratio\": 2.9283932241156454}"}}
{"op_code":5,"worker_id":"c4878678-644f-414e-828f-24c02f46686d-23456247935296","trial_id":24,"param_name":"lr","param_value_internal":0.2861228718260539,"distribution":"{\"name\": \"FloatDistribution\", \"attributes\": {\"step\": null, \"low\": 1e-08, \"high\": 0.5, \"log\": true}}"}
{"op_code":5,"worker_id":"c4878678-644f-414e-828f-24c02f46686d-23456247935296","trial_id":24,"param_name":"ratio","param_value_internal":2.9283932241156454,"distribution":"{\"name\": \"FloatDistribution\", \"attributes\": {\"step\": null, \"low\": 0.1, \"high\": 100.0, \"log\": true}}"}
{"op_code":6,"worker_id":"c4878678-644f-414e-828f-24c02f46686d-23456247935296","trial_id":24,"state":1,"values":[-14.755186420839815],"datetime_complete":"2026-07-24T11:48:59.212056"}
{"op_code":0,"worker_id":"82296efa-18b3-48dc-9812-853899c7db3b-23456247935296","study_name":"peter_nltcs_k3","directions":[2]}
{"op_code":4,"worker_id":"82296efa-18b3-48dc-9812-853899c7db3b-23456247935296","study_id":0,"datetime_start":"2026-07-24T11:52:24.255306"}
{"op_code":9,"worker_id":"82296efa-18b3-48dc-9812-853899c7db3b-23456247935296","trial_id":25,"system_attr":{"tpe:relative_params:0":"{\"lr\": 0.2649135653405612, \"ratio\": 0.7057781914744932}"}}
{"op_code":5,"worker_id":"82296efa-18b3-48dc-9812-853899c7db3b-23456247935296","trial_id":25,"param_name":"lr","param_value_internal":0.2649135653405612,"distribution":"{\"name\": \"FloatDistribution\", \"attributes\": {\"step\": null, \"low\": 1e-08, \"high\": 0.5, \"log\": true}}"}
{"op_code":5,"worker_id":"82296efa-18b3-48dc-9812-853899c7db3b-23456247935296","trial_id":25,"param_name":"ratio","param_value_internal":0.7057781914744932,"distribution":"{\"name\": \"FloatDistribution\", \"attributes\": {\"step\": null, \"low\": 0.1, \"high\": 100.0, \"log\": true}}"}
{"op_code":6,"worker_id":"82296efa-18b3-48dc-9812-853899c7db3b-23456247935296","trial_id":25,"state":3,"values":null,"datetime_complete":"2026-07-24T11:52:26.096889"}
{"op_code":0,"worker_id":"7714acf5-595c-42ec-8b37-15bd00432ce2-23456247935296","study_name":"peter_nltcs_k3","directions":[2]}
{"op_code":4,"worker_id":"7714acf5-595c-42ec-8b37-15bd00432ce2-23456247935296","study_id":0,"datetime_start":"2026-07-24T11:55:28.969757"}
{"op_code":9,"worker_id":"7714acf5-595c-42ec-8b37-15bd00432ce2-23456247935296","trial_id":26,"system_attr":{"tpe:relative_params:0":"{\"lr\": 0.3449823707360356, \"ratio\": 0.1014751783494742}"}}
{"op_code":5,"worker_id":"7714acf5-595c-42ec-8b37-15bd00432ce2-23456247935296","trial_id":26,"param_name":"lr","param_value_internal":0.3449823707360356,"distribution":"{\"name\": \"FloatDistribution\", \"attributes\": {\"step\": null, \"low\": 1e-08, \"high\": 0.5, \"log\": true}}"}
{"op_code":5,"worker_id":"7714acf5-595c-42ec-8b37-15bd00432ce2-23456247935296","trial_id":26,"param_name":"ratio","param_value_internal":0.1014751783494742,"distribution":"{\"name\": \"FloatDistribution\", \"attributes\": {\"step\": null, \"low\": 0.1, \"high\": 100.0, \"log\": true}}"}
{"op_code":6,"worker_id":"7714acf5-595c-42ec-8b37-15bd00432ce2-23456247935296","trial_id":26,"state":3,"values":null,"datetime_complete":"2026-07-24T11:55:32.489594"}
{"op_code":0,"worker_id":"42aba98d-7a91-4037-9d52-94239525e896-23456247935296","study_name":"peter_nltcs_k3","directions":[2]}
{"op_code":4,"worker_id":"42aba98d-7a91-4037-9d52-94239525e896-23456247935296","study_id":0,"datetime_start":"2026-07-24T11:59:47.926558"}
{"op_code":9,"worker_id":"42aba98d-7a91-4037-9d52-94239525e896-23456247935296","trial_id":27,"system_attr":{"tpe:relative_params:0":"{\"lr\": 0.4128043732609675, \"ratio\": 0.12309387208931748}"}}
{"op_code":5,"worker_id":"42aba98d-7a91-4037-9d52-94239525e896-23456247935296","trial_id":27,"param_name":"lr","param_value_internal":0.4128043732609675,"distribution":"{\"name\": \"FloatDistribution\", \"attributes\": {\"step\": null, \"low\": 1e-08, \"high\": 0.5, \"log\": true}}"}
{"op_code":5,"worker_id":"42aba98d-7a91-4037-9d52-94239525e896-23456247935296","trial_id":27,"param_name":"ratio","param_value_internal":0.12309387208931748,"distribution":"{\"name\": \"FloatDistribution\", \"attributes\": {\"step\": null, \"low\": 0.1, \"high\": 100.0, \"log\": true}}"}
{"op_code":6,"worker_id":"42aba98d-7a91-4037-9d52-94239525e896-23456247935296","trial_id":27,"state":3,"values":null,"datetime_complete":"2026-07-24T11:59:49.091066"}
{"op_code":0,"worker_id":"c396701c-a11c-4602-9eac-035e36d7130a-23456247935296","study_name":"peter_nltcs_k3","directions":[2]}
{"op_code":4,"worker_id":"c396701c-a11c-4602-9eac-035e36d7130a-23456247935296","study_id":0,"datetime_start":"2026-07-24T12:03:11.957686"}
{"op_code":9,"worker_id":"c396701c-a11c-4602-9eac-035e36d7130a-23456247935296","trial_id":28,"system_attr":{"tpe:relative_params:0":"{\"lr\": 0.1004548666517872, \"ratio\": 0.15005026240211067}"}}
{"op_code":5,"worker_id":"c396701c-a11c-4602-9eac-035e36d7130a-23456247935296","trial_id":28,"param_name":"lr","param_value_internal":0.1004548666517872,"distribution":"{\"name\": \"FloatDistribution\", \"attributes\": {\"step\": null, \"low\": 1e-08, \"high\": 0.5, \"log\": true}}"}
{"op_code":5,"worker_id":"c396701c-a11c-4602-9eac-035e36d7130a-23456247935296","trial_id":28,"param_name":"ratio","param_value_internal":0.15005026240211067,"distribution":"{\"name\": \"FloatDistribution\", \"attributes\": {\"step\": null, \"low\": 0.1, \"high\": 100.0, \"log\": true}}"}
{"op_code":6,"worker_id":"c396701c-a11c-4602-9eac-035e36d7130a-23456247935296","trial_id":28,"state":1,"values":[-12.559806626491138],"datetime_complete":"2026-07-24T12:03:27.844719"}
{"op_code":0,"worker_id":"d7b48372-278f-475a-8bc4-ddc929f46030-23456247935296","study_name":"peter_nltcs_k3","directions":[2]}
{"op_code":4,"worker_id":"d7b48372-278f-475a-8bc4-ddc929f46030-23456247935296","study_id":0,"datetime_start":"2026-07-24T12:07:05.163026"}
{"op_code":9,"worker_id":"d7b48372-278f-475a-8bc4-ddc929f46030-23456247935296","trial_id":29,"system_attr":{"tpe:relative_params:0":"{\"lr\": 0.0011273292383409878, \"ratio\": 1.6729619085656136}"}}
{"op_code":5,"worker_id":"d7b48372-278f-475a-8bc4-ddc929f46030-23456247935296","trial_id":29,"param_name":"lr","param_value_internal":0.0011273292383409878,"distribution":"{\"name\": \"FloatDistribution\", \"attributes\": {\"step\": null, \"low\": 1e-08, \"high\": 0.5, \"log\": true}}"}
{"op_code":5,"worker_id":"d7b48372-278f-475a-8bc4-ddc929f46030-23456247935296","trial_id":29,"param_name":"ratio","param_value_internal":1.6729619085656136,"distribution":"{\"name\": \"FloatDistribution\", \"attributes\": {\"step\": null, \"low\": 0.1, \"high\": 100.0, \"log\": true}}"}
{"op_code":6,"worker_id":"d7b48372-278f-475a-8bc4-ddc929f46030-23456247935296","trial_id":29,"state":1,"values":[-15.697165464524163],"datetime_complete":"2026-07-24T12:07:20.041461"}
{"op_code":0,"worker_id":"272084e4-de1a-4424-a1d8-0b5cda892349-23456247935296","study_name":"peter_nltcs_k3","directions":[2]}
{"op_code":4,"worker_id":"272084e4-de1a-4424-a1d8-0b5cda892349-23456247935296","study_id":0,"datetime_start":"2026-07-24T12:11:03.076621"}
{"op_code":9,"worker_id":"272084e4-de1a-4424-a1d8-0b5cda892349-23456247935296","trial_id":30,"system_attr":{"tpe:relative_params:0":"{\"lr\": 0.0032821396773989207, \"ratio\": 52.764700471623435}"}}
{"op_code":5,"worker_id":"272084e4-de1a-4424-a1d8-0b5cda892349-23456247935296","trial_id":30,"param_name":"lr","param_value_internal":0.0032821396773989207,"distribution":"{\"name\": \"FloatDistribution\", \"attributes\": {\"step\": null, \"low\": 1e-08, \"high\": 0.5, \"log\": true}}"}
{"op_code":5,"worker_id":"272084e4-de1a-4424-a1d8-0b5cda892349-23456247935296","trial_id":30,"param_name":"ratio","param_value_internal":52.764700471623435,"distribution":"{\"name\": \"FloatDistribution\", \"attributes\": {\"step\": null, \"low\": 0.1, \"high\": 100.0, \"log\": true}}"}
{"op_code":6,"worker_id":"272084e4-de1a-4424-a1d8-0b5cda892349-23456247935296","trial_id":30,"state":1,"values":[-11.848592246698393],"datetime_complete":"2026-07-24T12:11:23.050758"}
{"op_code":0,"worker_id":"cf025b57-5de7-4c74-95ff-c55515fc1729-23456247935296","study_name":"peter_nltcs_k3","directions":[2]}
{"op_code":4,"worker_id":"cf025b57-5de7-4c74-95ff-c55515fc1729-23456247935296","study_id":0,"datetime_start":"2026-07-24T12:14:36.020660"}
{"op_code":9,"worker_id":"cf025b57-5de7-4c74-95ff-c55515fc1729-23456247935296","trial_id":31,"system_attr":{"tpe:relative_params:0":"{\"lr\": 0.477890424144902, \"ratio\": 0.6592259916548748}"}}
{"op_code":5,"worker_id":"cf025b57-5de7-4c74-95ff-c55515fc1729-23456247935296","trial_id":31,"param_name":"lr","param_value_internal":0.477890424144902,"distribution":"{\"name\": \"FloatDistribution\", \"attributes\": {\"step\": null, \"low\": 1e-08, \"high\": 0.5, \"log\": true}}"}
{"op_code":5,"worker_id":"cf025b57-5de7-4c74-95ff-c55515fc1729-23456247935296","trial_id":31,"param_name":"ratio","param_value_internal":0.6592259916548748,"distribution":"{\"name\": \"FloatDistribution\", \"attributes\": {\"step\": null, \"low\": 0.1, \"high\": 100.0, \"log\": true}}"}
{"op_code":6,"worker_id":"cf025b57-5de7-4c74-95ff-c55515fc1729-23456247935296","trial_id":31,"state":3,"values":null,"datetime_complete":"2026-07-24T12:14:38.565782"}
{"op_code":0,"worker_id":"5dfb1395-9f8f-4796-b2c2-a792b976821c-23456247935296","study_name":"peter_nltcs_k3","directions":[2]}
{"op_code":4,"worker_id":"5dfb1395-9f8f-4796-b2c2-a792b976821c-23456247935296","study_id":0,"datetime_start":"2026-07-24T12:18:09.391336"}
{"op_code":9,"worker_id":"5dfb1395-9f8f-4796-b2c2-a792b976821c-23456247935296","trial_id":32,"system_attr":{"tpe:relative_params:0":"{\"lr\": 0.16331750233872966, \"ratio\": 1.4879192460953834}"}}
{"op_code":5,"worker_id":"5dfb1395-9f8f-4796-b2c2-a792b976821c-23456247935296","trial_id":32,"param_name":"lr","param_value_internal":0.16331750233872966,"distribution":"{\"name\": \"FloatDistribution\", \"attributes\": {\"step\": null, \"low\": 1e-08, \"high\": 0.5, \"log\": true}}"}
{"op_code":5,"worker_id":"5dfb1395-9f8f-4796-b2c2-a792b976821c-23456247935296","trial_id":32,"param_name":"ratio","param_value_internal":1.4879192460953834,"distribution":"{\"name\": \"FloatDistribution\", \"attributes\": {\"step\": null, \"low\": 0.1, \"high\": 100.0, \"log\": true}}"}
{"op_code":6,"worker_id":"5dfb1395-9f8f-4796-b2c2-a792b976821c-23456247935296","trial_id":32,"state":1,"values":[-11.761433155988732],"datetime_complete":"2026-07-24T12:18:24.409740"}
{"op_code":0,"worker_id":"c15ba6cc-79e8-404b-89c3-1cea025bae4c-23456247935296","study_name":"peter_nltcs_k3","directions":[2]}
{"op_code":4,"worker_id":"c15ba6cc-79e8-404b-89c3-1cea025bae4c-23456247935296","study_id":0,"datetime_start":"2026-07-24T12:22:11.718003"}
{"op_code":9,"worker_id":"c15ba6cc-79e8-404b-89c3-1cea025bae4c-23456247935296","trial_id":33,"system_attr":{"tpe:relative_params:0":"{\"lr\": 0.16118746380494337, \"ratio\": 0.6403084517480149}"}}
{"op_code":5,"worker_id":"c15ba6cc-79e8-404b-89c3-1cea025bae4c-23456247935296","trial_id":33,"param_name":"lr","param_value_internal":0.16118746380494337,"distribution":"{\"name\": \"FloatDistribution\", \"attributes\": {\"step\": null, \"low\": 1e-08, \"high\": 0.5, \"log\": true}}"}
{"op_code":5,"worker_id":"c15ba6cc-79e8-404b-89c3-1cea025bae4c-23456247935296","trial_id":33,"param_name":"ratio","param_value_internal":0.6403084517480149,"distribution":"{\"name\": \"FloatDistribution\", \"attributes\": {\"step\": null, \"low\": 0.1, \"high\": 100.0, \"log\": true}}"}
{"op_code":6,"worker_id":"c15ba6cc-79e8-404b-89c3-1cea025bae4c-23456247935296","trial_id":33,"state":1,"values":[-11.082412373696458],"datetime_complete":"2026-07-24T12:22:26.465021"}
{"op_code":0,"worker_id":"308f4432-8827-4635-89b7-51d65619f317-23456247935296","study_name":"peter_nltcs_k3","directions":[2]}
{"op_code":4,"worker_id":"308f4432-8827-4635-89b7-51d65619f317-23456247935296","study_id":0,"datetime_start":"2026-07-24T12:27:59.440209"}
{"op_code":9,"worker_id":"308f4432-8827-4635-89b7-51d65619f317-23456247935296","trial_id":34,"system_attr":{"tpe:relative_params:0":"{\"lr\": 0.3000463826243712, \"ratio\": 0.23691595216734704}"}}
{"op_code":5,"worker_id":"308f4432-8827-4635-89b7-51d65619f317-23456247935296","trial_id":34,"param_name":"lr","param_value_internal":0.3000463826243712,"distribution":"{\"name\": \"FloatDistribution\", \"attributes\": {\"step\": null, \"low\": 1e-08, \"high\": 0.5, \"log\": true}}"}
{"op_code":5,"worker_id":"308f4432-8827-4635-89b7-51d65619f317-23456247935296","trial_id":34,"param_name":"ratio","param_value_internal":0.23691595216734704,"distribution":"{\"name\": \"FloatDistribution\", \"attributes\": {\"step\": null, \"low\": 0.1, \"high\": 100.0, \"log\": true}}"}
{"op_code":6,"worker_id":"308f4432-8827-4635-89b7-51d65619f317-23456247935296","trial_id":34,"state":1,"values":[-11.276890732557165],"datetime_complete":"2026-07-24T12:28:15.226310"}
{"op_code":0,"worker_id":"127993e5-41dc-409c-bb81-c5130fb9c4f0-23456247935296","study_name":"peter_nltcs_k3","directions":[2]}
{"op_code":4,"worker_id":"127993e5-41dc-409c-bb81-c5130fb9c4f0-23456247935296","study_id":0,"datetime_start":"2026-07-24T12:32:45.321214"}
{"op_code":9,"worker_id":"127993e5-41dc-409c-bb81-c5130fb9c4f0-23456247935296","trial_id":35,"system_attr":{"tpe:relative_params:0":"{\"lr\": 0.16220866492411773, \"ratio\": 1.181625265302344}"}}
{"op_code":5,"worker_id":"127993e5-41dc-409c-bb81-c5130fb9c4f0-23456247935296","trial_id":35,"param_name":"lr","param_value_internal":0.16220866492411773,"distribution":"{\"name\": \"FloatDistribution\", \"attributes\": {\"step\": null, \"low\": 1e-08, \"high\": 0.5, \"log\": true}}"}
{"op_code":5,"worker_id":"127993e5-41dc-409c-bb81-c5130fb9c4f0-23456247935296","trial_id":35,"param_name":"ratio","param_value_internal":1.181625265302344,"distribution":"{\"name\": \"FloatDistribution\", \"attributes\": {\"step\": null, \"low\": 0.1, \"high\": 100.0, \"log\": true}}"}
{"op_code":6,"worker_id":"127993e5-41dc-409c-bb81-c5130fb9c4f0-23456247935296","trial_id":35,"state":1,"values":[-11.247121850756422],"datetime_complete":"2026-07-24T12:33:05.053536"}
{"op_code":0,"worker_id":"4aea7998-8171-4743-889e-bf60268e561f-23456247935296","study_name":"peter_nltcs_k3","directions":[2]}
{"op_code":4,"worker_id":"4aea7998-8171-4743-889e-bf60268e561f-23456247935296","study_id":0,"datetime_start":"2026-07-24T12:36:56.124319"}
{"op_code":9,"worker_id":"4aea7998-8171-4743-889e-bf60268e561f-23456247935296","trial_id":36,"system_attr":{"tpe:relative_params:0":"{\"lr\": 0.27627256935466, \"ratio\": 84.90653203362898}"}}
{"op_code":5,"worker_id":"4aea7998-8171-4743-889e-bf60268e561f-23456247935296","trial_id":36,"param_name":"lr","param_value_internal":0.27627256935466,"distribution":"{\"name\": \"FloatDistribution\", \"attributes\": {\"step\": null, \"low\": 1e-08, \"high\": 0.5, \"log\": true}}"}
{"op_code":5,"worker_id":"4aea7998-8171-4743-889e-bf60268e561f-23456247935296","trial_id":36,"param_name":"ratio","param_value_internal":84.90653203362898,"distribution":"{\"name\": \"FloatDistribution\", \"attributes\": {\"step\": null, \"low\": 0.1, \"high\": 100.0, \"log\": true}}"}
{"op_code":6,"worker_id":"4aea7998-8171-4743-889e-bf60268e561f-23456247935296","trial_id":36,"state":3,"values":null,"datetime_complete":"2026-07-24T12:36:57.612506"}
{"op_code":0,"worker_id":"9c265cf0-06f8-42c5-bae8-c8b01bf7e119-23456247935296","study_name":"peter_nltcs_k3","directions":[2]}
{"op_code":4,"worker_id":"9c265cf0-06f8-42c5-bae8-c8b01bf7e119-23456247935296","study_id":0,"datetime_start":"2026-07-24T12:41:54.248856"}
{"op_code":9,"worker_id":"9c265cf0-06f8-42c5-bae8-c8b01bf7e119-23456247935296","trial_id":37,"system_attr":{"tpe:relative_params:0":"{\"lr\": 0.4660930591179385, \"ratio\": 0.300989175468418}"}}
{"op_code":5,"worker_id":"9c265cf0-06f8-42c5-bae8-c8b01bf7e119-23456247935296","trial_id":37,"param_name":"lr","param_value_internal":0.4660930591179385,"distribution":"{\"name\": \"FloatDistribution\", \"attributes\": {\"step\": null, \"low\": 1e-08, \"high\": 0.5, \"log\": true}}"}
{"op_code":5,"worker_id":"9c265cf0-06f8-42c5-bae8-c8b01bf7e119-23456247935296","trial_id":37,"param_name":"ratio","param_value_internal":0.300989175468418,"distribution":"{\"name\": \"FloatDistribution\", \"attributes\": {\"step\": null, \"low\": 0.1, \"high\": 100.0, \"log\": true}}"}
{"op_code":6,"worker_id":"9c265cf0-06f8-42c5-bae8-c8b01bf7e119-23456247935296","trial_id":37,"state":3,"values":null,"datetime_complete":"2026-07-24T12:41:55.517850"}
{"op_code":0,"worker_id":"54397f12-b0b1-46dd-b204-c67650da27ea-23456247935296","study_name":"peter_nltcs_k3","directions":[2]}
{"op_code":4,"worker_id":"54397f12-b0b1-46dd-b204-c67650da27ea-23456247935296","study_id":0,"datetime_start":"2026-07-24T12:46:45.982272"}
{"op_code":9,"worker_id":"54397f12-b0b1-46dd-b204-c67650da27ea-23456247935296","trial_id":38,"system_attr":{"tpe:relative_params:0":"{\"lr\": 0.022928021898144163, \"ratio\": 1.0037983002760773}"}}
{"op_code":5,"worker_id":"54397f12-b0b1-46dd-b204-c67650da27ea-23456247935296","trial_id":38,"param_name":"lr","param_value_internal":0.022928021898144163,"distribution":"{\"name\": \"FloatDistribution\", \"attributes\": {\"step\": null, \"low\": 1e-08, \"high\": 0.5, \"log\": true}}"}
{"op_code":5,"worker_id":"54397f12-b0b1-46dd-b204-c67650da27ea-23456247935296","trial_id":38,"param_name":"ratio","param_value_internal":1.0037983002760773,"distribution":"{\"name\": \"FloatDistribution\", \"attributes\": {\"step\": null, \"low\": 0.1, \"high\": 100.0, \"log\": true}}"}
{"op_code":6,"worker_id":"54397f12-b0b1-46dd-b204-c67650da27ea-23456247935296","trial_id":38,"state":1,"values":[-12.452397850981939],"datetime_complete":"2026-07-24T12:47:05.304003"}
{"op_code":0,"worker_id":"31d34114-5f59-42ee-b638-0bea531ab7f9-23456247935296","study_name":"peter_nltcs_k3","directions":[2]}
{"op_code":4,"worker_id":"31d34114-5f59-42ee-b638-0bea531ab7f9-23456247935296","study_id":0,"datetime_start":"2026-07-24T12:51:33.109023"}
{"op_code":9,"worker_id":"31d34114-5f59-42ee-b638-0bea531ab7f9-23456247935296","trial_id":39,"system_attr":{"tpe:relative_params:0":"{\"lr\": 0.35508398189674667, \"ratio\": 0.2281508906610205}"}}
{"op_code":5,"worker_id":"31d34114-5f59-42ee-b638-0bea531ab7f9-23456247935296","trial_id":39,"param_name":"lr","param_value_internal":0.35508398189674667,"distribution":"{\"name\": \"FloatDistribution\", \"attributes\": {\"step\": null, \"low\": 1e-08, \"high\": 0.5, \"log\": true}}"}
{"op_code":5,"worker_id":"31d34114-5f59-42ee-b638-0bea531ab7f9-23456247935296","trial_id":39,"param_name":"ratio","param_value_internal":0.2281508906610205,"distribution":"{\"name\": \"FloatDistribution\", \"attributes\": {\"step\": null, \"low\": 0.1, \"high\": 100.0, \"log\": true}}"}
{"op_code":6,"worker_id":"31d34114-5f59-42ee-b638-0bea531ab7f9-23456247935296","trial_id":39,"state":1,"values":[-11.561532219130482],"datetime_complete":"2026-07-24T12:51:48.306697"}
{"op_code":0,"worker_id":"3c11f513-b7e6-4849-a764-cb1018d904ad-23456247935296","study_name":"peter_nltcs_k3","directions":[2]}
{"op_code":4,"worker_id":"3c11f513-b7e6-4849-a764-cb1018d904ad-23456247935296","study_id":0,"datetime_start":"2026-07-24T12:56:13.950428"}
{"op_code":9,"worker_id":"3c11f513-b7e6-4849-a764-cb1018d904ad-23456247935296","trial_id":40,"system_attr":{"tpe:relative_params:0":"{\"lr\": 0.4817406378968895, \"ratio\": 1.2955089711863488}"}}
{"op_code":5,"worker_id":"3c11f513-b7e6-4849-a764-cb1018d904ad-23456247935296","trial_id":40,"param_name":"lr","param_value_internal":0.4817406378968895,"distribution":"{\"name\": \"FloatDistribution\", \"attributes\": {\"step\": null, \"low\": 1e-08, \"high\": 0.5, \"log\": true}}"}
{"op_code":5,"worker_id":"3c11f513-b7e6-4849-a764-cb1018d904ad-23456247935296","trial_id":40,"param_name":"ratio","param_value_internal":1.2955089711863488,"distribution":"{\"name\": \"FloatDistribution\", \"attributes\": {\"step\": null, \"low\": 0.1, \"high\": 100.0, \"log\": true}}"}
{"op_code":6,"worker_id":"3c11f513-b7e6-4849-a764-cb1018d904ad-23456247935296","trial_id":40,"state":3,"values":null,"datetime_complete":"2026-07-24T12:56:15.247784"}
{"op_code":0,"worker_id":"42c15f06-2368-4fe0-b081-a0d3e93b91c5-23456247935296","study_name":"peter_nltcs_k3","directions":[2]}
{"op_code":4,"worker_id":"42c15f06-2368-4fe0-b081-a0d3e93b91c5-23456247935296","study_id":0,"datetime_start":"2026-07-24T13:00:07.233916"}
{"op_code":9,"worker_id":"42c15f06-2368-4fe0-b081-a0d3e93b91c5-23456247935296","trial_id":41,"system_attr":{"tpe:relative_params:0":"{\"lr\": 0.45290292273069316, \"ratio\": 0.7819246499081333}"}}
{"op_code":5,"worker_id":"42c15f06-2368-4fe0-b081-a0d3e93b91c5-23456247935296","trial_id":41,"param_name":"lr","param_value_internal":0.45290292273069316,"distribution":"{\"name\": \"FloatDistribution\", \"attributes\": {\"step\": null, \"low\": 1e-08, \"high\": 0.5, \"log\": true}}"}
{"op_code":5,"worker_id":"42c15f06-2368-4fe0-b081-a0d3e93b91c5-23456247935296","trial_id":41,"param_name":"ratio","param_value_internal":0.7819246499081333,"distribution":"{\"name\": \"FloatDistribution\", \"attributes\": {\"step\": null, \"low\": 0.1, \"high\": 100.0, \"log\": true}}"}
{"op_code":6,"worker_id":"42c15f06-2368-4fe0-b081-a0d3e93b91c5-23456247935296","trial_id":41,"state":3,"values":null,"datetime_complete":"2026-07-24T13:00:08.454299"}
{"op_code":0,"worker_id":"0a84dfb3-3d53-44e5-9647-7ab042c4c22c-23456247935296","study_name":"peter_nltcs_k3","directions":[2]}
{"op_code":4,"worker_id":"0a84dfb3-3d53-44e5-9647-7ab042c4c22c-23456247935296","study_id":0,"datetime_start":"2026-07-24T13:04:21.213236"}
{"op_code":9,"worker_id":"0a84dfb3-3d53-44e5-9647-7ab042c4c22c-23456247935296","trial_id":42,"system_attr":{"tpe:relative_params:0":"{\"lr\": 0.2696465336640313, \"ratio\": 0.8539684359930778}"}}
{"op_code":5,"worker_id":"0a84dfb3-3d53-44e5-9647-7ab042c4c22c-23456247935296","trial_id":42,"param_name":"lr","param_value_internal":0.2696465336640313,"distribution":"{\"name\": \"FloatDistribution\", \"attributes\": {\"step\": null, \"low\": 1e-08, \"high\": 0.5, \"log\": true}}"}
{"op_code":5,"worker_id":"0a84dfb3-3d53-44e5-9647-7ab042c4c22c-23456247935296","trial_id":42,"param_name":"ratio","param_value_internal":0.8539684359930778,"distribution":"{\"name\": \"FloatDistribution\", \"attributes\": {\"step\": null, \"low\": 0.1, \"high\": 100.0, \"log\": true}}"}
{"op_code":6,"worker_id":"0a84dfb3-3d53-44e5-9647-7ab042c4c22c-23456247935296","trial_id":42,"state":1,"values":[-11.516491905722273],"datetime_complete":"2026-07-24T13:04:36.973604"}
{"op_code":0,"worker_id":"ead4d971-cfce-40cb-9b57-47fbcb406082-23456247935296","study_name":"peter_nltcs_k3","directions":[2]}
{"op_code":4,"worker_id":"ead4d971-cfce-40cb-9b57-47fbcb406082-23456247935296","study_id":0,"datetime_start":"2026-07-24T13:09:09.827765"}
{"op_code":9,"worker_id":"ead4d971-cfce-40cb-9b57-47fbcb406082-23456247935296","trial_id":43,"system_attr":{"tpe:relative_params:0":"{\"lr\": 0.43290231509483856, \"ratio\": 0.1015085109593074}"}}
{"op_code":5,"worker_id":"ead4d971-cfce-40cb-9b57-47fbcb406082-23456247935296","trial_id":43,"param_name":"lr","param_value_internal":0.43290231509483856,"distribution":"{\"name\": \"FloatDistribution\", \"attributes\": {\"step\": null, \"low\": 1e-08, \"high\": 0.5, \"log\": true}}"}
{"op_code":5,"worker_id":"ead4d971-cfce-40cb-9b57-47fbcb406082-23456247935296","trial_id":43,"param_name":"ratio","param_value_internal":0.1015085109593074,"distribution":"{\"name\": \"FloatDistribution\", \"attributes\": {\"step\": null, \"low\": 0.1, \"high\": 100.0, \"log\": true}}"}
{"op_code":6,"worker_id":"ead4d971-cfce-40cb-9b57-47fbcb406082-23456247935296","trial_id":43,"state":1,"values":[-11.673094310874236],"datetime_complete":"2026-07-24T13:09:24.921561"}
{"op_code":0,"worker_id":"a8bd6af0-b415-453f-8f56-c1bc6579959b-23456247935296","study_name":"peter_nltcs_k3","directions":[2]}
{"op_code":4,"worker_id":"a8bd6af0-b415-453f-8f56-c1bc6579959b-23456247935296","study_id":0,"datetime_start":"2026-07-24T13:13:46.232423"}
{"op_code":9,"worker_id":"a8bd6af0-b415-453f-8f56-c1bc6579959b-23456247935296","trial_id":44,"system_attr":{"tpe:relative_params:0":"{\"lr\": 0.46837611035739674, \"ratio\": 25.915652686045348}"}}
{"op_code":5,"worker_id":"a8bd6af0-b415-453f-8f56-c1bc6579959b-23456247935296","trial_id":44,"param_name":"lr","param_value_internal":0.46837611035739674,"distribution":"{\"name\": \"FloatDistribution\", \"attributes\": {\"step\": null, \"low\": 1e-08, \"high\": 0.5, \"log\": true}}"}
{"op_code":5,"worker_id":"a8bd6af0-b415-453f-8f56-c1bc6579959b-23456247935296","trial_id":44,"param_name":"ratio","param_value_internal":25.915652686045348,"distribution":"{\"name\": \"FloatDistribution\", \"attributes\": {\"step\": null, \"low\": 0.1, \"high\": 100.0, \"log\": true}}"}
{"op_code":6,"worker_id":"a8bd6af0-b415-453f-8f56-c1bc6579959b-23456247935296","trial_id":44,"state":3,"values":null,"datetime_complete":"2026-07-24T13:13:48.412373"}
{"op_code":0,"worker_id":"34f54216-311f-4f79-8ec0-486ba00ae41b-23456247935296","study_name":"peter_nltcs_k3","directions":[2]}
{"op_code":4,"worker_id":"34f54216-311f-4f79-8ec0-486ba00ae41b-23456247935296","study_id":0,"datetime_start":"2026-07-24T13:18:01.888374"}
{"op_code":9,"worker_id":"34f54216-311f-4f79-8ec0-486ba00ae41b-23456247935296","trial_id":45,"system_attr":{"tpe:relative_params:0":"{\"lr\": 0.0036103513428189784, \"ratio\": 0.9240857051603188}"}}
{"op_code":5,"worker_id":"34f54216-311f-4f79-8ec0-486ba00ae41b-23456247935296","trial_id":45,"param_name":"lr","param_value_internal":0.0036103513428189784,"distribution":"{\"name\": \"FloatDistribution\", \"attributes\": {\"step\": null, \"low\": 1e-08, \"high\": 0.5, \"log\": true}}"}
{"op_code":5,"worker_id":"34f54216-311f-4f79-8ec0-486ba00ae41b-23456247935296","trial_id":45,"param_name":"ratio","param_value_internal":0.9240857051603188,"distribution":"{\"name\": \"FloatDistribution\", \"attributes\": {\"step\": null, \"low\": 0.1, \"high\": 100.0, \"log\": true}}"}
{"op_code":6,"worker_id":"34f54216-311f-4f79-8ec0-486ba00ae41b-23456247935296","trial_id":45,"state":1,"values":[-14.772419167858818],"datetime_complete":"2026-07-24T13:18:25.479414"}
{"op_code":0,"worker_id":"4323c63d-58d2-4ef4-91f5-118b9d430c2a-23456247935296","study_name":"peter_nltcs_k3","directions":[2]}
{"op_code":4,"worker_id":"4323c63d-58d2-4ef4-91f5-118b9d430c2a-23456247935296","study_id":0,"datetime_start":"2026-07-24T13:21:00.213108"}
{"op_code":9,"worker_id":"4323c63d-58d2-4ef4-91f5-118b9d430c2a-23456247935296","trial_id":46,"system_attr":{"tpe:relative_params:0":"{\"lr\": 0.21394451568582715, \"ratio\": 67.13974647712384}"}}
{"op_code":5,"worker_id":"4323c63d-58d2-4ef4-91f5-118b9d430c2a-23456247935296","trial_id":46,"param_name":"lr","param_value_internal":0.21394451568582715,"distribution":"{\"name\": \"FloatDistribution\", \"attributes\": {\"step\": null, \"low\": 1e-08, \"high\": 0.5, \"log\": true}}"}
{"op_code":5,"worker_id":"4323c63d-58d2-4ef4-91f5-118b9d430c2a-23456247935296","trial_id":46,"param_name":"ratio","param_value_internal":67.13974647712384,"distribution":"{\"name\": \"FloatDistribution\", \"attributes\": {\"step\": null, \"low\": 0.1, \"high\": 100.0, \"log\": true}}"}
{"op_code":6,"worker_id":"4323c63d-58d2-4ef4-91f5-118b9d430c2a-23456247935296","trial_id":46,"state":1,"values":[-12.359648759186742],"datetime_complete":"2026-07-24T13:21:16.045192"}
{"op_code":0,"worker_id":"572f5497-40e9-4561-b847-dc0311296df7-23456247935296","study_name":"peter_nltcs_k3","directions":[2]}
{"op_code":4,"worker_id":"572f5497-40e9-4561-b847-dc0311296df7-23456247935296","study_id":0,"datetime_start":"2026-07-24T13:23:48.333534"}
{"op_code":9,"worker_id":"572f5497-40e9-4561-b847-dc0311296df7-23456247935296","trial_id":47,"system_attr":{"tpe:relative_params:0":"{\"lr\": 0.0015317178468148187, \"ratio\": 4.512805116599922}"}}
{"op_code":5,"worker_id":"572f5497-40e9-4561-b847-dc0311296df7-23456247935296","trial_id":47,"param_name":"lr","param_value_internal":0.0015317178468148187,"distribution":"{\"name\": \"FloatDistribution\", \"attributes\": {\"step\": null, \"low\": 1e-08, \"high\": 0.5, \"log\": true}}"}
{"op_code":5,"worker_id":"572f5497-40e9-4561-b847-dc0311296df7-23456247935296","trial_id":47,"param_name":"ratio","param_value_internal":4.512805116599922,"distribution":"{\"name\": \"FloatDistribution\", \"attributes\": {\"step\": null, \"low\": 0.1, \"high\": 100.0, \"log\": true}}"}
{"op_code":6,"worker_id":"572f5497-40e9-4561-b847-dc0311296df7-23456247935296","trial_id":47,"state":1,"values":[-14.785141750918827],"datetime_complete":"2026-07-24T13:24:05.516236"}
{"op_code":0,"worker_id":"29e3c28c-fab6-4c51-af88-516305fa92c9-23456247935296","study_name":"peter_nltcs_k3","directions":[2]}
{"op_code":4,"worker_id":"29e3c28c-fab6-4c51-af88-516305fa92c9-23456247935296","study_id":0,"datetime_start":"2026-07-24T13:26:36.082009"}
{"op_code":9,"worker_id":"29e3c28c-fab6-4c51-af88-516305fa92c9-23456247935296","trial_id":48,"system_attr":{"tpe:relative_params:0":"{\"lr\": 0.27412024605372054, \"ratio\": 0.8383489263705126}"}}
{"op_code":5,"worker_id":"29e3c28c-fab6-4c51-af88-516305fa92c9-23456247935296","trial_id":48,"param_name":"lr","param_value_internal":0.27412024605372054,"distribution":"{\"name\": \"FloatDistribution\", \"attributes\": {\"step\": null, \"low\": 1e-08, \"high\": 0.5, \"log\": true}}"}
{"op_code":5,"worker_id":"29e3c28c-fab6-4c51-af88-516305fa92c9-23456247935296","trial_id":48,"param_name":"ratio","param_value_internal":0.8383489263705126,"distribution":"{\"name\": \"FloatDistribution\", \"attributes\": {\"step\": null, \"low\": 0.1, \"high\": 100.0, \"log\": true}}"}
{"op_code":6,"worker_id":"29e3c28c-fab6-4c51-af88-516305fa92c9-23456247935296","trial_id":48,"state":1,"values":[-11.269360369738894],"datetime_complete":"2026-07-24T13:26:51.557785"}
{"op_code":0,"worker_id":"085d57a2-8aa4-4a53-9128-38f64dcd457b-23456247935296","study_name":"peter_nltcs_k3","directions":[2]}
{"op_code":4,"worker_id":"085d57a2-8aa4-4a53-9128-38f64dcd457b-23456247935296","study_id":0,"datetime_start":"2026-07-24T13:30:44.762150"}
{"op_code":9,"worker_id":"085d57a2-8aa4-4a53-9128-38f64dcd457b-23456247935296","trial_id":49,"system_attr":{"tpe:relative_params:0":"{\"lr\": 0.4728926342604729, \"ratio\": 1.3960976663820919}"}}
{"op_code":5,"worker_id":"085d57a2-8aa4-4a53-9128-38f64dcd457b-23456247935296","trial_id":49,"param_name":"lr","param_value_internal":0.4728926342604729,"distribution":"{\"name\": \"FloatDistribution\", \"attributes\": {\"step\": null, \"low\": 1e-08, \"high\": 0.5, \"log\": true}}"}
{"op_code":5,"worker_id":"085d57a2-8aa4-4a53-9128-38f64dcd457b-23456247935296","trial_id":49,"param_name":"ratio","param_value_internal":1.3960976663820919,"distribution":"{\"name\": \"FloatDistribution\", \"attributes\": {\"step\": null, \"low\": 0.1, \"high\": 100.0, \"log\": true}}"}
{"op_code":6,"worker_id":"085d57a2-8aa4-4a53-9128-38f64dcd457b-23456247935296","trial_id":49,"state":3,"values":null,"datetime_complete":"2026-07-24T13:30:46.266527"}
{"op_code":0,"worker_id":"3d6eedcb-3e7d-4496-9a5f-960e5df8ef25-23456247935296","study_name":"peter_nltcs_k3","directions":[2]}
{"op_code":4,"worker_id":"3d6eedcb-3e7d-4496-9a5f-960e5df8ef25-23456247935296","study_id":0,"datetime_start":"2026-07-24T13:34:10.094405"}
{"op_code":9,"worker_id":"3d6eedcb-3e7d-4496-9a5f-960e5df8ef25-23456247935296","trial_id":50,"system_attr":{"tpe:relative_params:0":"{\"lr\": 0.10638600323524207, \"ratio\": 1.5132823556167576}"}}
{"op_code":5,"worker_id":"3d6eedcb-3e7d-4496-9a5f-960e5df8ef25-23456247935296","trial_id":50,"param_name":"lr","param_value_internal":0.10638600323524207,"distribution":"{\"name\": \"FloatDistribution\", \"attributes\": {\"step\": null, \"low\": 1e-08, \"high\": 0.5, \"log\": true}}"}
{"op_code":5,"worker_id":"3d6eedcb-3e7d-4496-9a5f-960e5df8ef25-23456247935296","trial_id":50,"param_name":"ratio","param_value_internal":1.5132823556167576,"distribution":"{\"name\": \"FloatDistribution\", \"attributes\": {\"step\": null, \"low\": 0.1, \"high\": 100.0, \"log\": true}}"}
{"op_code":6,"worker_id":"3d6eedcb-3e7d-4496-9a5f-960e5df8ef25-23456247935296","trial_id":50,"state":1,"values":[-11.064611653595708],"datetime_complete":"2026-07-24T13:34:25.600564"}
{"op_code":0,"worker_id":"b9f51436-e4c9-463b-ab6e-fcef9d8a2521-23456247935296","study_name":"peter_nltcs_k3","directions":[2]}
{"op_code":4,"worker_id":"b9f51436-e4c9-463b-ab6e-fcef9d8a2521-23456247935296","study_id":0,"datetime_start":"2026-07-24T13:36:56.266851"}
{"op_code":9,"worker_id":"b9f51436-e4c9-463b-ab6e-fcef9d8a2521-23456247935296","trial_id":51,"system_attr":{"tpe:relative_params:0":"{\"lr\": 0.06407377000809011, \"ratio\": 0.9714247715494133}"}}
{"op_code":5,"worker_id":"b9f51436-e4c9-463b-ab6e-fcef9d8a2521-23456247935296","trial_id":51,"param_name":"lr","param_value_internal":0.06407377000809011,"distribution":"{\"name\": \"FloatDistribution\", \"attributes\": {\"step\": null, \"low\": 1e-08, \"high\": 0.5, \"log\": true}}"}
{"op_code":5,"worker_id":"b9f51436-e4c9-463b-ab6e-fcef9d8a2521-23456247935296","trial_id":51,"param_name":"ratio","param_value_internal":0.9714247715494133,"distribution":"{\"name\": \"FloatDistribution\", \"attributes\": {\"step\": null, \"low\": 0.1, \"high\": 100.0, \"log\": true}}"}
{"op_code":6,"worker_id":"b9f51436-e4c9-463b-ab6e-fcef9d8a2521-23456247935296","trial_id":51,"state":1,"values":[-11.231047404357547],"datetime_complete":"2026-07-24T13:37:11.759054"}
{"op_code":0,"worker_id":"04ae6094-1adf-4d48-a2aa-aacff867cf8c-23456247935296","study_name":"peter_nltcs_k3","directions":[2]}
{"op_code":0,"worker_id":"cdd8c4c5-28ab-4272-99cf-06c127ad50c5-23456247935296","study_name":"peter_nltcs_k3","directions":[2]}
