{"op_code":0,"worker_id":"b3271259-2637-46a5-9eeb-f112863da32d-20268","study_name":"peter_nips_k3","directions":[2]}
{"op_code":0,"worker_id":"fc6d4fba-ed37-46d9-818a-dd9a768aa8fe-34224","study_name":"peter_nips_k3","directions":[2]}
{"op_code":4,"worker_id":"fc6d4fba-ed37-46d9-818a-dd9a768aa8fe-34224","study_id":0,"datetime_start":"2026-07-24T09:13:00.436937"}
{"op_code":5,"worker_id":"fc6d4fba-ed37-46d9-818a-dd9a768aa8fe-34224","trial_id":0,"param_name":"lr","param_value_internal":2.733679887061829e-08,"distribution":"{\"name\": \"FloatDistribution\", \"attributes\": {\"step\": null, \"low\": 1e-08, \"high\": 0.5, \"log\": true}}"}
{"op_code":5,"worker_id":"fc6d4fba-ed37-46d9-818a-dd9a768aa8fe-34224","trial_id":0,"param_name":"ratio","param_value_internal":60.653047581586556,"distribution":"{\"name\": \"FloatDistribution\", \"attributes\": {\"step\": null, \"low\": 0.1, \"high\": 100.0, \"log\": true}}"}
{"op_code":0,"worker_id":"f5a59e6b-620b-4fbd-906f-98681fdcf015-24408","study_name":"peter_nips_k3","directions":[2]}
{"op_code":4,"worker_id":"f5a59e6b-620b-4fbd-906f-98681fdcf015-24408","study_id":0,"datetime_start":"2026-07-24T09:13:01.591756"}
{"op_code":5,"worker_id":"f5a59e6b-620b-4fbd-906f-98681fdcf015-24408","trial_id":1,"param_name":"lr","param_value_internal":3.3772316831024145e-05,"distribution":"{\"name\": \"FloatDistribution\", \"attributes\": {\"step\": null, \"low\": 1e-08, \"high\": 0.5, \"log\": true}}"}
{"op_code":5,"worker_id":"f5a59e6b-620b-4fbd-906f-98681fdcf015-24408","trial_id":1,"param_name":"ratio","param_value_internal":89.53361353767423,"distribution":"{\"name\": \"FloatDistribution\", \"attributes\": {\"step\": null, \"low\": 0.1, \"high\": 100.0, \"log\": true}}"}
{"op_code":0,"worker_id":"0e4e5801-9f80-4047-a8c1-d777c5f91023-33256","study_name":"peter_nips_k3","directions":[2]}
{"op_code":0,"worker_id":"5cbfacc9-ed1a-43ad-a616-56f056c76f19-23456247935296","study_name":"peter_nips_k3","directions":[2]}
{"op_code":0,"worker_id":"557fdc19-8c27-4253-85d9-f9585b5ea529-23456247935296","study_name":"peter_nips_k3","directions":[2]}
{"op_code":4,"worker_id":"557fdc19-8c27-4253-85d9-f9585b5ea529-23456247935296","study_id":0,"datetime_start":"2026-07-24T10:21:56.655880"}
{"op_code":5,"worker_id":"557fdc19-8c27-4253-85d9-f9585b5ea529-23456247935296","trial_id":2,"param_name":"lr","param_value_internal":0.0006633416735373417,"distribution":"{\"name\": \"FloatDistribution\", \"attributes\": {\"step\": null, \"low\": 1e-08, \"high\": 0.5, \"log\": true}}"}
{"op_code":5,"worker_id":"557fdc19-8c27-4253-85d9-f9585b5ea529-23456247935296","trial_id":2,"param_name":"ratio","param_value_internal":8.791961051798925,"distribution":"{\"name\": \"FloatDistribution\", \"attributes\": {\"step\": null, \"low\": 0.1, \"high\": 100.0, \"log\": true}}"}
{"op_code":6,"worker_id":"557fdc19-8c27-4253-85d9-f9585b5ea529-23456247935296","trial_id":2,"state":3,"values":null,"datetime_complete":"2026-07-24T10:22:45.703087"}
{"op_code":0,"worker_id":"58a1c78b-c3cb-42e4-b02d-44381c7bad68-23456247935296","study_name":"peter_nips_k3","directions":[2]}
{"op_code":4,"worker_id":"58a1c78b-c3cb-42e4-b02d-44381c7bad68-23456247935296","study_id":0,"datetime_start":"2026-07-24T10:22:58.135953"}
{"op_code":5,"worker_id":"58a1c78b-c3cb-42e4-b02d-44381c7bad68-23456247935296","trial_id":3,"param_name":"lr","param_value_internal":0.09385169841163643,"distribution":"{\"name\": \"FloatDistribution\", \"attributes\": {\"step\": null, \"low\": 1e-08, \"high\": 0.5, \"log\": true}}"}
{"op_code":5,"worker_id":"58a1c78b-c3cb-42e4-b02d-44381c7bad68-23456247935296","trial_id":3,"param_name":"ratio","param_value_internal":0.7012179972836435,"distribution":"{\"name\": \"FloatDistribution\", \"attributes\": {\"step\": null, \"low\": 0.1, \"high\": 100.0, \"log\": true}}"}
{"op_code":6,"worker_id":"58a1c78b-c3cb-42e4-b02d-44381c7bad68-23456247935296","trial_id":3,"state":3,"values":null,"datetime_complete":"2026-07-24T10:23:27.265537"}
{"op_code":0,"worker_id":"eb3ddf04-408c-43e9-b9af-3234045609b7-23456247935296","study_name":"peter_nips_k3","directions":[2]}
{"op_code":4,"worker_id":"eb3ddf04-408c-43e9-b9af-3234045609b7-23456247935296","study_id":0,"datetime_start":"2026-07-24T10:26:16.936810"}
{"op_code":5,"worker_id":"eb3ddf04-408c-43e9-b9af-3234045609b7-23456247935296","trial_id":4,"param_name":"lr","param_value_internal":2.06425427260299e-05,"distribution":"{\"name\": \"FloatDistribution\", \"attributes\": {\"step\": null, \"low\": 1e-08, \"high\": 0.5, \"log\": true}}"}
{"op_code":5,"worker_id":"eb3ddf04-408c-43e9-b9af-3234045609b7-23456247935296","trial_id":4,"param_name":"ratio","param_value_internal":0.6327910662000431,"distribution":"{\"name\": \"FloatDistribution\", \"attributes\": {\"step\": null, \"low\": 0.1, \"high\": 100.0, \"log\": true}}"}
{"op_code":0,"worker_id":"067eaed0-ea5a-458b-816e-22feaa056280-23456247935296","study_name":"peter_nips_k3","directions":[2]}
{"op_code":4,"worker_id":"067eaed0-ea5a-458b-816e-22feaa056280-23456247935296","study_id":0,"datetime_start":"2026-07-24T10:29:52.153619"}
{"op_code":5,"worker_id":"067eaed0-ea5a-458b-816e-22feaa056280-23456247935296","trial_id":5,"param_name":"lr","param_value_internal":1.6119005768232574e-05,"distribution":"{\"name\": \"FloatDistribution\", \"attributes\": {\"step\": null, \"low\": 1e-08, \"high\": 0.5, \"log\": true}}"}
{"op_code":5,"worker_id":"067eaed0-ea5a-458b-816e-22feaa056280-23456247935296","trial_id":5,"param_name":"ratio","param_value_internal":44.32071567957768,"distribution":"{\"name\": \"FloatDistribution\", \"attributes\": {\"step\": null, \"low\": 0.1, \"high\": 100.0, \"log\": true}}"}
{"op_code":6,"worker_id":"eb3ddf04-408c-43e9-b9af-3234045609b7-23456247935296","trial_id":4,"state":1,"values":[-299.92052266596545],"datetime_complete":"2026-07-24T10:30:31.775856"}
{"op_code":0,"worker_id":"08727085-ed46-4188-8593-dc7614268d91-23456247935296","study_name":"peter_nips_k3","directions":[2]}
{"op_code":4,"worker_id":"08727085-ed46-4188-8593-dc7614268d91-23456247935296","study_id":0,"datetime_start":"2026-07-24T10:33:25.993955"}
{"op_code":5,"worker_id":"08727085-ed46-4188-8593-dc7614268d91-23456247935296","trial_id":6,"param_name":"lr","param_value_internal":0.000277457166731208,"distribution":"{\"name\": \"FloatDistribution\", \"attributes\": {\"step\": null, \"low\": 1e-08, \"high\": 0.5, \"log\": true}}"}
{"op_code":5,"worker_id":"08727085-ed46-4188-8593-dc7614268d91-23456247935296","trial_id":6,"param_name":"ratio","param_value_internal":0.5439229880410735,"distribution":"{\"name\": \"FloatDistribution\", \"attributes\": {\"step\": null, \"low\": 0.1, \"high\": 100.0, \"log\": true}}"}
{"op_code":6,"worker_id":"08727085-ed46-4188-8593-dc7614268d91-23456247935296","trial_id":6,"state":3,"values":null,"datetime_complete":"2026-07-24T10:34:44.929312"}
{"op_code":6,"worker_id":"067eaed0-ea5a-458b-816e-22feaa056280-23456247935296","trial_id":5,"state":1,"values":[-297.8067204447807],"datetime_complete":"2026-07-24T10:34:58.787837"}
{"op_code":0,"worker_id":"460ffbf6-7340-4314-a621-8de8a66448c2-23456247935296","study_name":"peter_nips_k3","directions":[2]}
{"op_code":4,"worker_id":"460ffbf6-7340-4314-a621-8de8a66448c2-23456247935296","study_id":0,"datetime_start":"2026-07-24T10:36:41.578897"}
{"op_code":5,"worker_id":"460ffbf6-7340-4314-a621-8de8a66448c2-23456247935296","trial_id":7,"param_name":"lr","param_value_internal":3.5337576362340073e-06,"distribution":"{\"name\": \"FloatDistribution\", \"attributes\": {\"step\": null, \"low\": 1e-08, \"high\": 0.5, \"log\": true}}"}
{"op_code":5,"worker_id":"460ffbf6-7340-4314-a621-8de8a66448c2-23456247935296","trial_id":7,"param_name":"ratio","param_value_internal":6.472090093747979,"distribution":"{\"name\": \"FloatDistribution\", \"attributes\": {\"step\": null, \"low\": 0.1, \"high\": 100.0, \"log\": true}}"}
{"op_code":0,"worker_id":"2c78b612-45a2-4de2-b232-bd8c4ffd5928-23456247935296","study_name":"peter_nips_k3","directions":[2]}
{"op_code":4,"worker_id":"2c78b612-45a2-4de2-b232-bd8c4ffd5928-23456247935296","study_id":0,"datetime_start":"2026-07-24T10:40:24.523157"}
{"op_code":5,"worker_id":"2c78b612-45a2-4de2-b232-bd8c4ffd5928-23456247935296","trial_id":8,"param_name":"lr","param_value_internal":0.06688103593858209,"distribution":"{\"name\": \"FloatDistribution\", \"attributes\": {\"step\": null, \"low\": 1e-08, \"high\": 0.5, \"log\": true}}"}
{"op_code":5,"worker_id":"2c78b612-45a2-4de2-b232-bd8c4ffd5928-23456247935296","trial_id":8,"param_name":"ratio","param_value_internal":55.75962576578935,"distribution":"{\"name\": \"FloatDistribution\", \"attributes\": {\"step\": null, \"low\": 0.1, \"high\": 100.0, \"log\": true}}"}
{"op_code":6,"worker_id":"2c78b612-45a2-4de2-b232-bd8c4ffd5928-23456247935296","trial_id":8,"state":3,"values":null,"datetime_complete":"2026-07-24T10:40:47.502869"}
{"op_code":6,"worker_id":"460ffbf6-7340-4314-a621-8de8a66448c2-23456247935296","trial_id":7,"state":1,"values":[-300.24593072578915],"datetime_complete":"2026-07-24T10:41:20.290211"}
{"op_code":0,"worker_id":"6e0c54d8-ac7e-476e-8895-5695c58bc5a4-23456247935296","study_name":"peter_nips_k3","directions":[2]}
{"op_code":4,"worker_id":"6e0c54d8-ac7e-476e-8895-5695c58bc5a4-23456247935296","study_id":0,"datetime_start":"2026-07-24T10:44:36.028862"}
{"op_code":5,"worker_id":"6e0c54d8-ac7e-476e-8895-5695c58bc5a4-23456247935296","trial_id":9,"param_name":"lr","param_value_internal":9.224284544591621e-06,"distribution":"{\"name\": \"FloatDistribution\", \"attributes\": {\"step\": null, \"low\": 1e-08, \"high\": 0.5, \"log\": true}}"}
{"op_code":5,"worker_id":"6e0c54d8-ac7e-476e-8895-5695c58bc5a4-23456247935296","trial_id":9,"param_name":"ratio","param_value_internal":27.919784452568564,"distribution":"{\"name\": \"FloatDistribution\", \"attributes\": {\"step\": null, \"low\": 0.1, \"high\": 100.0, \"log\": true}}"}
{"op_code":6,"worker_id":"6e0c54d8-ac7e-476e-8895-5695c58bc5a4-23456247935296","trial_id":9,"state":1,"values":[-299.0744295448323],"datetime_complete":"2026-07-24T10:48:36.730409"}
{"op_code":0,"worker_id":"061327f4-33e7-449c-b3fc-cc93d1f0b4c0-23456247935296","study_name":"peter_nips_k3","directions":[2]}
{"op_code":4,"worker_id":"061327f4-33e7-449c-b3fc-cc93d1f0b4c0-23456247935296","study_id":0,"datetime_start":"2026-07-24T10:48:59.116414"}
{"op_code":5,"worker_id":"061327f4-33e7-449c-b3fc-cc93d1f0b4c0-23456247935296","trial_id":10,"param_name":"lr","param_value_internal":0.05150159686280501,"distribution":"{\"name\": \"FloatDistribution\", \"attributes\": {\"step\": null, \"low\": 1e-08, \"high\": 0.5, \"log\": true}}"}
{"op_code":5,"worker_id":"061327f4-33e7-449c-b3fc-cc93d1f0b4c0-23456247935296","trial_id":10,"param_name":"ratio","param_value_internal":0.22512590525630147,"distribution":"{\"name\": \"FloatDistribution\", \"attributes\": {\"step\": null, \"low\": 0.1, \"high\": 100.0, \"log\": true}}"}
{"op_code":6,"worker_id":"061327f4-33e7-449c-b3fc-cc93d1f0b4c0-23456247935296","trial_id":10,"state":3,"values":null,"datetime_complete":"2026-07-24T10:49:25.725499"}
{"op_code":0,"worker_id":"7f616779-1e27-4e71-8ef7-b14336954a52-23456247935296","study_name":"peter_nips_k3","directions":[2]}
{"op_code":4,"worker_id":"7f616779-1e27-4e71-8ef7-b14336954a52-23456247935296","study_id":0,"datetime_start":"2026-07-24T10:53:23.936082"}
{"op_code":5,"worker_id":"7f616779-1e27-4e71-8ef7-b14336954a52-23456247935296","trial_id":11,"param_name":"lr","param_value_internal":0.016164896885114494,"distribution":"{\"name\": \"FloatDistribution\", \"attributes\": {\"step\": null, \"low\": 1e-08, \"high\": 0.5, \"log\": true}}"}
{"op_code":5,"worker_id":"7f616779-1e27-4e71-8ef7-b14336954a52-23456247935296","trial_id":11,"param_name":"ratio","param_value_internal":5.883819182739802,"distribution":"{\"name\": \"FloatDistribution\", \"attributes\": {\"step\": null, \"low\": 0.1, \"high\": 100.0, \"log\": true}}"}
{"op_code":6,"worker_id":"7f616779-1e27-4e71-8ef7-b14336954a52-23456247935296","trial_id":11,"state":3,"values":null,"datetime_complete":"2026-07-24T10:53:55.263452"}
{"op_code":0,"worker_id":"9a21be95-f4d5-4552-af00-e824d414e747-23456247935296","study_name":"peter_nips_k3","directions":[2]}
{"op_code":4,"worker_id":"9a21be95-f4d5-4552-af00-e824d414e747-23456247935296","study_id":0,"datetime_start":"2026-07-24T10:57:32.212174"}
{"op_code":5,"worker_id":"9a21be95-f4d5-4552-af00-e824d414e747-23456247935296","trial_id":12,"param_name":"lr","param_value_internal":3.1153924931386337e-07,"distribution":"{\"name\": \"FloatDistribution\", \"attributes\": {\"step\": null, \"low\": 1e-08, \"high\": 0.5, \"log\": true}}"}
{"op_code":5,"worker_id":"9a21be95-f4d5-4552-af00-e824d414e747-23456247935296","trial_id":12,"param_name":"ratio","param_value_internal":45.596459662361134,"distribution":"{\"name\": \"FloatDistribution\", \"attributes\": {\"step\": null, \"low\": 0.1, \"high\": 100.0, \"log\": true}}"}
{"op_code":6,"worker_id":"9a21be95-f4d5-4552-af00-e824d414e747-23456247935296","trial_id":12,"state":1,"values":[-300.27077733998226],"datetime_complete":"2026-07-24T11:02:19.860139"}
{"op_code":0,"worker_id":"fa3e70b1-1f56-4516-88f7-c049c975c40b-23456247935296","study_name":"peter_nips_k3","directions":[2]}
{"op_code":4,"worker_id":"fa3e70b1-1f56-4516-88f7-c049c975c40b-23456247935296","study_id":0,"datetime_start":"2026-07-24T11:02:56.782964"}
{"op_code":5,"worker_id":"fa3e70b1-1f56-4516-88f7-c049c975c40b-23456247935296","trial_id":13,"param_name":"lr","param_value_internal":0.004250434780490668,"distribution":"{\"name\": \"FloatDistribution\", \"attributes\": {\"step\": null, \"low\": 1e-08, \"high\": 0.5, \"log\": true}}"}
{"op_code":5,"worker_id":"fa3e70b1-1f56-4516-88f7-c049c975c40b-23456247935296","trial_id":13,"param_name":"ratio","param_value_internal":1.652594717870431,"distribution":"{\"name\": \"FloatDistribution\", \"attributes\": {\"step\": null, \"low\": 0.1, \"high\": 100.0, \"log\": true}}"}
{"op_code":6,"worker_id":"fa3e70b1-1f56-4516-88f7-c049c975c40b-23456247935296","trial_id":13,"state":3,"values":null,"datetime_complete":"2026-07-24T11:03:30.897030"}
{"op_code":0,"worker_id":"855d26f7-96ac-4771-ab60-9963aa5a1702-23456247935296","study_name":"peter_nips_k3","directions":[2]}
{"op_code":4,"worker_id":"855d26f7-96ac-4771-ab60-9963aa5a1702-23456247935296","study_id":0,"datetime_start":"2026-07-24T11:07:30.321923"}
{"op_code":5,"worker_id":"855d26f7-96ac-4771-ab60-9963aa5a1702-23456247935296","trial_id":14,"param_name":"lr","param_value_internal":0.07980977875265706,"distribution":"{\"name\": \"FloatDistribution\", \"attributes\": {\"step\": null, \"low\": 1e-08, \"high\": 0.5, \"log\": true}}"}
{"op_code":5,"worker_id":"855d26f7-96ac-4771-ab60-9963aa5a1702-23456247935296","trial_id":14,"param_name":"ratio","param_value_internal":2.5655788328069336,"distribution":"{\"name\": \"FloatDistribution\", \"attributes\": {\"step\": null, \"low\": 0.1, \"high\": 100.0, \"log\": true}}"}
{"op_code":6,"worker_id":"855d26f7-96ac-4771-ab60-9963aa5a1702-23456247935296","trial_id":14,"state":3,"values":null,"datetime_complete":"2026-07-24T11:08:12.709870"}
{"op_code":0,"worker_id":"026b4b85-102e-43e5-80ad-9da03e1bdefa-23456247935296","study_name":"peter_nips_k3","directions":[2]}
{"op_code":4,"worker_id":"026b4b85-102e-43e5-80ad-9da03e1bdefa-23456247935296","study_id":0,"datetime_start":"2026-07-24T11:12:16.967900"}
{"op_code":5,"worker_id":"026b4b85-102e-43e5-80ad-9da03e1bdefa-23456247935296","trial_id":15,"param_name":"lr","param_value_internal":0.04141485429010934,"distribution":"{\"name\": \"FloatDistribution\", \"attributes\": {\"step\": null, \"low\": 1e-08, \"high\": 0.5, \"log\": true}}"}
{"op_code":5,"worker_id":"026b4b85-102e-43e5-80ad-9da03e1bdefa-23456247935296","trial_id":15,"param_name":"ratio","param_value_internal":0.4489814827147873,"distribution":"{\"name\": \"FloatDistribution\", \"attributes\": {\"step\": null, \"low\": 0.1, \"high\": 100.0, \"log\": true}}"}
{"op_code":6,"worker_id":"026b4b85-102e-43e5-80ad-9da03e1bdefa-23456247935296","trial_id":15,"state":3,"values":null,"datetime_complete":"2026-07-24T11:13:02.487540"}
{"op_code":0,"worker_id":"50c2f0b9-6c7c-4d56-b7ba-ada289d6ff72-23456247935296","study_name":"peter_nips_k3","directions":[2]}
{"op_code":4,"worker_id":"50c2f0b9-6c7c-4d56-b7ba-ada289d6ff72-23456247935296","study_id":0,"datetime_start":"2026-07-24T11:16:31.907013"}
{"op_code":5,"worker_id":"50c2f0b9-6c7c-4d56-b7ba-ada289d6ff72-23456247935296","trial_id":16,"param_name":"lr","param_value_internal":7.461080343532038e-07,"distribution":"{\"name\": \"FloatDistribution\", \"attributes\": {\"step\": null, \"low\": 1e-08, \"high\": 0.5, \"log\": true}}"}
{"op_code":5,"worker_id":"50c2f0b9-6c7c-4d56-b7ba-ada289d6ff72-23456247935296","trial_id":16,"param_name":"ratio","param_value_internal":0.14042794323405672,"distribution":"{\"name\": \"FloatDistribution\", \"attributes\": {\"step\": null, \"low\": 0.1, \"high\": 100.0, \"log\": true}}"}
{"op_code":0,"worker_id":"fefa8eef-c633-455f-8015-864a6a19d542-23456247935296","study_name":"peter_nips_k3","directions":[2]}
{"op_code":4,"worker_id":"fefa8eef-c633-455f-8015-864a6a19d542-23456247935296","study_id":0,"datetime_start":"2026-07-24T11:20:42.885968"}
{"op_code":5,"worker_id":"fefa8eef-c633-455f-8015-864a6a19d542-23456247935296","trial_id":17,"param_name":"lr","param_value_internal":1.3936665207163646e-06,"distribution":"{\"name\": \"FloatDistribution\", \"attributes\": {\"step\": null, \"low\": 1e-08, \"high\": 0.5, \"log\": true}}"}
{"op_code":5,"worker_id":"fefa8eef-c633-455f-8015-864a6a19d542-23456247935296","trial_id":17,"param_name":"ratio","param_value_internal":5.662335351636842,"distribution":"{\"name\": \"FloatDistribution\", \"attributes\": {\"step\": null, \"low\": 0.1, \"high\": 100.0, \"log\": true}}"}
{"op_code":6,"worker_id":"50c2f0b9-6c7c-4d56-b7ba-ada289d6ff72-23456247935296","trial_id":16,"state":1,"values":[-300.277382738657],"datetime_complete":"2026-07-24T11:21:25.711736"}
{"op_code":0,"worker_id":"429de1d7-f04f-440d-ab56-38b3f76e101b-23456247935296","study_name":"peter_nips_k3","directions":[2]}
{"op_code":4,"worker_id":"429de1d7-f04f-440d-ab56-38b3f76e101b-23456247935296","study_id":0,"datetime_start":"2026-07-24T11:24:42.295929"}
{"op_code":5,"worker_id":"429de1d7-f04f-440d-ab56-38b3f76e101b-23456247935296","trial_id":18,"param_name":"lr","param_value_internal":0.31253600053356584,"distribution":"{\"name\": \"FloatDistribution\", \"attributes\": {\"step\": null, \"low\": 1e-08, \"high\": 0.5, \"log\": true}}"}
{"op_code":5,"worker_id":"429de1d7-f04f-440d-ab56-38b3f76e101b-23456247935296","trial_id":18,"param_name":"ratio","param_value_internal":5.592026153685663,"distribution":"{\"name\": \"FloatDistribution\", \"attributes\": {\"step\": null, \"low\": 0.1, \"high\": 100.0, \"log\": true}}"}
{"op_code":6,"worker_id":"429de1d7-f04f-440d-ab56-38b3f76e101b-23456247935296","trial_id":18,"state":3,"values":null,"datetime_complete":"2026-07-24T11:25:11.462641"}
{"op_code":6,"worker_id":"fefa8eef-c633-455f-8015-864a6a19d542-23456247935296","trial_id":17,"state":1,"values":[-300.28107913520256],"datetime_complete":"2026-07-24T11:25:42.738827"}
{"op_code":0,"worker_id":"1d142f01-46c4-4adb-bbac-3f2ce025b584-23456247935296","study_name":"peter_nips_k3","directions":[2]}
{"op_code":4,"worker_id":"1d142f01-46c4-4adb-bbac-3f2ce025b584-23456247935296","study_id":0,"datetime_start":"2026-07-24T11:28:27.331531"}
{"op_code":5,"worker_id":"1d142f01-46c4-4adb-bbac-3f2ce025b584-23456247935296","trial_id":19,"param_name":"lr","param_value_internal":0.009504753535836921,"distribution":"{\"name\": \"FloatDistribution\", \"attributes\": {\"step\": null, \"low\": 1e-08, \"high\": 0.5, \"log\": true}}"}
{"op_code":5,"worker_id":"1d142f01-46c4-4adb-bbac-3f2ce025b584-23456247935296","trial_id":19,"param_name":"ratio","param_value_internal":0.1358831288435246,"distribution":"{\"name\": \"FloatDistribution\", \"attributes\": {\"step\": null, \"low\": 0.1, \"high\": 100.0, \"log\": true}}"}
{"op_code":6,"worker_id":"1d142f01-46c4-4adb-bbac-3f2ce025b584-23456247935296","trial_id":19,"state":3,"values":null,"datetime_complete":"2026-07-24T11:29:03.880244"}
{"op_code":0,"worker_id":"67ff1885-38bc-457a-968e-129e6d49839a-23456247935296","study_name":"peter_nips_k3","directions":[2]}
{"op_code":4,"worker_id":"67ff1885-38bc-457a-968e-129e6d49839a-23456247935296","study_id":0,"datetime_start":"2026-07-24T11:33:31.021341"}
{"op_code":5,"worker_id":"67ff1885-38bc-457a-968e-129e6d49839a-23456247935296","trial_id":20,"param_name":"lr","param_value_internal":0.1723221817953514,"distribution":"{\"name\": \"FloatDistribution\", \"attributes\": {\"step\": null, \"low\": 1e-08, \"high\": 0.5, \"log\": true}}"}
{"op_code":5,"worker_id":"67ff1885-38bc-457a-968e-129e6d49839a-23456247935296","trial_id":20,"param_name":"ratio","param_value_internal":1.4012884479612713,"distribution":"{\"name\": \"FloatDistribution\", \"attributes\": {\"step\": null, \"low\": 0.1, \"high\": 100.0, \"log\": true}}"}
{"op_code":6,"worker_id":"67ff1885-38bc-457a-968e-129e6d49839a-23456247935296","trial_id":20,"state":3,"values":null,"datetime_complete":"2026-07-24T11:33:57.900863"}
{"op_code":0,"worker_id":"00330c85-1055-4339-8948-32d5ffa2cf2a-23456247935296","study_name":"peter_nips_k3","directions":[2]}
{"op_code":4,"worker_id":"00330c85-1055-4339-8948-32d5ffa2cf2a-23456247935296","study_id":0,"datetime_start":"2026-07-24T11:38:14.420966"}
{"op_code":5,"worker_id":"00330c85-1055-4339-8948-32d5ffa2cf2a-23456247935296","trial_id":21,"param_name":"lr","param_value_internal":0.3035019486419375,"distribution":"{\"name\": \"FloatDistribution\", \"attributes\": {\"step\": null, \"low\": 1e-08, \"high\": 0.5, \"log\": true}}"}
{"op_code":5,"worker_id":"00330c85-1055-4339-8948-32d5ffa2cf2a-23456247935296","trial_id":21,"param_name":"ratio","param_value_internal":66.81720223157402,"distribution":"{\"name\": \"FloatDistribution\", \"attributes\": {\"step\": null, \"low\": 0.1, \"high\": 100.0, \"log\": true}}"}
{"op_code":6,"worker_id":"00330c85-1055-4339-8948-32d5ffa2cf2a-23456247935296","trial_id":21,"state":3,"values":null,"datetime_complete":"2026-07-24T11:38:43.567656"}
{"op_code":0,"worker_id":"293be964-b698-40df-9075-0fac1a769516-23456247935296","study_name":"peter_nips_k3","directions":[2]}
{"op_code":4,"worker_id":"293be964-b698-40df-9075-0fac1a769516-23456247935296","study_id":0,"datetime_start":"2026-07-24T11:42:06.070136"}
{"op_code":5,"worker_id":"293be964-b698-40df-9075-0fac1a769516-23456247935296","trial_id":22,"param_name":"lr","param_value_internal":4.163458527531939e-07,"distribution":"{\"name\": \"FloatDistribution\", \"attributes\": {\"step\": null, \"low\": 1e-08, \"high\": 0.5, \"log\": true}}"}
{"op_code":5,"worker_id":"293be964-b698-40df-9075-0fac1a769516-23456247935296","trial_id":22,"param_name":"ratio","param_value_internal":2.306346281576027,"distribution":"{\"name\": \"FloatDistribution\", \"attributes\": {\"step\": null, \"low\": 0.1, \"high\": 100.0, \"log\": true}}"}
{"op_code":0,"worker_id":"e4feb07e-5c07-406e-aba9-3264bb049af8-23456247935296","study_name":"peter_nips_k3","directions":[2]}
{"op_code":4,"worker_id":"e4feb07e-5c07-406e-aba9-3264bb049af8-23456247935296","study_id":0,"datetime_start":"2026-07-24T11:45:12.481086"}
{"op_code":5,"worker_id":"e4feb07e-5c07-406e-aba9-3264bb049af8-23456247935296","trial_id":23,"param_name":"lr","param_value_internal":4.399924866474862e-06,"distribution":"{\"name\": \"FloatDistribution\", \"attributes\": {\"step\": null, \"low\": 1e-08, \"high\": 0.5, \"log\": true}}"}
{"op_code":5,"worker_id":"e4feb07e-5c07-406e-aba9-3264bb049af8-23456247935296","trial_id":23,"param_name":"ratio","param_value_internal":7.05777851700741,"distribution":"{\"name\": \"FloatDistribution\", \"attributes\": {\"step\": null, \"low\": 0.1, \"high\": 100.0, \"log\": true}}"}
{"op_code":6,"worker_id":"293be964-b698-40df-9075-0fac1a769516-23456247935296","trial_id":22,"state":1,"values":[-300.2734984901621],"datetime_complete":"2026-07-24T11:47:51.956548"}
{"op_code":0,"worker_id":"a351eebe-70da-4048-9d64-00cce6eec5ee-23456247935296","study_name":"peter_nips_k3","directions":[2]}
{"op_code":4,"worker_id":"a351eebe-70da-4048-9d64-00cce6eec5ee-23456247935296","study_id":0,"datetime_start":"2026-07-24T11:48:43.521925"}
{"op_code":5,"worker_id":"a351eebe-70da-4048-9d64-00cce6eec5ee-23456247935296","trial_id":24,"param_name":"lr","param_value_internal":0.0002123883766670486,"distribution":"{\"name\": \"FloatDistribution\", \"attributes\": {\"step\": null, \"low\": 1e-08, \"high\": 0.5, \"log\": true}}"}
{"op_code":5,"worker_id":"a351eebe-70da-4048-9d64-00cce6eec5ee-23456247935296","trial_id":24,"param_name":"ratio","param_value_internal":40.54872404511233,"distribution":"{\"name\": \"FloatDistribution\", \"attributes\": {\"step\": null, \"low\": 0.1, \"high\": 100.0, \"log\": true}}"}
{"op_code":6,"worker_id":"e4feb07e-5c07-406e-aba9-3264bb049af8-23456247935296","trial_id":23,"state":1,"values":[-300.19401660412547],"datetime_complete":"2026-07-24T11:50:05.599240"}
{"op_code":0,"worker_id":"b62de307-93dc-44a1-83b6-7e7228f198ab-23456247935296","study_name":"peter_nips_k3","directions":[2]}
{"op_code":4,"worker_id":"b62de307-93dc-44a1-83b6-7e7228f198ab-23456247935296","study_id":0,"datetime_start":"2026-07-24T11:52:21.025287"}
{"op_code":5,"worker_id":"b62de307-93dc-44a1-83b6-7e7228f198ab-23456247935296","trial_id":25,"param_name":"lr","param_value_internal":0.42826823953307913,"distribution":"{\"name\": \"FloatDistribution\", \"attributes\": {\"step\": null, \"low\": 1e-08, \"high\": 0.5, \"log\": true}}"}
{"op_code":5,"worker_id":"b62de307-93dc-44a1-83b6-7e7228f198ab-23456247935296","trial_id":25,"param_name":"ratio","param_value_internal":1.6760498490797946,"distribution":"{\"name\": \"FloatDistribution\", \"attributes\": {\"step\": null, \"low\": 0.1, \"high\": 100.0, \"log\": true}}"}
{"op_code":6,"worker_id":"b62de307-93dc-44a1-83b6-7e7228f198ab-23456247935296","trial_id":25,"state":3,"values":null,"datetime_complete":"2026-07-24T11:52:48.329715"}
{"op_code":6,"worker_id":"a351eebe-70da-4048-9d64-00cce6eec5ee-23456247935296","trial_id":24,"state":1,"values":[-292.0808565615877],"datetime_complete":"2026-07-24T11:53:51.091097"}
{"op_code":0,"worker_id":"3fbbcf24-8229-4d51-9b78-428f0c43db5a-23456247935296","study_name":"peter_nips_k3","directions":[2]}
{"op_code":4,"worker_id":"3fbbcf24-8229-4d51-9b78-428f0c43db5a-23456247935296","study_id":0,"datetime_start":"2026-07-24T11:55:25.477013"}
{"op_code":9,"worker_id":"3fbbcf24-8229-4d51-9b78-428f0c43db5a-23456247935296","trial_id":26,"system_attr":{"tpe:relative_params:0":"{\"lr\": 0.018658960446696213, \"ratio\": 33.893608041134975}"}}
{"op_code":5,"worker_id":"3fbbcf24-8229-4d51-9b78-428f0c43db5a-23456247935296","trial_id":26,"param_name":"lr","param_value_internal":0.018658960446696213,"distribution":"{\"name\": \"FloatDistribution\", \"attributes\": {\"step\": null, \"low\": 1e-08, \"high\": 0.5, \"log\": true}}"}
{"op_code":5,"worker_id":"3fbbcf24-8229-4d51-9b78-428f0c43db5a-23456247935296","trial_id":26,"param_name":"ratio","param_value_internal":33.893608041134975,"distribution":"{\"name\": \"FloatDistribution\", \"attributes\": {\"step\": null, \"low\": 0.1, \"high\": 100.0, \"log\": true}}"}
{"op_code":6,"worker_id":"3fbbcf24-8229-4d51-9b78-428f0c43db5a-23456247935296","trial_id":26,"state":3,"values":null,"datetime_complete":"2026-07-24T11:56:01.485143"}
{"op_code":0,"worker_id":"79dade26-a54c-4e64-834d-dc48c0431360-23456247935296","study_name":"peter_nips_k3","directions":[2]}
{"op_code":4,"worker_id":"79dade26-a54c-4e64-834d-dc48c0431360-23456247935296","study_id":0,"datetime_start":"2026-07-24T11:59:43.224741"}
{"op_code":9,"worker_id":"79dade26-a54c-4e64-834d-dc48c0431360-23456247935296","trial_id":27,"system_attr":{"tpe:relative_params:0":"{\"lr\": 0.045737869388001944, \"ratio\": 6.96843156641389}"}}
{"op_code":5,"worker_id":"79dade26-a54c-4e64-834d-dc48c0431360-23456247935296","trial_id":27,"param_name":"lr","param_value_internal":0.045737869388001944,"distribution":"{\"name\": \"FloatDistribution\", \"attributes\": {\"step\": null, \"low\": 1e-08, \"high\": 0.5, \"log\": true}}"}
{"op_code":5,"worker_id":"79dade26-a54c-4e64-834d-dc48c0431360-23456247935296","trial_id":27,"param_name":"ratio","param_value_internal":6.96843156641389,"distribution":"{\"name\": \"FloatDistribution\", \"attributes\": {\"step\": null, \"low\": 0.1, \"high\": 100.0, \"log\": true}}"}
{"op_code":6,"worker_id":"79dade26-a54c-4e64-834d-dc48c0431360-23456247935296","trial_id":27,"state":3,"values":null,"datetime_complete":"2026-07-24T12:00:21.190493"}
{"op_code":0,"worker_id":"69da087d-a0fd-4079-ae93-3588dfec7750-23456247935296","study_name":"peter_nips_k3","directions":[2]}
{"op_code":4,"worker_id":"69da087d-a0fd-4079-ae93-3588dfec7750-23456247935296","study_id":0,"datetime_start":"2026-07-24T12:03:08.683437"}
{"op_code":9,"worker_id":"69da087d-a0fd-4079-ae93-3588dfec7750-23456247935296","trial_id":28,"system_attr":{"tpe:relative_params:0":"{\"lr\": 0.008760497181728385, \"ratio\": 89.81683354366291}"}}
{"op_code":5,"worker_id":"69da087d-a0fd-4079-ae93-3588dfec7750-23456247935296","trial_id":28,"param_name":"lr","param_value_internal":0.008760497181728385,"distribution":"{\"name\": \"FloatDistribution\", \"attributes\": {\"step\": null, \"low\": 1e-08, \"high\": 0.5, \"log\": true}}"}
{"op_code":5,"worker_id":"69da087d-a0fd-4079-ae93-3588dfec7750-23456247935296","trial_id":28,"param_name":"ratio","param_value_internal":89.81683354366291,"distribution":"{\"name\": \"FloatDistribution\", \"attributes\": {\"step\": null, \"low\": 0.1, \"high\": 100.0, \"log\": true}}"}
{"op_code":6,"worker_id":"69da087d-a0fd-4079-ae93-3588dfec7750-23456247935296","trial_id":28,"state":3,"values":null,"datetime_complete":"2026-07-24T12:03:45.563478"}
{"op_code":0,"worker_id":"9d869254-8dd4-4619-b1cb-d14d3531f4bc-23456247935296","study_name":"peter_nips_k3","directions":[2]}
{"op_code":4,"worker_id":"9d869254-8dd4-4619-b1cb-d14d3531f4bc-23456247935296","study_id":0,"datetime_start":"2026-07-24T12:07:03.941519"}
{"op_code":9,"worker_id":"9d869254-8dd4-4619-b1cb-d14d3531f4bc-23456247935296","trial_id":29,"system_attr":{"tpe:relative_params:0":"{\"lr\": 0.11382089568859068, \"ratio\": 38.48071982136638}"}}
{"op_code":5,"worker_id":"9d869254-8dd4-4619-b1cb-d14d3531f4bc-23456247935296","trial_id":29,"param_name":"lr","param_value_internal":0.11382089568859068,"distribution":"{\"name\": \"FloatDistribution\", \"attributes\": {\"step\": null, \"low\": 1e-08, \"high\": 0.5, \"log\": true}}"}
{"op_code":5,"worker_id":"9d869254-8dd4-4619-b1cb-d14d3531f4bc-23456247935296","trial_id":29,"param_name":"ratio","param_value_internal":38.48071982136638,"distribution":"{\"name\": \"FloatDistribution\", \"attributes\": {\"step\": null, \"low\": 0.1, \"high\": 100.0, \"log\": true}}"}
{"op_code":6,"worker_id":"9d869254-8dd4-4619-b1cb-d14d3531f4bc-23456247935296","trial_id":29,"state":3,"values":null,"datetime_complete":"2026-07-24T12:07:32.481175"}
{"op_code":0,"worker_id":"c807c1b0-1dc4-4942-b0fd-f49332fc1576-23456247935296","study_name":"peter_nips_k3","directions":[2]}
{"op_code":4,"worker_id":"c807c1b0-1dc4-4942-b0fd-f49332fc1576-23456247935296","study_id":0,"datetime_start":"2026-07-24T12:11:02.558566"}
{"op_code":9,"worker_id":"c807c1b0-1dc4-4942-b0fd-f49332fc1576-23456247935296","trial_id":30,"system_attr":{"tpe:relative_params:0":"{\"lr\": 0.11414871813000185, \"ratio\": 28.53424864189589}"}}
{"op_code":5,"worker_id":"c807c1b0-1dc4-4942-b0fd-f49332fc1576-23456247935296","trial_id":30,"param_name":"lr","param_value_internal":0.11414871813000185,"distribution":"{\"name\": \"FloatDistribution\", \"attributes\": {\"step\": null, \"low\": 1e-08, \"high\": 0.5, \"log\": true}}"}
{"op_code":5,"worker_id":"c807c1b0-1dc4-4942-b0fd-f49332fc1576-23456247935296","trial_id":30,"param_name":"ratio","param_value_internal":28.53424864189589,"distribution":"{\"name\": \"FloatDistribution\", \"attributes\": {\"step\": null, \"low\": 0.1, \"high\": 100.0, \"log\": true}}"}
{"op_code":6,"worker_id":"c807c1b0-1dc4-4942-b0fd-f49332fc1576-23456247935296","trial_id":30,"state":3,"values":null,"datetime_complete":"2026-07-24T12:11:31.495598"}
{"op_code":0,"worker_id":"ec611444-cfc5-4e1d-ab31-d8de7e2145cd-23456247935296","study_name":"peter_nips_k3","directions":[2]}
{"op_code":4,"worker_id":"ec611444-cfc5-4e1d-ab31-d8de7e2145cd-23456247935296","study_id":0,"datetime_start":"2026-07-24T12:14:35.889712"}
{"op_code":9,"worker_id":"ec611444-cfc5-4e1d-ab31-d8de7e2145cd-23456247935296","trial_id":31,"system_attr":{"tpe:relative_params:0":"{\"lr\": 0.07949482062684657, \"ratio\": 23.102593790107466}"}}
{"op_code":5,"worker_id":"ec611444-cfc5-4e1d-ab31-d8de7e2145cd-23456247935296","trial_id":31,"param_name":"lr","param_value_internal":0.07949482062684657,"distribution":"{\"name\": \"FloatDistribution\", \"attributes\": {\"step\": null, \"low\": 1e-08, \"high\": 0.5, \"log\": true}}"}
{"op_code":5,"worker_id":"ec611444-cfc5-4e1d-ab31-d8de7e2145cd-23456247935296","trial_id":31,"param_name":"ratio","param_value_internal":23.102593790107466,"distribution":"{\"name\": \"FloatDistribution\", \"attributes\": {\"step\": null, \"low\": 0.1, \"high\": 100.0, \"log\": true}}"}
{"op_code":6,"worker_id":"ec611444-cfc5-4e1d-ab31-d8de7e2145cd-23456247935296","trial_id":31,"state":3,"values":null,"datetime_complete":"2026-07-24T12:15:04.336905"}
{"op_code":0,"worker_id":"f7329174-a976-4ddd-9faa-1b19a330607c-23456247935296","study_name":"peter_nips_k3","directions":[2]}
{"op_code":4,"worker_id":"f7329174-a976-4ddd-9faa-1b19a330607c-23456247935296","study_id":0,"datetime_start":"2026-07-24T12:18:05.940806"}
{"op_code":9,"worker_id":"f7329174-a976-4ddd-9faa-1b19a330607c-23456247935296","trial_id":32,"system_attr":{"tpe:relative_params:0":"{\"lr\": 0.03913964003471549, \"ratio\": 28.729489872121878}"}}
{"op_code":5,"worker_id":"f7329174-a976-4ddd-9faa-1b19a330607c-23456247935296","trial_id":32,"param_name":"lr","param_value_internal":0.03913964003471549,"distribution":"{\"name\": \"FloatDistribution\", \"attributes\": {\"step\": null, \"low\": 1e-08, \"high\": 0.5, \"log\": true}}"}
{"op_code":5,"worker_id":"f7329174-a976-4ddd-9faa-1b19a330607c-23456247935296","trial_id":32,"param_name":"ratio","param_value_internal":28.729489872121878,"distribution":"{\"name\": \"FloatDistribution\", \"attributes\": {\"step\": null, \"low\": 0.1, \"high\": 100.0, \"log\": true}}"}
{"op_code":6,"worker_id":"f7329174-a976-4ddd-9faa-1b19a330607c-23456247935296","trial_id":32,"state":3,"values":null,"datetime_complete":"2026-07-24T12:18:40.222946"}
{"op_code":0,"worker_id":"09f26e37-9dbd-4887-a9cf-1c7b39dca315-23456247935296","study_name":"peter_nips_k3","directions":[2]}
{"op_code":4,"worker_id":"09f26e37-9dbd-4887-a9cf-1c7b39dca315-23456247935296","study_id":0,"datetime_start":"2026-07-24T12:22:07.786711"}
{"op_code":9,"worker_id":"09f26e37-9dbd-4887-a9cf-1c7b39dca315-23456247935296","trial_id":33,"system_attr":{"tpe:relative_params:0":"{\"lr\": 0.03545894236290711, \"ratio\": 15.908631805302125}"}}
{"op_code":5,"worker_id":"09f26e37-9dbd-4887-a9cf-1c7b39dca315-23456247935296","trial_id":33,"param_name":"lr","param_value_internal":0.03545894236290711,"distribution":"{\"name\": \"FloatDistribution\", \"attributes\": {\"step\": null, \"low\": 1e-08, \"high\": 0.5, \"log\": true}}"}
{"op_code":5,"worker_id":"09f26e37-9dbd-4887-a9cf-1c7b39dca315-23456247935296","trial_id":33,"param_name":"ratio","param_value_internal":15.908631805302125,"distribution":"{\"name\": \"FloatDistribution\", \"attributes\": {\"step\": null, \"low\": 0.1, \"high\": 100.0, \"log\": true}}"}
{"op_code":6,"worker_id":"09f26e37-9dbd-4887-a9cf-1c7b39dca315-23456247935296","trial_id":33,"state":3,"values":null,"datetime_complete":"2026-07-24T12:22:45.459463"}
{"op_code":0,"worker_id":"68aa3760-5866-45ce-b820-9b735c49b7a4-23456247935296","study_name":"peter_nips_k3","directions":[2]}
{"op_code":4,"worker_id":"68aa3760-5866-45ce-b820-9b735c49b7a4-23456247935296","study_id":0,"datetime_start":"2026-07-24T12:27:54.908164"}
{"op_code":9,"worker_id":"68aa3760-5866-45ce-b820-9b735c49b7a4-23456247935296","trial_id":34,"system_attr":{"tpe:relative_params:0":"{\"lr\": 0.023311396776597732, \"ratio\": 3.3888327100991837}"}}
{"op_code":5,"worker_id":"68aa3760-5866-45ce-b820-9b735c49b7a4-23456247935296","trial_id":34,"param_name":"lr","param_value_internal":0.023311396776597732,"distribution":"{\"name\": \"FloatDistribution\", \"attributes\": {\"step\": null, \"low\": 1e-08, \"high\": 0.5, \"log\": true}}"}
{"op_code":5,"worker_id":"68aa3760-5866-45ce-b820-9b735c49b7a4-23456247935296","trial_id":34,"param_name":"ratio","param_value_internal":3.3888327100991837,"distribution":"{\"name\": \"FloatDistribution\", \"attributes\": {\"step\": null, \"low\": 0.1, \"high\": 100.0, \"log\": true}}"}
{"op_code":6,"worker_id":"68aa3760-5866-45ce-b820-9b735c49b7a4-23456247935296","trial_id":34,"state":3,"values":null,"datetime_complete":"2026-07-24T12:29:36.322515"}
{"op_code":0,"worker_id":"141bf357-807a-4cff-b1a6-528f02d69d92-23456247935296","study_name":"peter_nips_k3","directions":[2]}
{"op_code":4,"worker_id":"141bf357-807a-4cff-b1a6-528f02d69d92-23456247935296","study_id":0,"datetime_start":"2026-07-24T12:32:43.431550"}
{"op_code":9,"worker_id":"141bf357-807a-4cff-b1a6-528f02d69d92-23456247935296","trial_id":35,"system_attr":{"tpe:relative_params:0":"{\"lr\": 0.200555843806468, \"ratio\": 24.278841131103757}"}}
{"op_code":5,"worker_id":"141bf357-807a-4cff-b1a6-528f02d69d92-23456247935296","trial_id":35,"param_name":"lr","param_value_internal":0.200555843806468,"distribution":"{\"name\": \"FloatDistribution\", \"attributes\": {\"step\": null, \"low\": 1e-08, \"high\": 0.5, \"log\": true}}"}
{"op_code":5,"worker_id":"141bf357-807a-4cff-b1a6-528f02d69d92-23456247935296","trial_id":35,"param_name":"ratio","param_value_internal":24.278841131103757,"distribution":"{\"name\": \"FloatDistribution\", \"attributes\": {\"step\": null, \"low\": 0.1, \"high\": 100.0, \"log\": true}}"}
{"op_code":6,"worker_id":"141bf357-807a-4cff-b1a6-528f02d69d92-23456247935296","trial_id":35,"state":3,"values":null,"datetime_complete":"2026-07-24T12:33:12.051665"}
{"op_code":0,"worker_id":"0a63ff3e-2f33-4a70-9d9f-fe3ed0627e9d-23456247935296","study_name":"peter_nips_k3","directions":[2]}
{"op_code":4,"worker_id":"0a63ff3e-2f33-4a70-9d9f-fe3ed0627e9d-23456247935296","study_id":0,"datetime_start":"2026-07-24T12:36:49.409020"}
{"op_code":9,"worker_id":"0a63ff3e-2f33-4a70-9d9f-fe3ed0627e9d-23456247935296","trial_id":36,"system_attr":{"tpe:relative_params:0":"{\"lr\": 0.31923591842293264, \"ratio\": 73.56924959612468}"}}
{"op_code":5,"worker_id":"0a63ff3e-2f33-4a70-9d9f-fe3ed0627e9d-23456247935296","trial_id":36,"param_name":"lr","param_value_internal":0.31923591842293264,"distribution":"{\"name\": \"FloatDistribution\", \"attributes\": {\"step\": null, \"low\": 1e-08, \"high\": 0.5, \"log\": true}}"}
{"op_code":5,"worker_id":"0a63ff3e-2f33-4a70-9d9f-fe3ed0627e9d-23456247935296","trial_id":36,"param_name":"ratio","param_value_internal":73.56924959612468,"distribution":"{\"name\": \"FloatDistribution\", \"attributes\": {\"step\": null, \"low\": 0.1, \"high\": 100.0, \"log\": true}}"}
{"op_code":6,"worker_id":"0a63ff3e-2f33-4a70-9d9f-fe3ed0627e9d-23456247935296","trial_id":36,"state":3,"values":null,"datetime_complete":"2026-07-24T12:37:17.983504"}
{"op_code":0,"worker_id":"5ee555bd-f920-471e-adfd-b20436f20c09-23456247935296","study_name":"peter_nips_k3","directions":[2]}
{"op_code":4,"worker_id":"5ee555bd-f920-471e-adfd-b20436f20c09-23456247935296","study_id":0,"datetime_start":"2026-07-24T12:41:46.232946"}
{"op_code":9,"worker_id":"5ee555bd-f920-471e-adfd-b20436f20c09-23456247935296","trial_id":37,"system_attr":{"tpe:relative_params:0":"{\"lr\": 0.1604531041340708, \"ratio\": 31.125367618092397}"}}
{"op_code":5,"worker_id":"5ee555bd-f920-471e-adfd-b20436f20c09-23456247935296","trial_id":37,"param_name":"lr","param_value_internal":0.1604531041340708,"distribution":"{\"name\": \"FloatDistribution\", \"attributes\": {\"step\": null, \"low\": 1e-08, \"high\": 0.5, \"log\": true}}"}
{"op_code":5,"worker_id":"5ee555bd-f920-471e-adfd-b20436f20c09-23456247935296","trial_id":37,"param_name":"ratio","param_value_internal":31.125367618092397,"distribution":"{\"name\": \"FloatDistribution\", \"attributes\": {\"step\": null, \"low\": 0.1, \"high\": 100.0, \"log\": true}}"}
{"op_code":6,"worker_id":"5ee555bd-f920-471e-adfd-b20436f20c09-23456247935296","trial_id":37,"state":3,"values":null,"datetime_complete":"2026-07-24T12:42:16.307013"}
{"op_code":0,"worker_id":"74b9d208-e0cd-459a-b164-2d5ed142f4d7-23456247935296","study_name":"peter_nips_k3","directions":[2]}
{"op_code":4,"worker_id":"74b9d208-e0cd-459a-b164-2d5ed142f4d7-23456247935296","study_id":0,"datetime_start":"2026-07-24T12:46:39.529579"}
{"op_code":9,"worker_id":"74b9d208-e0cd-459a-b164-2d5ed142f4d7-23456247935296","trial_id":38,"system_attr":{"tpe:relative_params:0":"{\"lr\": 0.13686328155477817, \"ratio\": 29.688024242652734}"}}
{"op_code":5,"worker_id":"74b9d208-e0cd-459a-b164-2d5ed142f4d7-23456247935296","trial_id":38,"param_name":"lr","param_value_internal":0.13686328155477817,"distribution":"{\"name\": \"FloatDistribution\", \"attributes\": {\"step\": null, \"low\": 1e-08, \"high\": 0.5, \"log\": true}}"}
{"op_code":5,"worker_id":"74b9d208-e0cd-459a-b164-2d5ed142f4d7-23456247935296","trial_id":38,"param_name":"ratio","param_value_internal":29.688024242652734,"distribution":"{\"name\": \"FloatDistribution\", \"attributes\": {\"step\": null, \"low\": 0.1, \"high\": 100.0, \"log\": true}}"}
{"op_code":6,"worker_id":"74b9d208-e0cd-459a-b164-2d5ed142f4d7-23456247935296","trial_id":38,"state":3,"values":null,"datetime_complete":"2026-07-24T12:47:07.492975"}
{"op_code":0,"worker_id":"261135a8-3d21-4496-9932-8b405dac7595-23456247935296","study_name":"peter_nips_k3","directions":[2]}
{"op_code":4,"worker_id":"261135a8-3d21-4496-9932-8b405dac7595-23456247935296","study_id":0,"datetime_start":"2026-07-24T12:51:29.789004"}
{"op_code":9,"worker_id":"261135a8-3d21-4496-9932-8b405dac7595-23456247935296","trial_id":39,"system_attr":{"tpe:relative_params:0":"{\"lr\": 0.031151610795068417, \"ratio\": 18.119001634816332}"}}
{"op_code":5,"worker_id":"261135a8-3d21-4496-9932-8b405dac7595-23456247935296","trial_id":39,"param_name":"lr","param_value_internal":0.031151610795068417,"distribution":"{\"name\": \"FloatDistribution\", \"attributes\": {\"step\": null, \"low\": 1e-08, \"high\": 0.5, \"log\": true}}"}
{"op_code":5,"worker_id":"261135a8-3d21-4496-9932-8b405dac7595-23456247935296","trial_id":39,"param_name":"ratio","param_value_internal":18.119001634816332,"distribution":"{\"name\": \"FloatDistribution\", \"attributes\": {\"step\": null, \"low\": 0.1, \"high\": 100.0, \"log\": true}}"}
{"op_code":6,"worker_id":"261135a8-3d21-4496-9932-8b405dac7595-23456247935296","trial_id":39,"state":3,"values":null,"datetime_complete":"2026-07-24T12:52:06.567465"}
{"op_code":0,"worker_id":"ec779f49-d789-4c4b-8e30-293e6e9436ca-23456247935296","study_name":"peter_nips_k3","directions":[2]}
{"op_code":4,"worker_id":"ec779f49-d789-4c4b-8e30-293e6e9436ca-23456247935296","study_id":0,"datetime_start":"2026-07-24T12:56:12.161963"}
{"op_code":9,"worker_id":"ec779f49-d789-4c4b-8e30-293e6e9436ca-23456247935296","trial_id":40,"system_attr":{"tpe:relative_params:0":"{\"lr\": 0.04946285326337551, \"ratio\": 23.21758150819068}"}}
{"op_code":5,"worker_id":"ec779f49-d789-4c4b-8e30-293e6e9436ca-23456247935296","trial_id":40,"param_name":"lr","param_value_internal":0.04946285326337551,"distribution":"{\"name\": \"FloatDistribution\", \"attributes\": {\"step\": null, \"low\": 1e-08, \"high\": 0.5, \"log\": true}}"}
{"op_code":5,"worker_id":"ec779f49-d789-4c4b-8e30-293e6e9436ca-23456247935296","trial_id":40,"param_name":"ratio","param_value_internal":23.21758150819068,"distribution":"{\"name\": \"FloatDistribution\", \"attributes\": {\"step\": null, \"low\": 0.1, \"high\": 100.0, \"log\": true}}"}
{"op_code":6,"worker_id":"ec779f49-d789-4c4b-8e30-293e6e9436ca-23456247935296","trial_id":40,"state":3,"values":null,"datetime_complete":"2026-07-24T12:56:58.096087"}
{"op_code":0,"worker_id":"da80bd3c-0af1-4c3e-abe9-da4b9bebc59f-23456247935296","study_name":"peter_nips_k3","directions":[2]}
{"op_code":4,"worker_id":"da80bd3c-0af1-4c3e-abe9-da4b9bebc59f-23456247935296","study_id":0,"datetime_start":"2026-07-24T13:00:02.449490"}
{"op_code":9,"worker_id":"da80bd3c-0af1-4c3e-abe9-da4b9bebc59f-23456247935296","trial_id":41,"system_attr":{"tpe:relative_params:0":"{\"lr\": 0.04832842228672927, \"ratio\": 63.776231673282446}"}}
{"op_code":5,"worker_id":"da80bd3c-0af1-4c3e-abe9-da4b9bebc59f-23456247935296","trial_id":41,"param_name":"lr","param_value_internal":0.04832842228672927,"distribution":"{\"name\": \"FloatDistribution\", \"attributes\": {\"step\": null, \"low\": 1e-08, \"high\": 0.5, \"log\": true}}"}
{"op_code":5,"worker_id":"da80bd3c-0af1-4c3e-abe9-da4b9bebc59f-23456247935296","trial_id":41,"param_name":"ratio","param_value_internal":63.776231673282446,"distribution":"{\"name\": \"FloatDistribution\", \"attributes\": {\"step\": null, \"low\": 0.1, \"high\": 100.0, \"log\": true}}"}
{"op_code":6,"worker_id":"da80bd3c-0af1-4c3e-abe9-da4b9bebc59f-23456247935296","trial_id":41,"state":3,"values":null,"datetime_complete":"2026-07-24T13:01:17.417826"}
{"op_code":0,"worker_id":"b523bb57-f6f4-4d64-b44d-42ab19268647-23456247935296","study_name":"peter_nips_k3","directions":[2]}
{"op_code":4,"worker_id":"b523bb57-f6f4-4d64-b44d-42ab19268647-23456247935296","study_id":0,"datetime_start":"2026-07-24T13:04:20.376603"}
{"op_code":9,"worker_id":"b523bb57-f6f4-4d64-b44d-42ab19268647-23456247935296","trial_id":42,"system_attr":{"tpe:relative_params:0":"{\"lr\": 0.12859406998578296, \"ratio\": 46.68217623320038}"}}
{"op_code":5,"worker_id":"b523bb57-f6f4-4d64-b44d-42ab19268647-23456247935296","trial_id":42,"param_name":"lr","param_value_internal":0.12859406998578296,"distribution":"{\"name\": \"FloatDistribution\", \"attributes\": {\"step\": null, \"low\": 1e-08, \"high\": 0.5, \"log\": true}}"}
{"op_code":5,"worker_id":"b523bb57-f6f4-4d64-b44d-42ab19268647-23456247935296","trial_id":42,"param_name":"ratio","param_value_internal":46.68217623320038,"distribution":"{\"name\": \"FloatDistribution\", \"attributes\": {\"step\": null, \"low\": 0.1, \"high\": 100.0, \"log\": true}}"}
{"op_code":6,"worker_id":"b523bb57-f6f4-4d64-b44d-42ab19268647-23456247935296","trial_id":42,"state":3,"values":null,"datetime_complete":"2026-07-24T13:04:53.111113"}
{"op_code":0,"worker_id":"a2826fd9-4761-4bfa-b02d-6f17d86c2999-23456247935296","study_name":"peter_nips_k3","directions":[2]}
{"op_code":4,"worker_id":"a2826fd9-4761-4bfa-b02d-6f17d86c2999-23456247935296","study_id":0,"datetime_start":"2026-07-24T13:09:09.754204"}
{"op_code":9,"worker_id":"a2826fd9-4761-4bfa-b02d-6f17d86c2999-23456247935296","trial_id":43,"system_attr":{"tpe:relative_params:0":"{\"lr\": 0.05661076499634361, \"ratio\": 13.998736449727538}"}}
{"op_code":5,"worker_id":"a2826fd9-4761-4bfa-b02d-6f17d86c2999-23456247935296","trial_id":43,"param_name":"lr","param_value_internal":0.05661076499634361,"distribution":"{\"name\": \"FloatDistribution\", \"attributes\": {\"step\": null, \"low\": 1e-08, \"high\": 0.5, \"log\": true}}"}
{"op_code":5,"worker_id":"a2826fd9-4761-4bfa-b02d-6f17d86c2999-23456247935296","trial_id":43,"param_name":"ratio","param_value_internal":13.998736449727538,"distribution":"{\"name\": \"FloatDistribution\", \"attributes\": {\"step\": null, \"low\": 0.1, \"high\": 100.0, \"log\": true}}"}
{"op_code":6,"worker_id":"a2826fd9-4761-4bfa-b02d-6f17d86c2999-23456247935296","trial_id":43,"state":3,"values":null,"datetime_complete":"2026-07-24T13:09:38.856547"}
{"op_code":0,"worker_id":"3993607f-9baa-4dc3-ac30-00043cfad1ef-23456247935296","study_name":"peter_nips_k3","directions":[2]}
{"op_code":4,"worker_id":"3993607f-9baa-4dc3-ac30-00043cfad1ef-23456247935296","study_id":0,"datetime_start":"2026-07-24T13:13:38.459295"}
{"op_code":9,"worker_id":"3993607f-9baa-4dc3-ac30-00043cfad1ef-23456247935296","trial_id":44,"system_attr":{"tpe:relative_params:0":"{\"lr\": 0.03971848065092741, \"ratio\": 20.3001007273725}"}}
{"op_code":5,"worker_id":"3993607f-9baa-4dc3-ac30-00043cfad1ef-23456247935296","trial_id":44,"param_name":"lr","param_value_internal":0.03971848065092741,"distribution":"{\"name\": \"FloatDistribution\", \"attributes\": {\"step\": null, \"low\": 1e-08, \"high\": 0.5, \"log\": true}}"}
{"op_code":5,"worker_id":"3993607f-9baa-4dc3-ac30-00043cfad1ef-23456247935296","trial_id":44,"param_name":"ratio","param_value_internal":20.3001007273725,"distribution":"{\"name\": \"FloatDistribution\", \"attributes\": {\"step\": null, \"low\": 0.1, \"high\": 100.0, \"log\": true}}"}
{"op_code":6,"worker_id":"3993607f-9baa-4dc3-ac30-00043cfad1ef-23456247935296","trial_id":44,"state":3,"values":null,"datetime_complete":"2026-07-24T13:14:35.561767"}
{"op_code":0,"worker_id":"54ec9568-66e1-48d3-8168-a8c3eb687854-23456247935296","study_name":"peter_nips_k3","directions":[2]}
{"op_code":4,"worker_id":"54ec9568-66e1-48d3-8168-a8c3eb687854-23456247935296","study_id":0,"datetime_start":"2026-07-24T13:18:01.142171"}
{"op_code":9,"worker_id":"54ec9568-66e1-48d3-8168-a8c3eb687854-23456247935296","trial_id":45,"system_attr":{"tpe:relative_params:0":"{\"lr\": 0.012628950287325273, \"ratio\": 14.698561663995232}"}}
{"op_code":5,"worker_id":"54ec9568-66e1-48d3-8168-a8c3eb687854-23456247935296","trial_id":45,"param_name":"lr","param_value_internal":0.012628950287325273,"distribution":"{\"name\": \"FloatDistribution\", \"attributes\": {\"step\": null, \"low\": 1e-08, \"high\": 0.5, \"log\": true}}"}
{"op_code":5,"worker_id":"54ec9568-66e1-48d3-8168-a8c3eb687854-23456247935296","trial_id":45,"param_name":"ratio","param_value_internal":14.698561663995232,"distribution":"{\"name\": \"FloatDistribution\", \"attributes\": {\"step\": null, \"low\": 0.1, \"high\": 100.0, \"log\": true}}"}
{"op_code":6,"worker_id":"54ec9568-66e1-48d3-8168-a8c3eb687854-23456247935296","trial_id":45,"state":3,"values":null,"datetime_complete":"2026-07-24T13:18:40.876383"}
{"op_code":0,"worker_id":"42a6e4db-b40f-44fd-98c1-8b57c87a2198-23456247935296","study_name":"peter_nips_k3","directions":[2]}
{"op_code":4,"worker_id":"42a6e4db-b40f-44fd-98c1-8b57c87a2198-23456247935296","study_id":0,"datetime_start":"2026-07-24T13:20:57.938494"}
{"op_code":9,"worker_id":"42a6e4db-b40f-44fd-98c1-8b57c87a2198-23456247935296","trial_id":46,"system_attr":{"tpe:relative_params:0":"{\"lr\": 0.22962039538546408, \"ratio\": 61.78427497163296}"}}
{"op_code":5,"worker_id":"42a6e4db-b40f-44fd-98c1-8b57c87a2198-23456247935296","trial_id":46,"param_name":"lr","param_value_internal":0.22962039538546408,"distribution":"{\"name\": \"FloatDistribution\", \"attributes\": {\"step\": null, \"low\": 1e-08, \"high\": 0.5, \"log\": true}}"}
{"op_code":5,"worker_id":"42a6e4db-b40f-44fd-98c1-8b57c87a2198-23456247935296","trial_id":46,"param_name":"ratio","param_value_internal":61.78427497163296,"distribution":"{\"name\": \"FloatDistribution\", \"attributes\": {\"step\": null, \"low\": 0.1, \"high\": 100.0, \"log\": true}}"}
{"op_code":6,"worker_id":"42a6e4db-b40f-44fd-98c1-8b57c87a2198-23456247935296","trial_id":46,"state":3,"values":null,"datetime_complete":"2026-07-24T13:21:24.588367"}
{"op_code":0,"worker_id":"321cc70b-64df-49ac-b06d-a9c36f3a5a07-23456247935296","study_name":"peter_nips_k3","directions":[2]}
{"op_code":4,"worker_id":"321cc70b-64df-49ac-b06d-a9c36f3a5a07-23456247935296","study_id":0,"datetime_start":"2026-07-24T13:23:47.695945"}
{"op_code":9,"worker_id":"321cc70b-64df-49ac-b06d-a9c36f3a5a07-23456247935296","trial_id":47,"system_attr":{"tpe:relative_params:0":"{\"lr\": 0.036410522914249246, \"ratio\": 34.1329054896872}"}}
{"op_code":5,"worker_id":"321cc70b-64df-49ac-b06d-a9c36f3a5a07-23456247935296","trial_id":47,"param_name":"lr","param_value_internal":0.036410522914249246,"distribution":"{\"name\": \"FloatDistribution\", \"attributes\": {\"step\": null, \"low\": 1e-08, \"high\": 0.5, \"log\": true}}"}
{"op_code":5,"worker_id":"321cc70b-64df-49ac-b06d-a9c36f3a5a07-23456247935296","trial_id":47,"param_name":"ratio","param_value_internal":34.1329054896872,"distribution":"{\"name\": \"FloatDistribution\", \"attributes\": {\"step\": null, \"low\": 0.1, \"high\": 100.0, \"log\": true}}"}
{"op_code":6,"worker_id":"321cc70b-64df-49ac-b06d-a9c36f3a5a07-23456247935296","trial_id":47,"state":3,"values":null,"datetime_complete":"2026-07-24T13:24:51.118426"}
{"op_code":0,"worker_id":"12407c03-ebc0-46fa-94d0-1151738e493f-23456247935296","study_name":"peter_nips_k3","directions":[2]}
{"op_code":4,"worker_id":"12407c03-ebc0-46fa-94d0-1151738e493f-23456247935296","study_id":0,"datetime_start":"2026-07-24T13:26:31.186539"}
{"op_code":9,"worker_id":"12407c03-ebc0-46fa-94d0-1151738e493f-23456247935296","trial_id":48,"system_attr":{"tpe:relative_params:0":"{\"lr\": 0.07834982393783105, \"ratio\": 8.948438487302631}"}}
{"op_code":5,"worker_id":"12407c03-ebc0-46fa-94d0-1151738e493f-23456247935296","trial_id":48,"param_name":"lr","param_value_internal":0.07834982393783105,"distribution":"{\"name\": \"FloatDistribution\", \"attributes\": {\"step\": null, \"low\": 1e-08, \"high\": 0.5, \"log\": true}}"}
{"op_code":5,"worker_id":"12407c03-ebc0-46fa-94d0-1151738e493f-23456247935296","trial_id":48,"param_name":"ratio","param_value_internal":8.948438487302631,"distribution":"{\"name\": \"FloatDistribution\", \"attributes\": {\"step\": null, \"low\": 0.1, \"high\": 100.0, \"log\": true}}"}
{"op_code":6,"worker_id":"12407c03-ebc0-46fa-94d0-1151738e493f-23456247935296","trial_id":48,"state":3,"values":null,"datetime_complete":"2026-07-24T13:27:03.189975"}
{"op_code":0,"worker_id":"263b1929-c3a8-477b-a9a0-80e033efff79-23456247935296","study_name":"peter_nips_k3","directions":[2]}
{"op_code":4,"worker_id":"263b1929-c3a8-477b-a9a0-80e033efff79-23456247935296","study_id":0,"datetime_start":"2026-07-24T13:30:41.434347"}
{"op_code":9,"worker_id":"263b1929-c3a8-477b-a9a0-80e033efff79-23456247935296","trial_id":49,"system_attr":{"tpe:relative_params:0":"{\"lr\": 0.03629287354623367, \"ratio\": 2.3945793166161984}"}}
{"op_code":5,"worker_id":"263b1929-c3a8-477b-a9a0-80e033efff79-23456247935296","trial_id":49,"param_name":"lr","param_value_internal":0.03629287354623367,"distribution":"{\"name\": \"FloatDistribution\", \"attributes\": {\"step\": null, \"low\": 1e-08, \"high\": 0.5, \"log\": true}}"}
{"op_code":5,"worker_id":"263b1929-c3a8-477b-a9a0-80e033efff79-23456247935296","trial_id":49,"param_name":"ratio","param_value_internal":2.3945793166161984,"distribution":"{\"name\": \"FloatDistribution\", \"attributes\": {\"step\": null, \"low\": 0.1, \"high\": 100.0, \"log\": true}}"}
{"op_code":6,"worker_id":"263b1929-c3a8-477b-a9a0-80e033efff79-23456247935296","trial_id":49,"state":3,"values":null,"datetime_complete":"2026-07-24T13:31:20.508686"}
{"op_code":0,"worker_id":"d227c3a7-3c39-47c2-8bd8-b05eaac83865-23456247935296","study_name":"peter_nips_k3","directions":[2]}
{"op_code":4,"worker_id":"d227c3a7-3c39-47c2-8bd8-b05eaac83865-23456247935296","study_id":0,"datetime_start":"2026-07-24T13:34:07.421562"}
{"op_code":9,"worker_id":"d227c3a7-3c39-47c2-8bd8-b05eaac83865-23456247935296","trial_id":50,"system_attr":{"tpe:relative_params:0":"{\"lr\": 0.10830939405544569, \"ratio\": 25.145243262183186}"}}
{"op_code":5,"worker_id":"d227c3a7-3c39-47c2-8bd8-b05eaac83865-23456247935296","trial_id":50,"param_name":"lr","param_value_internal":0.10830939405544569,"distribution":"{\"name\": \"FloatDistribution\", \"attributes\": {\"step\": null, \"low\": 1e-08, \"high\": 0.5, \"log\": true}}"}
{"op_code":5,"worker_id":"d227c3a7-3c39-47c2-8bd8-b05eaac83865-23456247935296","trial_id":50,"param_name":"ratio","param_value_internal":25.145243262183186,"distribution":"{\"name\": \"FloatDistribution\", \"attributes\": {\"step\": null, \"low\": 0.1, \"high\": 100.0, \"log\": true}}"}
{"op_code":6,"worker_id":"d227c3a7-3c39-47c2-8bd8-b05eaac83865-23456247935296","trial_id":50,"state":3,"values":null,"datetime_complete":"2026-07-24T13:34:37.683454"}
{"op_code":0,"worker_id":"48f4b57a-2c47-44a8-bdc2-926e1f305d21-23456247935296","study_name":"peter_nips_k3","directions":[2]}
{"op_code":4,"worker_id":"48f4b57a-2c47-44a8-bdc2-926e1f305d21-23456247935296","study_id":0,"datetime_start":"2026-07-24T13:36:55.314100"}
{"op_code":9,"worker_id":"48f4b57a-2c47-44a8-bdc2-926e1f305d21-23456247935296","trial_id":51,"system_attr":{"tpe:relative_params:0":"{\"lr\": 0.10045806637957491, \"ratio\": 52.576567911841174}"}}
{"op_code":5,"worker_id":"48f4b57a-2c47-44a8-bdc2-926e1f305d21-23456247935296","trial_id":51,"param_name":"lr","param_value_internal":0.10045806637957491,"distribution":"{\"name\": \"FloatDistribution\", \"attributes\": {\"step\": null, \"low\": 1e-08, \"high\": 0.5, \"log\": true}}"}
{"op_code":5,"worker_id":"48f4b57a-2c47-44a8-bdc2-926e1f305d21-23456247935296","trial_id":51,"param_name":"ratio","param_value_internal":52.576567911841174,"distribution":"{\"name\": \"FloatDistribution\", \"attributes\": {\"step\": null, \"low\": 0.1, \"high\": 100.0, \"log\": true}}"}
{"op_code":6,"worker_id":"48f4b57a-2c47-44a8-bdc2-926e1f305d21-23456247935296","trial_id":51,"state":3,"values":null,"datetime_complete":"2026-07-24T13:37:57.234115"}
{"op_code":0,"worker_id":"ab32e932-50a3-4ad5-9374-7181b34f0966-23456247935296","study_name":"peter_nips_k3","directions":[2]}
{"op_code":0,"worker_id":"2ba520d5-7697-4543-86f8-0c73b0dd103f-23456247935296","study_name":"peter_nips_k3","directions":[2]}
