{"op_code":0,"worker_id":"2d30e54c-a091-4347-ace7-087132e5f5ae-20268","study_name":"peter_cwebkb_k5","directions":[2]}
{"op_code":0,"worker_id":"c393af8f-e609-4487-843e-45b0eaf67ec3-25052","study_name":"peter_cwebkb_k5","directions":[2]}
{"op_code":4,"worker_id":"c393af8f-e609-4487-843e-45b0eaf67ec3-25052","study_id":0,"datetime_start":"2026-07-24T09:13:00.541303"}
{"op_code":5,"worker_id":"c393af8f-e609-4487-843e-45b0eaf67ec3-25052","trial_id":0,"param_name":"lr","param_value_internal":8.986982757729117e-08,"distribution":"{\"name\": \"FloatDistribution\", \"attributes\": {\"step\": null, \"low\": 1e-08, \"high\": 0.5, \"log\": true}}"}
{"op_code":5,"worker_id":"c393af8f-e609-4487-843e-45b0eaf67ec3-25052","trial_id":0,"param_name":"ratio","param_value_internal":0.48210649435833053,"distribution":"{\"name\": \"FloatDistribution\", \"attributes\": {\"step\": null, \"low\": 0.1, \"high\": 100.0, \"log\": true}}"}
{"op_code":0,"worker_id":"40d0d8a2-e05e-451a-b904-3e1cf17bdc98-31232","study_name":"peter_cwebkb_k5","directions":[2]}
{"op_code":4,"worker_id":"40d0d8a2-e05e-451a-b904-3e1cf17bdc98-31232","study_id":0,"datetime_start":"2026-07-24T09:13:01.758362"}
{"op_code":5,"worker_id":"40d0d8a2-e05e-451a-b904-3e1cf17bdc98-31232","trial_id":1,"param_name":"lr","param_value_internal":0.4146617009493338,"distribution":"{\"name\": \"FloatDistribution\", \"attributes\": {\"step\": null, \"low\": 1e-08, \"high\": 0.5, \"log\": true}}"}
{"op_code":5,"worker_id":"40d0d8a2-e05e-451a-b904-3e1cf17bdc98-31232","trial_id":1,"param_name":"ratio","param_value_internal":33.05549185576229,"distribution":"{\"name\": \"FloatDistribution\", \"attributes\": {\"step\": null, \"low\": 0.1, \"high\": 100.0, \"log\": true}}"}
{"op_code":0,"worker_id":"15ae2fbb-91c7-432a-ae66-2e1c16f7d90b-16900","study_name":"peter_cwebkb_k5","directions":[2]}
{"op_code":0,"worker_id":"7980429d-7b89-4615-a88b-d302f98a09ef-23456247935296","study_name":"peter_cwebkb_k5","directions":[2]}
{"op_code":0,"worker_id":"e10fef50-00ee-4208-851e-9302f4a0be17-23456247935296","study_name":"peter_cwebkb_k5","directions":[2]}
{"op_code":4,"worker_id":"e10fef50-00ee-4208-851e-9302f4a0be17-23456247935296","study_id":0,"datetime_start":"2026-07-24T10:21:56.796991"}
{"op_code":5,"worker_id":"e10fef50-00ee-4208-851e-9302f4a0be17-23456247935296","trial_id":2,"param_name":"lr","param_value_internal":1.903451430719011e-06,"distribution":"{\"name\": \"FloatDistribution\", \"attributes\": {\"step\": null, \"low\": 1e-08, \"high\": 0.5, \"log\": true}}"}
{"op_code":5,"worker_id":"e10fef50-00ee-4208-851e-9302f4a0be17-23456247935296","trial_id":2,"param_name":"ratio","param_value_internal":93.01773685628496,"distribution":"{\"name\": \"FloatDistribution\", \"attributes\": {\"step\": null, \"low\": 0.1, \"high\": 100.0, \"log\": true}}"}
{"op_code":0,"worker_id":"989f41cc-5de4-494b-866d-ff8371791f9e-23456247935296","study_name":"peter_cwebkb_k5","directions":[2]}
{"op_code":4,"worker_id":"989f41cc-5de4-494b-866d-ff8371791f9e-23456247935296","study_id":0,"datetime_start":"2026-07-24T10:23:31.287074"}
{"op_code":5,"worker_id":"989f41cc-5de4-494b-866d-ff8371791f9e-23456247935296","trial_id":3,"param_name":"lr","param_value_internal":2.0031362923324813e-08,"distribution":"{\"name\": \"FloatDistribution\", \"attributes\": {\"step\": null, \"low\": 1e-08, \"high\": 0.5, \"log\": true}}"}
{"op_code":5,"worker_id":"989f41cc-5de4-494b-866d-ff8371791f9e-23456247935296","trial_id":3,"param_name":"ratio","param_value_internal":0.498705145326438,"distribution":"{\"name\": \"FloatDistribution\", \"attributes\": {\"step\": null, \"low\": 0.1, \"high\": 100.0, \"log\": true}}"}
{"op_code":6,"worker_id":"e10fef50-00ee-4208-851e-9302f4a0be17-23456247935296","trial_id":2,"state":1,"values":[-187.76570799173874],"datetime_complete":"2026-07-24T10:26:27.355313"}
{"op_code":0,"worker_id":"d39a6858-7af4-473b-83f5-89ee5b408e64-23456247935296","study_name":"peter_cwebkb_k5","directions":[2]}
{"op_code":4,"worker_id":"d39a6858-7af4-473b-83f5-89ee5b408e64-23456247935296","study_id":0,"datetime_start":"2026-07-24T10:27:16.735078"}
{"op_code":5,"worker_id":"d39a6858-7af4-473b-83f5-89ee5b408e64-23456247935296","trial_id":4,"param_name":"lr","param_value_internal":0.00011492181335068955,"distribution":"{\"name\": \"FloatDistribution\", \"attributes\": {\"step\": null, \"low\": 1e-08, \"high\": 0.5, \"log\": true}}"}
{"op_code":5,"worker_id":"d39a6858-7af4-473b-83f5-89ee5b408e64-23456247935296","trial_id":4,"param_name":"ratio","param_value_internal":0.3085713410404131,"distribution":"{\"name\": \"FloatDistribution\", \"attributes\": {\"step\": null, \"low\": 0.1, \"high\": 100.0, \"log\": true}}"}
{"op_code":6,"worker_id":"989f41cc-5de4-494b-866d-ff8371791f9e-23456247935296","trial_id":3,"state":1,"values":[-190.50682385889198],"datetime_complete":"2026-07-24T10:28:46.605956"}
{"op_code":0,"worker_id":"8c85593c-e9ae-4d8a-8115-8a07d58caee2-23456247935296","study_name":"peter_cwebkb_k5","directions":[2]}
{"op_code":4,"worker_id":"8c85593c-e9ae-4d8a-8115-8a07d58caee2-23456247935296","study_id":0,"datetime_start":"2026-07-24T10:30:35.891441"}
{"op_code":5,"worker_id":"8c85593c-e9ae-4d8a-8115-8a07d58caee2-23456247935296","trial_id":5,"param_name":"lr","param_value_internal":3.508427358400476e-06,"distribution":"{\"name\": \"FloatDistribution\", \"attributes\": {\"step\": null, \"low\": 1e-08, \"high\": 0.5, \"log\": true}}"}
{"op_code":5,"worker_id":"8c85593c-e9ae-4d8a-8115-8a07d58caee2-23456247935296","trial_id":5,"param_name":"ratio","param_value_internal":1.627132443831685,"distribution":"{\"name\": \"FloatDistribution\", \"attributes\": {\"step\": null, \"low\": 0.1, \"high\": 100.0, \"log\": true}}"}
{"op_code":6,"worker_id":"d39a6858-7af4-473b-83f5-89ee5b408e64-23456247935296","trial_id":4,"state":1,"values":[-183.01377039999858],"datetime_complete":"2026-07-24T10:31:47.498018"}
{"op_code":0,"worker_id":"70f145c4-0d0d-48d6-bc50-a293b4b79fda-23456247935296","study_name":"peter_cwebkb_k5","directions":[2]}
{"op_code":4,"worker_id":"70f145c4-0d0d-48d6-bc50-a293b4b79fda-23456247935296","study_id":0,"datetime_start":"2026-07-24T10:34:11.430184"}
{"op_code":5,"worker_id":"70f145c4-0d0d-48d6-bc50-a293b4b79fda-23456247935296","trial_id":6,"param_name":"lr","param_value_internal":0.1835509702880925,"distribution":"{\"name\": \"FloatDistribution\", \"attributes\": {\"step\": null, \"low\": 1e-08, \"high\": 0.5, \"log\": true}}"}
{"op_code":5,"worker_id":"70f145c4-0d0d-48d6-bc50-a293b4b79fda-23456247935296","trial_id":6,"param_name":"ratio","param_value_internal":0.10280220615372701,"distribution":"{\"name\": \"FloatDistribution\", \"attributes\": {\"step\": null, \"low\": 0.1, \"high\": 100.0, \"log\": true}}"}
{"op_code":6,"worker_id":"70f145c4-0d0d-48d6-bc50-a293b4b79fda-23456247935296","trial_id":6,"state":3,"values":null,"datetime_complete":"2026-07-24T10:34:40.225101"}
{"op_code":6,"worker_id":"8c85593c-e9ae-4d8a-8115-8a07d58caee2-23456247935296","trial_id":5,"state":1,"values":[-190.01758224847745],"datetime_complete":"2026-07-24T10:35:54.789923"}
{"op_code":0,"worker_id":"68a99d4c-9ad6-4de9-a78f-ce779ba0ae8f-23456247935296","study_name":"peter_cwebkb_k5","directions":[2]}
{"op_code":4,"worker_id":"68a99d4c-9ad6-4de9-a78f-ce779ba0ae8f-23456247935296","study_id":0,"datetime_start":"2026-07-24T10:37:29.660606"}
{"op_code":5,"worker_id":"68a99d4c-9ad6-4de9-a78f-ce779ba0ae8f-23456247935296","trial_id":7,"param_name":"lr","param_value_internal":0.021448648981831242,"distribution":"{\"name\": \"FloatDistribution\", \"attributes\": {\"step\": null, \"low\": 1e-08, \"high\": 0.5, \"log\": true}}"}
{"op_code":5,"worker_id":"68a99d4c-9ad6-4de9-a78f-ce779ba0ae8f-23456247935296","trial_id":7,"param_name":"ratio","param_value_internal":0.6420804990294222,"distribution":"{\"name\": \"FloatDistribution\", \"attributes\": {\"step\": null, \"low\": 0.1, \"high\": 100.0, \"log\": true}}"}
{"op_code":0,"worker_id":"2f7e56a4-fbe1-4761-ab2c-f0d5c03996b2-23456247935296","study_name":"peter_cwebkb_k5","directions":[2]}
{"op_code":4,"worker_id":"2f7e56a4-fbe1-4761-ab2c-f0d5c03996b2-23456247935296","study_id":0,"datetime_start":"2026-07-24T10:41:45.645866"}
{"op_code":5,"worker_id":"2f7e56a4-fbe1-4761-ab2c-f0d5c03996b2-23456247935296","trial_id":8,"param_name":"lr","param_value_internal":8.789743186259808e-08,"distribution":"{\"name\": \"FloatDistribution\", \"attributes\": {\"step\": null, \"low\": 1e-08, \"high\": 0.5, \"log\": true}}"}
{"op_code":5,"worker_id":"2f7e56a4-fbe1-4761-ab2c-f0d5c03996b2-23456247935296","trial_id":8,"param_name":"ratio","param_value_internal":7.1594530733127675,"distribution":"{\"name\": \"FloatDistribution\", \"attributes\": {\"step\": null, \"low\": 0.1, \"high\": 100.0, \"log\": true}}"}
{"op_code":6,"worker_id":"68a99d4c-9ad6-4de9-a78f-ce779ba0ae8f-23456247935296","trial_id":7,"state":1,"values":[-180.26994000545966],"datetime_complete":"2026-07-24T10:42:57.167132"}
{"op_code":0,"worker_id":"f32cf4bb-471b-4b97-b53e-7cc2992f3e7f-23456247935296","study_name":"peter_cwebkb_k5","directions":[2]}
{"op_code":4,"worker_id":"f32cf4bb-471b-4b97-b53e-7cc2992f3e7f-23456247935296","study_id":0,"datetime_start":"2026-07-24T10:45:49.494571"}
{"op_code":5,"worker_id":"f32cf4bb-471b-4b97-b53e-7cc2992f3e7f-23456247935296","trial_id":9,"param_name":"lr","param_value_internal":0.00030357748029518847,"distribution":"{\"name\": \"FloatDistribution\", \"attributes\": {\"step\": null, \"low\": 1e-08, \"high\": 0.5, \"log\": true}}"}
{"op_code":5,"worker_id":"f32cf4bb-471b-4b97-b53e-7cc2992f3e7f-23456247935296","trial_id":9,"param_name":"ratio","param_value_internal":7.136450829558469,"distribution":"{\"name\": \"FloatDistribution\", \"attributes\": {\"step\": null, \"low\": 0.1, \"high\": 100.0, \"log\": true}}"}
{"op_code":6,"worker_id":"2f7e56a4-fbe1-4761-ab2c-f0d5c03996b2-23456247935296","trial_id":8,"state":1,"values":[-190.49531197003574],"datetime_complete":"2026-07-24T10:46:26.161988"}
{"op_code":0,"worker_id":"7e7de5fd-4c59-4156-9cc3-3f1dc50a8c11-23456247935296","study_name":"peter_cwebkb_k5","directions":[2]}
{"op_code":4,"worker_id":"7e7de5fd-4c59-4156-9cc3-3f1dc50a8c11-23456247935296","study_id":0,"datetime_start":"2026-07-24T10:50:01.516010"}
{"op_code":5,"worker_id":"7e7de5fd-4c59-4156-9cc3-3f1dc50a8c11-23456247935296","trial_id":10,"param_name":"lr","param_value_internal":9.092345464389768e-08,"distribution":"{\"name\": \"FloatDistribution\", \"attributes\": {\"step\": null, \"low\": 1e-08, \"high\": 0.5, \"log\": true}}"}
{"op_code":5,"worker_id":"7e7de5fd-4c59-4156-9cc3-3f1dc50a8c11-23456247935296","trial_id":10,"param_name":"ratio","param_value_internal":6.818494614162879,"distribution":"{\"name\": \"FloatDistribution\", \"attributes\": {\"step\": null, \"low\": 0.1, \"high\": 100.0, \"log\": true}}"}
{"op_code":6,"worker_id":"f32cf4bb-471b-4b97-b53e-7cc2992f3e7f-23456247935296","trial_id":9,"state":1,"values":[-177.91584855909142],"datetime_complete":"2026-07-24T10:50:26.797309"}
{"op_code":0,"worker_id":"dc8ee1df-388e-4e8b-8937-3d47ce42f1d9-23456247935296","study_name":"peter_cwebkb_k5","directions":[2]}
{"op_code":4,"worker_id":"dc8ee1df-388e-4e8b-8937-3d47ce42f1d9-23456247935296","study_id":0,"datetime_start":"2026-07-24T10:54:39.370084"}
{"op_code":5,"worker_id":"dc8ee1df-388e-4e8b-8937-3d47ce42f1d9-23456247935296","trial_id":11,"param_name":"lr","param_value_internal":0.1259174433223379,"distribution":"{\"name\": \"FloatDistribution\", \"attributes\": {\"step\": null, \"low\": 1e-08, \"high\": 0.5, \"log\": true}}"}
{"op_code":5,"worker_id":"dc8ee1df-388e-4e8b-8937-3d47ce42f1d9-23456247935296","trial_id":11,"param_name":"ratio","param_value_internal":0.12746055181204596,"distribution":"{\"name\": \"FloatDistribution\", \"attributes\": {\"step\": null, \"low\": 0.1, \"high\": 100.0, \"log\": true}}"}
{"op_code":6,"worker_id":"dc8ee1df-388e-4e8b-8937-3d47ce42f1d9-23456247935296","trial_id":11,"state":3,"values":null,"datetime_complete":"2026-07-24T10:55:11.921144"}
{"op_code":6,"worker_id":"7e7de5fd-4c59-4156-9cc3-3f1dc50a8c11-23456247935296","trial_id":10,"state":1,"values":[-190.49485031637283],"datetime_complete":"2026-07-24T10:55:46.593914"}
{"op_code":0,"worker_id":"28863490-6436-41fc-b42c-0ba7be44788d-23456247935296","study_name":"peter_cwebkb_k5","directions":[2]}
{"op_code":4,"worker_id":"28863490-6436-41fc-b42c-0ba7be44788d-23456247935296","study_id":0,"datetime_start":"2026-07-24T10:58:50.051230"}
{"op_code":5,"worker_id":"28863490-6436-41fc-b42c-0ba7be44788d-23456247935296","trial_id":12,"param_name":"lr","param_value_internal":3.226687537943638e-07,"distribution":"{\"name\": \"FloatDistribution\", \"attributes\": {\"step\": null, \"low\": 1e-08, \"high\": 0.5, \"log\": true}}"}
{"op_code":5,"worker_id":"28863490-6436-41fc-b42c-0ba7be44788d-23456247935296","trial_id":12,"param_name":"ratio","param_value_internal":51.66431948635272,"distribution":"{\"name\": \"FloatDistribution\", \"attributes\": {\"step\": null, \"low\": 0.1, \"high\": 100.0, \"log\": true}}"}
{"op_code":0,"worker_id":"1d662547-b968-42ff-ba35-6552fc19b59a-23456247935296","study_name":"peter_cwebkb_k5","directions":[2]}
{"op_code":4,"worker_id":"1d662547-b968-42ff-ba35-6552fc19b59a-23456247935296","study_id":0,"datetime_start":"2026-07-24T11:04:10.553708"}
{"op_code":5,"worker_id":"1d662547-b968-42ff-ba35-6552fc19b59a-23456247935296","trial_id":13,"param_name":"lr","param_value_internal":0.33965941621157975,"distribution":"{\"name\": \"FloatDistribution\", \"attributes\": {\"step\": null, \"low\": 1e-08, \"high\": 0.5, \"log\": true}}"}
{"op_code":5,"worker_id":"1d662547-b968-42ff-ba35-6552fc19b59a-23456247935296","trial_id":13,"param_name":"ratio","param_value_internal":0.4385945031371494,"distribution":"{\"name\": \"FloatDistribution\", \"attributes\": {\"step\": null, \"low\": 0.1, \"high\": 100.0, \"log\": true}}"}
{"op_code":6,"worker_id":"28863490-6436-41fc-b42c-0ba7be44788d-23456247935296","trial_id":12,"state":1,"values":[-190.37886244756479],"datetime_complete":"2026-07-24T11:04:16.499898"}
{"op_code":6,"worker_id":"1d662547-b968-42ff-ba35-6552fc19b59a-23456247935296","trial_id":13,"state":3,"values":null,"datetime_complete":"2026-07-24T11:04:43.455706"}
{"op_code":0,"worker_id":"6a3fa1d2-d9a0-433d-acb4-e8cc71fa4d5d-23456247935296","study_name":"peter_cwebkb_k5","directions":[2]}
{"op_code":4,"worker_id":"6a3fa1d2-d9a0-433d-acb4-e8cc71fa4d5d-23456247935296","study_id":0,"datetime_start":"2026-07-24T11:08:34.813546"}
{"op_code":5,"worker_id":"6a3fa1d2-d9a0-433d-acb4-e8cc71fa4d5d-23456247935296","trial_id":14,"param_name":"lr","param_value_internal":0.06818597415704078,"distribution":"{\"name\": \"FloatDistribution\", \"attributes\": {\"step\": null, \"low\": 1e-08, \"high\": 0.5, \"log\": true}}"}
{"op_code":5,"worker_id":"6a3fa1d2-d9a0-433d-acb4-e8cc71fa4d5d-23456247935296","trial_id":14,"param_name":"ratio","param_value_internal":9.694701407925788,"distribution":"{\"name\": \"FloatDistribution\", \"attributes\": {\"step\": null, \"low\": 0.1, \"high\": 100.0, \"log\": true}}"}
{"op_code":6,"worker_id":"6a3fa1d2-d9a0-433d-acb4-e8cc71fa4d5d-23456247935296","trial_id":14,"state":3,"values":null,"datetime_complete":"2026-07-24T11:09:07.219251"}
{"op_code":0,"worker_id":"67ddbd27-fb65-47d7-8f90-37d10ee39c0e-23456247935296","study_name":"peter_cwebkb_k5","directions":[2]}
{"op_code":4,"worker_id":"67ddbd27-fb65-47d7-8f90-37d10ee39c0e-23456247935296","study_id":0,"datetime_start":"2026-07-24T11:13:03.188583"}
{"op_code":5,"worker_id":"67ddbd27-fb65-47d7-8f90-37d10ee39c0e-23456247935296","trial_id":15,"param_name":"lr","param_value_internal":4.479095043252863e-06,"distribution":"{\"name\": \"FloatDistribution\", \"attributes\": {\"step\": null, \"low\": 1e-08, \"high\": 0.5, \"log\": true}}"}
{"op_code":5,"worker_id":"67ddbd27-fb65-47d7-8f90-37d10ee39c0e-23456247935296","trial_id":15,"param_name":"ratio","param_value_internal":9.644804450182868,"distribution":"{\"name\": \"FloatDistribution\", \"attributes\": {\"step\": null, \"low\": 0.1, \"high\": 100.0, \"log\": true}}"}
{"op_code":0,"worker_id":"b996191a-566e-403b-a35d-693417fdf7dc-23456247935296","study_name":"peter_cwebkb_k5","directions":[2]}
{"op_code":4,"worker_id":"b996191a-566e-403b-a35d-693417fdf7dc-23456247935296","study_id":0,"datetime_start":"2026-07-24T11:17:41.392811"}
{"op_code":5,"worker_id":"b996191a-566e-403b-a35d-693417fdf7dc-23456247935296","trial_id":16,"param_name":"lr","param_value_internal":0.09837684393425272,"distribution":"{\"name\": \"FloatDistribution\", \"attributes\": {\"step\": null, \"low\": 1e-08, \"high\": 0.5, \"log\": true}}"}
{"op_code":5,"worker_id":"b996191a-566e-403b-a35d-693417fdf7dc-23456247935296","trial_id":16,"param_name":"ratio","param_value_internal":35.501617126424094,"distribution":"{\"name\": \"FloatDistribution\", \"attributes\": {\"step\": null, \"low\": 0.1, \"high\": 100.0, \"log\": true}}"}
{"op_code":6,"worker_id":"b996191a-566e-403b-a35d-693417fdf7dc-23456247935296","trial_id":16,"state":3,"values":null,"datetime_complete":"2026-07-24T11:18:30.943832"}
{"op_code":6,"worker_id":"67ddbd27-fb65-47d7-8f90-37d10ee39c0e-23456247935296","trial_id":15,"state":1,"values":[-188.65143755143743],"datetime_complete":"2026-07-24T11:18:35.607998"}
{"op_code":0,"worker_id":"18ad4335-1e59-4dbb-b9ed-fa7b60797c4f-23456247935296","study_name":"peter_cwebkb_k5","directions":[2]}
{"op_code":4,"worker_id":"18ad4335-1e59-4dbb-b9ed-fa7b60797c4f-23456247935296","study_id":0,"datetime_start":"2026-07-24T11:21:24.751466"}
{"op_code":9,"worker_id":"18ad4335-1e59-4dbb-b9ed-fa7b60797c4f-23456247935296","trial_id":17,"system_attr":{"tpe:relative_params:0":"{\"lr\": 0.00246073656608307, \"ratio\": 17.73362270136912}"}}
{"op_code":5,"worker_id":"18ad4335-1e59-4dbb-b9ed-fa7b60797c4f-23456247935296","trial_id":17,"param_name":"lr","param_value_internal":0.00246073656608307,"distribution":"{\"name\": \"FloatDistribution\", \"attributes\": {\"step\": null, \"low\": 1e-08, \"high\": 0.5, \"log\": true}}"}
{"op_code":5,"worker_id":"18ad4335-1e59-4dbb-b9ed-fa7b60797c4f-23456247935296","trial_id":17,"param_name":"ratio","param_value_internal":17.73362270136912,"distribution":"{\"name\": \"FloatDistribution\", \"attributes\": {\"step\": null, \"low\": 0.1, \"high\": 100.0, \"log\": true}}"}
{"op_code":0,"worker_id":"d22bfc20-38ff-4a30-bec3-21c522565e93-23456247935296","study_name":"peter_cwebkb_k5","directions":[2]}
{"op_code":4,"worker_id":"d22bfc20-38ff-4a30-bec3-21c522565e93-23456247935296","study_id":0,"datetime_start":"2026-07-24T11:25:34.786833"}
{"op_code":9,"worker_id":"d22bfc20-38ff-4a30-bec3-21c522565e93-23456247935296","trial_id":18,"system_attr":{"tpe:relative_params:0":"{\"lr\": 0.010557888232481952, \"ratio\": 2.7727117725815296}"}}
{"op_code":5,"worker_id":"d22bfc20-38ff-4a30-bec3-21c522565e93-23456247935296","trial_id":18,"param_name":"lr","param_value_internal":0.010557888232481952,"distribution":"{\"name\": \"FloatDistribution\", \"attributes\": {\"step\": null, \"low\": 1e-08, \"high\": 0.5, \"log\": true}}"}
{"op_code":5,"worker_id":"d22bfc20-38ff-4a30-bec3-21c522565e93-23456247935296","trial_id":18,"param_name":"ratio","param_value_internal":2.7727117725815296,"distribution":"{\"name\": \"FloatDistribution\", \"attributes\": {\"step\": null, \"low\": 0.1, \"high\": 100.0, \"log\": true}}"}
{"op_code":6,"worker_id":"18ad4335-1e59-4dbb-b9ed-fa7b60797c4f-23456247935296","trial_id":17,"state":1,"values":[-176.63088814832037],"datetime_complete":"2026-07-24T11:27:04.967529"}
{"op_code":0,"worker_id":"43a892b8-632c-433d-aa9f-ea685a6a6162-23456247935296","study_name":"peter_cwebkb_k5","directions":[2]}
{"op_code":4,"worker_id":"43a892b8-632c-433d-aa9f-ea685a6a6162-23456247935296","study_id":0,"datetime_start":"2026-07-24T11:29:13.566406"}
{"op_code":9,"worker_id":"43a892b8-632c-433d-aa9f-ea685a6a6162-23456247935296","trial_id":19,"system_attr":{"tpe:relative_params:0":"{\"lr\": 0.0016300714738337074, \"ratio\": 56.57684899044657}"}}
{"op_code":5,"worker_id":"43a892b8-632c-433d-aa9f-ea685a6a6162-23456247935296","trial_id":19,"param_name":"lr","param_value_internal":0.0016300714738337074,"distribution":"{\"name\": \"FloatDistribution\", \"attributes\": {\"step\": null, \"low\": 1e-08, \"high\": 0.5, \"log\": true}}"}
{"op_code":5,"worker_id":"43a892b8-632c-433d-aa9f-ea685a6a6162-23456247935296","trial_id":19,"param_name":"ratio","param_value_internal":56.57684899044657,"distribution":"{\"name\": \"FloatDistribution\", \"attributes\": {\"step\": null, \"low\": 0.1, \"high\": 100.0, \"log\": true}}"}
{"op_code":6,"worker_id":"d22bfc20-38ff-4a30-bec3-21c522565e93-23456247935296","trial_id":18,"state":1,"values":[-180.82891938459585],"datetime_complete":"2026-07-24T11:31:05.052335"}
{"op_code":0,"worker_id":"d78c083d-2b78-4780-ae0a-3c163cd6ca50-23456247935296","study_name":"peter_cwebkb_k5","directions":[2]}
{"op_code":4,"worker_id":"d78c083d-2b78-4780-ae0a-3c163cd6ca50-23456247935296","study_id":0,"datetime_start":"2026-07-24T11:34:43.303075"}
{"op_code":9,"worker_id":"d78c083d-2b78-4780-ae0a-3c163cd6ca50-23456247935296","trial_id":20,"system_attr":{"tpe:relative_params:0":"{\"lr\": 0.0007664982103163455, \"ratio\": 9.500170185668106}"}}
{"op_code":5,"worker_id":"d78c083d-2b78-4780-ae0a-3c163cd6ca50-23456247935296","trial_id":20,"param_name":"lr","param_value_internal":0.0007664982103163455,"distribution":"{\"name\": \"FloatDistribution\", \"attributes\": {\"step\": null, \"low\": 1e-08, \"high\": 0.5, \"log\": true}}"}
{"op_code":5,"worker_id":"d78c083d-2b78-4780-ae0a-3c163cd6ca50-23456247935296","trial_id":20,"param_name":"ratio","param_value_internal":9.500170185668106,"distribution":"{\"name\": \"FloatDistribution\", \"attributes\": {\"step\": null, \"low\": 0.1, \"high\": 100.0, \"log\": true}}"}
{"op_code":6,"worker_id":"43a892b8-632c-433d-aa9f-ea685a6a6162-23456247935296","trial_id":19,"state":1,"values":[-178.09973882145354],"datetime_complete":"2026-07-24T11:35:34.792465"}
{"op_code":0,"worker_id":"891eb024-8e61-4b88-993d-82a0693e4f70-23456247935296","study_name":"peter_cwebkb_k5","directions":[2]}
{"op_code":4,"worker_id":"891eb024-8e61-4b88-993d-82a0693e4f70-23456247935296","study_id":0,"datetime_start":"2026-07-24T11:38:54.580140"}
{"op_code":9,"worker_id":"891eb024-8e61-4b88-993d-82a0693e4f70-23456247935296","trial_id":21,"system_attr":{"tpe:relative_params:0":"{\"lr\": 9.283858487529833e-05, \"ratio\": 4.028518275759697}"}}
{"op_code":5,"worker_id":"891eb024-8e61-4b88-993d-82a0693e4f70-23456247935296","trial_id":21,"param_name":"lr","param_value_internal":9.283858487529833e-05,"distribution":"{\"name\": \"FloatDistribution\", \"attributes\": {\"step\": null, \"low\": 1e-08, \"high\": 0.5, \"log\": true}}"}
{"op_code":5,"worker_id":"891eb024-8e61-4b88-993d-82a0693e4f70-23456247935296","trial_id":21,"param_name":"ratio","param_value_internal":4.028518275759697,"distribution":"{\"name\": \"FloatDistribution\", \"attributes\": {\"step\": null, \"low\": 0.1, \"high\": 100.0, \"log\": true}}"}
{"op_code":6,"worker_id":"d78c083d-2b78-4780-ae0a-3c163cd6ca50-23456247935296","trial_id":20,"state":1,"values":[-180.2704921710924],"datetime_complete":"2026-07-24T11:41:11.936914"}
{"op_code":0,"worker_id":"59dd7b16-a572-494c-af00-ef51108ec82d-23456247935296","study_name":"peter_cwebkb_k5","directions":[2]}
{"op_code":4,"worker_id":"59dd7b16-a572-494c-af00-ef51108ec82d-23456247935296","study_id":0,"datetime_start":"2026-07-24T11:42:41.452919"}
{"op_code":9,"worker_id":"59dd7b16-a572-494c-af00-ef51108ec82d-23456247935296","trial_id":22,"system_attr":{"tpe:relative_params:0":"{\"lr\": 0.4535362969604849, \"ratio\": 6.001525470770973}"}}
{"op_code":5,"worker_id":"59dd7b16-a572-494c-af00-ef51108ec82d-23456247935296","trial_id":22,"param_name":"lr","param_value_internal":0.4535362969604849,"distribution":"{\"name\": \"FloatDistribution\", \"attributes\": {\"step\": null, \"low\": 1e-08, \"high\": 0.5, \"log\": true}}"}
{"op_code":5,"worker_id":"59dd7b16-a572-494c-af00-ef51108ec82d-23456247935296","trial_id":22,"param_name":"ratio","param_value_internal":6.001525470770973,"distribution":"{\"name\": \"FloatDistribution\", \"attributes\": {\"step\": null, \"low\": 0.1, \"high\": 100.0, \"log\": true}}"}
{"op_code":6,"worker_id":"59dd7b16-a572-494c-af00-ef51108ec82d-23456247935296","trial_id":22,"state":3,"values":null,"datetime_complete":"2026-07-24T11:43:19.779313"}
{"op_code":6,"worker_id":"891eb024-8e61-4b88-993d-82a0693e4f70-23456247935296","trial_id":21,"state":1,"values":[-180.37787580487708],"datetime_complete":"2026-07-24T11:44:15.183600"}
{"op_code":0,"worker_id":"e5a34d38-54b9-4c3c-a4bc-a24662599a3f-23456247935296","study_name":"peter_cwebkb_k5","directions":[2]}
{"op_code":4,"worker_id":"e5a34d38-54b9-4c3c-a4bc-a24662599a3f-23456247935296","study_id":0,"datetime_start":"2026-07-24T11:45:50.179578"}
{"op_code":9,"worker_id":"e5a34d38-54b9-4c3c-a4bc-a24662599a3f-23456247935296","trial_id":23,"system_attr":{"tpe:relative_params:0":"{\"lr\": 0.3534896731517725, \"ratio\": 4.63777629577313}"}}
{"op_code":5,"worker_id":"e5a34d38-54b9-4c3c-a4bc-a24662599a3f-23456247935296","trial_id":23,"param_name":"lr","param_value_internal":0.3534896731517725,"distribution":"{\"name\": \"FloatDistribution\", \"attributes\": {\"step\": null, \"low\": 1e-08, \"high\": 0.5, \"log\": true}}"}
{"op_code":5,"worker_id":"e5a34d38-54b9-4c3c-a4bc-a24662599a3f-23456247935296","trial_id":23,"param_name":"ratio","param_value_internal":4.63777629577313,"distribution":"{\"name\": \"FloatDistribution\", \"attributes\": {\"step\": null, \"low\": 0.1, \"high\": 100.0, \"log\": true}}"}
{"op_code":6,"worker_id":"e5a34d38-54b9-4c3c-a4bc-a24662599a3f-23456247935296","trial_id":23,"state":3,"values":null,"datetime_complete":"2026-07-24T11:46:55.429696"}
{"op_code":0,"worker_id":"ba3cd61f-4373-4d10-90f3-c2242470461a-23456247935296","study_name":"peter_cwebkb_k5","directions":[2]}
{"op_code":4,"worker_id":"ba3cd61f-4373-4d10-90f3-c2242470461a-23456247935296","study_id":0,"datetime_start":"2026-07-24T11:49:30.341741"}
{"op_code":9,"worker_id":"ba3cd61f-4373-4d10-90f3-c2242470461a-23456247935296","trial_id":24,"system_attr":{"tpe:relative_params:0":"{\"lr\": 0.0003549104516781762, \"ratio\": 15.390194841771184}"}}
{"op_code":5,"worker_id":"ba3cd61f-4373-4d10-90f3-c2242470461a-23456247935296","trial_id":24,"param_name":"lr","param_value_internal":0.0003549104516781762,"distribution":"{\"name\": \"FloatDistribution\", \"attributes\": {\"step\": null, \"low\": 1e-08, \"high\": 0.5, \"log\": true}}"}
{"op_code":5,"worker_id":"ba3cd61f-4373-4d10-90f3-c2242470461a-23456247935296","trial_id":24,"param_name":"ratio","param_value_internal":15.390194841771184,"distribution":"{\"name\": \"FloatDistribution\", \"attributes\": {\"step\": null, \"low\": 0.1, \"high\": 100.0, \"log\": true}}"}
{"op_code":0,"worker_id":"e44222c7-0243-4432-a747-5bc85cccde14-23456247935296","study_name":"peter_cwebkb_k5","directions":[2]}
{"op_code":4,"worker_id":"e44222c7-0243-4432-a747-5bc85cccde14-23456247935296","study_id":0,"datetime_start":"2026-07-24T11:52:56.455348"}
{"op_code":9,"worker_id":"e44222c7-0243-4432-a747-5bc85cccde14-23456247935296","trial_id":25,"system_attr":{"tpe:relative_params:0":"{\"lr\": 0.45521868616764133, \"ratio\": 2.4600816182816314}"}}
{"op_code":5,"worker_id":"e44222c7-0243-4432-a747-5bc85cccde14-23456247935296","trial_id":25,"param_name":"lr","param_value_internal":0.45521868616764133,"distribution":"{\"name\": \"FloatDistribution\", \"attributes\": {\"step\": null, \"low\": 1e-08, \"high\": 0.5, \"log\": true}}"}
{"op_code":5,"worker_id":"e44222c7-0243-4432-a747-5bc85cccde14-23456247935296","trial_id":25,"param_name":"ratio","param_value_internal":2.4600816182816314,"distribution":"{\"name\": \"FloatDistribution\", \"attributes\": {\"step\": null, \"low\": 0.1, \"high\": 100.0, \"log\": true}}"}
{"op_code":6,"worker_id":"e44222c7-0243-4432-a747-5bc85cccde14-23456247935296","trial_id":25,"state":3,"values":null,"datetime_complete":"2026-07-24T11:53:31.176646"}
{"op_code":6,"worker_id":"ba3cd61f-4373-4d10-90f3-c2242470461a-23456247935296","trial_id":24,"state":1,"values":[-179.00090691598757],"datetime_complete":"2026-07-24T11:55:25.236685"}
{"op_code":0,"worker_id":"8e320dd9-2291-4114-9925-656f0f0e57cc-23456247935296","study_name":"peter_cwebkb_k5","directions":[2]}
{"op_code":4,"worker_id":"8e320dd9-2291-4114-9925-656f0f0e57cc-23456247935296","study_id":0,"datetime_start":"2026-07-24T11:56:15.660887"}
{"op_code":9,"worker_id":"8e320dd9-2291-4114-9925-656f0f0e57cc-23456247935296","trial_id":26,"system_attr":{"tpe:relative_params:0":"{\"lr\": 0.30730210881825354, \"ratio\": 8.552944069829907}"}}
{"op_code":5,"worker_id":"8e320dd9-2291-4114-9925-656f0f0e57cc-23456247935296","trial_id":26,"param_name":"lr","param_value_internal":0.30730210881825354,"distribution":"{\"name\": \"FloatDistribution\", \"attributes\": {\"step\": null, \"low\": 1e-08, \"high\": 0.5, \"log\": true}}"}
{"op_code":5,"worker_id":"8e320dd9-2291-4114-9925-656f0f0e57cc-23456247935296","trial_id":26,"param_name":"ratio","param_value_internal":8.552944069829907,"distribution":"{\"name\": \"FloatDistribution\", \"attributes\": {\"step\": null, \"low\": 0.1, \"high\": 100.0, \"log\": true}}"}
{"op_code":6,"worker_id":"8e320dd9-2291-4114-9925-656f0f0e57cc-23456247935296","trial_id":26,"state":3,"values":null,"datetime_complete":"2026-07-24T11:56:52.134726"}
{"op_code":0,"worker_id":"ef4e1cad-b28f-4c4a-92b4-2c6a9df61f32-23456247935296","study_name":"peter_cwebkb_k5","directions":[2]}
{"op_code":4,"worker_id":"ef4e1cad-b28f-4c4a-92b4-2c6a9df61f32-23456247935296","study_id":0,"datetime_start":"2026-07-24T12:00:07.847634"}
{"op_code":9,"worker_id":"ef4e1cad-b28f-4c4a-92b4-2c6a9df61f32-23456247935296","trial_id":27,"system_attr":{"tpe:relative_params:0":"{\"lr\": 0.08272044004867043, \"ratio\": 6.2419152678683725}"}}
{"op_code":5,"worker_id":"ef4e1cad-b28f-4c4a-92b4-2c6a9df61f32-23456247935296","trial_id":27,"param_name":"lr","param_value_internal":0.08272044004867043,"distribution":"{\"name\": \"FloatDistribution\", \"attributes\": {\"step\": null, \"low\": 1e-08, \"high\": 0.5, \"log\": true}}"}
{"op_code":5,"worker_id":"ef4e1cad-b28f-4c4a-92b4-2c6a9df61f32-23456247935296","trial_id":27,"param_name":"ratio","param_value_internal":6.2419152678683725,"distribution":"{\"name\": \"FloatDistribution\", \"attributes\": {\"step\": null, \"low\": 0.1, \"high\": 100.0, \"log\": true}}"}
{"op_code":6,"worker_id":"ef4e1cad-b28f-4c4a-92b4-2c6a9df61f32-23456247935296","trial_id":27,"state":3,"values":null,"datetime_complete":"2026-07-24T12:00:52.400428"}
{"op_code":0,"worker_id":"63e91436-8517-40c7-846e-555c2dda7b06-23456247935296","study_name":"peter_cwebkb_k5","directions":[2]}
{"op_code":4,"worker_id":"63e91436-8517-40c7-846e-555c2dda7b06-23456247935296","study_id":0,"datetime_start":"2026-07-24T12:04:08.130049"}
{"op_code":9,"worker_id":"63e91436-8517-40c7-846e-555c2dda7b06-23456247935296","trial_id":28,"system_attr":{"tpe:relative_params:0":"{\"lr\": 0.011620007420855309, \"ratio\": 9.330776460834135}"}}
{"op_code":5,"worker_id":"63e91436-8517-40c7-846e-555c2dda7b06-23456247935296","trial_id":28,"param_name":"lr","param_value_internal":0.011620007420855309,"distribution":"{\"name\": \"FloatDistribution\", \"attributes\": {\"step\": null, \"low\": 1e-08, \"high\": 0.5, \"log\": true}}"}
{"op_code":5,"worker_id":"63e91436-8517-40c7-846e-555c2dda7b06-23456247935296","trial_id":28,"param_name":"ratio","param_value_internal":9.330776460834135,"distribution":"{\"name\": \"FloatDistribution\", \"attributes\": {\"step\": null, \"low\": 0.1, \"high\": 100.0, \"log\": true}}"}
{"op_code":0,"worker_id":"e8ffcf15-0741-4864-a8ae-103501da26e6-23456247935296","study_name":"peter_cwebkb_k5","directions":[2]}
{"op_code":4,"worker_id":"e8ffcf15-0741-4864-a8ae-103501da26e6-23456247935296","study_id":0,"datetime_start":"2026-07-24T12:07:36.047980"}
{"op_code":9,"worker_id":"e8ffcf15-0741-4864-a8ae-103501da26e6-23456247935296","trial_id":29,"system_attr":{"tpe:relative_params:0":"{\"lr\": 0.03787694414457777, \"ratio\": 94.3404985499321}"}}
{"op_code":5,"worker_id":"e8ffcf15-0741-4864-a8ae-103501da26e6-23456247935296","trial_id":29,"param_name":"lr","param_value_internal":0.03787694414457777,"distribution":"{\"name\": \"FloatDistribution\", \"attributes\": {\"step\": null, \"low\": 1e-08, \"high\": 0.5, \"log\": true}}"}
{"op_code":5,"worker_id":"e8ffcf15-0741-4864-a8ae-103501da26e6-23456247935296","trial_id":29,"param_name":"ratio","param_value_internal":94.3404985499321,"distribution":"{\"name\": \"FloatDistribution\", \"attributes\": {\"step\": null, \"low\": 0.1, \"high\": 100.0, \"log\": true}}"}
{"op_code":6,"worker_id":"e8ffcf15-0741-4864-a8ae-103501da26e6-23456247935296","trial_id":29,"state":3,"values":null,"datetime_complete":"2026-07-24T12:08:20.094344"}
{"op_code":6,"worker_id":"63e91436-8517-40c7-846e-555c2dda7b06-23456247935296","trial_id":28,"state":1,"values":[-179.26599867335406],"datetime_complete":"2026-07-24T12:10:31.820363"}
{"op_code":0,"worker_id":"43fd6417-3f56-46c8-8b65-b206483decc4-23456247935296","study_name":"peter_cwebkb_k5","directions":[2]}
{"op_code":4,"worker_id":"43fd6417-3f56-46c8-8b65-b206483decc4-23456247935296","study_id":0,"datetime_start":"2026-07-24T12:11:31.634706"}
{"op_code":9,"worker_id":"43fd6417-3f56-46c8-8b65-b206483decc4-23456247935296","trial_id":30,"system_attr":{"tpe:relative_params:0":"{\"lr\": 0.11520319553708987, \"ratio\": 5.667887466775669}"}}
{"op_code":5,"worker_id":"43fd6417-3f56-46c8-8b65-b206483decc4-23456247935296","trial_id":30,"param_name":"lr","param_value_internal":0.11520319553708987,"distribution":"{\"name\": \"FloatDistribution\", \"attributes\": {\"step\": null, \"low\": 1e-08, \"high\": 0.5, \"log\": true}}"}
{"op_code":5,"worker_id":"43fd6417-3f56-46c8-8b65-b206483decc4-23456247935296","trial_id":30,"param_name":"ratio","param_value_internal":5.667887466775669,"distribution":"{\"name\": \"FloatDistribution\", \"attributes\": {\"step\": null, \"low\": 0.1, \"high\": 100.0, \"log\": true}}"}
{"op_code":6,"worker_id":"43fd6417-3f56-46c8-8b65-b206483decc4-23456247935296","trial_id":30,"state":3,"values":null,"datetime_complete":"2026-07-24T12:12:08.204443"}
{"op_code":0,"worker_id":"1755cc90-21bf-47a0-9246-e51d41713dca-23456247935296","study_name":"peter_cwebkb_k5","directions":[2]}
{"op_code":4,"worker_id":"1755cc90-21bf-47a0-9246-e51d41713dca-23456247935296","study_id":0,"datetime_start":"2026-07-24T12:15:25.140887"}
{"op_code":9,"worker_id":"1755cc90-21bf-47a0-9246-e51d41713dca-23456247935296","trial_id":31,"system_attr":{"tpe:relative_params:0":"{\"lr\": 2.5833009678377195e-06, \"ratio\": 0.11566379102621019}"}}
{"op_code":5,"worker_id":"1755cc90-21bf-47a0-9246-e51d41713dca-23456247935296","trial_id":31,"param_name":"lr","param_value_internal":2.5833009678377195e-06,"distribution":"{\"name\": \"FloatDistribution\", \"attributes\": {\"step\": null, \"low\": 1e-08, \"high\": 0.5, \"log\": true}}"}
{"op_code":5,"worker_id":"1755cc90-21bf-47a0-9246-e51d41713dca-23456247935296","trial_id":31,"param_name":"ratio","param_value_internal":0.11566379102621019,"distribution":"{\"name\": \"FloatDistribution\", \"attributes\": {\"step\": null, \"low\": 0.1, \"high\": 100.0, \"log\": true}}"}
{"op_code":0,"worker_id":"4826794c-5aec-4ffd-9094-6ee36143d241-23456247935296","study_name":"peter_cwebkb_k5","directions":[2]}
{"op_code":4,"worker_id":"4826794c-5aec-4ffd-9094-6ee36143d241-23456247935296","study_id":0,"datetime_start":"2026-07-24T12:18:46.801833"}
{"op_code":9,"worker_id":"4826794c-5aec-4ffd-9094-6ee36143d241-23456247935296","trial_id":32,"system_attr":{"tpe:relative_params:0":"{\"lr\": 0.00012567798022857673, \"ratio\": 27.94498175724853}"}}
{"op_code":5,"worker_id":"4826794c-5aec-4ffd-9094-6ee36143d241-23456247935296","trial_id":32,"param_name":"lr","param_value_internal":0.00012567798022857673,"distribution":"{\"name\": \"FloatDistribution\", \"attributes\": {\"step\": null, \"low\": 1e-08, \"high\": 0.5, \"log\": true}}"}
{"op_code":5,"worker_id":"4826794c-5aec-4ffd-9094-6ee36143d241-23456247935296","trial_id":32,"param_name":"ratio","param_value_internal":27.94498175724853,"distribution":"{\"name\": \"FloatDistribution\", \"attributes\": {\"step\": null, \"low\": 0.1, \"high\": 100.0, \"log\": true}}"}
{"op_code":6,"worker_id":"1755cc90-21bf-47a0-9246-e51d41713dca-23456247935296","trial_id":31,"state":1,"values":[-190.2106828709856],"datetime_complete":"2026-07-24T12:21:38.347861"}
{"op_code":0,"worker_id":"c5bd9255-3102-4beb-93e9-2949c54bf2f5-23456247935296","study_name":"peter_cwebkb_k5","directions":[2]}
{"op_code":4,"worker_id":"c5bd9255-3102-4beb-93e9-2949c54bf2f5-23456247935296","study_id":0,"datetime_start":"2026-07-24T12:22:59.876118"}
{"op_code":9,"worker_id":"c5bd9255-3102-4beb-93e9-2949c54bf2f5-23456247935296","trial_id":33,"system_attr":{"tpe:relative_params:0":"{\"lr\": 0.00012514427007542016, \"ratio\": 0.9299603077593867}"}}
{"op_code":5,"worker_id":"c5bd9255-3102-4beb-93e9-2949c54bf2f5-23456247935296","trial_id":33,"param_name":"lr","param_value_internal":0.00012514427007542016,"distribution":"{\"name\": \"FloatDistribution\", \"attributes\": {\"step\": null, \"low\": 1e-08, \"high\": 0.5, \"log\": true}}"}
{"op_code":5,"worker_id":"c5bd9255-3102-4beb-93e9-2949c54bf2f5-23456247935296","trial_id":33,"param_name":"ratio","param_value_internal":0.9299603077593867,"distribution":"{\"name\": \"FloatDistribution\", \"attributes\": {\"step\": null, \"low\": 0.1, \"high\": 100.0, \"log\": true}}"}
{"op_code":6,"worker_id":"4826794c-5aec-4ffd-9094-6ee36143d241-23456247935296","trial_id":32,"state":1,"values":[-178.3250177713316],"datetime_complete":"2026-07-24T12:26:43.965837"}
{"op_code":0,"worker_id":"521dcea8-deeb-452c-8ad1-7557f79f860a-23456247935296","study_name":"peter_cwebkb_k5","directions":[2]}
{"op_code":4,"worker_id":"521dcea8-deeb-452c-8ad1-7557f79f860a-23456247935296","study_id":0,"datetime_start":"2026-07-24T12:28:52.124377"}
{"op_code":9,"worker_id":"521dcea8-deeb-452c-8ad1-7557f79f860a-23456247935296","trial_id":34,"system_attr":{"tpe:relative_params:0":"{\"lr\": 0.04358379912834021, \"ratio\": 7.111222214404418}"}}
{"op_code":5,"worker_id":"521dcea8-deeb-452c-8ad1-7557f79f860a-23456247935296","trial_id":34,"param_name":"lr","param_value_internal":0.04358379912834021,"distribution":"{\"name\": \"FloatDistribution\", \"attributes\": {\"step\": null, \"low\": 1e-08, \"high\": 0.5, \"log\": true}}"}
{"op_code":5,"worker_id":"521dcea8-deeb-452c-8ad1-7557f79f860a-23456247935296","trial_id":34,"param_name":"ratio","param_value_internal":7.111222214404418,"distribution":"{\"name\": \"FloatDistribution\", \"attributes\": {\"step\": null, \"low\": 0.1, \"high\": 100.0, \"log\": true}}"}
{"op_code":6,"worker_id":"c5bd9255-3102-4beb-93e9-2949c54bf2f5-23456247935296","trial_id":33,"state":1,"values":[-182.61010099738846],"datetime_complete":"2026-07-24T12:30:29.210799"}
{"op_code":0,"worker_id":"3fd2ca38-9703-45e3-bfd1-18cafbefead2-23456247935296","study_name":"peter_cwebkb_k5","directions":[2]}
{"op_code":4,"worker_id":"3fd2ca38-9703-45e3-bfd1-18cafbefead2-23456247935296","study_id":0,"datetime_start":"2026-07-24T12:33:23.256302"}
{"op_code":9,"worker_id":"3fd2ca38-9703-45e3-bfd1-18cafbefead2-23456247935296","trial_id":35,"system_attr":{"tpe:relative_params:0":"{\"lr\": 0.036681479736542795, \"ratio\": 82.81527845686017}"}}
{"op_code":5,"worker_id":"3fd2ca38-9703-45e3-bfd1-18cafbefead2-23456247935296","trial_id":35,"param_name":"lr","param_value_internal":0.036681479736542795,"distribution":"{\"name\": \"FloatDistribution\", \"attributes\": {\"step\": null, \"low\": 1e-08, \"high\": 0.5, \"log\": true}}"}
{"op_code":5,"worker_id":"3fd2ca38-9703-45e3-bfd1-18cafbefead2-23456247935296","trial_id":35,"param_name":"ratio","param_value_internal":82.81527845686017,"distribution":"{\"name\": \"FloatDistribution\", \"attributes\": {\"step\": null, \"low\": 0.1, \"high\": 100.0, \"log\": true}}"}
{"op_code":6,"worker_id":"3fd2ca38-9703-45e3-bfd1-18cafbefead2-23456247935296","trial_id":35,"state":3,"values":null,"datetime_complete":"2026-07-24T12:34:43.578044"}
{"op_code":6,"worker_id":"521dcea8-deeb-452c-8ad1-7557f79f860a-23456247935296","trial_id":34,"state":1,"values":[-182.32050808187034],"datetime_complete":"2026-07-24T12:35:01.209765"}
{"op_code":0,"worker_id":"89469bf8-e9b4-49f1-bac1-e52e637694be-23456247935296","study_name":"peter_cwebkb_k5","directions":[2]}
{"op_code":4,"worker_id":"89469bf8-e9b4-49f1-bac1-e52e637694be-23456247935296","study_id":0,"datetime_start":"2026-07-24T12:37:34.541369"}
{"op_code":9,"worker_id":"89469bf8-e9b4-49f1-bac1-e52e637694be-23456247935296","trial_id":36,"system_attr":{"tpe:relative_params:0":"{\"lr\": 0.016263396664423554, \"ratio\": 49.068311731266}"}}
{"op_code":5,"worker_id":"89469bf8-e9b4-49f1-bac1-e52e637694be-23456247935296","trial_id":36,"param_name":"lr","param_value_internal":0.016263396664423554,"distribution":"{\"name\": \"FloatDistribution\", \"attributes\": {\"step\": null, \"low\": 1e-08, \"high\": 0.5, \"log\": true}}"}
{"op_code":5,"worker_id":"89469bf8-e9b4-49f1-bac1-e52e637694be-23456247935296","trial_id":36,"param_name":"ratio","param_value_internal":49.068311731266,"distribution":"{\"name\": \"FloatDistribution\", \"attributes\": {\"step\": null, \"low\": 0.1, \"high\": 100.0, \"log\": true}}"}
{"op_code":0,"worker_id":"abbbcf5d-4deb-4e8e-bf41-e3369f1bcb90-23456247935296","study_name":"peter_cwebkb_k5","directions":[2]}
{"op_code":4,"worker_id":"abbbcf5d-4deb-4e8e-bf41-e3369f1bcb90-23456247935296","study_id":0,"datetime_start":"2026-07-24T12:42:46.024451"}
{"op_code":9,"worker_id":"abbbcf5d-4deb-4e8e-bf41-e3369f1bcb90-23456247935296","trial_id":37,"system_attr":{"tpe:relative_params:0":"{\"lr\": 0.002428432547792353, \"ratio\": 47.034317454406384}"}}
{"op_code":5,"worker_id":"abbbcf5d-4deb-4e8e-bf41-e3369f1bcb90-23456247935296","trial_id":37,"param_name":"lr","param_value_internal":0.002428432547792353,"distribution":"{\"name\": \"FloatDistribution\", \"attributes\": {\"step\": null, \"low\": 1e-08, \"high\": 0.5, \"log\": true}}"}
{"op_code":5,"worker_id":"abbbcf5d-4deb-4e8e-bf41-e3369f1bcb90-23456247935296","trial_id":37,"param_name":"ratio","param_value_internal":47.034317454406384,"distribution":"{\"name\": \"FloatDistribution\", \"attributes\": {\"step\": null, \"low\": 0.1, \"high\": 100.0, \"log\": true}}"}
{"op_code":6,"worker_id":"89469bf8-e9b4-49f1-bac1-e52e637694be-23456247935296","trial_id":36,"state":1,"values":[-180.13867236952348],"datetime_complete":"2026-07-24T12:43:34.398903"}
{"op_code":0,"worker_id":"da36c11c-695e-48e9-a687-d458fe23b774-23456247935296","study_name":"peter_cwebkb_k5","directions":[2]}
{"op_code":4,"worker_id":"da36c11c-695e-48e9-a687-d458fe23b774-23456247935296","study_id":0,"datetime_start":"2026-07-24T12:47:33.851364"}
{"op_code":9,"worker_id":"da36c11c-695e-48e9-a687-d458fe23b774-23456247935296","trial_id":38,"system_attr":{"tpe:relative_params:0":"{\"lr\": 0.000320868282100657, \"ratio\": 34.700484012239905}"}}
{"op_code":5,"worker_id":"da36c11c-695e-48e9-a687-d458fe23b774-23456247935296","trial_id":38,"param_name":"lr","param_value_internal":0.000320868282100657,"distribution":"{\"name\": \"FloatDistribution\", \"attributes\": {\"step\": null, \"low\": 1e-08, \"high\": 0.5, \"log\": true}}"}
{"op_code":5,"worker_id":"da36c11c-695e-48e9-a687-d458fe23b774-23456247935296","trial_id":38,"param_name":"ratio","param_value_internal":34.700484012239905,"distribution":"{\"name\": \"FloatDistribution\", \"attributes\": {\"step\": null, \"low\": 0.1, \"high\": 100.0, \"log\": true}}"}
{"op_code":6,"worker_id":"abbbcf5d-4deb-4e8e-bf41-e3369f1bcb90-23456247935296","trial_id":37,"state":1,"values":[-185.40228168666312],"datetime_complete":"2026-07-24T12:51:49.148697"}
{"op_code":0,"worker_id":"4e5f79e6-fb28-4b98-b5b9-53f4a2ac9e2c-23456247935296","study_name":"peter_cwebkb_k5","directions":[2]}
{"op_code":4,"worker_id":"4e5f79e6-fb28-4b98-b5b9-53f4a2ac9e2c-23456247935296","study_id":0,"datetime_start":"2026-07-24T12:52:21.758664"}
{"op_code":9,"worker_id":"4e5f79e6-fb28-4b98-b5b9-53f4a2ac9e2c-23456247935296","trial_id":39,"system_attr":{"tpe:relative_params:0":"{\"lr\": 0.013720344354819955, \"ratio\": 91.24369995941166}"}}
{"op_code":5,"worker_id":"4e5f79e6-fb28-4b98-b5b9-53f4a2ac9e2c-23456247935296","trial_id":39,"param_name":"lr","param_value_internal":0.013720344354819955,"distribution":"{\"name\": \"FloatDistribution\", \"attributes\": {\"step\": null, \"low\": 1e-08, \"high\": 0.5, \"log\": true}}"}
{"op_code":5,"worker_id":"4e5f79e6-fb28-4b98-b5b9-53f4a2ac9e2c-23456247935296","trial_id":39,"param_name":"ratio","param_value_internal":91.24369995941166,"distribution":"{\"name\": \"FloatDistribution\", \"attributes\": {\"step\": null, \"low\": 0.1, \"high\": 100.0, \"log\": true}}"}
{"op_code":6,"worker_id":"da36c11c-695e-48e9-a687-d458fe23b774-23456247935296","trial_id":38,"state":1,"values":[-180.25234058816687],"datetime_complete":"2026-07-24T12:53:13.858202"}
{"op_code":0,"worker_id":"8cf1a6fb-ceb6-4fe2-bbf7-f54f98a46c8d-23456247935296","study_name":"peter_cwebkb_k5","directions":[2]}
{"op_code":4,"worker_id":"8cf1a6fb-ceb6-4fe2-bbf7-f54f98a46c8d-23456247935296","study_id":0,"datetime_start":"2026-07-24T12:56:58.417463"}
{"op_code":9,"worker_id":"8cf1a6fb-ceb6-4fe2-bbf7-f54f98a46c8d-23456247935296","trial_id":40,"system_attr":{"tpe:relative_params:0":"{\"lr\": 0.0009626810627936024, \"ratio\": 4.205065371331125}"}}
{"op_code":5,"worker_id":"8cf1a6fb-ceb6-4fe2-bbf7-f54f98a46c8d-23456247935296","trial_id":40,"param_name":"lr","param_value_internal":0.0009626810627936024,"distribution":"{\"name\": \"FloatDistribution\", \"attributes\": {\"step\": null, \"low\": 1e-08, \"high\": 0.5, \"log\": true}}"}
{"op_code":5,"worker_id":"8cf1a6fb-ceb6-4fe2-bbf7-f54f98a46c8d-23456247935296","trial_id":40,"param_name":"ratio","param_value_internal":4.205065371331125,"distribution":"{\"name\": \"FloatDistribution\", \"attributes\": {\"step\": null, \"low\": 0.1, \"high\": 100.0, \"log\": true}}"}
{"op_code":6,"worker_id":"4e5f79e6-fb28-4b98-b5b9-53f4a2ac9e2c-23456247935296","trial_id":39,"state":1,"values":[-178.41666153376522],"datetime_complete":"2026-07-24T12:58:04.262219"}
{"op_code":0,"worker_id":"da9b6b6d-eb30-4c8b-a0de-49124b50ebb6-23456247935296","study_name":"peter_cwebkb_k5","directions":[2]}
{"op_code":4,"worker_id":"da9b6b6d-eb30-4c8b-a0de-49124b50ebb6-23456247935296","study_id":0,"datetime_start":"2026-07-24T13:00:54.761056"}
{"op_code":9,"worker_id":"da9b6b6d-eb30-4c8b-a0de-49124b50ebb6-23456247935296","trial_id":41,"system_attr":{"tpe:relative_params:0":"{\"lr\": 2.931580612967597e-05, \"ratio\": 97.39138792270248}"}}
{"op_code":5,"worker_id":"da9b6b6d-eb30-4c8b-a0de-49124b50ebb6-23456247935296","trial_id":41,"param_name":"lr","param_value_internal":2.931580612967597e-05,"distribution":"{\"name\": \"FloatDistribution\", \"attributes\": {\"step\": null, \"low\": 1e-08, \"high\": 0.5, \"log\": true}}"}
{"op_code":5,"worker_id":"da9b6b6d-eb30-4c8b-a0de-49124b50ebb6-23456247935296","trial_id":41,"param_name":"ratio","param_value_internal":97.39138792270248,"distribution":"{\"name\": \"FloatDistribution\", \"attributes\": {\"step\": null, \"low\": 0.1, \"high\": 100.0, \"log\": true}}"}
{"op_code":0,"worker_id":"d9832803-023f-4930-be96-f4dfb26f7853-23456247935296","study_name":"peter_cwebkb_k5","directions":[2]}
{"op_code":4,"worker_id":"d9832803-023f-4930-be96-f4dfb26f7853-23456247935296","study_id":0,"datetime_start":"2026-07-24T13:05:15.489754"}
{"op_code":9,"worker_id":"d9832803-023f-4930-be96-f4dfb26f7853-23456247935296","trial_id":42,"system_attr":{"tpe:relative_params:0":"{\"lr\": 0.0019419730056415255, \"ratio\": 20.26876704089098}"}}
{"op_code":5,"worker_id":"d9832803-023f-4930-be96-f4dfb26f7853-23456247935296","trial_id":42,"param_name":"lr","param_value_internal":0.0019419730056415255,"distribution":"{\"name\": \"FloatDistribution\", \"attributes\": {\"step\": null, \"low\": 1e-08, \"high\": 0.5, \"log\": true}}"}
{"op_code":5,"worker_id":"d9832803-023f-4930-be96-f4dfb26f7853-23456247935296","trial_id":42,"param_name":"ratio","param_value_internal":20.26876704089098,"distribution":"{\"name\": \"FloatDistribution\", \"attributes\": {\"step\": null, \"low\": 0.1, \"high\": 100.0, \"log\": true}}"}
{"op_code":6,"worker_id":"8cf1a6fb-ceb6-4fe2-bbf7-f54f98a46c8d-23456247935296","trial_id":40,"state":1,"values":[-178.7803368662434],"datetime_complete":"2026-07-24T13:05:25.042439"}
{"op_code":6,"worker_id":"da9b6b6d-eb30-4c8b-a0de-49124b50ebb6-23456247935296","trial_id":41,"state":1,"values":[-179.31951760895717],"datetime_complete":"2026-07-24T13:07:06.578125"}
{"op_code":0,"worker_id":"a718848f-2252-4abf-bbbb-7e1faba31fc7-23456247935296","study_name":"peter_cwebkb_k5","directions":[2]}
{"op_code":4,"worker_id":"a718848f-2252-4abf-bbbb-7e1faba31fc7-23456247935296","study_id":0,"datetime_start":"2026-07-24T13:09:38.878880"}
{"op_code":9,"worker_id":"a718848f-2252-4abf-bbbb-7e1faba31fc7-23456247935296","trial_id":43,"system_attr":{"tpe:relative_params:0":"{\"lr\": 2.073592966581347e-05, \"ratio\": 11.719720026896345}"}}
{"op_code":5,"worker_id":"a718848f-2252-4abf-bbbb-7e1faba31fc7-23456247935296","trial_id":43,"param_name":"lr","param_value_internal":2.073592966581347e-05,"distribution":"{\"name\": \"FloatDistribution\", \"attributes\": {\"step\": null, \"low\": 1e-08, \"high\": 0.5, \"log\": true}}"}
{"op_code":5,"worker_id":"a718848f-2252-4abf-bbbb-7e1faba31fc7-23456247935296","trial_id":43,"param_name":"ratio","param_value_internal":11.719720026896345,"distribution":"{\"name\": \"FloatDistribution\", \"attributes\": {\"step\": null, \"low\": 0.1, \"high\": 100.0, \"log\": true}}"}
{"op_code":0,"worker_id":"71d6f3cd-8065-4a70-8449-8e41fbf70c77-23456247935296","study_name":"peter_cwebkb_k5","directions":[2]}
{"op_code":4,"worker_id":"71d6f3cd-8065-4a70-8449-8e41fbf70c77-23456247935296","study_id":0,"datetime_start":"2026-07-24T13:14:43.859157"}
{"op_code":9,"worker_id":"71d6f3cd-8065-4a70-8449-8e41fbf70c77-23456247935296","trial_id":44,"system_attr":{"tpe:relative_params:0":"{\"lr\": 0.2212147773842309, \"ratio\": 8.465261663858412}"}}
{"op_code":5,"worker_id":"71d6f3cd-8065-4a70-8449-8e41fbf70c77-23456247935296","trial_id":44,"param_name":"lr","param_value_internal":0.2212147773842309,"distribution":"{\"name\": \"FloatDistribution\", \"attributes\": {\"step\": null, \"low\": 1e-08, \"high\": 0.5, \"log\": true}}"}
{"op_code":5,"worker_id":"71d6f3cd-8065-4a70-8449-8e41fbf70c77-23456247935296","trial_id":44,"param_name":"ratio","param_value_internal":8.465261663858412,"distribution":"{\"name\": \"FloatDistribution\", \"attributes\": {\"step\": null, \"low\": 0.1, \"high\": 100.0, \"log\": true}}"}
{"op_code":6,"worker_id":"d9832803-023f-4930-be96-f4dfb26f7853-23456247935296","trial_id":42,"state":1,"values":[-177.03835394676162],"datetime_complete":"2026-07-24T13:15:29.820226"}
{"op_code":6,"worker_id":"71d6f3cd-8065-4a70-8449-8e41fbf70c77-23456247935296","trial_id":44,"state":3,"values":null,"datetime_complete":"2026-07-24T13:16:06.662231"}
{"op_code":0,"worker_id":"07e2704c-4bf3-4789-ad6a-de427c277ff5-23456247935296","study_name":"peter_cwebkb_k5","directions":[2]}
{"op_code":4,"worker_id":"07e2704c-4bf3-4789-ad6a-de427c277ff5-23456247935296","study_id":0,"datetime_start":"2026-07-24T13:18:33.194065"}
{"op_code":9,"worker_id":"07e2704c-4bf3-4789-ad6a-de427c277ff5-23456247935296","trial_id":45,"system_attr":{"tpe:relative_params:0":"{\"lr\": 0.012342403697999882, \"ratio\": 14.204951189563706}"}}
{"op_code":5,"worker_id":"07e2704c-4bf3-4789-ad6a-de427c277ff5-23456247935296","trial_id":45,"param_name":"lr","param_value_internal":0.012342403697999882,"distribution":"{\"name\": \"FloatDistribution\", \"attributes\": {\"step\": null, \"low\": 1e-08, \"high\": 0.5, \"log\": true}}"}
{"op_code":5,"worker_id":"07e2704c-4bf3-4789-ad6a-de427c277ff5-23456247935296","trial_id":45,"param_name":"ratio","param_value_internal":14.204951189563706,"distribution":"{\"name\": \"FloatDistribution\", \"attributes\": {\"step\": null, \"low\": 0.1, \"high\": 100.0, \"log\": true}}"}
{"op_code":6,"worker_id":"a718848f-2252-4abf-bbbb-7e1faba31fc7-23456247935296","trial_id":43,"state":1,"values":[-184.15831056011152],"datetime_complete":"2026-07-24T13:20:35.435407"}
{"op_code":0,"worker_id":"91b6f1f1-be0b-41e0-b7ff-dbbe070fd249-23456247935296","study_name":"peter_cwebkb_k5","directions":[2]}
{"op_code":4,"worker_id":"91b6f1f1-be0b-41e0-b7ff-dbbe070fd249-23456247935296","study_id":0,"datetime_start":"2026-07-24T13:21:40.154997"}
{"op_code":9,"worker_id":"91b6f1f1-be0b-41e0-b7ff-dbbe070fd249-23456247935296","trial_id":46,"system_attr":{"tpe:relative_params:0":"{\"lr\": 0.47755904036325564, \"ratio\": 12.624120187497809}"}}
{"op_code":5,"worker_id":"91b6f1f1-be0b-41e0-b7ff-dbbe070fd249-23456247935296","trial_id":46,"param_name":"lr","param_value_internal":0.47755904036325564,"distribution":"{\"name\": \"FloatDistribution\", \"attributes\": {\"step\": null, \"low\": 1e-08, \"high\": 0.5, \"log\": true}}"}
{"op_code":5,"worker_id":"91b6f1f1-be0b-41e0-b7ff-dbbe070fd249-23456247935296","trial_id":46,"param_name":"ratio","param_value_internal":12.624120187497809,"distribution":"{\"name\": \"FloatDistribution\", \"attributes\": {\"step\": null, \"low\": 0.1, \"high\": 100.0, \"log\": true}}"}
{"op_code":6,"worker_id":"91b6f1f1-be0b-41e0-b7ff-dbbe070fd249-23456247935296","trial_id":46,"state":3,"values":null,"datetime_complete":"2026-07-24T13:22:43.245266"}
{"op_code":0,"worker_id":"a50eb265-6c5a-422a-a4b9-8d2d50883bf8-23456247935296","study_name":"peter_cwebkb_k5","directions":[2]}
{"op_code":4,"worker_id":"a50eb265-6c5a-422a-a4b9-8d2d50883bf8-23456247935296","study_id":0,"datetime_start":"2026-07-24T13:24:21.407697"}
{"op_code":9,"worker_id":"a50eb265-6c5a-422a-a4b9-8d2d50883bf8-23456247935296","trial_id":47,"system_attr":{"tpe:relative_params:0":"{\"lr\": 0.4015977350557702, \"ratio\": 1.3109599946530366}"}}
{"op_code":5,"worker_id":"a50eb265-6c5a-422a-a4b9-8d2d50883bf8-23456247935296","trial_id":47,"param_name":"lr","param_value_internal":0.4015977350557702,"distribution":"{\"name\": \"FloatDistribution\", \"attributes\": {\"step\": null, \"low\": 1e-08, \"high\": 0.5, \"log\": true}}"}
{"op_code":5,"worker_id":"a50eb265-6c5a-422a-a4b9-8d2d50883bf8-23456247935296","trial_id":47,"param_name":"ratio","param_value_internal":1.3109599946530366,"distribution":"{\"name\": \"FloatDistribution\", \"attributes\": {\"step\": null, \"low\": 0.1, \"high\": 100.0, \"log\": true}}"}
{"op_code":6,"worker_id":"07e2704c-4bf3-4789-ad6a-de427c277ff5-23456247935296","trial_id":45,"state":1,"values":[-176.47391759737704],"datetime_complete":"2026-07-24T13:24:38.383685"}
{"op_code":6,"worker_id":"a50eb265-6c5a-422a-a4b9-8d2d50883bf8-23456247935296","trial_id":47,"state":3,"values":null,"datetime_complete":"2026-07-24T13:24:55.240972"}
{"op_code":0,"worker_id":"e62da5bf-6449-4979-b80b-c080b23a8236-23456247935296","study_name":"peter_cwebkb_k5","directions":[2]}
{"op_code":4,"worker_id":"e62da5bf-6449-4979-b80b-c080b23a8236-23456247935296","study_id":0,"datetime_start":"2026-07-24T13:27:25.220510"}
{"op_code":9,"worker_id":"e62da5bf-6449-4979-b80b-c080b23a8236-23456247935296","trial_id":48,"system_attr":{"tpe:relative_params:0":"{\"lr\": 0.028759605416531418, \"ratio\": 18.379569578026764}"}}
{"op_code":5,"worker_id":"e62da5bf-6449-4979-b80b-c080b23a8236-23456247935296","trial_id":48,"param_name":"lr","param_value_internal":0.028759605416531418,"distribution":"{\"name\": \"FloatDistribution\", \"attributes\": {\"step\": null, \"low\": 1e-08, \"high\": 0.5, \"log\": true}}"}
{"op_code":5,"worker_id":"e62da5bf-6449-4979-b80b-c080b23a8236-23456247935296","trial_id":48,"param_name":"ratio","param_value_internal":18.379569578026764,"distribution":"{\"name\": \"FloatDistribution\", \"attributes\": {\"step\": null, \"low\": 0.1, \"high\": 100.0, \"log\": true}}"}
{"op_code":0,"worker_id":"d654d531-c80c-4419-9321-979319ce1d9c-23456247935296","study_name":"peter_cwebkb_k5","directions":[2]}
{"op_code":4,"worker_id":"d654d531-c80c-4419-9321-979319ce1d9c-23456247935296","study_id":0,"datetime_start":"2026-07-24T13:31:23.708976"}
{"op_code":9,"worker_id":"d654d531-c80c-4419-9321-979319ce1d9c-23456247935296","trial_id":49,"system_attr":{"tpe:relative_params:0":"{\"lr\": 0.07556373544594992, \"ratio\": 0.11668933210382107}"}}
{"op_code":5,"worker_id":"d654d531-c80c-4419-9321-979319ce1d9c-23456247935296","trial_id":49,"param_name":"lr","param_value_internal":0.07556373544594992,"distribution":"{\"name\": \"FloatDistribution\", \"attributes\": {\"step\": null, \"low\": 1e-08, \"high\": 0.5, \"log\": true}}"}
{"op_code":5,"worker_id":"d654d531-c80c-4419-9321-979319ce1d9c-23456247935296","trial_id":49,"param_name":"ratio","param_value_internal":0.11668933210382107,"distribution":"{\"name\": \"FloatDistribution\", \"attributes\": {\"step\": null, \"low\": 0.1, \"high\": 100.0, \"log\": true}}"}
{"op_code":6,"worker_id":"d654d531-c80c-4419-9321-979319ce1d9c-23456247935296","trial_id":49,"state":3,"values":null,"datetime_complete":"2026-07-24T13:32:07.535893"}
{"op_code":6,"worker_id":"e62da5bf-6449-4979-b80b-c080b23a8236-23456247935296","trial_id":48,"state":1,"values":[-179.78104070566346],"datetime_complete":"2026-07-24T13:33:27.964889"}
{"op_code":0,"worker_id":"8834f987-8e3d-4397-869a-b8051dfeb1cc-23456247935296","study_name":"peter_cwebkb_k5","directions":[2]}
{"op_code":4,"worker_id":"8834f987-8e3d-4397-869a-b8051dfeb1cc-23456247935296","study_id":0,"datetime_start":"2026-07-24T13:35:06.195828"}
{"op_code":9,"worker_id":"8834f987-8e3d-4397-869a-b8051dfeb1cc-23456247935296","trial_id":50,"system_attr":{"tpe:relative_params:0":"{\"lr\": 0.002098342539762139, \"ratio\": 12.47290762841978}"}}
{"op_code":5,"worker_id":"8834f987-8e3d-4397-869a-b8051dfeb1cc-23456247935296","trial_id":50,"param_name":"lr","param_value_internal":0.002098342539762139,"distribution":"{\"name\": \"FloatDistribution\", \"attributes\": {\"step\": null, \"low\": 1e-08, \"high\": 0.5, \"log\": true}}"}
{"op_code":5,"worker_id":"8834f987-8e3d-4397-869a-b8051dfeb1cc-23456247935296","trial_id":50,"param_name":"ratio","param_value_internal":12.47290762841978,"distribution":"{\"name\": \"FloatDistribution\", \"attributes\": {\"step\": null, \"low\": 0.1, \"high\": 100.0, \"log\": true}}"}
{"op_code":0,"worker_id":"6dbbc9fb-e5be-49b6-bce8-d6691a45da6e-23456247935296","study_name":"peter_cwebkb_k5","directions":[2]}
{"op_code":4,"worker_id":"6dbbc9fb-e5be-49b6-bce8-d6691a45da6e-23456247935296","study_id":0,"datetime_start":"2026-07-24T13:37:37.657309"}
{"op_code":9,"worker_id":"6dbbc9fb-e5be-49b6-bce8-d6691a45da6e-23456247935296","trial_id":51,"system_attr":{"tpe:relative_params:0":"{\"lr\": 0.013905044945454031, \"ratio\": 14.118165887380211}"}}
{"op_code":5,"worker_id":"6dbbc9fb-e5be-49b6-bce8-d6691a45da6e-23456247935296","trial_id":51,"param_name":"lr","param_value_internal":0.013905044945454031,"distribution":"{\"name\": \"FloatDistribution\", \"attributes\": {\"step\": null, \"low\": 1e-08, \"high\": 0.5, \"log\": true}}"}
{"op_code":5,"worker_id":"6dbbc9fb-e5be-49b6-bce8-d6691a45da6e-23456247935296","trial_id":51,"param_name":"ratio","param_value_internal":14.118165887380211,"distribution":"{\"name\": \"FloatDistribution\", \"attributes\": {\"step\": null, \"low\": 0.1, \"high\": 100.0, \"log\": true}}"}
{"op_code":6,"worker_id":"8834f987-8e3d-4397-869a-b8051dfeb1cc-23456247935296","trial_id":50,"state":1,"values":[-176.99139532964168],"datetime_complete":"2026-07-24T13:43:43.209044"}
{"op_code":6,"worker_id":"6dbbc9fb-e5be-49b6-bce8-d6691a45da6e-23456247935296","trial_id":51,"state":3,"values":null,"datetime_complete":"2026-07-24T13:44:18.011635"}
{"op_code":0,"worker_id":"dcb58bbb-0c0a-486c-9cad-9c8a089905f7-23456247935296","study_name":"peter_cwebkb_k5","directions":[2]}
{"op_code":0,"worker_id":"7a1bb2a3-073c-41db-9205-3d7d4e64736b-23456247935296","study_name":"peter_cwebkb_k5","directions":[2]}
