{"op_code":0,"worker_id":"e6c39de1-2174-43b2-a0c2-10a8d2c8237c-20268","study_name":"peter_adult_k3","directions":[2]}
{"op_code":0,"worker_id":"73e66519-9c12-4594-bcea-09ceb0469a55-38392","study_name":"peter_adult_k3","directions":[2]}
{"op_code":4,"worker_id":"73e66519-9c12-4594-bcea-09ceb0469a55-38392","study_id":0,"datetime_start":"2026-07-24T09:10:19.304845"}
{"op_code":5,"worker_id":"73e66519-9c12-4594-bcea-09ceb0469a55-38392","trial_id":0,"param_name":"lr","param_value_internal":4.503470805836186e-05,"distribution":"{\"name\": \"FloatDistribution\", \"attributes\": {\"step\": null, \"low\": 1e-08, \"high\": 0.5, \"log\": true}}"}
{"op_code":5,"worker_id":"73e66519-9c12-4594-bcea-09ceb0469a55-38392","trial_id":0,"param_name":"ratio","param_value_internal":0.10593096776838552,"distribution":"{\"name\": \"FloatDistribution\", \"attributes\": {\"step\": null, \"low\": 0.1, \"high\": 100.0, \"log\": true}}"}
{"op_code":0,"worker_id":"b9ba251b-7df2-4232-9f0f-73143d52eeac-16900","study_name":"peter_adult_k3","directions":[2]}
{"op_code":4,"worker_id":"b9ba251b-7df2-4232-9f0f-73143d52eeac-16900","study_id":0,"datetime_start":"2026-07-24T09:13:01.412184"}
{"op_code":5,"worker_id":"b9ba251b-7df2-4232-9f0f-73143d52eeac-16900","trial_id":1,"param_name":"lr","param_value_internal":2.7589217550345254e-05,"distribution":"{\"name\": \"FloatDistribution\", \"attributes\": {\"step\": null, \"low\": 1e-08, \"high\": 0.5, \"log\": true}}"}
{"op_code":5,"worker_id":"b9ba251b-7df2-4232-9f0f-73143d52eeac-16900","trial_id":1,"param_name":"ratio","param_value_internal":0.3657103289598238,"distribution":"{\"name\": \"FloatDistribution\", \"attributes\": {\"step\": null, \"low\": 0.1, \"high\": 100.0, \"log\": true}}"}
{"op_code":0,"worker_id":"5d9a4200-a6d7-48ef-a1b3-e58f4e5b9243-31232","study_name":"peter_adult_k3","directions":[2]}
{"op_code":4,"worker_id":"5d9a4200-a6d7-48ef-a1b3-e58f4e5b9243-31232","study_id":0,"datetime_start":"2026-07-24T09:13:02.094549"}
{"op_code":5,"worker_id":"5d9a4200-a6d7-48ef-a1b3-e58f4e5b9243-31232","trial_id":2,"param_name":"lr","param_value_internal":1.2750490529042532e-08,"distribution":"{\"name\": \"FloatDistribution\", \"attributes\": {\"step\": null, \"low\": 1e-08, \"high\": 0.5, \"log\": true}}"}
{"op_code":5,"worker_id":"5d9a4200-a6d7-48ef-a1b3-e58f4e5b9243-31232","trial_id":2,"param_name":"ratio","param_value_internal":4.916098584244748,"distribution":"{\"name\": \"FloatDistribution\", \"attributes\": {\"step\": null, \"low\": 0.1, \"high\": 100.0, \"log\": true}}"}
{"op_code":0,"worker_id":"39e0e1a4-3764-4de0-a254-744ffa316d11-23456247935296","study_name":"peter_adult_k3","directions":[2]}
{"op_code":0,"worker_id":"fc8f2534-5dd3-4728-9204-99198fd04fdb-23456247935296","study_name":"peter_adult_k3","directions":[2]}
{"op_code":4,"worker_id":"fc8f2534-5dd3-4728-9204-99198fd04fdb-23456247935296","study_id":0,"datetime_start":"2026-07-24T10:21:56.641852"}
{"op_code":5,"worker_id":"fc8f2534-5dd3-4728-9204-99198fd04fdb-23456247935296","trial_id":3,"param_name":"lr","param_value_internal":1.805025153487087e-08,"distribution":"{\"name\": \"FloatDistribution\", \"attributes\": {\"step\": null, \"low\": 1e-08, \"high\": 0.5, \"log\": true}}"}
{"op_code":5,"worker_id":"fc8f2534-5dd3-4728-9204-99198fd04fdb-23456247935296","trial_id":3,"param_name":"ratio","param_value_internal":19.48492909662341,"distribution":"{\"name\": \"FloatDistribution\", \"attributes\": {\"step\": null, \"low\": 0.1, \"high\": 100.0, \"log\": true}}"}
{"op_code":0,"worker_id":"84e0b4c3-381c-411d-b71e-a7be07ee0aeb-23456247935296","study_name":"peter_adult_k3","directions":[2]}
{"op_code":4,"worker_id":"84e0b4c3-381c-411d-b71e-a7be07ee0aeb-23456247935296","study_id":0,"datetime_start":"2026-07-24T10:22:23.272882"}
{"op_code":5,"worker_id":"84e0b4c3-381c-411d-b71e-a7be07ee0aeb-23456247935296","trial_id":4,"param_name":"lr","param_value_internal":0.000265155204177404,"distribution":"{\"name\": \"FloatDistribution\", \"attributes\": {\"step\": null, \"low\": 1e-08, \"high\": 0.5, \"log\": true}}"}
{"op_code":5,"worker_id":"84e0b4c3-381c-411d-b71e-a7be07ee0aeb-23456247935296","trial_id":4,"param_name":"ratio","param_value_internal":10.087866806080827,"distribution":"{\"name\": \"FloatDistribution\", \"attributes\": {\"step\": null, \"low\": 0.1, \"high\": 100.0, \"log\": true}}"}
{"op_code":0,"worker_id":"29d2a5f4-1d41-40a3-a3de-a3b081b9d697-23456247935296","study_name":"peter_adult_k3","directions":[2]}
{"op_code":4,"worker_id":"29d2a5f4-1d41-40a3-a3de-a3b081b9d697-23456247935296","study_id":0,"datetime_start":"2026-07-24T10:25:36.339704"}
{"op_code":5,"worker_id":"29d2a5f4-1d41-40a3-a3de-a3b081b9d697-23456247935296","trial_id":5,"param_name":"lr","param_value_internal":2.7383534663908446e-06,"distribution":"{\"name\": \"FloatDistribution\", \"attributes\": {\"step\": null, \"low\": 1e-08, \"high\": 0.5, \"log\": true}}"}
{"op_code":5,"worker_id":"29d2a5f4-1d41-40a3-a3de-a3b081b9d697-23456247935296","trial_id":5,"param_name":"ratio","param_value_internal":14.21165735720208,"distribution":"{\"name\": \"FloatDistribution\", \"attributes\": {\"step\": null, \"low\": 0.1, \"high\": 100.0, \"log\": true}}"}
{"op_code":0,"worker_id":"09e0b761-2c03-4853-a811-dcbaf13a9873-23456247935296","study_name":"peter_adult_k3","directions":[2]}
{"op_code":4,"worker_id":"09e0b761-2c03-4853-a811-dcbaf13a9873-23456247935296","study_id":0,"datetime_start":"2026-07-24T10:28:55.494791"}
{"op_code":5,"worker_id":"09e0b761-2c03-4853-a811-dcbaf13a9873-23456247935296","trial_id":6,"param_name":"lr","param_value_internal":5.597127200575976e-06,"distribution":"{\"name\": \"FloatDistribution\", \"attributes\": {\"step\": null, \"low\": 1e-08, \"high\": 0.5, \"log\": true}}"}
{"op_code":5,"worker_id":"09e0b761-2c03-4853-a811-dcbaf13a9873-23456247935296","trial_id":6,"param_name":"ratio","param_value_internal":1.7145430562589488,"distribution":"{\"name\": \"FloatDistribution\", \"attributes\": {\"step\": null, \"low\": 0.1, \"high\": 100.0, \"log\": true}}"}
{"op_code":6,"worker_id":"fc8f2534-5dd3-4728-9204-99198fd04fdb-23456247935296","trial_id":3,"state":1,"values":[-43.39038102204794],"datetime_complete":"2026-07-24T10:30:23.157274"}
{"op_code":6,"worker_id":"84e0b4c3-381c-411d-b71e-a7be07ee0aeb-23456247935296","trial_id":4,"state":1,"values":[-28.879458406501005],"datetime_complete":"2026-07-24T10:31:04.436933"}
{"op_code":0,"worker_id":"4007dc45-b279-415a-87de-45a39c6a8171-23456247935296","study_name":"peter_adult_k3","directions":[2]}
{"op_code":4,"worker_id":"4007dc45-b279-415a-87de-45a39c6a8171-23456247935296","study_id":0,"datetime_start":"2026-07-24T10:32:41.430990"}
{"op_code":5,"worker_id":"4007dc45-b279-415a-87de-45a39c6a8171-23456247935296","trial_id":7,"param_name":"lr","param_value_internal":7.531125716110964e-05,"distribution":"{\"name\": \"FloatDistribution\", \"attributes\": {\"step\": null, \"low\": 1e-08, \"high\": 0.5, \"log\": true}}"}
{"op_code":5,"worker_id":"4007dc45-b279-415a-87de-45a39c6a8171-23456247935296","trial_id":7,"param_name":"ratio","param_value_internal":37.478272877286294,"distribution":"{\"name\": \"FloatDistribution\", \"attributes\": {\"step\": null, \"low\": 0.1, \"high\": 100.0, \"log\": true}}"}
{"op_code":6,"worker_id":"29d2a5f4-1d41-40a3-a3de-a3b081b9d697-23456247935296","trial_id":5,"state":1,"values":[-38.77541190694878],"datetime_complete":"2026-07-24T10:32:48.218710"}
{"op_code":0,"worker_id":"0d597f12-e496-4d69-8b13-60ad144f5751-23456247935296","study_name":"peter_adult_k3","directions":[2]}
{"op_code":4,"worker_id":"0d597f12-e496-4d69-8b13-60ad144f5751-23456247935296","study_id":0,"datetime_start":"2026-07-24T10:35:54.283059"}
{"op_code":5,"worker_id":"0d597f12-e496-4d69-8b13-60ad144f5751-23456247935296","trial_id":8,"param_name":"lr","param_value_internal":0.0003822645384791926,"distribution":"{\"name\": \"FloatDistribution\", \"attributes\": {\"step\": null, \"low\": 1e-08, \"high\": 0.5, \"log\": true}}"}
{"op_code":5,"worker_id":"0d597f12-e496-4d69-8b13-60ad144f5751-23456247935296","trial_id":8,"param_name":"ratio","param_value_internal":6.492769302233406,"distribution":"{\"name\": \"FloatDistribution\", \"attributes\": {\"step\": null, \"low\": 0.1, \"high\": 100.0, \"log\": true}}"}
{"op_code":6,"worker_id":"09e0b761-2c03-4853-a811-dcbaf13a9873-23456247935296","trial_id":6,"state":1,"values":[-34.757159406059536],"datetime_complete":"2026-07-24T10:37:33.493765"}
{"op_code":0,"worker_id":"c7edec45-e379-4ddc-8014-14183171a577-23456247935296","study_name":"peter_adult_k3","directions":[2]}
{"op_code":4,"worker_id":"c7edec45-e379-4ddc-8014-14183171a577-23456247935296","study_id":0,"datetime_start":"2026-07-24T10:39:28.571662"}
{"op_code":5,"worker_id":"c7edec45-e379-4ddc-8014-14183171a577-23456247935296","trial_id":9,"param_name":"lr","param_value_internal":0.06277338225340111,"distribution":"{\"name\": \"FloatDistribution\", \"attributes\": {\"step\": null, \"low\": 1e-08, \"high\": 0.5, \"log\": true}}"}
{"op_code":5,"worker_id":"c7edec45-e379-4ddc-8014-14183171a577-23456247935296","trial_id":9,"param_name":"ratio","param_value_internal":0.9665447264276582,"distribution":"{\"name\": \"FloatDistribution\", \"attributes\": {\"step\": null, \"low\": 0.1, \"high\": 100.0, \"log\": true}}"}
{"op_code":6,"worker_id":"c7edec45-e379-4ddc-8014-14183171a577-23456247935296","trial_id":9,"state":3,"values":null,"datetime_complete":"2026-07-24T10:39:52.459919"}
{"op_code":6,"worker_id":"4007dc45-b279-415a-87de-45a39c6a8171-23456247935296","trial_id":7,"state":1,"values":[-29.489051520582827],"datetime_complete":"2026-07-24T10:41:16.279108"}
{"op_code":0,"worker_id":"ac342a54-a6a5-4fd6-bc96-5f0ff8bc1264-23456247935296","study_name":"peter_adult_k3","directions":[2]}
{"op_code":4,"worker_id":"ac342a54-a6a5-4fd6-bc96-5f0ff8bc1264-23456247935296","study_id":0,"datetime_start":"2026-07-24T10:43:44.890986"}
{"op_code":5,"worker_id":"ac342a54-a6a5-4fd6-bc96-5f0ff8bc1264-23456247935296","trial_id":10,"param_name":"lr","param_value_internal":4.1996380447252764e-07,"distribution":"{\"name\": \"FloatDistribution\", \"attributes\": {\"step\": null, \"low\": 1e-08, \"high\": 0.5, \"log\": true}}"}
{"op_code":5,"worker_id":"ac342a54-a6a5-4fd6-bc96-5f0ff8bc1264-23456247935296","trial_id":10,"param_name":"ratio","param_value_internal":85.91160865282427,"distribution":"{\"name\": \"FloatDistribution\", \"attributes\": {\"step\": null, \"low\": 0.1, \"high\": 100.0, \"log\": true}}"}
{"op_code":6,"worker_id":"0d597f12-e496-4d69-8b13-60ad144f5751-23456247935296","trial_id":8,"state":1,"values":[-29.647461154017343],"datetime_complete":"2026-07-24T10:44:38.283012"}
{"op_code":0,"worker_id":"21c69e51-fb71-4251-95a1-6cbe4f35751e-23456247935296","study_name":"peter_adult_k3","directions":[2]}
{"op_code":4,"worker_id":"21c69e51-fb71-4251-95a1-6cbe4f35751e-23456247935296","study_id":0,"datetime_start":"2026-07-24T10:48:10.548200"}
{"op_code":5,"worker_id":"21c69e51-fb71-4251-95a1-6cbe4f35751e-23456247935296","trial_id":11,"param_name":"lr","param_value_internal":0.3493861658504011,"distribution":"{\"name\": \"FloatDistribution\", \"attributes\": {\"step\": null, \"low\": 1e-08, \"high\": 0.5, \"log\": true}}"}
{"op_code":5,"worker_id":"21c69e51-fb71-4251-95a1-6cbe4f35751e-23456247935296","trial_id":11,"param_name":"ratio","param_value_internal":8.048374542390562,"distribution":"{\"name\": \"FloatDistribution\", \"attributes\": {\"step\": null, \"low\": 0.1, \"high\": 100.0, \"log\": true}}"}
{"op_code":6,"worker_id":"21c69e51-fb71-4251-95a1-6cbe4f35751e-23456247935296","trial_id":11,"state":3,"values":null,"datetime_complete":"2026-07-24T10:48:32.736526"}
{"op_code":6,"worker_id":"ac342a54-a6a5-4fd6-bc96-5f0ff8bc1264-23456247935296","trial_id":10,"state":1,"values":[-40.71750278669781],"datetime_complete":"2026-07-24T10:51:22.588810"}
{"op_code":0,"worker_id":"c78c644f-308e-42b2-a07d-dd230eb0b03c-23456247935296","study_name":"peter_adult_k3","directions":[2]}
{"op_code":4,"worker_id":"c78c644f-308e-42b2-a07d-dd230eb0b03c-23456247935296","study_id":0,"datetime_start":"2026-07-24T10:52:43.631979"}
{"op_code":5,"worker_id":"c78c644f-308e-42b2-a07d-dd230eb0b03c-23456247935296","trial_id":12,"param_name":"lr","param_value_internal":0.002759797525359972,"distribution":"{\"name\": \"FloatDistribution\", \"attributes\": {\"step\": null, \"low\": 1e-08, \"high\": 0.5, \"log\": true}}"}
{"op_code":5,"worker_id":"c78c644f-308e-42b2-a07d-dd230eb0b03c-23456247935296","trial_id":12,"param_name":"ratio","param_value_internal":0.1348116259286273,"distribution":"{\"name\": \"FloatDistribution\", \"attributes\": {\"step\": null, \"low\": 0.1, \"high\": 100.0, \"log\": true}}"}
{"op_code":6,"worker_id":"c78c644f-308e-42b2-a07d-dd230eb0b03c-23456247935296","trial_id":12,"state":3,"values":null,"datetime_complete":"2026-07-24T10:53:09.366447"}
{"op_code":0,"worker_id":"4f28325e-fb56-4a62-8841-9c4ef6939f3c-23456247935296","study_name":"peter_adult_k3","directions":[2]}
{"op_code":4,"worker_id":"4f28325e-fb56-4a62-8841-9c4ef6939f3c-23456247935296","study_id":0,"datetime_start":"2026-07-24T10:56:24.140075"}
{"op_code":5,"worker_id":"4f28325e-fb56-4a62-8841-9c4ef6939f3c-23456247935296","trial_id":13,"param_name":"lr","param_value_internal":0.000884882059703828,"distribution":"{\"name\": \"FloatDistribution\", \"attributes\": {\"step\": null, \"low\": 1e-08, \"high\": 0.5, \"log\": true}}"}
{"op_code":5,"worker_id":"4f28325e-fb56-4a62-8841-9c4ef6939f3c-23456247935296","trial_id":13,"param_name":"ratio","param_value_internal":38.32159811084166,"distribution":"{\"name\": \"FloatDistribution\", \"attributes\": {\"step\": null, \"low\": 0.1, \"high\": 100.0, \"log\": true}}"}
{"op_code":0,"worker_id":"9eca0f55-7dcd-4c1f-a839-288670b4c298-23456247935296","study_name":"peter_adult_k3","directions":[2]}
{"op_code":4,"worker_id":"9eca0f55-7dcd-4c1f-a839-288670b4c298-23456247935296","study_id":0,"datetime_start":"2026-07-24T11:01:36.496111"}
{"op_code":5,"worker_id":"9eca0f55-7dcd-4c1f-a839-288670b4c298-23456247935296","trial_id":14,"param_name":"lr","param_value_internal":4.354034163037986e-06,"distribution":"{\"name\": \"FloatDistribution\", \"attributes\": {\"step\": null, \"low\": 1e-08, \"high\": 0.5, \"log\": true}}"}
{"op_code":5,"worker_id":"9eca0f55-7dcd-4c1f-a839-288670b4c298-23456247935296","trial_id":14,"param_name":"ratio","param_value_internal":8.401972414336289,"distribution":"{\"name\": \"FloatDistribution\", \"attributes\": {\"step\": null, \"low\": 0.1, \"high\": 100.0, \"log\": true}}"}
{"op_code":6,"worker_id":"4f28325e-fb56-4a62-8841-9c4ef6939f3c-23456247935296","trial_id":13,"state":1,"values":[-30.789961637005316],"datetime_complete":"2026-07-24T11:05:26.094534"}
{"op_code":0,"worker_id":"c21342ac-b560-4c39-abbb-bee58800016f-23456247935296","study_name":"peter_adult_k3","directions":[2]}
{"op_code":4,"worker_id":"c21342ac-b560-4c39-abbb-bee58800016f-23456247935296","study_id":0,"datetime_start":"2026-07-24T11:06:43.920491"}
{"op_code":5,"worker_id":"c21342ac-b560-4c39-abbb-bee58800016f-23456247935296","trial_id":15,"param_name":"lr","param_value_internal":0.011500856903706396,"distribution":"{\"name\": \"FloatDistribution\", \"attributes\": {\"step\": null, \"low\": 1e-08, \"high\": 0.5, \"log\": true}}"}
{"op_code":5,"worker_id":"c21342ac-b560-4c39-abbb-bee58800016f-23456247935296","trial_id":15,"param_name":"ratio","param_value_internal":0.11057155046504029,"distribution":"{\"name\": \"FloatDistribution\", \"attributes\": {\"step\": null, \"low\": 0.1, \"high\": 100.0, \"log\": true}}"}
{"op_code":6,"worker_id":"c21342ac-b560-4c39-abbb-bee58800016f-23456247935296","trial_id":15,"state":3,"values":null,"datetime_complete":"2026-07-24T11:07:10.894777"}
{"op_code":6,"worker_id":"9eca0f55-7dcd-4c1f-a839-288670b4c298-23456247935296","trial_id":14,"state":1,"values":[-38.39425138952691],"datetime_complete":"2026-07-24T11:09:49.649479"}
{"op_code":0,"worker_id":"1349d861-c84d-41e6-bcf7-19a62b2b40a0-23456247935296","study_name":"peter_adult_k3","directions":[2]}
{"op_code":4,"worker_id":"1349d861-c84d-41e6-bcf7-19a62b2b40a0-23456247935296","study_id":0,"datetime_start":"2026-07-24T11:11:25.086762"}
{"op_code":5,"worker_id":"1349d861-c84d-41e6-bcf7-19a62b2b40a0-23456247935296","trial_id":16,"param_name":"lr","param_value_internal":2.011032588988363e-06,"distribution":"{\"name\": \"FloatDistribution\", \"attributes\": {\"step\": null, \"low\": 1e-08, \"high\": 0.5, \"log\": true}}"}
{"op_code":5,"worker_id":"1349d861-c84d-41e6-bcf7-19a62b2b40a0-23456247935296","trial_id":16,"param_name":"ratio","param_value_internal":0.26261486759255437,"distribution":"{\"name\": \"FloatDistribution\", \"attributes\": {\"step\": null, \"low\": 0.1, \"high\": 100.0, \"log\": true}}"}
{"op_code":0,"worker_id":"e30596ba-d396-4689-8c7e-79d0a7cafa42-23456247935296","study_name":"peter_adult_k3","directions":[2]}
{"op_code":4,"worker_id":"e30596ba-d396-4689-8c7e-79d0a7cafa42-23456247935296","study_id":0,"datetime_start":"2026-07-24T11:15:32.484971"}
{"op_code":5,"worker_id":"e30596ba-d396-4689-8c7e-79d0a7cafa42-23456247935296","trial_id":17,"param_name":"lr","param_value_internal":0.003410678655075236,"distribution":"{\"name\": \"FloatDistribution\", \"attributes\": {\"step\": null, \"low\": 1e-08, \"high\": 0.5, \"log\": true}}"}
{"op_code":5,"worker_id":"e30596ba-d396-4689-8c7e-79d0a7cafa42-23456247935296","trial_id":17,"param_name":"ratio","param_value_internal":0.62392809696301,"distribution":"{\"name\": \"FloatDistribution\", \"attributes\": {\"step\": null, \"low\": 0.1, \"high\": 100.0, \"log\": true}}"}
{"op_code":6,"worker_id":"e30596ba-d396-4689-8c7e-79d0a7cafa42-23456247935296","trial_id":17,"state":3,"values":null,"datetime_complete":"2026-07-24T11:16:03.024227"}
{"op_code":0,"worker_id":"a7923ab3-597a-4683-a185-597e32e6ae7f-23456247935296","study_name":"peter_adult_k3","directions":[2]}
{"op_code":4,"worker_id":"a7923ab3-597a-4683-a185-597e32e6ae7f-23456247935296","study_id":0,"datetime_start":"2026-07-24T11:19:43.369438"}
{"op_code":5,"worker_id":"a7923ab3-597a-4683-a185-597e32e6ae7f-23456247935296","trial_id":18,"param_name":"lr","param_value_internal":1.1987597300244286e-05,"distribution":"{\"name\": \"FloatDistribution\", \"attributes\": {\"step\": null, \"low\": 1e-08, \"high\": 0.5, \"log\": true}}"}
{"op_code":5,"worker_id":"a7923ab3-597a-4683-a185-597e32e6ae7f-23456247935296","trial_id":18,"param_name":"ratio","param_value_internal":0.24695936411600938,"distribution":"{\"name\": \"FloatDistribution\", \"attributes\": {\"step\": null, \"low\": 0.1, \"high\": 100.0, \"log\": true}}"}
{"op_code":6,"worker_id":"1349d861-c84d-41e6-bcf7-19a62b2b40a0-23456247935296","trial_id":16,"state":1,"values":[-41.56505256454595],"datetime_complete":"2026-07-24T11:21:16.164640"}
{"op_code":0,"worker_id":"4d3d3631-dacc-407c-858b-b61258cce987-23456247935296","study_name":"peter_adult_k3","directions":[2]}
{"op_code":4,"worker_id":"4d3d3631-dacc-407c-858b-b61258cce987-23456247935296","study_id":0,"datetime_start":"2026-07-24T11:24:00.845287"}
{"op_code":9,"worker_id":"4d3d3631-dacc-407c-858b-b61258cce987-23456247935296","trial_id":19,"system_attr":{"tpe:relative_params:0":"{\"lr\": 0.056981888780151355, \"ratio\": 1.591239170736993}"}}
{"op_code":5,"worker_id":"4d3d3631-dacc-407c-858b-b61258cce987-23456247935296","trial_id":19,"param_name":"lr","param_value_internal":0.056981888780151355,"distribution":"{\"name\": \"FloatDistribution\", \"attributes\": {\"step\": null, \"low\": 1e-08, \"high\": 0.5, \"log\": true}}"}
{"op_code":5,"worker_id":"4d3d3631-dacc-407c-858b-b61258cce987-23456247935296","trial_id":19,"param_name":"ratio","param_value_internal":1.591239170736993,"distribution":"{\"name\": \"FloatDistribution\", \"attributes\": {\"step\": null, \"low\": 0.1, \"high\": 100.0, \"log\": true}}"}
{"op_code":6,"worker_id":"4d3d3631-dacc-407c-858b-b61258cce987-23456247935296","trial_id":19,"state":3,"values":null,"datetime_complete":"2026-07-24T11:24:29.815497"}
{"op_code":0,"worker_id":"cf84345d-e02a-4b3f-a3cb-fce609984592-23456247935296","study_name":"peter_adult_k3","directions":[2]}
{"op_code":4,"worker_id":"cf84345d-e02a-4b3f-a3cb-fce609984592-23456247935296","study_id":0,"datetime_start":"2026-07-24T11:27:20.223313"}
{"op_code":9,"worker_id":"cf84345d-e02a-4b3f-a3cb-fce609984592-23456247935296","trial_id":20,"system_attr":{"tpe:relative_params:0":"{\"lr\": 0.0917055842341352, \"ratio\": 35.814846465574135}"}}
{"op_code":5,"worker_id":"cf84345d-e02a-4b3f-a3cb-fce609984592-23456247935296","trial_id":20,"param_name":"lr","param_value_internal":0.0917055842341352,"distribution":"{\"name\": \"FloatDistribution\", \"attributes\": {\"step\": null, \"low\": 1e-08, \"high\": 0.5, \"log\": true}}"}
{"op_code":5,"worker_id":"cf84345d-e02a-4b3f-a3cb-fce609984592-23456247935296","trial_id":20,"param_name":"ratio","param_value_internal":35.814846465574135,"distribution":"{\"name\": \"FloatDistribution\", \"attributes\": {\"step\": null, \"low\": 0.1, \"high\": 100.0, \"log\": true}}"}
{"op_code":6,"worker_id":"cf84345d-e02a-4b3f-a3cb-fce609984592-23456247935296","trial_id":20,"state":3,"values":null,"datetime_complete":"2026-07-24T11:27:44.488916"}
{"op_code":6,"worker_id":"a7923ab3-597a-4683-a185-597e32e6ae7f-23456247935296","trial_id":18,"state":1,"values":[-32.31769886666856],"datetime_complete":"2026-07-24T11:28:37.818565"}
{"op_code":0,"worker_id":"7d1ea18a-c0af-4f5a-87d4-52bd1a53db61-23456247935296","study_name":"peter_adult_k3","directions":[2]}
{"op_code":4,"worker_id":"7d1ea18a-c0af-4f5a-87d4-52bd1a53db61-23456247935296","study_id":0,"datetime_start":"2026-07-24T11:32:04.889430"}
{"op_code":9,"worker_id":"7d1ea18a-c0af-4f5a-87d4-52bd1a53db61-23456247935296","trial_id":21,"system_attr":{"tpe:relative_params:0":"{\"lr\": 0.2351254756470501, \"ratio\": 39.81981291304848}"}}
{"op_code":5,"worker_id":"7d1ea18a-c0af-4f5a-87d4-52bd1a53db61-23456247935296","trial_id":21,"param_name":"lr","param_value_internal":0.2351254756470501,"distribution":"{\"name\": \"FloatDistribution\", \"attributes\": {\"step\": null, \"low\": 1e-08, \"high\": 0.5, \"log\": true}}"}
{"op_code":5,"worker_id":"7d1ea18a-c0af-4f5a-87d4-52bd1a53db61-23456247935296","trial_id":21,"param_name":"ratio","param_value_internal":39.81981291304848,"distribution":"{\"name\": \"FloatDistribution\", \"attributes\": {\"step\": null, \"low\": 0.1, \"high\": 100.0, \"log\": true}}"}
{"op_code":6,"worker_id":"7d1ea18a-c0af-4f5a-87d4-52bd1a53db61-23456247935296","trial_id":21,"state":3,"values":null,"datetime_complete":"2026-07-24T11:32:27.216380"}
{"op_code":0,"worker_id":"e21fca3a-dee7-4788-baa1-7cd8b2bd4ed7-23456247935296","study_name":"peter_adult_k3","directions":[2]}
{"op_code":4,"worker_id":"e21fca3a-dee7-4788-baa1-7cd8b2bd4ed7-23456247935296","study_id":0,"datetime_start":"2026-07-24T11:37:15.862556"}
{"op_code":9,"worker_id":"e21fca3a-dee7-4788-baa1-7cd8b2bd4ed7-23456247935296","trial_id":22,"system_attr":{"tpe:relative_params:0":"{\"lr\": 0.26984998229448265, \"ratio\": 55.96346218859789}"}}
{"op_code":5,"worker_id":"e21fca3a-dee7-4788-baa1-7cd8b2bd4ed7-23456247935296","trial_id":22,"param_name":"lr","param_value_internal":0.26984998229448265,"distribution":"{\"name\": \"FloatDistribution\", \"attributes\": {\"step\": null, \"low\": 1e-08, \"high\": 0.5, \"log\": true}}"}
{"op_code":5,"worker_id":"e21fca3a-dee7-4788-baa1-7cd8b2bd4ed7-23456247935296","trial_id":22,"param_name":"ratio","param_value_internal":55.96346218859789,"distribution":"{\"name\": \"FloatDistribution\", \"attributes\": {\"step\": null, \"low\": 0.1, \"high\": 100.0, \"log\": true}}"}
{"op_code":6,"worker_id":"e21fca3a-dee7-4788-baa1-7cd8b2bd4ed7-23456247935296","trial_id":22,"state":3,"values":null,"datetime_complete":"2026-07-24T11:37:51.278123"}
{"op_code":0,"worker_id":"0ecaf7a2-7cdb-4443-aa9f-d8abbb4d4e2b-23456247935296","study_name":"peter_adult_k3","directions":[2]}
{"op_code":4,"worker_id":"0ecaf7a2-7cdb-4443-aa9f-d8abbb4d4e2b-23456247935296","study_id":0,"datetime_start":"2026-07-24T11:41:02.207852"}
{"op_code":9,"worker_id":"0ecaf7a2-7cdb-4443-aa9f-d8abbb4d4e2b-23456247935296","trial_id":23,"system_attr":{"tpe:relative_params:0":"{\"lr\": 0.1871256070501199, \"ratio\": 4.483219091848583}"}}
{"op_code":5,"worker_id":"0ecaf7a2-7cdb-4443-aa9f-d8abbb4d4e2b-23456247935296","trial_id":23,"param_name":"lr","param_value_internal":0.1871256070501199,"distribution":"{\"name\": \"FloatDistribution\", \"attributes\": {\"step\": null, \"low\": 1e-08, \"high\": 0.5, \"log\": true}}"}
{"op_code":5,"worker_id":"0ecaf7a2-7cdb-4443-aa9f-d8abbb4d4e2b-23456247935296","trial_id":23,"param_name":"ratio","param_value_internal":4.483219091848583,"distribution":"{\"name\": \"FloatDistribution\", \"attributes\": {\"step\": null, \"low\": 0.1, \"high\": 100.0, \"log\": true}}"}
{"op_code":6,"worker_id":"0ecaf7a2-7cdb-4443-aa9f-d8abbb4d4e2b-23456247935296","trial_id":23,"state":3,"values":null,"datetime_complete":"2026-07-24T11:41:27.995923"}
{"op_code":0,"worker_id":"7c39eed3-61fa-4476-866c-b44b4c0d46d3-23456247935296","study_name":"peter_adult_k3","directions":[2]}
{"op_code":4,"worker_id":"7c39eed3-61fa-4476-866c-b44b4c0d46d3-23456247935296","study_id":0,"datetime_start":"2026-07-24T11:44:20.351851"}
{"op_code":9,"worker_id":"7c39eed3-61fa-4476-866c-b44b4c0d46d3-23456247935296","trial_id":24,"system_attr":{"tpe:relative_params:0":"{\"lr\": 0.005295040750323053, \"ratio\": 0.9207642122353569}"}}
{"op_code":5,"worker_id":"7c39eed3-61fa-4476-866c-b44b4c0d46d3-23456247935296","trial_id":24,"param_name":"lr","param_value_internal":0.005295040750323053,"distribution":"{\"name\": \"FloatDistribution\", \"attributes\": {\"step\": null, \"low\": 1e-08, \"high\": 0.5, \"log\": true}}"}
{"op_code":5,"worker_id":"7c39eed3-61fa-4476-866c-b44b4c0d46d3-23456247935296","trial_id":24,"param_name":"ratio","param_value_internal":0.9207642122353569,"distribution":"{\"name\": \"FloatDistribution\", \"attributes\": {\"step\": null, \"low\": 0.1, \"high\": 100.0, \"log\": true}}"}
{"op_code":6,"worker_id":"7c39eed3-61fa-4476-866c-b44b4c0d46d3-23456247935296","trial_id":24,"state":3,"values":null,"datetime_complete":"2026-07-24T11:44:46.676477"}
{"op_code":0,"worker_id":"85b8520f-d41f-4500-a6c4-bae5778a1f1f-23456247935296","study_name":"peter_adult_k3","directions":[2]}
{"op_code":4,"worker_id":"85b8520f-d41f-4500-a6c4-bae5778a1f1f-23456247935296","study_id":0,"datetime_start":"2026-07-24T11:47:52.241021"}
{"op_code":9,"worker_id":"85b8520f-d41f-4500-a6c4-bae5778a1f1f-23456247935296","trial_id":25,"system_attr":{"tpe:relative_params:0":"{\"lr\": 0.49309466243084804, \"ratio\": 11.7829020420502}"}}
{"op_code":5,"worker_id":"85b8520f-d41f-4500-a6c4-bae5778a1f1f-23456247935296","trial_id":25,"param_name":"lr","param_value_internal":0.49309466243084804,"distribution":"{\"name\": \"FloatDistribution\", \"attributes\": {\"step\": null, \"low\": 1e-08, \"high\": 0.5, \"log\": true}}"}
{"op_code":5,"worker_id":"85b8520f-d41f-4500-a6c4-bae5778a1f1f-23456247935296","trial_id":25,"param_name":"ratio","param_value_internal":11.7829020420502,"distribution":"{\"name\": \"FloatDistribution\", \"attributes\": {\"step\": null, \"low\": 0.1, \"high\": 100.0, \"log\": true}}"}
{"op_code":6,"worker_id":"85b8520f-d41f-4500-a6c4-bae5778a1f1f-23456247935296","trial_id":25,"state":3,"values":null,"datetime_complete":"2026-07-24T11:48:17.768607"}
{"op_code":0,"worker_id":"cac0520d-fe5d-4a47-a5f4-8c08db6561af-23456247935296","study_name":"peter_adult_k3","directions":[2]}
{"op_code":4,"worker_id":"cac0520d-fe5d-4a47-a5f4-8c08db6561af-23456247935296","study_id":0,"datetime_start":"2026-07-24T11:51:38.048074"}
{"op_code":9,"worker_id":"cac0520d-fe5d-4a47-a5f4-8c08db6561af-23456247935296","trial_id":26,"system_attr":{"tpe:relative_params:0":"{\"lr\": 0.1346452280991118, \"ratio\": 5.130823445238991}"}}
{"op_code":5,"worker_id":"cac0520d-fe5d-4a47-a5f4-8c08db6561af-23456247935296","trial_id":26,"param_name":"lr","param_value_internal":0.1346452280991118,"distribution":"{\"name\": \"FloatDistribution\", \"attributes\": {\"step\": null, \"low\": 1e-08, \"high\": 0.5, \"log\": true}}"}
{"op_code":5,"worker_id":"cac0520d-fe5d-4a47-a5f4-8c08db6561af-23456247935296","trial_id":26,"param_name":"ratio","param_value_internal":5.130823445238991,"distribution":"{\"name\": \"FloatDistribution\", \"attributes\": {\"step\": null, \"low\": 0.1, \"high\": 100.0, \"log\": true}}"}
{"op_code":6,"worker_id":"cac0520d-fe5d-4a47-a5f4-8c08db6561af-23456247935296","trial_id":26,"state":3,"values":null,"datetime_complete":"2026-07-24T11:52:02.291275"}
{"op_code":0,"worker_id":"e568388d-fddb-4235-b4c7-545db666ee12-23456247935296","study_name":"peter_adult_k3","directions":[2]}
{"op_code":4,"worker_id":"e568388d-fddb-4235-b4c7-545db666ee12-23456247935296","study_id":0,"datetime_start":"2026-07-24T11:54:35.530127"}
{"op_code":9,"worker_id":"e568388d-fddb-4235-b4c7-545db666ee12-23456247935296","trial_id":27,"system_attr":{"tpe:relative_params:0":"{\"lr\": 0.1948009152881781, \"ratio\": 77.39513300867361}"}}
{"op_code":5,"worker_id":"e568388d-fddb-4235-b4c7-545db666ee12-23456247935296","trial_id":27,"param_name":"lr","param_value_internal":0.1948009152881781,"distribution":"{\"name\": \"FloatDistribution\", \"attributes\": {\"step\": null, \"low\": 1e-08, \"high\": 0.5, \"log\": true}}"}
{"op_code":5,"worker_id":"e568388d-fddb-4235-b4c7-545db666ee12-23456247935296","trial_id":27,"param_name":"ratio","param_value_internal":77.39513300867361,"distribution":"{\"name\": \"FloatDistribution\", \"attributes\": {\"step\": null, \"low\": 0.1, \"high\": 100.0, \"log\": true}}"}
{"op_code":6,"worker_id":"e568388d-fddb-4235-b4c7-545db666ee12-23456247935296","trial_id":27,"state":3,"values":null,"datetime_complete":"2026-07-24T11:54:57.234173"}
{"op_code":0,"worker_id":"00396e78-e3c6-42ee-9512-acc55962606e-23456247935296","study_name":"peter_adult_k3","directions":[2]}
{"op_code":4,"worker_id":"00396e78-e3c6-42ee-9512-acc55962606e-23456247935296","study_id":0,"datetime_start":"2026-07-24T11:58:53.691913"}
{"op_code":9,"worker_id":"00396e78-e3c6-42ee-9512-acc55962606e-23456247935296","trial_id":28,"system_attr":{"tpe:relative_params:0":"{\"lr\": 0.36376665306565853, \"ratio\": 16.965756133712603}"}}
{"op_code":5,"worker_id":"00396e78-e3c6-42ee-9512-acc55962606e-23456247935296","trial_id":28,"param_name":"lr","param_value_internal":0.36376665306565853,"distribution":"{\"name\": \"FloatDistribution\", \"attributes\": {\"step\": null, \"low\": 1e-08, \"high\": 0.5, \"log\": true}}"}
{"op_code":5,"worker_id":"00396e78-e3c6-42ee-9512-acc55962606e-23456247935296","trial_id":28,"param_name":"ratio","param_value_internal":16.965756133712603,"distribution":"{\"name\": \"FloatDistribution\", \"attributes\": {\"step\": null, \"low\": 0.1, \"high\": 100.0, \"log\": true}}"}
{"op_code":6,"worker_id":"00396e78-e3c6-42ee-9512-acc55962606e-23456247935296","trial_id":28,"state":3,"values":null,"datetime_complete":"2026-07-24T11:59:18.440088"}
{"op_code":0,"worker_id":"cd5d86b9-99fa-4779-ba64-d19a86d447b3-23456247935296","study_name":"peter_adult_k3","directions":[2]}
{"op_code":4,"worker_id":"cd5d86b9-99fa-4779-ba64-d19a86d447b3-23456247935296","study_id":0,"datetime_start":"2026-07-24T12:01:58.107794"}
{"op_code":9,"worker_id":"cd5d86b9-99fa-4779-ba64-d19a86d447b3-23456247935296","trial_id":29,"system_attr":{"tpe:relative_params:0":"{\"lr\": 0.02042883823218092, \"ratio\": 1.4333047689119842}"}}
{"op_code":5,"worker_id":"cd5d86b9-99fa-4779-ba64-d19a86d447b3-23456247935296","trial_id":29,"param_name":"lr","param_value_internal":0.02042883823218092,"distribution":"{\"name\": \"FloatDistribution\", \"attributes\": {\"step\": null, \"low\": 1e-08, \"high\": 0.5, \"log\": true}}"}
{"op_code":5,"worker_id":"cd5d86b9-99fa-4779-ba64-d19a86d447b3-23456247935296","trial_id":29,"param_name":"ratio","param_value_internal":1.4333047689119842,"distribution":"{\"name\": \"FloatDistribution\", \"attributes\": {\"step\": null, \"low\": 0.1, \"high\": 100.0, \"log\": true}}"}
{"op_code":6,"worker_id":"cd5d86b9-99fa-4779-ba64-d19a86d447b3-23456247935296","trial_id":29,"state":3,"values":null,"datetime_complete":"2026-07-24T12:02:26.000922"}
{"op_code":0,"worker_id":"fde39762-a7e1-407c-8a81-666c06b57dce-23456247935296","study_name":"peter_adult_k3","directions":[2]}
{"op_code":4,"worker_id":"fde39762-a7e1-407c-8a81-666c06b57dce-23456247935296","study_id":0,"datetime_start":"2026-07-24T12:06:26.238511"}
{"op_code":9,"worker_id":"fde39762-a7e1-407c-8a81-666c06b57dce-23456247935296","trial_id":30,"system_attr":{"tpe:relative_params:0":"{\"lr\": 0.2874638291354386, \"ratio\": 13.631404420294526}"}}
{"op_code":5,"worker_id":"fde39762-a7e1-407c-8a81-666c06b57dce-23456247935296","trial_id":30,"param_name":"lr","param_value_internal":0.2874638291354386,"distribution":"{\"name\": \"FloatDistribution\", \"attributes\": {\"step\": null, \"low\": 1e-08, \"high\": 0.5, \"log\": true}}"}
{"op_code":5,"worker_id":"fde39762-a7e1-407c-8a81-666c06b57dce-23456247935296","trial_id":30,"param_name":"ratio","param_value_internal":13.631404420294526,"distribution":"{\"name\": \"FloatDistribution\", \"attributes\": {\"step\": null, \"low\": 0.1, \"high\": 100.0, \"log\": true}}"}
{"op_code":6,"worker_id":"fde39762-a7e1-407c-8a81-666c06b57dce-23456247935296","trial_id":30,"state":3,"values":null,"datetime_complete":"2026-07-24T12:06:51.111181"}
{"op_code":0,"worker_id":"9783b411-ddd6-43c7-bd25-9ba463b86208-23456247935296","study_name":"peter_adult_k3","directions":[2]}
{"op_code":4,"worker_id":"9783b411-ddd6-43c7-bd25-9ba463b86208-23456247935296","study_id":0,"datetime_start":"2026-07-24T12:10:04.858159"}
{"op_code":9,"worker_id":"9783b411-ddd6-43c7-bd25-9ba463b86208-23456247935296","trial_id":31,"system_attr":{"tpe:relative_params:0":"{\"lr\": 0.37644958571917453, \"ratio\": 6.406739971161749}"}}
{"op_code":5,"worker_id":"9783b411-ddd6-43c7-bd25-9ba463b86208-23456247935296","trial_id":31,"param_name":"lr","param_value_internal":0.37644958571917453,"distribution":"{\"name\": \"FloatDistribution\", \"attributes\": {\"step\": null, \"low\": 1e-08, \"high\": 0.5, \"log\": true}}"}
{"op_code":5,"worker_id":"9783b411-ddd6-43c7-bd25-9ba463b86208-23456247935296","trial_id":31,"param_name":"ratio","param_value_internal":6.406739971161749,"distribution":"{\"name\": \"FloatDistribution\", \"attributes\": {\"step\": null, \"low\": 0.1, \"high\": 100.0, \"log\": true}}"}
{"op_code":6,"worker_id":"9783b411-ddd6-43c7-bd25-9ba463b86208-23456247935296","trial_id":31,"state":3,"values":null,"datetime_complete":"2026-07-24T12:10:27.469755"}
{"op_code":0,"worker_id":"7a79bf47-8b8c-4b1e-b2bf-5fbf84c36bc3-23456247935296","study_name":"peter_adult_k3","directions":[2]}
{"op_code":4,"worker_id":"7a79bf47-8b8c-4b1e-b2bf-5fbf84c36bc3-23456247935296","study_id":0,"datetime_start":"2026-07-24T12:13:36.407474"}
{"op_code":9,"worker_id":"7a79bf47-8b8c-4b1e-b2bf-5fbf84c36bc3-23456247935296","trial_id":32,"system_attr":{"tpe:relative_params:0":"{\"lr\": 0.3067542999522869, \"ratio\": 3.359710130943725}"}}
{"op_code":5,"worker_id":"7a79bf47-8b8c-4b1e-b2bf-5fbf84c36bc3-23456247935296","trial_id":32,"param_name":"lr","param_value_internal":0.3067542999522869,"distribution":"{\"name\": \"FloatDistribution\", \"attributes\": {\"step\": null, \"low\": 1e-08, \"high\": 0.5, \"log\": true}}"}
{"op_code":5,"worker_id":"7a79bf47-8b8c-4b1e-b2bf-5fbf84c36bc3-23456247935296","trial_id":32,"param_name":"ratio","param_value_internal":3.359710130943725,"distribution":"{\"name\": \"FloatDistribution\", \"attributes\": {\"step\": null, \"low\": 0.1, \"high\": 100.0, \"log\": true}}"}
{"op_code":6,"worker_id":"7a79bf47-8b8c-4b1e-b2bf-5fbf84c36bc3-23456247935296","trial_id":32,"state":3,"values":null,"datetime_complete":"2026-07-24T12:14:13.680491"}
{"op_code":0,"worker_id":"a6de7d22-51cb-4097-87fb-98f83a88a086-23456247935296","study_name":"peter_adult_k3","directions":[2]}
{"op_code":4,"worker_id":"a6de7d22-51cb-4097-87fb-98f83a88a086-23456247935296","study_id":0,"datetime_start":"2026-07-24T12:17:32.807367"}
{"op_code":9,"worker_id":"a6de7d22-51cb-4097-87fb-98f83a88a086-23456247935296","trial_id":33,"system_attr":{"tpe:relative_params:0":"{\"lr\": 0.051256778126912685, \"ratio\": 0.3791393581376191}"}}
{"op_code":5,"worker_id":"a6de7d22-51cb-4097-87fb-98f83a88a086-23456247935296","trial_id":33,"param_name":"lr","param_value_internal":0.051256778126912685,"distribution":"{\"name\": \"FloatDistribution\", \"attributes\": {\"step\": null, \"low\": 1e-08, \"high\": 0.5, \"log\": true}}"}
{"op_code":5,"worker_id":"a6de7d22-51cb-4097-87fb-98f83a88a086-23456247935296","trial_id":33,"param_name":"ratio","param_value_internal":0.3791393581376191,"distribution":"{\"name\": \"FloatDistribution\", \"attributes\": {\"step\": null, \"low\": 0.1, \"high\": 100.0, \"log\": true}}"}
{"op_code":6,"worker_id":"a6de7d22-51cb-4097-87fb-98f83a88a086-23456247935296","trial_id":33,"state":3,"values":null,"datetime_complete":"2026-07-24T12:17:58.534580"}
{"op_code":0,"worker_id":"aa6b6928-1ac0-4d70-88da-a8a3eebf76b7-23456247935296","study_name":"peter_adult_k3","directions":[2]}
{"op_code":4,"worker_id":"aa6b6928-1ac0-4d70-88da-a8a3eebf76b7-23456247935296","study_id":0,"datetime_start":"2026-07-24T12:21:08.426587"}
{"op_code":9,"worker_id":"aa6b6928-1ac0-4d70-88da-a8a3eebf76b7-23456247935296","trial_id":34,"system_attr":{"tpe:relative_params:0":"{\"lr\": 0.1728024859994339, \"ratio\": 31.800953676971154}"}}
{"op_code":5,"worker_id":"aa6b6928-1ac0-4d70-88da-a8a3eebf76b7-23456247935296","trial_id":34,"param_name":"lr","param_value_internal":0.1728024859994339,"distribution":"{\"name\": \"FloatDistribution\", \"attributes\": {\"step\": null, \"low\": 1e-08, \"high\": 0.5, \"log\": true}}"}
{"op_code":5,"worker_id":"aa6b6928-1ac0-4d70-88da-a8a3eebf76b7-23456247935296","trial_id":34,"param_name":"ratio","param_value_internal":31.800953676971154,"distribution":"{\"name\": \"FloatDistribution\", \"attributes\": {\"step\": null, \"low\": 0.1, \"high\": 100.0, \"log\": true}}"}
{"op_code":6,"worker_id":"aa6b6928-1ac0-4d70-88da-a8a3eebf76b7-23456247935296","trial_id":34,"state":3,"values":null,"datetime_complete":"2026-07-24T12:21:31.204763"}
{"op_code":0,"worker_id":"0cc4d25b-d1ed-480f-a1a7-baf5873df748-23456247935296","study_name":"peter_adult_k3","directions":[2]}
{"op_code":4,"worker_id":"0cc4d25b-d1ed-480f-a1a7-baf5873df748-23456247935296","study_id":0,"datetime_start":"2026-07-24T12:26:42.989947"}
{"op_code":9,"worker_id":"0cc4d25b-d1ed-480f-a1a7-baf5873df748-23456247935296","trial_id":35,"system_attr":{"tpe:relative_params:0":"{\"lr\": 0.08930600618737143, \"ratio\": 3.7313697476190923}"}}
{"op_code":5,"worker_id":"0cc4d25b-d1ed-480f-a1a7-baf5873df748-23456247935296","trial_id":35,"param_name":"lr","param_value_internal":0.08930600618737143,"distribution":"{\"name\": \"FloatDistribution\", \"attributes\": {\"step\": null, \"low\": 1e-08, \"high\": 0.5, \"log\": true}}"}
{"op_code":5,"worker_id":"0cc4d25b-d1ed-480f-a1a7-baf5873df748-23456247935296","trial_id":35,"param_name":"ratio","param_value_internal":3.7313697476190923,"distribution":"{\"name\": \"FloatDistribution\", \"attributes\": {\"step\": null, \"low\": 0.1, \"high\": 100.0, \"log\": true}}"}
{"op_code":6,"worker_id":"0cc4d25b-d1ed-480f-a1a7-baf5873df748-23456247935296","trial_id":35,"state":3,"values":null,"datetime_complete":"2026-07-24T12:27:11.639729"}
{"op_code":0,"worker_id":"3c518917-f4b1-4236-b76c-eb1ce54906d8-23456247935296","study_name":"peter_adult_k3","directions":[2]}
{"op_code":4,"worker_id":"3c518917-f4b1-4236-b76c-eb1ce54906d8-23456247935296","study_id":0,"datetime_start":"2026-07-24T12:31:37.790434"}
{"op_code":9,"worker_id":"3c518917-f4b1-4236-b76c-eb1ce54906d8-23456247935296","trial_id":36,"system_attr":{"tpe:relative_params:0":"{\"lr\": 0.354638057003171, \"ratio\": 5.991983685851067}"}}
{"op_code":5,"worker_id":"3c518917-f4b1-4236-b76c-eb1ce54906d8-23456247935296","trial_id":36,"param_name":"lr","param_value_internal":0.354638057003171,"distribution":"{\"name\": \"FloatDistribution\", \"attributes\": {\"step\": null, \"low\": 1e-08, \"high\": 0.5, \"log\": true}}"}
{"op_code":5,"worker_id":"3c518917-f4b1-4236-b76c-eb1ce54906d8-23456247935296","trial_id":36,"param_name":"ratio","param_value_internal":5.991983685851067,"distribution":"{\"name\": \"FloatDistribution\", \"attributes\": {\"step\": null, \"low\": 0.1, \"high\": 100.0, \"log\": true}}"}
{"op_code":6,"worker_id":"3c518917-f4b1-4236-b76c-eb1ce54906d8-23456247935296","trial_id":36,"state":3,"values":null,"datetime_complete":"2026-07-24T12:32:17.692141"}
{"op_code":0,"worker_id":"2b237fe5-8626-4563-a5d7-003e5fbb9b9b-23456247935296","study_name":"peter_adult_k3","directions":[2]}
{"op_code":4,"worker_id":"2b237fe5-8626-4563-a5d7-003e5fbb9b9b-23456247935296","study_id":0,"datetime_start":"2026-07-24T12:35:42.359050"}
{"op_code":9,"worker_id":"2b237fe5-8626-4563-a5d7-003e5fbb9b9b-23456247935296","trial_id":37,"system_attr":{"tpe:relative_params:0":"{\"lr\": 0.2665034067045362, \"ratio\": 18.522452864366578}"}}
{"op_code":5,"worker_id":"2b237fe5-8626-4563-a5d7-003e5fbb9b9b-23456247935296","trial_id":37,"param_name":"lr","param_value_internal":0.2665034067045362,"distribution":"{\"name\": \"FloatDistribution\", \"attributes\": {\"step\": null, \"low\": 1e-08, \"high\": 0.5, \"log\": true}}"}
{"op_code":5,"worker_id":"2b237fe5-8626-4563-a5d7-003e5fbb9b9b-23456247935296","trial_id":37,"param_name":"ratio","param_value_internal":18.522452864366578,"distribution":"{\"name\": \"FloatDistribution\", \"attributes\": {\"step\": null, \"low\": 0.1, \"high\": 100.0, \"log\": true}}"}
{"op_code":6,"worker_id":"2b237fe5-8626-4563-a5d7-003e5fbb9b9b-23456247935296","trial_id":37,"state":3,"values":null,"datetime_complete":"2026-07-24T12:36:13.335077"}
{"op_code":0,"worker_id":"600918ee-b61e-426d-a078-1283ea6bc33a-23456247935296","study_name":"peter_adult_k3","directions":[2]}
{"op_code":4,"worker_id":"600918ee-b61e-426d-a078-1283ea6bc33a-23456247935296","study_id":0,"datetime_start":"2026-07-24T12:40:23.981265"}
{"op_code":9,"worker_id":"600918ee-b61e-426d-a078-1283ea6bc33a-23456247935296","trial_id":38,"system_attr":{"tpe:relative_params:0":"{\"lr\": 0.25500159291861235, \"ratio\": 22.51397263482414}"}}
{"op_code":5,"worker_id":"600918ee-b61e-426d-a078-1283ea6bc33a-23456247935296","trial_id":38,"param_name":"lr","param_value_internal":0.25500159291861235,"distribution":"{\"name\": \"FloatDistribution\", \"attributes\": {\"step\": null, \"low\": 1e-08, \"high\": 0.5, \"log\": true}}"}
{"op_code":5,"worker_id":"600918ee-b61e-426d-a078-1283ea6bc33a-23456247935296","trial_id":38,"param_name":"ratio","param_value_internal":22.51397263482414,"distribution":"{\"name\": \"FloatDistribution\", \"attributes\": {\"step\": null, \"low\": 0.1, \"high\": 100.0, \"log\": true}}"}
{"op_code":6,"worker_id":"600918ee-b61e-426d-a078-1283ea6bc33a-23456247935296","trial_id":38,"state":3,"values":null,"datetime_complete":"2026-07-24T12:40:57.726870"}
{"op_code":0,"worker_id":"b2770232-7644-47a1-ac2c-e3b749eae557-23456247935296","study_name":"peter_adult_k3","directions":[2]}
{"op_code":4,"worker_id":"b2770232-7644-47a1-ac2c-e3b749eae557-23456247935296","study_id":0,"datetime_start":"2026-07-24T12:45:36.669140"}
{"op_code":9,"worker_id":"b2770232-7644-47a1-ac2c-e3b749eae557-23456247935296","trial_id":39,"system_attr":{"tpe:relative_params:0":"{\"lr\": 0.025123847829593603, \"ratio\": 2.031237545565305}"}}
{"op_code":5,"worker_id":"b2770232-7644-47a1-ac2c-e3b749eae557-23456247935296","trial_id":39,"param_name":"lr","param_value_internal":0.025123847829593603,"distribution":"{\"name\": \"FloatDistribution\", \"attributes\": {\"step\": null, \"low\": 1e-08, \"high\": 0.5, \"log\": true}}"}
{"op_code":5,"worker_id":"b2770232-7644-47a1-ac2c-e3b749eae557-23456247935296","trial_id":39,"param_name":"ratio","param_value_internal":2.031237545565305,"distribution":"{\"name\": \"FloatDistribution\", \"attributes\": {\"step\": null, \"low\": 0.1, \"high\": 100.0, \"log\": true}}"}
{"op_code":6,"worker_id":"b2770232-7644-47a1-ac2c-e3b749eae557-23456247935296","trial_id":39,"state":3,"values":null,"datetime_complete":"2026-07-24T12:46:01.197286"}
{"op_code":0,"worker_id":"21e3a36b-7406-4e8a-91fd-2898ecb92cdb-23456247935296","study_name":"peter_adult_k3","directions":[2]}
{"op_code":4,"worker_id":"21e3a36b-7406-4e8a-91fd-2898ecb92cdb-23456247935296","study_id":0,"datetime_start":"2026-07-24T12:50:28.085175"}
{"op_code":9,"worker_id":"21e3a36b-7406-4e8a-91fd-2898ecb92cdb-23456247935296","trial_id":40,"system_attr":{"tpe:relative_params:0":"{\"lr\": 0.24924111048455008, \"ratio\": 86.61194105239548}"}}
{"op_code":5,"worker_id":"21e3a36b-7406-4e8a-91fd-2898ecb92cdb-23456247935296","trial_id":40,"param_name":"lr","param_value_internal":0.24924111048455008,"distribution":"{\"name\": \"FloatDistribution\", \"attributes\": {\"step\": null, \"low\": 1e-08, \"high\": 0.5, \"log\": true}}"}
{"op_code":5,"worker_id":"21e3a36b-7406-4e8a-91fd-2898ecb92cdb-23456247935296","trial_id":40,"param_name":"ratio","param_value_internal":86.61194105239548,"distribution":"{\"name\": \"FloatDistribution\", \"attributes\": {\"step\": null, \"low\": 0.1, \"high\": 100.0, \"log\": true}}"}
{"op_code":6,"worker_id":"21e3a36b-7406-4e8a-91fd-2898ecb92cdb-23456247935296","trial_id":40,"state":3,"values":null,"datetime_complete":"2026-07-24T12:50:51.076496"}
{"op_code":0,"worker_id":"0794cda1-5cfe-48ec-8913-75c6d49a7e0f-23456247935296","study_name":"peter_adult_k3","directions":[2]}
{"op_code":4,"worker_id":"0794cda1-5cfe-48ec-8913-75c6d49a7e0f-23456247935296","study_id":0,"datetime_start":"2026-07-24T12:54:47.388136"}
{"op_code":9,"worker_id":"0794cda1-5cfe-48ec-8913-75c6d49a7e0f-23456247935296","trial_id":41,"system_attr":{"tpe:relative_params:0":"{\"lr\": 0.2694365912213863, \"ratio\": 2.8781912234555462}"}}
{"op_code":5,"worker_id":"0794cda1-5cfe-48ec-8913-75c6d49a7e0f-23456247935296","trial_id":41,"param_name":"lr","param_value_internal":0.2694365912213863,"distribution":"{\"name\": \"FloatDistribution\", \"attributes\": {\"step\": null, \"low\": 1e-08, \"high\": 0.5, \"log\": true}}"}
{"op_code":5,"worker_id":"0794cda1-5cfe-48ec-8913-75c6d49a7e0f-23456247935296","trial_id":41,"param_name":"ratio","param_value_internal":2.8781912234555462,"distribution":"{\"name\": \"FloatDistribution\", \"attributes\": {\"step\": null, \"low\": 0.1, \"high\": 100.0, \"log\": true}}"}
{"op_code":6,"worker_id":"0794cda1-5cfe-48ec-8913-75c6d49a7e0f-23456247935296","trial_id":41,"state":3,"values":null,"datetime_complete":"2026-07-24T12:55:10.965720"}
{"op_code":0,"worker_id":"3e9183ac-d694-4720-8bbf-074e318f6a35-23456247935296","study_name":"peter_adult_k3","directions":[2]}
{"op_code":4,"worker_id":"3e9183ac-d694-4720-8bbf-074e318f6a35-23456247935296","study_id":0,"datetime_start":"2026-07-24T12:59:03.645806"}
{"op_code":9,"worker_id":"3e9183ac-d694-4720-8bbf-074e318f6a35-23456247935296","trial_id":42,"system_attr":{"tpe:relative_params:0":"{\"lr\": 0.27149457274919314, \"ratio\": 79.09744196347319}"}}
{"op_code":5,"worker_id":"3e9183ac-d694-4720-8bbf-074e318f6a35-23456247935296","trial_id":42,"param_name":"lr","param_value_internal":0.27149457274919314,"distribution":"{\"name\": \"FloatDistribution\", \"attributes\": {\"step\": null, \"low\": 1e-08, \"high\": 0.5, \"log\": true}}"}
{"op_code":5,"worker_id":"3e9183ac-d694-4720-8bbf-074e318f6a35-23456247935296","trial_id":42,"param_name":"ratio","param_value_internal":79.09744196347319,"distribution":"{\"name\": \"FloatDistribution\", \"attributes\": {\"step\": null, \"low\": 0.1, \"high\": 100.0, \"log\": true}}"}
{"op_code":6,"worker_id":"3e9183ac-d694-4720-8bbf-074e318f6a35-23456247935296","trial_id":42,"state":3,"values":null,"datetime_complete":"2026-07-24T12:59:32.860648"}
{"op_code":0,"worker_id":"852cbf3e-a4b0-42b1-a0d3-8bb6846e698b-23456247935296","study_name":"peter_adult_k3","directions":[2]}
{"op_code":4,"worker_id":"852cbf3e-a4b0-42b1-a0d3-8bb6846e698b-23456247935296","study_id":0,"datetime_start":"2026-07-24T13:03:20.684140"}
{"op_code":9,"worker_id":"852cbf3e-a4b0-42b1-a0d3-8bb6846e698b-23456247935296","trial_id":43,"system_attr":{"tpe:relative_params:0":"{\"lr\": 0.28229605961795834, \"ratio\": 4.476816841335119}"}}
{"op_code":5,"worker_id":"852cbf3e-a4b0-42b1-a0d3-8bb6846e698b-23456247935296","trial_id":43,"param_name":"lr","param_value_internal":0.28229605961795834,"distribution":"{\"name\": \"FloatDistribution\", \"attributes\": {\"step\": null, \"low\": 1e-08, \"high\": 0.5, \"log\": true}}"}
{"op_code":5,"worker_id":"852cbf3e-a4b0-42b1-a0d3-8bb6846e698b-23456247935296","trial_id":43,"param_name":"ratio","param_value_internal":4.476816841335119,"distribution":"{\"name\": \"FloatDistribution\", \"attributes\": {\"step\": null, \"low\": 0.1, \"high\": 100.0, \"log\": true}}"}
{"op_code":6,"worker_id":"852cbf3e-a4b0-42b1-a0d3-8bb6846e698b-23456247935296","trial_id":43,"state":3,"values":null,"datetime_complete":"2026-07-24T13:03:51.415295"}
{"op_code":0,"worker_id":"dabddeda-abcf-49d7-9f26-77de3b404e96-23456247935296","study_name":"peter_adult_k3","directions":[2]}
{"op_code":4,"worker_id":"dabddeda-abcf-49d7-9f26-77de3b404e96-23456247935296","study_id":0,"datetime_start":"2026-07-24T13:08:00.090109"}
{"op_code":9,"worker_id":"dabddeda-abcf-49d7-9f26-77de3b404e96-23456247935296","trial_id":44,"system_attr":{"tpe:relative_params:0":"{\"lr\": 0.3583632808519888, \"ratio\": 4.4085777625432865}"}}
{"op_code":5,"worker_id":"dabddeda-abcf-49d7-9f26-77de3b404e96-23456247935296","trial_id":44,"param_name":"lr","param_value_internal":0.3583632808519888,"distribution":"{\"name\": \"FloatDistribution\", \"attributes\": {\"step\": null, \"low\": 1e-08, \"high\": 0.5, \"log\": true}}"}
{"op_code":5,"worker_id":"dabddeda-abcf-49d7-9f26-77de3b404e96-23456247935296","trial_id":44,"param_name":"ratio","param_value_internal":4.4085777625432865,"distribution":"{\"name\": \"FloatDistribution\", \"attributes\": {\"step\": null, \"low\": 0.1, \"high\": 100.0, \"log\": true}}"}
{"op_code":6,"worker_id":"dabddeda-abcf-49d7-9f26-77de3b404e96-23456247935296","trial_id":44,"state":3,"values":null,"datetime_complete":"2026-07-24T13:08:30.200369"}
{"op_code":0,"worker_id":"479832a2-d0d5-40df-89ca-29ed5760f7f6-23456247935296","study_name":"peter_adult_k3","directions":[2]}
{"op_code":4,"worker_id":"479832a2-d0d5-40df-89ca-29ed5760f7f6-23456247935296","study_id":0,"datetime_start":"2026-07-24T13:12:30.175973"}
{"op_code":9,"worker_id":"479832a2-d0d5-40df-89ca-29ed5760f7f6-23456247935296","trial_id":45,"system_attr":{"tpe:relative_params:0":"{\"lr\": 0.20160098452502404, \"ratio\": 13.066749596426245}"}}
{"op_code":5,"worker_id":"479832a2-d0d5-40df-89ca-29ed5760f7f6-23456247935296","trial_id":45,"param_name":"lr","param_value_internal":0.20160098452502404,"distribution":"{\"name\": \"FloatDistribution\", \"attributes\": {\"step\": null, \"low\": 1e-08, \"high\": 0.5, \"log\": true}}"}
{"op_code":5,"worker_id":"479832a2-d0d5-40df-89ca-29ed5760f7f6-23456247935296","trial_id":45,"param_name":"ratio","param_value_internal":13.066749596426245,"distribution":"{\"name\": \"FloatDistribution\", \"attributes\": {\"step\": null, \"low\": 0.1, \"high\": 100.0, \"log\": true}}"}
{"op_code":6,"worker_id":"479832a2-d0d5-40df-89ca-29ed5760f7f6-23456247935296","trial_id":45,"state":3,"values":null,"datetime_complete":"2026-07-24T13:12:57.889282"}
{"op_code":0,"worker_id":"fd87f985-73fa-4508-ab94-a431ea9d3612-23456247935296","study_name":"peter_adult_k3","directions":[2]}
{"op_code":4,"worker_id":"fd87f985-73fa-4508-ab94-a431ea9d3612-23456247935296","study_id":0,"datetime_start":"2026-07-24T13:17:04.521494"}
{"op_code":9,"worker_id":"fd87f985-73fa-4508-ab94-a431ea9d3612-23456247935296","trial_id":46,"system_attr":{"tpe:relative_params:0":"{\"lr\": 0.488908605651982, \"ratio\": 33.71191850657182}"}}
{"op_code":5,"worker_id":"fd87f985-73fa-4508-ab94-a431ea9d3612-23456247935296","trial_id":46,"param_name":"lr","param_value_internal":0.488908605651982,"distribution":"{\"name\": \"FloatDistribution\", \"attributes\": {\"step\": null, \"low\": 1e-08, \"high\": 0.5, \"log\": true}}"}
{"op_code":5,"worker_id":"fd87f985-73fa-4508-ab94-a431ea9d3612-23456247935296","trial_id":46,"param_name":"ratio","param_value_internal":33.71191850657182,"distribution":"{\"name\": \"FloatDistribution\", \"attributes\": {\"step\": null, \"low\": 0.1, \"high\": 100.0, \"log\": true}}"}
{"op_code":6,"worker_id":"fd87f985-73fa-4508-ab94-a431ea9d3612-23456247935296","trial_id":46,"state":3,"values":null,"datetime_complete":"2026-07-24T13:17:43.986988"}
{"op_code":0,"worker_id":"70a8ecc9-8728-4a4a-a2da-f5d757b95973-23456247935296","study_name":"peter_adult_k3","directions":[2]}
{"op_code":4,"worker_id":"70a8ecc9-8728-4a4a-a2da-f5d757b95973-23456247935296","study_id":0,"datetime_start":"2026-07-24T13:20:20.982024"}
{"op_code":9,"worker_id":"70a8ecc9-8728-4a4a-a2da-f5d757b95973-23456247935296","trial_id":47,"system_attr":{"tpe:relative_params:0":"{\"lr\": 0.4829309230211485, \"ratio\": 20.39239224686773}"}}
{"op_code":5,"worker_id":"70a8ecc9-8728-4a4a-a2da-f5d757b95973-23456247935296","trial_id":47,"param_name":"lr","param_value_internal":0.4829309230211485,"distribution":"{\"name\": \"FloatDistribution\", \"attributes\": {\"step\": null, \"low\": 1e-08, \"high\": 0.5, \"log\": true}}"}
{"op_code":5,"worker_id":"70a8ecc9-8728-4a4a-a2da-f5d757b95973-23456247935296","trial_id":47,"param_name":"ratio","param_value_internal":20.39239224686773,"distribution":"{\"name\": \"FloatDistribution\", \"attributes\": {\"step\": null, \"low\": 0.1, \"high\": 100.0, \"log\": true}}"}
{"op_code":6,"worker_id":"70a8ecc9-8728-4a4a-a2da-f5d757b95973-23456247935296","trial_id":47,"state":3,"values":null,"datetime_complete":"2026-07-24T13:20:45.489932"}
{"op_code":0,"worker_id":"954019a2-c96b-4727-aba6-81e80ff473ba-23456247935296","study_name":"peter_adult_k3","directions":[2]}
{"op_code":4,"worker_id":"954019a2-c96b-4727-aba6-81e80ff473ba-23456247935296","study_id":0,"datetime_start":"2026-07-24T13:23:17.674121"}
{"op_code":9,"worker_id":"954019a2-c96b-4727-aba6-81e80ff473ba-23456247935296","trial_id":48,"system_attr":{"tpe:relative_params:0":"{\"lr\": 0.1420975073385558, \"ratio\": 5.129378821334079}"}}
{"op_code":5,"worker_id":"954019a2-c96b-4727-aba6-81e80ff473ba-23456247935296","trial_id":48,"param_name":"lr","param_value_internal":0.1420975073385558,"distribution":"{\"name\": \"FloatDistribution\", \"attributes\": {\"step\": null, \"low\": 1e-08, \"high\": 0.5, \"log\": true}}"}
{"op_code":5,"worker_id":"954019a2-c96b-4727-aba6-81e80ff473ba-23456247935296","trial_id":48,"param_name":"ratio","param_value_internal":5.129378821334079,"distribution":"{\"name\": \"FloatDistribution\", \"attributes\": {\"step\": null, \"low\": 0.1, \"high\": 100.0, \"log\": true}}"}
{"op_code":6,"worker_id":"954019a2-c96b-4727-aba6-81e80ff473ba-23456247935296","trial_id":48,"state":3,"values":null,"datetime_complete":"2026-07-24T13:23:44.252816"}
{"op_code":0,"worker_id":"224cb854-33fd-4260-b656-100e0bbc490e-23456247935296","study_name":"peter_adult_k3","directions":[2]}
{"op_code":4,"worker_id":"224cb854-33fd-4260-b656-100e0bbc490e-23456247935296","study_id":0,"datetime_start":"2026-07-24T13:26:07.319173"}
{"op_code":9,"worker_id":"224cb854-33fd-4260-b656-100e0bbc490e-23456247935296","trial_id":49,"system_attr":{"tpe:relative_params:0":"{\"lr\": 0.11321080116297322, \"ratio\": 7.042734660692112}"}}
{"op_code":5,"worker_id":"224cb854-33fd-4260-b656-100e0bbc490e-23456247935296","trial_id":49,"param_name":"lr","param_value_internal":0.11321080116297322,"distribution":"{\"name\": \"FloatDistribution\", \"attributes\": {\"step\": null, \"low\": 1e-08, \"high\": 0.5, \"log\": true}}"}
{"op_code":5,"worker_id":"224cb854-33fd-4260-b656-100e0bbc490e-23456247935296","trial_id":49,"param_name":"ratio","param_value_internal":7.042734660692112,"distribution":"{\"name\": \"FloatDistribution\", \"attributes\": {\"step\": null, \"low\": 0.1, \"high\": 100.0, \"log\": true}}"}
{"op_code":6,"worker_id":"224cb854-33fd-4260-b656-100e0bbc490e-23456247935296","trial_id":49,"state":3,"values":null,"datetime_complete":"2026-07-24T13:26:31.082086"}
{"op_code":0,"worker_id":"4879219a-1fb3-49fa-8859-c054429de8a7-23456247935296","study_name":"peter_adult_k3","directions":[2]}
{"op_code":4,"worker_id":"4879219a-1fb3-49fa-8859-c054429de8a7-23456247935296","study_id":0,"datetime_start":"2026-07-24T13:29:45.416006"}
{"op_code":9,"worker_id":"4879219a-1fb3-49fa-8859-c054429de8a7-23456247935296","trial_id":50,"system_attr":{"tpe:relative_params:0":"{\"lr\": 0.18873034757790919, \"ratio\": 23.327300970347004}"}}
{"op_code":5,"worker_id":"4879219a-1fb3-49fa-8859-c054429de8a7-23456247935296","trial_id":50,"param_name":"lr","param_value_internal":0.18873034757790919,"distribution":"{\"name\": \"FloatDistribution\", \"attributes\": {\"step\": null, \"low\": 1e-08, \"high\": 0.5, \"log\": true}}"}
{"op_code":5,"worker_id":"4879219a-1fb3-49fa-8859-c054429de8a7-23456247935296","trial_id":50,"param_name":"ratio","param_value_internal":23.327300970347004,"distribution":"{\"name\": \"FloatDistribution\", \"attributes\": {\"step\": null, \"low\": 0.1, \"high\": 100.0, \"log\": true}}"}
{"op_code":6,"worker_id":"4879219a-1fb3-49fa-8859-c054429de8a7-23456247935296","trial_id":50,"state":3,"values":null,"datetime_complete":"2026-07-24T13:30:12.205648"}
{"op_code":0,"worker_id":"603aae79-0b5c-42c3-adb4-2ea16d573908-23456247935296","study_name":"peter_adult_k3","directions":[2]}
{"op_code":4,"worker_id":"603aae79-0b5c-42c3-adb4-2ea16d573908-23456247935296","study_id":0,"datetime_start":"2026-07-24T13:33:28.164732"}
{"op_code":9,"worker_id":"603aae79-0b5c-42c3-adb4-2ea16d573908-23456247935296","trial_id":51,"system_attr":{"tpe:relative_params:0":"{\"lr\": 0.09439274598037105, \"ratio\": 5.163161715932303}"}}
{"op_code":5,"worker_id":"603aae79-0b5c-42c3-adb4-2ea16d573908-23456247935296","trial_id":51,"param_name":"lr","param_value_internal":0.09439274598037105,"distribution":"{\"name\": \"FloatDistribution\", \"attributes\": {\"step\": null, \"low\": 1e-08, \"high\": 0.5, \"log\": true}}"}
{"op_code":5,"worker_id":"603aae79-0b5c-42c3-adb4-2ea16d573908-23456247935296","trial_id":51,"param_name":"ratio","param_value_internal":5.163161715932303,"distribution":"{\"name\": \"FloatDistribution\", \"attributes\": {\"step\": null, \"low\": 0.1, \"high\": 100.0, \"log\": true}}"}
{"op_code":6,"worker_id":"603aae79-0b5c-42c3-adb4-2ea16d573908-23456247935296","trial_id":51,"state":3,"values":null,"datetime_complete":"2026-07-24T13:33:54.941738"}
{"op_code":0,"worker_id":"64b2a038-db4f-4465-82f6-984e64da1eb2-23456247935296","study_name":"peter_adult_k3","directions":[2]}
{"op_code":4,"worker_id":"64b2a038-db4f-4465-82f6-984e64da1eb2-23456247935296","study_id":0,"datetime_start":"2026-07-24T13:36:22.264856"}
{"op_code":9,"worker_id":"64b2a038-db4f-4465-82f6-984e64da1eb2-23456247935296","trial_id":52,"system_attr":{"tpe:relative_params:0":"{\"lr\": 0.16314992175023504, \"ratio\": 7.7752463938322185}"}}
{"op_code":5,"worker_id":"64b2a038-db4f-4465-82f6-984e64da1eb2-23456247935296","trial_id":52,"param_name":"lr","param_value_internal":0.16314992175023504,"distribution":"{\"name\": \"FloatDistribution\", \"attributes\": {\"step\": null, \"low\": 1e-08, \"high\": 0.5, \"log\": true}}"}
{"op_code":5,"worker_id":"64b2a038-db4f-4465-82f6-984e64da1eb2-23456247935296","trial_id":52,"param_name":"ratio","param_value_internal":7.7752463938322185,"distribution":"{\"name\": \"FloatDistribution\", \"attributes\": {\"step\": null, \"low\": 0.1, \"high\": 100.0, \"log\": true}}"}
{"op_code":6,"worker_id":"64b2a038-db4f-4465-82f6-984e64da1eb2-23456247935296","trial_id":52,"state":3,"values":null,"datetime_complete":"2026-07-24T13:36:51.701728"}
{"op_code":0,"worker_id":"464eb643-3ac7-4cbf-8cf7-9fddf08e8560-23456247935296","study_name":"peter_adult_k3","directions":[2]}
{"op_code":0,"worker_id":"7992ad4a-b5db-4273-8af0-7eba4df91fed-23456247935296","study_name":"peter_adult_k3","directions":[2]}
