{"op_code":0,"worker_id":"5ffd628b-aedb-4b6d-80d2-fab203bf4840-20268","study_name":"peter_plants_k5","directions":[2]}
{"op_code":0,"worker_id":"b92cd2a3-d000-45d8-97ad-4bb8ba157a07-31232","study_name":"peter_plants_k5","directions":[2]}
{"op_code":4,"worker_id":"b92cd2a3-d000-45d8-97ad-4bb8ba157a07-31232","study_id":0,"datetime_start":"2026-07-24T09:13:00.704533"}
{"op_code":5,"worker_id":"b92cd2a3-d000-45d8-97ad-4bb8ba157a07-31232","trial_id":0,"param_name":"lr","param_value_internal":0.01339795874587774,"distribution":"{\"name\": \"FloatDistribution\", \"attributes\": {\"step\": null, \"low\": 1e-08, \"high\": 0.5, \"log\": true}}"}
{"op_code":5,"worker_id":"b92cd2a3-d000-45d8-97ad-4bb8ba157a07-31232","trial_id":0,"param_name":"ratio","param_value_internal":3.021893656639982,"distribution":"{\"name\": \"FloatDistribution\", \"attributes\": {\"step\": null, \"low\": 0.1, \"high\": 100.0, \"log\": true}}"}
{"op_code":0,"worker_id":"8ae8171d-c988-45c2-8734-974845ee1ab4-25052","study_name":"peter_plants_k5","directions":[2]}
{"op_code":4,"worker_id":"8ae8171d-c988-45c2-8734-974845ee1ab4-25052","study_id":0,"datetime_start":"2026-07-24T09:13:01.763394"}
{"op_code":5,"worker_id":"8ae8171d-c988-45c2-8734-974845ee1ab4-25052","trial_id":1,"param_name":"lr","param_value_internal":3.289604537734939e-08,"distribution":"{\"name\": \"FloatDistribution\", \"attributes\": {\"step\": null, \"low\": 1e-08, \"high\": 0.5, \"log\": true}}"}
{"op_code":5,"worker_id":"8ae8171d-c988-45c2-8734-974845ee1ab4-25052","trial_id":1,"param_name":"ratio","param_value_internal":36.39935657557872,"distribution":"{\"name\": \"FloatDistribution\", \"attributes\": {\"step\": null, \"low\": 0.1, \"high\": 100.0, \"log\": true}}"}
{"op_code":0,"worker_id":"e15dc382-5581-44d7-bc4b-b2b604dc9348-26800","study_name":"peter_plants_k5","directions":[2]}
{"op_code":0,"worker_id":"f2a321f7-2f0f-4730-bf35-c9cbadb0cd23-23456247935296","study_name":"peter_plants_k5","directions":[2]}
{"op_code":0,"worker_id":"d4060736-aea8-432a-9f3d-4897a3ea3942-23456247935296","study_name":"peter_plants_k5","directions":[2]}
{"op_code":4,"worker_id":"d4060736-aea8-432a-9f3d-4897a3ea3942-23456247935296","study_id":0,"datetime_start":"2026-07-24T10:21:57.133791"}
{"op_code":5,"worker_id":"d4060736-aea8-432a-9f3d-4897a3ea3942-23456247935296","trial_id":2,"param_name":"lr","param_value_internal":1.6452246914241384e-06,"distribution":"{\"name\": \"FloatDistribution\", \"attributes\": {\"step\": null, \"low\": 1e-08, \"high\": 0.5, \"log\": true}}"}
{"op_code":5,"worker_id":"d4060736-aea8-432a-9f3d-4897a3ea3942-23456247935296","trial_id":2,"param_name":"ratio","param_value_internal":4.866711730932383,"distribution":"{\"name\": \"FloatDistribution\", \"attributes\": {\"step\": null, \"low\": 0.1, \"high\": 100.0, \"log\": true}}"}
{"op_code":6,"worker_id":"d4060736-aea8-432a-9f3d-4897a3ea3942-23456247935296","trial_id":2,"state":1,"values":[-51.56230025596065],"datetime_complete":"2026-07-24T10:23:21.069180"}
{"op_code":0,"worker_id":"cea40f58-f616-4007-9c54-7dfa31c913da-23456247935296","study_name":"peter_plants_k5","directions":[2]}
{"op_code":4,"worker_id":"cea40f58-f616-4007-9c54-7dfa31c913da-23456247935296","study_id":0,"datetime_start":"2026-07-24T10:23:47.235151"}
{"op_code":5,"worker_id":"cea40f58-f616-4007-9c54-7dfa31c913da-23456247935296","trial_id":3,"param_name":"lr","param_value_internal":2.253918456636496e-07,"distribution":"{\"name\": \"FloatDistribution\", \"attributes\": {\"step\": null, \"low\": 1e-08, \"high\": 0.5, \"log\": true}}"}
{"op_code":5,"worker_id":"cea40f58-f616-4007-9c54-7dfa31c913da-23456247935296","trial_id":3,"param_name":"ratio","param_value_internal":0.18101037233887524,"distribution":"{\"name\": \"FloatDistribution\", \"attributes\": {\"step\": null, \"low\": 0.1, \"high\": 100.0, \"log\": true}}"}
{"op_code":6,"worker_id":"cea40f58-f616-4007-9c54-7dfa31c913da-23456247935296","trial_id":3,"state":1,"values":[-52.42614153437309],"datetime_complete":"2026-07-24T10:25:10.909762"}
{"op_code":0,"worker_id":"fe4276bf-6194-4386-a334-0966753c5f4d-23456247935296","study_name":"peter_plants_k5","directions":[2]}
{"op_code":4,"worker_id":"fe4276bf-6194-4386-a334-0966753c5f4d-23456247935296","study_id":0,"datetime_start":"2026-07-24T10:27:35.123842"}
{"op_code":5,"worker_id":"fe4276bf-6194-4386-a334-0966753c5f4d-23456247935296","trial_id":4,"param_name":"lr","param_value_internal":1.0048724526269534e-06,"distribution":"{\"name\": \"FloatDistribution\", \"attributes\": {\"step\": null, \"low\": 1e-08, \"high\": 0.5, \"log\": true}}"}
{"op_code":5,"worker_id":"fe4276bf-6194-4386-a334-0966753c5f4d-23456247935296","trial_id":4,"param_name":"ratio","param_value_internal":9.590882861573508,"distribution":"{\"name\": \"FloatDistribution\", \"attributes\": {\"step\": null, \"low\": 0.1, \"high\": 100.0, \"log\": true}}"}
{"op_code":6,"worker_id":"fe4276bf-6194-4386-a334-0966753c5f4d-23456247935296","trial_id":4,"state":1,"values":[-51.673503769901416],"datetime_complete":"2026-07-24T10:28:45.484927"}
{"op_code":0,"worker_id":"01bea685-1807-47ea-9f12-93774b1ec4dc-23456247935296","study_name":"peter_plants_k5","directions":[2]}
{"op_code":4,"worker_id":"01bea685-1807-47ea-9f12-93774b1ec4dc-23456247935296","study_id":0,"datetime_start":"2026-07-24T10:31:13.242918"}
{"op_code":5,"worker_id":"01bea685-1807-47ea-9f12-93774b1ec4dc-23456247935296","trial_id":5,"param_name":"lr","param_value_internal":1.0575913516861635e-08,"distribution":"{\"name\": \"FloatDistribution\", \"attributes\": {\"step\": null, \"low\": 1e-08, \"high\": 0.5, \"log\": true}}"}
{"op_code":5,"worker_id":"01bea685-1807-47ea-9f12-93774b1ec4dc-23456247935296","trial_id":5,"param_name":"ratio","param_value_internal":0.2843360566119521,"distribution":"{\"name\": \"FloatDistribution\", \"attributes\": {\"step\": null, \"low\": 0.1, \"high\": 100.0, \"log\": true}}"}
{"op_code":6,"worker_id":"01bea685-1807-47ea-9f12-93774b1ec4dc-23456247935296","trial_id":5,"state":1,"values":[-52.398576384276645],"datetime_complete":"2026-07-24T10:32:36.902800"}
{"op_code":0,"worker_id":"a3d5d404-13bf-4ee4-b60a-7fd386edf929-23456247935296","study_name":"peter_plants_k5","directions":[2]}
{"op_code":4,"worker_id":"a3d5d404-13bf-4ee4-b60a-7fd386edf929-23456247935296","study_id":0,"datetime_start":"2026-07-24T10:34:42.760831"}
{"op_code":5,"worker_id":"a3d5d404-13bf-4ee4-b60a-7fd386edf929-23456247935296","trial_id":6,"param_name":"lr","param_value_internal":0.0003135685931528942,"distribution":"{\"name\": \"FloatDistribution\", \"attributes\": {\"step\": null, \"low\": 1e-08, \"high\": 0.5, \"log\": true}}"}
{"op_code":5,"worker_id":"a3d5d404-13bf-4ee4-b60a-7fd386edf929-23456247935296","trial_id":6,"param_name":"ratio","param_value_internal":3.736497963894985,"distribution":"{\"name\": \"FloatDistribution\", \"attributes\": {\"step\": null, \"low\": 0.1, \"high\": 100.0, \"log\": true}}"}
{"op_code":6,"worker_id":"a3d5d404-13bf-4ee4-b60a-7fd386edf929-23456247935296","trial_id":6,"state":1,"values":[-35.88970084597442],"datetime_complete":"2026-07-24T10:35:53.596568"}
{"op_code":0,"worker_id":"6dd362b6-70ff-4b33-817b-26e7a30123bb-23456247935296","study_name":"peter_plants_k5","directions":[2]}
{"op_code":4,"worker_id":"6dd362b6-70ff-4b33-817b-26e7a30123bb-23456247935296","study_id":0,"datetime_start":"2026-07-24T10:38:00.355601"}
{"op_code":5,"worker_id":"6dd362b6-70ff-4b33-817b-26e7a30123bb-23456247935296","trial_id":7,"param_name":"lr","param_value_internal":2.950949399031335e-07,"distribution":"{\"name\": \"FloatDistribution\", \"attributes\": {\"step\": null, \"low\": 1e-08, \"high\": 0.5, \"log\": true}}"}
{"op_code":5,"worker_id":"6dd362b6-70ff-4b33-817b-26e7a30123bb-23456247935296","trial_id":7,"param_name":"ratio","param_value_internal":74.80815114233796,"distribution":"{\"name\": \"FloatDistribution\", \"attributes\": {\"step\": null, \"low\": 0.1, \"high\": 100.0, \"log\": true}}"}
{"op_code":6,"worker_id":"6dd362b6-70ff-4b33-817b-26e7a30123bb-23456247935296","trial_id":7,"state":1,"values":[-51.80773281086454],"datetime_complete":"2026-07-24T10:39:24.378128"}
{"op_code":0,"worker_id":"24c7d0f0-51cc-4e56-a7a6-dde13301e72f-23456247935296","study_name":"peter_plants_k5","directions":[2]}
{"op_code":4,"worker_id":"24c7d0f0-51cc-4e56-a7a6-dde13301e72f-23456247935296","study_id":0,"datetime_start":"2026-07-24T10:42:17.125158"}
{"op_code":5,"worker_id":"24c7d0f0-51cc-4e56-a7a6-dde13301e72f-23456247935296","trial_id":8,"param_name":"lr","param_value_internal":8.379657377208107e-07,"distribution":"{\"name\": \"FloatDistribution\", \"attributes\": {\"step\": null, \"low\": 1e-08, \"high\": 0.5, \"log\": true}}"}
{"op_code":5,"worker_id":"24c7d0f0-51cc-4e56-a7a6-dde13301e72f-23456247935296","trial_id":8,"param_name":"ratio","param_value_internal":6.843866148602785,"distribution":"{\"name\": \"FloatDistribution\", \"attributes\": {\"step\": null, \"low\": 0.1, \"high\": 100.0, \"log\": true}}"}
{"op_code":6,"worker_id":"24c7d0f0-51cc-4e56-a7a6-dde13301e72f-23456247935296","trial_id":8,"state":1,"values":[-51.898639777940296],"datetime_complete":"2026-07-24T10:43:27.348960"}
{"op_code":0,"worker_id":"d663dd45-418e-484c-a79b-e9a8677dc839-23456247935296","study_name":"peter_plants_k5","directions":[2]}
{"op_code":4,"worker_id":"d663dd45-418e-484c-a79b-e9a8677dc839-23456247935296","study_id":0,"datetime_start":"2026-07-24T10:46:31.475499"}
{"op_code":5,"worker_id":"d663dd45-418e-484c-a79b-e9a8677dc839-23456247935296","trial_id":9,"param_name":"lr","param_value_internal":0.06513448204746006,"distribution":"{\"name\": \"FloatDistribution\", \"attributes\": {\"step\": null, \"low\": 1e-08, \"high\": 0.5, \"log\": true}}"}
{"op_code":5,"worker_id":"d663dd45-418e-484c-a79b-e9a8677dc839-23456247935296","trial_id":9,"param_name":"ratio","param_value_internal":54.989301714949306,"distribution":"{\"name\": \"FloatDistribution\", \"attributes\": {\"step\": null, \"low\": 0.1, \"high\": 100.0, \"log\": true}}"}
{"op_code":6,"worker_id":"d663dd45-418e-484c-a79b-e9a8677dc839-23456247935296","trial_id":9,"state":3,"values":null,"datetime_complete":"2026-07-24T10:47:13.303713"}
{"op_code":0,"worker_id":"14bfc613-60d3-4e7f-807c-a07316d7e432-23456247935296","study_name":"peter_plants_k5","directions":[2]}
{"op_code":4,"worker_id":"14bfc613-60d3-4e7f-807c-a07316d7e432-23456247935296","study_id":0,"datetime_start":"2026-07-24T10:50:58.608245"}
{"op_code":5,"worker_id":"14bfc613-60d3-4e7f-807c-a07316d7e432-23456247935296","trial_id":10,"param_name":"lr","param_value_internal":0.0123466403231844,"distribution":"{\"name\": \"FloatDistribution\", \"attributes\": {\"step\": null, \"low\": 1e-08, \"high\": 0.5, \"log\": true}}"}
{"op_code":5,"worker_id":"14bfc613-60d3-4e7f-807c-a07316d7e432-23456247935296","trial_id":10,"param_name":"ratio","param_value_internal":8.899339850440434,"distribution":"{\"name\": \"FloatDistribution\", \"attributes\": {\"step\": null, \"low\": 0.1, \"high\": 100.0, \"log\": true}}"}
{"op_code":6,"worker_id":"14bfc613-60d3-4e7f-807c-a07316d7e432-23456247935296","trial_id":10,"state":3,"values":null,"datetime_complete":"2026-07-24T10:51:58.654012"}
{"op_code":0,"worker_id":"2ba234ce-e415-4f2c-9a82-8be86d65844a-23456247935296","study_name":"peter_plants_k5","directions":[2]}
{"op_code":4,"worker_id":"2ba234ce-e415-4f2c-9a82-8be86d65844a-23456247935296","study_id":0,"datetime_start":"2026-07-24T10:55:06.039397"}
{"op_code":5,"worker_id":"2ba234ce-e415-4f2c-9a82-8be86d65844a-23456247935296","trial_id":11,"param_name":"lr","param_value_internal":0.0010805441897824748,"distribution":"{\"name\": \"FloatDistribution\", \"attributes\": {\"step\": null, \"low\": 1e-08, \"high\": 0.5, \"log\": true}}"}
{"op_code":5,"worker_id":"2ba234ce-e415-4f2c-9a82-8be86d65844a-23456247935296","trial_id":11,"param_name":"ratio","param_value_internal":4.878144257628167,"distribution":"{\"name\": \"FloatDistribution\", \"attributes\": {\"step\": null, \"low\": 0.1, \"high\": 100.0, \"log\": true}}"}
{"op_code":6,"worker_id":"2ba234ce-e415-4f2c-9a82-8be86d65844a-23456247935296","trial_id":11,"state":1,"values":[-32.778219991484555],"datetime_complete":"2026-07-24T10:56:17.057372"}
{"op_code":0,"worker_id":"1ac6b02d-fca5-4e61-b7f8-92b5465ba1d6-23456247935296","study_name":"peter_plants_k5","directions":[2]}
{"op_code":4,"worker_id":"1ac6b02d-fca5-4e61-b7f8-92b5465ba1d6-23456247935296","study_id":0,"datetime_start":"2026-07-24T10:59:39.164455"}
{"op_code":5,"worker_id":"1ac6b02d-fca5-4e61-b7f8-92b5465ba1d6-23456247935296","trial_id":12,"param_name":"lr","param_value_internal":1.0850858463329196e-07,"distribution":"{\"name\": \"FloatDistribution\", \"attributes\": {\"step\": null, \"low\": 1e-08, \"high\": 0.5, \"log\": true}}"}
{"op_code":5,"worker_id":"1ac6b02d-fca5-4e61-b7f8-92b5465ba1d6-23456247935296","trial_id":12,"param_name":"ratio","param_value_internal":0.7498312293401909,"distribution":"{\"name\": \"FloatDistribution\", \"attributes\": {\"step\": null, \"low\": 0.1, \"high\": 100.0, \"log\": true}}"}
{"op_code":6,"worker_id":"1ac6b02d-fca5-4e61-b7f8-92b5465ba1d6-23456247935296","trial_id":12,"state":1,"values":[-52.41810099138738],"datetime_complete":"2026-07-24T11:01:04.539788"}
{"op_code":0,"worker_id":"89b2f99c-b58e-4b99-80f2-4d53197c3cde-23456247935296","study_name":"peter_plants_k5","directions":[2]}
{"op_code":4,"worker_id":"89b2f99c-b58e-4b99-80f2-4d53197c3cde-23456247935296","study_id":0,"datetime_start":"2026-07-24T11:04:34.464320"}
{"op_code":5,"worker_id":"89b2f99c-b58e-4b99-80f2-4d53197c3cde-23456247935296","trial_id":13,"param_name":"lr","param_value_internal":3.3725452162961825e-08,"distribution":"{\"name\": \"FloatDistribution\", \"attributes\": {\"step\": null, \"low\": 1e-08, \"high\": 0.5, \"log\": true}}"}
{"op_code":5,"worker_id":"89b2f99c-b58e-4b99-80f2-4d53197c3cde-23456247935296","trial_id":13,"param_name":"ratio","param_value_internal":0.12159090135659001,"distribution":"{\"name\": \"FloatDistribution\", \"attributes\": {\"step\": null, \"low\": 0.1, \"high\": 100.0, \"log\": true}}"}
{"op_code":6,"worker_id":"89b2f99c-b58e-4b99-80f2-4d53197c3cde-23456247935296","trial_id":13,"state":1,"values":[-52.404203479273086],"datetime_complete":"2026-07-24T11:05:50.772845"}
{"op_code":0,"worker_id":"32de7aa2-5232-4e60-8e3a-323af032ea9b-23456247935296","study_name":"peter_plants_k5","directions":[2]}
{"op_code":4,"worker_id":"32de7aa2-5232-4e60-8e3a-323af032ea9b-23456247935296","study_id":0,"datetime_start":"2026-07-24T11:09:15.130780"}
{"op_code":9,"worker_id":"32de7aa2-5232-4e60-8e3a-323af032ea9b-23456247935296","trial_id":14,"system_attr":{"tpe:relative_params:0":"{\"lr\": 0.21230814474403242, \"ratio\": 36.52509799672683}"}}
{"op_code":5,"worker_id":"32de7aa2-5232-4e60-8e3a-323af032ea9b-23456247935296","trial_id":14,"param_name":"lr","param_value_internal":0.21230814474403242,"distribution":"{\"name\": \"FloatDistribution\", \"attributes\": {\"step\": null, \"low\": 1e-08, \"high\": 0.5, \"log\": true}}"}
{"op_code":5,"worker_id":"32de7aa2-5232-4e60-8e3a-323af032ea9b-23456247935296","trial_id":14,"param_name":"ratio","param_value_internal":36.52509799672683,"distribution":"{\"name\": \"FloatDistribution\", \"attributes\": {\"step\": null, \"low\": 0.1, \"high\": 100.0, \"log\": true}}"}
{"op_code":6,"worker_id":"32de7aa2-5232-4e60-8e3a-323af032ea9b-23456247935296","trial_id":14,"state":3,"values":null,"datetime_complete":"2026-07-24T11:09:19.966108"}
{"op_code":0,"worker_id":"41ef9076-2c40-4a94-b89e-0fcf09ce2179-23456247935296","study_name":"peter_plants_k5","directions":[2]}
{"op_code":4,"worker_id":"41ef9076-2c40-4a94-b89e-0fcf09ce2179-23456247935296","study_id":0,"datetime_start":"2026-07-24T11:13:24.908468"}
{"op_code":9,"worker_id":"41ef9076-2c40-4a94-b89e-0fcf09ce2179-23456247935296","trial_id":15,"system_attr":{"tpe:relative_params:0":"{\"lr\": 0.14820679308078036, \"ratio\": 0.21797603459383263}"}}
{"op_code":5,"worker_id":"41ef9076-2c40-4a94-b89e-0fcf09ce2179-23456247935296","trial_id":15,"param_name":"lr","param_value_internal":0.14820679308078036,"distribution":"{\"name\": \"FloatDistribution\", \"attributes\": {\"step\": null, \"low\": 1e-08, \"high\": 0.5, \"log\": true}}"}
{"op_code":5,"worker_id":"41ef9076-2c40-4a94-b89e-0fcf09ce2179-23456247935296","trial_id":15,"param_name":"ratio","param_value_internal":0.21797603459383263,"distribution":"{\"name\": \"FloatDistribution\", \"attributes\": {\"step\": null, \"low\": 0.1, \"high\": 100.0, \"log\": true}}"}
{"op_code":6,"worker_id":"41ef9076-2c40-4a94-b89e-0fcf09ce2179-23456247935296","trial_id":15,"state":3,"values":null,"datetime_complete":"2026-07-24T11:13:30.502507"}
{"op_code":0,"worker_id":"2dabc461-28d4-4182-9c3a-d5e619d2cb4b-23456247935296","study_name":"peter_plants_k5","directions":[2]}
{"op_code":4,"worker_id":"2dabc461-28d4-4182-9c3a-d5e619d2cb4b-23456247935296","study_id":0,"datetime_start":"2026-07-24T11:18:19.219121"}
{"op_code":9,"worker_id":"2dabc461-28d4-4182-9c3a-d5e619d2cb4b-23456247935296","trial_id":16,"system_attr":{"tpe:relative_params:0":"{\"lr\": 0.0008115392598106737, \"ratio\": 0.17681101407688568}"}}
{"op_code":5,"worker_id":"2dabc461-28d4-4182-9c3a-d5e619d2cb4b-23456247935296","trial_id":16,"param_name":"lr","param_value_internal":0.0008115392598106737,"distribution":"{\"name\": \"FloatDistribution\", \"attributes\": {\"step\": null, \"low\": 1e-08, \"high\": 0.5, \"log\": true}}"}
{"op_code":5,"worker_id":"2dabc461-28d4-4182-9c3a-d5e619d2cb4b-23456247935296","trial_id":16,"param_name":"ratio","param_value_internal":0.17681101407688568,"distribution":"{\"name\": \"FloatDistribution\", \"attributes\": {\"step\": null, \"low\": 0.1, \"high\": 100.0, \"log\": true}}"}
{"op_code":6,"worker_id":"2dabc461-28d4-4182-9c3a-d5e619d2cb4b-23456247935296","trial_id":16,"state":1,"values":[-41.97112338804925],"datetime_complete":"2026-07-24T11:19:43.319852"}
{"op_code":0,"worker_id":"72863314-259b-4309-997b-fadbf000b433-23456247935296","study_name":"peter_plants_k5","directions":[2]}
{"op_code":4,"worker_id":"72863314-259b-4309-997b-fadbf000b433-23456247935296","study_id":0,"datetime_start":"2026-07-24T11:21:55.598974"}
{"op_code":9,"worker_id":"72863314-259b-4309-997b-fadbf000b433-23456247935296","trial_id":17,"system_attr":{"tpe:relative_params:0":"{\"lr\": 0.0006479828977778428, \"ratio\": 49.567979820146135}"}}
{"op_code":5,"worker_id":"72863314-259b-4309-997b-fadbf000b433-23456247935296","trial_id":17,"param_name":"lr","param_value_internal":0.0006479828977778428,"distribution":"{\"name\": \"FloatDistribution\", \"attributes\": {\"step\": null, \"low\": 1e-08, \"high\": 0.5, \"log\": true}}"}
{"op_code":5,"worker_id":"72863314-259b-4309-997b-fadbf000b433-23456247935296","trial_id":17,"param_name":"ratio","param_value_internal":49.567979820146135,"distribution":"{\"name\": \"FloatDistribution\", \"attributes\": {\"step\": null, \"low\": 0.1, \"high\": 100.0, \"log\": true}}"}
{"op_code":6,"worker_id":"72863314-259b-4309-997b-fadbf000b433-23456247935296","trial_id":17,"state":1,"values":[-33.34638911261605],"datetime_complete":"2026-07-24T11:23:23.579480"}
{"op_code":0,"worker_id":"03096879-b9b8-4249-b10b-2e48befa37a3-23456247935296","study_name":"peter_plants_k5","directions":[2]}
{"op_code":4,"worker_id":"03096879-b9b8-4249-b10b-2e48befa37a3-23456247935296","study_id":0,"datetime_start":"2026-07-24T11:26:04.165611"}
{"op_code":9,"worker_id":"03096879-b9b8-4249-b10b-2e48befa37a3-23456247935296","trial_id":18,"system_attr":{"tpe:relative_params:0":"{\"lr\": 0.0005393516157205786, \"ratio\": 95.20190106280074}"}}
{"op_code":5,"worker_id":"03096879-b9b8-4249-b10b-2e48befa37a3-23456247935296","trial_id":18,"param_name":"lr","param_value_internal":0.0005393516157205786,"distribution":"{\"name\": \"FloatDistribution\", \"attributes\": {\"step\": null, \"low\": 1e-08, \"high\": 0.5, \"log\": true}}"}
{"op_code":5,"worker_id":"03096879-b9b8-4249-b10b-2e48befa37a3-23456247935296","trial_id":18,"param_name":"ratio","param_value_internal":95.20190106280074,"distribution":"{\"name\": \"FloatDistribution\", \"attributes\": {\"step\": null, \"low\": 0.1, \"high\": 100.0, \"log\": true}}"}
{"op_code":6,"worker_id":"03096879-b9b8-4249-b10b-2e48befa37a3-23456247935296","trial_id":18,"state":1,"values":[-36.09817263495708],"datetime_complete":"2026-07-24T11:27:25.857761"}
{"op_code":0,"worker_id":"9d7c7e10-0753-4890-a3a6-4be70384163c-23456247935296","study_name":"peter_plants_k5","directions":[2]}
{"op_code":4,"worker_id":"9d7c7e10-0753-4890-a3a6-4be70384163c-23456247935296","study_id":0,"datetime_start":"2026-07-24T11:30:09.145470"}
{"op_code":9,"worker_id":"9d7c7e10-0753-4890-a3a6-4be70384163c-23456247935296","trial_id":19,"system_attr":{"tpe:relative_params:0":"{\"lr\": 0.11824118285112002, \"ratio\": 33.72920207645512}"}}
{"op_code":5,"worker_id":"9d7c7e10-0753-4890-a3a6-4be70384163c-23456247935296","trial_id":19,"param_name":"lr","param_value_internal":0.11824118285112002,"distribution":"{\"name\": \"FloatDistribution\", \"attributes\": {\"step\": null, \"low\": 1e-08, \"high\": 0.5, \"log\": true}}"}
{"op_code":5,"worker_id":"9d7c7e10-0753-4890-a3a6-4be70384163c-23456247935296","trial_id":19,"param_name":"ratio","param_value_internal":33.72920207645512,"distribution":"{\"name\": \"FloatDistribution\", \"attributes\": {\"step\": null, \"low\": 0.1, \"high\": 100.0, \"log\": true}}"}
{"op_code":6,"worker_id":"9d7c7e10-0753-4890-a3a6-4be70384163c-23456247935296","trial_id":19,"state":3,"values":null,"datetime_complete":"2026-07-24T11:30:23.272888"}
{"op_code":0,"worker_id":"f3843342-0a7d-46a4-9d13-c46177c57385-23456247935296","study_name":"peter_plants_k5","directions":[2]}
{"op_code":4,"worker_id":"f3843342-0a7d-46a4-9d13-c46177c57385-23456247935296","study_id":0,"datetime_start":"2026-07-24T11:35:26.002511"}
{"op_code":9,"worker_id":"f3843342-0a7d-46a4-9d13-c46177c57385-23456247935296","trial_id":20,"system_attr":{"tpe:relative_params:0":"{\"lr\": 0.0373598507131232, \"ratio\": 65.04632175555956}"}}
{"op_code":5,"worker_id":"f3843342-0a7d-46a4-9d13-c46177c57385-23456247935296","trial_id":20,"param_name":"lr","param_value_internal":0.0373598507131232,"distribution":"{\"name\": \"FloatDistribution\", \"attributes\": {\"step\": null, \"low\": 1e-08, \"high\": 0.5, \"log\": true}}"}
{"op_code":5,"worker_id":"f3843342-0a7d-46a4-9d13-c46177c57385-23456247935296","trial_id":20,"param_name":"ratio","param_value_internal":65.04632175555956,"distribution":"{\"name\": \"FloatDistribution\", \"attributes\": {\"step\": null, \"low\": 0.1, \"high\": 100.0, \"log\": true}}"}
{"op_code":6,"worker_id":"f3843342-0a7d-46a4-9d13-c46177c57385-23456247935296","trial_id":20,"state":1,"values":[-36.30314623482832],"datetime_complete":"2026-07-24T11:36:55.608455"}
{"op_code":0,"worker_id":"8985003f-a6b2-4cb8-b195-348cd9bea072-23456247935296","study_name":"peter_plants_k5","directions":[2]}
{"op_code":4,"worker_id":"8985003f-a6b2-4cb8-b195-348cd9bea072-23456247935296","study_id":0,"datetime_start":"2026-07-24T11:39:36.372330"}
{"op_code":9,"worker_id":"8985003f-a6b2-4cb8-b195-348cd9bea072-23456247935296","trial_id":21,"system_attr":{"tpe:relative_params:0":"{\"lr\": 7.414869005927514e-05, \"ratio\": 19.981744033703354}"}}
{"op_code":5,"worker_id":"8985003f-a6b2-4cb8-b195-348cd9bea072-23456247935296","trial_id":21,"param_name":"lr","param_value_internal":7.414869005927514e-05,"distribution":"{\"name\": \"FloatDistribution\", \"attributes\": {\"step\": null, \"low\": 1e-08, \"high\": 0.5, \"log\": true}}"}
{"op_code":5,"worker_id":"8985003f-a6b2-4cb8-b195-348cd9bea072-23456247935296","trial_id":21,"param_name":"ratio","param_value_internal":19.981744033703354,"distribution":"{\"name\": \"FloatDistribution\", \"attributes\": {\"step\": null, \"low\": 0.1, \"high\": 100.0, \"log\": true}}"}
{"op_code":6,"worker_id":"8985003f-a6b2-4cb8-b195-348cd9bea072-23456247935296","trial_id":21,"state":1,"values":[-36.92729733866134],"datetime_complete":"2026-07-24T11:40:59.798437"}
{"op_code":0,"worker_id":"909b4ae3-6ea5-47eb-935b-83ab3d1e767c-23456247935296","study_name":"peter_plants_k5","directions":[2]}
{"op_code":4,"worker_id":"909b4ae3-6ea5-47eb-935b-83ab3d1e767c-23456247935296","study_id":0,"datetime_start":"2026-07-24T11:43:08.721769"}
{"op_code":9,"worker_id":"909b4ae3-6ea5-47eb-935b-83ab3d1e767c-23456247935296","trial_id":22,"system_attr":{"tpe:relative_params:0":"{\"lr\": 0.17173648606963174, \"ratio\": 6.496871455087352}"}}
{"op_code":5,"worker_id":"909b4ae3-6ea5-47eb-935b-83ab3d1e767c-23456247935296","trial_id":22,"param_name":"lr","param_value_internal":0.17173648606963174,"distribution":"{\"name\": \"FloatDistribution\", \"attributes\": {\"step\": null, \"low\": 1e-08, \"high\": 0.5, \"log\": true}}"}
{"op_code":5,"worker_id":"909b4ae3-6ea5-47eb-935b-83ab3d1e767c-23456247935296","trial_id":22,"param_name":"ratio","param_value_internal":6.496871455087352,"distribution":"{\"name\": \"FloatDistribution\", \"attributes\": {\"step\": null, \"low\": 0.1, \"high\": 100.0, \"log\": true}}"}
{"op_code":6,"worker_id":"909b4ae3-6ea5-47eb-935b-83ab3d1e767c-23456247935296","trial_id":22,"state":3,"values":null,"datetime_complete":"2026-07-24T11:43:15.540946"}
{"op_code":0,"worker_id":"df8d1936-4764-4213-88c4-c86c194210b6-23456247935296","study_name":"peter_plants_k5","directions":[2]}
{"op_code":4,"worker_id":"df8d1936-4764-4213-88c4-c86c194210b6-23456247935296","study_id":0,"datetime_start":"2026-07-24T11:46:27.571999"}
{"op_code":9,"worker_id":"df8d1936-4764-4213-88c4-c86c194210b6-23456247935296","trial_id":23,"system_attr":{"tpe:relative_params:0":"{\"lr\": 0.0032281774010787957, \"ratio\": 10.790393904525477}"}}
{"op_code":5,"worker_id":"df8d1936-4764-4213-88c4-c86c194210b6-23456247935296","trial_id":23,"param_name":"lr","param_value_internal":0.0032281774010787957,"distribution":"{\"name\": \"FloatDistribution\", \"attributes\": {\"step\": null, \"low\": 1e-08, \"high\": 0.5, \"log\": true}}"}
{"op_code":5,"worker_id":"df8d1936-4764-4213-88c4-c86c194210b6-23456247935296","trial_id":23,"param_name":"ratio","param_value_internal":10.790393904525477,"distribution":"{\"name\": \"FloatDistribution\", \"attributes\": {\"step\": null, \"low\": 0.1, \"high\": 100.0, \"log\": true}}"}
{"op_code":6,"worker_id":"df8d1936-4764-4213-88c4-c86c194210b6-23456247935296","trial_id":23,"state":1,"values":[-33.67262227324743],"datetime_complete":"2026-07-24T11:47:49.540008"}
{"op_code":0,"worker_id":"a7e29ca9-5392-4895-99ad-234d3a31adba-23456247935296","study_name":"peter_plants_k5","directions":[2]}
{"op_code":4,"worker_id":"a7e29ca9-5392-4895-99ad-234d3a31adba-23456247935296","study_id":0,"datetime_start":"2026-07-24T11:50:06.690096"}
{"op_code":9,"worker_id":"a7e29ca9-5392-4895-99ad-234d3a31adba-23456247935296","trial_id":24,"system_attr":{"tpe:relative_params:0":"{\"lr\": 0.00046381672037091725, \"ratio\": 0.902773132129877}"}}
{"op_code":5,"worker_id":"a7e29ca9-5392-4895-99ad-234d3a31adba-23456247935296","trial_id":24,"param_name":"lr","param_value_internal":0.00046381672037091725,"distribution":"{\"name\": \"FloatDistribution\", \"attributes\": {\"step\": null, \"low\": 1e-08, \"high\": 0.5, \"log\": true}}"}
{"op_code":5,"worker_id":"a7e29ca9-5392-4895-99ad-234d3a31adba-23456247935296","trial_id":24,"param_name":"ratio","param_value_internal":0.902773132129877,"distribution":"{\"name\": \"FloatDistribution\", \"attributes\": {\"step\": null, \"low\": 0.1, \"high\": 100.0, \"log\": true}}"}
{"op_code":6,"worker_id":"a7e29ca9-5392-4895-99ad-234d3a31adba-23456247935296","trial_id":24,"state":1,"values":[-37.47725394646193],"datetime_complete":"2026-07-24T11:51:29.425661"}
{"op_code":0,"worker_id":"3d81c729-c8c4-407b-90c1-78d2f4ebf6e5-23456247935296","study_name":"peter_plants_k5","directions":[2]}
{"op_code":4,"worker_id":"3d81c729-c8c4-407b-90c1-78d2f4ebf6e5-23456247935296","study_id":0,"datetime_start":"2026-07-24T11:53:20.133523"}
{"op_code":9,"worker_id":"3d81c729-c8c4-407b-90c1-78d2f4ebf6e5-23456247935296","trial_id":25,"system_attr":{"tpe:relative_params:0":"{\"lr\": 0.061308051469953516, \"ratio\": 0.6092167899540458}"}}
{"op_code":5,"worker_id":"3d81c729-c8c4-407b-90c1-78d2f4ebf6e5-23456247935296","trial_id":25,"param_name":"lr","param_value_internal":0.061308051469953516,"distribution":"{\"name\": \"FloatDistribution\", \"attributes\": {\"step\": null, \"low\": 1e-08, \"high\": 0.5, \"log\": true}}"}
{"op_code":5,"worker_id":"3d81c729-c8c4-407b-90c1-78d2f4ebf6e5-23456247935296","trial_id":25,"param_name":"ratio","param_value_internal":0.6092167899540458,"distribution":"{\"name\": \"FloatDistribution\", \"attributes\": {\"step\": null, \"low\": 0.1, \"high\": 100.0, \"log\": true}}"}
{"op_code":6,"worker_id":"3d81c729-c8c4-407b-90c1-78d2f4ebf6e5-23456247935296","trial_id":25,"state":3,"values":null,"datetime_complete":"2026-07-24T11:53:26.419176"}
{"op_code":0,"worker_id":"64eb36bc-962d-4fa1-b0aa-d2a5c0f57f3a-23456247935296","study_name":"peter_plants_k5","directions":[2]}
{"op_code":4,"worker_id":"64eb36bc-962d-4fa1-b0aa-d2a5c0f57f3a-23456247935296","study_id":0,"datetime_start":"2026-07-24T11:56:58.471302"}
{"op_code":9,"worker_id":"64eb36bc-962d-4fa1-b0aa-d2a5c0f57f3a-23456247935296","trial_id":26,"system_attr":{"tpe:relative_params:0":"{\"lr\": 0.14060460220520593, \"ratio\": 9.007796326952779}"}}
{"op_code":5,"worker_id":"64eb36bc-962d-4fa1-b0aa-d2a5c0f57f3a-23456247935296","trial_id":26,"param_name":"lr","param_value_internal":0.14060460220520593,"distribution":"{\"name\": \"FloatDistribution\", \"attributes\": {\"step\": null, \"low\": 1e-08, \"high\": 0.5, \"log\": true}}"}
{"op_code":5,"worker_id":"64eb36bc-962d-4fa1-b0aa-d2a5c0f57f3a-23456247935296","trial_id":26,"param_name":"ratio","param_value_internal":9.007796326952779,"distribution":"{\"name\": \"FloatDistribution\", \"attributes\": {\"step\": null, \"low\": 0.1, \"high\": 100.0, \"log\": true}}"}
{"op_code":6,"worker_id":"64eb36bc-962d-4fa1-b0aa-d2a5c0f57f3a-23456247935296","trial_id":26,"state":3,"values":null,"datetime_complete":"2026-07-24T11:57:05.432854"}
{"op_code":0,"worker_id":"3dc05e3a-37ed-4473-8a73-b4f43e2d38c8-23456247935296","study_name":"peter_plants_k5","directions":[2]}
{"op_code":4,"worker_id":"3dc05e3a-37ed-4473-8a73-b4f43e2d38c8-23456247935296","study_id":0,"datetime_start":"2026-07-24T12:00:53.092146"}
{"op_code":9,"worker_id":"3dc05e3a-37ed-4473-8a73-b4f43e2d38c8-23456247935296","trial_id":27,"system_attr":{"tpe:relative_params:0":"{\"lr\": 0.24406570730397736, \"ratio\": 0.4830437432503589}"}}
{"op_code":5,"worker_id":"3dc05e3a-37ed-4473-8a73-b4f43e2d38c8-23456247935296","trial_id":27,"param_name":"lr","param_value_internal":0.24406570730397736,"distribution":"{\"name\": \"FloatDistribution\", \"attributes\": {\"step\": null, \"low\": 1e-08, \"high\": 0.5, \"log\": true}}"}
{"op_code":5,"worker_id":"3dc05e3a-37ed-4473-8a73-b4f43e2d38c8-23456247935296","trial_id":27,"param_name":"ratio","param_value_internal":0.4830437432503589,"distribution":"{\"name\": \"FloatDistribution\", \"attributes\": {\"step\": null, \"low\": 0.1, \"high\": 100.0, \"log\": true}}"}
{"op_code":6,"worker_id":"3dc05e3a-37ed-4473-8a73-b4f43e2d38c8-23456247935296","trial_id":27,"state":3,"values":null,"datetime_complete":"2026-07-24T12:01:03.827708"}
{"op_code":0,"worker_id":"83fce7a5-1f81-4f95-956e-1269602986fd-23456247935296","study_name":"peter_plants_k5","directions":[2]}
{"op_code":4,"worker_id":"83fce7a5-1f81-4f95-956e-1269602986fd-23456247935296","study_id":0,"datetime_start":"2026-07-24T12:04:51.970242"}
{"op_code":9,"worker_id":"83fce7a5-1f81-4f95-956e-1269602986fd-23456247935296","trial_id":28,"system_attr":{"tpe:relative_params:0":"{\"lr\": 0.15327691980910874, \"ratio\": 0.8703226144405329}"}}
{"op_code":5,"worker_id":"83fce7a5-1f81-4f95-956e-1269602986fd-23456247935296","trial_id":28,"param_name":"lr","param_value_internal":0.15327691980910874,"distribution":"{\"name\": \"FloatDistribution\", \"attributes\": {\"step\": null, \"low\": 1e-08, \"high\": 0.5, \"log\": true}}"}
{"op_code":5,"worker_id":"83fce7a5-1f81-4f95-956e-1269602986fd-23456247935296","trial_id":28,"param_name":"ratio","param_value_internal":0.8703226144405329,"distribution":"{\"name\": \"FloatDistribution\", \"attributes\": {\"step\": null, \"low\": 0.1, \"high\": 100.0, \"log\": true}}"}
{"op_code":6,"worker_id":"83fce7a5-1f81-4f95-956e-1269602986fd-23456247935296","trial_id":28,"state":3,"values":null,"datetime_complete":"2026-07-24T12:05:01.867756"}
{"op_code":0,"worker_id":"5d465ea6-9b79-47d9-aa4d-2b772d24fb49-23456247935296","study_name":"peter_plants_k5","directions":[2]}
{"op_code":4,"worker_id":"5d465ea6-9b79-47d9-aa4d-2b772d24fb49-23456247935296","study_id":0,"datetime_start":"2026-07-24T12:08:13.065229"}
{"op_code":9,"worker_id":"5d465ea6-9b79-47d9-aa4d-2b772d24fb49-23456247935296","trial_id":29,"system_attr":{"tpe:relative_params:0":"{\"lr\": 0.4258902837540148, \"ratio\": 17.605073939173135}"}}
{"op_code":5,"worker_id":"5d465ea6-9b79-47d9-aa4d-2b772d24fb49-23456247935296","trial_id":29,"param_name":"lr","param_value_internal":0.4258902837540148,"distribution":"{\"name\": \"FloatDistribution\", \"attributes\": {\"step\": null, \"low\": 1e-08, \"high\": 0.5, \"log\": true}}"}
{"op_code":5,"worker_id":"5d465ea6-9b79-47d9-aa4d-2b772d24fb49-23456247935296","trial_id":29,"param_name":"ratio","param_value_internal":17.605073939173135,"distribution":"{\"name\": \"FloatDistribution\", \"attributes\": {\"step\": null, \"low\": 0.1, \"high\": 100.0, \"log\": true}}"}
{"op_code":6,"worker_id":"5d465ea6-9b79-47d9-aa4d-2b772d24fb49-23456247935296","trial_id":29,"state":3,"values":null,"datetime_complete":"2026-07-24T12:08:18.583874"}
{"op_code":0,"worker_id":"55baac41-ad48-4414-91cd-bc83f8ac509a-23456247935296","study_name":"peter_plants_k5","directions":[2]}
{"op_code":4,"worker_id":"55baac41-ad48-4414-91cd-bc83f8ac509a-23456247935296","study_id":0,"datetime_start":"2026-07-24T12:12:11.897836"}
{"op_code":9,"worker_id":"55baac41-ad48-4414-91cd-bc83f8ac509a-23456247935296","trial_id":30,"system_attr":{"tpe:relative_params:0":"{\"lr\": 0.26950646131203304, \"ratio\": 9.183826602017605}"}}
{"op_code":5,"worker_id":"55baac41-ad48-4414-91cd-bc83f8ac509a-23456247935296","trial_id":30,"param_name":"lr","param_value_internal":0.26950646131203304,"distribution":"{\"name\": \"FloatDistribution\", \"attributes\": {\"step\": null, \"low\": 1e-08, \"high\": 0.5, \"log\": true}}"}
{"op_code":5,"worker_id":"55baac41-ad48-4414-91cd-bc83f8ac509a-23456247935296","trial_id":30,"param_name":"ratio","param_value_internal":9.183826602017605,"distribution":"{\"name\": \"FloatDistribution\", \"attributes\": {\"step\": null, \"low\": 0.1, \"high\": 100.0, \"log\": true}}"}
{"op_code":6,"worker_id":"55baac41-ad48-4414-91cd-bc83f8ac509a-23456247935296","trial_id":30,"state":3,"values":null,"datetime_complete":"2026-07-24T12:12:17.490277"}
{"op_code":0,"worker_id":"8fcaa53f-1593-4635-ba0c-d053f2c77ef7-23456247935296","study_name":"peter_plants_k5","directions":[2]}
{"op_code":4,"worker_id":"8fcaa53f-1593-4635-ba0c-d053f2c77ef7-23456247935296","study_id":0,"datetime_start":"2026-07-24T12:16:18.218291"}
{"op_code":9,"worker_id":"8fcaa53f-1593-4635-ba0c-d053f2c77ef7-23456247935296","trial_id":31,"system_attr":{"tpe:relative_params:0":"{\"lr\": 0.03440290934297843, \"ratio\": 0.9694811948823797}"}}
{"op_code":5,"worker_id":"8fcaa53f-1593-4635-ba0c-d053f2c77ef7-23456247935296","trial_id":31,"param_name":"lr","param_value_internal":0.03440290934297843,"distribution":"{\"name\": \"FloatDistribution\", \"attributes\": {\"step\": null, \"low\": 1e-08, \"high\": 0.5, \"log\": true}}"}
{"op_code":5,"worker_id":"8fcaa53f-1593-4635-ba0c-d053f2c77ef7-23456247935296","trial_id":31,"param_name":"ratio","param_value_internal":0.9694811948823797,"distribution":"{\"name\": \"FloatDistribution\", \"attributes\": {\"step\": null, \"low\": 0.1, \"high\": 100.0, \"log\": true}}"}
{"op_code":6,"worker_id":"8fcaa53f-1593-4635-ba0c-d053f2c77ef7-23456247935296","trial_id":31,"state":1,"values":[-34.522817118433885],"datetime_complete":"2026-07-24T12:17:41.953890"}
{"op_code":0,"worker_id":"04a9cf97-3c47-4f6c-a00d-8c0c4f70c8a1-23456247935296","study_name":"peter_plants_k5","directions":[2]}
{"op_code":4,"worker_id":"04a9cf97-3c47-4f6c-a00d-8c0c4f70c8a1-23456247935296","study_id":0,"datetime_start":"2026-07-24T12:19:38.551473"}
{"op_code":9,"worker_id":"04a9cf97-3c47-4f6c-a00d-8c0c4f70c8a1-23456247935296","trial_id":32,"system_attr":{"tpe:relative_params:0":"{\"lr\": 0.0564166369671272, \"ratio\": 9.377757301348804}"}}
{"op_code":5,"worker_id":"04a9cf97-3c47-4f6c-a00d-8c0c4f70c8a1-23456247935296","trial_id":32,"param_name":"lr","param_value_internal":0.0564166369671272,"distribution":"{\"name\": \"FloatDistribution\", \"attributes\": {\"step\": null, \"low\": 1e-08, \"high\": 0.5, \"log\": true}}"}
{"op_code":5,"worker_id":"04a9cf97-3c47-4f6c-a00d-8c0c4f70c8a1-23456247935296","trial_id":32,"param_name":"ratio","param_value_internal":9.377757301348804,"distribution":"{\"name\": \"FloatDistribution\", \"attributes\": {\"step\": null, \"low\": 0.1, \"high\": 100.0, \"log\": true}}"}
{"op_code":6,"worker_id":"04a9cf97-3c47-4f6c-a00d-8c0c4f70c8a1-23456247935296","trial_id":32,"state":3,"values":null,"datetime_complete":"2026-07-24T12:19:46.435979"}
{"op_code":0,"worker_id":"1bd9fd6e-93ce-4d9f-820d-f33ff188a5c8-23456247935296","study_name":"peter_plants_k5","directions":[2]}
{"op_code":4,"worker_id":"1bd9fd6e-93ce-4d9f-820d-f33ff188a5c8-23456247935296","study_id":0,"datetime_start":"2026-07-24T12:23:48.179817"}
{"op_code":9,"worker_id":"1bd9fd6e-93ce-4d9f-820d-f33ff188a5c8-23456247935296","trial_id":33,"system_attr":{"tpe:relative_params:0":"{\"lr\": 0.27418876811703513, \"ratio\": 0.1318555694228385}"}}
{"op_code":5,"worker_id":"1bd9fd6e-93ce-4d9f-820d-f33ff188a5c8-23456247935296","trial_id":33,"param_name":"lr","param_value_internal":0.27418876811703513,"distribution":"{\"name\": \"FloatDistribution\", \"attributes\": {\"step\": null, \"low\": 1e-08, \"high\": 0.5, \"log\": true}}"}
{"op_code":5,"worker_id":"1bd9fd6e-93ce-4d9f-820d-f33ff188a5c8-23456247935296","trial_id":33,"param_name":"ratio","param_value_internal":0.1318555694228385,"distribution":"{\"name\": \"FloatDistribution\", \"attributes\": {\"step\": null, \"low\": 0.1, \"high\": 100.0, \"log\": true}}"}
{"op_code":6,"worker_id":"1bd9fd6e-93ce-4d9f-820d-f33ff188a5c8-23456247935296","trial_id":33,"state":3,"values":null,"datetime_complete":"2026-07-24T12:23:53.976001"}
{"op_code":0,"worker_id":"46a898ba-4af2-4c7d-9016-ad6cafcf5480-23456247935296","study_name":"peter_plants_k5","directions":[2]}
{"op_code":4,"worker_id":"46a898ba-4af2-4c7d-9016-ad6cafcf5480-23456247935296","study_id":0,"datetime_start":"2026-07-24T12:29:49.807936"}
{"op_code":9,"worker_id":"46a898ba-4af2-4c7d-9016-ad6cafcf5480-23456247935296","trial_id":34,"system_attr":{"tpe:relative_params:0":"{\"lr\": 0.3936519167787038, \"ratio\": 27.72371321955823}"}}
{"op_code":5,"worker_id":"46a898ba-4af2-4c7d-9016-ad6cafcf5480-23456247935296","trial_id":34,"param_name":"lr","param_value_internal":0.3936519167787038,"distribution":"{\"name\": \"FloatDistribution\", \"attributes\": {\"step\": null, \"low\": 1e-08, \"high\": 0.5, \"log\": true}}"}
{"op_code":5,"worker_id":"46a898ba-4af2-4c7d-9016-ad6cafcf5480-23456247935296","trial_id":34,"param_name":"ratio","param_value_internal":27.72371321955823,"distribution":"{\"name\": \"FloatDistribution\", \"attributes\": {\"step\": null, \"low\": 0.1, \"high\": 100.0, \"log\": true}}"}
{"op_code":6,"worker_id":"46a898ba-4af2-4c7d-9016-ad6cafcf5480-23456247935296","trial_id":34,"state":3,"values":null,"datetime_complete":"2026-07-24T12:29:57.460596"}
{"op_code":0,"worker_id":"4166804b-fa9c-401a-bf79-934d82f8a17b-23456247935296","study_name":"peter_plants_k5","directions":[2]}
{"op_code":4,"worker_id":"4166804b-fa9c-401a-bf79-934d82f8a17b-23456247935296","study_id":0,"datetime_start":"2026-07-24T12:34:02.213048"}
{"op_code":9,"worker_id":"4166804b-fa9c-401a-bf79-934d82f8a17b-23456247935296","trial_id":35,"system_attr":{"tpe:relative_params:0":"{\"lr\": 0.07518724632038086, \"ratio\": 10.161446714737563}"}}
{"op_code":5,"worker_id":"4166804b-fa9c-401a-bf79-934d82f8a17b-23456247935296","trial_id":35,"param_name":"lr","param_value_internal":0.07518724632038086,"distribution":"{\"name\": \"FloatDistribution\", \"attributes\": {\"step\": null, \"low\": 1e-08, \"high\": 0.5, \"log\": true}}"}
{"op_code":5,"worker_id":"4166804b-fa9c-401a-bf79-934d82f8a17b-23456247935296","trial_id":35,"param_name":"ratio","param_value_internal":10.161446714737563,"distribution":"{\"name\": \"FloatDistribution\", \"attributes\": {\"step\": null, \"low\": 0.1, \"high\": 100.0, \"log\": true}}"}
{"op_code":6,"worker_id":"4166804b-fa9c-401a-bf79-934d82f8a17b-23456247935296","trial_id":35,"state":3,"values":null,"datetime_complete":"2026-07-24T12:34:10.462286"}
{"op_code":0,"worker_id":"b25b97fa-b7b2-4f66-a9de-e8babc5d8c72-23456247935296","study_name":"peter_plants_k5","directions":[2]}
{"op_code":4,"worker_id":"b25b97fa-b7b2-4f66-a9de-e8babc5d8c72-23456247935296","study_id":0,"datetime_start":"2026-07-24T12:38:19.298079"}
{"op_code":9,"worker_id":"b25b97fa-b7b2-4f66-a9de-e8babc5d8c72-23456247935296","trial_id":36,"system_attr":{"tpe:relative_params:0":"{\"lr\": 0.07388643905641135, \"ratio\": 20.970836034833006}"}}
{"op_code":5,"worker_id":"b25b97fa-b7b2-4f66-a9de-e8babc5d8c72-23456247935296","trial_id":36,"param_name":"lr","param_value_internal":0.07388643905641135,"distribution":"{\"name\": \"FloatDistribution\", \"attributes\": {\"step\": null, \"low\": 1e-08, \"high\": 0.5, \"log\": true}}"}
{"op_code":5,"worker_id":"b25b97fa-b7b2-4f66-a9de-e8babc5d8c72-23456247935296","trial_id":36,"param_name":"ratio","param_value_internal":20.970836034833006,"distribution":"{\"name\": \"FloatDistribution\", \"attributes\": {\"step\": null, \"low\": 0.1, \"high\": 100.0, \"log\": true}}"}
{"op_code":6,"worker_id":"b25b97fa-b7b2-4f66-a9de-e8babc5d8c72-23456247935296","trial_id":36,"state":3,"values":null,"datetime_complete":"2026-07-24T12:38:26.061087"}
{"op_code":0,"worker_id":"abd2aabe-d8c7-44d4-b85b-d1e9af0c52c4-23456247935296","study_name":"peter_plants_k5","directions":[2]}
{"op_code":4,"worker_id":"abd2aabe-d8c7-44d4-b85b-d1e9af0c52c4-23456247935296","study_id":0,"datetime_start":"2026-07-24T12:43:42.303928"}
{"op_code":9,"worker_id":"abd2aabe-d8c7-44d4-b85b-d1e9af0c52c4-23456247935296","trial_id":37,"system_attr":{"tpe:relative_params:0":"{\"lr\": 0.06714506452223266, \"ratio\": 9.45749015697938}"}}
{"op_code":5,"worker_id":"abd2aabe-d8c7-44d4-b85b-d1e9af0c52c4-23456247935296","trial_id":37,"param_name":"lr","param_value_internal":0.06714506452223266,"distribution":"{\"name\": \"FloatDistribution\", \"attributes\": {\"step\": null, \"low\": 1e-08, \"high\": 0.5, \"log\": true}}"}
{"op_code":5,"worker_id":"abd2aabe-d8c7-44d4-b85b-d1e9af0c52c4-23456247935296","trial_id":37,"param_name":"ratio","param_value_internal":9.45749015697938,"distribution":"{\"name\": \"FloatDistribution\", \"attributes\": {\"step\": null, \"low\": 0.1, \"high\": 100.0, \"log\": true}}"}
{"op_code":6,"worker_id":"abd2aabe-d8c7-44d4-b85b-d1e9af0c52c4-23456247935296","trial_id":37,"state":3,"values":null,"datetime_complete":"2026-07-24T12:43:53.149262"}
{"op_code":0,"worker_id":"64f87697-13bc-4eef-8d14-f764fcd846a5-23456247935296","study_name":"peter_plants_k5","directions":[2]}
{"op_code":4,"worker_id":"64f87697-13bc-4eef-8d14-f764fcd846a5-23456247935296","study_id":0,"datetime_start":"2026-07-24T12:48:36.055777"}
{"op_code":9,"worker_id":"64f87697-13bc-4eef-8d14-f764fcd846a5-23456247935296","trial_id":38,"system_attr":{"tpe:relative_params:0":"{\"lr\": 0.10161400165172568, \"ratio\": 14.028084799697467}"}}
{"op_code":5,"worker_id":"64f87697-13bc-4eef-8d14-f764fcd846a5-23456247935296","trial_id":38,"param_name":"lr","param_value_internal":0.10161400165172568,"distribution":"{\"name\": \"FloatDistribution\", \"attributes\": {\"step\": null, \"low\": 1e-08, \"high\": 0.5, \"log\": true}}"}
{"op_code":5,"worker_id":"64f87697-13bc-4eef-8d14-f764fcd846a5-23456247935296","trial_id":38,"param_name":"ratio","param_value_internal":14.028084799697467,"distribution":"{\"name\": \"FloatDistribution\", \"attributes\": {\"step\": null, \"low\": 0.1, \"high\": 100.0, \"log\": true}}"}
{"op_code":6,"worker_id":"64f87697-13bc-4eef-8d14-f764fcd846a5-23456247935296","trial_id":38,"state":3,"values":null,"datetime_complete":"2026-07-24T12:48:42.737444"}
{"op_code":0,"worker_id":"b39f135c-77b6-494b-bc41-fd44cbd8836e-23456247935296","study_name":"peter_plants_k5","directions":[2]}
{"op_code":4,"worker_id":"b39f135c-77b6-494b-bc41-fd44cbd8836e-23456247935296","study_id":0,"datetime_start":"2026-07-24T12:53:05.608411"}
{"op_code":9,"worker_id":"b39f135c-77b6-494b-bc41-fd44cbd8836e-23456247935296","trial_id":39,"system_attr":{"tpe:relative_params:0":"{\"lr\": 0.0791288511193315, \"ratio\": 11.165917859804145}"}}
{"op_code":5,"worker_id":"b39f135c-77b6-494b-bc41-fd44cbd8836e-23456247935296","trial_id":39,"param_name":"lr","param_value_internal":0.0791288511193315,"distribution":"{\"name\": \"FloatDistribution\", \"attributes\": {\"step\": null, \"low\": 1e-08, \"high\": 0.5, \"log\": true}}"}
{"op_code":5,"worker_id":"b39f135c-77b6-494b-bc41-fd44cbd8836e-23456247935296","trial_id":39,"param_name":"ratio","param_value_internal":11.165917859804145,"distribution":"{\"name\": \"FloatDistribution\", \"attributes\": {\"step\": null, \"low\": 0.1, \"high\": 100.0, \"log\": true}}"}
{"op_code":6,"worker_id":"b39f135c-77b6-494b-bc41-fd44cbd8836e-23456247935296","trial_id":39,"state":3,"values":null,"datetime_complete":"2026-07-24T12:53:13.040799"}
{"op_code":0,"worker_id":"b61517b7-0568-4ebc-a3be-19af26155def-23456247935296","study_name":"peter_plants_k5","directions":[2]}
{"op_code":4,"worker_id":"b61517b7-0568-4ebc-a3be-19af26155def-23456247935296","study_id":0,"datetime_start":"2026-07-24T12:57:43.702636"}
{"op_code":9,"worker_id":"b61517b7-0568-4ebc-a3be-19af26155def-23456247935296","trial_id":40,"system_attr":{"tpe:relative_params:0":"{\"lr\": 0.05514536176716236, \"ratio\": 16.634503374799415}"}}
{"op_code":5,"worker_id":"b61517b7-0568-4ebc-a3be-19af26155def-23456247935296","trial_id":40,"param_name":"lr","param_value_internal":0.05514536176716236,"distribution":"{\"name\": \"FloatDistribution\", \"attributes\": {\"step\": null, \"low\": 1e-08, \"high\": 0.5, \"log\": true}}"}
{"op_code":5,"worker_id":"b61517b7-0568-4ebc-a3be-19af26155def-23456247935296","trial_id":40,"param_name":"ratio","param_value_internal":16.634503374799415,"distribution":"{\"name\": \"FloatDistribution\", \"attributes\": {\"step\": null, \"low\": 0.1, \"high\": 100.0, \"log\": true}}"}
{"op_code":6,"worker_id":"b61517b7-0568-4ebc-a3be-19af26155def-23456247935296","trial_id":40,"state":3,"values":null,"datetime_complete":"2026-07-24T12:58:11.076800"}
{"op_code":0,"worker_id":"a45dcafd-5686-481b-bafb-f9723e24da9f-23456247935296","study_name":"peter_plants_k5","directions":[2]}
{"op_code":4,"worker_id":"a45dcafd-5686-481b-bafb-f9723e24da9f-23456247935296","study_id":0,"datetime_start":"2026-07-24T13:01:37.249483"}
{"op_code":9,"worker_id":"a45dcafd-5686-481b-bafb-f9723e24da9f-23456247935296","trial_id":41,"system_attr":{"tpe:relative_params:0":"{\"lr\": 0.44494061076700314, \"ratio\": 9.595977196688308}"}}
{"op_code":5,"worker_id":"a45dcafd-5686-481b-bafb-f9723e24da9f-23456247935296","trial_id":41,"param_name":"lr","param_value_internal":0.44494061076700314,"distribution":"{\"name\": \"FloatDistribution\", \"attributes\": {\"step\": null, \"low\": 1e-08, \"high\": 0.5, \"log\": true}}"}
{"op_code":5,"worker_id":"a45dcafd-5686-481b-bafb-f9723e24da9f-23456247935296","trial_id":41,"param_name":"ratio","param_value_internal":9.595977196688308,"distribution":"{\"name\": \"FloatDistribution\", \"attributes\": {\"step\": null, \"low\": 0.1, \"high\": 100.0, \"log\": true}}"}
{"op_code":6,"worker_id":"a45dcafd-5686-481b-bafb-f9723e24da9f-23456247935296","trial_id":41,"state":3,"values":null,"datetime_complete":"2026-07-24T13:01:43.374840"}
{"op_code":0,"worker_id":"e420c227-72d2-4564-97a1-312d306c2e48-23456247935296","study_name":"peter_plants_k5","directions":[2]}
{"op_code":4,"worker_id":"e420c227-72d2-4564-97a1-312d306c2e48-23456247935296","study_id":0,"datetime_start":"2026-07-24T13:05:54.110246"}
{"op_code":9,"worker_id":"e420c227-72d2-4564-97a1-312d306c2e48-23456247935296","trial_id":42,"system_attr":{"tpe:relative_params:0":"{\"lr\": 0.12022773613090247, \"ratio\": 7.7487808124678}"}}
{"op_code":5,"worker_id":"e420c227-72d2-4564-97a1-312d306c2e48-23456247935296","trial_id":42,"param_name":"lr","param_value_internal":0.12022773613090247,"distribution":"{\"name\": \"FloatDistribution\", \"attributes\": {\"step\": null, \"low\": 1e-08, \"high\": 0.5, \"log\": true}}"}
{"op_code":5,"worker_id":"e420c227-72d2-4564-97a1-312d306c2e48-23456247935296","trial_id":42,"param_name":"ratio","param_value_internal":7.7487808124678,"distribution":"{\"name\": \"FloatDistribution\", \"attributes\": {\"step\": null, \"low\": 0.1, \"high\": 100.0, \"log\": true}}"}
{"op_code":6,"worker_id":"e420c227-72d2-4564-97a1-312d306c2e48-23456247935296","trial_id":42,"state":3,"values":null,"datetime_complete":"2026-07-24T13:06:01.041382"}
{"op_code":0,"worker_id":"64c12a7f-2baf-41e1-856e-9162bbeb90dd-23456247935296","study_name":"peter_plants_k5","directions":[2]}
{"op_code":4,"worker_id":"64c12a7f-2baf-41e1-856e-9162bbeb90dd-23456247935296","study_id":0,"datetime_start":"2026-07-24T13:10:26.063378"}
{"op_code":9,"worker_id":"64c12a7f-2baf-41e1-856e-9162bbeb90dd-23456247935296","trial_id":43,"system_attr":{"tpe:relative_params:0":"{\"lr\": 0.1775931045575234, \"ratio\": 14.707954928240202}"}}
{"op_code":5,"worker_id":"64c12a7f-2baf-41e1-856e-9162bbeb90dd-23456247935296","trial_id":43,"param_name":"lr","param_value_internal":0.1775931045575234,"distribution":"{\"name\": \"FloatDistribution\", \"attributes\": {\"step\": null, \"low\": 1e-08, \"high\": 0.5, \"log\": true}}"}
{"op_code":5,"worker_id":"64c12a7f-2baf-41e1-856e-9162bbeb90dd-23456247935296","trial_id":43,"param_name":"ratio","param_value_internal":14.707954928240202,"distribution":"{\"name\": \"FloatDistribution\", \"attributes\": {\"step\": null, \"low\": 0.1, \"high\": 100.0, \"log\": true}}"}
{"op_code":6,"worker_id":"64c12a7f-2baf-41e1-856e-9162bbeb90dd-23456247935296","trial_id":43,"state":3,"values":null,"datetime_complete":"2026-07-24T13:10:37.731787"}
{"op_code":0,"worker_id":"2e42ebd1-de89-425b-a078-1284cdeeb2a7-23456247935296","study_name":"peter_plants_k5","directions":[2]}
{"op_code":4,"worker_id":"2e42ebd1-de89-425b-a078-1284cdeeb2a7-23456247935296","study_id":0,"datetime_start":"2026-07-24T13:15:25.926729"}
{"op_code":9,"worker_id":"2e42ebd1-de89-425b-a078-1284cdeeb2a7-23456247935296","trial_id":44,"system_attr":{"tpe:relative_params:0":"{\"lr\": 0.27969721967733163, \"ratio\": 21.255870621700424}"}}
{"op_code":5,"worker_id":"2e42ebd1-de89-425b-a078-1284cdeeb2a7-23456247935296","trial_id":44,"param_name":"lr","param_value_internal":0.27969721967733163,"distribution":"{\"name\": \"FloatDistribution\", \"attributes\": {\"step\": null, \"low\": 1e-08, \"high\": 0.5, \"log\": true}}"}
{"op_code":5,"worker_id":"2e42ebd1-de89-425b-a078-1284cdeeb2a7-23456247935296","trial_id":44,"param_name":"ratio","param_value_internal":21.255870621700424,"distribution":"{\"name\": \"FloatDistribution\", \"attributes\": {\"step\": null, \"low\": 0.1, \"high\": 100.0, \"log\": true}}"}
{"op_code":6,"worker_id":"2e42ebd1-de89-425b-a078-1284cdeeb2a7-23456247935296","trial_id":44,"state":3,"values":null,"datetime_complete":"2026-07-24T13:15:32.455344"}
{"op_code":0,"worker_id":"d3c4eb2e-4acb-4f5e-b4f3-a5d60268ffa3-23456247935296","study_name":"peter_plants_k5","directions":[2]}
{"op_code":4,"worker_id":"d3c4eb2e-4acb-4f5e-b4f3-a5d60268ffa3-23456247935296","study_id":0,"datetime_start":"2026-07-24T13:19:08.259778"}
{"op_code":9,"worker_id":"d3c4eb2e-4acb-4f5e-b4f3-a5d60268ffa3-23456247935296","trial_id":45,"system_attr":{"tpe:relative_params:0":"{\"lr\": 0.29563952739949595, \"ratio\": 0.18898124531633467}"}}
{"op_code":5,"worker_id":"d3c4eb2e-4acb-4f5e-b4f3-a5d60268ffa3-23456247935296","trial_id":45,"param_name":"lr","param_value_internal":0.29563952739949595,"distribution":"{\"name\": \"FloatDistribution\", \"attributes\": {\"step\": null, \"low\": 1e-08, \"high\": 0.5, \"log\": true}}"}
{"op_code":5,"worker_id":"d3c4eb2e-4acb-4f5e-b4f3-a5d60268ffa3-23456247935296","trial_id":45,"param_name":"ratio","param_value_internal":0.18898124531633467,"distribution":"{\"name\": \"FloatDistribution\", \"attributes\": {\"step\": null, \"low\": 0.1, \"high\": 100.0, \"log\": true}}"}
{"op_code":6,"worker_id":"d3c4eb2e-4acb-4f5e-b4f3-a5d60268ffa3-23456247935296","trial_id":45,"state":3,"values":null,"datetime_complete":"2026-07-24T13:19:14.589999"}
{"op_code":0,"worker_id":"5a8fc86e-c3ba-4c2c-b33b-771d443b64dd-23456247935296","study_name":"peter_plants_k5","directions":[2]}
{"op_code":4,"worker_id":"5a8fc86e-c3ba-4c2c-b33b-771d443b64dd-23456247935296","study_id":0,"datetime_start":"2026-07-24T13:22:03.757516"}
{"op_code":9,"worker_id":"5a8fc86e-c3ba-4c2c-b33b-771d443b64dd-23456247935296","trial_id":46,"system_attr":{"tpe:relative_params:0":"{\"lr\": 0.0016633429706441895, \"ratio\": 18.007684129434352}"}}
{"op_code":5,"worker_id":"5a8fc86e-c3ba-4c2c-b33b-771d443b64dd-23456247935296","trial_id":46,"param_name":"lr","param_value_internal":0.0016633429706441895,"distribution":"{\"name\": \"FloatDistribution\", \"attributes\": {\"step\": null, \"low\": 1e-08, \"high\": 0.5, \"log\": true}}"}
{"op_code":5,"worker_id":"5a8fc86e-c3ba-4c2c-b33b-771d443b64dd-23456247935296","trial_id":46,"param_name":"ratio","param_value_internal":18.007684129434352,"distribution":"{\"name\": \"FloatDistribution\", \"attributes\": {\"step\": null, \"low\": 0.1, \"high\": 100.0, \"log\": true}}"}
{"op_code":6,"worker_id":"5a8fc86e-c3ba-4c2c-b33b-771d443b64dd-23456247935296","trial_id":46,"state":1,"values":[-32.84643540792147],"datetime_complete":"2026-07-24T13:23:25.212660"}
{"op_code":0,"worker_id":"62136cbe-c9f2-4ebc-96e0-12910a0fef42-23456247935296","study_name":"peter_plants_k5","directions":[2]}
{"op_code":4,"worker_id":"62136cbe-c9f2-4ebc-96e0-12910a0fef42-23456247935296","study_id":0,"datetime_start":"2026-07-24T13:24:53.911549"}
{"op_code":9,"worker_id":"62136cbe-c9f2-4ebc-96e0-12910a0fef42-23456247935296","trial_id":47,"system_attr":{"tpe:relative_params:0":"{\"lr\": 0.034860936025410946, \"ratio\": 7.12408907758382}"}}
{"op_code":5,"worker_id":"62136cbe-c9f2-4ebc-96e0-12910a0fef42-23456247935296","trial_id":47,"param_name":"lr","param_value_internal":0.034860936025410946,"distribution":"{\"name\": \"FloatDistribution\", \"attributes\": {\"step\": null, \"low\": 1e-08, \"high\": 0.5, \"log\": true}}"}
{"op_code":5,"worker_id":"62136cbe-c9f2-4ebc-96e0-12910a0fef42-23456247935296","trial_id":47,"param_name":"ratio","param_value_internal":7.12408907758382,"distribution":"{\"name\": \"FloatDistribution\", \"attributes\": {\"step\": null, \"low\": 0.1, \"high\": 100.0, \"log\": true}}"}
{"op_code":6,"worker_id":"62136cbe-c9f2-4ebc-96e0-12910a0fef42-23456247935296","trial_id":47,"state":3,"values":null,"datetime_complete":"2026-07-24T13:25:03.100338"}
{"op_code":0,"worker_id":"852c20cf-4f96-4d3d-ba83-27c0f7c88ff9-23456247935296","study_name":"peter_plants_k5","directions":[2]}
{"op_code":4,"worker_id":"852c20cf-4f96-4d3d-ba83-27c0f7c88ff9-23456247935296","study_id":0,"datetime_start":"2026-07-24T13:28:15.712247"}
{"op_code":9,"worker_id":"852c20cf-4f96-4d3d-ba83-27c0f7c88ff9-23456247935296","trial_id":48,"system_attr":{"tpe:relative_params:0":"{\"lr\": 0.35004299911956044, \"ratio\": 27.727096593537947}"}}
{"op_code":5,"worker_id":"852c20cf-4f96-4d3d-ba83-27c0f7c88ff9-23456247935296","trial_id":48,"param_name":"lr","param_value_internal":0.35004299911956044,"distribution":"{\"name\": \"FloatDistribution\", \"attributes\": {\"step\": null, \"low\": 1e-08, \"high\": 0.5, \"log\": true}}"}
{"op_code":5,"worker_id":"852c20cf-4f96-4d3d-ba83-27c0f7c88ff9-23456247935296","trial_id":48,"param_name":"ratio","param_value_internal":27.727096593537947,"distribution":"{\"name\": \"FloatDistribution\", \"attributes\": {\"step\": null, \"low\": 0.1, \"high\": 100.0, \"log\": true}}"}
{"op_code":6,"worker_id":"852c20cf-4f96-4d3d-ba83-27c0f7c88ff9-23456247935296","trial_id":48,"state":3,"values":null,"datetime_complete":"2026-07-24T13:28:21.556062"}
{"op_code":0,"worker_id":"31c78771-a443-4217-bcd6-d932e4627a5d-23456247935296","study_name":"peter_plants_k5","directions":[2]}
{"op_code":4,"worker_id":"31c78771-a443-4217-bcd6-d932e4627a5d-23456247935296","study_id":0,"datetime_start":"2026-07-24T13:32:03.060849"}
{"op_code":9,"worker_id":"31c78771-a443-4217-bcd6-d932e4627a5d-23456247935296","trial_id":49,"system_attr":{"tpe:relative_params:0":"{\"lr\": 0.30147123761335876, \"ratio\": 5.038774042211926}"}}
{"op_code":5,"worker_id":"31c78771-a443-4217-bcd6-d932e4627a5d-23456247935296","trial_id":49,"param_name":"lr","param_value_internal":0.30147123761335876,"distribution":"{\"name\": \"FloatDistribution\", \"attributes\": {\"step\": null, \"low\": 1e-08, \"high\": 0.5, \"log\": true}}"}
{"op_code":5,"worker_id":"31c78771-a443-4217-bcd6-d932e4627a5d-23456247935296","trial_id":49,"param_name":"ratio","param_value_internal":5.038774042211926,"distribution":"{\"name\": \"FloatDistribution\", \"attributes\": {\"step\": null, \"low\": 0.1, \"high\": 100.0, \"log\": true}}"}
{"op_code":6,"worker_id":"31c78771-a443-4217-bcd6-d932e4627a5d-23456247935296","trial_id":49,"state":3,"values":null,"datetime_complete":"2026-07-24T13:32:09.054719"}
{"op_code":0,"worker_id":"f56a5720-b69a-4fc3-a715-fde404164f8c-23456247935296","study_name":"peter_plants_k5","directions":[2]}
{"op_code":4,"worker_id":"f56a5720-b69a-4fc3-a715-fde404164f8c-23456247935296","study_id":0,"datetime_start":"2026-07-24T13:35:43.185355"}
{"op_code":9,"worker_id":"f56a5720-b69a-4fc3-a715-fde404164f8c-23456247935296","trial_id":50,"system_attr":{"tpe:relative_params:0":"{\"lr\": 0.07017715377566737, \"ratio\": 7.425064676605587}"}}
{"op_code":5,"worker_id":"f56a5720-b69a-4fc3-a715-fde404164f8c-23456247935296","trial_id":50,"param_name":"lr","param_value_internal":0.07017715377566737,"distribution":"{\"name\": \"FloatDistribution\", \"attributes\": {\"step\": null, \"low\": 1e-08, \"high\": 0.5, \"log\": true}}"}
{"op_code":5,"worker_id":"f56a5720-b69a-4fc3-a715-fde404164f8c-23456247935296","trial_id":50,"param_name":"ratio","param_value_internal":7.425064676605587,"distribution":"{\"name\": \"FloatDistribution\", \"attributes\": {\"step\": null, \"low\": 0.1, \"high\": 100.0, \"log\": true}}"}
{"op_code":6,"worker_id":"f56a5720-b69a-4fc3-a715-fde404164f8c-23456247935296","trial_id":50,"state":3,"values":null,"datetime_complete":"2026-07-24T13:35:54.769254"}
{"op_code":0,"worker_id":"f8103e6c-509b-4b4b-903e-5ec1beead860-23456247935296","study_name":"peter_plants_k5","directions":[2]}
{"op_code":4,"worker_id":"f8103e6c-509b-4b4b-903e-5ec1beead860-23456247935296","study_id":0,"datetime_start":"2026-07-24T13:38:11.963498"}
{"op_code":9,"worker_id":"f8103e6c-509b-4b4b-903e-5ec1beead860-23456247935296","trial_id":51,"system_attr":{"tpe:relative_params:0":"{\"lr\": 0.08452082856979773, \"ratio\": 6.758869221567658}"}}
{"op_code":5,"worker_id":"f8103e6c-509b-4b4b-903e-5ec1beead860-23456247935296","trial_id":51,"param_name":"lr","param_value_internal":0.08452082856979773,"distribution":"{\"name\": \"FloatDistribution\", \"attributes\": {\"step\": null, \"low\": 1e-08, \"high\": 0.5, \"log\": true}}"}
{"op_code":5,"worker_id":"f8103e6c-509b-4b4b-903e-5ec1beead860-23456247935296","trial_id":51,"param_name":"ratio","param_value_internal":6.758869221567658,"distribution":"{\"name\": \"FloatDistribution\", \"attributes\": {\"step\": null, \"low\": 0.1, \"high\": 100.0, \"log\": true}}"}
{"op_code":6,"worker_id":"f8103e6c-509b-4b4b-903e-5ec1beead860-23456247935296","trial_id":51,"state":3,"values":null,"datetime_complete":"2026-07-24T13:38:19.904319"}
{"op_code":0,"worker_id":"8aae2ace-f6c6-4316-b22b-c20ab474aa69-23456247935296","study_name":"peter_plants_k5","directions":[2]}
{"op_code":0,"worker_id":"1b74a709-b36a-4414-9985-9c05b0e58e47-23456247935296","study_name":"peter_plants_k5","directions":[2]}
