{"op_code":0,"worker_id":"c551cc28-105b-4ad0-9e38-2f466c371dfe-20268","study_name":"peter_mushrooms_k3","directions":[2]}
{"op_code":0,"worker_id":"6fc2050e-53e4-49b2-9a60-ac0b1540453c-25836","study_name":"peter_mushrooms_k3","directions":[2]}
{"op_code":4,"worker_id":"6fc2050e-53e4-49b2-9a60-ac0b1540453c-25836","study_id":0,"datetime_start":"2026-07-24T09:13:00.426102"}
{"op_code":5,"worker_id":"6fc2050e-53e4-49b2-9a60-ac0b1540453c-25836","trial_id":0,"param_name":"lr","param_value_internal":0.031142741287115656,"distribution":"{\"name\": \"FloatDistribution\", \"attributes\": {\"step\": null, \"low\": 1e-08, \"high\": 0.5, \"log\": true}}"}
{"op_code":5,"worker_id":"6fc2050e-53e4-49b2-9a60-ac0b1540453c-25836","trial_id":0,"param_name":"ratio","param_value_internal":3.4913371908899675,"distribution":"{\"name\": \"FloatDistribution\", \"attributes\": {\"step\": null, \"low\": 0.1, \"high\": 100.0, \"log\": true}}"}
{"op_code":0,"worker_id":"4f177dfa-b82d-49d8-97d4-171791f06d5a-26800","study_name":"peter_mushrooms_k3","directions":[2]}
{"op_code":4,"worker_id":"4f177dfa-b82d-49d8-97d4-171791f06d5a-26800","study_id":0,"datetime_start":"2026-07-24T09:13:01.589749"}
{"op_code":5,"worker_id":"4f177dfa-b82d-49d8-97d4-171791f06d5a-26800","trial_id":1,"param_name":"lr","param_value_internal":0.0019020324879671189,"distribution":"{\"name\": \"FloatDistribution\", \"attributes\": {\"step\": null, \"low\": 1e-08, \"high\": 0.5, \"log\": true}}"}
{"op_code":5,"worker_id":"4f177dfa-b82d-49d8-97d4-171791f06d5a-26800","trial_id":1,"param_name":"ratio","param_value_internal":16.244264755661806,"distribution":"{\"name\": \"FloatDistribution\", \"attributes\": {\"step\": null, \"low\": 0.1, \"high\": 100.0, \"log\": true}}"}
{"op_code":0,"worker_id":"930253ba-a08c-49ee-9b56-4aea68c38513-26756","study_name":"peter_mushrooms_k3","directions":[2]}
{"op_code":0,"worker_id":"71319946-4e17-4482-82c9-58f402af80c7-23456247935296","study_name":"peter_mushrooms_k3","directions":[2]}
{"op_code":0,"worker_id":"222f8bd9-8ab5-4ca2-a959-ab0c665faa62-23456247935296","study_name":"peter_mushrooms_k3","directions":[2]}
{"op_code":4,"worker_id":"222f8bd9-8ab5-4ca2-a959-ab0c665faa62-23456247935296","study_id":0,"datetime_start":"2026-07-24T10:21:57.207488"}
{"op_code":5,"worker_id":"222f8bd9-8ab5-4ca2-a959-ab0c665faa62-23456247935296","trial_id":2,"param_name":"lr","param_value_internal":0.00011194751324300316,"distribution":"{\"name\": \"FloatDistribution\", \"attributes\": {\"step\": null, \"low\": 1e-08, \"high\": 0.5, \"log\": true}}"}
{"op_code":5,"worker_id":"222f8bd9-8ab5-4ca2-a959-ab0c665faa62-23456247935296","trial_id":2,"param_name":"ratio","param_value_internal":0.8488991834806732,"distribution":"{\"name\": \"FloatDistribution\", \"attributes\": {\"step\": null, \"low\": 0.1, \"high\": 100.0, \"log\": true}}"}
{"op_code":0,"worker_id":"bdca9ca8-7b4d-4704-be3a-d1dc24381230-23456247935296","study_name":"peter_mushrooms_k3","directions":[2]}
{"op_code":4,"worker_id":"bdca9ca8-7b4d-4704-be3a-d1dc24381230-23456247935296","study_id":0,"datetime_start":"2026-07-24T10:22:57.709267"}
{"op_code":5,"worker_id":"bdca9ca8-7b4d-4704-be3a-d1dc24381230-23456247935296","trial_id":3,"param_name":"lr","param_value_internal":0.0003115747586830707,"distribution":"{\"name\": \"FloatDistribution\", \"attributes\": {\"step\": null, \"low\": 1e-08, \"high\": 0.5, \"log\": true}}"}
{"op_code":5,"worker_id":"bdca9ca8-7b4d-4704-be3a-d1dc24381230-23456247935296","trial_id":3,"param_name":"ratio","param_value_internal":11.794634502621873,"distribution":"{\"name\": \"FloatDistribution\", \"attributes\": {\"step\": null, \"low\": 0.1, \"high\": 100.0, \"log\": true}}"}
{"op_code":6,"worker_id":"222f8bd9-8ab5-4ca2-a959-ab0c665faa62-23456247935296","trial_id":2,"state":1,"values":[-43.07422219291242],"datetime_complete":"2026-07-24T10:24:30.399178"}
{"op_code":6,"worker_id":"bdca9ca8-7b4d-4704-be3a-d1dc24381230-23456247935296","trial_id":3,"state":1,"values":[-31.31911110175927],"datetime_complete":"2026-07-24T10:25:30.255871"}
{"op_code":0,"worker_id":"20621079-68fd-493b-a998-b6a2fa607e95-23456247935296","study_name":"peter_mushrooms_k3","directions":[2]}
{"op_code":4,"worker_id":"20621079-68fd-493b-a998-b6a2fa607e95-23456247935296","study_id":0,"datetime_start":"2026-07-24T10:26:16.408637"}
{"op_code":5,"worker_id":"20621079-68fd-493b-a998-b6a2fa607e95-23456247935296","trial_id":4,"param_name":"lr","param_value_internal":1.0172795218324855e-05,"distribution":"{\"name\": \"FloatDistribution\", \"attributes\": {\"step\": null, \"low\": 1e-08, \"high\": 0.5, \"log\": true}}"}
{"op_code":5,"worker_id":"20621079-68fd-493b-a998-b6a2fa607e95-23456247935296","trial_id":4,"param_name":"ratio","param_value_internal":0.823349940065146,"distribution":"{\"name\": \"FloatDistribution\", \"attributes\": {\"step\": null, \"low\": 0.1, \"high\": 100.0, \"log\": true}}"}
{"op_code":6,"worker_id":"20621079-68fd-493b-a998-b6a2fa607e95-23456247935296","trial_id":4,"state":1,"values":[-42.29172182297793],"datetime_complete":"2026-07-24T10:28:46.295439"}
{"op_code":0,"worker_id":"3b7b71c4-0cb3-487d-bb50-7b7cbd0bf092-23456247935296","study_name":"peter_mushrooms_k3","directions":[2]}
{"op_code":4,"worker_id":"3b7b71c4-0cb3-487d-bb50-7b7cbd0bf092-23456247935296","study_id":0,"datetime_start":"2026-07-24T10:29:51.917089"}
{"op_code":5,"worker_id":"3b7b71c4-0cb3-487d-bb50-7b7cbd0bf092-23456247935296","trial_id":5,"param_name":"lr","param_value_internal":7.453909042710026e-05,"distribution":"{\"name\": \"FloatDistribution\", \"attributes\": {\"step\": null, \"low\": 1e-08, \"high\": 0.5, \"log\": true}}"}
{"op_code":5,"worker_id":"3b7b71c4-0cb3-487d-bb50-7b7cbd0bf092-23456247935296","trial_id":5,"param_name":"ratio","param_value_internal":0.28590476910898804,"distribution":"{\"name\": \"FloatDistribution\", \"attributes\": {\"step\": null, \"low\": 0.1, \"high\": 100.0, \"log\": true}}"}
{"op_code":6,"worker_id":"3b7b71c4-0cb3-487d-bb50-7b7cbd0bf092-23456247935296","trial_id":5,"state":1,"values":[-45.02507121033854],"datetime_complete":"2026-07-24T10:32:02.536587"}
{"op_code":0,"worker_id":"c547d39f-037c-4190-af45-c8c1f06ce06f-23456247935296","study_name":"peter_mushrooms_k3","directions":[2]}
{"op_code":4,"worker_id":"c547d39f-037c-4190-af45-c8c1f06ce06f-23456247935296","study_id":0,"datetime_start":"2026-07-24T10:33:24.024038"}
{"op_code":5,"worker_id":"c547d39f-037c-4190-af45-c8c1f06ce06f-23456247935296","trial_id":6,"param_name":"lr","param_value_internal":0.3275862452123233,"distribution":"{\"name\": \"FloatDistribution\", \"attributes\": {\"step\": null, \"low\": 1e-08, \"high\": 0.5, \"log\": true}}"}
{"op_code":5,"worker_id":"c547d39f-037c-4190-af45-c8c1f06ce06f-23456247935296","trial_id":6,"param_name":"ratio","param_value_internal":1.0148922463801267,"distribution":"{\"name\": \"FloatDistribution\", \"attributes\": {\"step\": null, \"low\": 0.1, \"high\": 100.0, \"log\": true}}"}
{"op_code":6,"worker_id":"c547d39f-037c-4190-af45-c8c1f06ce06f-23456247935296","trial_id":6,"state":3,"values":null,"datetime_complete":"2026-07-24T10:33:31.304548"}
{"op_code":0,"worker_id":"e426afb7-f53c-48ab-9d10-c118df0d4e7e-23456247935296","study_name":"peter_mushrooms_k3","directions":[2]}
{"op_code":4,"worker_id":"e426afb7-f53c-48ab-9d10-c118df0d4e7e-23456247935296","study_id":0,"datetime_start":"2026-07-24T10:36:40.240880"}
{"op_code":5,"worker_id":"e426afb7-f53c-48ab-9d10-c118df0d4e7e-23456247935296","trial_id":7,"param_name":"lr","param_value_internal":0.31073297460916355,"distribution":"{\"name\": \"FloatDistribution\", \"attributes\": {\"step\": null, \"low\": 1e-08, \"high\": 0.5, \"log\": true}}"}
{"op_code":5,"worker_id":"e426afb7-f53c-48ab-9d10-c118df0d4e7e-23456247935296","trial_id":7,"param_name":"ratio","param_value_internal":0.11935806976943121,"distribution":"{\"name\": \"FloatDistribution\", \"attributes\": {\"step\": null, \"low\": 0.1, \"high\": 100.0, \"log\": true}}"}
{"op_code":6,"worker_id":"e426afb7-f53c-48ab-9d10-c118df0d4e7e-23456247935296","trial_id":7,"state":3,"values":null,"datetime_complete":"2026-07-24T10:36:48.476514"}
{"op_code":0,"worker_id":"04659987-ea5c-48be-aad1-c95c834ded24-23456247935296","study_name":"peter_mushrooms_k3","directions":[2]}
{"op_code":4,"worker_id":"04659987-ea5c-48be-aad1-c95c834ded24-23456247935296","study_id":0,"datetime_start":"2026-07-24T10:40:23.569066"}
{"op_code":5,"worker_id":"04659987-ea5c-48be-aad1-c95c834ded24-23456247935296","trial_id":8,"param_name":"lr","param_value_internal":0.00013135651627004392,"distribution":"{\"name\": \"FloatDistribution\", \"attributes\": {\"step\": null, \"low\": 1e-08, \"high\": 0.5, \"log\": true}}"}
{"op_code":5,"worker_id":"04659987-ea5c-48be-aad1-c95c834ded24-23456247935296","trial_id":8,"param_name":"ratio","param_value_internal":0.2526079355531487,"distribution":"{\"name\": \"FloatDistribution\", \"attributes\": {\"step\": null, \"low\": 0.1, \"high\": 100.0, \"log\": true}}"}
{"op_code":6,"worker_id":"04659987-ea5c-48be-aad1-c95c834ded24-23456247935296","trial_id":8,"state":1,"values":[-42.11839652885414],"datetime_complete":"2026-07-24T10:42:57.827177"}
{"op_code":0,"worker_id":"d848d9e2-cd91-4dc9-b3f7-5555f1d4a943-23456247935296","study_name":"peter_mushrooms_k3","directions":[2]}
{"op_code":4,"worker_id":"d848d9e2-cd91-4dc9-b3f7-5555f1d4a943-23456247935296","study_id":0,"datetime_start":"2026-07-24T10:44:33.548774"}
{"op_code":5,"worker_id":"d848d9e2-cd91-4dc9-b3f7-5555f1d4a943-23456247935296","trial_id":9,"param_name":"lr","param_value_internal":0.0004992029065751613,"distribution":"{\"name\": \"FloatDistribution\", \"attributes\": {\"step\": null, \"low\": 1e-08, \"high\": 0.5, \"log\": true}}"}
{"op_code":5,"worker_id":"d848d9e2-cd91-4dc9-b3f7-5555f1d4a943-23456247935296","trial_id":9,"param_name":"ratio","param_value_internal":7.961217053091004,"distribution":"{\"name\": \"FloatDistribution\", \"attributes\": {\"step\": null, \"low\": 0.1, \"high\": 100.0, \"log\": true}}"}
{"op_code":6,"worker_id":"d848d9e2-cd91-4dc9-b3f7-5555f1d4a943-23456247935296","trial_id":9,"state":1,"values":[-32.15776136392622],"datetime_complete":"2026-07-24T10:46:40.409504"}
{"op_code":0,"worker_id":"7d61351b-5f3c-4910-b1c4-2eb78dc901cf-23456247935296","study_name":"peter_mushrooms_k3","directions":[2]}
{"op_code":4,"worker_id":"7d61351b-5f3c-4910-b1c4-2eb78dc901cf-23456247935296","study_id":0,"datetime_start":"2026-07-24T10:48:54.040406"}
{"op_code":5,"worker_id":"7d61351b-5f3c-4910-b1c4-2eb78dc901cf-23456247935296","trial_id":10,"param_name":"lr","param_value_internal":1.1994632497634215e-08,"distribution":"{\"name\": \"FloatDistribution\", \"attributes\": {\"step\": null, \"low\": 1e-08, \"high\": 0.5, \"log\": true}}"}
{"op_code":5,"worker_id":"7d61351b-5f3c-4910-b1c4-2eb78dc901cf-23456247935296","trial_id":10,"param_name":"ratio","param_value_internal":0.17206137462660273,"distribution":"{\"name\": \"FloatDistribution\", \"attributes\": {\"step\": null, \"low\": 0.1, \"high\": 100.0, \"log\": true}}"}
{"op_code":6,"worker_id":"7d61351b-5f3c-4910-b1c4-2eb78dc901cf-23456247935296","trial_id":10,"state":1,"values":[-42.931585360986276],"datetime_complete":"2026-07-24T10:51:26.742136"}
{"op_code":0,"worker_id":"92173bc0-1082-4832-8e95-d8173a0be152-23456247935296","study_name":"peter_mushrooms_k3","directions":[2]}
{"op_code":4,"worker_id":"92173bc0-1082-4832-8e95-d8173a0be152-23456247935296","study_id":0,"datetime_start":"2026-07-24T10:53:22.362300"}
{"op_code":5,"worker_id":"92173bc0-1082-4832-8e95-d8173a0be152-23456247935296","trial_id":11,"param_name":"lr","param_value_internal":0.004525615733709698,"distribution":"{\"name\": \"FloatDistribution\", \"attributes\": {\"step\": null, \"low\": 1e-08, \"high\": 0.5, \"log\": true}}"}
{"op_code":5,"worker_id":"92173bc0-1082-4832-8e95-d8173a0be152-23456247935296","trial_id":11,"param_name":"ratio","param_value_internal":0.8082978955846386,"distribution":"{\"name\": \"FloatDistribution\", \"attributes\": {\"step\": null, \"low\": 0.1, \"high\": 100.0, \"log\": true}}"}
{"op_code":6,"worker_id":"92173bc0-1082-4832-8e95-d8173a0be152-23456247935296","trial_id":11,"state":3,"values":null,"datetime_complete":"2026-07-24T10:53:32.095757"}
{"op_code":0,"worker_id":"16dac59c-4cef-4c1a-8d03-dc917dfa6d90-23456247935296","study_name":"peter_mushrooms_k3","directions":[2]}
{"op_code":4,"worker_id":"16dac59c-4cef-4c1a-8d03-dc917dfa6d90-23456247935296","study_id":0,"datetime_start":"2026-07-24T10:57:31.247478"}
{"op_code":5,"worker_id":"16dac59c-4cef-4c1a-8d03-dc917dfa6d90-23456247935296","trial_id":12,"param_name":"lr","param_value_internal":0.00019797713008881193,"distribution":"{\"name\": \"FloatDistribution\", \"attributes\": {\"step\": null, \"low\": 1e-08, \"high\": 0.5, \"log\": true}}"}
{"op_code":5,"worker_id":"16dac59c-4cef-4c1a-8d03-dc917dfa6d90-23456247935296","trial_id":12,"param_name":"ratio","param_value_internal":64.73331407194776,"distribution":"{\"name\": \"FloatDistribution\", \"attributes\": {\"step\": null, \"low\": 0.1, \"high\": 100.0, \"log\": true}}"}
{"op_code":6,"worker_id":"16dac59c-4cef-4c1a-8d03-dc917dfa6d90-23456247935296","trial_id":12,"state":1,"values":[-32.14232888416887],"datetime_complete":"2026-07-24T10:59:44.561457"}
{"op_code":0,"worker_id":"78d05c9f-2611-4dbc-ab71-2e1a13deed08-23456247935296","study_name":"peter_mushrooms_k3","directions":[2]}
{"op_code":4,"worker_id":"78d05c9f-2611-4dbc-ab71-2e1a13deed08-23456247935296","study_id":0,"datetime_start":"2026-07-24T11:02:53.843635"}
{"op_code":5,"worker_id":"78d05c9f-2611-4dbc-ab71-2e1a13deed08-23456247935296","trial_id":13,"param_name":"lr","param_value_internal":0.0001250593242651955,"distribution":"{\"name\": \"FloatDistribution\", \"attributes\": {\"step\": null, \"low\": 1e-08, \"high\": 0.5, \"log\": true}}"}
{"op_code":5,"worker_id":"78d05c9f-2611-4dbc-ab71-2e1a13deed08-23456247935296","trial_id":13,"param_name":"ratio","param_value_internal":0.9742155499987168,"distribution":"{\"name\": \"FloatDistribution\", \"attributes\": {\"step\": null, \"low\": 0.1, \"high\": 100.0, \"log\": true}}"}
{"op_code":6,"worker_id":"78d05c9f-2611-4dbc-ab71-2e1a13deed08-23456247935296","trial_id":13,"state":1,"values":[-42.2297297908281],"datetime_complete":"2026-07-24T11:05:05.338210"}
{"op_code":0,"worker_id":"16b6d98d-01b0-400d-b0a4-4af34d4dd6e7-23456247935296","study_name":"peter_mushrooms_k3","directions":[2]}
{"op_code":4,"worker_id":"16b6d98d-01b0-400d-b0a4-4af34d4dd6e7-23456247935296","study_id":0,"datetime_start":"2026-07-24T11:07:25.705389"}
{"op_code":5,"worker_id":"16b6d98d-01b0-400d-b0a4-4af34d4dd6e7-23456247935296","trial_id":14,"param_name":"lr","param_value_internal":2.3246713122225923e-06,"distribution":"{\"name\": \"FloatDistribution\", \"attributes\": {\"step\": null, \"low\": 1e-08, \"high\": 0.5, \"log\": true}}"}
{"op_code":5,"worker_id":"16b6d98d-01b0-400d-b0a4-4af34d4dd6e7-23456247935296","trial_id":14,"param_name":"ratio","param_value_internal":15.68175607338641,"distribution":"{\"name\": \"FloatDistribution\", \"attributes\": {\"step\": null, \"low\": 0.1, \"high\": 100.0, \"log\": true}}"}
{"op_code":6,"worker_id":"16b6d98d-01b0-400d-b0a4-4af34d4dd6e7-23456247935296","trial_id":14,"state":1,"values":[-40.505739964871665],"datetime_complete":"2026-07-24T11:09:15.053033"}
{"op_code":0,"worker_id":"2e40acb9-25fb-45e8-81ee-025708e0520b-23456247935296","study_name":"peter_mushrooms_k3","directions":[2]}
{"op_code":4,"worker_id":"2e40acb9-25fb-45e8-81ee-025708e0520b-23456247935296","study_id":0,"datetime_start":"2026-07-24T11:12:14.830869"}
{"op_code":9,"worker_id":"2e40acb9-25fb-45e8-81ee-025708e0520b-23456247935296","trial_id":15,"system_attr":{"tpe:relative_params:0":"{\"lr\": 1.3044539310328807e-08, \"ratio\": 16.016931763740295}"}}
{"op_code":5,"worker_id":"2e40acb9-25fb-45e8-81ee-025708e0520b-23456247935296","trial_id":15,"param_name":"lr","param_value_internal":1.3044539310328807e-08,"distribution":"{\"name\": \"FloatDistribution\", \"attributes\": {\"step\": null, \"low\": 1e-08, \"high\": 0.5, \"log\": true}}"}
{"op_code":5,"worker_id":"2e40acb9-25fb-45e8-81ee-025708e0520b-23456247935296","trial_id":15,"param_name":"ratio","param_value_internal":16.016931763740295,"distribution":"{\"name\": \"FloatDistribution\", \"attributes\": {\"step\": null, \"low\": 0.1, \"high\": 100.0, \"log\": true}}"}
{"op_code":6,"worker_id":"2e40acb9-25fb-45e8-81ee-025708e0520b-23456247935296","trial_id":15,"state":1,"values":[-42.931309275339125],"datetime_complete":"2026-07-24T11:14:23.423761"}
{"op_code":0,"worker_id":"41d16b03-1d8b-4dcd-98e2-33e6b3a8565c-23456247935296","study_name":"peter_mushrooms_k3","directions":[2]}
{"op_code":4,"worker_id":"41d16b03-1d8b-4dcd-98e2-33e6b3a8565c-23456247935296","study_id":0,"datetime_start":"2026-07-24T11:16:24.614422"}
{"op_code":9,"worker_id":"41d16b03-1d8b-4dcd-98e2-33e6b3a8565c-23456247935296","trial_id":16,"system_attr":{"tpe:relative_params:0":"{\"lr\": 0.06978749531556984, \"ratio\": 95.45039575783493}"}}
{"op_code":5,"worker_id":"41d16b03-1d8b-4dcd-98e2-33e6b3a8565c-23456247935296","trial_id":16,"param_name":"lr","param_value_internal":0.06978749531556984,"distribution":"{\"name\": \"FloatDistribution\", \"attributes\": {\"step\": null, \"low\": 1e-08, \"high\": 0.5, \"log\": true}}"}
{"op_code":5,"worker_id":"41d16b03-1d8b-4dcd-98e2-33e6b3a8565c-23456247935296","trial_id":16,"param_name":"ratio","param_value_internal":95.45039575783493,"distribution":"{\"name\": \"FloatDistribution\", \"attributes\": {\"step\": null, \"low\": 0.1, \"high\": 100.0, \"log\": true}}"}
{"op_code":6,"worker_id":"41d16b03-1d8b-4dcd-98e2-33e6b3a8565c-23456247935296","trial_id":16,"state":3,"values":null,"datetime_complete":"2026-07-24T11:16:33.160645"}
{"op_code":0,"worker_id":"efcc62f0-ef6d-49d8-8609-4e5e4ac49f22-23456247935296","study_name":"peter_mushrooms_k3","directions":[2]}
{"op_code":4,"worker_id":"efcc62f0-ef6d-49d8-8609-4e5e4ac49f22-23456247935296","study_id":0,"datetime_start":"2026-07-24T11:20:38.609938"}
{"op_code":9,"worker_id":"efcc62f0-ef6d-49d8-8609-4e5e4ac49f22-23456247935296","trial_id":17,"system_attr":{"tpe:relative_params:0":"{\"lr\": 0.4306496439948569, \"ratio\": 58.700365934573206}"}}
{"op_code":5,"worker_id":"efcc62f0-ef6d-49d8-8609-4e5e4ac49f22-23456247935296","trial_id":17,"param_name":"lr","param_value_internal":0.4306496439948569,"distribution":"{\"name\": \"FloatDistribution\", \"attributes\": {\"step\": null, \"low\": 1e-08, \"high\": 0.5, \"log\": true}}"}
{"op_code":5,"worker_id":"efcc62f0-ef6d-49d8-8609-4e5e4ac49f22-23456247935296","trial_id":17,"param_name":"ratio","param_value_internal":58.700365934573206,"distribution":"{\"name\": \"FloatDistribution\", \"attributes\": {\"step\": null, \"low\": 0.1, \"high\": 100.0, \"log\": true}}"}
{"op_code":6,"worker_id":"efcc62f0-ef6d-49d8-8609-4e5e4ac49f22-23456247935296","trial_id":17,"state":3,"values":null,"datetime_complete":"2026-07-24T11:20:46.363557"}
{"op_code":0,"worker_id":"93b2faad-2343-4f6d-a45c-cc136fbba425-23456247935296","study_name":"peter_mushrooms_k3","directions":[2]}
{"op_code":4,"worker_id":"93b2faad-2343-4f6d-a45c-cc136fbba425-23456247935296","study_id":0,"datetime_start":"2026-07-24T11:24:39.316240"}
{"op_code":9,"worker_id":"93b2faad-2343-4f6d-a45c-cc136fbba425-23456247935296","trial_id":18,"system_attr":{"tpe:relative_params:0":"{\"lr\": 0.15315082555273019, \"ratio\": 49.3228011056809}"}}
{"op_code":5,"worker_id":"93b2faad-2343-4f6d-a45c-cc136fbba425-23456247935296","trial_id":18,"param_name":"lr","param_value_internal":0.15315082555273019,"distribution":"{\"name\": \"FloatDistribution\", \"attributes\": {\"step\": null, \"low\": 1e-08, \"high\": 0.5, \"log\": true}}"}
{"op_code":5,"worker_id":"93b2faad-2343-4f6d-a45c-cc136fbba425-23456247935296","trial_id":18,"param_name":"ratio","param_value_internal":49.3228011056809,"distribution":"{\"name\": \"FloatDistribution\", \"attributes\": {\"step\": null, \"low\": 0.1, \"high\": 100.0, \"log\": true}}"}
{"op_code":6,"worker_id":"93b2faad-2343-4f6d-a45c-cc136fbba425-23456247935296","trial_id":18,"state":3,"values":null,"datetime_complete":"2026-07-24T11:24:48.852962"}
{"op_code":0,"worker_id":"8465037d-9bfa-40a4-8e96-9919513b64ea-23456247935296","study_name":"peter_mushrooms_k3","directions":[2]}
{"op_code":4,"worker_id":"8465037d-9bfa-40a4-8e96-9919513b64ea-23456247935296","study_id":0,"datetime_start":"2026-07-24T11:28:26.227668"}
{"op_code":9,"worker_id":"8465037d-9bfa-40a4-8e96-9919513b64ea-23456247935296","trial_id":19,"system_attr":{"tpe:relative_params:0":"{\"lr\": 0.000791266601737805, \"ratio\": 93.33194503201423}"}}
{"op_code":5,"worker_id":"8465037d-9bfa-40a4-8e96-9919513b64ea-23456247935296","trial_id":19,"param_name":"lr","param_value_internal":0.000791266601737805,"distribution":"{\"name\": \"FloatDistribution\", \"attributes\": {\"step\": null, \"low\": 1e-08, \"high\": 0.5, \"log\": true}}"}
{"op_code":5,"worker_id":"8465037d-9bfa-40a4-8e96-9919513b64ea-23456247935296","trial_id":19,"param_name":"ratio","param_value_internal":93.33194503201423,"distribution":"{\"name\": \"FloatDistribution\", \"attributes\": {\"step\": null, \"low\": 0.1, \"high\": 100.0, \"log\": true}}"}
{"op_code":6,"worker_id":"8465037d-9bfa-40a4-8e96-9919513b64ea-23456247935296","trial_id":19,"state":1,"values":[-36.55289840368773],"datetime_complete":"2026-07-24T11:30:34.618555"}
{"op_code":0,"worker_id":"6df992ab-3c04-47dc-86bd-118c967b76fb-23456247935296","study_name":"peter_mushrooms_k3","directions":[2]}
{"op_code":4,"worker_id":"6df992ab-3c04-47dc-86bd-118c967b76fb-23456247935296","study_id":0,"datetime_start":"2026-07-24T11:33:27.659449"}
{"op_code":9,"worker_id":"6df992ab-3c04-47dc-86bd-118c967b76fb-23456247935296","trial_id":20,"system_attr":{"tpe:relative_params:0":"{\"lr\": 5.736770898733177e-05, \"ratio\": 25.138221906268555}"}}
{"op_code":5,"worker_id":"6df992ab-3c04-47dc-86bd-118c967b76fb-23456247935296","trial_id":20,"param_name":"lr","param_value_internal":5.736770898733177e-05,"distribution":"{\"name\": \"FloatDistribution\", \"attributes\": {\"step\": null, \"low\": 1e-08, \"high\": 0.5, \"log\": true}}"}
{"op_code":5,"worker_id":"6df992ab-3c04-47dc-86bd-118c967b76fb-23456247935296","trial_id":20,"param_name":"ratio","param_value_internal":25.138221906268555,"distribution":"{\"name\": \"FloatDistribution\", \"attributes\": {\"step\": null, \"low\": 0.1, \"high\": 100.0, \"log\": true}}"}
{"op_code":6,"worker_id":"6df992ab-3c04-47dc-86bd-118c967b76fb-23456247935296","trial_id":20,"state":1,"values":[-36.29918005174998],"datetime_complete":"2026-07-24T11:35:39.047566"}
{"op_code":0,"worker_id":"9be84cff-5a92-4fb0-9154-ce351be816c2-23456247935296","study_name":"peter_mushrooms_k3","directions":[2]}
{"op_code":4,"worker_id":"9be84cff-5a92-4fb0-9154-ce351be816c2-23456247935296","study_id":0,"datetime_start":"2026-07-24T11:38:11.430712"}
{"op_code":9,"worker_id":"9be84cff-5a92-4fb0-9154-ce351be816c2-23456247935296","trial_id":21,"system_attr":{"tpe:relative_params:0":"{\"lr\": 2.583117296935697e-05, \"ratio\": 48.33193503170558}"}}
{"op_code":5,"worker_id":"9be84cff-5a92-4fb0-9154-ce351be816c2-23456247935296","trial_id":21,"param_name":"lr","param_value_internal":2.583117296935697e-05,"distribution":"{\"name\": \"FloatDistribution\", \"attributes\": {\"step\": null, \"low\": 1e-08, \"high\": 0.5, \"log\": true}}"}
{"op_code":5,"worker_id":"9be84cff-5a92-4fb0-9154-ce351be816c2-23456247935296","trial_id":21,"param_name":"ratio","param_value_internal":48.33193503170558,"distribution":"{\"name\": \"FloatDistribution\", \"attributes\": {\"step\": null, \"low\": 0.1, \"high\": 100.0, \"log\": true}}"}
{"op_code":6,"worker_id":"9be84cff-5a92-4fb0-9154-ce351be816c2-23456247935296","trial_id":21,"state":1,"values":[-32.619014643867395],"datetime_complete":"2026-07-24T11:40:19.557294"}
{"op_code":0,"worker_id":"e2a87fa4-2168-47ba-9b42-024f69d73f2a-23456247935296","study_name":"peter_mushrooms_k3","directions":[2]}
{"op_code":4,"worker_id":"e2a87fa4-2168-47ba-9b42-024f69d73f2a-23456247935296","study_id":0,"datetime_start":"2026-07-24T11:42:05.559240"}
{"op_code":9,"worker_id":"e2a87fa4-2168-47ba-9b42-024f69d73f2a-23456247935296","trial_id":22,"system_attr":{"tpe:relative_params:0":"{\"lr\": 0.2928321656215581, \"ratio\": 26.066503833576622}"}}
{"op_code":5,"worker_id":"e2a87fa4-2168-47ba-9b42-024f69d73f2a-23456247935296","trial_id":22,"param_name":"lr","param_value_internal":0.2928321656215581,"distribution":"{\"name\": \"FloatDistribution\", \"attributes\": {\"step\": null, \"low\": 1e-08, \"high\": 0.5, \"log\": true}}"}
{"op_code":5,"worker_id":"e2a87fa4-2168-47ba-9b42-024f69d73f2a-23456247935296","trial_id":22,"param_name":"ratio","param_value_internal":26.066503833576622,"distribution":"{\"name\": \"FloatDistribution\", \"attributes\": {\"step\": null, \"low\": 0.1, \"high\": 100.0, \"log\": true}}"}
{"op_code":6,"worker_id":"e2a87fa4-2168-47ba-9b42-024f69d73f2a-23456247935296","trial_id":22,"state":3,"values":null,"datetime_complete":"2026-07-24T11:42:13.975538"}
{"op_code":0,"worker_id":"ddf1b8f7-29c0-40a6-a4cb-a2a972e0fdc0-23456247935296","study_name":"peter_mushrooms_k3","directions":[2]}
{"op_code":4,"worker_id":"ddf1b8f7-29c0-40a6-a4cb-a2a972e0fdc0-23456247935296","study_id":0,"datetime_start":"2026-07-24T11:45:09.901407"}
{"op_code":9,"worker_id":"ddf1b8f7-29c0-40a6-a4cb-a2a972e0fdc0-23456247935296","trial_id":23,"system_attr":{"tpe:relative_params:0":"{\"lr\": 0.33719714027358527, \"ratio\": 60.632377135344036}"}}
{"op_code":5,"worker_id":"ddf1b8f7-29c0-40a6-a4cb-a2a972e0fdc0-23456247935296","trial_id":23,"param_name":"lr","param_value_internal":0.33719714027358527,"distribution":"{\"name\": \"FloatDistribution\", \"attributes\": {\"step\": null, \"low\": 1e-08, \"high\": 0.5, \"log\": true}}"}
{"op_code":5,"worker_id":"ddf1b8f7-29c0-40a6-a4cb-a2a972e0fdc0-23456247935296","trial_id":23,"param_name":"ratio","param_value_internal":60.632377135344036,"distribution":"{\"name\": \"FloatDistribution\", \"attributes\": {\"step\": null, \"low\": 0.1, \"high\": 100.0, \"log\": true}}"}
{"op_code":6,"worker_id":"ddf1b8f7-29c0-40a6-a4cb-a2a972e0fdc0-23456247935296","trial_id":23,"state":3,"values":null,"datetime_complete":"2026-07-24T11:45:18.096321"}
{"op_code":0,"worker_id":"b47c7b42-c988-488c-89fd-66138dfe24c6-23456247935296","study_name":"peter_mushrooms_k3","directions":[2]}
{"op_code":4,"worker_id":"b47c7b42-c988-488c-89fd-66138dfe24c6-23456247935296","study_id":0,"datetime_start":"2026-07-24T11:48:43.272823"}
{"op_code":9,"worker_id":"b47c7b42-c988-488c-89fd-66138dfe24c6-23456247935296","trial_id":24,"system_attr":{"tpe:relative_params:0":"{\"lr\": 0.37728834155351776, \"ratio\": 35.26223457556306}"}}
{"op_code":5,"worker_id":"b47c7b42-c988-488c-89fd-66138dfe24c6-23456247935296","trial_id":24,"param_name":"lr","param_value_internal":0.37728834155351776,"distribution":"{\"name\": \"FloatDistribution\", \"attributes\": {\"step\": null, \"low\": 1e-08, \"high\": 0.5, \"log\": true}}"}
{"op_code":5,"worker_id":"b47c7b42-c988-488c-89fd-66138dfe24c6-23456247935296","trial_id":24,"param_name":"ratio","param_value_internal":35.26223457556306,"distribution":"{\"name\": \"FloatDistribution\", \"attributes\": {\"step\": null, \"low\": 0.1, \"high\": 100.0, \"log\": true}}"}
{"op_code":6,"worker_id":"b47c7b42-c988-488c-89fd-66138dfe24c6-23456247935296","trial_id":24,"state":3,"values":null,"datetime_complete":"2026-07-24T11:48:50.698231"}
{"op_code":0,"worker_id":"845d330c-3449-4c13-80b1-4c994e04b8a8-23456247935296","study_name":"peter_mushrooms_k3","directions":[2]}
{"op_code":4,"worker_id":"845d330c-3449-4c13-80b1-4c994e04b8a8-23456247935296","study_id":0,"datetime_start":"2026-07-24T11:52:15.590791"}
{"op_code":9,"worker_id":"845d330c-3449-4c13-80b1-4c994e04b8a8-23456247935296","trial_id":25,"system_attr":{"tpe:relative_params:0":"{\"lr\": 0.3980713066252676, \"ratio\": 77.207189036585}"}}
{"op_code":5,"worker_id":"845d330c-3449-4c13-80b1-4c994e04b8a8-23456247935296","trial_id":25,"param_name":"lr","param_value_internal":0.3980713066252676,"distribution":"{\"name\": \"FloatDistribution\", \"attributes\": {\"step\": null, \"low\": 1e-08, \"high\": 0.5, \"log\": true}}"}
{"op_code":5,"worker_id":"845d330c-3449-4c13-80b1-4c994e04b8a8-23456247935296","trial_id":25,"param_name":"ratio","param_value_internal":77.207189036585,"distribution":"{\"name\": \"FloatDistribution\", \"attributes\": {\"step\": null, \"low\": 0.1, \"high\": 100.0, \"log\": true}}"}
{"op_code":6,"worker_id":"845d330c-3449-4c13-80b1-4c994e04b8a8-23456247935296","trial_id":25,"state":3,"values":null,"datetime_complete":"2026-07-24T11:52:24.223820"}
{"op_code":0,"worker_id":"f29bf3d1-f630-4828-9e04-15da73f20d13-23456247935296","study_name":"peter_mushrooms_k3","directions":[2]}
{"op_code":4,"worker_id":"f29bf3d1-f630-4828-9e04-15da73f20d13-23456247935296","study_id":0,"datetime_start":"2026-07-24T11:55:24.540923"}
{"op_code":9,"worker_id":"f29bf3d1-f630-4828-9e04-15da73f20d13-23456247935296","trial_id":26,"system_attr":{"tpe:relative_params:0":"{\"lr\": 0.04044634298507772, \"ratio\": 64.8173161304517}"}}
{"op_code":5,"worker_id":"f29bf3d1-f630-4828-9e04-15da73f20d13-23456247935296","trial_id":26,"param_name":"lr","param_value_internal":0.04044634298507772,"distribution":"{\"name\": \"FloatDistribution\", \"attributes\": {\"step\": null, \"low\": 1e-08, \"high\": 0.5, \"log\": true}}"}
{"op_code":5,"worker_id":"f29bf3d1-f630-4828-9e04-15da73f20d13-23456247935296","trial_id":26,"param_name":"ratio","param_value_internal":64.8173161304517,"distribution":"{\"name\": \"FloatDistribution\", \"attributes\": {\"step\": null, \"low\": 0.1, \"high\": 100.0, \"log\": true}}"}
{"op_code":6,"worker_id":"f29bf3d1-f630-4828-9e04-15da73f20d13-23456247935296","trial_id":26,"state":3,"values":null,"datetime_complete":"2026-07-24T11:55:33.670064"}
{"op_code":0,"worker_id":"dadfc99f-c7f8-4093-97f4-9778a67aeda1-23456247935296","study_name":"peter_mushrooms_k3","directions":[2]}
{"op_code":4,"worker_id":"dadfc99f-c7f8-4093-97f4-9778a67aeda1-23456247935296","study_id":0,"datetime_start":"2026-07-24T11:59:42.168755"}
{"op_code":9,"worker_id":"dadfc99f-c7f8-4093-97f4-9778a67aeda1-23456247935296","trial_id":27,"system_attr":{"tpe:relative_params:0":"{\"lr\": 0.054037328713205844, \"ratio\": 75.30919049655101}"}}
{"op_code":5,"worker_id":"dadfc99f-c7f8-4093-97f4-9778a67aeda1-23456247935296","trial_id":27,"param_name":"lr","param_value_internal":0.054037328713205844,"distribution":"{\"name\": \"FloatDistribution\", \"attributes\": {\"step\": null, \"low\": 1e-08, \"high\": 0.5, \"log\": true}}"}
{"op_code":5,"worker_id":"dadfc99f-c7f8-4093-97f4-9778a67aeda1-23456247935296","trial_id":27,"param_name":"ratio","param_value_internal":75.30919049655101,"distribution":"{\"name\": \"FloatDistribution\", \"attributes\": {\"step\": null, \"low\": 0.1, \"high\": 100.0, \"log\": true}}"}
{"op_code":6,"worker_id":"dadfc99f-c7f8-4093-97f4-9778a67aeda1-23456247935296","trial_id":27,"state":3,"values":null,"datetime_complete":"2026-07-24T11:59:51.833695"}
{"op_code":0,"worker_id":"1a45f3a1-2a91-41d6-9e2f-7fd4176963bd-23456247935296","study_name":"peter_mushrooms_k3","directions":[2]}
{"op_code":4,"worker_id":"1a45f3a1-2a91-41d6-9e2f-7fd4176963bd-23456247935296","study_id":0,"datetime_start":"2026-07-24T12:03:05.070750"}
{"op_code":9,"worker_id":"1a45f3a1-2a91-41d6-9e2f-7fd4176963bd-23456247935296","trial_id":28,"system_attr":{"tpe:relative_params:0":"{\"lr\": 0.08994621200836014, \"ratio\": 21.890912683789143}"}}
{"op_code":5,"worker_id":"1a45f3a1-2a91-41d6-9e2f-7fd4176963bd-23456247935296","trial_id":28,"param_name":"lr","param_value_internal":0.08994621200836014,"distribution":"{\"name\": \"FloatDistribution\", \"attributes\": {\"step\": null, \"low\": 1e-08, \"high\": 0.5, \"log\": true}}"}
{"op_code":5,"worker_id":"1a45f3a1-2a91-41d6-9e2f-7fd4176963bd-23456247935296","trial_id":28,"param_name":"ratio","param_value_internal":21.890912683789143,"distribution":"{\"name\": \"FloatDistribution\", \"attributes\": {\"step\": null, \"low\": 0.1, \"high\": 100.0, \"log\": true}}"}
{"op_code":6,"worker_id":"1a45f3a1-2a91-41d6-9e2f-7fd4176963bd-23456247935296","trial_id":28,"state":3,"values":null,"datetime_complete":"2026-07-24T12:03:14.009341"}
{"op_code":0,"worker_id":"b1a01cb9-29c4-40b1-bb4a-4984727e45ea-23456247935296","study_name":"peter_mushrooms_k3","directions":[2]}
{"op_code":4,"worker_id":"b1a01cb9-29c4-40b1-bb4a-4984727e45ea-23456247935296","study_id":0,"datetime_start":"2026-07-24T12:07:02.748483"}
{"op_code":9,"worker_id":"b1a01cb9-29c4-40b1-bb4a-4984727e45ea-23456247935296","trial_id":29,"system_attr":{"tpe:relative_params:0":"{\"lr\": 0.15388596698839727, \"ratio\": 0.14025747286463794}"}}
{"op_code":5,"worker_id":"b1a01cb9-29c4-40b1-bb4a-4984727e45ea-23456247935296","trial_id":29,"param_name":"lr","param_value_internal":0.15388596698839727,"distribution":"{\"name\": \"FloatDistribution\", \"attributes\": {\"step\": null, \"low\": 1e-08, \"high\": 0.5, \"log\": true}}"}
{"op_code":5,"worker_id":"b1a01cb9-29c4-40b1-bb4a-4984727e45ea-23456247935296","trial_id":29,"param_name":"ratio","param_value_internal":0.14025747286463794,"distribution":"{\"name\": \"FloatDistribution\", \"attributes\": {\"step\": null, \"low\": 0.1, \"high\": 100.0, \"log\": true}}"}
{"op_code":6,"worker_id":"b1a01cb9-29c4-40b1-bb4a-4984727e45ea-23456247935296","trial_id":29,"state":3,"values":null,"datetime_complete":"2026-07-24T12:07:11.204175"}
{"op_code":0,"worker_id":"e60c1e0a-edb5-4b14-857f-37ae5e02f03b-23456247935296","study_name":"peter_mushrooms_k3","directions":[2]}
{"op_code":4,"worker_id":"e60c1e0a-edb5-4b14-857f-37ae5e02f03b-23456247935296","study_id":0,"datetime_start":"2026-07-24T12:11:01.703001"}
{"op_code":9,"worker_id":"e60c1e0a-edb5-4b14-857f-37ae5e02f03b-23456247935296","trial_id":30,"system_attr":{"tpe:relative_params:0":"{\"lr\": 0.07338871205138148, \"ratio\": 37.028545905816344}"}}
{"op_code":5,"worker_id":"e60c1e0a-edb5-4b14-857f-37ae5e02f03b-23456247935296","trial_id":30,"param_name":"lr","param_value_internal":0.07338871205138148,"distribution":"{\"name\": \"FloatDistribution\", \"attributes\": {\"step\": null, \"low\": 1e-08, \"high\": 0.5, \"log\": true}}"}
{"op_code":5,"worker_id":"e60c1e0a-edb5-4b14-857f-37ae5e02f03b-23456247935296","trial_id":30,"param_name":"ratio","param_value_internal":37.028545905816344,"distribution":"{\"name\": \"FloatDistribution\", \"attributes\": {\"step\": null, \"low\": 0.1, \"high\": 100.0, \"log\": true}}"}
{"op_code":6,"worker_id":"e60c1e0a-edb5-4b14-857f-37ae5e02f03b-23456247935296","trial_id":30,"state":3,"values":null,"datetime_complete":"2026-07-24T12:11:10.291334"}
{"op_code":0,"worker_id":"db055c0c-52a4-49c6-9533-ca4ef6a1261d-23456247935296","study_name":"peter_mushrooms_k3","directions":[2]}
{"op_code":4,"worker_id":"db055c0c-52a4-49c6-9533-ca4ef6a1261d-23456247935296","study_id":0,"datetime_start":"2026-07-24T12:14:35.579744"}
{"op_code":9,"worker_id":"db055c0c-52a4-49c6-9533-ca4ef6a1261d-23456247935296","trial_id":31,"system_attr":{"tpe:relative_params:0":"{\"lr\": 0.10539626432965074, \"ratio\": 50.62682268076545}"}}
{"op_code":5,"worker_id":"db055c0c-52a4-49c6-9533-ca4ef6a1261d-23456247935296","trial_id":31,"param_name":"lr","param_value_internal":0.10539626432965074,"distribution":"{\"name\": \"FloatDistribution\", \"attributes\": {\"step\": null, \"low\": 1e-08, \"high\": 0.5, \"log\": true}}"}
{"op_code":5,"worker_id":"db055c0c-52a4-49c6-9533-ca4ef6a1261d-23456247935296","trial_id":31,"param_name":"ratio","param_value_internal":50.62682268076545,"distribution":"{\"name\": \"FloatDistribution\", \"attributes\": {\"step\": null, \"low\": 0.1, \"high\": 100.0, \"log\": true}}"}
{"op_code":6,"worker_id":"db055c0c-52a4-49c6-9533-ca4ef6a1261d-23456247935296","trial_id":31,"state":3,"values":null,"datetime_complete":"2026-07-24T12:14:43.857009"}
{"op_code":0,"worker_id":"96307a3a-d18f-40f6-b6ad-dac2b1c068e6-23456247935296","study_name":"peter_mushrooms_k3","directions":[2]}
{"op_code":4,"worker_id":"96307a3a-d18f-40f6-b6ad-dac2b1c068e6-23456247935296","study_id":0,"datetime_start":"2026-07-24T12:18:04.336955"}
{"op_code":9,"worker_id":"96307a3a-d18f-40f6-b6ad-dac2b1c068e6-23456247935296","trial_id":32,"system_attr":{"tpe:relative_params:0":"{\"lr\": 0.019123647847399755, \"ratio\": 61.616370367234055}"}}
{"op_code":5,"worker_id":"96307a3a-d18f-40f6-b6ad-dac2b1c068e6-23456247935296","trial_id":32,"param_name":"lr","param_value_internal":0.019123647847399755,"distribution":"{\"name\": \"FloatDistribution\", \"attributes\": {\"step\": null, \"low\": 1e-08, \"high\": 0.5, \"log\": true}}"}
{"op_code":5,"worker_id":"96307a3a-d18f-40f6-b6ad-dac2b1c068e6-23456247935296","trial_id":32,"param_name":"ratio","param_value_internal":61.616370367234055,"distribution":"{\"name\": \"FloatDistribution\", \"attributes\": {\"step\": null, \"low\": 0.1, \"high\": 100.0, \"log\": true}}"}
{"op_code":6,"worker_id":"96307a3a-d18f-40f6-b6ad-dac2b1c068e6-23456247935296","trial_id":32,"state":3,"values":null,"datetime_complete":"2026-07-24T12:18:12.207039"}
{"op_code":0,"worker_id":"99873ab1-e5b6-4632-a9f1-4586c40497f7-23456247935296","study_name":"peter_mushrooms_k3","directions":[2]}
{"op_code":4,"worker_id":"99873ab1-e5b6-4632-a9f1-4586c40497f7-23456247935296","study_id":0,"datetime_start":"2026-07-24T12:22:02.940219"}
{"op_code":9,"worker_id":"99873ab1-e5b6-4632-a9f1-4586c40497f7-23456247935296","trial_id":33,"system_attr":{"tpe:relative_params:0":"{\"lr\": 0.17257854298175268, \"ratio\": 80.96989941193613}"}}
{"op_code":5,"worker_id":"99873ab1-e5b6-4632-a9f1-4586c40497f7-23456247935296","trial_id":33,"param_name":"lr","param_value_internal":0.17257854298175268,"distribution":"{\"name\": \"FloatDistribution\", \"attributes\": {\"step\": null, \"low\": 1e-08, \"high\": 0.5, \"log\": true}}"}
{"op_code":5,"worker_id":"99873ab1-e5b6-4632-a9f1-4586c40497f7-23456247935296","trial_id":33,"param_name":"ratio","param_value_internal":80.96989941193613,"distribution":"{\"name\": \"FloatDistribution\", \"attributes\": {\"step\": null, \"low\": 0.1, \"high\": 100.0, \"log\": true}}"}
{"op_code":6,"worker_id":"99873ab1-e5b6-4632-a9f1-4586c40497f7-23456247935296","trial_id":33,"state":3,"values":null,"datetime_complete":"2026-07-24T12:22:11.531469"}
{"op_code":0,"worker_id":"05c3362e-53f4-4a7d-9e85-4e67f37d68cf-23456247935296","study_name":"peter_mushrooms_k3","directions":[2]}
{"op_code":4,"worker_id":"05c3362e-53f4-4a7d-9e85-4e67f37d68cf-23456247935296","study_id":0,"datetime_start":"2026-07-24T12:27:51.299211"}
{"op_code":9,"worker_id":"05c3362e-53f4-4a7d-9e85-4e67f37d68cf-23456247935296","trial_id":34,"system_attr":{"tpe:relative_params:0":"{\"lr\": 0.016083463806902946, \"ratio\": 26.358037846739737}"}}
{"op_code":5,"worker_id":"05c3362e-53f4-4a7d-9e85-4e67f37d68cf-23456247935296","trial_id":34,"param_name":"lr","param_value_internal":0.016083463806902946,"distribution":"{\"name\": \"FloatDistribution\", \"attributes\": {\"step\": null, \"low\": 1e-08, \"high\": 0.5, \"log\": true}}"}
{"op_code":5,"worker_id":"05c3362e-53f4-4a7d-9e85-4e67f37d68cf-23456247935296","trial_id":34,"param_name":"ratio","param_value_internal":26.358037846739737,"distribution":"{\"name\": \"FloatDistribution\", \"attributes\": {\"step\": null, \"low\": 0.1, \"high\": 100.0, \"log\": true}}"}
{"op_code":6,"worker_id":"05c3362e-53f4-4a7d-9e85-4e67f37d68cf-23456247935296","trial_id":34,"state":3,"values":null,"datetime_complete":"2026-07-24T12:27:59.656175"}
{"op_code":0,"worker_id":"a260e3e8-4736-43a8-9652-63e0b5127cff-23456247935296","study_name":"peter_mushrooms_k3","directions":[2]}
{"op_code":4,"worker_id":"a260e3e8-4736-43a8-9652-63e0b5127cff-23456247935296","study_id":0,"datetime_start":"2026-07-24T12:32:39.614756"}
{"op_code":9,"worker_id":"a260e3e8-4736-43a8-9652-63e0b5127cff-23456247935296","trial_id":35,"system_attr":{"tpe:relative_params:0":"{\"lr\": 0.17487713889518933, \"ratio\": 78.62979865591791}"}}
{"op_code":5,"worker_id":"a260e3e8-4736-43a8-9652-63e0b5127cff-23456247935296","trial_id":35,"param_name":"lr","param_value_internal":0.17487713889518933,"distribution":"{\"name\": \"FloatDistribution\", \"attributes\": {\"step\": null, \"low\": 1e-08, \"high\": 0.5, \"log\": true}}"}
{"op_code":5,"worker_id":"a260e3e8-4736-43a8-9652-63e0b5127cff-23456247935296","trial_id":35,"param_name":"ratio","param_value_internal":78.62979865591791,"distribution":"{\"name\": \"FloatDistribution\", \"attributes\": {\"step\": null, \"low\": 0.1, \"high\": 100.0, \"log\": true}}"}
{"op_code":6,"worker_id":"a260e3e8-4736-43a8-9652-63e0b5127cff-23456247935296","trial_id":35,"state":3,"values":null,"datetime_complete":"2026-07-24T12:32:50.019902"}
{"op_code":0,"worker_id":"692bbe87-263b-421e-92bb-2f7193866481-23456247935296","study_name":"peter_mushrooms_k3","directions":[2]}
{"op_code":4,"worker_id":"692bbe87-263b-421e-92bb-2f7193866481-23456247935296","study_id":0,"datetime_start":"2026-07-24T12:36:48.531482"}
{"op_code":9,"worker_id":"692bbe87-263b-421e-92bb-2f7193866481-23456247935296","trial_id":36,"system_attr":{"tpe:relative_params:0":"{\"lr\": 0.12057370142067027, \"ratio\": 26.922472049005574}"}}
{"op_code":5,"worker_id":"692bbe87-263b-421e-92bb-2f7193866481-23456247935296","trial_id":36,"param_name":"lr","param_value_internal":0.12057370142067027,"distribution":"{\"name\": \"FloatDistribution\", \"attributes\": {\"step\": null, \"low\": 1e-08, \"high\": 0.5, \"log\": true}}"}
{"op_code":5,"worker_id":"692bbe87-263b-421e-92bb-2f7193866481-23456247935296","trial_id":36,"param_name":"ratio","param_value_internal":26.922472049005574,"distribution":"{\"name\": \"FloatDistribution\", \"attributes\": {\"step\": null, \"low\": 0.1, \"high\": 100.0, \"log\": true}}"}
{"op_code":6,"worker_id":"692bbe87-263b-421e-92bb-2f7193866481-23456247935296","trial_id":36,"state":3,"values":null,"datetime_complete":"2026-07-24T12:36:58.753482"}
{"op_code":0,"worker_id":"15dd3d0e-5163-4e6c-bc32-10fc2febb6ee-23456247935296","study_name":"peter_mushrooms_k3","directions":[2]}
{"op_code":4,"worker_id":"15dd3d0e-5163-4e6c-bc32-10fc2febb6ee-23456247935296","study_id":0,"datetime_start":"2026-07-24T12:41:44.663045"}
{"op_code":9,"worker_id":"15dd3d0e-5163-4e6c-bc32-10fc2febb6ee-23456247935296","trial_id":37,"system_attr":{"tpe:relative_params:0":"{\"lr\": 0.1744557990856526, \"ratio\": 28.181274694490043}"}}
{"op_code":5,"worker_id":"15dd3d0e-5163-4e6c-bc32-10fc2febb6ee-23456247935296","trial_id":37,"param_name":"lr","param_value_internal":0.1744557990856526,"distribution":"{\"name\": \"FloatDistribution\", \"attributes\": {\"step\": null, \"low\": 1e-08, \"high\": 0.5, \"log\": true}}"}
{"op_code":5,"worker_id":"15dd3d0e-5163-4e6c-bc32-10fc2febb6ee-23456247935296","trial_id":37,"param_name":"ratio","param_value_internal":28.181274694490043,"distribution":"{\"name\": \"FloatDistribution\", \"attributes\": {\"step\": null, \"low\": 0.1, \"high\": 100.0, \"log\": true}}"}
{"op_code":6,"worker_id":"15dd3d0e-5163-4e6c-bc32-10fc2febb6ee-23456247935296","trial_id":37,"state":3,"values":null,"datetime_complete":"2026-07-24T12:41:56.192965"}
{"op_code":0,"worker_id":"f1c62b69-ccff-4ed2-9a3d-7e296b6e6ae0-23456247935296","study_name":"peter_mushrooms_k3","directions":[2]}
{"op_code":4,"worker_id":"f1c62b69-ccff-4ed2-9a3d-7e296b6e6ae0-23456247935296","study_id":0,"datetime_start":"2026-07-24T12:46:39.119963"}
{"op_code":9,"worker_id":"f1c62b69-ccff-4ed2-9a3d-7e296b6e6ae0-23456247935296","trial_id":38,"system_attr":{"tpe:relative_params:0":"{\"lr\": 0.2184178143043415, \"ratio\": 43.500838252456774}"}}
{"op_code":5,"worker_id":"f1c62b69-ccff-4ed2-9a3d-7e296b6e6ae0-23456247935296","trial_id":38,"param_name":"lr","param_value_internal":0.2184178143043415,"distribution":"{\"name\": \"FloatDistribution\", \"attributes\": {\"step\": null, \"low\": 1e-08, \"high\": 0.5, \"log\": true}}"}
{"op_code":5,"worker_id":"f1c62b69-ccff-4ed2-9a3d-7e296b6e6ae0-23456247935296","trial_id":38,"param_name":"ratio","param_value_internal":43.500838252456774,"distribution":"{\"name\": \"FloatDistribution\", \"attributes\": {\"step\": null, \"low\": 0.1, \"high\": 100.0, \"log\": true}}"}
{"op_code":6,"worker_id":"f1c62b69-ccff-4ed2-9a3d-7e296b6e6ae0-23456247935296","trial_id":38,"state":3,"values":null,"datetime_complete":"2026-07-24T12:46:48.055909"}
{"op_code":0,"worker_id":"6e4dbd56-84e4-4a1a-9462-ac42b248f8e1-23456247935296","study_name":"peter_mushrooms_k3","directions":[2]}
{"op_code":4,"worker_id":"6e4dbd56-84e4-4a1a-9462-ac42b248f8e1-23456247935296","study_id":0,"datetime_start":"2026-07-24T12:51:28.312312"}
{"op_code":9,"worker_id":"6e4dbd56-84e4-4a1a-9462-ac42b248f8e1-23456247935296","trial_id":39,"system_attr":{"tpe:relative_params:0":"{\"lr\": 0.11216391390745685, \"ratio\": 58.20411053157248}"}}
{"op_code":5,"worker_id":"6e4dbd56-84e4-4a1a-9462-ac42b248f8e1-23456247935296","trial_id":39,"param_name":"lr","param_value_internal":0.11216391390745685,"distribution":"{\"name\": \"FloatDistribution\", \"attributes\": {\"step\": null, \"low\": 1e-08, \"high\": 0.5, \"log\": true}}"}
{"op_code":5,"worker_id":"6e4dbd56-84e4-4a1a-9462-ac42b248f8e1-23456247935296","trial_id":39,"param_name":"ratio","param_value_internal":58.20411053157248,"distribution":"{\"name\": \"FloatDistribution\", \"attributes\": {\"step\": null, \"low\": 0.1, \"high\": 100.0, \"log\": true}}"}
{"op_code":6,"worker_id":"6e4dbd56-84e4-4a1a-9462-ac42b248f8e1-23456247935296","trial_id":39,"state":3,"values":null,"datetime_complete":"2026-07-24T12:51:37.008173"}
{"op_code":0,"worker_id":"0c240433-ce06-4042-bc9f-6a4e686c0fdb-23456247935296","study_name":"peter_mushrooms_k3","directions":[2]}
{"op_code":4,"worker_id":"0c240433-ce06-4042-bc9f-6a4e686c0fdb-23456247935296","study_id":0,"datetime_start":"2026-07-24T12:56:09.460559"}
{"op_code":9,"worker_id":"0c240433-ce06-4042-bc9f-6a4e686c0fdb-23456247935296","trial_id":40,"system_attr":{"tpe:relative_params:0":"{\"lr\": 0.4420158590113308, \"ratio\": 18.68079284089381}"}}
{"op_code":5,"worker_id":"0c240433-ce06-4042-bc9f-6a4e686c0fdb-23456247935296","trial_id":40,"param_name":"lr","param_value_internal":0.4420158590113308,"distribution":"{\"name\": \"FloatDistribution\", \"attributes\": {\"step\": null, \"low\": 1e-08, \"high\": 0.5, \"log\": true}}"}
{"op_code":5,"worker_id":"0c240433-ce06-4042-bc9f-6a4e686c0fdb-23456247935296","trial_id":40,"param_name":"ratio","param_value_internal":18.68079284089381,"distribution":"{\"name\": \"FloatDistribution\", \"attributes\": {\"step\": null, \"low\": 0.1, \"high\": 100.0, \"log\": true}}"}
{"op_code":6,"worker_id":"0c240433-ce06-4042-bc9f-6a4e686c0fdb-23456247935296","trial_id":40,"state":3,"values":null,"datetime_complete":"2026-07-24T12:56:17.625238"}
{"op_code":0,"worker_id":"51b01aa5-d206-4674-b932-8a8456c52e7b-23456247935296","study_name":"peter_mushrooms_k3","directions":[2]}
{"op_code":4,"worker_id":"51b01aa5-d206-4674-b932-8a8456c52e7b-23456247935296","study_id":0,"datetime_start":"2026-07-24T12:59:58.687770"}
{"op_code":9,"worker_id":"51b01aa5-d206-4674-b932-8a8456c52e7b-23456247935296","trial_id":41,"system_attr":{"tpe:relative_params:0":"{\"lr\": 0.24257065031343822, \"ratio\": 61.5669042896621}"}}
{"op_code":5,"worker_id":"51b01aa5-d206-4674-b932-8a8456c52e7b-23456247935296","trial_id":41,"param_name":"lr","param_value_internal":0.24257065031343822,"distribution":"{\"name\": \"FloatDistribution\", \"attributes\": {\"step\": null, \"low\": 1e-08, \"high\": 0.5, \"log\": true}}"}
{"op_code":5,"worker_id":"51b01aa5-d206-4674-b932-8a8456c52e7b-23456247935296","trial_id":41,"param_name":"ratio","param_value_internal":61.5669042896621,"distribution":"{\"name\": \"FloatDistribution\", \"attributes\": {\"step\": null, \"low\": 0.1, \"high\": 100.0, \"log\": true}}"}
{"op_code":6,"worker_id":"51b01aa5-d206-4674-b932-8a8456c52e7b-23456247935296","trial_id":41,"state":3,"values":null,"datetime_complete":"2026-07-24T13:00:07.876315"}
{"op_code":0,"worker_id":"35271fb2-2061-4ffd-8b0d-d93ad6d17b5a-23456247935296","study_name":"peter_mushrooms_k3","directions":[2]}
{"op_code":4,"worker_id":"35271fb2-2061-4ffd-8b0d-d93ad6d17b5a-23456247935296","study_id":0,"datetime_start":"2026-07-24T13:04:17.373939"}
{"op_code":9,"worker_id":"35271fb2-2061-4ffd-8b0d-d93ad6d17b5a-23456247935296","trial_id":42,"system_attr":{"tpe:relative_params:0":"{\"lr\": 0.09910516014530249, \"ratio\": 78.20384260193812}"}}
{"op_code":5,"worker_id":"35271fb2-2061-4ffd-8b0d-d93ad6d17b5a-23456247935296","trial_id":42,"param_name":"lr","param_value_internal":0.09910516014530249,"distribution":"{\"name\": \"FloatDistribution\", \"attributes\": {\"step\": null, \"low\": 1e-08, \"high\": 0.5, \"log\": true}}"}
{"op_code":5,"worker_id":"35271fb2-2061-4ffd-8b0d-d93ad6d17b5a-23456247935296","trial_id":42,"param_name":"ratio","param_value_internal":78.20384260193812,"distribution":"{\"name\": \"FloatDistribution\", \"attributes\": {\"step\": null, \"low\": 0.1, \"high\": 100.0, \"log\": true}}"}
{"op_code":6,"worker_id":"35271fb2-2061-4ffd-8b0d-d93ad6d17b5a-23456247935296","trial_id":42,"state":3,"values":null,"datetime_complete":"2026-07-24T13:04:25.290799"}
{"op_code":0,"worker_id":"90cc4acd-3899-4273-824a-bf466f5ca70e-23456247935296","study_name":"peter_mushrooms_k3","directions":[2]}
{"op_code":4,"worker_id":"90cc4acd-3899-4273-824a-bf466f5ca70e-23456247935296","study_id":0,"datetime_start":"2026-07-24T13:09:03.771674"}
{"op_code":9,"worker_id":"90cc4acd-3899-4273-824a-bf466f5ca70e-23456247935296","trial_id":43,"system_attr":{"tpe:relative_params:0":"{\"lr\": 0.14515619845101102, \"ratio\": 75.60206516970081}"}}
{"op_code":5,"worker_id":"90cc4acd-3899-4273-824a-bf466f5ca70e-23456247935296","trial_id":43,"param_name":"lr","param_value_internal":0.14515619845101102,"distribution":"{\"name\": \"FloatDistribution\", \"attributes\": {\"step\": null, \"low\": 1e-08, \"high\": 0.5, \"log\": true}}"}
{"op_code":5,"worker_id":"90cc4acd-3899-4273-824a-bf466f5ca70e-23456247935296","trial_id":43,"param_name":"ratio","param_value_internal":75.60206516970081,"distribution":"{\"name\": \"FloatDistribution\", \"attributes\": {\"step\": null, \"low\": 0.1, \"high\": 100.0, \"log\": true}}"}
{"op_code":6,"worker_id":"90cc4acd-3899-4273-824a-bf466f5ca70e-23456247935296","trial_id":43,"state":3,"values":null,"datetime_complete":"2026-07-24T13:09:12.525029"}
{"op_code":0,"worker_id":"ce7c5d35-b336-4359-904d-339fd072617c-23456247935296","study_name":"peter_mushrooms_k3","directions":[2]}
{"op_code":4,"worker_id":"ce7c5d35-b336-4359-904d-339fd072617c-23456247935296","study_id":0,"datetime_start":"2026-07-24T13:13:36.324039"}
{"op_code":9,"worker_id":"ce7c5d35-b336-4359-904d-339fd072617c-23456247935296","trial_id":44,"system_attr":{"tpe:relative_params:0":"{\"lr\": 0.07210957544137428, \"ratio\": 28.841654959329183}"}}
{"op_code":5,"worker_id":"ce7c5d35-b336-4359-904d-339fd072617c-23456247935296","trial_id":44,"param_name":"lr","param_value_internal":0.07210957544137428,"distribution":"{\"name\": \"FloatDistribution\", \"attributes\": {\"step\": null, \"low\": 1e-08, \"high\": 0.5, \"log\": true}}"}
{"op_code":5,"worker_id":"ce7c5d35-b336-4359-904d-339fd072617c-23456247935296","trial_id":44,"param_name":"ratio","param_value_internal":28.841654959329183,"distribution":"{\"name\": \"FloatDistribution\", \"attributes\": {\"step\": null, \"low\": 0.1, \"high\": 100.0, \"log\": true}}"}
{"op_code":6,"worker_id":"ce7c5d35-b336-4359-904d-339fd072617c-23456247935296","trial_id":44,"state":3,"values":null,"datetime_complete":"2026-07-24T13:13:46.214918"}
{"op_code":0,"worker_id":"1a8fcbda-889a-4bd3-9779-e5976e115faa-23456247935296","study_name":"peter_mushrooms_k3","directions":[2]}
{"op_code":4,"worker_id":"1a8fcbda-889a-4bd3-9779-e5976e115faa-23456247935296","study_id":0,"datetime_start":"2026-07-24T13:17:59.864123"}
{"op_code":9,"worker_id":"1a8fcbda-889a-4bd3-9779-e5976e115faa-23456247935296","trial_id":45,"system_attr":{"tpe:relative_params:0":"{\"lr\": 0.08445036348048617, \"ratio\": 97.12513419776899}"}}
{"op_code":5,"worker_id":"1a8fcbda-889a-4bd3-9779-e5976e115faa-23456247935296","trial_id":45,"param_name":"lr","param_value_internal":0.08445036348048617,"distribution":"{\"name\": \"FloatDistribution\", \"attributes\": {\"step\": null, \"low\": 1e-08, \"high\": 0.5, \"log\": true}}"}
{"op_code":5,"worker_id":"1a8fcbda-889a-4bd3-9779-e5976e115faa-23456247935296","trial_id":45,"param_name":"ratio","param_value_internal":97.12513419776899,"distribution":"{\"name\": \"FloatDistribution\", \"attributes\": {\"step\": null, \"low\": 0.1, \"high\": 100.0, \"log\": true}}"}
{"op_code":6,"worker_id":"1a8fcbda-889a-4bd3-9779-e5976e115faa-23456247935296","trial_id":45,"state":3,"values":null,"datetime_complete":"2026-07-24T13:18:08.914804"}
{"op_code":0,"worker_id":"01b950cd-3ef1-4b95-b7ca-7d0ba4fa444f-23456247935296","study_name":"peter_mushrooms_k3","directions":[2]}
{"op_code":4,"worker_id":"01b950cd-3ef1-4b95-b7ca-7d0ba4fa444f-23456247935296","study_id":0,"datetime_start":"2026-07-24T13:20:53.690262"}
{"op_code":9,"worker_id":"01b950cd-3ef1-4b95-b7ca-7d0ba4fa444f-23456247935296","trial_id":46,"system_attr":{"tpe:relative_params:0":"{\"lr\": 0.23702098274718672, \"ratio\": 48.5238123510559}"}}
{"op_code":5,"worker_id":"01b950cd-3ef1-4b95-b7ca-7d0ba4fa444f-23456247935296","trial_id":46,"param_name":"lr","param_value_internal":0.23702098274718672,"distribution":"{\"name\": \"FloatDistribution\", \"attributes\": {\"step\": null, \"low\": 1e-08, \"high\": 0.5, \"log\": true}}"}
{"op_code":5,"worker_id":"01b950cd-3ef1-4b95-b7ca-7d0ba4fa444f-23456247935296","trial_id":46,"param_name":"ratio","param_value_internal":48.5238123510559,"distribution":"{\"name\": \"FloatDistribution\", \"attributes\": {\"step\": null, \"low\": 0.1, \"high\": 100.0, \"log\": true}}"}
{"op_code":6,"worker_id":"01b950cd-3ef1-4b95-b7ca-7d0ba4fa444f-23456247935296","trial_id":46,"state":3,"values":null,"datetime_complete":"2026-07-24T13:21:02.711249"}
{"op_code":0,"worker_id":"39cb1464-2346-472f-abe3-3014ca4eaa87-23456247935296","study_name":"peter_mushrooms_k3","directions":[2]}
{"op_code":4,"worker_id":"39cb1464-2346-472f-abe3-3014ca4eaa87-23456247935296","study_id":0,"datetime_start":"2026-07-24T13:23:44.625043"}
{"op_code":9,"worker_id":"39cb1464-2346-472f-abe3-3014ca4eaa87-23456247935296","trial_id":47,"system_attr":{"tpe:relative_params:0":"{\"lr\": 0.2552162630253821, \"ratio\": 38.677620991990615}"}}
{"op_code":5,"worker_id":"39cb1464-2346-472f-abe3-3014ca4eaa87-23456247935296","trial_id":47,"param_name":"lr","param_value_internal":0.2552162630253821,"distribution":"{\"name\": \"FloatDistribution\", \"attributes\": {\"step\": null, \"low\": 1e-08, \"high\": 0.5, \"log\": true}}"}
{"op_code":5,"worker_id":"39cb1464-2346-472f-abe3-3014ca4eaa87-23456247935296","trial_id":47,"param_name":"ratio","param_value_internal":38.677620991990615,"distribution":"{\"name\": \"FloatDistribution\", \"attributes\": {\"step\": null, \"low\": 0.1, \"high\": 100.0, \"log\": true}}"}
{"op_code":6,"worker_id":"39cb1464-2346-472f-abe3-3014ca4eaa87-23456247935296","trial_id":47,"state":3,"values":null,"datetime_complete":"2026-07-24T13:23:53.328190"}
{"op_code":0,"worker_id":"c1cbd391-700b-4be2-88c4-d92e3b163087-23456247935296","study_name":"peter_mushrooms_k3","directions":[2]}
{"op_code":4,"worker_id":"c1cbd391-700b-4be2-88c4-d92e3b163087-23456247935296","study_id":0,"datetime_start":"2026-07-24T13:26:30.522783"}
{"op_code":9,"worker_id":"c1cbd391-700b-4be2-88c4-d92e3b163087-23456247935296","trial_id":48,"system_attr":{"tpe:relative_params:0":"{\"lr\": 0.3420621223822919, \"ratio\": 94.38523067537658}"}}
{"op_code":5,"worker_id":"c1cbd391-700b-4be2-88c4-d92e3b163087-23456247935296","trial_id":48,"param_name":"lr","param_value_internal":0.3420621223822919,"distribution":"{\"name\": \"FloatDistribution\", \"attributes\": {\"step\": null, \"low\": 1e-08, \"high\": 0.5, \"log\": true}}"}
{"op_code":5,"worker_id":"c1cbd391-700b-4be2-88c4-d92e3b163087-23456247935296","trial_id":48,"param_name":"ratio","param_value_internal":94.38523067537658,"distribution":"{\"name\": \"FloatDistribution\", \"attributes\": {\"step\": null, \"low\": 0.1, \"high\": 100.0, \"log\": true}}"}
{"op_code":6,"worker_id":"c1cbd391-700b-4be2-88c4-d92e3b163087-23456247935296","trial_id":48,"state":3,"values":null,"datetime_complete":"2026-07-24T13:26:38.947664"}
{"op_code":0,"worker_id":"7118c6b8-d846-4d8a-bde6-83826e44c350-23456247935296","study_name":"peter_mushrooms_k3","directions":[2]}
{"op_code":4,"worker_id":"7118c6b8-d846-4d8a-bde6-83826e44c350-23456247935296","study_id":0,"datetime_start":"2026-07-24T13:30:40.349761"}
{"op_code":9,"worker_id":"7118c6b8-d846-4d8a-bde6-83826e44c350-23456247935296","trial_id":49,"system_attr":{"tpe:relative_params:0":"{\"lr\": 5.317792646117341e-07, \"ratio\": 65.90415364915468}"}}
{"op_code":5,"worker_id":"7118c6b8-d846-4d8a-bde6-83826e44c350-23456247935296","trial_id":49,"param_name":"lr","param_value_internal":5.317792646117341e-07,"distribution":"{\"name\": \"FloatDistribution\", \"attributes\": {\"step\": null, \"low\": 1e-08, \"high\": 0.5, \"log\": true}}"}
{"op_code":5,"worker_id":"7118c6b8-d846-4d8a-bde6-83826e44c350-23456247935296","trial_id":49,"param_name":"ratio","param_value_internal":65.90415364915468,"distribution":"{\"name\": \"FloatDistribution\", \"attributes\": {\"step\": null, \"low\": 0.1, \"high\": 100.0, \"log\": true}}"}
{"op_code":6,"worker_id":"7118c6b8-d846-4d8a-bde6-83826e44c350-23456247935296","trial_id":49,"state":1,"values":[-41.707201391616366],"datetime_complete":"2026-07-24T13:33:16.920764"}
{"op_code":0,"worker_id":"fc2e6c0c-6a40-49fc-af0e-f87c347889f2-23456247935296","study_name":"peter_mushrooms_k3","directions":[2]}
{"op_code":4,"worker_id":"fc2e6c0c-6a40-49fc-af0e-f87c347889f2-23456247935296","study_id":0,"datetime_start":"2026-07-24T13:34:06.542982"}
{"op_code":9,"worker_id":"fc2e6c0c-6a40-49fc-af0e-f87c347889f2-23456247935296","trial_id":50,"system_attr":{"tpe:relative_params:0":"{\"lr\": 2.6280068655113955e-08, \"ratio\": 1.7009213012176374}"}}
{"op_code":5,"worker_id":"fc2e6c0c-6a40-49fc-af0e-f87c347889f2-23456247935296","trial_id":50,"param_name":"lr","param_value_internal":2.6280068655113955e-08,"distribution":"{\"name\": \"FloatDistribution\", \"attributes\": {\"step\": null, \"low\": 1e-08, \"high\": 0.5, \"log\": true}}"}
{"op_code":5,"worker_id":"fc2e6c0c-6a40-49fc-af0e-f87c347889f2-23456247935296","trial_id":50,"param_name":"ratio","param_value_internal":1.7009213012176374,"distribution":"{\"name\": \"FloatDistribution\", \"attributes\": {\"step\": null, \"low\": 0.1, \"high\": 100.0, \"log\": true}}"}
{"op_code":6,"worker_id":"fc2e6c0c-6a40-49fc-af0e-f87c347889f2-23456247935296","trial_id":50,"state":1,"values":[-42.92787170372834],"datetime_complete":"2026-07-24T13:36:24.991443"}
{"op_code":0,"worker_id":"837d8036-8bb8-4767-94a8-3c8185be8d7f-23456247935296","study_name":"peter_mushrooms_k3","directions":[2]}
{"op_code":4,"worker_id":"837d8036-8bb8-4767-94a8-3c8185be8d7f-23456247935296","study_id":0,"datetime_start":"2026-07-24T13:36:53.170930"}
{"op_code":9,"worker_id":"837d8036-8bb8-4767-94a8-3c8185be8d7f-23456247935296","trial_id":51,"system_attr":{"tpe:relative_params:0":"{\"lr\": 0.07912538855833391, \"ratio\": 21.34376065154485}"}}
{"op_code":5,"worker_id":"837d8036-8bb8-4767-94a8-3c8185be8d7f-23456247935296","trial_id":51,"param_name":"lr","param_value_internal":0.07912538855833391,"distribution":"{\"name\": \"FloatDistribution\", \"attributes\": {\"step\": null, \"low\": 1e-08, \"high\": 0.5, \"log\": true}}"}
{"op_code":5,"worker_id":"837d8036-8bb8-4767-94a8-3c8185be8d7f-23456247935296","trial_id":51,"param_name":"ratio","param_value_internal":21.34376065154485,"distribution":"{\"name\": \"FloatDistribution\", \"attributes\": {\"step\": null, \"low\": 0.1, \"high\": 100.0, \"log\": true}}"}
{"op_code":6,"worker_id":"837d8036-8bb8-4767-94a8-3c8185be8d7f-23456247935296","trial_id":51,"state":3,"values":null,"datetime_complete":"2026-07-24T13:37:04.003527"}
{"op_code":0,"worker_id":"e758ce5c-cb6f-4c7a-9ba0-d970b7f67f98-23456247935296","study_name":"peter_mushrooms_k3","directions":[2]}
{"op_code":0,"worker_id":"df8554e1-9cb1-4b2f-ad52-69d8d00e0eb0-23456247935296","study_name":"peter_mushrooms_k3","directions":[2]}
