{"op_code":0,"worker_id":"d38e6f67-3f4a-47b6-932c-75b64470a060-20268","study_name":"peter_bbc_k3","directions":[2]}
{"op_code":0,"worker_id":"f9e2dddf-6283-4f32-af4c-258d0be82a25-22724","study_name":"peter_bbc_k3","directions":[2]}
{"op_code":4,"worker_id":"f9e2dddf-6283-4f32-af4c-258d0be82a25-22724","study_id":0,"datetime_start":"2026-07-24T09:11:25.383576"}
{"op_code":5,"worker_id":"f9e2dddf-6283-4f32-af4c-258d0be82a25-22724","trial_id":0,"param_name":"lr","param_value_internal":2.2675365731008846e-08,"distribution":"{\"name\": \"FloatDistribution\", \"attributes\": {\"step\": null, \"low\": 1e-08, \"high\": 0.5, \"log\": true}}"}
{"op_code":5,"worker_id":"f9e2dddf-6283-4f32-af4c-258d0be82a25-22724","trial_id":0,"param_name":"ratio","param_value_internal":1.2844965362734282,"distribution":"{\"name\": \"FloatDistribution\", \"attributes\": {\"step\": null, \"low\": 0.1, \"high\": 100.0, \"log\": true}}"}
{"op_code":0,"worker_id":"359abf96-1543-41fe-9025-e20a726cfaf6-33256","study_name":"peter_bbc_k3","directions":[2]}
{"op_code":4,"worker_id":"359abf96-1543-41fe-9025-e20a726cfaf6-33256","study_id":0,"datetime_start":"2026-07-24T09:13:01.418140"}
{"op_code":5,"worker_id":"359abf96-1543-41fe-9025-e20a726cfaf6-33256","trial_id":1,"param_name":"lr","param_value_internal":6.383696921899604e-07,"distribution":"{\"name\": \"FloatDistribution\", \"attributes\": {\"step\": null, \"low\": 1e-08, \"high\": 0.5, \"log\": true}}"}
{"op_code":5,"worker_id":"359abf96-1543-41fe-9025-e20a726cfaf6-33256","trial_id":1,"param_name":"ratio","param_value_internal":0.11047005029749428,"distribution":"{\"name\": \"FloatDistribution\", \"attributes\": {\"step\": null, \"low\": 0.1, \"high\": 100.0, \"log\": true}}"}
{"op_code":0,"worker_id":"c5a936e4-f41e-456a-87ab-da9bfe4affcf-28600","study_name":"peter_bbc_k3","directions":[2]}
{"op_code":4,"worker_id":"c5a936e4-f41e-456a-87ab-da9bfe4affcf-28600","study_id":0,"datetime_start":"2026-07-24T09:13:02.103859"}
{"op_code":5,"worker_id":"c5a936e4-f41e-456a-87ab-da9bfe4affcf-28600","trial_id":2,"param_name":"lr","param_value_internal":2.490051493845151e-08,"distribution":"{\"name\": \"FloatDistribution\", \"attributes\": {\"step\": null, \"low\": 1e-08, \"high\": 0.5, \"log\": true}}"}
{"op_code":5,"worker_id":"c5a936e4-f41e-456a-87ab-da9bfe4affcf-28600","trial_id":2,"param_name":"ratio","param_value_internal":13.31554206442498,"distribution":"{\"name\": \"FloatDistribution\", \"attributes\": {\"step\": null, \"low\": 0.1, \"high\": 100.0, \"log\": true}}"}
{"op_code":0,"worker_id":"87116aed-868e-4aa6-a062-d560f1a654a1-23456247935296","study_name":"peter_bbc_k3","directions":[2]}
{"op_code":0,"worker_id":"b394d377-8e9c-44f9-af82-270b4d983728-23456247935296","study_name":"peter_bbc_k3","directions":[2]}
{"op_code":4,"worker_id":"b394d377-8e9c-44f9-af82-270b4d983728-23456247935296","study_id":0,"datetime_start":"2026-07-24T10:21:57.093286"}
{"op_code":5,"worker_id":"b394d377-8e9c-44f9-af82-270b4d983728-23456247935296","trial_id":3,"param_name":"lr","param_value_internal":0.0003007607772917248,"distribution":"{\"name\": \"FloatDistribution\", \"attributes\": {\"step\": null, \"low\": 1e-08, \"high\": 0.5, \"log\": true}}"}
{"op_code":5,"worker_id":"b394d377-8e9c-44f9-af82-270b4d983728-23456247935296","trial_id":3,"param_name":"ratio","param_value_internal":0.9567575264299115,"distribution":"{\"name\": \"FloatDistribution\", \"attributes\": {\"step\": null, \"low\": 0.1, \"high\": 100.0, \"log\": true}}"}
{"op_code":0,"worker_id":"41a511dd-b076-422a-86e3-062d47604c4f-23456247935296","study_name":"peter_bbc_k3","directions":[2]}
{"op_code":4,"worker_id":"41a511dd-b076-422a-86e3-062d47604c4f-23456247935296","study_id":0,"datetime_start":"2026-07-24T10:22:25.214984"}
{"op_code":5,"worker_id":"41a511dd-b076-422a-86e3-062d47604c4f-23456247935296","trial_id":4,"param_name":"lr","param_value_internal":0.0026205152043123434,"distribution":"{\"name\": \"FloatDistribution\", \"attributes\": {\"step\": null, \"low\": 1e-08, \"high\": 0.5, \"log\": true}}"}
{"op_code":5,"worker_id":"41a511dd-b076-422a-86e3-062d47604c4f-23456247935296","trial_id":4,"param_name":"ratio","param_value_internal":0.27662067818797953,"distribution":"{\"name\": \"FloatDistribution\", \"attributes\": {\"step\": null, \"low\": 0.1, \"high\": 100.0, \"log\": true}}"}
{"op_code":6,"worker_id":"41a511dd-b076-422a-86e3-062d47604c4f-23456247935296","trial_id":4,"state":3,"values":null,"datetime_complete":"2026-07-24T10:23:49.066882"}
{"op_code":0,"worker_id":"0d8b4cc4-6845-4c6e-907b-9656788c7a4f-23456247935296","study_name":"peter_bbc_k3","directions":[2]}
{"op_code":4,"worker_id":"0d8b4cc4-6845-4c6e-907b-9656788c7a4f-23456247935296","study_id":0,"datetime_start":"2026-07-24T10:25:42.295383"}
{"op_code":5,"worker_id":"0d8b4cc4-6845-4c6e-907b-9656788c7a4f-23456247935296","trial_id":5,"param_name":"lr","param_value_internal":2.3838805416622899e-07,"distribution":"{\"name\": \"FloatDistribution\", \"attributes\": {\"step\": null, \"low\": 1e-08, \"high\": 0.5, \"log\": true}}"}
{"op_code":5,"worker_id":"0d8b4cc4-6845-4c6e-907b-9656788c7a4f-23456247935296","trial_id":5,"param_name":"ratio","param_value_internal":2.0640670234637333,"distribution":"{\"name\": \"FloatDistribution\", \"attributes\": {\"step\": null, \"low\": 0.1, \"high\": 100.0, \"log\": true}}"}
{"op_code":6,"worker_id":"b394d377-8e9c-44f9-af82-270b4d983728-23456247935296","trial_id":3,"state":1,"values":[-266.5604549140385],"datetime_complete":"2026-07-24T10:26:57.868430"}
{"op_code":0,"worker_id":"81863110-3f4f-4dd8-8497-92345aa69967-23456247935296","study_name":"peter_bbc_k3","directions":[2]}
{"op_code":4,"worker_id":"81863110-3f4f-4dd8-8497-92345aa69967-23456247935296","study_id":0,"datetime_start":"2026-07-24T10:29:00.954503"}
{"op_code":5,"worker_id":"81863110-3f4f-4dd8-8497-92345aa69967-23456247935296","trial_id":6,"param_name":"lr","param_value_internal":1.1957926770123473e-05,"distribution":"{\"name\": \"FloatDistribution\", \"attributes\": {\"step\": null, \"low\": 1e-08, \"high\": 0.5, \"log\": true}}"}
{"op_code":5,"worker_id":"81863110-3f4f-4dd8-8497-92345aa69967-23456247935296","trial_id":6,"param_name":"ratio","param_value_internal":2.569241803182598,"distribution":"{\"name\": \"FloatDistribution\", \"attributes\": {\"step\": null, \"low\": 0.1, \"high\": 100.0, \"log\": true}}"}
{"op_code":6,"worker_id":"0d8b4cc4-6845-4c6e-907b-9656788c7a4f-23456247935296","trial_id":5,"state":1,"values":[-275.09775242725374],"datetime_complete":"2026-07-24T10:29:59.659779"}
{"op_code":0,"worker_id":"5447a860-1b30-4717-967f-cc93848434d1-23456247935296","study_name":"peter_bbc_k3","directions":[2]}
{"op_code":4,"worker_id":"5447a860-1b30-4717-967f-cc93848434d1-23456247935296","study_id":0,"datetime_start":"2026-07-24T10:32:48.282843"}
{"op_code":5,"worker_id":"5447a860-1b30-4717-967f-cc93848434d1-23456247935296","trial_id":7,"param_name":"lr","param_value_internal":7.380382273644302e-05,"distribution":"{\"name\": \"FloatDistribution\", \"attributes\": {\"step\": null, \"low\": 1e-08, \"high\": 0.5, \"log\": true}}"}
{"op_code":5,"worker_id":"5447a860-1b30-4717-967f-cc93848434d1-23456247935296","trial_id":7,"param_name":"ratio","param_value_internal":86.768013680275,"distribution":"{\"name\": \"FloatDistribution\", \"attributes\": {\"step\": null, \"low\": 0.1, \"high\": 100.0, \"log\": true}}"}
{"op_code":6,"worker_id":"81863110-3f4f-4dd8-8497-92345aa69967-23456247935296","trial_id":6,"state":1,"values":[-272.20334064897895],"datetime_complete":"2026-07-24T10:34:04.213278"}
{"op_code":0,"worker_id":"7a288f1d-c3b7-4f40-8053-d5b4b7784723-23456247935296","study_name":"peter_bbc_k3","directions":[2]}
{"op_code":4,"worker_id":"7a288f1d-c3b7-4f40-8053-d5b4b7784723-23456247935296","study_id":0,"datetime_start":"2026-07-24T10:35:58.253816"}
{"op_code":5,"worker_id":"7a288f1d-c3b7-4f40-8053-d5b4b7784723-23456247935296","trial_id":8,"param_name":"lr","param_value_internal":0.005137412217875456,"distribution":"{\"name\": \"FloatDistribution\", \"attributes\": {\"step\": null, \"low\": 1e-08, \"high\": 0.5, \"log\": true}}"}
{"op_code":5,"worker_id":"7a288f1d-c3b7-4f40-8053-d5b4b7784723-23456247935296","trial_id":8,"param_name":"ratio","param_value_internal":2.516333802123481,"distribution":"{\"name\": \"FloatDistribution\", \"attributes\": {\"step\": null, \"low\": 0.1, \"high\": 100.0, \"log\": true}}"}
{"op_code":6,"worker_id":"5447a860-1b30-4717-967f-cc93848434d1-23456247935296","trial_id":7,"state":1,"values":[-266.859116084521],"datetime_complete":"2026-07-24T10:37:01.998546"}
{"op_code":6,"worker_id":"7a288f1d-c3b7-4f40-8053-d5b4b7784723-23456247935296","trial_id":8,"state":3,"values":null,"datetime_complete":"2026-07-24T10:37:26.807832"}
{"op_code":0,"worker_id":"b42eece8-9ac5-49b6-8b90-d2936a38dc28-23456247935296","study_name":"peter_bbc_k3","directions":[2]}
{"op_code":4,"worker_id":"b42eece8-9ac5-49b6-8b90-d2936a38dc28-23456247935296","study_id":0,"datetime_start":"2026-07-24T10:39:31.736310"}
{"op_code":5,"worker_id":"b42eece8-9ac5-49b6-8b90-d2936a38dc28-23456247935296","trial_id":9,"param_name":"lr","param_value_internal":0.015933159221748178,"distribution":"{\"name\": \"FloatDistribution\", \"attributes\": {\"step\": null, \"low\": 1e-08, \"high\": 0.5, \"log\": true}}"}
{"op_code":5,"worker_id":"b42eece8-9ac5-49b6-8b90-d2936a38dc28-23456247935296","trial_id":9,"param_name":"ratio","param_value_internal":0.18842281819480536,"distribution":"{\"name\": \"FloatDistribution\", \"attributes\": {\"step\": null, \"low\": 0.1, \"high\": 100.0, \"log\": true}}"}
{"op_code":6,"worker_id":"b42eece8-9ac5-49b6-8b90-d2936a38dc28-23456247935296","trial_id":9,"state":3,"values":null,"datetime_complete":"2026-07-24T10:40:23.486287"}
{"op_code":0,"worker_id":"f47a0305-7577-4e94-80b4-85044b8a71ec-23456247935296","study_name":"peter_bbc_k3","directions":[2]}
{"op_code":4,"worker_id":"f47a0305-7577-4e94-80b4-85044b8a71ec-23456247935296","study_id":0,"datetime_start":"2026-07-24T10:43:48.244048"}
{"op_code":5,"worker_id":"f47a0305-7577-4e94-80b4-85044b8a71ec-23456247935296","trial_id":10,"param_name":"lr","param_value_internal":0.0010475982686880192,"distribution":"{\"name\": \"FloatDistribution\", \"attributes\": {\"step\": null, \"low\": 1e-08, \"high\": 0.5, \"log\": true}}"}
{"op_code":5,"worker_id":"f47a0305-7577-4e94-80b4-85044b8a71ec-23456247935296","trial_id":10,"param_name":"ratio","param_value_internal":7.685588258025993,"distribution":"{\"name\": \"FloatDistribution\", \"attributes\": {\"step\": null, \"low\": 0.1, \"high\": 100.0, \"log\": true}}"}
{"op_code":0,"worker_id":"9ee0bcde-4d8e-4c4a-b6fa-ea0d5a2b99a8-23456247935296","study_name":"peter_bbc_k3","directions":[2]}
{"op_code":4,"worker_id":"9ee0bcde-4d8e-4c4a-b6fa-ea0d5a2b99a8-23456247935296","study_id":0,"datetime_start":"2026-07-24T10:48:15.638805"}
{"op_code":5,"worker_id":"9ee0bcde-4d8e-4c4a-b6fa-ea0d5a2b99a8-23456247935296","trial_id":11,"param_name":"lr","param_value_internal":0.039078203818301536,"distribution":"{\"name\": \"FloatDistribution\", \"attributes\": {\"step\": null, \"low\": 1e-08, \"high\": 0.5, \"log\": true}}"}
{"op_code":5,"worker_id":"9ee0bcde-4d8e-4c4a-b6fa-ea0d5a2b99a8-23456247935296","trial_id":11,"param_name":"ratio","param_value_internal":2.6020859784600208,"distribution":"{\"name\": \"FloatDistribution\", \"attributes\": {\"step\": null, \"low\": 0.1, \"high\": 100.0, \"log\": true}}"}
{"op_code":6,"worker_id":"f47a0305-7577-4e94-80b4-85044b8a71ec-23456247935296","trial_id":10,"state":1,"values":[-267.9295182326685],"datetime_complete":"2026-07-24T10:48:32.115650"}
{"op_code":6,"worker_id":"9ee0bcde-4d8e-4c4a-b6fa-ea0d5a2b99a8-23456247935296","trial_id":11,"state":3,"values":null,"datetime_complete":"2026-07-24T10:49:30.798690"}
{"op_code":0,"worker_id":"0b5bb77a-2753-4efe-945e-60cc16ba417d-23456247935296","study_name":"peter_bbc_k3","directions":[2]}
{"op_code":4,"worker_id":"0b5bb77a-2753-4efe-945e-60cc16ba417d-23456247935296","study_id":0,"datetime_start":"2026-07-24T10:52:45.715825"}
{"op_code":5,"worker_id":"0b5bb77a-2753-4efe-945e-60cc16ba417d-23456247935296","trial_id":12,"param_name":"lr","param_value_internal":8.753972522942883e-07,"distribution":"{\"name\": \"FloatDistribution\", \"attributes\": {\"step\": null, \"low\": 1e-08, \"high\": 0.5, \"log\": true}}"}
{"op_code":5,"worker_id":"0b5bb77a-2753-4efe-945e-60cc16ba417d-23456247935296","trial_id":12,"param_name":"ratio","param_value_internal":43.74753293514583,"distribution":"{\"name\": \"FloatDistribution\", \"attributes\": {\"step\": null, \"low\": 0.1, \"high\": 100.0, \"log\": true}}"}
{"op_code":0,"worker_id":"fc387d22-3eed-45a6-89f7-4c2434b28f6a-23456247935296","study_name":"peter_bbc_k3","directions":[2]}
{"op_code":4,"worker_id":"fc387d22-3eed-45a6-89f7-4c2434b28f6a-23456247935296","study_id":0,"datetime_start":"2026-07-24T10:56:26.802939"}
{"op_code":5,"worker_id":"fc387d22-3eed-45a6-89f7-4c2434b28f6a-23456247935296","trial_id":13,"param_name":"lr","param_value_internal":0.04472778196534092,"distribution":"{\"name\": \"FloatDistribution\", \"attributes\": {\"step\": null, \"low\": 1e-08, \"high\": 0.5, \"log\": true}}"}
{"op_code":5,"worker_id":"fc387d22-3eed-45a6-89f7-4c2434b28f6a-23456247935296","trial_id":13,"param_name":"ratio","param_value_internal":0.1372005379053669,"distribution":"{\"name\": \"FloatDistribution\", \"attributes\": {\"step\": null, \"low\": 0.1, \"high\": 100.0, \"log\": true}}"}
{"op_code":6,"worker_id":"fc387d22-3eed-45a6-89f7-4c2434b28f6a-23456247935296","trial_id":13,"state":3,"values":null,"datetime_complete":"2026-07-24T10:57:06.289505"}
{"op_code":6,"worker_id":"0b5bb77a-2753-4efe-945e-60cc16ba417d-23456247935296","trial_id":12,"state":1,"values":[-274.36185827682027],"datetime_complete":"2026-07-24T10:57:42.817182"}
{"op_code":0,"worker_id":"21a71a43-bc59-4478-b38a-82623e9cfa54-23456247935296","study_name":"peter_bbc_k3","directions":[2]}
{"op_code":4,"worker_id":"21a71a43-bc59-4478-b38a-82623e9cfa54-23456247935296","study_id":0,"datetime_start":"2026-07-24T11:01:46.574892"}
{"op_code":5,"worker_id":"21a71a43-bc59-4478-b38a-82623e9cfa54-23456247935296","trial_id":14,"param_name":"lr","param_value_internal":0.32033812714246235,"distribution":"{\"name\": \"FloatDistribution\", \"attributes\": {\"step\": null, \"low\": 1e-08, \"high\": 0.5, \"log\": true}}"}
{"op_code":5,"worker_id":"21a71a43-bc59-4478-b38a-82623e9cfa54-23456247935296","trial_id":14,"param_name":"ratio","param_value_internal":7.741458293356308,"distribution":"{\"name\": \"FloatDistribution\", \"attributes\": {\"step\": null, \"low\": 0.1, \"high\": 100.0, \"log\": true}}"}
{"op_code":6,"worker_id":"21a71a43-bc59-4478-b38a-82623e9cfa54-23456247935296","trial_id":14,"state":3,"values":null,"datetime_complete":"2026-07-24T11:02:23.238019"}
{"op_code":0,"worker_id":"4dee2caf-725b-43e5-bddc-b683206949e4-23456247935296","study_name":"peter_bbc_k3","directions":[2]}
{"op_code":4,"worker_id":"4dee2caf-725b-43e5-bddc-b683206949e4-23456247935296","study_id":0,"datetime_start":"2026-07-24T11:06:47.037069"}
{"op_code":5,"worker_id":"4dee2caf-725b-43e5-bddc-b683206949e4-23456247935296","trial_id":15,"param_name":"lr","param_value_internal":0.0004407663600488443,"distribution":"{\"name\": \"FloatDistribution\", \"attributes\": {\"step\": null, \"low\": 1e-08, \"high\": 0.5, \"log\": true}}"}
{"op_code":5,"worker_id":"4dee2caf-725b-43e5-bddc-b683206949e4-23456247935296","trial_id":15,"param_name":"ratio","param_value_internal":3.267429299764368,"distribution":"{\"name\": \"FloatDistribution\", \"attributes\": {\"step\": null, \"low\": 0.1, \"high\": 100.0, \"log\": true}}"}
{"op_code":0,"worker_id":"2b648ff9-938f-471c-9af3-a89109062cdd-23456247935296","study_name":"peter_bbc_k3","directions":[2]}
{"op_code":4,"worker_id":"2b648ff9-938f-471c-9af3-a89109062cdd-23456247935296","study_id":0,"datetime_start":"2026-07-24T11:11:25.762817"}
{"op_code":5,"worker_id":"2b648ff9-938f-471c-9af3-a89109062cdd-23456247935296","trial_id":16,"param_name":"lr","param_value_internal":9.944701938865047e-08,"distribution":"{\"name\": \"FloatDistribution\", \"attributes\": {\"step\": null, \"low\": 1e-08, \"high\": 0.5, \"log\": true}}"}
{"op_code":5,"worker_id":"2b648ff9-938f-471c-9af3-a89109062cdd-23456247935296","trial_id":16,"param_name":"ratio","param_value_internal":29.822977573971567,"distribution":"{\"name\": \"FloatDistribution\", \"attributes\": {\"step\": null, \"low\": 0.1, \"high\": 100.0, \"log\": true}}"}
{"op_code":6,"worker_id":"4dee2caf-725b-43e5-bddc-b683206949e4-23456247935296","trial_id":15,"state":1,"values":[-267.6140551790093],"datetime_complete":"2026-07-24T11:11:52.124710"}
{"op_code":0,"worker_id":"bd67b827-7941-4b1e-ba0d-163e34d92e37-23456247935296","study_name":"peter_bbc_k3","directions":[2]}
{"op_code":4,"worker_id":"bd67b827-7941-4b1e-ba0d-163e34d92e37-23456247935296","study_id":0,"datetime_start":"2026-07-24T11:15:35.045196"}
{"op_code":5,"worker_id":"bd67b827-7941-4b1e-ba0d-163e34d92e37-23456247935296","trial_id":17,"param_name":"lr","param_value_internal":1.1705721839579098e-08,"distribution":"{\"name\": \"FloatDistribution\", \"attributes\": {\"step\": null, \"low\": 1e-08, \"high\": 0.5, \"log\": true}}"}
{"op_code":5,"worker_id":"bd67b827-7941-4b1e-ba0d-163e34d92e37-23456247935296","trial_id":17,"param_name":"ratio","param_value_internal":8.151104666904816,"distribution":"{\"name\": \"FloatDistribution\", \"attributes\": {\"step\": null, \"low\": 0.1, \"high\": 100.0, \"log\": true}}"}
{"op_code":6,"worker_id":"2b648ff9-938f-471c-9af3-a89109062cdd-23456247935296","trial_id":16,"state":1,"values":[-275.0765912998266],"datetime_complete":"2026-07-24T11:17:11.128273"}
{"op_code":0,"worker_id":"f9b6b1c6-f2bf-49cf-96fd-46b8942bd53a-23456247935296","study_name":"peter_bbc_k3","directions":[2]}
{"op_code":4,"worker_id":"f9b6b1c6-f2bf-49cf-96fd-46b8942bd53a-23456247935296","study_id":0,"datetime_start":"2026-07-24T11:19:49.853017"}
{"op_code":5,"worker_id":"f9b6b1c6-f2bf-49cf-96fd-46b8942bd53a-23456247935296","trial_id":18,"param_name":"lr","param_value_internal":2.201142931949698e-05,"distribution":"{\"name\": \"FloatDistribution\", \"attributes\": {\"step\": null, \"low\": 1e-08, \"high\": 0.5, \"log\": true}}"}
{"op_code":5,"worker_id":"f9b6b1c6-f2bf-49cf-96fd-46b8942bd53a-23456247935296","trial_id":18,"param_name":"ratio","param_value_internal":28.017909656686296,"distribution":"{\"name\": \"FloatDistribution\", \"attributes\": {\"step\": null, \"low\": 0.1, \"high\": 100.0, \"log\": true}}"}
{"op_code":6,"worker_id":"bd67b827-7941-4b1e-ba0d-163e34d92e37-23456247935296","trial_id":17,"state":1,"values":[-275.07239086269726],"datetime_complete":"2026-07-24T11:20:50.787929"}
{"op_code":0,"worker_id":"9d86c38a-2bf6-43ae-9afe-eca4432e703e-23456247935296","study_name":"peter_bbc_k3","directions":[2]}
{"op_code":4,"worker_id":"9d86c38a-2bf6-43ae-9afe-eca4432e703e-23456247935296","study_id":0,"datetime_start":"2026-07-24T11:24:03.882272"}
{"op_code":5,"worker_id":"9d86c38a-2bf6-43ae-9afe-eca4432e703e-23456247935296","trial_id":19,"param_name":"lr","param_value_internal":9.37719674678666e-08,"distribution":"{\"name\": \"FloatDistribution\", \"attributes\": {\"step\": null, \"low\": 1e-08, \"high\": 0.5, \"log\": true}}"}
{"op_code":5,"worker_id":"9d86c38a-2bf6-43ae-9afe-eca4432e703e-23456247935296","trial_id":19,"param_name":"ratio","param_value_internal":43.67510630334728,"distribution":"{\"name\": \"FloatDistribution\", \"attributes\": {\"step\": null, \"low\": 0.1, \"high\": 100.0, \"log\": true}}"}
{"op_code":6,"worker_id":"f9b6b1c6-f2bf-49cf-96fd-46b8942bd53a-23456247935296","trial_id":18,"state":1,"values":[-268.9433491091509],"datetime_complete":"2026-07-24T11:26:21.166227"}
{"op_code":0,"worker_id":"133a0254-63ff-4fbf-978a-09759adfc17f-23456247935296","study_name":"peter_bbc_k3","directions":[2]}
{"op_code":4,"worker_id":"133a0254-63ff-4fbf-978a-09759adfc17f-23456247935296","study_id":0,"datetime_start":"2026-07-24T11:27:25.948138"}
{"op_code":9,"worker_id":"133a0254-63ff-4fbf-978a-09759adfc17f-23456247935296","trial_id":20,"system_attr":{"tpe:relative_params:0":"{\"lr\": 0.0028042392228768004, \"ratio\": 0.22394994320779543}"}}
{"op_code":5,"worker_id":"133a0254-63ff-4fbf-978a-09759adfc17f-23456247935296","trial_id":20,"param_name":"lr","param_value_internal":0.0028042392228768004,"distribution":"{\"name\": \"FloatDistribution\", \"attributes\": {\"step\": null, \"low\": 1e-08, \"high\": 0.5, \"log\": true}}"}
{"op_code":5,"worker_id":"133a0254-63ff-4fbf-978a-09759adfc17f-23456247935296","trial_id":20,"param_name":"ratio","param_value_internal":0.22394994320779543,"distribution":"{\"name\": \"FloatDistribution\", \"attributes\": {\"step\": null, \"low\": 0.1, \"high\": 100.0, \"log\": true}}"}
{"op_code":6,"worker_id":"9d86c38a-2bf6-43ae-9afe-eca4432e703e-23456247935296","trial_id":19,"state":1,"values":[-275.07500355823936],"datetime_complete":"2026-07-24T11:30:16.403348"}
{"op_code":0,"worker_id":"1e21b34a-6f47-4a89-a0ee-dac20887a259-23456247935296","study_name":"peter_bbc_k3","directions":[2]}
{"op_code":4,"worker_id":"1e21b34a-6f47-4a89-a0ee-dac20887a259-23456247935296","study_id":0,"datetime_start":"2026-07-24T11:32:09.716563"}
{"op_code":9,"worker_id":"1e21b34a-6f47-4a89-a0ee-dac20887a259-23456247935296","trial_id":21,"system_attr":{"tpe:relative_params:0":"{\"lr\": 0.023508354103709356, \"ratio\": 49.94323214180468}"}}
{"op_code":5,"worker_id":"1e21b34a-6f47-4a89-a0ee-dac20887a259-23456247935296","trial_id":21,"param_name":"lr","param_value_internal":0.023508354103709356,"distribution":"{\"name\": \"FloatDistribution\", \"attributes\": {\"step\": null, \"low\": 1e-08, \"high\": 0.5, \"log\": true}}"}
{"op_code":5,"worker_id":"1e21b34a-6f47-4a89-a0ee-dac20887a259-23456247935296","trial_id":21,"param_name":"ratio","param_value_internal":49.94323214180468,"distribution":"{\"name\": \"FloatDistribution\", \"attributes\": {\"step\": null, \"low\": 0.1, \"high\": 100.0, \"log\": true}}"}
{"op_code":6,"worker_id":"133a0254-63ff-4fbf-978a-09759adfc17f-23456247935296","trial_id":20,"state":1,"values":[-267.13147924296686],"datetime_complete":"2026-07-24T11:32:29.463243"}
{"op_code":6,"worker_id":"1e21b34a-6f47-4a89-a0ee-dac20887a259-23456247935296","trial_id":21,"state":3,"values":null,"datetime_complete":"2026-07-24T11:34:28.578935"}
{"op_code":0,"worker_id":"690ad40d-6646-4dd2-ba13-28402c010f35-23456247935296","study_name":"peter_bbc_k3","directions":[2]}
{"op_code":4,"worker_id":"690ad40d-6646-4dd2-ba13-28402c010f35-23456247935296","study_id":0,"datetime_start":"2026-07-24T11:37:17.894768"}
{"op_code":9,"worker_id":"690ad40d-6646-4dd2-ba13-28402c010f35-23456247935296","trial_id":22,"system_attr":{"tpe:relative_params:0":"{\"lr\": 0.02103698145951898, \"ratio\": 22.774356033638593}"}}
{"op_code":5,"worker_id":"690ad40d-6646-4dd2-ba13-28402c010f35-23456247935296","trial_id":22,"param_name":"lr","param_value_internal":0.02103698145951898,"distribution":"{\"name\": \"FloatDistribution\", \"attributes\": {\"step\": null, \"low\": 1e-08, \"high\": 0.5, \"log\": true}}"}
{"op_code":5,"worker_id":"690ad40d-6646-4dd2-ba13-28402c010f35-23456247935296","trial_id":22,"param_name":"ratio","param_value_internal":22.774356033638593,"distribution":"{\"name\": \"FloatDistribution\", \"attributes\": {\"step\": null, \"low\": 0.1, \"high\": 100.0, \"log\": true}}"}
{"op_code":0,"worker_id":"0c3b53fb-b9fd-4f80-a779-2a8f9d60ab5f-23456247935296","study_name":"peter_bbc_k3","directions":[2]}
{"op_code":4,"worker_id":"0c3b53fb-b9fd-4f80-a779-2a8f9d60ab5f-23456247935296","study_id":0,"datetime_start":"2026-07-24T11:41:05.475559"}
{"op_code":9,"worker_id":"0c3b53fb-b9fd-4f80-a779-2a8f9d60ab5f-23456247935296","trial_id":23,"system_attr":{"tpe:relative_params:0":"{\"lr\": 0.011479889369927594, \"ratio\": 78.41079091261354}"}}
{"op_code":5,"worker_id":"0c3b53fb-b9fd-4f80-a779-2a8f9d60ab5f-23456247935296","trial_id":23,"param_name":"lr","param_value_internal":0.011479889369927594,"distribution":"{\"name\": \"FloatDistribution\", \"attributes\": {\"step\": null, \"low\": 1e-08, \"high\": 0.5, \"log\": true}}"}
{"op_code":5,"worker_id":"0c3b53fb-b9fd-4f80-a779-2a8f9d60ab5f-23456247935296","trial_id":23,"param_name":"ratio","param_value_internal":78.41079091261354,"distribution":"{\"name\": \"FloatDistribution\", \"attributes\": {\"step\": null, \"low\": 0.1, \"high\": 100.0, \"log\": true}}"}
{"op_code":6,"worker_id":"0c3b53fb-b9fd-4f80-a779-2a8f9d60ab5f-23456247935296","trial_id":23,"state":3,"values":null,"datetime_complete":"2026-07-24T11:42:11.771060"}
{"op_code":6,"worker_id":"690ad40d-6646-4dd2-ba13-28402c010f35-23456247935296","trial_id":22,"state":3,"values":null,"datetime_complete":"2026-07-24T11:42:47.301071"}
{"op_code":0,"worker_id":"ae4e0d79-abdb-402b-875e-322a702c3f4f-23456247935296","study_name":"peter_bbc_k3","directions":[2]}
{"op_code":4,"worker_id":"ae4e0d79-abdb-402b-875e-322a702c3f4f-23456247935296","study_id":0,"datetime_start":"2026-07-24T11:44:25.031961"}
{"op_code":9,"worker_id":"ae4e0d79-abdb-402b-875e-322a702c3f4f-23456247935296","trial_id":24,"system_attr":{"tpe:relative_params:0":"{\"lr\": 0.4099607782202881, \"ratio\": 61.092039510628155}"}}
{"op_code":5,"worker_id":"ae4e0d79-abdb-402b-875e-322a702c3f4f-23456247935296","trial_id":24,"param_name":"lr","param_value_internal":0.4099607782202881,"distribution":"{\"name\": \"FloatDistribution\", \"attributes\": {\"step\": null, \"low\": 1e-08, \"high\": 0.5, \"log\": true}}"}
{"op_code":5,"worker_id":"ae4e0d79-abdb-402b-875e-322a702c3f4f-23456247935296","trial_id":24,"param_name":"ratio","param_value_internal":61.092039510628155,"distribution":"{\"name\": \"FloatDistribution\", \"attributes\": {\"step\": null, \"low\": 0.1, \"high\": 100.0, \"log\": true}}"}
{"op_code":6,"worker_id":"ae4e0d79-abdb-402b-875e-322a702c3f4f-23456247935296","trial_id":24,"state":3,"values":null,"datetime_complete":"2026-07-24T11:45:12.445075"}
{"op_code":0,"worker_id":"5e921cc1-cef0-47df-b859-c120ba18fc07-23456247935296","study_name":"peter_bbc_k3","directions":[2]}
{"op_code":4,"worker_id":"5e921cc1-cef0-47df-b859-c120ba18fc07-23456247935296","study_id":0,"datetime_start":"2026-07-24T11:47:54.763689"}
{"op_code":9,"worker_id":"5e921cc1-cef0-47df-b859-c120ba18fc07-23456247935296","trial_id":25,"system_attr":{"tpe:relative_params:0":"{\"lr\": 0.0056426415443593695, \"ratio\": 27.65567627122688}"}}
{"op_code":5,"worker_id":"5e921cc1-cef0-47df-b859-c120ba18fc07-23456247935296","trial_id":25,"param_name":"lr","param_value_internal":0.0056426415443593695,"distribution":"{\"name\": \"FloatDistribution\", \"attributes\": {\"step\": null, \"low\": 1e-08, \"high\": 0.5, \"log\": true}}"}
{"op_code":5,"worker_id":"5e921cc1-cef0-47df-b859-c120ba18fc07-23456247935296","trial_id":25,"param_name":"ratio","param_value_internal":27.65567627122688,"distribution":"{\"name\": \"FloatDistribution\", \"attributes\": {\"step\": null, \"low\": 0.1, \"high\": 100.0, \"log\": true}}"}
{"op_code":0,"worker_id":"c7ea3de1-2679-40a3-9ed0-092ea2c7e745-23456247935296","study_name":"peter_bbc_k3","directions":[2]}
{"op_code":4,"worker_id":"c7ea3de1-2679-40a3-9ed0-092ea2c7e745-23456247935296","study_id":0,"datetime_start":"2026-07-24T11:51:40.700531"}
{"op_code":9,"worker_id":"c7ea3de1-2679-40a3-9ed0-092ea2c7e745-23456247935296","trial_id":26,"system_attr":{"tpe:relative_params:0":"{\"lr\": 0.3722666244746953, \"ratio\": 5.0279775775955615}"}}
{"op_code":5,"worker_id":"c7ea3de1-2679-40a3-9ed0-092ea2c7e745-23456247935296","trial_id":26,"param_name":"lr","param_value_internal":0.3722666244746953,"distribution":"{\"name\": \"FloatDistribution\", \"attributes\": {\"step\": null, \"low\": 1e-08, \"high\": 0.5, \"log\": true}}"}
{"op_code":5,"worker_id":"c7ea3de1-2679-40a3-9ed0-092ea2c7e745-23456247935296","trial_id":26,"param_name":"ratio","param_value_internal":5.0279775775955615,"distribution":"{\"name\": \"FloatDistribution\", \"attributes\": {\"step\": null, \"low\": 0.1, \"high\": 100.0, \"log\": true}}"}
{"op_code":6,"worker_id":"c7ea3de1-2679-40a3-9ed0-092ea2c7e745-23456247935296","trial_id":26,"state":3,"values":null,"datetime_complete":"2026-07-24T11:52:26.345251"}
{"op_code":6,"worker_id":"5e921cc1-cef0-47df-b859-c120ba18fc07-23456247935296","trial_id":25,"state":1,"values":[-269.8970171577882],"datetime_complete":"2026-07-24T11:53:03.515882"}
{"op_code":0,"worker_id":"ffcac51b-07ad-4c8c-b9f7-2daaf06cb9f8-23456247935296","study_name":"peter_bbc_k3","directions":[2]}
{"op_code":4,"worker_id":"ffcac51b-07ad-4c8c-b9f7-2daaf06cb9f8-23456247935296","study_id":0,"datetime_start":"2026-07-24T11:54:38.689857"}
{"op_code":9,"worker_id":"ffcac51b-07ad-4c8c-b9f7-2daaf06cb9f8-23456247935296","trial_id":27,"system_attr":{"tpe:relative_params:0":"{\"lr\": 0.0008779688175377028, \"ratio\": 93.85133594869446}"}}
{"op_code":5,"worker_id":"ffcac51b-07ad-4c8c-b9f7-2daaf06cb9f8-23456247935296","trial_id":27,"param_name":"lr","param_value_internal":0.0008779688175377028,"distribution":"{\"name\": \"FloatDistribution\", \"attributes\": {\"step\": null, \"low\": 1e-08, \"high\": 0.5, \"log\": true}}"}
{"op_code":5,"worker_id":"ffcac51b-07ad-4c8c-b9f7-2daaf06cb9f8-23456247935296","trial_id":27,"param_name":"ratio","param_value_internal":93.85133594869446,"distribution":"{\"name\": \"FloatDistribution\", \"attributes\": {\"step\": null, \"low\": 0.1, \"high\": 100.0, \"log\": true}}"}
{"op_code":0,"worker_id":"42f579d0-8daf-4faa-a55a-8e3648cfc696-23456247935296","study_name":"peter_bbc_k3","directions":[2]}
{"op_code":4,"worker_id":"42f579d0-8daf-4faa-a55a-8e3648cfc696-23456247935296","study_id":0,"datetime_start":"2026-07-24T11:58:56.706001"}
{"op_code":9,"worker_id":"42f579d0-8daf-4faa-a55a-8e3648cfc696-23456247935296","trial_id":28,"system_attr":{"tpe:relative_params:0":"{\"lr\": 2.3372178343016423e-05, \"ratio\": 0.32499898155891355}"}}
{"op_code":5,"worker_id":"42f579d0-8daf-4faa-a55a-8e3648cfc696-23456247935296","trial_id":28,"param_name":"lr","param_value_internal":2.3372178343016423e-05,"distribution":"{\"name\": \"FloatDistribution\", \"attributes\": {\"step\": null, \"low\": 1e-08, \"high\": 0.5, \"log\": true}}"}
{"op_code":5,"worker_id":"42f579d0-8daf-4faa-a55a-8e3648cfc696-23456247935296","trial_id":28,"param_name":"ratio","param_value_internal":0.32499898155891355,"distribution":"{\"name\": \"FloatDistribution\", \"attributes\": {\"step\": null, \"low\": 0.1, \"high\": 100.0, \"log\": true}}"}
{"op_code":6,"worker_id":"ffcac51b-07ad-4c8c-b9f7-2daaf06cb9f8-23456247935296","trial_id":27,"state":1,"values":[-266.1496494871],"datetime_complete":"2026-07-24T11:59:53.411022"}
{"op_code":0,"worker_id":"39526548-72b3-4663-8374-7b3532e2a426-23456247935296","study_name":"peter_bbc_k3","directions":[2]}
{"op_code":4,"worker_id":"39526548-72b3-4663-8374-7b3532e2a426-23456247935296","study_id":0,"datetime_start":"2026-07-24T12:02:05.031611"}
{"op_code":9,"worker_id":"39526548-72b3-4663-8374-7b3532e2a426-23456247935296","trial_id":29,"system_attr":{"tpe:relative_params:0":"{\"lr\": 0.23138689185845662, \"ratio\": 4.915767465628431}"}}
{"op_code":5,"worker_id":"39526548-72b3-4663-8374-7b3532e2a426-23456247935296","trial_id":29,"param_name":"lr","param_value_internal":0.23138689185845662,"distribution":"{\"name\": \"FloatDistribution\", \"attributes\": {\"step\": null, \"low\": 1e-08, \"high\": 0.5, \"log\": true}}"}
{"op_code":5,"worker_id":"39526548-72b3-4663-8374-7b3532e2a426-23456247935296","trial_id":29,"param_name":"ratio","param_value_internal":4.915767465628431,"distribution":"{\"name\": \"FloatDistribution\", \"attributes\": {\"step\": null, \"low\": 0.1, \"high\": 100.0, \"log\": true}}"}
{"op_code":6,"worker_id":"39526548-72b3-4663-8374-7b3532e2a426-23456247935296","trial_id":29,"state":3,"values":null,"datetime_complete":"2026-07-24T12:04:07.039762"}
{"op_code":6,"worker_id":"42f579d0-8daf-4faa-a55a-8e3648cfc696-23456247935296","trial_id":28,"state":1,"values":[-271.72860021485207],"datetime_complete":"2026-07-24T12:04:32.300956"}
{"op_code":0,"worker_id":"516797a3-6b5b-4859-b81b-14c25f3c4e13-23456247935296","study_name":"peter_bbc_k3","directions":[2]}
{"op_code":4,"worker_id":"516797a3-6b5b-4859-b81b-14c25f3c4e13-23456247935296","study_id":0,"datetime_start":"2026-07-24T12:06:33.457237"}
{"op_code":9,"worker_id":"516797a3-6b5b-4859-b81b-14c25f3c4e13-23456247935296","trial_id":30,"system_attr":{"tpe:relative_params:0":"{\"lr\": 0.036971767057573414, \"ratio\": 1.0765374890380528}"}}
{"op_code":5,"worker_id":"516797a3-6b5b-4859-b81b-14c25f3c4e13-23456247935296","trial_id":30,"param_name":"lr","param_value_internal":0.036971767057573414,"distribution":"{\"name\": \"FloatDistribution\", \"attributes\": {\"step\": null, \"low\": 1e-08, \"high\": 0.5, \"log\": true}}"}
{"op_code":5,"worker_id":"516797a3-6b5b-4859-b81b-14c25f3c4e13-23456247935296","trial_id":30,"param_name":"ratio","param_value_internal":1.0765374890380528,"distribution":"{\"name\": \"FloatDistribution\", \"attributes\": {\"step\": null, \"low\": 0.1, \"high\": 100.0, \"log\": true}}"}
{"op_code":6,"worker_id":"516797a3-6b5b-4859-b81b-14c25f3c4e13-23456247935296","trial_id":30,"state":3,"values":null,"datetime_complete":"2026-07-24T12:07:28.541421"}
{"op_code":0,"worker_id":"567ae2c8-342f-4e04-a139-81412bbc9a34-23456247935296","study_name":"peter_bbc_k3","directions":[2]}
{"op_code":4,"worker_id":"567ae2c8-342f-4e04-a139-81412bbc9a34-23456247935296","study_id":0,"datetime_start":"2026-07-24T12:10:06.507201"}
{"op_code":9,"worker_id":"567ae2c8-342f-4e04-a139-81412bbc9a34-23456247935296","trial_id":31,"system_attr":{"tpe:relative_params:0":"{\"lr\": 0.08370415801222324, \"ratio\": 1.3634246040380777}"}}
{"op_code":5,"worker_id":"567ae2c8-342f-4e04-a139-81412bbc9a34-23456247935296","trial_id":31,"param_name":"lr","param_value_internal":0.08370415801222324,"distribution":"{\"name\": \"FloatDistribution\", \"attributes\": {\"step\": null, \"low\": 1e-08, \"high\": 0.5, \"log\": true}}"}
{"op_code":5,"worker_id":"567ae2c8-342f-4e04-a139-81412bbc9a34-23456247935296","trial_id":31,"param_name":"ratio","param_value_internal":1.3634246040380777,"distribution":"{\"name\": \"FloatDistribution\", \"attributes\": {\"step\": null, \"low\": 0.1, \"high\": 100.0, \"log\": true}}"}
{"op_code":6,"worker_id":"567ae2c8-342f-4e04-a139-81412bbc9a34-23456247935296","trial_id":31,"state":3,"values":null,"datetime_complete":"2026-07-24T12:10:54.768104"}
{"op_code":0,"worker_id":"7bd5a3b5-4da9-40c6-88ef-14a019a131c0-23456247935296","study_name":"peter_bbc_k3","directions":[2]}
{"op_code":4,"worker_id":"7bd5a3b5-4da9-40c6-88ef-14a019a131c0-23456247935296","study_id":0,"datetime_start":"2026-07-24T12:13:43.252892"}
{"op_code":9,"worker_id":"7bd5a3b5-4da9-40c6-88ef-14a019a131c0-23456247935296","trial_id":32,"system_attr":{"tpe:relative_params:0":"{\"lr\": 0.06384126207189064, \"ratio\": 86.43718703737221}"}}
{"op_code":5,"worker_id":"7bd5a3b5-4da9-40c6-88ef-14a019a131c0-23456247935296","trial_id":32,"param_name":"lr","param_value_internal":0.06384126207189064,"distribution":"{\"name\": \"FloatDistribution\", \"attributes\": {\"step\": null, \"low\": 1e-08, \"high\": 0.5, \"log\": true}}"}
{"op_code":5,"worker_id":"7bd5a3b5-4da9-40c6-88ef-14a019a131c0-23456247935296","trial_id":32,"param_name":"ratio","param_value_internal":86.43718703737221,"distribution":"{\"name\": \"FloatDistribution\", \"attributes\": {\"step\": null, \"low\": 0.1, \"high\": 100.0, \"log\": true}}"}
{"op_code":6,"worker_id":"7bd5a3b5-4da9-40c6-88ef-14a019a131c0-23456247935296","trial_id":32,"state":3,"values":null,"datetime_complete":"2026-07-24T12:14:38.465868"}
{"op_code":0,"worker_id":"d625c3fd-c7b5-42f8-a574-30d77fa3350c-23456247935296","study_name":"peter_bbc_k3","directions":[2]}
{"op_code":4,"worker_id":"d625c3fd-c7b5-42f8-a574-30d77fa3350c-23456247935296","study_id":0,"datetime_start":"2026-07-24T12:17:36.840023"}
{"op_code":9,"worker_id":"d625c3fd-c7b5-42f8-a574-30d77fa3350c-23456247935296","trial_id":33,"system_attr":{"tpe:relative_params:0":"{\"lr\": 0.19399091726257633, \"ratio\": 81.154611396162}"}}
{"op_code":5,"worker_id":"d625c3fd-c7b5-42f8-a574-30d77fa3350c-23456247935296","trial_id":33,"param_name":"lr","param_value_internal":0.19399091726257633,"distribution":"{\"name\": \"FloatDistribution\", \"attributes\": {\"step\": null, \"low\": 1e-08, \"high\": 0.5, \"log\": true}}"}
{"op_code":5,"worker_id":"d625c3fd-c7b5-42f8-a574-30d77fa3350c-23456247935296","trial_id":33,"param_name":"ratio","param_value_internal":81.154611396162,"distribution":"{\"name\": \"FloatDistribution\", \"attributes\": {\"step\": null, \"low\": 0.1, \"high\": 100.0, \"log\": true}}"}
{"op_code":6,"worker_id":"d625c3fd-c7b5-42f8-a574-30d77fa3350c-23456247935296","trial_id":33,"state":3,"values":null,"datetime_complete":"2026-07-24T12:18:24.079404"}
{"op_code":0,"worker_id":"fc067c80-d812-4b83-bef1-c63979659c1c-23456247935296","study_name":"peter_bbc_k3","directions":[2]}
{"op_code":4,"worker_id":"fc067c80-d812-4b83-bef1-c63979659c1c-23456247935296","study_id":0,"datetime_start":"2026-07-24T12:21:09.485470"}
{"op_code":9,"worker_id":"fc067c80-d812-4b83-bef1-c63979659c1c-23456247935296","trial_id":34,"system_attr":{"tpe:relative_params:0":"{\"lr\": 0.1685256814135169, \"ratio\": 5.390467292469801}"}}
{"op_code":5,"worker_id":"fc067c80-d812-4b83-bef1-c63979659c1c-23456247935296","trial_id":34,"param_name":"lr","param_value_internal":0.1685256814135169,"distribution":"{\"name\": \"FloatDistribution\", \"attributes\": {\"step\": null, \"low\": 1e-08, \"high\": 0.5, \"log\": true}}"}
{"op_code":5,"worker_id":"fc067c80-d812-4b83-bef1-c63979659c1c-23456247935296","trial_id":34,"param_name":"ratio","param_value_internal":5.390467292469801,"distribution":"{\"name\": \"FloatDistribution\", \"attributes\": {\"step\": null, \"low\": 0.1, \"high\": 100.0, \"log\": true}}"}
{"op_code":6,"worker_id":"fc067c80-d812-4b83-bef1-c63979659c1c-23456247935296","trial_id":34,"state":3,"values":null,"datetime_complete":"2026-07-24T12:21:57.962034"}
{"op_code":0,"worker_id":"2e219c82-ec35-43dc-837e-13a46cbb89f5-23456247935296","study_name":"peter_bbc_k3","directions":[2]}
{"op_code":4,"worker_id":"2e219c82-ec35-43dc-837e-13a46cbb89f5-23456247935296","study_id":0,"datetime_start":"2026-07-24T12:26:45.228852"}
{"op_code":9,"worker_id":"2e219c82-ec35-43dc-837e-13a46cbb89f5-23456247935296","trial_id":35,"system_attr":{"tpe:relative_params:0":"{\"lr\": 0.21197479658358254, \"ratio\": 32.68880232659502}"}}
{"op_code":5,"worker_id":"2e219c82-ec35-43dc-837e-13a46cbb89f5-23456247935296","trial_id":35,"param_name":"lr","param_value_internal":0.21197479658358254,"distribution":"{\"name\": \"FloatDistribution\", \"attributes\": {\"step\": null, \"low\": 1e-08, \"high\": 0.5, \"log\": true}}"}
{"op_code":5,"worker_id":"2e219c82-ec35-43dc-837e-13a46cbb89f5-23456247935296","trial_id":35,"param_name":"ratio","param_value_internal":32.68880232659502,"distribution":"{\"name\": \"FloatDistribution\", \"attributes\": {\"step\": null, \"low\": 0.1, \"high\": 100.0, \"log\": true}}"}
{"op_code":6,"worker_id":"2e219c82-ec35-43dc-837e-13a46cbb89f5-23456247935296","trial_id":35,"state":3,"values":null,"datetime_complete":"2026-07-24T12:28:43.310442"}
{"op_code":0,"worker_id":"73a90d56-026e-4839-ab78-e873ff3b764c-23456247935296","study_name":"peter_bbc_k3","directions":[2]}
{"op_code":4,"worker_id":"73a90d56-026e-4839-ab78-e873ff3b764c-23456247935296","study_id":0,"datetime_start":"2026-07-24T12:31:38.800327"}
{"op_code":9,"worker_id":"73a90d56-026e-4839-ab78-e873ff3b764c-23456247935296","trial_id":36,"system_attr":{"tpe:relative_params:0":"{\"lr\": 0.013762729338389344, \"ratio\": 87.68469943884541}"}}
{"op_code":5,"worker_id":"73a90d56-026e-4839-ab78-e873ff3b764c-23456247935296","trial_id":36,"param_name":"lr","param_value_internal":0.013762729338389344,"distribution":"{\"name\": \"FloatDistribution\", \"attributes\": {\"step\": null, \"low\": 1e-08, \"high\": 0.5, \"log\": true}}"}
{"op_code":5,"worker_id":"73a90d56-026e-4839-ab78-e873ff3b764c-23456247935296","trial_id":36,"param_name":"ratio","param_value_internal":87.68469943884541,"distribution":"{\"name\": \"FloatDistribution\", \"attributes\": {\"step\": null, \"low\": 0.1, \"high\": 100.0, \"log\": true}}"}
{"op_code":0,"worker_id":"c25ad97d-facd-4af1-b1e6-b51f746475a0-23456247935296","study_name":"peter_bbc_k3","directions":[2]}
{"op_code":4,"worker_id":"c25ad97d-facd-4af1-b1e6-b51f746475a0-23456247935296","study_id":0,"datetime_start":"2026-07-24T12:35:47.187616"}
{"op_code":9,"worker_id":"c25ad97d-facd-4af1-b1e6-b51f746475a0-23456247935296","trial_id":37,"system_attr":{"tpe:relative_params:0":"{\"lr\": 0.3642659689940438, \"ratio\": 1.233732055914858}"}}
{"op_code":5,"worker_id":"c25ad97d-facd-4af1-b1e6-b51f746475a0-23456247935296","trial_id":37,"param_name":"lr","param_value_internal":0.3642659689940438,"distribution":"{\"name\": \"FloatDistribution\", \"attributes\": {\"step\": null, \"low\": 1e-08, \"high\": 0.5, \"log\": true}}"}
{"op_code":5,"worker_id":"c25ad97d-facd-4af1-b1e6-b51f746475a0-23456247935296","trial_id":37,"param_name":"ratio","param_value_internal":1.233732055914858,"distribution":"{\"name\": \"FloatDistribution\", \"attributes\": {\"step\": null, \"low\": 0.1, \"high\": 100.0, \"log\": true}}"}
{"op_code":6,"worker_id":"c25ad97d-facd-4af1-b1e6-b51f746475a0-23456247935296","trial_id":37,"state":3,"values":null,"datetime_complete":"2026-07-24T12:36:29.442178"}
{"op_code":0,"worker_id":"8b394c09-c293-483f-97eb-158ffe6fa469-23456247935296","study_name":"peter_bbc_k3","directions":[2]}
{"op_code":4,"worker_id":"8b394c09-c293-483f-97eb-158ffe6fa469-23456247935296","study_id":0,"datetime_start":"2026-07-24T12:40:26.255235"}
{"op_code":9,"worker_id":"8b394c09-c293-483f-97eb-158ffe6fa469-23456247935296","trial_id":38,"system_attr":{"tpe:relative_params:0":"{\"lr\": 0.07819502475982083, \"ratio\": 2.1528670611058445}"}}
{"op_code":5,"worker_id":"8b394c09-c293-483f-97eb-158ffe6fa469-23456247935296","trial_id":38,"param_name":"lr","param_value_internal":0.07819502475982083,"distribution":"{\"name\": \"FloatDistribution\", \"attributes\": {\"step\": null, \"low\": 1e-08, \"high\": 0.5, \"log\": true}}"}
{"op_code":5,"worker_id":"8b394c09-c293-483f-97eb-158ffe6fa469-23456247935296","trial_id":38,"param_name":"ratio","param_value_internal":2.1528670611058445,"distribution":"{\"name\": \"FloatDistribution\", \"attributes\": {\"step\": null, \"low\": 0.1, \"high\": 100.0, \"log\": true}}"}
{"op_code":6,"worker_id":"8b394c09-c293-483f-97eb-158ffe6fa469-23456247935296","trial_id":38,"state":3,"values":null,"datetime_complete":"2026-07-24T12:41:18.309310"}
{"op_code":6,"worker_id":"73a90d56-026e-4839-ab78-e873ff3b764c-23456247935296","trial_id":36,"state":1,"values":[-267.24418147700493],"datetime_complete":"2026-07-24T12:43:42.193652"}
{"op_code":0,"worker_id":"bc6b8a73-49a8-4fbf-b695-41b7fd8fe624-23456247935296","study_name":"peter_bbc_k3","directions":[2]}
{"op_code":4,"worker_id":"bc6b8a73-49a8-4fbf-b695-41b7fd8fe624-23456247935296","study_id":0,"datetime_start":"2026-07-24T12:45:38.827214"}
{"op_code":9,"worker_id":"bc6b8a73-49a8-4fbf-b695-41b7fd8fe624-23456247935296","trial_id":39,"system_attr":{"tpe:relative_params:0":"{\"lr\": 0.3387890116009377, \"ratio\": 1.019837477487429}"}}
{"op_code":5,"worker_id":"bc6b8a73-49a8-4fbf-b695-41b7fd8fe624-23456247935296","trial_id":39,"param_name":"lr","param_value_internal":0.3387890116009377,"distribution":"{\"name\": \"FloatDistribution\", \"attributes\": {\"step\": null, \"low\": 1e-08, \"high\": 0.5, \"log\": true}}"}
{"op_code":5,"worker_id":"bc6b8a73-49a8-4fbf-b695-41b7fd8fe624-23456247935296","trial_id":39,"param_name":"ratio","param_value_internal":1.019837477487429,"distribution":"{\"name\": \"FloatDistribution\", \"attributes\": {\"step\": null, \"low\": 0.1, \"high\": 100.0, \"log\": true}}"}
{"op_code":6,"worker_id":"bc6b8a73-49a8-4fbf-b695-41b7fd8fe624-23456247935296","trial_id":39,"state":3,"values":null,"datetime_complete":"2026-07-24T12:46:24.369897"}
{"op_code":0,"worker_id":"ce9cfc2c-cb43-445a-b329-8184e04cd6a0-23456247935296","study_name":"peter_bbc_k3","directions":[2]}
{"op_code":4,"worker_id":"ce9cfc2c-cb43-445a-b329-8184e04cd6a0-23456247935296","study_id":0,"datetime_start":"2026-07-24T12:50:35.735684"}
{"op_code":9,"worker_id":"ce9cfc2c-cb43-445a-b329-8184e04cd6a0-23456247935296","trial_id":40,"system_attr":{"tpe:relative_params:0":"{\"lr\": 0.08608840665587267, \"ratio\": 1.3708367977743214}"}}
{"op_code":5,"worker_id":"ce9cfc2c-cb43-445a-b329-8184e04cd6a0-23456247935296","trial_id":40,"param_name":"lr","param_value_internal":0.08608840665587267,"distribution":"{\"name\": \"FloatDistribution\", \"attributes\": {\"step\": null, \"low\": 1e-08, \"high\": 0.5, \"log\": true}}"}
{"op_code":5,"worker_id":"ce9cfc2c-cb43-445a-b329-8184e04cd6a0-23456247935296","trial_id":40,"param_name":"ratio","param_value_internal":1.3708367977743214,"distribution":"{\"name\": \"FloatDistribution\", \"attributes\": {\"step\": null, \"low\": 0.1, \"high\": 100.0, \"log\": true}}"}
{"op_code":6,"worker_id":"ce9cfc2c-cb43-445a-b329-8184e04cd6a0-23456247935296","trial_id":40,"state":3,"values":null,"datetime_complete":"2026-07-24T12:51:22.663438"}
{"op_code":0,"worker_id":"9e2d5b72-40da-4d42-9110-2c487ed17af5-23456247935296","study_name":"peter_bbc_k3","directions":[2]}
{"op_code":4,"worker_id":"9e2d5b72-40da-4d42-9110-2c487ed17af5-23456247935296","study_id":0,"datetime_start":"2026-07-24T12:54:49.552648"}
{"op_code":9,"worker_id":"9e2d5b72-40da-4d42-9110-2c487ed17af5-23456247935296","trial_id":41,"system_attr":{"tpe:relative_params:0":"{\"lr\": 0.29278646927830965, \"ratio\": 0.11045669056781383}"}}
{"op_code":5,"worker_id":"9e2d5b72-40da-4d42-9110-2c487ed17af5-23456247935296","trial_id":41,"param_name":"lr","param_value_internal":0.29278646927830965,"distribution":"{\"name\": \"FloatDistribution\", \"attributes\": {\"step\": null, \"low\": 1e-08, \"high\": 0.5, \"log\": true}}"}
{"op_code":5,"worker_id":"9e2d5b72-40da-4d42-9110-2c487ed17af5-23456247935296","trial_id":41,"param_name":"ratio","param_value_internal":0.11045669056781383,"distribution":"{\"name\": \"FloatDistribution\", \"attributes\": {\"step\": null, \"low\": 0.1, \"high\": 100.0, \"log\": true}}"}
{"op_code":6,"worker_id":"9e2d5b72-40da-4d42-9110-2c487ed17af5-23456247935296","trial_id":41,"state":3,"values":null,"datetime_complete":"2026-07-24T12:55:32.536002"}
{"op_code":0,"worker_id":"8773a908-4a38-46a3-841d-ae968f7a4fda-23456247935296","study_name":"peter_bbc_k3","directions":[2]}
{"op_code":4,"worker_id":"8773a908-4a38-46a3-841d-ae968f7a4fda-23456247935296","study_id":0,"datetime_start":"2026-07-24T12:59:04.406725"}
{"op_code":9,"worker_id":"8773a908-4a38-46a3-841d-ae968f7a4fda-23456247935296","trial_id":42,"system_attr":{"tpe:relative_params:0":"{\"lr\": 0.4662312841415552, \"ratio\": 20.4407014471133}"}}
{"op_code":5,"worker_id":"8773a908-4a38-46a3-841d-ae968f7a4fda-23456247935296","trial_id":42,"param_name":"lr","param_value_internal":0.4662312841415552,"distribution":"{\"name\": \"FloatDistribution\", \"attributes\": {\"step\": null, \"low\": 1e-08, \"high\": 0.5, \"log\": true}}"}
{"op_code":5,"worker_id":"8773a908-4a38-46a3-841d-ae968f7a4fda-23456247935296","trial_id":42,"param_name":"ratio","param_value_internal":20.4407014471133,"distribution":"{\"name\": \"FloatDistribution\", \"attributes\": {\"step\": null, \"low\": 0.1, \"high\": 100.0, \"log\": true}}"}
{"op_code":6,"worker_id":"8773a908-4a38-46a3-841d-ae968f7a4fda-23456247935296","trial_id":42,"state":3,"values":null,"datetime_complete":"2026-07-24T12:59:53.890176"}
{"op_code":0,"worker_id":"b9a6a725-377c-46e7-b1e6-c0642d435ce5-23456247935296","study_name":"peter_bbc_k3","directions":[2]}
{"op_code":4,"worker_id":"b9a6a725-377c-46e7-b1e6-c0642d435ce5-23456247935296","study_id":0,"datetime_start":"2026-07-24T13:03:23.123000"}
{"op_code":9,"worker_id":"b9a6a725-377c-46e7-b1e6-c0642d435ce5-23456247935296","trial_id":43,"system_attr":{"tpe:relative_params:0":"{\"lr\": 0.039231755653820435, \"ratio\": 1.0319718510846836}"}}
{"op_code":5,"worker_id":"b9a6a725-377c-46e7-b1e6-c0642d435ce5-23456247935296","trial_id":43,"param_name":"lr","param_value_internal":0.039231755653820435,"distribution":"{\"name\": \"FloatDistribution\", \"attributes\": {\"step\": null, \"low\": 1e-08, \"high\": 0.5, \"log\": true}}"}
{"op_code":5,"worker_id":"b9a6a725-377c-46e7-b1e6-c0642d435ce5-23456247935296","trial_id":43,"param_name":"ratio","param_value_internal":1.0319718510846836,"distribution":"{\"name\": \"FloatDistribution\", \"attributes\": {\"step\": null, \"low\": 0.1, \"high\": 100.0, \"log\": true}}"}
{"op_code":6,"worker_id":"b9a6a725-377c-46e7-b1e6-c0642d435ce5-23456247935296","trial_id":43,"state":3,"values":null,"datetime_complete":"2026-07-24T13:04:29.343890"}
{"op_code":0,"worker_id":"bf35b7b5-ef0d-4ab7-b472-c36484bcb30b-23456247935296","study_name":"peter_bbc_k3","directions":[2]}
{"op_code":4,"worker_id":"bf35b7b5-ef0d-4ab7-b472-c36484bcb30b-23456247935296","study_id":0,"datetime_start":"2026-07-24T13:08:00.301406"}
{"op_code":9,"worker_id":"bf35b7b5-ef0d-4ab7-b472-c36484bcb30b-23456247935296","trial_id":44,"system_attr":{"tpe:relative_params:0":"{\"lr\": 0.31270247035424364, \"ratio\": 6.687183805894301}"}}
{"op_code":5,"worker_id":"bf35b7b5-ef0d-4ab7-b472-c36484bcb30b-23456247935296","trial_id":44,"param_name":"lr","param_value_internal":0.31270247035424364,"distribution":"{\"name\": \"FloatDistribution\", \"attributes\": {\"step\": null, \"low\": 1e-08, \"high\": 0.5, \"log\": true}}"}
{"op_code":5,"worker_id":"bf35b7b5-ef0d-4ab7-b472-c36484bcb30b-23456247935296","trial_id":44,"param_name":"ratio","param_value_internal":6.687183805894301,"distribution":"{\"name\": \"FloatDistribution\", \"attributes\": {\"step\": null, \"low\": 0.1, \"high\": 100.0, \"log\": true}}"}
{"op_code":6,"worker_id":"bf35b7b5-ef0d-4ab7-b472-c36484bcb30b-23456247935296","trial_id":44,"state":3,"values":null,"datetime_complete":"2026-07-24T13:09:00.121641"}
{"op_code":0,"worker_id":"781f53e7-8a68-4833-b65a-e84735ff5798-23456247935296","study_name":"peter_bbc_k3","directions":[2]}
{"op_code":4,"worker_id":"781f53e7-8a68-4833-b65a-e84735ff5798-23456247935296","study_id":0,"datetime_start":"2026-07-24T13:12:36.201163"}
{"op_code":9,"worker_id":"781f53e7-8a68-4833-b65a-e84735ff5798-23456247935296","trial_id":45,"system_attr":{"tpe:relative_params:0":"{\"lr\": 0.055938145599189165, \"ratio\": 1.4675142502431326}"}}
{"op_code":5,"worker_id":"781f53e7-8a68-4833-b65a-e84735ff5798-23456247935296","trial_id":45,"param_name":"lr","param_value_internal":0.055938145599189165,"distribution":"{\"name\": \"FloatDistribution\", \"attributes\": {\"step\": null, \"low\": 1e-08, \"high\": 0.5, \"log\": true}}"}
{"op_code":5,"worker_id":"781f53e7-8a68-4833-b65a-e84735ff5798-23456247935296","trial_id":45,"param_name":"ratio","param_value_internal":1.4675142502431326,"distribution":"{\"name\": \"FloatDistribution\", \"attributes\": {\"step\": null, \"low\": 0.1, \"high\": 100.0, \"log\": true}}"}
{"op_code":6,"worker_id":"781f53e7-8a68-4833-b65a-e84735ff5798-23456247935296","trial_id":45,"state":3,"values":null,"datetime_complete":"2026-07-24T13:13:26.640184"}
{"op_code":0,"worker_id":"f0577f33-f265-4952-b196-a7966227be3f-23456247935296","study_name":"peter_bbc_k3","directions":[2]}
{"op_code":4,"worker_id":"f0577f33-f265-4952-b196-a7966227be3f-23456247935296","study_id":0,"datetime_start":"2026-07-24T13:17:08.476408"}
{"op_code":9,"worker_id":"f0577f33-f265-4952-b196-a7966227be3f-23456247935296","trial_id":46,"system_attr":{"tpe:relative_params:0":"{\"lr\": 0.007824082972254155, \"ratio\": 0.8357187394332032}"}}
{"op_code":5,"worker_id":"f0577f33-f265-4952-b196-a7966227be3f-23456247935296","trial_id":46,"param_name":"lr","param_value_internal":0.007824082972254155,"distribution":"{\"name\": \"FloatDistribution\", \"attributes\": {\"step\": null, \"low\": 1e-08, \"high\": 0.5, \"log\": true}}"}
{"op_code":5,"worker_id":"f0577f33-f265-4952-b196-a7966227be3f-23456247935296","trial_id":46,"param_name":"ratio","param_value_internal":0.8357187394332032,"distribution":"{\"name\": \"FloatDistribution\", \"attributes\": {\"step\": null, \"low\": 0.1, \"high\": 100.0, \"log\": true}}"}
{"op_code":0,"worker_id":"f1e8d9c7-3dbb-4575-b4ed-d8d532fa6464-23456247935296","study_name":"peter_bbc_k3","directions":[2]}
{"op_code":4,"worker_id":"f1e8d9c7-3dbb-4575-b4ed-d8d532fa6464-23456247935296","study_id":0,"datetime_start":"2026-07-24T13:20:25.531524"}
{"op_code":9,"worker_id":"f1e8d9c7-3dbb-4575-b4ed-d8d532fa6464-23456247935296","trial_id":47,"system_attr":{"tpe:relative_params:0":"{\"lr\": 0.07601241300905666, \"ratio\": 10.470345288783939}"}}
{"op_code":5,"worker_id":"f1e8d9c7-3dbb-4575-b4ed-d8d532fa6464-23456247935296","trial_id":47,"param_name":"lr","param_value_internal":0.07601241300905666,"distribution":"{\"name\": \"FloatDistribution\", \"attributes\": {\"step\": null, \"low\": 1e-08, \"high\": 0.5, \"log\": true}}"}
{"op_code":5,"worker_id":"f1e8d9c7-3dbb-4575-b4ed-d8d532fa6464-23456247935296","trial_id":47,"param_name":"ratio","param_value_internal":10.470345288783939,"distribution":"{\"name\": \"FloatDistribution\", \"attributes\": {\"step\": null, \"low\": 0.1, \"high\": 100.0, \"log\": true}}"}
{"op_code":6,"worker_id":"f1e8d9c7-3dbb-4575-b4ed-d8d532fa6464-23456247935296","trial_id":47,"state":3,"values":null,"datetime_complete":"2026-07-24T13:21:14.110516"}
{"op_code":6,"worker_id":"f0577f33-f265-4952-b196-a7966227be3f-23456247935296","trial_id":46,"state":1,"values":[-265.8735637616357],"datetime_complete":"2026-07-24T13:23:05.889331"}
{"op_code":0,"worker_id":"c35126d6-2f15-47e6-ac0b-7dd0ada58eb4-23456247935296","study_name":"peter_bbc_k3","directions":[2]}
{"op_code":4,"worker_id":"c35126d6-2f15-47e6-ac0b-7dd0ada58eb4-23456247935296","study_id":0,"datetime_start":"2026-07-24T13:23:18.234953"}
{"op_code":9,"worker_id":"c35126d6-2f15-47e6-ac0b-7dd0ada58eb4-23456247935296","trial_id":48,"system_attr":{"tpe:relative_params:0":"{\"lr\": 0.15055115824351442, \"ratio\": 0.7597207482166594}"}}
{"op_code":5,"worker_id":"c35126d6-2f15-47e6-ac0b-7dd0ada58eb4-23456247935296","trial_id":48,"param_name":"lr","param_value_internal":0.15055115824351442,"distribution":"{\"name\": \"FloatDistribution\", \"attributes\": {\"step\": null, \"low\": 1e-08, \"high\": 0.5, \"log\": true}}"}
{"op_code":5,"worker_id":"c35126d6-2f15-47e6-ac0b-7dd0ada58eb4-23456247935296","trial_id":48,"param_name":"ratio","param_value_internal":0.7597207482166594,"distribution":"{\"name\": \"FloatDistribution\", \"attributes\": {\"step\": null, \"low\": 0.1, \"high\": 100.0, \"log\": true}}"}
{"op_code":6,"worker_id":"c35126d6-2f15-47e6-ac0b-7dd0ada58eb4-23456247935296","trial_id":48,"state":3,"values":null,"datetime_complete":"2026-07-24T13:24:05.862769"}
{"op_code":0,"worker_id":"dd8e8fd9-060b-4641-9748-9f6ebdcc8f27-23456247935296","study_name":"peter_bbc_k3","directions":[2]}
{"op_code":4,"worker_id":"dd8e8fd9-060b-4641-9748-9f6ebdcc8f27-23456247935296","study_id":0,"datetime_start":"2026-07-24T13:26:08.944675"}
{"op_code":9,"worker_id":"dd8e8fd9-060b-4641-9748-9f6ebdcc8f27-23456247935296","trial_id":49,"system_attr":{"tpe:relative_params:0":"{\"lr\": 0.20387566927551848, \"ratio\": 5.909234496925591}"}}
{"op_code":5,"worker_id":"dd8e8fd9-060b-4641-9748-9f6ebdcc8f27-23456247935296","trial_id":49,"param_name":"lr","param_value_internal":0.20387566927551848,"distribution":"{\"name\": \"FloatDistribution\", \"attributes\": {\"step\": null, \"low\": 1e-08, \"high\": 0.5, \"log\": true}}"}
{"op_code":5,"worker_id":"dd8e8fd9-060b-4641-9748-9f6ebdcc8f27-23456247935296","trial_id":49,"param_name":"ratio","param_value_internal":5.909234496925591,"distribution":"{\"name\": \"FloatDistribution\", \"attributes\": {\"step\": null, \"low\": 0.1, \"high\": 100.0, \"log\": true}}"}
{"op_code":6,"worker_id":"dd8e8fd9-060b-4641-9748-9f6ebdcc8f27-23456247935296","trial_id":49,"state":3,"values":null,"datetime_complete":"2026-07-24T13:26:54.384190"}
{"op_code":0,"worker_id":"af4c1122-bbf8-4b5e-94bb-a18841b11409-23456247935296","study_name":"peter_bbc_k3","directions":[2]}
{"op_code":4,"worker_id":"af4c1122-bbf8-4b5e-94bb-a18841b11409-23456247935296","study_id":0,"datetime_start":"2026-07-24T13:29:48.470579"}
{"op_code":9,"worker_id":"af4c1122-bbf8-4b5e-94bb-a18841b11409-23456247935296","trial_id":50,"system_attr":{"tpe:relative_params:0":"{\"lr\": 0.030522021306806205, \"ratio\": 2.125336522384001}"}}
{"op_code":5,"worker_id":"af4c1122-bbf8-4b5e-94bb-a18841b11409-23456247935296","trial_id":50,"param_name":"lr","param_value_internal":0.030522021306806205,"distribution":"{\"name\": \"FloatDistribution\", \"attributes\": {\"step\": null, \"low\": 1e-08, \"high\": 0.5, \"log\": true}}"}
{"op_code":5,"worker_id":"af4c1122-bbf8-4b5e-94bb-a18841b11409-23456247935296","trial_id":50,"param_name":"ratio","param_value_internal":2.125336522384001,"distribution":"{\"name\": \"FloatDistribution\", \"attributes\": {\"step\": null, \"low\": 0.1, \"high\": 100.0, \"log\": true}}"}
{"op_code":6,"worker_id":"af4c1122-bbf8-4b5e-94bb-a18841b11409-23456247935296","trial_id":50,"state":3,"values":null,"datetime_complete":"2026-07-24T13:31:07.652091"}
{"op_code":0,"worker_id":"06f2ed43-58f2-44ca-b036-f1a02c544106-23456247935296","study_name":"peter_bbc_k3","directions":[2]}
{"op_code":4,"worker_id":"06f2ed43-58f2-44ca-b036-f1a02c544106-23456247935296","study_id":0,"datetime_start":"2026-07-24T13:33:29.226979"}
{"op_code":9,"worker_id":"06f2ed43-58f2-44ca-b036-f1a02c544106-23456247935296","trial_id":51,"system_attr":{"tpe:relative_params:0":"{\"lr\": 0.2600939149926031, \"ratio\": 3.071408490735063}"}}
{"op_code":5,"worker_id":"06f2ed43-58f2-44ca-b036-f1a02c544106-23456247935296","trial_id":51,"param_name":"lr","param_value_internal":0.2600939149926031,"distribution":"{\"name\": \"FloatDistribution\", \"attributes\": {\"step\": null, \"low\": 1e-08, \"high\": 0.5, \"log\": true}}"}
{"op_code":5,"worker_id":"06f2ed43-58f2-44ca-b036-f1a02c544106-23456247935296","trial_id":51,"param_name":"ratio","param_value_internal":3.071408490735063,"distribution":"{\"name\": \"FloatDistribution\", \"attributes\": {\"step\": null, \"low\": 0.1, \"high\": 100.0, \"log\": true}}"}
{"op_code":6,"worker_id":"06f2ed43-58f2-44ca-b036-f1a02c544106-23456247935296","trial_id":51,"state":3,"values":null,"datetime_complete":"2026-07-24T13:34:37.156793"}
{"op_code":0,"worker_id":"f0e7ceba-d875-4644-b84b-684e2bc8292b-23456247935296","study_name":"peter_bbc_k3","directions":[2]}
{"op_code":4,"worker_id":"f0e7ceba-d875-4644-b84b-684e2bc8292b-23456247935296","study_id":0,"datetime_start":"2026-07-24T13:36:22.965470"}
{"op_code":9,"worker_id":"f0e7ceba-d875-4644-b84b-684e2bc8292b-23456247935296","trial_id":52,"system_attr":{"tpe:relative_params:0":"{\"lr\": 0.09962887682103341, \"ratio\": 0.5206873845613764}"}}
{"op_code":5,"worker_id":"f0e7ceba-d875-4644-b84b-684e2bc8292b-23456247935296","trial_id":52,"param_name":"lr","param_value_internal":0.09962887682103341,"distribution":"{\"name\": \"FloatDistribution\", \"attributes\": {\"step\": null, \"low\": 1e-08, \"high\": 0.5, \"log\": true}}"}
{"op_code":5,"worker_id":"f0e7ceba-d875-4644-b84b-684e2bc8292b-23456247935296","trial_id":52,"param_name":"ratio","param_value_internal":0.5206873845613764,"distribution":"{\"name\": \"FloatDistribution\", \"attributes\": {\"step\": null, \"low\": 0.1, \"high\": 100.0, \"log\": true}}"}
{"op_code":6,"worker_id":"f0e7ceba-d875-4644-b84b-684e2bc8292b-23456247935296","trial_id":52,"state":3,"values":null,"datetime_complete":"2026-07-24T13:37:45.464333"}
{"op_code":0,"worker_id":"2db5775a-4b59-4f6f-90d2-93daf938a204-23456247935296","study_name":"peter_bbc_k3","directions":[2]}
{"op_code":0,"worker_id":"092b4d41-fd52-4671-a1c3-596d53d3c3dc-23456247935296","study_name":"peter_bbc_k3","directions":[2]}
