{"op_code":0,"worker_id":"207d7faa-493e-4ddf-9db2-1618e9955d1c-20268","study_name":"peter_jester_k3","directions":[2]}
{"op_code":0,"worker_id":"f4ff3c17-f609-4557-8400-9003c035da5c-33256","study_name":"peter_jester_k3","directions":[2]}
{"op_code":4,"worker_id":"f4ff3c17-f609-4557-8400-9003c035da5c-33256","study_id":0,"datetime_start":"2026-07-24T09:13:00.410993"}
{"op_code":5,"worker_id":"f4ff3c17-f609-4557-8400-9003c035da5c-33256","trial_id":0,"param_name":"lr","param_value_internal":0.0020027002728890426,"distribution":"{\"name\": \"FloatDistribution\", \"attributes\": {\"step\": null, \"low\": 1e-08, \"high\": 0.5, \"log\": true}}"}
{"op_code":5,"worker_id":"f4ff3c17-f609-4557-8400-9003c035da5c-33256","trial_id":0,"param_name":"ratio","param_value_internal":0.20268262090690872,"distribution":"{\"name\": \"FloatDistribution\", \"attributes\": {\"step\": null, \"low\": 0.1, \"high\": 100.0, \"log\": true}}"}
{"op_code":0,"worker_id":"b5136f0d-4cf3-4f71-b8ee-3d34953235c0-22708","study_name":"peter_jester_k3","directions":[2]}
{"op_code":4,"worker_id":"b5136f0d-4cf3-4f71-b8ee-3d34953235c0-22708","study_id":0,"datetime_start":"2026-07-24T09:13:01.452320"}
{"op_code":5,"worker_id":"b5136f0d-4cf3-4f71-b8ee-3d34953235c0-22708","trial_id":1,"param_name":"lr","param_value_internal":0.36045390104657815,"distribution":"{\"name\": \"FloatDistribution\", \"attributes\": {\"step\": null, \"low\": 1e-08, \"high\": 0.5, \"log\": true}}"}
{"op_code":5,"worker_id":"b5136f0d-4cf3-4f71-b8ee-3d34953235c0-22708","trial_id":1,"param_name":"ratio","param_value_internal":0.7476602375577133,"distribution":"{\"name\": \"FloatDistribution\", \"attributes\": {\"step\": null, \"low\": 0.1, \"high\": 100.0, \"log\": true}}"}
{"op_code":0,"worker_id":"24e0f95d-4e6a-4de4-a984-4df40300e316-31232","study_name":"peter_jester_k3","directions":[2]}
{"op_code":0,"worker_id":"cc4812ed-d002-41ba-9a3d-b11f5a136424-23456247935296","study_name":"peter_jester_k3","directions":[2]}
{"op_code":0,"worker_id":"27964a7a-9256-4903-b464-9b0fccbfedaa-23456247935296","study_name":"peter_jester_k3","directions":[2]}
{"op_code":4,"worker_id":"27964a7a-9256-4903-b464-9b0fccbfedaa-23456247935296","study_id":0,"datetime_start":"2026-07-24T10:21:57.229912"}
{"op_code":5,"worker_id":"27964a7a-9256-4903-b464-9b0fccbfedaa-23456247935296","trial_id":2,"param_name":"lr","param_value_internal":1.2773859520404604e-08,"distribution":"{\"name\": \"FloatDistribution\", \"attributes\": {\"step\": null, \"low\": 1e-08, \"high\": 0.5, \"log\": true}}"}
{"op_code":5,"worker_id":"27964a7a-9256-4903-b464-9b0fccbfedaa-23456247935296","trial_id":2,"param_name":"ratio","param_value_internal":0.1101393933210444,"distribution":"{\"name\": \"FloatDistribution\", \"attributes\": {\"step\": null, \"low\": 0.1, \"high\": 100.0, \"log\": true}}"}
{"op_code":0,"worker_id":"09b53007-9d97-4bef-9039-d2124947f7b7-23456247935296","study_name":"peter_jester_k3","directions":[2]}
{"op_code":4,"worker_id":"09b53007-9d97-4bef-9039-d2124947f7b7-23456247935296","study_id":0,"datetime_start":"2026-07-24T10:22:39.335789"}
{"op_code":5,"worker_id":"09b53007-9d97-4bef-9039-d2124947f7b7-23456247935296","trial_id":3,"param_name":"lr","param_value_internal":0.11563790418732005,"distribution":"{\"name\": \"FloatDistribution\", \"attributes\": {\"step\": null, \"low\": 1e-08, \"high\": 0.5, \"log\": true}}"}
{"op_code":5,"worker_id":"09b53007-9d97-4bef-9039-d2124947f7b7-23456247935296","trial_id":3,"param_name":"ratio","param_value_internal":0.5274188979520688,"distribution":"{\"name\": \"FloatDistribution\", \"attributes\": {\"step\": null, \"low\": 0.1, \"high\": 100.0, \"log\": true}}"}
{"op_code":6,"worker_id":"27964a7a-9256-4903-b464-9b0fccbfedaa-23456247935296","trial_id":2,"state":1,"values":[-61.33830479974519],"datetime_complete":"2026-07-24T10:23:30.614737"}
{"op_code":6,"worker_id":"09b53007-9d97-4bef-9039-d2124947f7b7-23456247935296","trial_id":3,"state":1,"values":[-62.089387888134844],"datetime_complete":"2026-07-24T10:24:32.442584"}
{"op_code":0,"worker_id":"52043a00-a163-43f4-9924-223ba253f299-23456247935296","study_name":"peter_jester_k3","directions":[2]}
{"op_code":4,"worker_id":"52043a00-a163-43f4-9924-223ba253f299-23456247935296","study_id":0,"datetime_start":"2026-07-24T10:26:00.568941"}
{"op_code":5,"worker_id":"52043a00-a163-43f4-9924-223ba253f299-23456247935296","trial_id":4,"param_name":"lr","param_value_internal":0.006994044826375915,"distribution":"{\"name\": \"FloatDistribution\", \"attributes\": {\"step\": null, \"low\": 1e-08, \"high\": 0.5, \"log\": true}}"}
{"op_code":5,"worker_id":"52043a00-a163-43f4-9924-223ba253f299-23456247935296","trial_id":4,"param_name":"ratio","param_value_internal":4.69788503233706,"distribution":"{\"name\": \"FloatDistribution\", \"attributes\": {\"step\": null, \"low\": 0.1, \"high\": 100.0, \"log\": true}}"}
{"op_code":6,"worker_id":"52043a00-a163-43f4-9924-223ba253f299-23456247935296","trial_id":4,"state":1,"values":[-60.71827226403922],"datetime_complete":"2026-07-24T10:27:35.638503"}
{"op_code":0,"worker_id":"9db782f3-56b9-41c0-b8f5-1c24508cf1af-23456247935296","study_name":"peter_jester_k3","directions":[2]}
{"op_code":4,"worker_id":"9db782f3-56b9-41c0-b8f5-1c24508cf1af-23456247935296","study_id":0,"datetime_start":"2026-07-24T10:29:29.417437"}
{"op_code":5,"worker_id":"9db782f3-56b9-41c0-b8f5-1c24508cf1af-23456247935296","trial_id":5,"param_name":"lr","param_value_internal":6.267841443614621e-05,"distribution":"{\"name\": \"FloatDistribution\", \"attributes\": {\"step\": null, \"low\": 1e-08, \"high\": 0.5, \"log\": true}}"}
{"op_code":5,"worker_id":"9db782f3-56b9-41c0-b8f5-1c24508cf1af-23456247935296","trial_id":5,"param_name":"ratio","param_value_internal":0.2015701444279156,"distribution":"{\"name\": \"FloatDistribution\", \"attributes\": {\"step\": null, \"low\": 0.1, \"high\": 100.0, \"log\": true}}"}
{"op_code":6,"worker_id":"9db782f3-56b9-41c0-b8f5-1c24508cf1af-23456247935296","trial_id":5,"state":1,"values":[-61.34043249514262],"datetime_complete":"2026-07-24T10:31:22.965763"}
{"op_code":0,"worker_id":"1e949376-da9e-4362-b7e3-9a562f6b4252-23456247935296","study_name":"peter_jester_k3","directions":[2]}
{"op_code":4,"worker_id":"1e949376-da9e-4362-b7e3-9a562f6b4252-23456247935296","study_id":0,"datetime_start":"2026-07-24T10:33:06.589385"}
{"op_code":5,"worker_id":"1e949376-da9e-4362-b7e3-9a562f6b4252-23456247935296","trial_id":6,"param_name":"lr","param_value_internal":2.9534719804749317e-08,"distribution":"{\"name\": \"FloatDistribution\", \"attributes\": {\"step\": null, \"low\": 1e-08, \"high\": 0.5, \"log\": true}}"}
{"op_code":5,"worker_id":"1e949376-da9e-4362-b7e3-9a562f6b4252-23456247935296","trial_id":6,"param_name":"ratio","param_value_internal":13.280807003224497,"distribution":"{\"name\": \"FloatDistribution\", \"attributes\": {\"step\": null, \"low\": 0.1, \"high\": 100.0, \"log\": true}}"}
{"op_code":6,"worker_id":"1e949376-da9e-4362-b7e3-9a562f6b4252-23456247935296","trial_id":6,"state":1,"values":[-61.33830545835749],"datetime_complete":"2026-07-24T10:35:00.095680"}
{"op_code":0,"worker_id":"c25294b5-6b00-42df-b45c-293ea00c33a9-23456247935296","study_name":"peter_jester_k3","directions":[2]}
{"op_code":4,"worker_id":"c25294b5-6b00-42df-b45c-293ea00c33a9-23456247935296","study_id":0,"datetime_start":"2026-07-24T10:36:27.749319"}
{"op_code":5,"worker_id":"c25294b5-6b00-42df-b45c-293ea00c33a9-23456247935296","trial_id":7,"param_name":"lr","param_value_internal":3.686900632658395e-08,"distribution":"{\"name\": \"FloatDistribution\", \"attributes\": {\"step\": null, \"low\": 1e-08, \"high\": 0.5, \"log\": true}}"}
{"op_code":5,"worker_id":"c25294b5-6b00-42df-b45c-293ea00c33a9-23456247935296","trial_id":7,"param_name":"ratio","param_value_internal":0.8432317011527221,"distribution":"{\"name\": \"FloatDistribution\", \"attributes\": {\"step\": null, \"low\": 0.1, \"high\": 100.0, \"log\": true}}"}
{"op_code":6,"worker_id":"c25294b5-6b00-42df-b45c-293ea00c33a9-23456247935296","trial_id":7,"state":1,"values":[-61.33830562590316],"datetime_complete":"2026-07-24T10:38:21.145254"}
{"op_code":0,"worker_id":"121cc1e1-d517-46ab-8db6-77a7061d6c1e-23456247935296","study_name":"peter_jester_k3","directions":[2]}
{"op_code":4,"worker_id":"121cc1e1-d517-46ab-8db6-77a7061d6c1e-23456247935296","study_id":0,"datetime_start":"2026-07-24T10:39:59.034419"}
{"op_code":5,"worker_id":"121cc1e1-d517-46ab-8db6-77a7061d6c1e-23456247935296","trial_id":8,"param_name":"lr","param_value_internal":4.177203442491716e-08,"distribution":"{\"name\": \"FloatDistribution\", \"attributes\": {\"step\": null, \"low\": 1e-08, \"high\": 0.5, \"log\": true}}"}
{"op_code":5,"worker_id":"121cc1e1-d517-46ab-8db6-77a7061d6c1e-23456247935296","trial_id":8,"param_name":"ratio","param_value_internal":14.69671037854513,"distribution":"{\"name\": \"FloatDistribution\", \"attributes\": {\"step\": null, \"low\": 0.1, \"high\": 100.0, \"log\": true}}"}
{"op_code":6,"worker_id":"121cc1e1-d517-46ab-8db6-77a7061d6c1e-23456247935296","trial_id":8,"state":1,"values":[-61.33830593390439],"datetime_complete":"2026-07-24T10:41:52.244307"}
{"op_code":0,"worker_id":"db3ff8fa-1dce-4bf5-835b-696ea5b86f74-23456247935296","study_name":"peter_jester_k3","directions":[2]}
{"op_code":4,"worker_id":"db3ff8fa-1dce-4bf5-835b-696ea5b86f74-23456247935296","study_id":0,"datetime_start":"2026-07-24T10:44:09.211971"}
{"op_code":5,"worker_id":"db3ff8fa-1dce-4bf5-835b-696ea5b86f74-23456247935296","trial_id":9,"param_name":"lr","param_value_internal":7.275594035867177e-05,"distribution":"{\"name\": \"FloatDistribution\", \"attributes\": {\"step\": null, \"low\": 1e-08, \"high\": 0.5, \"log\": true}}"}
{"op_code":5,"worker_id":"db3ff8fa-1dce-4bf5-835b-696ea5b86f74-23456247935296","trial_id":9,"param_name":"ratio","param_value_internal":0.1191930251269909,"distribution":"{\"name\": \"FloatDistribution\", \"attributes\": {\"step\": null, \"low\": 0.1, \"high\": 100.0, \"log\": true}}"}
{"op_code":6,"worker_id":"db3ff8fa-1dce-4bf5-835b-696ea5b86f74-23456247935296","trial_id":9,"state":1,"values":[-61.339984476507276],"datetime_complete":"2026-07-24T10:46:03.201535"}
{"op_code":0,"worker_id":"55623727-7763-485b-a4e4-6256c99f9725-23456247935296","study_name":"peter_jester_k3","directions":[2]}
{"op_code":4,"worker_id":"55623727-7763-485b-a4e4-6256c99f9725-23456247935296","study_id":0,"datetime_start":"2026-07-24T10:48:49.976521"}
{"op_code":5,"worker_id":"55623727-7763-485b-a4e4-6256c99f9725-23456247935296","trial_id":10,"param_name":"lr","param_value_internal":0.08355477158054259,"distribution":"{\"name\": \"FloatDistribution\", \"attributes\": {\"step\": null, \"low\": 1e-08, \"high\": 0.5, \"log\": true}}"}
{"op_code":5,"worker_id":"55623727-7763-485b-a4e4-6256c99f9725-23456247935296","trial_id":10,"param_name":"ratio","param_value_internal":2.3101819358702813,"distribution":"{\"name\": \"FloatDistribution\", \"attributes\": {\"step\": null, \"low\": 0.1, \"high\": 100.0, \"log\": true}}"}
{"op_code":6,"worker_id":"55623727-7763-485b-a4e4-6256c99f9725-23456247935296","trial_id":10,"state":1,"values":[-61.46106743060135],"datetime_complete":"2026-07-24T10:50:45.820114"}
{"op_code":0,"worker_id":"d83a293a-3ca1-4a82-9e1f-cc21519b8340-23456247935296","study_name":"peter_jester_k3","directions":[2]}
{"op_code":4,"worker_id":"d83a293a-3ca1-4a82-9e1f-cc21519b8340-23456247935296","study_id":0,"datetime_start":"2026-07-24T10:53:09.017811"}
{"op_code":5,"worker_id":"d83a293a-3ca1-4a82-9e1f-cc21519b8340-23456247935296","trial_id":11,"param_name":"lr","param_value_internal":0.0021695881807944723,"distribution":"{\"name\": \"FloatDistribution\", \"attributes\": {\"step\": null, \"low\": 1e-08, \"high\": 0.5, \"log\": true}}"}
{"op_code":5,"worker_id":"d83a293a-3ca1-4a82-9e1f-cc21519b8340-23456247935296","trial_id":11,"param_name":"ratio","param_value_internal":0.14029383673112444,"distribution":"{\"name\": \"FloatDistribution\", \"attributes\": {\"step\": null, \"low\": 0.1, \"high\": 100.0, \"log\": true}}"}
{"op_code":6,"worker_id":"d83a293a-3ca1-4a82-9e1f-cc21519b8340-23456247935296","trial_id":11,"state":1,"values":[-61.19891091157696],"datetime_complete":"2026-07-24T10:54:43.685762"}
{"op_code":0,"worker_id":"86bc9cd6-a02a-43bd-a02f-11161026e4b1-23456247935296","study_name":"peter_jester_k3","directions":[2]}
{"op_code":4,"worker_id":"86bc9cd6-a02a-43bd-a02f-11161026e4b1-23456247935296","study_id":0,"datetime_start":"2026-07-24T10:57:16.607789"}
{"op_code":9,"worker_id":"86bc9cd6-a02a-43bd-a02f-11161026e4b1-23456247935296","trial_id":12,"system_attr":{"tpe:relative_params:0":"{\"lr\": 0.05262482514575696, \"ratio\": 30.994373377879096}"}}
{"op_code":5,"worker_id":"86bc9cd6-a02a-43bd-a02f-11161026e4b1-23456247935296","trial_id":12,"param_name":"lr","param_value_internal":0.05262482514575696,"distribution":"{\"name\": \"FloatDistribution\", \"attributes\": {\"step\": null, \"low\": 1e-08, \"high\": 0.5, \"log\": true}}"}
{"op_code":5,"worker_id":"86bc9cd6-a02a-43bd-a02f-11161026e4b1-23456247935296","trial_id":12,"param_name":"ratio","param_value_internal":30.994373377879096,"distribution":"{\"name\": \"FloatDistribution\", \"attributes\": {\"step\": null, \"low\": 0.1, \"high\": 100.0, \"log\": true}}"}
{"op_code":6,"worker_id":"86bc9cd6-a02a-43bd-a02f-11161026e4b1-23456247935296","trial_id":12,"state":1,"values":[-62.43741064373224],"datetime_complete":"2026-07-24T10:59:02.616454"}
{"op_code":0,"worker_id":"656ede36-9da5-49a5-abb8-d06737fd1532-23456247935296","study_name":"peter_jester_k3","directions":[2]}
{"op_code":4,"worker_id":"656ede36-9da5-49a5-abb8-d06737fd1532-23456247935296","study_id":0,"datetime_start":"2026-07-24T11:02:23.309282"}
{"op_code":9,"worker_id":"656ede36-9da5-49a5-abb8-d06737fd1532-23456247935296","trial_id":13,"system_attr":{"tpe:relative_params:0":"{\"lr\": 0.0001442083607498699, \"ratio\": 16.406261951180024}"}}
{"op_code":5,"worker_id":"656ede36-9da5-49a5-abb8-d06737fd1532-23456247935296","trial_id":13,"param_name":"lr","param_value_internal":0.0001442083607498699,"distribution":"{\"name\": \"FloatDistribution\", \"attributes\": {\"step\": null, \"low\": 1e-08, \"high\": 0.5, \"log\": true}}"}
{"op_code":5,"worker_id":"656ede36-9da5-49a5-abb8-d06737fd1532-23456247935296","trial_id":13,"param_name":"ratio","param_value_internal":16.406261951180024,"distribution":"{\"name\": \"FloatDistribution\", \"attributes\": {\"step\": null, \"low\": 0.1, \"high\": 100.0, \"log\": true}}"}
{"op_code":6,"worker_id":"656ede36-9da5-49a5-abb8-d06737fd1532-23456247935296","trial_id":13,"state":1,"values":[-61.199754413879695],"datetime_complete":"2026-07-24T11:04:01.072297"}
{"op_code":0,"worker_id":"20230775-fff7-425d-9184-317a20cb1096-23456247935296","study_name":"peter_jester_k3","directions":[2]}
{"op_code":4,"worker_id":"20230775-fff7-425d-9184-317a20cb1096-23456247935296","study_id":0,"datetime_start":"2026-07-24T11:07:10.951008"}
{"op_code":9,"worker_id":"20230775-fff7-425d-9184-317a20cb1096-23456247935296","trial_id":14,"system_attr":{"tpe:relative_params:0":"{\"lr\": 0.0006473635426845905, \"ratio\": 1.31357870439827}"}}
{"op_code":5,"worker_id":"20230775-fff7-425d-9184-317a20cb1096-23456247935296","trial_id":14,"param_name":"lr","param_value_internal":0.0006473635426845905,"distribution":"{\"name\": \"FloatDistribution\", \"attributes\": {\"step\": null, \"low\": 1e-08, \"high\": 0.5, \"log\": true}}"}
{"op_code":5,"worker_id":"20230775-fff7-425d-9184-317a20cb1096-23456247935296","trial_id":14,"param_name":"ratio","param_value_internal":1.31357870439827,"distribution":"{\"name\": \"FloatDistribution\", \"attributes\": {\"step\": null, \"low\": 0.1, \"high\": 100.0, \"log\": true}}"}
{"op_code":6,"worker_id":"20230775-fff7-425d-9184-317a20cb1096-23456247935296","trial_id":14,"state":1,"values":[-61.11742881517318],"datetime_complete":"2026-07-24T11:09:05.021878"}
{"op_code":0,"worker_id":"e725f8a3-5f35-445b-b099-5268ceb0516a-23456247935296","study_name":"peter_jester_k3","directions":[2]}
{"op_code":4,"worker_id":"e725f8a3-5f35-445b-b099-5268ceb0516a-23456247935296","study_id":0,"datetime_start":"2026-07-24T11:11:43.111553"}
{"op_code":9,"worker_id":"e725f8a3-5f35-445b-b099-5268ceb0516a-23456247935296","trial_id":15,"system_attr":{"tpe:relative_params:0":"{\"lr\": 1.0679188844281591e-05, \"ratio\": 1.8527703922503735}"}}
{"op_code":5,"worker_id":"e725f8a3-5f35-445b-b099-5268ceb0516a-23456247935296","trial_id":15,"param_name":"lr","param_value_internal":1.0679188844281591e-05,"distribution":"{\"name\": \"FloatDistribution\", \"attributes\": {\"step\": null, \"low\": 1e-08, \"high\": 0.5, \"log\": true}}"}
{"op_code":5,"worker_id":"e725f8a3-5f35-445b-b099-5268ceb0516a-23456247935296","trial_id":15,"param_name":"ratio","param_value_internal":1.8527703922503735,"distribution":"{\"name\": \"FloatDistribution\", \"attributes\": {\"step\": null, \"low\": 0.1, \"high\": 100.0, \"log\": true}}"}
{"op_code":6,"worker_id":"e725f8a3-5f35-445b-b099-5268ceb0516a-23456247935296","trial_id":15,"state":1,"values":[-61.33823627290466],"datetime_complete":"2026-07-24T11:13:24.885096"}
{"op_code":0,"worker_id":"4a0aecd8-3621-4a41-bf2c-669cdc3e62e8-23456247935296","study_name":"peter_jester_k3","directions":[2]}
{"op_code":4,"worker_id":"4a0aecd8-3621-4a41-bf2c-669cdc3e62e8-23456247935296","study_id":0,"datetime_start":"2026-07-24T11:16:05.295208"}
{"op_code":9,"worker_id":"4a0aecd8-3621-4a41-bf2c-669cdc3e62e8-23456247935296","trial_id":16,"system_attr":{"tpe:relative_params:0":"{\"lr\": 0.0009476070541868071, \"ratio\": 3.6696996142520395}"}}
{"op_code":5,"worker_id":"4a0aecd8-3621-4a41-bf2c-669cdc3e62e8-23456247935296","trial_id":16,"param_name":"lr","param_value_internal":0.0009476070541868071,"distribution":"{\"name\": \"FloatDistribution\", \"attributes\": {\"step\": null, \"low\": 1e-08, \"high\": 0.5, \"log\": true}}"}
{"op_code":5,"worker_id":"4a0aecd8-3621-4a41-bf2c-669cdc3e62e8-23456247935296","trial_id":16,"param_name":"ratio","param_value_internal":3.6696996142520395,"distribution":"{\"name\": \"FloatDistribution\", \"attributes\": {\"step\": null, \"low\": 0.1, \"high\": 100.0, \"log\": true}}"}
{"op_code":6,"worker_id":"4a0aecd8-3621-4a41-bf2c-669cdc3e62e8-23456247935296","trial_id":16,"state":1,"values":[-60.894549529927495],"datetime_complete":"2026-07-24T11:17:57.727771"}
{"op_code":0,"worker_id":"cd888988-c606-4ebc-ab29-6462183ff827-23456247935296","study_name":"peter_jester_k3","directions":[2]}
{"op_code":4,"worker_id":"cd888988-c606-4ebc-ab29-6462183ff827-23456247935296","study_id":0,"datetime_start":"2026-07-24T11:20:12.712030"}
{"op_code":9,"worker_id":"cd888988-c606-4ebc-ab29-6462183ff827-23456247935296","trial_id":17,"system_attr":{"tpe:relative_params:0":"{\"lr\": 0.0012021005141774565, \"ratio\": 6.8987914138329485}"}}
{"op_code":5,"worker_id":"cd888988-c606-4ebc-ab29-6462183ff827-23456247935296","trial_id":17,"param_name":"lr","param_value_internal":0.0012021005141774565,"distribution":"{\"name\": \"FloatDistribution\", \"attributes\": {\"step\": null, \"low\": 1e-08, \"high\": 0.5, \"log\": true}}"}
{"op_code":5,"worker_id":"cd888988-c606-4ebc-ab29-6462183ff827-23456247935296","trial_id":17,"param_name":"ratio","param_value_internal":6.8987914138329485,"distribution":"{\"name\": \"FloatDistribution\", \"attributes\": {\"step\": null, \"low\": 0.1, \"high\": 100.0, \"log\": true}}"}
{"op_code":6,"worker_id":"cd888988-c606-4ebc-ab29-6462183ff827-23456247935296","trial_id":17,"state":1,"values":[-60.663520428386626],"datetime_complete":"2026-07-24T11:22:08.503003"}
{"op_code":0,"worker_id":"4f5215e2-2022-4be6-ac4b-df4fc33881b5-23456247935296","study_name":"peter_jester_k3","directions":[2]}
{"op_code":4,"worker_id":"4f5215e2-2022-4be6-ac4b-df4fc33881b5-23456247935296","study_id":0,"datetime_start":"2026-07-24T11:24:29.905286"}
{"op_code":9,"worker_id":"4f5215e2-2022-4be6-ac4b-df4fc33881b5-23456247935296","trial_id":18,"system_attr":{"tpe:relative_params:0":"{\"lr\": 1.0921407722990899e-06, \"ratio\": 71.48993826652487}"}}
{"op_code":5,"worker_id":"4f5215e2-2022-4be6-ac4b-df4fc33881b5-23456247935296","trial_id":18,"param_name":"lr","param_value_internal":1.0921407722990899e-06,"distribution":"{\"name\": \"FloatDistribution\", \"attributes\": {\"step\": null, \"low\": 1e-08, \"high\": 0.5, \"log\": true}}"}
{"op_code":5,"worker_id":"4f5215e2-2022-4be6-ac4b-df4fc33881b5-23456247935296","trial_id":18,"param_name":"ratio","param_value_internal":71.48993826652487,"distribution":"{\"name\": \"FloatDistribution\", \"attributes\": {\"step\": null, \"low\": 0.1, \"high\": 100.0, \"log\": true}}"}
{"op_code":6,"worker_id":"4f5215e2-2022-4be6-ac4b-df4fc33881b5-23456247935296","trial_id":18,"state":1,"values":[-61.338266641936194],"datetime_complete":"2026-07-24T11:26:25.789058"}
{"op_code":0,"worker_id":"72beaf49-4bb7-4670-a040-15a4a4d07995-23456247935296","study_name":"peter_jester_k3","directions":[2]}
{"op_code":4,"worker_id":"72beaf49-4bb7-4670-a040-15a4a4d07995-23456247935296","study_id":0,"datetime_start":"2026-07-24T11:27:50.905920"}
{"op_code":9,"worker_id":"72beaf49-4bb7-4670-a040-15a4a4d07995-23456247935296","trial_id":19,"system_attr":{"tpe:relative_params:0":"{\"lr\": 0.0012271969097440664, \"ratio\": 96.6622196658952}"}}
{"op_code":5,"worker_id":"72beaf49-4bb7-4670-a040-15a4a4d07995-23456247935296","trial_id":19,"param_name":"lr","param_value_internal":0.0012271969097440664,"distribution":"{\"name\": \"FloatDistribution\", \"attributes\": {\"step\": null, \"low\": 1e-08, \"high\": 0.5, \"log\": true}}"}
{"op_code":5,"worker_id":"72beaf49-4bb7-4670-a040-15a4a4d07995-23456247935296","trial_id":19,"param_name":"ratio","param_value_internal":96.6622196658952,"distribution":"{\"name\": \"FloatDistribution\", \"attributes\": {\"step\": null, \"low\": 0.1, \"high\": 100.0, \"log\": true}}"}
{"op_code":6,"worker_id":"72beaf49-4bb7-4670-a040-15a4a4d07995-23456247935296","trial_id":19,"state":1,"values":[-61.45822955631665],"datetime_complete":"2026-07-24T11:29:41.693550"}
{"op_code":0,"worker_id":"a86b8ef1-dbdf-4486-a7cc-d8f46d83c4df-23456247935296","study_name":"peter_jester_k3","directions":[2]}
{"op_code":4,"worker_id":"a86b8ef1-dbdf-4486-a7cc-d8f46d83c4df-23456247935296","study_id":0,"datetime_start":"2026-07-24T11:32:53.964112"}
{"op_code":9,"worker_id":"a86b8ef1-dbdf-4486-a7cc-d8f46d83c4df-23456247935296","trial_id":20,"system_attr":{"tpe:relative_params:0":"{\"lr\": 0.010596557585965732, \"ratio\": 9.057495672540854}"}}
{"op_code":5,"worker_id":"a86b8ef1-dbdf-4486-a7cc-d8f46d83c4df-23456247935296","trial_id":20,"param_name":"lr","param_value_internal":0.010596557585965732,"distribution":"{\"name\": \"FloatDistribution\", \"attributes\": {\"step\": null, \"low\": 1e-08, \"high\": 0.5, \"log\": true}}"}
{"op_code":5,"worker_id":"a86b8ef1-dbdf-4486-a7cc-d8f46d83c4df-23456247935296","trial_id":20,"param_name":"ratio","param_value_internal":9.057495672540854,"distribution":"{\"name\": \"FloatDistribution\", \"attributes\": {\"step\": null, \"low\": 0.1, \"high\": 100.0, \"log\": true}}"}
{"op_code":6,"worker_id":"a86b8ef1-dbdf-4486-a7cc-d8f46d83c4df-23456247935296","trial_id":20,"state":1,"values":[-61.527552819172094],"datetime_complete":"2026-07-24T11:34:46.407202"}
{"op_code":0,"worker_id":"9c3f810d-7a65-47bb-8cb3-4b37b0abd444-23456247935296","study_name":"peter_jester_k3","directions":[2]}
{"op_code":4,"worker_id":"9c3f810d-7a65-47bb-8cb3-4b37b0abd444-23456247935296","study_id":0,"datetime_start":"2026-07-24T11:37:49.172809"}
{"op_code":9,"worker_id":"9c3f810d-7a65-47bb-8cb3-4b37b0abd444-23456247935296","trial_id":21,"system_attr":{"tpe:relative_params:0":"{\"lr\": 3.3867599085573094e-05, \"ratio\": 5.2371791330499144}"}}
{"op_code":5,"worker_id":"9c3f810d-7a65-47bb-8cb3-4b37b0abd444-23456247935296","trial_id":21,"param_name":"lr","param_value_internal":3.3867599085573094e-05,"distribution":"{\"name\": \"FloatDistribution\", \"attributes\": {\"step\": null, \"low\": 1e-08, \"high\": 0.5, \"log\": true}}"}
{"op_code":5,"worker_id":"9c3f810d-7a65-47bb-8cb3-4b37b0abd444-23456247935296","trial_id":21,"param_name":"ratio","param_value_internal":5.2371791330499144,"distribution":"{\"name\": \"FloatDistribution\", \"attributes\": {\"step\": null, \"low\": 0.1, \"high\": 100.0, \"log\": true}}"}
{"op_code":6,"worker_id":"9c3f810d-7a65-47bb-8cb3-4b37b0abd444-23456247935296","trial_id":21,"state":1,"values":[-61.33373550148907],"datetime_complete":"2026-07-24T11:39:40.816461"}
{"op_code":0,"worker_id":"3369bfe5-4910-40ca-8f20-623dd495d646-23456247935296","study_name":"peter_jester_k3","directions":[2]}
{"op_code":4,"worker_id":"3369bfe5-4910-40ca-8f20-623dd495d646-23456247935296","study_id":0,"datetime_start":"2026-07-24T11:41:39.160231"}
{"op_code":9,"worker_id":"3369bfe5-4910-40ca-8f20-623dd495d646-23456247935296","trial_id":22,"system_attr":{"tpe:relative_params:0":"{\"lr\": 0.0056760404067731805, \"ratio\": 15.016682726191439}"}}
{"op_code":5,"worker_id":"3369bfe5-4910-40ca-8f20-623dd495d646-23456247935296","trial_id":22,"param_name":"lr","param_value_internal":0.0056760404067731805,"distribution":"{\"name\": \"FloatDistribution\", \"attributes\": {\"step\": null, \"low\": 1e-08, \"high\": 0.5, \"log\": true}}"}
{"op_code":5,"worker_id":"3369bfe5-4910-40ca-8f20-623dd495d646-23456247935296","trial_id":22,"param_name":"ratio","param_value_internal":15.016682726191439,"distribution":"{\"name\": \"FloatDistribution\", \"attributes\": {\"step\": null, \"low\": 0.1, \"high\": 100.0, \"log\": true}}"}
{"op_code":6,"worker_id":"3369bfe5-4910-40ca-8f20-623dd495d646-23456247935296","trial_id":22,"state":1,"values":[-61.46668630306933],"datetime_complete":"2026-07-24T11:43:30.115556"}
{"op_code":0,"worker_id":"47305105-fa67-49bc-94ac-daf5ed8c239d-23456247935296","study_name":"peter_jester_k3","directions":[2]}
{"op_code":4,"worker_id":"47305105-fa67-49bc-94ac-daf5ed8c239d-23456247935296","study_id":0,"datetime_start":"2026-07-24T11:44:57.189345"}
{"op_code":9,"worker_id":"47305105-fa67-49bc-94ac-daf5ed8c239d-23456247935296","trial_id":23,"system_attr":{"tpe:relative_params:0":"{\"lr\": 0.002143261750171286, \"ratio\": 2.389655857041302}"}}
{"op_code":5,"worker_id":"47305105-fa67-49bc-94ac-daf5ed8c239d-23456247935296","trial_id":23,"param_name":"lr","param_value_internal":0.002143261750171286,"distribution":"{\"name\": \"FloatDistribution\", \"attributes\": {\"step\": null, \"low\": 1e-08, \"high\": 0.5, \"log\": true}}"}
{"op_code":5,"worker_id":"47305105-fa67-49bc-94ac-daf5ed8c239d-23456247935296","trial_id":23,"param_name":"ratio","param_value_internal":2.389655857041302,"distribution":"{\"name\": \"FloatDistribution\", \"attributes\": {\"step\": null, \"low\": 0.1, \"high\": 100.0, \"log\": true}}"}
{"op_code":6,"worker_id":"47305105-fa67-49bc-94ac-daf5ed8c239d-23456247935296","trial_id":23,"state":1,"values":[-60.7101708196883],"datetime_complete":"2026-07-24T11:46:47.260209"}
{"op_code":0,"worker_id":"f7e58ea5-ff79-4d0e-af6f-9dfab848f6d9-23456247935296","study_name":"peter_jester_k3","directions":[2]}
{"op_code":4,"worker_id":"f7e58ea5-ff79-4d0e-af6f-9dfab848f6d9-23456247935296","study_id":0,"datetime_start":"2026-07-24T11:48:23.694159"}
{"op_code":9,"worker_id":"f7e58ea5-ff79-4d0e-af6f-9dfab848f6d9-23456247935296","trial_id":24,"system_attr":{"tpe:relative_params:0":"{\"lr\": 0.011204100710614551, \"ratio\": 4.550858666566671}"}}
{"op_code":5,"worker_id":"f7e58ea5-ff79-4d0e-af6f-9dfab848f6d9-23456247935296","trial_id":24,"param_name":"lr","param_value_internal":0.011204100710614551,"distribution":"{\"name\": \"FloatDistribution\", \"attributes\": {\"step\": null, \"low\": 1e-08, \"high\": 0.5, \"log\": true}}"}
{"op_code":5,"worker_id":"f7e58ea5-ff79-4d0e-af6f-9dfab848f6d9-23456247935296","trial_id":24,"param_name":"ratio","param_value_internal":4.550858666566671,"distribution":"{\"name\": \"FloatDistribution\", \"attributes\": {\"step\": null, \"low\": 0.1, \"high\": 100.0, \"log\": true}}"}
{"op_code":6,"worker_id":"f7e58ea5-ff79-4d0e-af6f-9dfab848f6d9-23456247935296","trial_id":24,"state":1,"values":[-61.17374919112764],"datetime_complete":"2026-07-24T11:50:16.858455"}
{"op_code":0,"worker_id":"cc8e37ac-8975-49a5-b1de-bdbe322b2849-23456247935296","study_name":"peter_jester_k3","directions":[2]}
{"op_code":4,"worker_id":"cc8e37ac-8975-49a5-b1de-bdbe322b2849-23456247935296","study_id":0,"datetime_start":"2026-07-24T11:52:02.352267"}
{"op_code":9,"worker_id":"cc8e37ac-8975-49a5-b1de-bdbe322b2849-23456247935296","trial_id":25,"system_attr":{"tpe:relative_params:0":"{\"lr\": 0.44841813352772114, \"ratio\": 6.729483294591247}"}}
{"op_code":5,"worker_id":"cc8e37ac-8975-49a5-b1de-bdbe322b2849-23456247935296","trial_id":25,"param_name":"lr","param_value_internal":0.44841813352772114,"distribution":"{\"name\": \"FloatDistribution\", \"attributes\": {\"step\": null, \"low\": 1e-08, \"high\": 0.5, \"log\": true}}"}
{"op_code":5,"worker_id":"cc8e37ac-8975-49a5-b1de-bdbe322b2849-23456247935296","trial_id":25,"param_name":"ratio","param_value_internal":6.729483294591247,"distribution":"{\"name\": \"FloatDistribution\", \"attributes\": {\"step\": null, \"low\": 0.1, \"high\": 100.0, \"log\": true}}"}
{"op_code":6,"worker_id":"cc8e37ac-8975-49a5-b1de-bdbe322b2849-23456247935296","trial_id":25,"state":3,"values":null,"datetime_complete":"2026-07-24T11:52:13.774263"}
{"op_code":0,"worker_id":"f774fd15-2bf3-4045-84fd-904190335493-23456247935296","study_name":"peter_jester_k3","directions":[2]}
{"op_code":4,"worker_id":"f774fd15-2bf3-4045-84fd-904190335493-23456247935296","study_id":0,"datetime_start":"2026-07-24T11:55:07.988479"}
{"op_code":9,"worker_id":"f774fd15-2bf3-4045-84fd-904190335493-23456247935296","trial_id":26,"system_attr":{"tpe:relative_params:0":"{\"lr\": 0.0011517086991637063, \"ratio\": 1.624688217667492}"}}
{"op_code":5,"worker_id":"f774fd15-2bf3-4045-84fd-904190335493-23456247935296","trial_id":26,"param_name":"lr","param_value_internal":0.0011517086991637063,"distribution":"{\"name\": \"FloatDistribution\", \"attributes\": {\"step\": null, \"low\": 1e-08, \"high\": 0.5, \"log\": true}}"}
{"op_code":5,"worker_id":"f774fd15-2bf3-4045-84fd-904190335493-23456247935296","trial_id":26,"param_name":"ratio","param_value_internal":1.624688217667492,"distribution":"{\"name\": \"FloatDistribution\", \"attributes\": {\"step\": null, \"low\": 0.1, \"high\": 100.0, \"log\": true}}"}
{"op_code":6,"worker_id":"f774fd15-2bf3-4045-84fd-904190335493-23456247935296","trial_id":26,"state":1,"values":[-60.95340326312368],"datetime_complete":"2026-07-24T11:56:58.136865"}
{"op_code":0,"worker_id":"a7ca2664-88f5-4798-b0ca-3f138080e2c2-23456247935296","study_name":"peter_jester_k3","directions":[2]}
{"op_code":4,"worker_id":"a7ca2664-88f5-4798-b0ca-3f138080e2c2-23456247935296","study_id":0,"datetime_start":"2026-07-24T11:59:29.366660"}
{"op_code":9,"worker_id":"a7ca2664-88f5-4798-b0ca-3f138080e2c2-23456247935296","trial_id":27,"system_attr":{"tpe:relative_params:0":"{\"lr\": 0.42183990304481345, \"ratio\": 11.032220913596442}"}}
{"op_code":5,"worker_id":"a7ca2664-88f5-4798-b0ca-3f138080e2c2-23456247935296","trial_id":27,"param_name":"lr","param_value_internal":0.42183990304481345,"distribution":"{\"name\": \"FloatDistribution\", \"attributes\": {\"step\": null, \"low\": 1e-08, \"high\": 0.5, \"log\": true}}"}
{"op_code":5,"worker_id":"a7ca2664-88f5-4798-b0ca-3f138080e2c2-23456247935296","trial_id":27,"param_name":"ratio","param_value_internal":11.032220913596442,"distribution":"{\"name\": \"FloatDistribution\", \"attributes\": {\"step\": null, \"low\": 0.1, \"high\": 100.0, \"log\": true}}"}
{"op_code":6,"worker_id":"a7ca2664-88f5-4798-b0ca-3f138080e2c2-23456247935296","trial_id":27,"state":1,"values":[-64.62002717783932],"datetime_complete":"2026-07-24T12:01:25.688055"}
{"op_code":0,"worker_id":"08ae62b5-c5d5-4759-954c-55eab35df651-23456247935296","study_name":"peter_jester_k3","directions":[2]}
{"op_code":4,"worker_id":"08ae62b5-c5d5-4759-954c-55eab35df651-23456247935296","study_id":0,"datetime_start":"2026-07-24T12:02:26.077897"}
{"op_code":9,"worker_id":"08ae62b5-c5d5-4759-954c-55eab35df651-23456247935296","trial_id":28,"system_attr":{"tpe:relative_params:0":"{\"lr\": 0.0011480786558305772, \"ratio\": 9.234225610906252}"}}
{"op_code":5,"worker_id":"08ae62b5-c5d5-4759-954c-55eab35df651-23456247935296","trial_id":28,"param_name":"lr","param_value_internal":0.0011480786558305772,"distribution":"{\"name\": \"FloatDistribution\", \"attributes\": {\"step\": null, \"low\": 1e-08, \"high\": 0.5, \"log\": true}}"}
{"op_code":5,"worker_id":"08ae62b5-c5d5-4759-954c-55eab35df651-23456247935296","trial_id":28,"param_name":"ratio","param_value_internal":9.234225610906252,"distribution":"{\"name\": \"FloatDistribution\", \"attributes\": {\"step\": null, \"low\": 0.1, \"high\": 100.0, \"log\": true}}"}
{"op_code":6,"worker_id":"08ae62b5-c5d5-4759-954c-55eab35df651-23456247935296","trial_id":28,"state":1,"values":[-60.65879229223009],"datetime_complete":"2026-07-24T12:04:21.744648"}
{"op_code":0,"worker_id":"5fc07036-d809-4c4b-b2f7-93447b6398b5-23456247935296","study_name":"peter_jester_k3","directions":[2]}
{"op_code":4,"worker_id":"5fc07036-d809-4c4b-b2f7-93447b6398b5-23456247935296","study_id":0,"datetime_start":"2026-07-24T12:06:42.514754"}
{"op_code":9,"worker_id":"5fc07036-d809-4c4b-b2f7-93447b6398b5-23456247935296","trial_id":29,"system_attr":{"tpe:relative_params:0":"{\"lr\": 1.96867167620089e-05, \"ratio\": 15.243433600652924}"}}
{"op_code":5,"worker_id":"5fc07036-d809-4c4b-b2f7-93447b6398b5-23456247935296","trial_id":29,"param_name":"lr","param_value_internal":1.96867167620089e-05,"distribution":"{\"name\": \"FloatDistribution\", \"attributes\": {\"step\": null, \"low\": 1e-08, \"high\": 0.5, \"log\": true}}"}
{"op_code":5,"worker_id":"5fc07036-d809-4c4b-b2f7-93447b6398b5-23456247935296","trial_id":29,"param_name":"ratio","param_value_internal":15.243433600652924,"distribution":"{\"name\": \"FloatDistribution\", \"attributes\": {\"step\": null, \"low\": 0.1, \"high\": 100.0, \"log\": true}}"}
{"op_code":6,"worker_id":"5fc07036-d809-4c4b-b2f7-93447b6398b5-23456247935296","trial_id":29,"state":1,"values":[-61.33352450987498],"datetime_complete":"2026-07-24T12:08:33.816202"}
{"op_code":0,"worker_id":"03de50bf-b103-4265-8056-85d0cdba0774-23456247935296","study_name":"peter_jester_k3","directions":[2]}
{"op_code":4,"worker_id":"03de50bf-b103-4265-8056-85d0cdba0774-23456247935296","study_id":0,"datetime_start":"2026-07-24T12:10:36.537470"}
{"op_code":9,"worker_id":"03de50bf-b103-4265-8056-85d0cdba0774-23456247935296","trial_id":30,"system_attr":{"tpe:relative_params:0":"{\"lr\": 0.0005978835489226772, \"ratio\": 11.846101823719621}"}}
{"op_code":5,"worker_id":"03de50bf-b103-4265-8056-85d0cdba0774-23456247935296","trial_id":30,"param_name":"lr","param_value_internal":0.0005978835489226772,"distribution":"{\"name\": \"FloatDistribution\", \"attributes\": {\"step\": null, \"low\": 1e-08, \"high\": 0.5, \"log\": true}}"}
{"op_code":5,"worker_id":"03de50bf-b103-4265-8056-85d0cdba0774-23456247935296","trial_id":30,"param_name":"ratio","param_value_internal":11.846101823719621,"distribution":"{\"name\": \"FloatDistribution\", \"attributes\": {\"step\": null, \"low\": 0.1, \"high\": 100.0, \"log\": true}}"}
{"op_code":6,"worker_id":"03de50bf-b103-4265-8056-85d0cdba0774-23456247935296","trial_id":30,"state":1,"values":[-60.842784316176676],"datetime_complete":"2026-07-24T12:12:29.144710"}
{"op_code":0,"worker_id":"c0ad4d6c-71d4-4373-9049-304f041cff54-23456247935296","study_name":"peter_jester_k3","directions":[2]}
{"op_code":4,"worker_id":"c0ad4d6c-71d4-4373-9049-304f041cff54-23456247935296","study_id":0,"datetime_start":"2026-07-24T12:14:13.785525"}
{"op_code":9,"worker_id":"c0ad4d6c-71d4-4373-9049-304f041cff54-23456247935296","trial_id":31,"system_attr":{"tpe:relative_params:0":"{\"lr\": 0.00011219438830115499, \"ratio\": 6.107498520281402}"}}
{"op_code":5,"worker_id":"c0ad4d6c-71d4-4373-9049-304f041cff54-23456247935296","trial_id":31,"param_name":"lr","param_value_internal":0.00011219438830115499,"distribution":"{\"name\": \"FloatDistribution\", \"attributes\": {\"step\": null, \"low\": 1e-08, \"high\": 0.5, \"log\": true}}"}
{"op_code":5,"worker_id":"c0ad4d6c-71d4-4373-9049-304f041cff54-23456247935296","trial_id":31,"param_name":"ratio","param_value_internal":6.107498520281402,"distribution":"{\"name\": \"FloatDistribution\", \"attributes\": {\"step\": null, \"low\": 0.1, \"high\": 100.0, \"log\": true}}"}
{"op_code":6,"worker_id":"c0ad4d6c-71d4-4373-9049-304f041cff54-23456247935296","trial_id":31,"state":1,"values":[-61.277905260182486],"datetime_complete":"2026-07-24T12:16:44.198181"}
{"op_code":0,"worker_id":"fb1eb714-3245-4bb8-bd86-1cbf28e3ae15-23456247935296","study_name":"peter_jester_k3","directions":[2]}
{"op_code":4,"worker_id":"fb1eb714-3245-4bb8-bd86-1cbf28e3ae15-23456247935296","study_id":0,"datetime_start":"2026-07-24T12:17:49.214851"}
{"op_code":9,"worker_id":"fb1eb714-3245-4bb8-bd86-1cbf28e3ae15-23456247935296","trial_id":32,"system_attr":{"tpe:relative_params:0":"{\"lr\": 0.001055696238132857, \"ratio\": 2.4102324037942346}"}}
{"op_code":5,"worker_id":"fb1eb714-3245-4bb8-bd86-1cbf28e3ae15-23456247935296","trial_id":32,"param_name":"lr","param_value_internal":0.001055696238132857,"distribution":"{\"name\": \"FloatDistribution\", \"attributes\": {\"step\": null, \"low\": 1e-08, \"high\": 0.5, \"log\": true}}"}
{"op_code":5,"worker_id":"fb1eb714-3245-4bb8-bd86-1cbf28e3ae15-23456247935296","trial_id":32,"param_name":"ratio","param_value_internal":2.4102324037942346,"distribution":"{\"name\": \"FloatDistribution\", \"attributes\": {\"step\": null, \"low\": 0.1, \"high\": 100.0, \"log\": true}}"}
{"op_code":6,"worker_id":"fb1eb714-3245-4bb8-bd86-1cbf28e3ae15-23456247935296","trial_id":32,"state":1,"values":[-60.915961130185444],"datetime_complete":"2026-07-24T12:20:03.086719"}
{"op_code":0,"worker_id":"19c3879a-1e60-4543-a858-b747ff9471a2-23456247935296","study_name":"peter_jester_k3","directions":[2]}
{"op_code":4,"worker_id":"19c3879a-1e60-4543-a858-b747ff9471a2-23456247935296","study_id":0,"datetime_start":"2026-07-24T12:21:47.490517"}
{"op_code":9,"worker_id":"19c3879a-1e60-4543-a858-b747ff9471a2-23456247935296","trial_id":33,"system_attr":{"tpe:relative_params:0":"{\"lr\": 0.0001657144580185483, \"ratio\": 33.4123614070253}"}}
{"op_code":5,"worker_id":"19c3879a-1e60-4543-a858-b747ff9471a2-23456247935296","trial_id":33,"param_name":"lr","param_value_internal":0.0001657144580185483,"distribution":"{\"name\": \"FloatDistribution\", \"attributes\": {\"step\": null, \"low\": 1e-08, \"high\": 0.5, \"log\": true}}"}
{"op_code":5,"worker_id":"19c3879a-1e60-4543-a858-b747ff9471a2-23456247935296","trial_id":33,"param_name":"ratio","param_value_internal":33.4123614070253,"distribution":"{\"name\": \"FloatDistribution\", \"attributes\": {\"step\": null, \"low\": 0.1, \"high\": 100.0, \"log\": true}}"}
{"op_code":6,"worker_id":"19c3879a-1e60-4543-a858-b747ff9471a2-23456247935296","trial_id":33,"state":1,"values":[-61.12460389773463],"datetime_complete":"2026-07-24T12:23:36.695551"}
{"op_code":0,"worker_id":"873f4f4c-31b4-42f4-bef8-c7f06abb3adb-23456247935296","study_name":"peter_jester_k3","directions":[2]}
{"op_code":4,"worker_id":"873f4f4c-31b4-42f4-bef8-c7f06abb3adb-23456247935296","study_id":0,"datetime_start":"2026-07-24T12:27:35.932818"}
{"op_code":9,"worker_id":"873f4f4c-31b4-42f4-bef8-c7f06abb3adb-23456247935296","trial_id":34,"system_attr":{"tpe:relative_params:0":"{\"lr\": 0.005676436821950911, \"ratio\": 3.7591768515644612}"}}
{"op_code":5,"worker_id":"873f4f4c-31b4-42f4-bef8-c7f06abb3adb-23456247935296","trial_id":34,"param_name":"lr","param_value_internal":0.005676436821950911,"distribution":"{\"name\": \"FloatDistribution\", \"attributes\": {\"step\": null, \"low\": 1e-08, \"high\": 0.5, \"log\": true}}"}
{"op_code":5,"worker_id":"873f4f4c-31b4-42f4-bef8-c7f06abb3adb-23456247935296","trial_id":34,"param_name":"ratio","param_value_internal":3.7591768515644612,"distribution":"{\"name\": \"FloatDistribution\", \"attributes\": {\"step\": null, \"low\": 0.1, \"high\": 100.0, \"log\": true}}"}
{"op_code":6,"worker_id":"873f4f4c-31b4-42f4-bef8-c7f06abb3adb-23456247935296","trial_id":34,"state":1,"values":[-60.52471480920168],"datetime_complete":"2026-07-24T12:29:33.802886"}
{"op_code":0,"worker_id":"78664a44-4ff1-4e93-8a4c-93492a1f305d-23456247935296","study_name":"peter_jester_k3","directions":[2]}
{"op_code":4,"worker_id":"78664a44-4ff1-4e93-8a4c-93492a1f305d-23456247935296","study_id":0,"datetime_start":"2026-07-24T12:32:23.778410"}
{"op_code":9,"worker_id":"78664a44-4ff1-4e93-8a4c-93492a1f305d-23456247935296","trial_id":35,"system_attr":{"tpe:relative_params:0":"{\"lr\": 0.007420725154311509, \"ratio\": 2.5952035652142595}"}}
{"op_code":5,"worker_id":"78664a44-4ff1-4e93-8a4c-93492a1f305d-23456247935296","trial_id":35,"param_name":"lr","param_value_internal":0.007420725154311509,"distribution":"{\"name\": \"FloatDistribution\", \"attributes\": {\"step\": null, \"low\": 1e-08, \"high\": 0.5, \"log\": true}}"}
{"op_code":5,"worker_id":"78664a44-4ff1-4e93-8a4c-93492a1f305d-23456247935296","trial_id":35,"param_name":"ratio","param_value_internal":2.5952035652142595,"distribution":"{\"name\": \"FloatDistribution\", \"attributes\": {\"step\": null, \"low\": 0.1, \"high\": 100.0, \"log\": true}}"}
{"op_code":6,"worker_id":"78664a44-4ff1-4e93-8a4c-93492a1f305d-23456247935296","trial_id":35,"state":1,"values":[-60.51610751448168],"datetime_complete":"2026-07-24T12:34:15.254136"}
{"op_code":0,"worker_id":"dba71434-ce83-4e7f-a223-f9ef1c003874-23456247935296","study_name":"peter_jester_k3","directions":[2]}
{"op_code":4,"worker_id":"dba71434-ce83-4e7f-a223-f9ef1c003874-23456247935296","study_id":0,"datetime_start":"2026-07-24T12:36:26.231615"}
{"op_code":9,"worker_id":"dba71434-ce83-4e7f-a223-f9ef1c003874-23456247935296","trial_id":36,"system_attr":{"tpe:relative_params:0":"{\"lr\": 0.020198555586743175, \"ratio\": 2.006264831445601}"}}
{"op_code":5,"worker_id":"dba71434-ce83-4e7f-a223-f9ef1c003874-23456247935296","trial_id":36,"param_name":"lr","param_value_internal":0.020198555586743175,"distribution":"{\"name\": \"FloatDistribution\", \"attributes\": {\"step\": null, \"low\": 1e-08, \"high\": 0.5, \"log\": true}}"}
{"op_code":5,"worker_id":"dba71434-ce83-4e7f-a223-f9ef1c003874-23456247935296","trial_id":36,"param_name":"ratio","param_value_internal":2.006264831445601,"distribution":"{\"name\": \"FloatDistribution\", \"attributes\": {\"step\": null, \"low\": 0.1, \"high\": 100.0, \"log\": true}}"}
{"op_code":6,"worker_id":"dba71434-ce83-4e7f-a223-f9ef1c003874-23456247935296","trial_id":36,"state":1,"values":[-61.05774428240659],"datetime_complete":"2026-07-24T12:38:18.061332"}
{"op_code":0,"worker_id":"5758124d-d671-4126-9734-ce2872809912-23456247935296","study_name":"peter_jester_k3","directions":[2]}
{"op_code":4,"worker_id":"5758124d-d671-4126-9734-ce2872809912-23456247935296","study_id":0,"datetime_start":"2026-07-24T12:41:21.783456"}
{"op_code":9,"worker_id":"5758124d-d671-4126-9734-ce2872809912-23456247935296","trial_id":37,"system_attr":{"tpe:relative_params:0":"{\"lr\": 0.001630493950284813, \"ratio\": 10.935988922617177}"}}
{"op_code":5,"worker_id":"5758124d-d671-4126-9734-ce2872809912-23456247935296","trial_id":37,"param_name":"lr","param_value_internal":0.001630493950284813,"distribution":"{\"name\": \"FloatDistribution\", \"attributes\": {\"step\": null, \"low\": 1e-08, \"high\": 0.5, \"log\": true}}"}
{"op_code":5,"worker_id":"5758124d-d671-4126-9734-ce2872809912-23456247935296","trial_id":37,"param_name":"ratio","param_value_internal":10.935988922617177,"distribution":"{\"name\": \"FloatDistribution\", \"attributes\": {\"step\": null, \"low\": 0.1, \"high\": 100.0, \"log\": true}}"}
{"op_code":6,"worker_id":"5758124d-d671-4126-9734-ce2872809912-23456247935296","trial_id":37,"state":1,"values":[-60.574515168483956],"datetime_complete":"2026-07-24T12:43:09.744678"}
{"op_code":0,"worker_id":"9ff49930-16f4-4ae4-bacb-77bcdca8442e-23456247935296","study_name":"peter_jester_k3","directions":[2]}
{"op_code":4,"worker_id":"9ff49930-16f4-4ae4-bacb-77bcdca8442e-23456247935296","study_id":0,"datetime_start":"2026-07-24T12:46:14.956231"}
{"op_code":9,"worker_id":"9ff49930-16f4-4ae4-bacb-77bcdca8442e-23456247935296","trial_id":38,"system_attr":{"tpe:relative_params:0":"{\"lr\": 0.016361404952976232, \"ratio\": 7.669265620717869}"}}
{"op_code":5,"worker_id":"9ff49930-16f4-4ae4-bacb-77bcdca8442e-23456247935296","trial_id":38,"param_name":"lr","param_value_internal":0.016361404952976232,"distribution":"{\"name\": \"FloatDistribution\", \"attributes\": {\"step\": null, \"low\": 1e-08, \"high\": 0.5, \"log\": true}}"}
{"op_code":5,"worker_id":"9ff49930-16f4-4ae4-bacb-77bcdca8442e-23456247935296","trial_id":38,"param_name":"ratio","param_value_internal":7.669265620717869,"distribution":"{\"name\": \"FloatDistribution\", \"attributes\": {\"step\": null, \"low\": 0.1, \"high\": 100.0, \"log\": true}}"}
{"op_code":6,"worker_id":"9ff49930-16f4-4ae4-bacb-77bcdca8442e-23456247935296","trial_id":38,"state":1,"values":[-61.56536198032762],"datetime_complete":"2026-07-24T12:48:51.637468"}
{"op_code":0,"worker_id":"3c7e6a7d-4f22-4111-aecd-e699b9a5f016-23456247935296","study_name":"peter_jester_k3","directions":[2]}
{"op_code":4,"worker_id":"3c7e6a7d-4f22-4111-aecd-e699b9a5f016-23456247935296","study_id":0,"datetime_start":"2026-07-24T12:51:08.941329"}
{"op_code":9,"worker_id":"3c7e6a7d-4f22-4111-aecd-e699b9a5f016-23456247935296","trial_id":39,"system_attr":{"tpe:relative_params:0":"{\"lr\": 0.00460874931736759, \"ratio\": 18.57500326632777}"}}
{"op_code":5,"worker_id":"3c7e6a7d-4f22-4111-aecd-e699b9a5f016-23456247935296","trial_id":39,"param_name":"lr","param_value_internal":0.00460874931736759,"distribution":"{\"name\": \"FloatDistribution\", \"attributes\": {\"step\": null, \"low\": 1e-08, \"high\": 0.5, \"log\": true}}"}
{"op_code":5,"worker_id":"3c7e6a7d-4f22-4111-aecd-e699b9a5f016-23456247935296","trial_id":39,"param_name":"ratio","param_value_internal":18.57500326632777,"distribution":"{\"name\": \"FloatDistribution\", \"attributes\": {\"step\": null, \"low\": 0.1, \"high\": 100.0, \"log\": true}}"}
{"op_code":6,"worker_id":"3c7e6a7d-4f22-4111-aecd-e699b9a5f016-23456247935296","trial_id":39,"state":1,"values":[-61.46501150162632],"datetime_complete":"2026-07-24T12:53:00.769109"}
{"op_code":0,"worker_id":"bb58a2af-f14c-44b0-87a1-710355851d0a-23456247935296","study_name":"peter_jester_k3","directions":[2]}
{"op_code":4,"worker_id":"bb58a2af-f14c-44b0-87a1-710355851d0a-23456247935296","study_id":0,"datetime_start":"2026-07-24T12:55:35.010368"}
{"op_code":9,"worker_id":"bb58a2af-f14c-44b0-87a1-710355851d0a-23456247935296","trial_id":40,"system_attr":{"tpe:relative_params:0":"{\"lr\": 0.014993170931471626, \"ratio\": 0.6315374508496125}"}}
{"op_code":5,"worker_id":"bb58a2af-f14c-44b0-87a1-710355851d0a-23456247935296","trial_id":40,"param_name":"lr","param_value_internal":0.014993170931471626,"distribution":"{\"name\": \"FloatDistribution\", \"attributes\": {\"step\": null, \"low\": 1e-08, \"high\": 0.5, \"log\": true}}"}
{"op_code":5,"worker_id":"bb58a2af-f14c-44b0-87a1-710355851d0a-23456247935296","trial_id":40,"param_name":"ratio","param_value_internal":0.6315374508496125,"distribution":"{\"name\": \"FloatDistribution\", \"attributes\": {\"step\": null, \"low\": 0.1, \"high\": 100.0, \"log\": true}}"}
{"op_code":6,"worker_id":"bb58a2af-f14c-44b0-87a1-710355851d0a-23456247935296","trial_id":40,"state":1,"values":[-60.565378871837915],"datetime_complete":"2026-07-24T12:58:01.148361"}
{"op_code":0,"worker_id":"b3fe3953-d8f1-4d47-ac63-7e0f28e9758a-23456247935296","study_name":"peter_jester_k3","directions":[2]}
{"op_code":4,"worker_id":"b3fe3953-d8f1-4d47-ac63-7e0f28e9758a-23456247935296","study_id":0,"datetime_start":"2026-07-24T12:59:32.917967"}
{"op_code":9,"worker_id":"b3fe3953-d8f1-4d47-ac63-7e0f28e9758a-23456247935296","trial_id":41,"system_attr":{"tpe:relative_params:0":"{\"lr\": 0.06087780890908486, \"ratio\": 0.37222767327161077}"}}
{"op_code":5,"worker_id":"b3fe3953-d8f1-4d47-ac63-7e0f28e9758a-23456247935296","trial_id":41,"param_name":"lr","param_value_internal":0.06087780890908486,"distribution":"{\"name\": \"FloatDistribution\", \"attributes\": {\"step\": null, \"low\": 1e-08, \"high\": 0.5, \"log\": true}}"}
{"op_code":5,"worker_id":"b3fe3953-d8f1-4d47-ac63-7e0f28e9758a-23456247935296","trial_id":41,"param_name":"ratio","param_value_internal":0.37222767327161077,"distribution":"{\"name\": \"FloatDistribution\", \"attributes\": {\"step\": null, \"low\": 0.1, \"high\": 100.0, \"log\": true}}"}
{"op_code":6,"worker_id":"b3fe3953-d8f1-4d47-ac63-7e0f28e9758a-23456247935296","trial_id":41,"state":1,"values":[-60.89871864246246],"datetime_complete":"2026-07-24T13:01:32.010603"}
{"op_code":0,"worker_id":"8893a303-7913-435a-a873-aea533de2194-23456247935296","study_name":"peter_jester_k3","directions":[2]}
{"op_code":4,"worker_id":"8893a303-7913-435a-a873-aea533de2194-23456247935296","study_id":0,"datetime_start":"2026-07-24T13:03:44.119538"}
{"op_code":9,"worker_id":"8893a303-7913-435a-a873-aea533de2194-23456247935296","trial_id":42,"system_attr":{"tpe:relative_params:0":"{\"lr\": 0.013575197438104274, \"ratio\": 0.40501462994586296}"}}
{"op_code":5,"worker_id":"8893a303-7913-435a-a873-aea533de2194-23456247935296","trial_id":42,"param_name":"lr","param_value_internal":0.013575197438104274,"distribution":"{\"name\": \"FloatDistribution\", \"attributes\": {\"step\": null, \"low\": 1e-08, \"high\": 0.5, \"log\": true}}"}
{"op_code":5,"worker_id":"8893a303-7913-435a-a873-aea533de2194-23456247935296","trial_id":42,"param_name":"ratio","param_value_internal":0.40501462994586296,"distribution":"{\"name\": \"FloatDistribution\", \"attributes\": {\"step\": null, \"low\": 0.1, \"high\": 100.0, \"log\": true}}"}
{"op_code":6,"worker_id":"8893a303-7913-435a-a873-aea533de2194-23456247935296","trial_id":42,"state":1,"values":[-60.69235072404288],"datetime_complete":"2026-07-24T13:06:07.362993"}
{"op_code":0,"worker_id":"dff4a34c-fe85-4f69-86b2-0f157de70550-23456247935296","study_name":"peter_jester_k3","directions":[2]}
{"op_code":4,"worker_id":"dff4a34c-fe85-4f69-86b2-0f157de70550-23456247935296","study_id":0,"datetime_start":"2026-07-24T13:08:34.584874"}
{"op_code":9,"worker_id":"dff4a34c-fe85-4f69-86b2-0f157de70550-23456247935296","trial_id":43,"system_attr":{"tpe:relative_params:0":"{\"lr\": 0.130873306298074, \"ratio\": 0.8449470152846689}"}}
{"op_code":5,"worker_id":"dff4a34c-fe85-4f69-86b2-0f157de70550-23456247935296","trial_id":43,"param_name":"lr","param_value_internal":0.130873306298074,"distribution":"{\"name\": \"FloatDistribution\", \"attributes\": {\"step\": null, \"low\": 1e-08, \"high\": 0.5, \"log\": true}}"}
{"op_code":5,"worker_id":"dff4a34c-fe85-4f69-86b2-0f157de70550-23456247935296","trial_id":43,"param_name":"ratio","param_value_internal":0.8449470152846689,"distribution":"{\"name\": \"FloatDistribution\", \"attributes\": {\"step\": null, \"low\": 0.1, \"high\": 100.0, \"log\": true}}"}
{"op_code":6,"worker_id":"dff4a34c-fe85-4f69-86b2-0f157de70550-23456247935296","trial_id":43,"state":1,"values":[-62.05811220572608],"datetime_complete":"2026-07-24T13:10:25.988032"}
{"op_code":0,"worker_id":"cfa56616-8e03-426d-b1ee-3dc94ac4c6bc-23456247935296","study_name":"peter_jester_k3","directions":[2]}
{"op_code":4,"worker_id":"cfa56616-8e03-426d-b1ee-3dc94ac4c6bc-23456247935296","study_id":0,"datetime_start":"2026-07-24T13:13:11.729369"}
{"op_code":9,"worker_id":"cfa56616-8e03-426d-b1ee-3dc94ac4c6bc-23456247935296","trial_id":44,"system_attr":{"tpe:relative_params:0":"{\"lr\": 0.010287576295379689, \"ratio\": 1.0080557536700656}"}}
{"op_code":5,"worker_id":"cfa56616-8e03-426d-b1ee-3dc94ac4c6bc-23456247935296","trial_id":44,"param_name":"lr","param_value_internal":0.010287576295379689,"distribution":"{\"name\": \"FloatDistribution\", \"attributes\": {\"step\": null, \"low\": 1e-08, \"high\": 0.5, \"log\": true}}"}
{"op_code":5,"worker_id":"cfa56616-8e03-426d-b1ee-3dc94ac4c6bc-23456247935296","trial_id":44,"param_name":"ratio","param_value_internal":1.0080557536700656,"distribution":"{\"name\": \"FloatDistribution\", \"attributes\": {\"step\": null, \"low\": 0.1, \"high\": 100.0, \"log\": true}}"}
{"op_code":6,"worker_id":"cfa56616-8e03-426d-b1ee-3dc94ac4c6bc-23456247935296","trial_id":44,"state":1,"values":[-60.53660419636253],"datetime_complete":"2026-07-24T13:15:02.584459"}
{"op_code":0,"worker_id":"4f384ee7-2b97-469e-8d62-e57e88f35c92-23456247935296","study_name":"peter_jester_k3","directions":[2]}
{"op_code":4,"worker_id":"4f384ee7-2b97-469e-8d62-e57e88f35c92-23456247935296","study_id":0,"datetime_start":"2026-07-24T13:17:44.218780"}
{"op_code":9,"worker_id":"4f384ee7-2b97-469e-8d62-e57e88f35c92-23456247935296","trial_id":45,"system_attr":{"tpe:relative_params:0":"{\"lr\": 0.0027923331317786675, \"ratio\": 0.8257900896995288}"}}
{"op_code":5,"worker_id":"4f384ee7-2b97-469e-8d62-e57e88f35c92-23456247935296","trial_id":45,"param_name":"lr","param_value_internal":0.0027923331317786675,"distribution":"{\"name\": \"FloatDistribution\", \"attributes\": {\"step\": null, \"low\": 1e-08, \"high\": 0.5, \"log\": true}}"}
{"op_code":5,"worker_id":"4f384ee7-2b97-469e-8d62-e57e88f35c92-23456247935296","trial_id":45,"param_name":"ratio","param_value_internal":0.8257900896995288,"distribution":"{\"name\": \"FloatDistribution\", \"attributes\": {\"step\": null, \"low\": 0.1, \"high\": 100.0, \"log\": true}}"}
{"op_code":6,"worker_id":"4f384ee7-2b97-469e-8d62-e57e88f35c92-23456247935296","trial_id":45,"state":1,"values":[-60.8573772683267],"datetime_complete":"2026-07-24T13:20:03.396351"}
{"op_code":0,"worker_id":"439fdf72-019e-472b-94d7-01ab02f4242e-23456247935296","study_name":"peter_jester_k3","directions":[2]}
{"op_code":4,"worker_id":"439fdf72-019e-472b-94d7-01ab02f4242e-23456247935296","study_id":0,"datetime_start":"2026-07-24T13:20:43.880848"}
{"op_code":9,"worker_id":"439fdf72-019e-472b-94d7-01ab02f4242e-23456247935296","trial_id":46,"system_attr":{"tpe:relative_params:0":"{\"lr\": 0.2029857157345016, \"ratio\": 0.10664408336989545}"}}
{"op_code":5,"worker_id":"439fdf72-019e-472b-94d7-01ab02f4242e-23456247935296","trial_id":46,"param_name":"lr","param_value_internal":0.2029857157345016,"distribution":"{\"name\": \"FloatDistribution\", \"attributes\": {\"step\": null, \"low\": 1e-08, \"high\": 0.5, \"log\": true}}"}
{"op_code":5,"worker_id":"439fdf72-019e-472b-94d7-01ab02f4242e-23456247935296","trial_id":46,"param_name":"ratio","param_value_internal":0.10664408336989545,"distribution":"{\"name\": \"FloatDistribution\", \"attributes\": {\"step\": null, \"low\": 0.1, \"high\": 100.0, \"log\": true}}"}
{"op_code":6,"worker_id":"439fdf72-019e-472b-94d7-01ab02f4242e-23456247935296","trial_id":46,"state":1,"values":[-61.26992252100881],"datetime_complete":"2026-07-24T13:22:43.272823"}
{"op_code":0,"worker_id":"5e3d01a3-0f55-4850-ba76-9416fdaa332a-23456247935296","study_name":"peter_jester_k3","directions":[2]}
{"op_code":4,"worker_id":"5e3d01a3-0f55-4850-ba76-9416fdaa332a-23456247935296","study_id":0,"datetime_start":"2026-07-24T13:23:32.141735"}
{"op_code":9,"worker_id":"5e3d01a3-0f55-4850-ba76-9416fdaa332a-23456247935296","trial_id":47,"system_attr":{"tpe:relative_params:0":"{\"lr\": 0.010463360533088405, \"ratio\": 1.1207493530771209}"}}
{"op_code":5,"worker_id":"5e3d01a3-0f55-4850-ba76-9416fdaa332a-23456247935296","trial_id":47,"param_name":"lr","param_value_internal":0.010463360533088405,"distribution":"{\"name\": \"FloatDistribution\", \"attributes\": {\"step\": null, \"low\": 1e-08, \"high\": 0.5, \"log\": true}}"}
{"op_code":5,"worker_id":"5e3d01a3-0f55-4850-ba76-9416fdaa332a-23456247935296","trial_id":47,"param_name":"ratio","param_value_internal":1.1207493530771209,"distribution":"{\"name\": \"FloatDistribution\", \"attributes\": {\"step\": null, \"low\": 0.1, \"high\": 100.0, \"log\": true}}"}
{"op_code":6,"worker_id":"5e3d01a3-0f55-4850-ba76-9416fdaa332a-23456247935296","trial_id":47,"state":1,"values":[-60.58587621468674],"datetime_complete":"2026-07-24T13:25:20.593460"}
{"op_code":0,"worker_id":"75b0b074-727b-4734-b7de-d92c40c81da5-23456247935296","study_name":"peter_jester_k3","directions":[2]}
{"op_code":4,"worker_id":"75b0b074-727b-4734-b7de-d92c40c81da5-23456247935296","study_id":0,"datetime_start":"2026-07-24T13:26:20.578285"}
{"op_code":9,"worker_id":"75b0b074-727b-4734-b7de-d92c40c81da5-23456247935296","trial_id":48,"system_attr":{"tpe:relative_params:0":"{\"lr\": 0.11741004907052438, \"ratio\": 1.4748880983590287}"}}
{"op_code":5,"worker_id":"75b0b074-727b-4734-b7de-d92c40c81da5-23456247935296","trial_id":48,"param_name":"lr","param_value_internal":0.11741004907052438,"distribution":"{\"name\": \"FloatDistribution\", \"attributes\": {\"step\": null, \"low\": 1e-08, \"high\": 0.5, \"log\": true}}"}
{"op_code":5,"worker_id":"75b0b074-727b-4734-b7de-d92c40c81da5-23456247935296","trial_id":48,"param_name":"ratio","param_value_internal":1.4748880983590287,"distribution":"{\"name\": \"FloatDistribution\", \"attributes\": {\"step\": null, \"low\": 0.1, \"high\": 100.0, \"log\": true}}"}
{"op_code":6,"worker_id":"75b0b074-727b-4734-b7de-d92c40c81da5-23456247935296","trial_id":48,"state":1,"values":[-61.388880817066664],"datetime_complete":"2026-07-24T13:28:51.737879"}
{"op_code":0,"worker_id":"2c1845d2-a21b-422e-a360-8709a80e554c-23456247935296","study_name":"peter_jester_k3","directions":[2]}
{"op_code":4,"worker_id":"2c1845d2-a21b-422e-a360-8709a80e554c-23456247935296","study_id":0,"datetime_start":"2026-07-24T13:30:26.103050"}
{"op_code":9,"worker_id":"2c1845d2-a21b-422e-a360-8709a80e554c-23456247935296","trial_id":49,"system_attr":{"tpe:relative_params:0":"{\"lr\": 1.0689558813993284e-06, \"ratio\": 0.11015095664003391}"}}
{"op_code":5,"worker_id":"2c1845d2-a21b-422e-a360-8709a80e554c-23456247935296","trial_id":49,"param_name":"lr","param_value_internal":1.0689558813993284e-06,"distribution":"{\"name\": \"FloatDistribution\", \"attributes\": {\"step\": null, \"low\": 1e-08, \"high\": 0.5, \"log\": true}}"}
{"op_code":5,"worker_id":"2c1845d2-a21b-422e-a360-8709a80e554c-23456247935296","trial_id":49,"param_name":"ratio","param_value_internal":0.11015095664003391,"distribution":"{\"name\": \"FloatDistribution\", \"attributes\": {\"step\": null, \"low\": 0.1, \"high\": 100.0, \"log\": true}}"}
{"op_code":6,"worker_id":"2c1845d2-a21b-422e-a360-8709a80e554c-23456247935296","trial_id":49,"state":1,"values":[-61.338343884541764],"datetime_complete":"2026-07-24T13:32:31.137044"}
{"op_code":0,"worker_id":"f34a92c7-ce98-49ea-bdf6-941baae80b5d-23456247935296","study_name":"peter_jester_k3","directions":[2]}
{"op_code":4,"worker_id":"f34a92c7-ce98-49ea-bdf6-941baae80b5d-23456247935296","study_id":0,"datetime_start":"2026-07-24T13:33:53.444136"}
{"op_code":9,"worker_id":"f34a92c7-ce98-49ea-bdf6-941baae80b5d-23456247935296","trial_id":50,"system_attr":{"tpe:relative_params:0":"{\"lr\": 0.005647417532158163, \"ratio\": 0.5564621727046908}"}}
{"op_code":5,"worker_id":"f34a92c7-ce98-49ea-bdf6-941baae80b5d-23456247935296","trial_id":50,"param_name":"lr","param_value_internal":0.005647417532158163,"distribution":"{\"name\": \"FloatDistribution\", \"attributes\": {\"step\": null, \"low\": 1e-08, \"high\": 0.5, \"log\": true}}"}
{"op_code":5,"worker_id":"f34a92c7-ce98-49ea-bdf6-941baae80b5d-23456247935296","trial_id":50,"param_name":"ratio","param_value_internal":0.5564621727046908,"distribution":"{\"name\": \"FloatDistribution\", \"attributes\": {\"step\": null, \"low\": 0.1, \"high\": 100.0, \"log\": true}}"}
{"op_code":6,"worker_id":"f34a92c7-ce98-49ea-bdf6-941baae80b5d-23456247935296","trial_id":50,"state":1,"values":[-60.793598046845354],"datetime_complete":"2026-07-24T13:35:46.382427"}
{"op_code":0,"worker_id":"8c86053f-ae2c-4173-af13-f9dccaba6c33-23456247935296","study_name":"peter_jester_k3","directions":[2]}
{"op_code":4,"worker_id":"8c86053f-ae2c-4173-af13-f9dccaba6c33-23456247935296","study_id":0,"datetime_start":"2026-07-24T13:36:48.765790"}
{"op_code":9,"worker_id":"8c86053f-ae2c-4173-af13-f9dccaba6c33-23456247935296","trial_id":51,"system_attr":{"tpe:relative_params:0":"{\"lr\": 0.00013804267627523715, \"ratio\": 0.5977134051806939}"}}
{"op_code":5,"worker_id":"8c86053f-ae2c-4173-af13-f9dccaba6c33-23456247935296","trial_id":51,"param_name":"lr","param_value_internal":0.00013804267627523715,"distribution":"{\"name\": \"FloatDistribution\", \"attributes\": {\"step\": null, \"low\": 1e-08, \"high\": 0.5, \"log\": true}}"}
{"op_code":5,"worker_id":"8c86053f-ae2c-4173-af13-f9dccaba6c33-23456247935296","trial_id":51,"param_name":"ratio","param_value_internal":0.5977134051806939,"distribution":"{\"name\": \"FloatDistribution\", \"attributes\": {\"step\": null, \"low\": 0.1, \"high\": 100.0, \"log\": true}}"}
{"op_code":6,"worker_id":"8c86053f-ae2c-4173-af13-f9dccaba6c33-23456247935296","trial_id":51,"state":1,"values":[-61.33244093681075],"datetime_complete":"2026-07-24T13:38:41.654491"}
{"op_code":0,"worker_id":"347507f7-81e8-4670-8b96-647914197cdf-23456247935296","study_name":"peter_jester_k3","directions":[2]}
{"op_code":0,"worker_id":"84256c9f-ac64-4d10-9d20-ab9064a3a4e4-23456247935296","study_name":"peter_jester_k3","directions":[2]}
