{"op_code":0,"worker_id":"6be89af6-0f37-41d9-b581-f8ac1b1885c0-20268","study_name":"peter_mushrooms_k5","directions":[2]}
{"op_code":0,"worker_id":"c0a023d2-2b18-4ade-9f88-647d0565b8ec-38392","study_name":"peter_mushrooms_k5","directions":[2]}
{"op_code":4,"worker_id":"c0a023d2-2b18-4ade-9f88-647d0565b8ec-38392","study_id":0,"datetime_start":"2026-07-24T09:13:00.557348"}
{"op_code":5,"worker_id":"c0a023d2-2b18-4ade-9f88-647d0565b8ec-38392","trial_id":0,"param_name":"lr","param_value_internal":0.04010975936506073,"distribution":"{\"name\": \"FloatDistribution\", \"attributes\": {\"step\": null, \"low\": 1e-08, \"high\": 0.5, \"log\": true}}"}
{"op_code":5,"worker_id":"c0a023d2-2b18-4ade-9f88-647d0565b8ec-38392","trial_id":0,"param_name":"ratio","param_value_internal":0.2547354978703434,"distribution":"{\"name\": \"FloatDistribution\", \"attributes\": {\"step\": null, \"low\": 0.1, \"high\": 100.0, \"log\": true}}"}
{"op_code":0,"worker_id":"b08c895a-4b7d-47c0-8664-be5fd67bfa54-22708","study_name":"peter_mushrooms_k5","directions":[2]}
{"op_code":4,"worker_id":"b08c895a-4b7d-47c0-8664-be5fd67bfa54-22708","study_id":0,"datetime_start":"2026-07-24T09:13:01.761382"}
{"op_code":5,"worker_id":"b08c895a-4b7d-47c0-8664-be5fd67bfa54-22708","trial_id":1,"param_name":"lr","param_value_internal":0.024846781397883634,"distribution":"{\"name\": \"FloatDistribution\", \"attributes\": {\"step\": null, \"low\": 1e-08, \"high\": 0.5, \"log\": true}}"}
{"op_code":5,"worker_id":"b08c895a-4b7d-47c0-8664-be5fd67bfa54-22708","trial_id":1,"param_name":"ratio","param_value_internal":3.1592606987707286,"distribution":"{\"name\": \"FloatDistribution\", \"attributes\": {\"step\": null, \"low\": 0.1, \"high\": 100.0, \"log\": true}}"}
{"op_code":0,"worker_id":"3a50977a-d4f1-4cd1-b92b-e2413fc09eab-33256","study_name":"peter_mushrooms_k5","directions":[2]}
{"op_code":0,"worker_id":"bc41efa3-5172-4b8f-92d0-7bebd54a666f-23456247935296","study_name":"peter_mushrooms_k5","directions":[2]}
{"op_code":0,"worker_id":"2b0df4bb-718b-4207-9132-f34f9f27db7a-23456247935296","study_name":"peter_mushrooms_k5","directions":[2]}
{"op_code":4,"worker_id":"2b0df4bb-718b-4207-9132-f34f9f27db7a-23456247935296","study_id":0,"datetime_start":"2026-07-24T10:21:56.648238"}
{"op_code":5,"worker_id":"2b0df4bb-718b-4207-9132-f34f9f27db7a-23456247935296","trial_id":2,"param_name":"lr","param_value_internal":2.525972273336126e-07,"distribution":"{\"name\": \"FloatDistribution\", \"attributes\": {\"step\": null, \"low\": 1e-08, \"high\": 0.5, \"log\": true}}"}
{"op_code":5,"worker_id":"2b0df4bb-718b-4207-9132-f34f9f27db7a-23456247935296","trial_id":2,"param_name":"ratio","param_value_internal":0.25811221797048445,"distribution":"{\"name\": \"FloatDistribution\", \"attributes\": {\"step\": null, \"low\": 0.1, \"high\": 100.0, \"log\": true}}"}
{"op_code":0,"worker_id":"50b10d74-87d5-448d-9bd2-a3dffc964134-23456247935296","study_name":"peter_mushrooms_k5","directions":[2]}
{"op_code":4,"worker_id":"50b10d74-87d5-448d-9bd2-a3dffc964134-23456247935296","study_id":0,"datetime_start":"2026-07-24T10:23:40.007710"}
{"op_code":5,"worker_id":"50b10d74-87d5-448d-9bd2-a3dffc964134-23456247935296","trial_id":3,"param_name":"lr","param_value_internal":2.7713854375452822e-05,"distribution":"{\"name\": \"FloatDistribution\", \"attributes\": {\"step\": null, \"low\": 1e-08, \"high\": 0.5, \"log\": true}}"}
{"op_code":5,"worker_id":"50b10d74-87d5-448d-9bd2-a3dffc964134-23456247935296","trial_id":3,"param_name":"ratio","param_value_internal":2.6408206915828756,"distribution":"{\"name\": \"FloatDistribution\", \"attributes\": {\"step\": null, \"low\": 0.1, \"high\": 100.0, \"log\": true}}"}
{"op_code":6,"worker_id":"2b0df4bb-718b-4207-9132-f34f9f27db7a-23456247935296","trial_id":2,"state":1,"values":[-59.737160366387904],"datetime_complete":"2026-07-24T10:24:26.128231"}
{"op_code":6,"worker_id":"50b10d74-87d5-448d-9bd2-a3dffc964134-23456247935296","trial_id":3,"state":1,"values":[-48.26159442174035],"datetime_complete":"2026-07-24T10:26:10.922235"}
{"op_code":0,"worker_id":"e3dd924b-9c03-478f-804c-68a9128b3a50-23456247935296","study_name":"peter_mushrooms_k5","directions":[2]}
{"op_code":4,"worker_id":"e3dd924b-9c03-478f-804c-68a9128b3a50-23456247935296","study_id":0,"datetime_start":"2026-07-24T10:27:30.810096"}
{"op_code":5,"worker_id":"e3dd924b-9c03-478f-804c-68a9128b3a50-23456247935296","trial_id":4,"param_name":"lr","param_value_internal":0.006255286559687397,"distribution":"{\"name\": \"FloatDistribution\", \"attributes\": {\"step\": null, \"low\": 1e-08, \"high\": 0.5, \"log\": true}}"}
{"op_code":5,"worker_id":"e3dd924b-9c03-478f-804c-68a9128b3a50-23456247935296","trial_id":4,"param_name":"ratio","param_value_internal":0.13000570100470255,"distribution":"{\"name\": \"FloatDistribution\", \"attributes\": {\"step\": null, \"low\": 0.1, \"high\": 100.0, \"log\": true}}"}
{"op_code":6,"worker_id":"e3dd924b-9c03-478f-804c-68a9128b3a50-23456247935296","trial_id":4,"state":3,"values":null,"datetime_complete":"2026-07-24T10:27:38.997552"}
{"op_code":0,"worker_id":"27b9a1d8-fc60-4b5c-9e40-f1ca2e75d39c-23456247935296","study_name":"peter_mushrooms_k5","directions":[2]}
{"op_code":4,"worker_id":"27b9a1d8-fc60-4b5c-9e40-f1ca2e75d39c-23456247935296","study_id":0,"datetime_start":"2026-07-24T10:31:04.583334"}
{"op_code":5,"worker_id":"27b9a1d8-fc60-4b5c-9e40-f1ca2e75d39c-23456247935296","trial_id":5,"param_name":"lr","param_value_internal":0.0009430540232830861,"distribution":"{\"name\": \"FloatDistribution\", \"attributes\": {\"step\": null, \"low\": 1e-08, \"high\": 0.5, \"log\": true}}"}
{"op_code":5,"worker_id":"27b9a1d8-fc60-4b5c-9e40-f1ca2e75d39c-23456247935296","trial_id":5,"param_name":"ratio","param_value_internal":0.3741056816476131,"distribution":"{\"name\": \"FloatDistribution\", \"attributes\": {\"step\": null, \"low\": 0.1, \"high\": 100.0, \"log\": true}}"}
{"op_code":6,"worker_id":"27b9a1d8-fc60-4b5c-9e40-f1ca2e75d39c-23456247935296","trial_id":5,"state":3,"values":null,"datetime_complete":"2026-07-24T10:31:16.444541"}
{"op_code":0,"worker_id":"5f4e8819-9499-405f-acae-858047ae4446-23456247935296","study_name":"peter_mushrooms_k5","directions":[2]}
{"op_code":4,"worker_id":"5f4e8819-9499-405f-acae-858047ae4446-23456247935296","study_id":0,"datetime_start":"2026-07-24T10:34:25.827654"}
{"op_code":5,"worker_id":"5f4e8819-9499-405f-acae-858047ae4446-23456247935296","trial_id":6,"param_name":"lr","param_value_internal":1.1568798252237852e-07,"distribution":"{\"name\": \"FloatDistribution\", \"attributes\": {\"step\": null, \"low\": 1e-08, \"high\": 0.5, \"log\": true}}"}
{"op_code":5,"worker_id":"5f4e8819-9499-405f-acae-858047ae4446-23456247935296","trial_id":6,"param_name":"ratio","param_value_internal":1.3280167868995567,"distribution":"{\"name\": \"FloatDistribution\", \"attributes\": {\"step\": null, \"low\": 0.1, \"high\": 100.0, \"log\": true}}"}
{"op_code":6,"worker_id":"5f4e8819-9499-405f-acae-858047ae4446-23456247935296","trial_id":6,"state":1,"values":[-59.764062521208935],"datetime_complete":"2026-07-24T10:36:32.204326"}
{"op_code":0,"worker_id":"0ea3820e-4747-4adf-9be5-9d50bcc50ba4-23456247935296","study_name":"peter_mushrooms_k5","directions":[2]}
{"op_code":4,"worker_id":"0ea3820e-4747-4adf-9be5-9d50bcc50ba4-23456247935296","study_id":0,"datetime_start":"2026-07-24T10:37:48.063934"}
{"op_code":5,"worker_id":"0ea3820e-4747-4adf-9be5-9d50bcc50ba4-23456247935296","trial_id":7,"param_name":"lr","param_value_internal":0.05144334170797088,"distribution":"{\"name\": \"FloatDistribution\", \"attributes\": {\"step\": null, \"low\": 1e-08, \"high\": 0.5, \"log\": true}}"}
{"op_code":5,"worker_id":"0ea3820e-4747-4adf-9be5-9d50bcc50ba4-23456247935296","trial_id":7,"param_name":"ratio","param_value_internal":87.39851794750362,"distribution":"{\"name\": \"FloatDistribution\", \"attributes\": {\"step\": null, \"low\": 0.1, \"high\": 100.0, \"log\": true}}"}
{"op_code":6,"worker_id":"0ea3820e-4747-4adf-9be5-9d50bcc50ba4-23456247935296","trial_id":7,"state":3,"values":null,"datetime_complete":"2026-07-24T10:37:55.350182"}
{"op_code":0,"worker_id":"4594b24e-10eb-4ea1-b7f6-8d3d85e49070-23456247935296","study_name":"peter_mushrooms_k5","directions":[2]}
{"op_code":4,"worker_id":"4594b24e-10eb-4ea1-b7f6-8d3d85e49070-23456247935296","study_id":0,"datetime_start":"2026-07-24T10:42:06.663825"}
{"op_code":5,"worker_id":"4594b24e-10eb-4ea1-b7f6-8d3d85e49070-23456247935296","trial_id":8,"param_name":"lr","param_value_internal":0.1525377240080648,"distribution":"{\"name\": \"FloatDistribution\", \"attributes\": {\"step\": null, \"low\": 1e-08, \"high\": 0.5, \"log\": true}}"}
{"op_code":5,"worker_id":"4594b24e-10eb-4ea1-b7f6-8d3d85e49070-23456247935296","trial_id":8,"param_name":"ratio","param_value_internal":0.46892549798283767,"distribution":"{\"name\": \"FloatDistribution\", \"attributes\": {\"step\": null, \"low\": 0.1, \"high\": 100.0, \"log\": true}}"}
{"op_code":6,"worker_id":"4594b24e-10eb-4ea1-b7f6-8d3d85e49070-23456247935296","trial_id":8,"state":3,"values":null,"datetime_complete":"2026-07-24T10:42:14.880506"}
{"op_code":0,"worker_id":"ed17024e-28d4-45df-aa01-d0cf5ca83961-23456247935296","study_name":"peter_mushrooms_k5","directions":[2]}
{"op_code":4,"worker_id":"ed17024e-28d4-45df-aa01-d0cf5ca83961-23456247935296","study_id":0,"datetime_start":"2026-07-24T10:46:21.309449"}
{"op_code":5,"worker_id":"ed17024e-28d4-45df-aa01-d0cf5ca83961-23456247935296","trial_id":9,"param_name":"lr","param_value_internal":2.636241807925703e-06,"distribution":"{\"name\": \"FloatDistribution\", \"attributes\": {\"step\": null, \"low\": 1e-08, \"high\": 0.5, \"log\": true}}"}
{"op_code":5,"worker_id":"ed17024e-28d4-45df-aa01-d0cf5ca83961-23456247935296","trial_id":9,"param_name":"ratio","param_value_internal":0.18973857000966454,"distribution":"{\"name\": \"FloatDistribution\", \"attributes\": {\"step\": null, \"low\": 0.1, \"high\": 100.0, \"log\": true}}"}
{"op_code":6,"worker_id":"ed17024e-28d4-45df-aa01-d0cf5ca83961-23456247935296","trial_id":9,"state":1,"values":[-59.24230793389705],"datetime_complete":"2026-07-24T10:48:53.995775"}
{"op_code":0,"worker_id":"b6612a56-001c-4428-9ca9-f2f344714b35-23456247935296","study_name":"peter_mushrooms_k5","directions":[2]}
{"op_code":4,"worker_id":"b6612a56-001c-4428-9ca9-f2f344714b35-23456247935296","study_id":0,"datetime_start":"2026-07-24T10:50:41.208228"}
{"op_code":5,"worker_id":"b6612a56-001c-4428-9ca9-f2f344714b35-23456247935296","trial_id":10,"param_name":"lr","param_value_internal":0.2994767516955902,"distribution":"{\"name\": \"FloatDistribution\", \"attributes\": {\"step\": null, \"low\": 1e-08, \"high\": 0.5, \"log\": true}}"}
{"op_code":5,"worker_id":"b6612a56-001c-4428-9ca9-f2f344714b35-23456247935296","trial_id":10,"param_name":"ratio","param_value_internal":0.15997449680404438,"distribution":"{\"name\": \"FloatDistribution\", \"attributes\": {\"step\": null, \"low\": 0.1, \"high\": 100.0, \"log\": true}}"}
{"op_code":6,"worker_id":"b6612a56-001c-4428-9ca9-f2f344714b35-23456247935296","trial_id":10,"state":3,"values":null,"datetime_complete":"2026-07-24T10:50:47.901755"}
{"op_code":0,"worker_id":"cecabece-83c7-4aa4-9940-98790dee0e1c-23456247935296","study_name":"peter_mushrooms_k5","directions":[2]}
{"op_code":4,"worker_id":"cecabece-83c7-4aa4-9940-98790dee0e1c-23456247935296","study_id":0,"datetime_start":"2026-07-24T10:54:54.802572"}
{"op_code":5,"worker_id":"cecabece-83c7-4aa4-9940-98790dee0e1c-23456247935296","trial_id":11,"param_name":"lr","param_value_internal":0.02140633880407816,"distribution":"{\"name\": \"FloatDistribution\", \"attributes\": {\"step\": null, \"low\": 1e-08, \"high\": 0.5, \"log\": true}}"}
{"op_code":5,"worker_id":"cecabece-83c7-4aa4-9940-98790dee0e1c-23456247935296","trial_id":11,"param_name":"ratio","param_value_internal":17.946009727060098,"distribution":"{\"name\": \"FloatDistribution\", \"attributes\": {\"step\": null, \"low\": 0.1, \"high\": 100.0, \"log\": true}}"}
{"op_code":6,"worker_id":"cecabece-83c7-4aa4-9940-98790dee0e1c-23456247935296","trial_id":11,"state":3,"values":null,"datetime_complete":"2026-07-24T10:55:01.863894"}
{"op_code":0,"worker_id":"1829596c-d56f-41fd-a958-1cd96c43910b-23456247935296","study_name":"peter_mushrooms_k5","directions":[2]}
{"op_code":4,"worker_id":"1829596c-d56f-41fd-a958-1cd96c43910b-23456247935296","study_id":0,"datetime_start":"2026-07-24T10:59:15.577004"}
{"op_code":5,"worker_id":"1829596c-d56f-41fd-a958-1cd96c43910b-23456247935296","trial_id":12,"param_name":"lr","param_value_internal":0.00010251019977248315,"distribution":"{\"name\": \"FloatDistribution\", \"attributes\": {\"step\": null, \"low\": 1e-08, \"high\": 0.5, \"log\": true}}"}
{"op_code":5,"worker_id":"1829596c-d56f-41fd-a958-1cd96c43910b-23456247935296","trial_id":12,"param_name":"ratio","param_value_internal":0.5457387158286552,"distribution":"{\"name\": \"FloatDistribution\", \"attributes\": {\"step\": null, \"low\": 0.1, \"high\": 100.0, \"log\": true}}"}
{"op_code":6,"worker_id":"1829596c-d56f-41fd-a958-1cd96c43910b-23456247935296","trial_id":12,"state":3,"values":null,"datetime_complete":"2026-07-24T11:00:30.820355"}
{"op_code":0,"worker_id":"bb2378e7-377a-4968-9351-530b5b6b4e8f-23456247935296","study_name":"peter_mushrooms_k5","directions":[2]}
{"op_code":4,"worker_id":"bb2378e7-377a-4968-9351-530b5b6b4e8f-23456247935296","study_id":0,"datetime_start":"2026-07-24T11:04:29.102942"}
{"op_code":5,"worker_id":"bb2378e7-377a-4968-9351-530b5b6b4e8f-23456247935296","trial_id":13,"param_name":"lr","param_value_internal":4.713468161324326e-08,"distribution":"{\"name\": \"FloatDistribution\", \"attributes\": {\"step\": null, \"low\": 1e-08, \"high\": 0.5, \"log\": true}}"}
{"op_code":5,"worker_id":"bb2378e7-377a-4968-9351-530b5b6b4e8f-23456247935296","trial_id":13,"param_name":"ratio","param_value_internal":0.17387378811908286,"distribution":"{\"name\": \"FloatDistribution\", \"attributes\": {\"step\": null, \"low\": 0.1, \"high\": 100.0, \"log\": true}}"}
{"op_code":6,"worker_id":"bb2378e7-377a-4968-9351-530b5b6b4e8f-23456247935296","trial_id":13,"state":1,"values":[-59.78006692157489],"datetime_complete":"2026-07-24T11:07:11.622531"}
{"op_code":0,"worker_id":"275a38c6-453e-4950-9ff1-87fb89c1e5b0-23456247935296","study_name":"peter_mushrooms_k5","directions":[2]}
{"op_code":4,"worker_id":"275a38c6-453e-4950-9ff1-87fb89c1e5b0-23456247935296","study_id":0,"datetime_start":"2026-07-24T11:09:07.383423"}
{"op_code":5,"worker_id":"275a38c6-453e-4950-9ff1-87fb89c1e5b0-23456247935296","trial_id":14,"param_name":"lr","param_value_internal":0.11596766213815791,"distribution":"{\"name\": \"FloatDistribution\", \"attributes\": {\"step\": null, \"low\": 1e-08, \"high\": 0.5, \"log\": true}}"}
{"op_code":5,"worker_id":"275a38c6-453e-4950-9ff1-87fb89c1e5b0-23456247935296","trial_id":14,"param_name":"ratio","param_value_internal":0.805942192016209,"distribution":"{\"name\": \"FloatDistribution\", \"attributes\": {\"step\": null, \"low\": 0.1, \"high\": 100.0, \"log\": true}}"}
{"op_code":6,"worker_id":"275a38c6-453e-4950-9ff1-87fb89c1e5b0-23456247935296","trial_id":14,"state":3,"values":null,"datetime_complete":"2026-07-24T11:09:16.893939"}
{"op_code":0,"worker_id":"d43eaa59-2985-46e6-91c9-b2f19bcd85f0-23456247935296","study_name":"peter_mushrooms_k5","directions":[2]}
{"op_code":4,"worker_id":"d43eaa59-2985-46e6-91c9-b2f19bcd85f0-23456247935296","study_id":0,"datetime_start":"2026-07-24T11:13:20.263193"}
{"op_code":5,"worker_id":"d43eaa59-2985-46e6-91c9-b2f19bcd85f0-23456247935296","trial_id":15,"param_name":"lr","param_value_internal":3.250054476475791e-07,"distribution":"{\"name\": \"FloatDistribution\", \"attributes\": {\"step\": null, \"low\": 1e-08, \"high\": 0.5, \"log\": true}}"}
{"op_code":5,"worker_id":"d43eaa59-2985-46e6-91c9-b2f19bcd85f0-23456247935296","trial_id":15,"param_name":"ratio","param_value_internal":0.2652074776607465,"distribution":"{\"name\": \"FloatDistribution\", \"attributes\": {\"step\": null, \"low\": 0.1, \"high\": 100.0, \"log\": true}}"}
{"op_code":6,"worker_id":"d43eaa59-2985-46e6-91c9-b2f19bcd85f0-23456247935296","trial_id":15,"state":1,"values":[-59.72500414644577],"datetime_complete":"2026-07-24T11:16:02.617651"}
{"op_code":0,"worker_id":"23438f19-8a81-49a2-ba98-7a92ce0b883f-23456247935296","study_name":"peter_mushrooms_k5","directions":[2]}
{"op_code":4,"worker_id":"23438f19-8a81-49a2-ba98-7a92ce0b883f-23456247935296","study_id":0,"datetime_start":"2026-07-24T11:18:05.053970"}
{"op_code":5,"worker_id":"23438f19-8a81-49a2-ba98-7a92ce0b883f-23456247935296","trial_id":16,"param_name":"lr","param_value_internal":4.6940963255214404e-05,"distribution":"{\"name\": \"FloatDistribution\", \"attributes\": {\"step\": null, \"low\": 1e-08, \"high\": 0.5, \"log\": true}}"}
{"op_code":5,"worker_id":"23438f19-8a81-49a2-ba98-7a92ce0b883f-23456247935296","trial_id":16,"param_name":"ratio","param_value_internal":7.724910243012139,"distribution":"{\"name\": \"FloatDistribution\", \"attributes\": {\"step\": null, \"low\": 0.1, \"high\": 100.0, \"log\": true}}"}
{"op_code":6,"worker_id":"23438f19-8a81-49a2-ba98-7a92ce0b883f-23456247935296","trial_id":16,"state":1,"values":[-42.802031468395384],"datetime_complete":"2026-07-24T11:20:37.280192"}
{"op_code":0,"worker_id":"280c0e7e-fb78-49b8-bbf8-5b139d1e5716-23456247935296","study_name":"peter_mushrooms_k5","directions":[2]}
{"op_code":4,"worker_id":"280c0e7e-fb78-49b8-bbf8-5b139d1e5716-23456247935296","study_id":0,"datetime_start":"2026-07-24T11:21:43.951004"}
{"op_code":5,"worker_id":"280c0e7e-fb78-49b8-bbf8-5b139d1e5716-23456247935296","trial_id":17,"param_name":"lr","param_value_internal":0.00417364954881638,"distribution":"{\"name\": \"FloatDistribution\", \"attributes\": {\"step\": null, \"low\": 1e-08, \"high\": 0.5, \"log\": true}}"}
{"op_code":5,"worker_id":"280c0e7e-fb78-49b8-bbf8-5b139d1e5716-23456247935296","trial_id":17,"param_name":"ratio","param_value_internal":0.1819189036614003,"distribution":"{\"name\": \"FloatDistribution\", \"attributes\": {\"step\": null, \"low\": 0.1, \"high\": 100.0, \"log\": true}}"}
{"op_code":6,"worker_id":"280c0e7e-fb78-49b8-bbf8-5b139d1e5716-23456247935296","trial_id":17,"state":3,"values":null,"datetime_complete":"2026-07-24T11:21:54.147065"}
{"op_code":0,"worker_id":"a8c75d5c-6439-4e9e-8ffb-971c1287fde4-23456247935296","study_name":"peter_mushrooms_k5","directions":[2]}
{"op_code":4,"worker_id":"a8c75d5c-6439-4e9e-8ffb-971c1287fde4-23456247935296","study_id":0,"datetime_start":"2026-07-24T11:25:58.335133"}
{"op_code":5,"worker_id":"a8c75d5c-6439-4e9e-8ffb-971c1287fde4-23456247935296","trial_id":18,"param_name":"lr","param_value_internal":0.33096702713376946,"distribution":"{\"name\": \"FloatDistribution\", \"attributes\": {\"step\": null, \"low\": 1e-08, \"high\": 0.5, \"log\": true}}"}
{"op_code":5,"worker_id":"a8c75d5c-6439-4e9e-8ffb-971c1287fde4-23456247935296","trial_id":18,"param_name":"ratio","param_value_internal":10.798018136567732,"distribution":"{\"name\": \"FloatDistribution\", \"attributes\": {\"step\": null, \"low\": 0.1, \"high\": 100.0, \"log\": true}}"}
{"op_code":6,"worker_id":"a8c75d5c-6439-4e9e-8ffb-971c1287fde4-23456247935296","trial_id":18,"state":3,"values":null,"datetime_complete":"2026-07-24T11:26:05.692310"}
{"op_code":0,"worker_id":"3e40e1d2-ba44-4b87-a901-8140149a99c0-23456247935296","study_name":"peter_mushrooms_k5","directions":[2]}
{"op_code":4,"worker_id":"3e40e1d2-ba44-4b87-a901-8140149a99c0-23456247935296","study_id":0,"datetime_start":"2026-07-24T11:29:59.620554"}
{"op_code":5,"worker_id":"3e40e1d2-ba44-4b87-a901-8140149a99c0-23456247935296","trial_id":19,"param_name":"lr","param_value_internal":0.003019108244505264,"distribution":"{\"name\": \"FloatDistribution\", \"attributes\": {\"step\": null, \"low\": 1e-08, \"high\": 0.5, \"log\": true}}"}
{"op_code":5,"worker_id":"3e40e1d2-ba44-4b87-a901-8140149a99c0-23456247935296","trial_id":19,"param_name":"ratio","param_value_internal":0.9451123253234848,"distribution":"{\"name\": \"FloatDistribution\", \"attributes\": {\"step\": null, \"low\": 0.1, \"high\": 100.0, \"log\": true}}"}
{"op_code":6,"worker_id":"3e40e1d2-ba44-4b87-a901-8140149a99c0-23456247935296","trial_id":19,"state":3,"values":null,"datetime_complete":"2026-07-24T11:30:09.098173"}
{"op_code":0,"worker_id":"0bec4c99-588a-42b3-861d-dce25e3dc68e-23456247935296","study_name":"peter_mushrooms_k5","directions":[2]}
{"op_code":4,"worker_id":"0bec4c99-588a-42b3-861d-dce25e3dc68e-23456247935296","study_id":0,"datetime_start":"2026-07-24T11:35:21.672361"}
{"op_code":5,"worker_id":"0bec4c99-588a-42b3-861d-dce25e3dc68e-23456247935296","trial_id":20,"param_name":"lr","param_value_internal":2.6503713194778348e-08,"distribution":"{\"name\": \"FloatDistribution\", \"attributes\": {\"step\": null, \"low\": 1e-08, \"high\": 0.5, \"log\": true}}"}
{"op_code":5,"worker_id":"0bec4c99-588a-42b3-861d-dce25e3dc68e-23456247935296","trial_id":20,"param_name":"ratio","param_value_internal":50.23016795368972,"distribution":"{\"name\": \"FloatDistribution\", \"attributes\": {\"step\": null, \"low\": 0.1, \"high\": 100.0, \"log\": true}}"}
{"op_code":6,"worker_id":"0bec4c99-588a-42b3-861d-dce25e3dc68e-23456247935296","trial_id":20,"state":1,"values":[-59.780609035576454],"datetime_complete":"2026-07-24T11:38:44.743198"}
{"op_code":0,"worker_id":"867cf038-4dcb-4f89-ba3f-1d0bafbb429f-23456247935296","study_name":"peter_mushrooms_k5","directions":[2]}
{"op_code":4,"worker_id":"867cf038-4dcb-4f89-ba3f-1d0bafbb429f-23456247935296","study_id":0,"datetime_start":"2026-07-24T11:39:27.532888"}
{"op_code":5,"worker_id":"867cf038-4dcb-4f89-ba3f-1d0bafbb429f-23456247935296","trial_id":21,"param_name":"lr","param_value_internal":0.01715662962557431,"distribution":"{\"name\": \"FloatDistribution\", \"attributes\": {\"step\": null, \"low\": 1e-08, \"high\": 0.5, \"log\": true}}"}
{"op_code":5,"worker_id":"867cf038-4dcb-4f89-ba3f-1d0bafbb429f-23456247935296","trial_id":21,"param_name":"ratio","param_value_internal":64.74671247761276,"distribution":"{\"name\": \"FloatDistribution\", \"attributes\": {\"step\": null, \"low\": 0.1, \"high\": 100.0, \"log\": true}}"}
{"op_code":6,"worker_id":"867cf038-4dcb-4f89-ba3f-1d0bafbb429f-23456247935296","trial_id":21,"state":3,"values":null,"datetime_complete":"2026-07-24T11:39:36.887289"}
{"op_code":0,"worker_id":"86f18389-6a7b-47fe-954e-147d3e91a869-23456247935296","study_name":"peter_mushrooms_k5","directions":[2]}
{"op_code":4,"worker_id":"86f18389-6a7b-47fe-954e-147d3e91a869-23456247935296","study_id":0,"datetime_start":"2026-07-24T11:43:02.483995"}
{"op_code":5,"worker_id":"86f18389-6a7b-47fe-954e-147d3e91a869-23456247935296","trial_id":22,"param_name":"lr","param_value_internal":0.00038178746902883527,"distribution":"{\"name\": \"FloatDistribution\", \"attributes\": {\"step\": null, \"low\": 1e-08, \"high\": 0.5, \"log\": true}}"}
{"op_code":5,"worker_id":"86f18389-6a7b-47fe-954e-147d3e91a869-23456247935296","trial_id":22,"param_name":"ratio","param_value_internal":2.484751951410614,"distribution":"{\"name\": \"FloatDistribution\", \"attributes\": {\"step\": null, \"low\": 0.1, \"high\": 100.0, \"log\": true}}"}
{"op_code":6,"worker_id":"86f18389-6a7b-47fe-954e-147d3e91a869-23456247935296","trial_id":22,"state":1,"values":[-43.27724613491514],"datetime_complete":"2026-07-24T11:45:55.670411"}
{"op_code":0,"worker_id":"67c99e49-e11a-41db-87c6-d9d29781c13c-23456247935296","study_name":"peter_mushrooms_k5","directions":[2]}
{"op_code":4,"worker_id":"67c99e49-e11a-41db-87c6-d9d29781c13c-23456247935296","study_id":0,"datetime_start":"2026-07-24T11:46:16.052342"}
{"op_code":5,"worker_id":"67c99e49-e11a-41db-87c6-d9d29781c13c-23456247935296","trial_id":23,"param_name":"lr","param_value_internal":0.0009370813259520592,"distribution":"{\"name\": \"FloatDistribution\", \"attributes\": {\"step\": null, \"low\": 1e-08, \"high\": 0.5, \"log\": true}}"}
{"op_code":5,"worker_id":"67c99e49-e11a-41db-87c6-d9d29781c13c-23456247935296","trial_id":23,"param_name":"ratio","param_value_internal":2.7582457155653457,"distribution":"{\"name\": \"FloatDistribution\", \"attributes\": {\"step\": null, \"low\": 0.1, \"high\": 100.0, \"log\": true}}"}
{"op_code":6,"worker_id":"67c99e49-e11a-41db-87c6-d9d29781c13c-23456247935296","trial_id":23,"state":1,"values":[-41.34115266672416],"datetime_complete":"2026-07-24T11:48:22.694369"}
{"op_code":0,"worker_id":"522b2948-1d07-4792-87e0-9ec971bf67d2-23456247935296","study_name":"peter_mushrooms_k5","directions":[2]}
{"op_code":4,"worker_id":"522b2948-1d07-4792-87e0-9ec971bf67d2-23456247935296","study_id":0,"datetime_start":"2026-07-24T11:49:58.644124"}
{"op_code":9,"worker_id":"522b2948-1d07-4792-87e0-9ec971bf67d2-23456247935296","trial_id":24,"system_attr":{"tpe:relative_params:0":"{\"lr\": 0.17676805981792154, \"ratio\": 26.525192818780575}"}}
{"op_code":5,"worker_id":"522b2948-1d07-4792-87e0-9ec971bf67d2-23456247935296","trial_id":24,"param_name":"lr","param_value_internal":0.17676805981792154,"distribution":"{\"name\": \"FloatDistribution\", \"attributes\": {\"step\": null, \"low\": 1e-08, \"high\": 0.5, \"log\": true}}"}
{"op_code":5,"worker_id":"522b2948-1d07-4792-87e0-9ec971bf67d2-23456247935296","trial_id":24,"param_name":"ratio","param_value_internal":26.525192818780575,"distribution":"{\"name\": \"FloatDistribution\", \"attributes\": {\"step\": null, \"low\": 0.1, \"high\": 100.0, \"log\": true}}"}
{"op_code":6,"worker_id":"522b2948-1d07-4792-87e0-9ec971bf67d2-23456247935296","trial_id":24,"state":3,"values":null,"datetime_complete":"2026-07-24T11:50:06.263461"}
{"op_code":0,"worker_id":"cc987f16-2fea-4715-bbf2-4ee6497c72b3-23456247935296","study_name":"peter_mushrooms_k5","directions":[2]}
{"op_code":4,"worker_id":"cc987f16-2fea-4715-bbf2-4ee6497c72b3-23456247935296","study_id":0,"datetime_start":"2026-07-24T11:53:15.177809"}
{"op_code":9,"worker_id":"cc987f16-2fea-4715-bbf2-4ee6497c72b3-23456247935296","trial_id":25,"system_attr":{"tpe:relative_params:0":"{\"lr\": 0.0012707806777122984, \"ratio\": 26.53361014420456}"}}
{"op_code":5,"worker_id":"cc987f16-2fea-4715-bbf2-4ee6497c72b3-23456247935296","trial_id":25,"param_name":"lr","param_value_internal":0.0012707806777122984,"distribution":"{\"name\": \"FloatDistribution\", \"attributes\": {\"step\": null, \"low\": 1e-08, \"high\": 0.5, \"log\": true}}"}
{"op_code":5,"worker_id":"cc987f16-2fea-4715-bbf2-4ee6497c72b3-23456247935296","trial_id":25,"param_name":"ratio","param_value_internal":26.53361014420456,"distribution":"{\"name\": \"FloatDistribution\", \"attributes\": {\"step\": null, \"low\": 0.1, \"high\": 100.0, \"log\": true}}"}
{"op_code":6,"worker_id":"cc987f16-2fea-4715-bbf2-4ee6497c72b3-23456247935296","trial_id":25,"state":1,"values":[-38.84383117789588],"datetime_complete":"2026-07-24T11:55:48.336789"}
{"op_code":0,"worker_id":"5163683e-3086-4ccf-b449-0936b6da480d-23456247935296","study_name":"peter_mushrooms_k5","directions":[2]}
{"op_code":4,"worker_id":"5163683e-3086-4ccf-b449-0936b6da480d-23456247935296","study_id":0,"datetime_start":"2026-07-24T11:56:47.313818"}
{"op_code":9,"worker_id":"5163683e-3086-4ccf-b449-0936b6da480d-23456247935296","trial_id":26,"system_attr":{"tpe:relative_params:0":"{\"lr\": 0.000878292038719982, \"ratio\": 45.086577302095925}"}}
{"op_code":5,"worker_id":"5163683e-3086-4ccf-b449-0936b6da480d-23456247935296","trial_id":26,"param_name":"lr","param_value_internal":0.000878292038719982,"distribution":"{\"name\": \"FloatDistribution\", \"attributes\": {\"step\": null, \"low\": 1e-08, \"high\": 0.5, \"log\": true}}"}
{"op_code":5,"worker_id":"5163683e-3086-4ccf-b449-0936b6da480d-23456247935296","trial_id":26,"param_name":"ratio","param_value_internal":45.086577302095925,"distribution":"{\"name\": \"FloatDistribution\", \"attributes\": {\"step\": null, \"low\": 0.1, \"high\": 100.0, \"log\": true}}"}
{"op_code":6,"worker_id":"5163683e-3086-4ccf-b449-0936b6da480d-23456247935296","trial_id":26,"state":1,"values":[-35.96523325393725],"datetime_complete":"2026-07-24T11:59:07.101619"}
{"op_code":0,"worker_id":"274aedce-dc8e-4fc9-bd18-958af1839ef0-23456247935296","study_name":"peter_mushrooms_k5","directions":[2]}
{"op_code":4,"worker_id":"274aedce-dc8e-4fc9-bd18-958af1839ef0-23456247935296","study_id":0,"datetime_start":"2026-07-24T12:00:47.209367"}
{"op_code":9,"worker_id":"274aedce-dc8e-4fc9-bd18-958af1839ef0-23456247935296","trial_id":27,"system_attr":{"tpe:relative_params:0":"{\"lr\": 0.00010854584806153026, \"ratio\": 97.51728666786428}"}}
{"op_code":5,"worker_id":"274aedce-dc8e-4fc9-bd18-958af1839ef0-23456247935296","trial_id":27,"param_name":"lr","param_value_internal":0.00010854584806153026,"distribution":"{\"name\": \"FloatDistribution\", \"attributes\": {\"step\": null, \"low\": 1e-08, \"high\": 0.5, \"log\": true}}"}
{"op_code":5,"worker_id":"274aedce-dc8e-4fc9-bd18-958af1839ef0-23456247935296","trial_id":27,"param_name":"ratio","param_value_internal":97.51728666786428,"distribution":"{\"name\": \"FloatDistribution\", \"attributes\": {\"step\": null, \"low\": 0.1, \"high\": 100.0, \"log\": true}}"}
{"op_code":6,"worker_id":"274aedce-dc8e-4fc9-bd18-958af1839ef0-23456247935296","trial_id":27,"state":1,"values":[-38.75198965286407],"datetime_complete":"2026-07-24T12:03:21.921108"}
{"op_code":0,"worker_id":"c891a9fb-83d2-4f1a-b076-d8328b64c658-23456247935296","study_name":"peter_mushrooms_k5","directions":[2]}
{"op_code":4,"worker_id":"c891a9fb-83d2-4f1a-b076-d8328b64c658-23456247935296","study_id":0,"datetime_start":"2026-07-24T12:04:32.360940"}
{"op_code":9,"worker_id":"c891a9fb-83d2-4f1a-b076-d8328b64c658-23456247935296","trial_id":28,"system_attr":{"tpe:relative_params:0":"{\"lr\": 0.03336470211329642, \"ratio\": 81.99259648896991}"}}
{"op_code":5,"worker_id":"c891a9fb-83d2-4f1a-b076-d8328b64c658-23456247935296","trial_id":28,"param_name":"lr","param_value_internal":0.03336470211329642,"distribution":"{\"name\": \"FloatDistribution\", \"attributes\": {\"step\": null, \"low\": 1e-08, \"high\": 0.5, \"log\": true}}"}
{"op_code":5,"worker_id":"c891a9fb-83d2-4f1a-b076-d8328b64c658-23456247935296","trial_id":28,"param_name":"ratio","param_value_internal":81.99259648896991,"distribution":"{\"name\": \"FloatDistribution\", \"attributes\": {\"step\": null, \"low\": 0.1, \"high\": 100.0, \"log\": true}}"}
{"op_code":6,"worker_id":"c891a9fb-83d2-4f1a-b076-d8328b64c658-23456247935296","trial_id":28,"state":3,"values":null,"datetime_complete":"2026-07-24T12:04:40.657814"}
{"op_code":0,"worker_id":"06729059-36f8-4a91-be71-937257597afc-23456247935296","study_name":"peter_mushrooms_k5","directions":[2]}
{"op_code":4,"worker_id":"06729059-36f8-4a91-be71-937257597afc-23456247935296","study_id":0,"datetime_start":"2026-07-24T12:07:48.277731"}
{"op_code":9,"worker_id":"06729059-36f8-4a91-be71-937257597afc-23456247935296","trial_id":29,"system_attr":{"tpe:relative_params:0":"{\"lr\": 1.1147242940750586e-05, \"ratio\": 64.69663292168522}"}}
{"op_code":5,"worker_id":"06729059-36f8-4a91-be71-937257597afc-23456247935296","trial_id":29,"param_name":"lr","param_value_internal":1.1147242940750586e-05,"distribution":"{\"name\": \"FloatDistribution\", \"attributes\": {\"step\": null, \"low\": 1e-08, \"high\": 0.5, \"log\": true}}"}
{"op_code":5,"worker_id":"06729059-36f8-4a91-be71-937257597afc-23456247935296","trial_id":29,"param_name":"ratio","param_value_internal":64.69663292168522,"distribution":"{\"name\": \"FloatDistribution\", \"attributes\": {\"step\": null, \"low\": 0.1, \"high\": 100.0, \"log\": true}}"}
{"op_code":6,"worker_id":"06729059-36f8-4a91-be71-937257597afc-23456247935296","trial_id":29,"state":1,"values":[-46.165777714332386],"datetime_complete":"2026-07-24T12:10:09.464707"}
{"op_code":0,"worker_id":"e39281ec-a4b6-4dcc-8b6e-8bd9f99c7d95-23456247935296","study_name":"peter_mushrooms_k5","directions":[2]}
{"op_code":4,"worker_id":"e39281ec-a4b6-4dcc-8b6e-8bd9f99c7d95-23456247935296","study_id":0,"datetime_start":"2026-07-24T12:12:03.772705"}
{"op_code":9,"worker_id":"e39281ec-a4b6-4dcc-8b6e-8bd9f99c7d95-23456247935296","trial_id":30,"system_attr":{"tpe:relative_params:0":"{\"lr\": 0.005137577576278194, \"ratio\": 56.62271419290012}"}}
{"op_code":5,"worker_id":"e39281ec-a4b6-4dcc-8b6e-8bd9f99c7d95-23456247935296","trial_id":30,"param_name":"lr","param_value_internal":0.005137577576278194,"distribution":"{\"name\": \"FloatDistribution\", \"attributes\": {\"step\": null, \"low\": 1e-08, \"high\": 0.5, \"log\": true}}"}
{"op_code":5,"worker_id":"e39281ec-a4b6-4dcc-8b6e-8bd9f99c7d95-23456247935296","trial_id":30,"param_name":"ratio","param_value_internal":56.62271419290012,"distribution":"{\"name\": \"FloatDistribution\", \"attributes\": {\"step\": null, \"low\": 0.1, \"high\": 100.0, \"log\": true}}"}
{"op_code":6,"worker_id":"e39281ec-a4b6-4dcc-8b6e-8bd9f99c7d95-23456247935296","trial_id":30,"state":3,"values":null,"datetime_complete":"2026-07-24T12:12:13.954544"}
{"op_code":0,"worker_id":"4d62ce95-a048-418e-8eae-74388d9a7a90-23456247935296","study_name":"peter_mushrooms_k5","directions":[2]}
{"op_code":4,"worker_id":"4d62ce95-a048-418e-8eae-74388d9a7a90-23456247935296","study_id":0,"datetime_start":"2026-07-24T12:16:12.171429"}
{"op_code":9,"worker_id":"4d62ce95-a048-418e-8eae-74388d9a7a90-23456247935296","trial_id":31,"system_attr":{"tpe:relative_params:0":"{\"lr\": 0.04326446676194022, \"ratio\": 97.83747737956172}"}}
{"op_code":5,"worker_id":"4d62ce95-a048-418e-8eae-74388d9a7a90-23456247935296","trial_id":31,"param_name":"lr","param_value_internal":0.04326446676194022,"distribution":"{\"name\": \"FloatDistribution\", \"attributes\": {\"step\": null, \"low\": 1e-08, \"high\": 0.5, \"log\": true}}"}
{"op_code":5,"worker_id":"4d62ce95-a048-418e-8eae-74388d9a7a90-23456247935296","trial_id":31,"param_name":"ratio","param_value_internal":97.83747737956172,"distribution":"{\"name\": \"FloatDistribution\", \"attributes\": {\"step\": null, \"low\": 0.1, \"high\": 100.0, \"log\": true}}"}
{"op_code":6,"worker_id":"4d62ce95-a048-418e-8eae-74388d9a7a90-23456247935296","trial_id":31,"state":3,"values":null,"datetime_complete":"2026-07-24T12:16:19.893256"}
{"op_code":0,"worker_id":"2980d795-1d15-4e84-a06e-4b231ea5f2fd-23456247935296","study_name":"peter_mushrooms_k5","directions":[2]}
{"op_code":4,"worker_id":"2980d795-1d15-4e84-a06e-4b231ea5f2fd-23456247935296","study_id":0,"datetime_start":"2026-07-24T12:19:27.214047"}
{"op_code":9,"worker_id":"2980d795-1d15-4e84-a06e-4b231ea5f2fd-23456247935296","trial_id":32,"system_attr":{"tpe:relative_params:0":"{\"lr\": 0.36266178780512953, \"ratio\": 47.65776244115623}"}}
{"op_code":5,"worker_id":"2980d795-1d15-4e84-a06e-4b231ea5f2fd-23456247935296","trial_id":32,"param_name":"lr","param_value_internal":0.36266178780512953,"distribution":"{\"name\": \"FloatDistribution\", \"attributes\": {\"step\": null, \"low\": 1e-08, \"high\": 0.5, \"log\": true}}"}
{"op_code":5,"worker_id":"2980d795-1d15-4e84-a06e-4b231ea5f2fd-23456247935296","trial_id":32,"param_name":"ratio","param_value_internal":47.65776244115623,"distribution":"{\"name\": \"FloatDistribution\", \"attributes\": {\"step\": null, \"low\": 0.1, \"high\": 100.0, \"log\": true}}"}
{"op_code":6,"worker_id":"2980d795-1d15-4e84-a06e-4b231ea5f2fd-23456247935296","trial_id":32,"state":3,"values":null,"datetime_complete":"2026-07-24T12:19:35.312231"}
{"op_code":0,"worker_id":"02fe964e-a187-4bdb-93de-c2447158fdc6-23456247935296","study_name":"peter_mushrooms_k5","directions":[2]}
{"op_code":4,"worker_id":"02fe964e-a187-4bdb-93de-c2447158fdc6-23456247935296","study_id":0,"datetime_start":"2026-07-24T12:23:44.874991"}
{"op_code":9,"worker_id":"02fe964e-a187-4bdb-93de-c2447158fdc6-23456247935296","trial_id":33,"system_attr":{"tpe:relative_params:0":"{\"lr\": 0.029850945232851506, \"ratio\": 87.06416266017321}"}}
{"op_code":5,"worker_id":"02fe964e-a187-4bdb-93de-c2447158fdc6-23456247935296","trial_id":33,"param_name":"lr","param_value_internal":0.029850945232851506,"distribution":"{\"name\": \"FloatDistribution\", \"attributes\": {\"step\": null, \"low\": 1e-08, \"high\": 0.5, \"log\": true}}"}
{"op_code":5,"worker_id":"02fe964e-a187-4bdb-93de-c2447158fdc6-23456247935296","trial_id":33,"param_name":"ratio","param_value_internal":87.06416266017321,"distribution":"{\"name\": \"FloatDistribution\", \"attributes\": {\"step\": null, \"low\": 0.1, \"high\": 100.0, \"log\": true}}"}
{"op_code":6,"worker_id":"02fe964e-a187-4bdb-93de-c2447158fdc6-23456247935296","trial_id":33,"state":3,"values":null,"datetime_complete":"2026-07-24T12:23:54.402481"}
{"op_code":0,"worker_id":"5adbbbbb-f0a8-4c83-a18f-8b45c7b0ce6b-23456247935296","study_name":"peter_mushrooms_k5","directions":[2]}
{"op_code":4,"worker_id":"5adbbbbb-f0a8-4c83-a18f-8b45c7b0ce6b-23456247935296","study_id":0,"datetime_start":"2026-07-24T12:29:36.565295"}
{"op_code":9,"worker_id":"5adbbbbb-f0a8-4c83-a18f-8b45c7b0ce6b-23456247935296","trial_id":34,"system_attr":{"tpe:relative_params:0":"{\"lr\": 0.012103221413746305, \"ratio\": 66.28413874344739}"}}
{"op_code":5,"worker_id":"5adbbbbb-f0a8-4c83-a18f-8b45c7b0ce6b-23456247935296","trial_id":34,"param_name":"lr","param_value_internal":0.012103221413746305,"distribution":"{\"name\": \"FloatDistribution\", \"attributes\": {\"step\": null, \"low\": 1e-08, \"high\": 0.5, \"log\": true}}"}
{"op_code":5,"worker_id":"5adbbbbb-f0a8-4c83-a18f-8b45c7b0ce6b-23456247935296","trial_id":34,"param_name":"ratio","param_value_internal":66.28413874344739,"distribution":"{\"name\": \"FloatDistribution\", \"attributes\": {\"step\": null, \"low\": 0.1, \"high\": 100.0, \"log\": true}}"}
{"op_code":6,"worker_id":"5adbbbbb-f0a8-4c83-a18f-8b45c7b0ce6b-23456247935296","trial_id":34,"state":3,"values":null,"datetime_complete":"2026-07-24T12:29:49.564637"}
{"op_code":0,"worker_id":"fd66b7a0-8b44-44e5-a3f6-ce083b48dc38-23456247935296","study_name":"peter_mushrooms_k5","directions":[2]}
{"op_code":4,"worker_id":"fd66b7a0-8b44-44e5-a3f6-ce083b48dc38-23456247935296","study_id":0,"datetime_start":"2026-07-24T12:33:53.860321"}
{"op_code":9,"worker_id":"fd66b7a0-8b44-44e5-a3f6-ce083b48dc38-23456247935296","trial_id":35,"system_attr":{"tpe:relative_params:0":"{\"lr\": 0.1782066143155442, \"ratio\": 72.03998673955968}"}}
{"op_code":5,"worker_id":"fd66b7a0-8b44-44e5-a3f6-ce083b48dc38-23456247935296","trial_id":35,"param_name":"lr","param_value_internal":0.1782066143155442,"distribution":"{\"name\": \"FloatDistribution\", \"attributes\": {\"step\": null, \"low\": 1e-08, \"high\": 0.5, \"log\": true}}"}
{"op_code":5,"worker_id":"fd66b7a0-8b44-44e5-a3f6-ce083b48dc38-23456247935296","trial_id":35,"param_name":"ratio","param_value_internal":72.03998673955968,"distribution":"{\"name\": \"FloatDistribution\", \"attributes\": {\"step\": null, \"low\": 0.1, \"high\": 100.0, \"log\": true}}"}
{"op_code":6,"worker_id":"fd66b7a0-8b44-44e5-a3f6-ce083b48dc38-23456247935296","trial_id":35,"state":3,"values":null,"datetime_complete":"2026-07-24T12:34:01.647235"}
{"op_code":0,"worker_id":"fedce9f1-ffba-4594-a05f-4f233c899b67-23456247935296","study_name":"peter_mushrooms_k5","directions":[2]}
{"op_code":4,"worker_id":"fedce9f1-ffba-4594-a05f-4f233c899b67-23456247935296","study_id":0,"datetime_start":"2026-07-24T12:38:10.244275"}
{"op_code":9,"worker_id":"fedce9f1-ffba-4594-a05f-4f233c899b67-23456247935296","trial_id":36,"system_attr":{"tpe:relative_params:0":"{\"lr\": 0.0061937779638247285, \"ratio\": 99.89389058785521}"}}
{"op_code":5,"worker_id":"fedce9f1-ffba-4594-a05f-4f233c899b67-23456247935296","trial_id":36,"param_name":"lr","param_value_internal":0.0061937779638247285,"distribution":"{\"name\": \"FloatDistribution\", \"attributes\": {\"step\": null, \"low\": 1e-08, \"high\": 0.5, \"log\": true}}"}
{"op_code":5,"worker_id":"fedce9f1-ffba-4594-a05f-4f233c899b67-23456247935296","trial_id":36,"param_name":"ratio","param_value_internal":99.89389058785521,"distribution":"{\"name\": \"FloatDistribution\", \"attributes\": {\"step\": null, \"low\": 0.1, \"high\": 100.0, \"log\": true}}"}
{"op_code":6,"worker_id":"fedce9f1-ffba-4594-a05f-4f233c899b67-23456247935296","trial_id":36,"state":3,"values":null,"datetime_complete":"2026-07-24T12:38:20.499804"}
{"op_code":0,"worker_id":"7a8baa7e-723d-4034-bd3c-56b3454d748e-23456247935296","study_name":"peter_mushrooms_k5","directions":[2]}
{"op_code":4,"worker_id":"7a8baa7e-723d-4034-bd3c-56b3454d748e-23456247935296","study_id":0,"datetime_start":"2026-07-24T12:43:34.197176"}
{"op_code":9,"worker_id":"7a8baa7e-723d-4034-bd3c-56b3454d748e-23456247935296","trial_id":37,"system_attr":{"tpe:relative_params:0":"{\"lr\": 0.11765839610800592, \"ratio\": 53.047576437837385}"}}
{"op_code":5,"worker_id":"7a8baa7e-723d-4034-bd3c-56b3454d748e-23456247935296","trial_id":37,"param_name":"lr","param_value_internal":0.11765839610800592,"distribution":"{\"name\": \"FloatDistribution\", \"attributes\": {\"step\": null, \"low\": 1e-08, \"high\": 0.5, \"log\": true}}"}
{"op_code":5,"worker_id":"7a8baa7e-723d-4034-bd3c-56b3454d748e-23456247935296","trial_id":37,"param_name":"ratio","param_value_internal":53.047576437837385,"distribution":"{\"name\": \"FloatDistribution\", \"attributes\": {\"step\": null, \"low\": 0.1, \"high\": 100.0, \"log\": true}}"}
{"op_code":6,"worker_id":"7a8baa7e-723d-4034-bd3c-56b3454d748e-23456247935296","trial_id":37,"state":3,"values":null,"datetime_complete":"2026-07-24T12:43:42.925549"}
{"op_code":0,"worker_id":"64e43dca-15bb-44e5-964c-5f77059a549e-23456247935296","study_name":"peter_mushrooms_k5","directions":[2]}
{"op_code":4,"worker_id":"64e43dca-15bb-44e5-964c-5f77059a549e-23456247935296","study_id":0,"datetime_start":"2026-07-24T12:48:21.474138"}
{"op_code":9,"worker_id":"64e43dca-15bb-44e5-964c-5f77059a549e-23456247935296","trial_id":38,"system_attr":{"tpe:relative_params:0":"{\"lr\": 0.06459094390865343, \"ratio\": 70.22885097787264}"}}
{"op_code":5,"worker_id":"64e43dca-15bb-44e5-964c-5f77059a549e-23456247935296","trial_id":38,"param_name":"lr","param_value_internal":0.06459094390865343,"distribution":"{\"name\": \"FloatDistribution\", \"attributes\": {\"step\": null, \"low\": 1e-08, \"high\": 0.5, \"log\": true}}"}
{"op_code":5,"worker_id":"64e43dca-15bb-44e5-964c-5f77059a549e-23456247935296","trial_id":38,"param_name":"ratio","param_value_internal":70.22885097787264,"distribution":"{\"name\": \"FloatDistribution\", \"attributes\": {\"step\": null, \"low\": 0.1, \"high\": 100.0, \"log\": true}}"}
{"op_code":6,"worker_id":"64e43dca-15bb-44e5-964c-5f77059a549e-23456247935296","trial_id":38,"state":3,"values":null,"datetime_complete":"2026-07-24T12:48:33.055057"}
{"op_code":0,"worker_id":"d76c3663-402d-4e96-8736-617d4c0eea7e-23456247935296","study_name":"peter_mushrooms_k5","directions":[2]}
{"op_code":4,"worker_id":"d76c3663-402d-4e96-8736-617d4c0eea7e-23456247935296","study_id":0,"datetime_start":"2026-07-24T12:52:57.604676"}
{"op_code":9,"worker_id":"d76c3663-402d-4e96-8736-617d4c0eea7e-23456247935296","trial_id":39,"system_attr":{"tpe:relative_params:0":"{\"lr\": 0.0005022346686305179, \"ratio\": 85.86875860939416}"}}
{"op_code":5,"worker_id":"d76c3663-402d-4e96-8736-617d4c0eea7e-23456247935296","trial_id":39,"param_name":"lr","param_value_internal":0.0005022346686305179,"distribution":"{\"name\": \"FloatDistribution\", \"attributes\": {\"step\": null, \"low\": 1e-08, \"high\": 0.5, \"log\": true}}"}
{"op_code":5,"worker_id":"d76c3663-402d-4e96-8736-617d4c0eea7e-23456247935296","trial_id":39,"param_name":"ratio","param_value_internal":85.86875860939416,"distribution":"{\"name\": \"FloatDistribution\", \"attributes\": {\"step\": null, \"low\": 0.1, \"high\": 100.0, \"log\": true}}"}
{"op_code":6,"worker_id":"d76c3663-402d-4e96-8736-617d4c0eea7e-23456247935296","trial_id":39,"state":1,"values":[-36.8013166074884],"datetime_complete":"2026-07-24T12:56:19.036548"}
{"op_code":0,"worker_id":"e9b4d9bb-aff2-4b8b-97d5-9c990d1c0736-23456247935296","study_name":"peter_mushrooms_k5","directions":[2]}
{"op_code":4,"worker_id":"e9b4d9bb-aff2-4b8b-97d5-9c990d1c0736-23456247935296","study_id":0,"datetime_start":"2026-07-24T12:57:30.825922"}
{"op_code":9,"worker_id":"e9b4d9bb-aff2-4b8b-97d5-9c990d1c0736-23456247935296","trial_id":40,"system_attr":{"tpe:relative_params:0":"{\"lr\": 0.14655156757103172, \"ratio\": 33.686871765989295}"}}
{"op_code":5,"worker_id":"e9b4d9bb-aff2-4b8b-97d5-9c990d1c0736-23456247935296","trial_id":40,"param_name":"lr","param_value_internal":0.14655156757103172,"distribution":"{\"name\": \"FloatDistribution\", \"attributes\": {\"step\": null, \"low\": 1e-08, \"high\": 0.5, \"log\": true}}"}
{"op_code":5,"worker_id":"e9b4d9bb-aff2-4b8b-97d5-9c990d1c0736-23456247935296","trial_id":40,"param_name":"ratio","param_value_internal":33.686871765989295,"distribution":"{\"name\": \"FloatDistribution\", \"attributes\": {\"step\": null, \"low\": 0.1, \"high\": 100.0, \"log\": true}}"}
{"op_code":6,"worker_id":"e9b4d9bb-aff2-4b8b-97d5-9c990d1c0736-23456247935296","trial_id":40,"state":3,"values":null,"datetime_complete":"2026-07-24T12:57:43.952605"}
{"op_code":0,"worker_id":"0086342e-d629-42ef-8e6f-454faa3f145b-23456247935296","study_name":"peter_mushrooms_k5","directions":[2]}
{"op_code":4,"worker_id":"0086342e-d629-42ef-8e6f-454faa3f145b-23456247935296","study_id":0,"datetime_start":"2026-07-24T13:01:27.817891"}
{"op_code":9,"worker_id":"0086342e-d629-42ef-8e6f-454faa3f145b-23456247935296","trial_id":41,"system_attr":{"tpe:relative_params:0":"{\"lr\": 0.1383085887656696, \"ratio\": 28.96436459044095}"}}
{"op_code":5,"worker_id":"0086342e-d629-42ef-8e6f-454faa3f145b-23456247935296","trial_id":41,"param_name":"lr","param_value_internal":0.1383085887656696,"distribution":"{\"name\": \"FloatDistribution\", \"attributes\": {\"step\": null, \"low\": 1e-08, \"high\": 0.5, \"log\": true}}"}
{"op_code":5,"worker_id":"0086342e-d629-42ef-8e6f-454faa3f145b-23456247935296","trial_id":41,"param_name":"ratio","param_value_internal":28.96436459044095,"distribution":"{\"name\": \"FloatDistribution\", \"attributes\": {\"step\": null, \"low\": 0.1, \"high\": 100.0, \"log\": true}}"}
{"op_code":6,"worker_id":"0086342e-d629-42ef-8e6f-454faa3f145b-23456247935296","trial_id":41,"state":3,"values":null,"datetime_complete":"2026-07-24T13:01:37.111304"}
{"op_code":0,"worker_id":"9b7fa572-da4d-4255-bb24-0ac27037490f-23456247935296","study_name":"peter_mushrooms_k5","directions":[2]}
{"op_code":4,"worker_id":"9b7fa572-da4d-4255-bb24-0ac27037490f-23456247935296","study_id":0,"datetime_start":"2026-07-24T13:05:43.889726"}
{"op_code":9,"worker_id":"9b7fa572-da4d-4255-bb24-0ac27037490f-23456247935296","trial_id":42,"system_attr":{"tpe:relative_params:0":"{\"lr\": 0.053362571850973574, \"ratio\": 23.19642677554513}"}}
{"op_code":5,"worker_id":"9b7fa572-da4d-4255-bb24-0ac27037490f-23456247935296","trial_id":42,"param_name":"lr","param_value_internal":0.053362571850973574,"distribution":"{\"name\": \"FloatDistribution\", \"attributes\": {\"step\": null, \"low\": 1e-08, \"high\": 0.5, \"log\": true}}"}
{"op_code":5,"worker_id":"9b7fa572-da4d-4255-bb24-0ac27037490f-23456247935296","trial_id":42,"param_name":"ratio","param_value_internal":23.19642677554513,"distribution":"{\"name\": \"FloatDistribution\", \"attributes\": {\"step\": null, \"low\": 0.1, \"high\": 100.0, \"log\": true}}"}
{"op_code":6,"worker_id":"9b7fa572-da4d-4255-bb24-0ac27037490f-23456247935296","trial_id":42,"state":3,"values":null,"datetime_complete":"2026-07-24T13:05:54.070473"}
{"op_code":0,"worker_id":"312a4729-e872-47f5-b7b3-326383ed444b-23456247935296","study_name":"peter_mushrooms_k5","directions":[2]}
{"op_code":4,"worker_id":"312a4729-e872-47f5-b7b3-326383ed444b-23456247935296","study_id":0,"datetime_start":"2026-07-24T13:10:18.160116"}
{"op_code":9,"worker_id":"312a4729-e872-47f5-b7b3-326383ed444b-23456247935296","trial_id":43,"system_attr":{"tpe:relative_params:0":"{\"lr\": 0.14735276037912542, \"ratio\": 72.38820211520913}"}}
{"op_code":5,"worker_id":"312a4729-e872-47f5-b7b3-326383ed444b-23456247935296","trial_id":43,"param_name":"lr","param_value_internal":0.14735276037912542,"distribution":"{\"name\": \"FloatDistribution\", \"attributes\": {\"step\": null, \"low\": 1e-08, \"high\": 0.5, \"log\": true}}"}
{"op_code":5,"worker_id":"312a4729-e872-47f5-b7b3-326383ed444b-23456247935296","trial_id":43,"param_name":"ratio","param_value_internal":72.38820211520913,"distribution":"{\"name\": \"FloatDistribution\", \"attributes\": {\"step\": null, \"low\": 0.1, \"high\": 100.0, \"log\": true}}"}
{"op_code":6,"worker_id":"312a4729-e872-47f5-b7b3-326383ed444b-23456247935296","trial_id":43,"state":3,"values":null,"datetime_complete":"2026-07-24T13:10:27.070310"}
{"op_code":0,"worker_id":"4d82516f-56a8-40b0-a6da-048e33cfdf60-23456247935296","study_name":"peter_mushrooms_k5","directions":[2]}
{"op_code":4,"worker_id":"4d82516f-56a8-40b0-a6da-048e33cfdf60-23456247935296","study_id":0,"datetime_start":"2026-07-24T13:15:16.882577"}
{"op_code":9,"worker_id":"4d82516f-56a8-40b0-a6da-048e33cfdf60-23456247935296","trial_id":44,"system_attr":{"tpe:relative_params:0":"{\"lr\": 0.16885055670521334, \"ratio\": 44.90485686425181}"}}
{"op_code":5,"worker_id":"4d82516f-56a8-40b0-a6da-048e33cfdf60-23456247935296","trial_id":44,"param_name":"lr","param_value_internal":0.16885055670521334,"distribution":"{\"name\": \"FloatDistribution\", \"attributes\": {\"step\": null, \"low\": 1e-08, \"high\": 0.5, \"log\": true}}"}
{"op_code":5,"worker_id":"4d82516f-56a8-40b0-a6da-048e33cfdf60-23456247935296","trial_id":44,"param_name":"ratio","param_value_internal":44.90485686425181,"distribution":"{\"name\": \"FloatDistribution\", \"attributes\": {\"step\": null, \"low\": 0.1, \"high\": 100.0, \"log\": true}}"}
{"op_code":6,"worker_id":"4d82516f-56a8-40b0-a6da-048e33cfdf60-23456247935296","trial_id":44,"state":3,"values":null,"datetime_complete":"2026-07-24T13:15:25.729574"}
{"op_code":0,"worker_id":"2b7275a8-b13b-41e5-af3c-afd30c7783bd-23456247935296","study_name":"peter_mushrooms_k5","directions":[2]}
{"op_code":4,"worker_id":"2b7275a8-b13b-41e5-af3c-afd30c7783bd-23456247935296","study_id":0,"datetime_start":"2026-07-24T13:18:52.467667"}
{"op_code":9,"worker_id":"2b7275a8-b13b-41e5-af3c-afd30c7783bd-23456247935296","trial_id":45,"system_attr":{"tpe:relative_params:0":"{\"lr\": 0.2753322662358851, \"ratio\": 30.90791715355122}"}}
{"op_code":5,"worker_id":"2b7275a8-b13b-41e5-af3c-afd30c7783bd-23456247935296","trial_id":45,"param_name":"lr","param_value_internal":0.2753322662358851,"distribution":"{\"name\": \"FloatDistribution\", \"attributes\": {\"step\": null, \"low\": 1e-08, \"high\": 0.5, \"log\": true}}"}
{"op_code":5,"worker_id":"2b7275a8-b13b-41e5-af3c-afd30c7783bd-23456247935296","trial_id":45,"param_name":"ratio","param_value_internal":30.90791715355122,"distribution":"{\"name\": \"FloatDistribution\", \"attributes\": {\"step\": null, \"low\": 0.1, \"high\": 100.0, \"log\": true}}"}
{"op_code":6,"worker_id":"2b7275a8-b13b-41e5-af3c-afd30c7783bd-23456247935296","trial_id":45,"state":3,"values":null,"datetime_complete":"2026-07-24T13:19:01.274297"}
{"op_code":0,"worker_id":"39b490df-8b0e-4d51-97ef-de5243e05817-23456247935296","study_name":"peter_mushrooms_k5","directions":[2]}
{"op_code":4,"worker_id":"39b490df-8b0e-4d51-97ef-de5243e05817-23456247935296","study_id":0,"datetime_start":"2026-07-24T13:21:56.991480"}
{"op_code":9,"worker_id":"39b490df-8b0e-4d51-97ef-de5243e05817-23456247935296","trial_id":46,"system_attr":{"tpe:relative_params:0":"{\"lr\": 0.3749262492014022, \"ratio\": 52.263207765463115}"}}
{"op_code":5,"worker_id":"39b490df-8b0e-4d51-97ef-de5243e05817-23456247935296","trial_id":46,"param_name":"lr","param_value_internal":0.3749262492014022,"distribution":"{\"name\": \"FloatDistribution\", \"attributes\": {\"step\": null, \"low\": 1e-08, \"high\": 0.5, \"log\": true}}"}
{"op_code":5,"worker_id":"39b490df-8b0e-4d51-97ef-de5243e05817-23456247935296","trial_id":46,"param_name":"ratio","param_value_internal":52.263207765463115,"distribution":"{\"name\": \"FloatDistribution\", \"attributes\": {\"step\": null, \"low\": 0.1, \"high\": 100.0, \"log\": true}}"}
{"op_code":6,"worker_id":"39b490df-8b0e-4d51-97ef-de5243e05817-23456247935296","trial_id":46,"state":3,"values":null,"datetime_complete":"2026-07-24T13:22:04.964761"}
{"op_code":0,"worker_id":"906987cc-220c-471f-840d-e3003886fec9-23456247935296","study_name":"peter_mushrooms_k5","directions":[2]}
{"op_code":4,"worker_id":"906987cc-220c-471f-840d-e3003886fec9-23456247935296","study_id":0,"datetime_start":"2026-07-24T13:24:47.782836"}
{"op_code":9,"worker_id":"906987cc-220c-471f-840d-e3003886fec9-23456247935296","trial_id":47,"system_attr":{"tpe:relative_params:0":"{\"lr\": 0.04050332876385164, \"ratio\": 45.901567510629384}"}}
{"op_code":5,"worker_id":"906987cc-220c-471f-840d-e3003886fec9-23456247935296","trial_id":47,"param_name":"lr","param_value_internal":0.04050332876385164,"distribution":"{\"name\": \"FloatDistribution\", \"attributes\": {\"step\": null, \"low\": 1e-08, \"high\": 0.5, \"log\": true}}"}
{"op_code":5,"worker_id":"906987cc-220c-471f-840d-e3003886fec9-23456247935296","trial_id":47,"param_name":"ratio","param_value_internal":45.901567510629384,"distribution":"{\"name\": \"FloatDistribution\", \"attributes\": {\"step\": null, \"low\": 0.1, \"high\": 100.0, \"log\": true}}"}
{"op_code":6,"worker_id":"906987cc-220c-471f-840d-e3003886fec9-23456247935296","trial_id":47,"state":3,"values":null,"datetime_complete":"2026-07-24T13:25:00.311783"}
{"op_code":0,"worker_id":"f02492ef-6f05-4f12-91a9-836fb880d220-23456247935296","study_name":"peter_mushrooms_k5","directions":[2]}
{"op_code":4,"worker_id":"f02492ef-6f05-4f12-91a9-836fb880d220-23456247935296","study_id":0,"datetime_start":"2026-07-24T13:28:01.520330"}
{"op_code":9,"worker_id":"f02492ef-6f05-4f12-91a9-836fb880d220-23456247935296","trial_id":48,"system_attr":{"tpe:relative_params:0":"{\"lr\": 0.2457958884386437, \"ratio\": 42.0481112198611}"}}
{"op_code":5,"worker_id":"f02492ef-6f05-4f12-91a9-836fb880d220-23456247935296","trial_id":48,"param_name":"lr","param_value_internal":0.2457958884386437,"distribution":"{\"name\": \"FloatDistribution\", \"attributes\": {\"step\": null, \"low\": 1e-08, \"high\": 0.5, \"log\": true}}"}
{"op_code":5,"worker_id":"f02492ef-6f05-4f12-91a9-836fb880d220-23456247935296","trial_id":48,"param_name":"ratio","param_value_internal":42.0481112198611,"distribution":"{\"name\": \"FloatDistribution\", \"attributes\": {\"step\": null, \"low\": 0.1, \"high\": 100.0, \"log\": true}}"}
{"op_code":6,"worker_id":"f02492ef-6f05-4f12-91a9-836fb880d220-23456247935296","trial_id":48,"state":3,"values":null,"datetime_complete":"2026-07-24T13:28:09.565317"}
{"op_code":0,"worker_id":"50fd7cfe-a3eb-4b87-88bb-3342b97c297a-23456247935296","study_name":"peter_mushrooms_k5","directions":[2]}
{"op_code":4,"worker_id":"50fd7cfe-a3eb-4b87-88bb-3342b97c297a-23456247935296","study_id":0,"datetime_start":"2026-07-24T13:31:49.962760"}
{"op_code":9,"worker_id":"50fd7cfe-a3eb-4b87-88bb-3342b97c297a-23456247935296","trial_id":49,"system_attr":{"tpe:relative_params:0":"{\"lr\": 0.06325412846131226, \"ratio\": 41.68326991667907}"}}
{"op_code":5,"worker_id":"50fd7cfe-a3eb-4b87-88bb-3342b97c297a-23456247935296","trial_id":49,"param_name":"lr","param_value_internal":0.06325412846131226,"distribution":"{\"name\": \"FloatDistribution\", \"attributes\": {\"step\": null, \"low\": 1e-08, \"high\": 0.5, \"log\": true}}"}
{"op_code":5,"worker_id":"50fd7cfe-a3eb-4b87-88bb-3342b97c297a-23456247935296","trial_id":49,"param_name":"ratio","param_value_internal":41.68326991667907,"distribution":"{\"name\": \"FloatDistribution\", \"attributes\": {\"step\": null, \"low\": 0.1, \"high\": 100.0, \"log\": true}}"}
{"op_code":6,"worker_id":"50fd7cfe-a3eb-4b87-88bb-3342b97c297a-23456247935296","trial_id":49,"state":3,"values":null,"datetime_complete":"2026-07-24T13:31:58.890975"}
{"op_code":0,"worker_id":"83023215-5f8e-414f-8f55-cb5c2635b17e-23456247935296","study_name":"peter_mushrooms_k5","directions":[2]}
{"op_code":4,"worker_id":"83023215-5f8e-414f-8f55-cb5c2635b17e-23456247935296","study_id":0,"datetime_start":"2026-07-24T13:35:36.266701"}
{"op_code":9,"worker_id":"83023215-5f8e-414f-8f55-cb5c2635b17e-23456247935296","trial_id":50,"system_attr":{"tpe:relative_params:0":"{\"lr\": 0.16450930342491943, \"ratio\": 99.78903115442507}"}}
{"op_code":5,"worker_id":"83023215-5f8e-414f-8f55-cb5c2635b17e-23456247935296","trial_id":50,"param_name":"lr","param_value_internal":0.16450930342491943,"distribution":"{\"name\": \"FloatDistribution\", \"attributes\": {\"step\": null, \"low\": 1e-08, \"high\": 0.5, \"log\": true}}"}
{"op_code":5,"worker_id":"83023215-5f8e-414f-8f55-cb5c2635b17e-23456247935296","trial_id":50,"param_name":"ratio","param_value_internal":99.78903115442507,"distribution":"{\"name\": \"FloatDistribution\", \"attributes\": {\"step\": null, \"low\": 0.1, \"high\": 100.0, \"log\": true}}"}
{"op_code":6,"worker_id":"83023215-5f8e-414f-8f55-cb5c2635b17e-23456247935296","trial_id":50,"state":3,"values":null,"datetime_complete":"2026-07-24T13:35:48.717789"}
{"op_code":0,"worker_id":"d11d0081-62b1-4e2c-9229-45bbec713b95-23456247935296","study_name":"peter_mushrooms_k5","directions":[2]}
{"op_code":4,"worker_id":"d11d0081-62b1-4e2c-9229-45bbec713b95-23456247935296","study_id":0,"datetime_start":"2026-07-24T13:38:02.249348"}
{"op_code":9,"worker_id":"d11d0081-62b1-4e2c-9229-45bbec713b95-23456247935296","trial_id":51,"system_attr":{"tpe:relative_params:0":"{\"lr\": 0.033388238656053316, \"ratio\": 26.2656458656606}"}}
{"op_code":5,"worker_id":"d11d0081-62b1-4e2c-9229-45bbec713b95-23456247935296","trial_id":51,"param_name":"lr","param_value_internal":0.033388238656053316,"distribution":"{\"name\": \"FloatDistribution\", \"attributes\": {\"step\": null, \"low\": 1e-08, \"high\": 0.5, \"log\": true}}"}
{"op_code":5,"worker_id":"d11d0081-62b1-4e2c-9229-45bbec713b95-23456247935296","trial_id":51,"param_name":"ratio","param_value_internal":26.2656458656606,"distribution":"{\"name\": \"FloatDistribution\", \"attributes\": {\"step\": null, \"low\": 0.1, \"high\": 100.0, \"log\": true}}"}
{"op_code":6,"worker_id":"d11d0081-62b1-4e2c-9229-45bbec713b95-23456247935296","trial_id":51,"state":3,"values":null,"datetime_complete":"2026-07-24T13:38:11.750609"}
{"op_code":0,"worker_id":"465f11cf-f3c1-4c75-9fca-7b00b6172c8a-23456247935296","study_name":"peter_mushrooms_k5","directions":[2]}
{"op_code":0,"worker_id":"103f7da2-baa7-475a-9348-02889c01229a-23456247935296","study_name":"peter_mushrooms_k5","directions":[2]}
