{"op_code":0,"worker_id":"b8d02c1b-d773-4102-a4e6-c2a53b7029b1-20268","study_name":"peter_rcv1_k3","directions":[2]}
{"op_code":0,"worker_id":"c1fc7a2c-d7b1-45f5-8ce2-a2da2f84aa81-26756","study_name":"peter_rcv1_k3","directions":[2]}
{"op_code":4,"worker_id":"c1fc7a2c-d7b1-45f5-8ce2-a2da2f84aa81-26756","study_id":0,"datetime_start":"2026-07-24T09:13:00.466460"}
{"op_code":5,"worker_id":"c1fc7a2c-d7b1-45f5-8ce2-a2da2f84aa81-26756","trial_id":0,"param_name":"lr","param_value_internal":2.0839460012209415e-07,"distribution":"{\"name\": \"FloatDistribution\", \"attributes\": {\"step\": null, \"low\": 1e-08, \"high\": 0.5, \"log\": true}}"}
{"op_code":5,"worker_id":"c1fc7a2c-d7b1-45f5-8ce2-a2da2f84aa81-26756","trial_id":0,"param_name":"ratio","param_value_internal":0.33516322919396646,"distribution":"{\"name\": \"FloatDistribution\", \"attributes\": {\"step\": null, \"low\": 0.1, \"high\": 100.0, \"log\": true}}"}
{"op_code":0,"worker_id":"21b59bae-3b22-4e98-b891-5a4c8caa6a1f-36796","study_name":"peter_rcv1_k3","directions":[2]}
{"op_code":4,"worker_id":"21b59bae-3b22-4e98-b891-5a4c8caa6a1f-36796","study_id":0,"datetime_start":"2026-07-24T09:13:01.591756"}
{"op_code":5,"worker_id":"21b59bae-3b22-4e98-b891-5a4c8caa6a1f-36796","trial_id":1,"param_name":"lr","param_value_internal":0.004611129616504159,"distribution":"{\"name\": \"FloatDistribution\", \"attributes\": {\"step\": null, \"low\": 1e-08, \"high\": 0.5, \"log\": true}}"}
{"op_code":5,"worker_id":"21b59bae-3b22-4e98-b891-5a4c8caa6a1f-36796","trial_id":1,"param_name":"ratio","param_value_internal":3.038453543112016,"distribution":"{\"name\": \"FloatDistribution\", \"attributes\": {\"step\": null, \"low\": 0.1, \"high\": 100.0, \"log\": true}}"}
{"op_code":0,"worker_id":"aec9ec41-88ef-429e-b8f8-844be2a5e3f7-37480","study_name":"peter_rcv1_k3","directions":[2]}
{"op_code":0,"worker_id":"ea0b4719-f285-4d36-89c6-7178c8742a79-23456247935296","study_name":"peter_rcv1_k3","directions":[2]}
{"op_code":0,"worker_id":"4b02f0d5-3665-40aa-a5ad-046cf5b1a451-23456247935296","study_name":"peter_rcv1_k3","directions":[2]}
{"op_code":4,"worker_id":"4b02f0d5-3665-40aa-a5ad-046cf5b1a451-23456247935296","study_id":0,"datetime_start":"2026-07-24T10:21:57.198412"}
{"op_code":5,"worker_id":"4b02f0d5-3665-40aa-a5ad-046cf5b1a451-23456247935296","trial_id":2,"param_name":"lr","param_value_internal":0.003411463595565795,"distribution":"{\"name\": \"FloatDistribution\", \"attributes\": {\"step\": null, \"low\": 1e-08, \"high\": 0.5, \"log\": true}}"}
{"op_code":5,"worker_id":"4b02f0d5-3665-40aa-a5ad-046cf5b1a451-23456247935296","trial_id":2,"param_name":"ratio","param_value_internal":0.11341563714276824,"distribution":"{\"name\": \"FloatDistribution\", \"attributes\": {\"step\": null, \"low\": 0.1, \"high\": 100.0, \"log\": true}}"}
{"op_code":0,"worker_id":"14eb770b-c432-4b9c-be08-198528c85953-23456247935296","study_name":"peter_rcv1_k3","directions":[2]}
{"op_code":4,"worker_id":"14eb770b-c432-4b9c-be08-198528c85953-23456247935296","study_id":0,"datetime_start":"2026-07-24T10:23:15.010151"}
{"op_code":5,"worker_id":"14eb770b-c432-4b9c-be08-198528c85953-23456247935296","trial_id":3,"param_name":"lr","param_value_internal":2.596136807015661e-08,"distribution":"{\"name\": \"FloatDistribution\", \"attributes\": {\"step\": null, \"low\": 1e-08, \"high\": 0.5, \"log\": true}}"}
{"op_code":5,"worker_id":"14eb770b-c432-4b9c-be08-198528c85953-23456247935296","trial_id":3,"param_name":"ratio","param_value_internal":3.157132874655603,"distribution":"{\"name\": \"FloatDistribution\", \"attributes\": {\"step\": null, \"low\": 0.1, \"high\": 100.0, \"log\": true}}"}
{"op_code":0,"worker_id":"c0fdf9da-601c-4995-a5b0-a84e7d2cf622-23456247935296","study_name":"peter_rcv1_k3","directions":[2]}
{"op_code":4,"worker_id":"c0fdf9da-601c-4995-a5b0-a84e7d2cf622-23456247935296","study_id":0,"datetime_start":"2026-07-24T10:26:28.717809"}
{"op_code":5,"worker_id":"c0fdf9da-601c-4995-a5b0-a84e7d2cf622-23456247935296","trial_id":4,"param_name":"lr","param_value_internal":4.5080272556339705e-07,"distribution":"{\"name\": \"FloatDistribution\", \"attributes\": {\"step\": null, \"low\": 1e-08, \"high\": 0.5, \"log\": true}}"}
{"op_code":5,"worker_id":"c0fdf9da-601c-4995-a5b0-a84e7d2cf622-23456247935296","trial_id":4,"param_name":"ratio","param_value_internal":14.76523693430676,"distribution":"{\"name\": \"FloatDistribution\", \"attributes\": {\"step\": null, \"low\": 0.1, \"high\": 100.0, \"log\": true}}"}
{"op_code":0,"worker_id":"18c4e14c-e753-4300-8264-ac7b657558e0-23456247935296","study_name":"peter_rcv1_k3","directions":[2]}
{"op_code":4,"worker_id":"18c4e14c-e753-4300-8264-ac7b657558e0-23456247935296","study_id":0,"datetime_start":"2026-07-24T10:30:05.074272"}
{"op_code":5,"worker_id":"18c4e14c-e753-4300-8264-ac7b657558e0-23456247935296","trial_id":5,"param_name":"lr","param_value_internal":8.11663298317882e-06,"distribution":"{\"name\": \"FloatDistribution\", \"attributes\": {\"step\": null, \"low\": 1e-08, \"high\": 0.5, \"log\": true}}"}
{"op_code":5,"worker_id":"18c4e14c-e753-4300-8264-ac7b657558e0-23456247935296","trial_id":5,"param_name":"ratio","param_value_internal":22.88723832764732,"distribution":"{\"name\": \"FloatDistribution\", \"attributes\": {\"step\": null, \"low\": 0.1, \"high\": 100.0, \"log\": true}}"}
{"op_code":0,"worker_id":"98f497e9-0828-4ef1-98c9-747a580304f1-23456247935296","study_name":"peter_rcv1_k3","directions":[2]}
{"op_code":4,"worker_id":"98f497e9-0828-4ef1-98c9-747a580304f1-23456247935296","study_id":0,"datetime_start":"2026-07-24T10:33:34.444872"}
{"op_code":5,"worker_id":"98f497e9-0828-4ef1-98c9-747a580304f1-23456247935296","trial_id":6,"param_name":"lr","param_value_internal":1.952734397515458e-05,"distribution":"{\"name\": \"FloatDistribution\", \"attributes\": {\"step\": null, \"low\": 1e-08, \"high\": 0.5, \"log\": true}}"}
{"op_code":5,"worker_id":"98f497e9-0828-4ef1-98c9-747a580304f1-23456247935296","trial_id":6,"param_name":"ratio","param_value_internal":36.048358763239115,"distribution":"{\"name\": \"FloatDistribution\", \"attributes\": {\"step\": null, \"low\": 0.1, \"high\": 100.0, \"log\": true}}"}
{"op_code":0,"worker_id":"ad7b9458-80a8-402c-a6f7-820d81005ec4-23456247935296","study_name":"peter_rcv1_k3","directions":[2]}
{"op_code":4,"worker_id":"ad7b9458-80a8-402c-a6f7-820d81005ec4-23456247935296","study_id":0,"datetime_start":"2026-07-24T10:36:55.133070"}
{"op_code":5,"worker_id":"ad7b9458-80a8-402c-a6f7-820d81005ec4-23456247935296","trial_id":7,"param_name":"lr","param_value_internal":3.7644366775850387e-06,"distribution":"{\"name\": \"FloatDistribution\", \"attributes\": {\"step\": null, \"low\": 1e-08, \"high\": 0.5, \"log\": true}}"}
{"op_code":5,"worker_id":"ad7b9458-80a8-402c-a6f7-820d81005ec4-23456247935296","trial_id":7,"param_name":"ratio","param_value_internal":0.26172979568221416,"distribution":"{\"name\": \"FloatDistribution\", \"attributes\": {\"step\": null, \"low\": 0.1, \"high\": 100.0, \"log\": true}}"}
{"op_code":0,"worker_id":"ae00ebfd-3cd8-49ff-b38d-7daab3a26955-23456247935296","study_name":"peter_rcv1_k3","directions":[2]}
{"op_code":4,"worker_id":"ae00ebfd-3cd8-49ff-b38d-7daab3a26955-23456247935296","study_id":0,"datetime_start":"2026-07-24T10:40:41.301600"}
{"op_code":5,"worker_id":"ae00ebfd-3cd8-49ff-b38d-7daab3a26955-23456247935296","trial_id":8,"param_name":"lr","param_value_internal":0.021233298593833327,"distribution":"{\"name\": \"FloatDistribution\", \"attributes\": {\"step\": null, \"low\": 1e-08, \"high\": 0.5, \"log\": true}}"}
{"op_code":5,"worker_id":"ae00ebfd-3cd8-49ff-b38d-7daab3a26955-23456247935296","trial_id":8,"param_name":"ratio","param_value_internal":0.5528156621351236,"distribution":"{\"name\": \"FloatDistribution\", \"attributes\": {\"step\": null, \"low\": 0.1, \"high\": 100.0, \"log\": true}}"}
{"op_code":0,"worker_id":"a149d684-188e-4211-b388-4a039dc7f2e1-23456247935296","study_name":"peter_rcv1_k3","directions":[2]}
{"op_code":4,"worker_id":"a149d684-188e-4211-b388-4a039dc7f2e1-23456247935296","study_id":0,"datetime_start":"2026-07-24T10:44:42.892761"}
{"op_code":5,"worker_id":"a149d684-188e-4211-b388-4a039dc7f2e1-23456247935296","trial_id":9,"param_name":"lr","param_value_internal":2.8526378162341906e-05,"distribution":"{\"name\": \"FloatDistribution\", \"attributes\": {\"step\": null, \"low\": 1e-08, \"high\": 0.5, \"log\": true}}"}
{"op_code":5,"worker_id":"a149d684-188e-4211-b388-4a039dc7f2e1-23456247935296","trial_id":9,"param_name":"ratio","param_value_internal":0.2409476141609485,"distribution":"{\"name\": \"FloatDistribution\", \"attributes\": {\"step\": null, \"low\": 0.1, \"high\": 100.0, \"log\": true}}"}
{"op_code":0,"worker_id":"8707333b-d9f4-47c0-842b-102b42b7a74c-23456247935296","study_name":"peter_rcv1_k3","directions":[2]}
{"op_code":4,"worker_id":"8707333b-d9f4-47c0-842b-102b42b7a74c-23456247935296","study_id":0,"datetime_start":"2026-07-24T10:49:15.275381"}
{"op_code":5,"worker_id":"8707333b-d9f4-47c0-842b-102b42b7a74c-23456247935296","trial_id":10,"param_name":"lr","param_value_internal":0.3275997288032729,"distribution":"{\"name\": \"FloatDistribution\", \"attributes\": {\"step\": null, \"low\": 1e-08, \"high\": 0.5, \"log\": true}}"}
{"op_code":5,"worker_id":"8707333b-d9f4-47c0-842b-102b42b7a74c-23456247935296","trial_id":10,"param_name":"ratio","param_value_internal":1.6770430578672406,"distribution":"{\"name\": \"FloatDistribution\", \"attributes\": {\"step\": null, \"low\": 0.1, \"high\": 100.0, \"log\": true}}"}
{"op_code":6,"worker_id":"8707333b-d9f4-47c0-842b-102b42b7a74c-23456247935296","trial_id":10,"state":3,"values":null,"datetime_complete":"2026-07-24T10:52:43.571301"}
{"op_code":0,"worker_id":"ee519ec0-e9c1-4c4b-8002-f99536bfada5-23456247935296","study_name":"peter_rcv1_k3","directions":[2]}
{"op_code":4,"worker_id":"ee519ec0-e9c1-4c4b-8002-f99536bfada5-23456247935296","study_id":0,"datetime_start":"2026-07-24T10:53:37.538679"}
{"op_code":5,"worker_id":"ee519ec0-e9c1-4c4b-8002-f99536bfada5-23456247935296","trial_id":11,"param_name":"lr","param_value_internal":8.924862086213719e-07,"distribution":"{\"name\": \"FloatDistribution\", \"attributes\": {\"step\": null, \"low\": 1e-08, \"high\": 0.5, \"log\": true}}"}
{"op_code":5,"worker_id":"ee519ec0-e9c1-4c4b-8002-f99536bfada5-23456247935296","trial_id":11,"param_name":"ratio","param_value_internal":0.9473830467821347,"distribution":"{\"name\": \"FloatDistribution\", \"attributes\": {\"step\": null, \"low\": 0.1, \"high\": 100.0, \"log\": true}}"}
{"op_code":0,"worker_id":"630fb9ee-9547-4863-bcf7-6067111b8a1a-23456247935296","study_name":"peter_rcv1_k3","directions":[2]}
{"op_code":4,"worker_id":"630fb9ee-9547-4863-bcf7-6067111b8a1a-23456247935296","study_id":0,"datetime_start":"2026-07-24T10:57:43.350494"}
{"op_code":5,"worker_id":"630fb9ee-9547-4863-bcf7-6067111b8a1a-23456247935296","trial_id":12,"param_name":"lr","param_value_internal":0.03957077778185032,"distribution":"{\"name\": \"FloatDistribution\", \"attributes\": {\"step\": null, \"low\": 1e-08, \"high\": 0.5, \"log\": true}}"}
{"op_code":5,"worker_id":"630fb9ee-9547-4863-bcf7-6067111b8a1a-23456247935296","trial_id":12,"param_name":"ratio","param_value_internal":5.436039090505825,"distribution":"{\"name\": \"FloatDistribution\", \"attributes\": {\"step\": null, \"low\": 0.1, \"high\": 100.0, \"log\": true}}"}
{"op_code":0,"worker_id":"d0fcd974-0eb7-4194-b3de-d9acdf5fa55f-23456247935296","study_name":"peter_rcv1_k3","directions":[2]}
{"op_code":4,"worker_id":"d0fcd974-0eb7-4194-b3de-d9acdf5fa55f-23456247935296","study_id":0,"datetime_start":"2026-07-24T11:03:17.463866"}
{"op_code":5,"worker_id":"d0fcd974-0eb7-4194-b3de-d9acdf5fa55f-23456247935296","trial_id":13,"param_name":"lr","param_value_internal":6.676983416640671e-05,"distribution":"{\"name\": \"FloatDistribution\", \"attributes\": {\"step\": null, \"low\": 1e-08, \"high\": 0.5, \"log\": true}}"}
{"op_code":5,"worker_id":"d0fcd974-0eb7-4194-b3de-d9acdf5fa55f-23456247935296","trial_id":13,"param_name":"ratio","param_value_internal":0.13331514200262048,"distribution":"{\"name\": \"FloatDistribution\", \"attributes\": {\"step\": null, \"low\": 0.1, \"high\": 100.0, \"log\": true}}"}
{"op_code":0,"worker_id":"0ca6e89b-adce-4497-b6bf-732caf86586e-23456247935296","study_name":"peter_rcv1_k3","directions":[2]}
{"op_code":4,"worker_id":"0ca6e89b-adce-4497-b6bf-732caf86586e-23456247935296","study_id":0,"datetime_start":"2026-07-24T11:07:50.317074"}
{"op_code":5,"worker_id":"0ca6e89b-adce-4497-b6bf-732caf86586e-23456247935296","trial_id":14,"param_name":"lr","param_value_internal":3.2087964158058097e-07,"distribution":"{\"name\": \"FloatDistribution\", \"attributes\": {\"step\": null, \"low\": 1e-08, \"high\": 0.5, \"log\": true}}"}
{"op_code":5,"worker_id":"0ca6e89b-adce-4497-b6bf-732caf86586e-23456247935296","trial_id":14,"param_name":"ratio","param_value_internal":0.2774569706757419,"distribution":"{\"name\": \"FloatDistribution\", \"attributes\": {\"step\": null, \"low\": 0.1, \"high\": 100.0, \"log\": true}}"}
{"op_code":0,"worker_id":"19d0a274-163b-4662-b029-19df00702864-23456247935296","study_name":"peter_rcv1_k3","directions":[2]}
{"op_code":4,"worker_id":"19d0a274-163b-4662-b029-19df00702864-23456247935296","study_id":0,"datetime_start":"2026-07-24T11:12:26.881998"}
{"op_code":5,"worker_id":"19d0a274-163b-4662-b029-19df00702864-23456247935296","trial_id":15,"param_name":"lr","param_value_internal":0.00014716888042527716,"distribution":"{\"name\": \"FloatDistribution\", \"attributes\": {\"step\": null, \"low\": 1e-08, \"high\": 0.5, \"log\": true}}"}
{"op_code":5,"worker_id":"19d0a274-163b-4662-b029-19df00702864-23456247935296","trial_id":15,"param_name":"ratio","param_value_internal":85.80582064902148,"distribution":"{\"name\": \"FloatDistribution\", \"attributes\": {\"step\": null, \"low\": 0.1, \"high\": 100.0, \"log\": true}}"}
{"op_code":0,"worker_id":"c6970f35-3dac-4ae1-8d6c-43d6e228a194-23456247935296","study_name":"peter_rcv1_k3","directions":[2]}
{"op_code":4,"worker_id":"c6970f35-3dac-4ae1-8d6c-43d6e228a194-23456247935296","study_id":0,"datetime_start":"2026-07-24T11:16:40.464324"}
{"op_code":5,"worker_id":"c6970f35-3dac-4ae1-8d6c-43d6e228a194-23456247935296","trial_id":16,"param_name":"lr","param_value_internal":0.3150494415620403,"distribution":"{\"name\": \"FloatDistribution\", \"attributes\": {\"step\": null, \"low\": 1e-08, \"high\": 0.5, \"log\": true}}"}
{"op_code":5,"worker_id":"c6970f35-3dac-4ae1-8d6c-43d6e228a194-23456247935296","trial_id":16,"param_name":"ratio","param_value_internal":1.27468859838122,"distribution":"{\"name\": \"FloatDistribution\", \"attributes\": {\"step\": null, \"low\": 0.1, \"high\": 100.0, \"log\": true}}"}
{"op_code":0,"worker_id":"9bb338ad-9025-4e2d-93af-1aea580c8829-23456247935296","study_name":"peter_rcv1_k3","directions":[2]}
{"op_code":4,"worker_id":"9bb338ad-9025-4e2d-93af-1aea580c8829-23456247935296","study_id":0,"datetime_start":"2026-07-24T11:20:50.802800"}
{"op_code":5,"worker_id":"9bb338ad-9025-4e2d-93af-1aea580c8829-23456247935296","trial_id":17,"param_name":"lr","param_value_internal":0.00024739607897672716,"distribution":"{\"name\": \"FloatDistribution\", \"attributes\": {\"step\": null, \"low\": 1e-08, \"high\": 0.5, \"log\": true}}"}
{"op_code":5,"worker_id":"9bb338ad-9025-4e2d-93af-1aea580c8829-23456247935296","trial_id":17,"param_name":"ratio","param_value_internal":13.751367444655148,"distribution":"{\"name\": \"FloatDistribution\", \"attributes\": {\"step\": null, \"low\": 0.1, \"high\": 100.0, \"log\": true}}"}
{"op_code":6,"worker_id":"c6970f35-3dac-4ae1-8d6c-43d6e228a194-23456247935296","trial_id":16,"state":3,"values":null,"datetime_complete":"2026-07-24T11:21:31.894421"}
{"op_code":0,"worker_id":"2a9e9977-5fce-44b1-ade3-c71dc39ae8fb-23456247935296","study_name":"peter_rcv1_k3","directions":[2]}
{"op_code":4,"worker_id":"2a9e9977-5fce-44b1-ade3-c71dc39ae8fb-23456247935296","study_id":0,"datetime_start":"2026-07-24T11:25:03.459669"}
{"op_code":5,"worker_id":"2a9e9977-5fce-44b1-ade3-c71dc39ae8fb-23456247935296","trial_id":18,"param_name":"lr","param_value_internal":6.983097261619509e-06,"distribution":"{\"name\": \"FloatDistribution\", \"attributes\": {\"step\": null, \"low\": 1e-08, \"high\": 0.5, \"log\": true}}"}
{"op_code":5,"worker_id":"2a9e9977-5fce-44b1-ade3-c71dc39ae8fb-23456247935296","trial_id":18,"param_name":"ratio","param_value_internal":37.2600012505476,"distribution":"{\"name\": \"FloatDistribution\", \"attributes\": {\"step\": null, \"low\": 0.1, \"high\": 100.0, \"log\": true}}"}
{"op_code":0,"worker_id":"1e7098ad-e9b8-461f-a6da-f93c1b4b3d7d-23456247935296","study_name":"peter_rcv1_k3","directions":[2]}
{"op_code":4,"worker_id":"1e7098ad-e9b8-461f-a6da-f93c1b4b3d7d-23456247935296","study_id":0,"datetime_start":"2026-07-24T11:28:39.961226"}
{"op_code":5,"worker_id":"1e7098ad-e9b8-461f-a6da-f93c1b4b3d7d-23456247935296","trial_id":19,"param_name":"lr","param_value_internal":1.6269934007336638e-05,"distribution":"{\"name\": \"FloatDistribution\", \"attributes\": {\"step\": null, \"low\": 1e-08, \"high\": 0.5, \"log\": true}}"}
{"op_code":5,"worker_id":"1e7098ad-e9b8-461f-a6da-f93c1b4b3d7d-23456247935296","trial_id":19,"param_name":"ratio","param_value_internal":65.06121733611987,"distribution":"{\"name\": \"FloatDistribution\", \"attributes\": {\"step\": null, \"low\": 0.1, \"high\": 100.0, \"log\": true}}"}
{"op_code":0,"worker_id":"b3481c67-0a59-48bc-a5d8-2222441727c5-23456247935296","study_name":"peter_rcv1_k3","directions":[2]}
{"op_code":4,"worker_id":"b3481c67-0a59-48bc-a5d8-2222441727c5-23456247935296","study_id":0,"datetime_start":"2026-07-24T11:33:58.049955"}
{"op_code":5,"worker_id":"b3481c67-0a59-48bc-a5d8-2222441727c5-23456247935296","trial_id":20,"param_name":"lr","param_value_internal":6.190379362625503e-08,"distribution":"{\"name\": \"FloatDistribution\", \"attributes\": {\"step\": null, \"low\": 1e-08, \"high\": 0.5, \"log\": true}}"}
{"op_code":5,"worker_id":"b3481c67-0a59-48bc-a5d8-2222441727c5-23456247935296","trial_id":20,"param_name":"ratio","param_value_internal":0.17957449872719056,"distribution":"{\"name\": \"FloatDistribution\", \"attributes\": {\"step\": null, \"low\": 0.1, \"high\": 100.0, \"log\": true}}"}
{"op_code":0,"worker_id":"bc6adb98-b255-48ee-9722-2d0175c6dab9-23456247935296","study_name":"peter_rcv1_k3","directions":[2]}
{"op_code":4,"worker_id":"bc6adb98-b255-48ee-9722-2d0175c6dab9-23456247935296","study_id":0,"datetime_start":"2026-07-24T11:38:24.035075"}
{"op_code":5,"worker_id":"bc6adb98-b255-48ee-9722-2d0175c6dab9-23456247935296","trial_id":21,"param_name":"lr","param_value_internal":0.08607521694866398,"distribution":"{\"name\": \"FloatDistribution\", \"attributes\": {\"step\": null, \"low\": 1e-08, \"high\": 0.5, \"log\": true}}"}
{"op_code":5,"worker_id":"bc6adb98-b255-48ee-9722-2d0175c6dab9-23456247935296","trial_id":21,"param_name":"ratio","param_value_internal":0.2401890267606623,"distribution":"{\"name\": \"FloatDistribution\", \"attributes\": {\"step\": null, \"low\": 0.1, \"high\": 100.0, \"log\": true}}"}
{"op_code":0,"worker_id":"98a4c8f4-eed4-4e60-82b3-dc60e3e5f945-23456247935296","study_name":"peter_rcv1_k3","directions":[2]}
{"op_code":4,"worker_id":"98a4c8f4-eed4-4e60-82b3-dc60e3e5f945-23456247935296","study_id":0,"datetime_start":"2026-07-24T11:42:18.837885"}
{"op_code":5,"worker_id":"98a4c8f4-eed4-4e60-82b3-dc60e3e5f945-23456247935296","trial_id":22,"param_name":"lr","param_value_internal":0.00044979529983760945,"distribution":"{\"name\": \"FloatDistribution\", \"attributes\": {\"step\": null, \"low\": 1e-08, \"high\": 0.5, \"log\": true}}"}
{"op_code":5,"worker_id":"98a4c8f4-eed4-4e60-82b3-dc60e3e5f945-23456247935296","trial_id":22,"param_name":"ratio","param_value_internal":1.2896517824418814,"distribution":"{\"name\": \"FloatDistribution\", \"attributes\": {\"step\": null, \"low\": 0.1, \"high\": 100.0, \"log\": true}}"}
{"op_code":0,"worker_id":"41335b65-42dc-43a7-9774-67847a8bea14-23456247935296","study_name":"peter_rcv1_k3","directions":[2]}
{"op_code":4,"worker_id":"41335b65-42dc-43a7-9774-67847a8bea14-23456247935296","study_id":0,"datetime_start":"2026-07-24T11:45:23.051075"}
{"op_code":5,"worker_id":"41335b65-42dc-43a7-9774-67847a8bea14-23456247935296","trial_id":23,"param_name":"lr","param_value_internal":6.948904763206013e-05,"distribution":"{\"name\": \"FloatDistribution\", \"attributes\": {\"step\": null, \"low\": 1e-08, \"high\": 0.5, \"log\": true}}"}
{"op_code":5,"worker_id":"41335b65-42dc-43a7-9774-67847a8bea14-23456247935296","trial_id":23,"param_name":"ratio","param_value_internal":0.21195946810283633,"distribution":"{\"name\": \"FloatDistribution\", \"attributes\": {\"step\": null, \"low\": 0.1, \"high\": 100.0, \"log\": true}}"}
{"op_code":6,"worker_id":"c0fdf9da-601c-4995-a5b0-a84e7d2cf622-23456247935296","trial_id":4,"state":1,"values":[-64.87839118877545],"datetime_complete":"2026-07-24T11:47:41.462993"}
{"op_code":0,"worker_id":"ea0b819f-c53c-457f-ae43-23ea67a5a13d-23456247935296","study_name":"peter_rcv1_k3","directions":[2]}
{"op_code":4,"worker_id":"ea0b819f-c53c-457f-ae43-23ea67a5a13d-23456247935296","study_id":0,"datetime_start":"2026-07-24T11:49:00.089653"}
{"op_code":5,"worker_id":"ea0b819f-c53c-457f-ae43-23ea67a5a13d-23456247935296","trial_id":24,"param_name":"lr","param_value_internal":6.982985447862926e-06,"distribution":"{\"name\": \"FloatDistribution\", \"attributes\": {\"step\": null, \"low\": 1e-08, \"high\": 0.5, \"log\": true}}"}
{"op_code":5,"worker_id":"ea0b819f-c53c-457f-ae43-23ea67a5a13d-23456247935296","trial_id":24,"param_name":"ratio","param_value_internal":30.82444646356962,"distribution":"{\"name\": \"FloatDistribution\", \"attributes\": {\"step\": null, \"low\": 0.1, \"high\": 100.0, \"log\": true}}"}
{"op_code":6,"worker_id":"ad7b9458-80a8-402c-a6f7-820d81005ec4-23456247935296","trial_id":7,"state":1,"values":[-64.8864022210745],"datetime_complete":"2026-07-24T11:51:40.661667"}
{"op_code":0,"worker_id":"bd0bbc8f-b0a6-4ad4-b522-fda9dabaabaa-23456247935296","study_name":"peter_rcv1_k3","directions":[2]}
{"op_code":4,"worker_id":"bd0bbc8f-b0a6-4ad4-b522-fda9dabaabaa-23456247935296","study_id":0,"datetime_start":"2026-07-24T11:52:33.288474"}
{"op_code":5,"worker_id":"bd0bbc8f-b0a6-4ad4-b522-fda9dabaabaa-23456247935296","trial_id":25,"param_name":"lr","param_value_internal":7.749679646702874e-06,"distribution":"{\"name\": \"FloatDistribution\", \"attributes\": {\"step\": null, \"low\": 1e-08, \"high\": 0.5, \"log\": true}}"}
{"op_code":5,"worker_id":"bd0bbc8f-b0a6-4ad4-b522-fda9dabaabaa-23456247935296","trial_id":25,"param_name":"ratio","param_value_internal":7.136778680485697,"distribution":"{\"name\": \"FloatDistribution\", \"attributes\": {\"step\": null, \"low\": 0.1, \"high\": 100.0, \"log\": true}}"}
{"op_code":6,"worker_id":"98f497e9-0828-4ef1-98c9-747a580304f1-23456247935296","trial_id":6,"state":1,"values":[-64.44840039878989],"datetime_complete":"2026-07-24T11:53:48.799002"}
{"op_code":0,"worker_id":"43cede09-1dc2-4137-acc1-6a8ad65168bb-23456247935296","study_name":"peter_rcv1_k3","directions":[2]}
{"op_code":4,"worker_id":"43cede09-1dc2-4137-acc1-6a8ad65168bb-23456247935296","study_id":0,"datetime_start":"2026-07-24T11:55:36.644790"}
{"op_code":5,"worker_id":"43cede09-1dc2-4137-acc1-6a8ad65168bb-23456247935296","trial_id":26,"param_name":"lr","param_value_internal":4.2544577259181616e-05,"distribution":"{\"name\": \"FloatDistribution\", \"attributes\": {\"step\": null, \"low\": 1e-08, \"high\": 0.5, \"log\": true}}"}
{"op_code":5,"worker_id":"43cede09-1dc2-4137-acc1-6a8ad65168bb-23456247935296","trial_id":26,"param_name":"ratio","param_value_internal":0.7942411248237988,"distribution":"{\"name\": \"FloatDistribution\", \"attributes\": {\"step\": null, \"low\": 0.1, \"high\": 100.0, \"log\": true}}"}
{"op_code":0,"worker_id":"f7ea5aee-7100-4ea4-b95b-d8c77abacf84-23456247935296","study_name":"peter_rcv1_k3","directions":[2]}
{"op_code":4,"worker_id":"f7ea5aee-7100-4ea4-b95b-d8c77abacf84-23456247935296","study_id":0,"datetime_start":"2026-07-24T11:59:53.066516"}
{"op_code":5,"worker_id":"f7ea5aee-7100-4ea4-b95b-d8c77abacf84-23456247935296","trial_id":27,"param_name":"lr","param_value_internal":0.001042994560355516,"distribution":"{\"name\": \"FloatDistribution\", \"attributes\": {\"step\": null, \"low\": 1e-08, \"high\": 0.5, \"log\": true}}"}
{"op_code":5,"worker_id":"f7ea5aee-7100-4ea4-b95b-d8c77abacf84-23456247935296","trial_id":27,"param_name":"ratio","param_value_internal":39.666960449101055,"distribution":"{\"name\": \"FloatDistribution\", \"attributes\": {\"step\": null, \"low\": 0.1, \"high\": 100.0, \"log\": true}}"}
{"op_code":6,"worker_id":"4b02f0d5-3665-40aa-a5ad-046cf5b1a451-23456247935296","trial_id":2,"state":1,"values":[-63.74543848462522],"datetime_complete":"2026-07-24T12:01:22.175096"}
{"op_code":0,"worker_id":"34dc8cef-1375-46d8-8e90-a150f9fe3cdc-23456247935296","study_name":"peter_rcv1_k3","directions":[2]}
{"op_code":4,"worker_id":"34dc8cef-1375-46d8-8e90-a150f9fe3cdc-23456247935296","study_id":0,"datetime_start":"2026-07-24T12:03:22.066011"}
{"op_code":5,"worker_id":"34dc8cef-1375-46d8-8e90-a150f9fe3cdc-23456247935296","trial_id":28,"param_name":"lr","param_value_internal":0.06586540643883311,"distribution":"{\"name\": \"FloatDistribution\", \"attributes\": {\"step\": null, \"low\": 1e-08, \"high\": 0.5, \"log\": true}}"}
{"op_code":5,"worker_id":"34dc8cef-1375-46d8-8e90-a150f9fe3cdc-23456247935296","trial_id":28,"param_name":"ratio","param_value_internal":3.232646826828192,"distribution":"{\"name\": \"FloatDistribution\", \"attributes\": {\"step\": null, \"low\": 0.1, \"high\": 100.0, \"log\": true}}"}
{"op_code":6,"worker_id":"ae00ebfd-3cd8-49ff-b38d-7daab3a26955-23456247935296","trial_id":8,"state":1,"values":[-62.448383009174115],"datetime_complete":"2026-07-24T12:03:44.992998"}
{"op_code":6,"worker_id":"18c4e14c-e753-4300-8264-ac7b657558e0-23456247935296","trial_id":5,"state":1,"values":[-64.7845654133149],"datetime_complete":"2026-07-24T12:06:33.352851"}
{"op_code":0,"worker_id":"0fb7a6ea-c102-48e6-87b0-dee7cd047496-23456247935296","study_name":"peter_rcv1_k3","directions":[2]}
{"op_code":4,"worker_id":"0fb7a6ea-c102-48e6-87b0-dee7cd047496-23456247935296","study_id":0,"datetime_start":"2026-07-24T12:07:14.052440"}
{"op_code":5,"worker_id":"0fb7a6ea-c102-48e6-87b0-dee7cd047496-23456247935296","trial_id":29,"param_name":"lr","param_value_internal":1.2895837593256033e-08,"distribution":"{\"name\": \"FloatDistribution\", \"attributes\": {\"step\": null, \"low\": 1e-08, \"high\": 0.5, \"log\": true}}"}
{"op_code":5,"worker_id":"0fb7a6ea-c102-48e6-87b0-dee7cd047496-23456247935296","trial_id":29,"param_name":"ratio","param_value_internal":39.226479392857335,"distribution":"{\"name\": \"FloatDistribution\", \"attributes\": {\"step\": null, \"low\": 0.1, \"high\": 100.0, \"log\": true}}"}
{"op_code":0,"worker_id":"b19b73a4-c2e0-4b40-bbbc-7d8c122b3ded-23456247935296","study_name":"peter_rcv1_k3","directions":[2]}
{"op_code":4,"worker_id":"b19b73a4-c2e0-4b40-bbbc-7d8c122b3ded-23456247935296","study_id":0,"datetime_start":"2026-07-24T12:11:09.376311"}
{"op_code":5,"worker_id":"b19b73a4-c2e0-4b40-bbbc-7d8c122b3ded-23456247935296","trial_id":30,"param_name":"lr","param_value_internal":0.36938650442028603,"distribution":"{\"name\": \"FloatDistribution\", \"attributes\": {\"step\": null, \"low\": 1e-08, \"high\": 0.5, \"log\": true}}"}
{"op_code":5,"worker_id":"b19b73a4-c2e0-4b40-bbbc-7d8c122b3ded-23456247935296","trial_id":30,"param_name":"ratio","param_value_internal":2.1342515570968366,"distribution":"{\"name\": \"FloatDistribution\", \"attributes\": {\"step\": null, \"low\": 0.1, \"high\": 100.0, \"log\": true}}"}
{"op_code":0,"worker_id":"10309a82-493c-45df-8e52-99ec5d9b7fe7-23456247935296","study_name":"peter_rcv1_k3","directions":[2]}
{"op_code":4,"worker_id":"10309a82-493c-45df-8e52-99ec5d9b7fe7-23456247935296","study_id":0,"datetime_start":"2026-07-24T12:14:43.900837"}
{"op_code":5,"worker_id":"10309a82-493c-45df-8e52-99ec5d9b7fe7-23456247935296","trial_id":31,"param_name":"lr","param_value_internal":2.50272778069308e-07,"distribution":"{\"name\": \"FloatDistribution\", \"attributes\": {\"step\": null, \"low\": 1e-08, \"high\": 0.5, \"log\": true}}"}
{"op_code":5,"worker_id":"10309a82-493c-45df-8e52-99ec5d9b7fe7-23456247935296","trial_id":31,"param_name":"ratio","param_value_internal":61.479396124692634,"distribution":"{\"name\": \"FloatDistribution\", \"attributes\": {\"step\": null, \"low\": 0.1, \"high\": 100.0, \"log\": true}}"}
{"op_code":6,"worker_id":"b19b73a4-c2e0-4b40-bbbc-7d8c122b3ded-23456247935296","trial_id":30,"state":3,"values":null,"datetime_complete":"2026-07-24T12:17:28.071982"}
{"op_code":0,"worker_id":"924ccca1-dd06-432c-9499-a302958ecec2-23456247935296","study_name":"peter_rcv1_k3","directions":[2]}
{"op_code":4,"worker_id":"924ccca1-dd06-432c-9499-a302958ecec2-23456247935296","study_id":0,"datetime_start":"2026-07-24T12:18:18.577554"}
{"op_code":5,"worker_id":"924ccca1-dd06-432c-9499-a302958ecec2-23456247935296","trial_id":32,"param_name":"lr","param_value_internal":6.5012263451678166e-06,"distribution":"{\"name\": \"FloatDistribution\", \"attributes\": {\"step\": null, \"low\": 1e-08, \"high\": 0.5, \"log\": true}}"}
{"op_code":5,"worker_id":"924ccca1-dd06-432c-9499-a302958ecec2-23456247935296","trial_id":32,"param_name":"ratio","param_value_internal":12.823166049748082,"distribution":"{\"name\": \"FloatDistribution\", \"attributes\": {\"step\": null, \"low\": 0.1, \"high\": 100.0, \"log\": true}}"}
{"op_code":6,"worker_id":"d0fcd974-0eb7-4194-b3de-d9acdf5fa55f-23456247935296","trial_id":13,"state":1,"values":[-64.92150486897444],"datetime_complete":"2026-07-24T12:20:04.988349"}
{"op_code":0,"worker_id":"1966c728-5b06-4669-b7f8-c4f43b21a2b4-23456247935296","study_name":"peter_rcv1_k3","directions":[2]}
{"op_code":4,"worker_id":"1966c728-5b06-4669-b7f8-c4f43b21a2b4-23456247935296","study_id":0,"datetime_start":"2026-07-24T12:22:25.205821"}
{"op_code":5,"worker_id":"1966c728-5b06-4669-b7f8-c4f43b21a2b4-23456247935296","trial_id":33,"param_name":"lr","param_value_internal":2.4891971837720266e-05,"distribution":"{\"name\": \"FloatDistribution\", \"attributes\": {\"step\": null, \"low\": 1e-08, \"high\": 0.5, \"log\": true}}"}
{"op_code":5,"worker_id":"1966c728-5b06-4669-b7f8-c4f43b21a2b4-23456247935296","trial_id":33,"param_name":"ratio","param_value_internal":0.1797914754436568,"distribution":"{\"name\": \"FloatDistribution\", \"attributes\": {\"step\": null, \"low\": 0.1, \"high\": 100.0, \"log\": true}}"}
{"op_code":0,"worker_id":"caa3b3ac-a5d6-40b2-9fbf-885586aa212d-23456247935296","study_name":"peter_rcv1_k3","directions":[2]}
{"op_code":4,"worker_id":"caa3b3ac-a5d6-40b2-9fbf-885586aa212d-23456247935296","study_id":0,"datetime_start":"2026-07-24T12:28:10.178694"}
{"op_code":5,"worker_id":"caa3b3ac-a5d6-40b2-9fbf-885586aa212d-23456247935296","trial_id":34,"param_name":"lr","param_value_internal":1.1695393566831447e-08,"distribution":"{\"name\": \"FloatDistribution\", \"attributes\": {\"step\": null, \"low\": 1e-08, \"high\": 0.5, \"log\": true}}"}
{"op_code":5,"worker_id":"caa3b3ac-a5d6-40b2-9fbf-885586aa212d-23456247935296","trial_id":34,"param_name":"ratio","param_value_internal":13.97776494402213,"distribution":"{\"name\": \"FloatDistribution\", \"attributes\": {\"step\": null, \"low\": 0.1, \"high\": 100.0, \"log\": true}}"}
{"op_code":0,"worker_id":"97de59e1-e170-48b9-9ea9-29c3365b17fc-23456247935296","study_name":"peter_rcv1_k3","directions":[2]}
{"op_code":4,"worker_id":"97de59e1-e170-48b9-9ea9-29c3365b17fc-23456247935296","study_id":0,"datetime_start":"2026-07-24T12:32:51.722666"}
{"op_code":5,"worker_id":"97de59e1-e170-48b9-9ea9-29c3365b17fc-23456247935296","trial_id":35,"param_name":"lr","param_value_internal":0.000365536603995568,"distribution":"{\"name\": \"FloatDistribution\", \"attributes\": {\"step\": null, \"low\": 1e-08, \"high\": 0.5, \"log\": true}}"}
{"op_code":5,"worker_id":"97de59e1-e170-48b9-9ea9-29c3365b17fc-23456247935296","trial_id":35,"param_name":"ratio","param_value_internal":0.8082749076392693,"distribution":"{\"name\": \"FloatDistribution\", \"attributes\": {\"step\": null, \"low\": 0.1, \"high\": 100.0, \"log\": true}}"}
{"op_code":0,"worker_id":"bdf12ea4-f58b-4921-994e-a4fd603ccbb3-23456247935296","study_name":"peter_rcv1_k3","directions":[2]}
{"op_code":4,"worker_id":"bdf12ea4-f58b-4921-994e-a4fd603ccbb3-23456247935296","study_id":0,"datetime_start":"2026-07-24T12:36:58.798122"}
{"op_code":5,"worker_id":"bdf12ea4-f58b-4921-994e-a4fd603ccbb3-23456247935296","trial_id":36,"param_name":"lr","param_value_internal":1.135703272033954e-05,"distribution":"{\"name\": \"FloatDistribution\", \"attributes\": {\"step\": null, \"low\": 1e-08, \"high\": 0.5, \"log\": true}}"}
{"op_code":5,"worker_id":"bdf12ea4-f58b-4921-994e-a4fd603ccbb3-23456247935296","trial_id":36,"param_name":"ratio","param_value_internal":0.20513346382308226,"distribution":"{\"name\": \"FloatDistribution\", \"attributes\": {\"step\": null, \"low\": 0.1, \"high\": 100.0, \"log\": true}}"}
{"op_code":6,"worker_id":"19d0a274-163b-4662-b029-19df00702864-23456247935296","trial_id":15,"state":1,"values":[-62.942986595752664],"datetime_complete":"2026-07-24T12:39:31.321658"}
{"op_code":0,"worker_id":"4f34b61a-288e-418c-ba3d-b1383107881d-23456247935296","study_name":"peter_rcv1_k3","directions":[2]}
{"op_code":4,"worker_id":"4f34b61a-288e-418c-ba3d-b1383107881d-23456247935296","study_id":0,"datetime_start":"2026-07-24T12:41:58.050854"}
{"op_code":5,"worker_id":"4f34b61a-288e-418c-ba3d-b1383107881d-23456247935296","trial_id":37,"param_name":"lr","param_value_internal":0.22345582460487726,"distribution":"{\"name\": \"FloatDistribution\", \"attributes\": {\"step\": null, \"low\": 1e-08, \"high\": 0.5, \"log\": true}}"}
{"op_code":5,"worker_id":"4f34b61a-288e-418c-ba3d-b1383107881d-23456247935296","trial_id":37,"param_name":"ratio","param_value_internal":1.7686691650044828,"distribution":"{\"name\": \"FloatDistribution\", \"attributes\": {\"step\": null, \"low\": 0.1, \"high\": 100.0, \"log\": true}}"}
{"op_code":0,"worker_id":"62cddfc7-b109-4b4d-babb-3211075ec0b2-23456247935296","study_name":"peter_rcv1_k3","directions":[2]}
{"op_code":4,"worker_id":"62cddfc7-b109-4b4d-babb-3211075ec0b2-23456247935296","study_id":0,"datetime_start":"2026-07-24T12:46:59.366177"}
{"op_code":5,"worker_id":"62cddfc7-b109-4b4d-babb-3211075ec0b2-23456247935296","trial_id":38,"param_name":"lr","param_value_internal":2.6045132095466733e-08,"distribution":"{\"name\": \"FloatDistribution\", \"attributes\": {\"step\": null, \"low\": 1e-08, \"high\": 0.5, \"log\": true}}"}
{"op_code":5,"worker_id":"62cddfc7-b109-4b4d-babb-3211075ec0b2-23456247935296","trial_id":38,"param_name":"ratio","param_value_internal":14.130560256554144,"distribution":"{\"name\": \"FloatDistribution\", \"attributes\": {\"step\": null, \"low\": 0.1, \"high\": 100.0, \"log\": true}}"}
{"op_code":6,"worker_id":"9bb338ad-9025-4e2d-93af-1aea580c8829-23456247935296","trial_id":17,"state":1,"values":[-62.81576543317844],"datetime_complete":"2026-07-24T12:49:22.643804"}
{"op_code":0,"worker_id":"69103b94-bca5-4ecc-a3b5-cbfb960ca6b4-23456247935296","study_name":"peter_rcv1_k3","directions":[2]}
{"op_code":4,"worker_id":"69103b94-bca5-4ecc-a3b5-cbfb960ca6b4-23456247935296","study_id":0,"datetime_start":"2026-07-24T12:51:41.266403"}
{"op_code":5,"worker_id":"69103b94-bca5-4ecc-a3b5-cbfb960ca6b4-23456247935296","trial_id":39,"param_name":"lr","param_value_internal":0.22149181180498828,"distribution":"{\"name\": \"FloatDistribution\", \"attributes\": {\"step\": null, \"low\": 1e-08, \"high\": 0.5, \"log\": true}}"}
{"op_code":5,"worker_id":"69103b94-bca5-4ecc-a3b5-cbfb960ca6b4-23456247935296","trial_id":39,"param_name":"ratio","param_value_internal":5.1599313861622695,"distribution":"{\"name\": \"FloatDistribution\", \"attributes\": {\"step\": null, \"low\": 0.1, \"high\": 100.0, \"log\": true}}"}
{"op_code":0,"worker_id":"cab48b8d-c8b1-4b55-95b3-b1801c770456-23456247935296","study_name":"peter_rcv1_k3","directions":[2]}
{"op_code":4,"worker_id":"cab48b8d-c8b1-4b55-95b3-b1801c770456-23456247935296","study_id":0,"datetime_start":"2026-07-24T12:56:17.660497"}
{"op_code":5,"worker_id":"cab48b8d-c8b1-4b55-95b3-b1801c770456-23456247935296","trial_id":40,"param_name":"lr","param_value_internal":0.003090776567330605,"distribution":"{\"name\": \"FloatDistribution\", \"attributes\": {\"step\": null, \"low\": 1e-08, \"high\": 0.5, \"log\": true}}"}
{"op_code":5,"worker_id":"cab48b8d-c8b1-4b55-95b3-b1801c770456-23456247935296","trial_id":40,"param_name":"ratio","param_value_internal":0.6728356079057014,"distribution":"{\"name\": \"FloatDistribution\", \"attributes\": {\"step\": null, \"low\": 0.1, \"high\": 100.0, \"log\": true}}"}
{"op_code":6,"worker_id":"69103b94-bca5-4ecc-a3b5-cbfb960ca6b4-23456247935296","trial_id":39,"state":3,"values":null,"datetime_complete":"2026-07-24T12:57:01.890102"}
{"op_code":6,"worker_id":"2a9e9977-5fce-44b1-ade3-c71dc39ae8fb-23456247935296","trial_id":18,"state":1,"values":[-64.76647747148765],"datetime_complete":"2026-07-24T12:58:16.601285"}
{"op_code":6,"worker_id":"bc6adb98-b255-48ee-9722-2d0175c6dab9-23456247935296","trial_id":21,"state":1,"values":[-62.57636045075193],"datetime_complete":"2026-07-24T12:59:05.552521"}
{"op_code":0,"worker_id":"e0da0450-827a-44e8-b042-477123d13a99-23456247935296","study_name":"peter_rcv1_k3","directions":[2]}
{"op_code":4,"worker_id":"e0da0450-827a-44e8-b042-477123d13a99-23456247935296","study_id":0,"datetime_start":"2026-07-24T13:00:14.386873"}
{"op_code":9,"worker_id":"e0da0450-827a-44e8-b042-477123d13a99-23456247935296","trial_id":41,"system_attr":{"tpe:relative_params:0":"{\"lr\": 0.36794783763975103, \"ratio\": 0.2244273618652244}"}}
{"op_code":5,"worker_id":"e0da0450-827a-44e8-b042-477123d13a99-23456247935296","trial_id":41,"param_name":"lr","param_value_internal":0.36794783763975103,"distribution":"{\"name\": \"FloatDistribution\", \"attributes\": {\"step\": null, \"low\": 1e-08, \"high\": 0.5, \"log\": true}}"}
{"op_code":5,"worker_id":"e0da0450-827a-44e8-b042-477123d13a99-23456247935296","trial_id":41,"param_name":"ratio","param_value_internal":0.2244273618652244,"distribution":"{\"name\": \"FloatDistribution\", \"attributes\": {\"step\": null, \"low\": 0.1, \"high\": 100.0, \"log\": true}}"}
{"op_code":6,"worker_id":"b3481c67-0a59-48bc-a5d8-2222441727c5-23456247935296","trial_id":20,"state":1,"values":[-64.87780028496074],"datetime_complete":"2026-07-24T13:03:10.171061"}
{"op_code":0,"worker_id":"b56245de-5584-4e3c-8b52-de7b9890f13a-23456247935296","study_name":"peter_rcv1_k3","directions":[2]}
{"op_code":4,"worker_id":"b56245de-5584-4e3c-8b52-de7b9890f13a-23456247935296","study_id":0,"datetime_start":"2026-07-24T13:04:29.819766"}
{"op_code":9,"worker_id":"b56245de-5584-4e3c-8b52-de7b9890f13a-23456247935296","trial_id":42,"system_attr":{"tpe:relative_params:0":"{\"lr\": 0.017648531888563582, \"ratio\": 0.15733940552572015}"}}
{"op_code":5,"worker_id":"b56245de-5584-4e3c-8b52-de7b9890f13a-23456247935296","trial_id":42,"param_name":"lr","param_value_internal":0.017648531888563582,"distribution":"{\"name\": \"FloatDistribution\", \"attributes\": {\"step\": null, \"low\": 1e-08, \"high\": 0.5, \"log\": true}}"}
{"op_code":5,"worker_id":"b56245de-5584-4e3c-8b52-de7b9890f13a-23456247935296","trial_id":42,"param_name":"ratio","param_value_internal":0.15733940552572015,"distribution":"{\"name\": \"FloatDistribution\", \"attributes\": {\"step\": null, \"low\": 0.1, \"high\": 100.0, \"log\": true}}"}
{"op_code":0,"worker_id":"db97606f-66b4-4701-8fca-9da55324d906-23456247935296","study_name":"peter_rcv1_k3","directions":[2]}
{"op_code":4,"worker_id":"db97606f-66b4-4701-8fca-9da55324d906-23456247935296","study_id":0,"datetime_start":"2026-07-24T13:09:14.448354"}
{"op_code":9,"worker_id":"db97606f-66b4-4701-8fca-9da55324d906-23456247935296","trial_id":43,"system_attr":{"tpe:relative_params:0":"{\"lr\": 0.06109897696928256, \"ratio\": 99.14124802962755}"}}
{"op_code":5,"worker_id":"db97606f-66b4-4701-8fca-9da55324d906-23456247935296","trial_id":43,"param_name":"lr","param_value_internal":0.06109897696928256,"distribution":"{\"name\": \"FloatDistribution\", \"attributes\": {\"step\": null, \"low\": 1e-08, \"high\": 0.5, \"log\": true}}"}
{"op_code":5,"worker_id":"db97606f-66b4-4701-8fca-9da55324d906-23456247935296","trial_id":43,"param_name":"ratio","param_value_internal":99.14124802962755,"distribution":"{\"name\": \"FloatDistribution\", \"attributes\": {\"step\": null, \"low\": 0.1, \"high\": 100.0, \"log\": true}}"}
{"op_code":6,"worker_id":"e0da0450-827a-44e8-b042-477123d13a99-23456247935296","trial_id":41,"state":3,"values":null,"datetime_complete":"2026-07-24T13:12:03.923803"}
{"op_code":6,"worker_id":"14eb770b-c432-4b9c-be08-198528c85953-23456247935296","trial_id":3,"state":1,"values":[-64.87771414242164],"datetime_complete":"2026-07-24T13:13:24.904769"}
{"op_code":0,"worker_id":"400e77d8-3cb7-4a09-b49a-eca22c553a8f-23456247935296","study_name":"peter_rcv1_k3","directions":[2]}
{"op_code":4,"worker_id":"400e77d8-3cb7-4a09-b49a-eca22c553a8f-23456247935296","study_id":0,"datetime_start":"2026-07-24T13:13:53.806597"}
{"op_code":9,"worker_id":"400e77d8-3cb7-4a09-b49a-eca22c553a8f-23456247935296","trial_id":44,"system_attr":{"tpe:relative_params:0":"{\"lr\": 0.24380790055847487, \"ratio\": 0.3318250373952011}"}}
{"op_code":5,"worker_id":"400e77d8-3cb7-4a09-b49a-eca22c553a8f-23456247935296","trial_id":44,"param_name":"lr","param_value_internal":0.24380790055847487,"distribution":"{\"name\": \"FloatDistribution\", \"attributes\": {\"step\": null, \"low\": 1e-08, \"high\": 0.5, \"log\": true}}"}
{"op_code":5,"worker_id":"400e77d8-3cb7-4a09-b49a-eca22c553a8f-23456247935296","trial_id":44,"param_name":"ratio","param_value_internal":0.3318250373952011,"distribution":"{\"name\": \"FloatDistribution\", \"attributes\": {\"step\": null, \"low\": 0.1, \"high\": 100.0, \"log\": true}}"}
{"op_code":6,"worker_id":"41335b65-42dc-43a7-9774-67847a8bea14-23456247935296","trial_id":23,"state":1,"values":[-64.90577033421772],"datetime_complete":"2026-07-24T13:14:01.963203"}
{"op_code":6,"worker_id":"4f34b61a-288e-418c-ba3d-b1383107881d-23456247935296","trial_id":37,"state":3,"values":null,"datetime_complete":"2026-07-24T13:14:43.710343"}
{"op_code":6,"worker_id":"bd0bbc8f-b0a6-4ad4-b522-fda9dabaabaa-23456247935296","trial_id":25,"state":1,"values":[-64.85329243316346],"datetime_complete":"2026-07-24T13:15:16.668982"}
{"op_code":6,"worker_id":"ea0b819f-c53c-457f-ae43-23ea67a5a13d-23456247935296","trial_id":24,"state":1,"values":[-64.77998841088338],"datetime_complete":"2026-07-24T13:17:17.496709"}
{"op_code":6,"worker_id":"400e77d8-3cb7-4a09-b49a-eca22c553a8f-23456247935296","trial_id":44,"state":3,"values":null,"datetime_complete":"2026-07-24T13:17:59.679560"}
{"op_code":0,"worker_id":"2d9672bb-a9f1-416f-a2e8-5180de43ef9a-23456247935296","study_name":"peter_rcv1_k3","directions":[2]}
{"op_code":4,"worker_id":"2d9672bb-a9f1-416f-a2e8-5180de43ef9a-23456247935296","study_id":0,"datetime_start":"2026-07-24T13:18:09.110277"}
{"op_code":9,"worker_id":"2d9672bb-a9f1-416f-a2e8-5180de43ef9a-23456247935296","trial_id":45,"system_attr":{"tpe:relative_params:0":"{\"lr\": 0.23496563881036894, \"ratio\": 0.2473432301765013}"}}
{"op_code":5,"worker_id":"2d9672bb-a9f1-416f-a2e8-5180de43ef9a-23456247935296","trial_id":45,"param_name":"lr","param_value_internal":0.23496563881036894,"distribution":"{\"name\": \"FloatDistribution\", \"attributes\": {\"step\": null, \"low\": 1e-08, \"high\": 0.5, \"log\": true}}"}
{"op_code":5,"worker_id":"2d9672bb-a9f1-416f-a2e8-5180de43ef9a-23456247935296","trial_id":45,"param_name":"ratio","param_value_internal":0.2473432301765013,"distribution":"{\"name\": \"FloatDistribution\", \"attributes\": {\"step\": null, \"low\": 0.1, \"high\": 100.0, \"log\": true}}"}
{"op_code":6,"worker_id":"0ca6e89b-adce-4497-b6bf-732caf86586e-23456247935296","trial_id":14,"state":1,"values":[-64.87841961793974],"datetime_complete":"2026-07-24T13:18:30.159497"}
{"op_code":0,"worker_id":"a7b54472-6ad3-48df-8001-2ffaed992029-23456247935296","study_name":"peter_rcv1_k3","directions":[2]}
{"op_code":4,"worker_id":"a7b54472-6ad3-48df-8001-2ffaed992029-23456247935296","study_id":0,"datetime_start":"2026-07-24T13:21:14.247046"}
{"op_code":9,"worker_id":"a7b54472-6ad3-48df-8001-2ffaed992029-23456247935296","trial_id":46,"system_attr":{"tpe:relative_params:0":"{\"lr\": 0.06526832944323978, \"ratio\": 0.7812696092041844}"}}
{"op_code":5,"worker_id":"a7b54472-6ad3-48df-8001-2ffaed992029-23456247935296","trial_id":46,"param_name":"lr","param_value_internal":0.06526832944323978,"distribution":"{\"name\": \"FloatDistribution\", \"attributes\": {\"step\": null, \"low\": 1e-08, \"high\": 0.5, \"log\": true}}"}
{"op_code":5,"worker_id":"a7b54472-6ad3-48df-8001-2ffaed992029-23456247935296","trial_id":46,"param_name":"ratio","param_value_internal":0.7812696092041844,"distribution":"{\"name\": \"FloatDistribution\", \"attributes\": {\"step\": null, \"low\": 0.1, \"high\": 100.0, \"log\": true}}"}
{"op_code":0,"worker_id":"76bfc5c3-bb51-409c-94a2-87303de60afd-23456247935296","study_name":"peter_rcv1_k3","directions":[2]}
{"op_code":4,"worker_id":"76bfc5c3-bb51-409c-94a2-87303de60afd-23456247935296","study_id":0,"datetime_start":"2026-07-24T13:23:56.088227"}
{"op_code":9,"worker_id":"76bfc5c3-bb51-409c-94a2-87303de60afd-23456247935296","trial_id":47,"system_attr":{"tpe:relative_params:0":"{\"lr\": 0.39021157039582244, \"ratio\": 0.14230948183129033}"}}
{"op_code":5,"worker_id":"76bfc5c3-bb51-409c-94a2-87303de60afd-23456247935296","trial_id":47,"param_name":"lr","param_value_internal":0.39021157039582244,"distribution":"{\"name\": \"FloatDistribution\", \"attributes\": {\"step\": null, \"low\": 1e-08, \"high\": 0.5, \"log\": true}}"}
{"op_code":5,"worker_id":"76bfc5c3-bb51-409c-94a2-87303de60afd-23456247935296","trial_id":47,"param_name":"ratio","param_value_internal":0.14230948183129033,"distribution":"{\"name\": \"FloatDistribution\", \"attributes\": {\"step\": null, \"low\": 0.1, \"high\": 100.0, \"log\": true}}"}
{"op_code":6,"worker_id":"2d9672bb-a9f1-416f-a2e8-5180de43ef9a-23456247935296","trial_id":45,"state":3,"values":null,"datetime_complete":"2026-07-24T13:25:27.146641"}
{"op_code":0,"worker_id":"25909696-f966-4b54-b177-1973207de396-23456247935296","study_name":"peter_rcv1_k3","directions":[2]}
{"op_code":4,"worker_id":"25909696-f966-4b54-b177-1973207de396-23456247935296","study_id":0,"datetime_start":"2026-07-24T13:26:54.708022"}
{"op_code":9,"worker_id":"25909696-f966-4b54-b177-1973207de396-23456247935296","trial_id":48,"system_attr":{"tpe:relative_params:0":"{\"lr\": 0.3536733648696979, \"ratio\": 0.7743990918601109}"}}
{"op_code":5,"worker_id":"25909696-f966-4b54-b177-1973207de396-23456247935296","trial_id":48,"param_name":"lr","param_value_internal":0.3536733648696979,"distribution":"{\"name\": \"FloatDistribution\", \"attributes\": {\"step\": null, \"low\": 1e-08, \"high\": 0.5, \"log\": true}}"}
{"op_code":5,"worker_id":"25909696-f966-4b54-b177-1973207de396-23456247935296","trial_id":48,"param_name":"ratio","param_value_internal":0.7743990918601109,"distribution":"{\"name\": \"FloatDistribution\", \"attributes\": {\"step\": null, \"low\": 0.1, \"high\": 100.0, \"log\": true}}"}
{"op_code":6,"worker_id":"76bfc5c3-bb51-409c-94a2-87303de60afd-23456247935296","trial_id":47,"state":3,"values":null,"datetime_complete":"2026-07-24T13:28:31.904145"}
{"op_code":0,"worker_id":"b4f07bba-449d-4627-b2cd-3caf2fd11b2b-23456247935296","study_name":"peter_rcv1_k3","directions":[2]}
{"op_code":4,"worker_id":"b4f07bba-449d-4627-b2cd-3caf2fd11b2b-23456247935296","study_id":0,"datetime_start":"2026-07-24T13:30:55.190014"}
{"op_code":9,"worker_id":"b4f07bba-449d-4627-b2cd-3caf2fd11b2b-23456247935296","trial_id":49,"system_attr":{"tpe:relative_params:0":"{\"lr\": 0.08959385483296667, \"ratio\": 0.23598149976043778}"}}
{"op_code":5,"worker_id":"b4f07bba-449d-4627-b2cd-3caf2fd11b2b-23456247935296","trial_id":49,"param_name":"lr","param_value_internal":0.08959385483296667,"distribution":"{\"name\": \"FloatDistribution\", \"attributes\": {\"step\": null, \"low\": 1e-08, \"high\": 0.5, \"log\": true}}"}
{"op_code":5,"worker_id":"b4f07bba-449d-4627-b2cd-3caf2fd11b2b-23456247935296","trial_id":49,"param_name":"ratio","param_value_internal":0.23598149976043778,"distribution":"{\"name\": \"FloatDistribution\", \"attributes\": {\"step\": null, \"low\": 0.1, \"high\": 100.0, \"log\": true}}"}
{"op_code":6,"worker_id":"25909696-f966-4b54-b177-1973207de396-23456247935296","trial_id":48,"state":3,"values":null,"datetime_complete":"2026-07-24T13:31:36.073552"}
{"op_code":6,"worker_id":"98a4c8f4-eed4-4e60-82b3-dc60e3e5f945-23456247935296","trial_id":22,"state":1,"values":[-63.566098175321486],"datetime_complete":"2026-07-24T13:34:06.437106"}
{"op_code":0,"worker_id":"a0126910-eb9f-4625-b5eb-0d29b4888537-23456247935296","study_name":"peter_rcv1_k3","directions":[2]}
{"op_code":4,"worker_id":"a0126910-eb9f-4625-b5eb-0d29b4888537-23456247935296","study_id":0,"datetime_start":"2026-07-24T13:34:25.664913"}
{"op_code":9,"worker_id":"a0126910-eb9f-4625-b5eb-0d29b4888537-23456247935296","trial_id":50,"system_attr":{"tpe:relative_params:0":"{\"lr\": 0.4950766651682054, \"ratio\": 0.10729325416411228}"}}
{"op_code":5,"worker_id":"a0126910-eb9f-4625-b5eb-0d29b4888537-23456247935296","trial_id":50,"param_name":"lr","param_value_internal":0.4950766651682054,"distribution":"{\"name\": \"FloatDistribution\", \"attributes\": {\"step\": null, \"low\": 1e-08, \"high\": 0.5, \"log\": true}}"}
{"op_code":5,"worker_id":"a0126910-eb9f-4625-b5eb-0d29b4888537-23456247935296","trial_id":50,"param_name":"ratio","param_value_internal":0.10729325416411228,"distribution":"{\"name\": \"FloatDistribution\", \"attributes\": {\"step\": null, \"low\": 0.1, \"high\": 100.0, \"log\": true}}"}
{"op_code":0,"worker_id":"5a08b5b2-c33b-4dfb-a1c0-a911ec2d1aa2-23456247935296","study_name":"peter_rcv1_k3","directions":[2]}
{"op_code":4,"worker_id":"5a08b5b2-c33b-4dfb-a1c0-a911ec2d1aa2-23456247935296","study_id":0,"datetime_start":"2026-07-24T13:37:03.615928"}
{"op_code":9,"worker_id":"5a08b5b2-c33b-4dfb-a1c0-a911ec2d1aa2-23456247935296","trial_id":51,"system_attr":{"tpe:relative_params:0":"{\"lr\": 0.09632838825573477, \"ratio\": 1.2202125897077094}"}}
{"op_code":5,"worker_id":"5a08b5b2-c33b-4dfb-a1c0-a911ec2d1aa2-23456247935296","trial_id":51,"param_name":"lr","param_value_internal":0.09632838825573477,"distribution":"{\"name\": \"FloatDistribution\", \"attributes\": {\"step\": null, \"low\": 1e-08, \"high\": 0.5, \"log\": true}}"}
{"op_code":5,"worker_id":"5a08b5b2-c33b-4dfb-a1c0-a911ec2d1aa2-23456247935296","trial_id":51,"param_name":"ratio","param_value_internal":1.2202125897077094,"distribution":"{\"name\": \"FloatDistribution\", \"attributes\": {\"step\": null, \"low\": 0.1, \"high\": 100.0, \"log\": true}}"}
{"op_code":6,"worker_id":"a0126910-eb9f-4625-b5eb-0d29b4888537-23456247935296","trial_id":50,"state":3,"values":null,"datetime_complete":"2026-07-24T13:42:26.993252"}
{"op_code":6,"worker_id":"43cede09-1dc2-4137-acc1-6a8ad65168bb-23456247935296","trial_id":26,"state":1,"values":[-64.84207606581846],"datetime_complete":"2026-07-24T13:43:50.536077"}
{"op_code":0,"worker_id":"aef683aa-12ca-413c-99eb-c1382df35c20-23456247935296","study_name":"peter_rcv1_k3","directions":[2]}
{"op_code":0,"worker_id":"c49d0058-5566-4a21-8afd-d453fb6be047-23456247935296","study_name":"peter_rcv1_k3","directions":[2]}
{"op_code":0,"worker_id":"ce66165f-5018-4060-b310-0e82c0807fee-23456247935296","study_name":"peter_rcv1_k3","directions":[2]}
{"op_code":0,"worker_id":"d0074961-2ada-416b-8ef3-52742ce64ae7-23456247935296","study_name":"peter_rcv1_k3","directions":[2]}
{"op_code":4,"worker_id":"c49d0058-5566-4a21-8afd-d453fb6be047-23456247935296","study_id":0,"datetime_start":"2026-07-24T13:45:20.292426"}
{"op_code":0,"worker_id":"421585d6-eb41-48f9-bbf9-0027d54213b4-23456247935296","study_name":"peter_rcv1_k3","directions":[2]}
{"op_code":9,"worker_id":"c49d0058-5566-4a21-8afd-d453fb6be047-23456247935296","trial_id":52,"system_attr":{"tpe:relative_params:0":"{\"lr\": 0.36643812983965446, \"ratio\": 0.6387373267440287}"}}
{"op_code":5,"worker_id":"c49d0058-5566-4a21-8afd-d453fb6be047-23456247935296","trial_id":52,"param_name":"lr","param_value_internal":0.36643812983965446,"distribution":"{\"name\": \"FloatDistribution\", \"attributes\": {\"step\": null, \"low\": 1e-08, \"high\": 0.5, \"log\": true}}"}
{"op_code":5,"worker_id":"c49d0058-5566-4a21-8afd-d453fb6be047-23456247935296","trial_id":52,"param_name":"ratio","param_value_internal":0.6387373267440287,"distribution":"{\"name\": \"FloatDistribution\", \"attributes\": {\"step\": null, \"low\": 0.1, \"high\": 100.0, \"log\": true}}"}
{"op_code":4,"worker_id":"421585d6-eb41-48f9-bbf9-0027d54213b4-23456247935296","study_id":0,"datetime_start":"2026-07-24T13:45:20.538749"}
{"op_code":4,"worker_id":"ce66165f-5018-4060-b310-0e82c0807fee-23456247935296","study_id":0,"datetime_start":"2026-07-24T13:45:20.293682"}
{"op_code":0,"worker_id":"a91ac0d4-09f9-4a7a-a0a5-1361edf63db8-23456247935296","study_name":"peter_rcv1_k3","directions":[2]}
{"op_code":9,"worker_id":"ce66165f-5018-4060-b310-0e82c0807fee-23456247935296","trial_id":54,"system_attr":{"tpe:relative_params:0":"{\"lr\": 0.0026569307305259085, \"ratio\": 0.12072839869960031}"}}
{"op_code":4,"worker_id":"a91ac0d4-09f9-4a7a-a0a5-1361edf63db8-23456247935296","study_id":0,"datetime_start":"2026-07-24T13:45:20.975763"}
{"op_code":5,"worker_id":"ce66165f-5018-4060-b310-0e82c0807fee-23456247935296","trial_id":54,"param_name":"lr","param_value_internal":0.0026569307305259085,"distribution":"{\"name\": \"FloatDistribution\", \"attributes\": {\"step\": null, \"low\": 1e-08, \"high\": 0.5, \"log\": true}}"}
{"op_code":9,"worker_id":"a91ac0d4-09f9-4a7a-a0a5-1361edf63db8-23456247935296","trial_id":55,"system_attr":{"tpe:relative_params:0":"{\"lr\": 0.15675226926984423, \"ratio\": 0.15249936350197182}"}}
{"op_code":5,"worker_id":"a91ac0d4-09f9-4a7a-a0a5-1361edf63db8-23456247935296","trial_id":55,"param_name":"lr","param_value_internal":0.15675226926984423,"distribution":"{\"name\": \"FloatDistribution\", \"attributes\": {\"step\": null, \"low\": 1e-08, \"high\": 0.5, \"log\": true}}"}
{"op_code":5,"worker_id":"a91ac0d4-09f9-4a7a-a0a5-1361edf63db8-23456247935296","trial_id":55,"param_name":"ratio","param_value_internal":0.15249936350197182,"distribution":"{\"name\": \"FloatDistribution\", \"attributes\": {\"step\": null, \"low\": 0.1, \"high\": 100.0, \"log\": true}}"}
{"op_code":5,"worker_id":"ce66165f-5018-4060-b310-0e82c0807fee-23456247935296","trial_id":54,"param_name":"ratio","param_value_internal":0.12072839869960031,"distribution":"{\"name\": \"FloatDistribution\", \"attributes\": {\"step\": null, \"low\": 0.1, \"high\": 100.0, \"log\": true}}"}
{"op_code":9,"worker_id":"421585d6-eb41-48f9-bbf9-0027d54213b4-23456247935296","trial_id":53,"system_attr":{"tpe:relative_params:0":"{\"lr\": 0.004091463828870354, \"ratio\": 0.23387005582023265}"}}
{"op_code":5,"worker_id":"421585d6-eb41-48f9-bbf9-0027d54213b4-23456247935296","trial_id":53,"param_name":"lr","param_value_internal":0.004091463828870354,"distribution":"{\"name\": \"FloatDistribution\", \"attributes\": {\"step\": null, \"low\": 1e-08, \"high\": 0.5, \"log\": true}}"}
{"op_code":5,"worker_id":"421585d6-eb41-48f9-bbf9-0027d54213b4-23456247935296","trial_id":53,"param_name":"ratio","param_value_internal":0.23387005582023265,"distribution":"{\"name\": \"FloatDistribution\", \"attributes\": {\"step\": null, \"low\": 0.1, \"high\": 100.0, \"log\": true}}"}
{"op_code":0,"worker_id":"1507338a-98e7-40ff-a471-aedd7bd539ad-23456247935296","study_name":"peter_rcv1_k3","directions":[2]}
{"op_code":4,"worker_id":"1507338a-98e7-40ff-a471-aedd7bd539ad-23456247935296","study_id":0,"datetime_start":"2026-07-24T13:45:21.662188"}
{"op_code":9,"worker_id":"1507338a-98e7-40ff-a471-aedd7bd539ad-23456247935296","trial_id":56,"system_attr":{"tpe:relative_params:0":"{\"lr\": 0.23526353003857614, \"ratio\": 14.501830424278163}"}}
{"op_code":4,"worker_id":"d0074961-2ada-416b-8ef3-52742ce64ae7-23456247935296","study_id":0,"datetime_start":"2026-07-24T13:45:20.370624"}
{"op_code":5,"worker_id":"1507338a-98e7-40ff-a471-aedd7bd539ad-23456247935296","trial_id":56,"param_name":"lr","param_value_internal":0.23526353003857614,"distribution":"{\"name\": \"FloatDistribution\", \"attributes\": {\"step\": null, \"low\": 1e-08, \"high\": 0.5, \"log\": true}}"}
{"op_code":5,"worker_id":"1507338a-98e7-40ff-a471-aedd7bd539ad-23456247935296","trial_id":56,"param_name":"ratio","param_value_internal":14.501830424278163,"distribution":"{\"name\": \"FloatDistribution\", \"attributes\": {\"step\": null, \"low\": 0.1, \"high\": 100.0, \"log\": true}}"}
{"op_code":9,"worker_id":"d0074961-2ada-416b-8ef3-52742ce64ae7-23456247935296","trial_id":57,"system_attr":{"tpe:relative_params:0":"{\"lr\": 0.3810945041350843, \"ratio\": 0.13515847992584704}"}}
{"op_code":5,"worker_id":"d0074961-2ada-416b-8ef3-52742ce64ae7-23456247935296","trial_id":57,"param_name":"lr","param_value_internal":0.3810945041350843,"distribution":"{\"name\": \"FloatDistribution\", \"attributes\": {\"step\": null, \"low\": 1e-08, \"high\": 0.5, \"log\": true}}"}
{"op_code":5,"worker_id":"d0074961-2ada-416b-8ef3-52742ce64ae7-23456247935296","trial_id":57,"param_name":"ratio","param_value_internal":0.13515847992584704,"distribution":"{\"name\": \"FloatDistribution\", \"attributes\": {\"step\": null, \"low\": 0.1, \"high\": 100.0, \"log\": true}}"}
{"op_code":0,"worker_id":"fe386f5c-6e54-4af3-b6f5-fbf94bb1ed60-23456247935296","study_name":"peter_rcv1_k3","directions":[2]}
{"op_code":4,"worker_id":"fe386f5c-6e54-4af3-b6f5-fbf94bb1ed60-23456247935296","study_id":0,"datetime_start":"2026-07-24T13:45:22.754907"}
{"op_code":9,"worker_id":"fe386f5c-6e54-4af3-b6f5-fbf94bb1ed60-23456247935296","trial_id":58,"system_attr":{"tpe:relative_params:0":"{\"lr\": 0.0007354767615251367, \"ratio\": 4.00055947820073}"}}
{"op_code":5,"worker_id":"fe386f5c-6e54-4af3-b6f5-fbf94bb1ed60-23456247935296","trial_id":58,"param_name":"lr","param_value_internal":0.0007354767615251367,"distribution":"{\"name\": \"FloatDistribution\", \"attributes\": {\"step\": null, \"low\": 1e-08, \"high\": 0.5, \"log\": true}}"}
{"op_code":5,"worker_id":"fe386f5c-6e54-4af3-b6f5-fbf94bb1ed60-23456247935296","trial_id":58,"param_name":"ratio","param_value_internal":4.00055947820073,"distribution":"{\"name\": \"FloatDistribution\", \"attributes\": {\"step\": null, \"low\": 0.1, \"high\": 100.0, \"log\": true}}"}
{"op_code":0,"worker_id":"6f220c4c-bca3-4aa1-979c-71eeaad6c517-23456247935296","study_name":"peter_rcv1_k3","directions":[2]}
{"op_code":4,"worker_id":"6f220c4c-bca3-4aa1-979c-71eeaad6c517-23456247935296","study_id":0,"datetime_start":"2026-07-24T13:45:23.727562"}
{"op_code":9,"worker_id":"6f220c4c-bca3-4aa1-979c-71eeaad6c517-23456247935296","trial_id":59,"system_attr":{"tpe:relative_params:0":"{\"lr\": 0.003522337306173935, \"ratio\": 0.903124142740475}"}}
{"op_code":5,"worker_id":"6f220c4c-bca3-4aa1-979c-71eeaad6c517-23456247935296","trial_id":59,"param_name":"lr","param_value_internal":0.003522337306173935,"distribution":"{\"name\": \"FloatDistribution\", \"attributes\": {\"step\": null, \"low\": 1e-08, \"high\": 0.5, \"log\": true}}"}
{"op_code":5,"worker_id":"6f220c4c-bca3-4aa1-979c-71eeaad6c517-23456247935296","trial_id":59,"param_name":"ratio","param_value_internal":0.903124142740475,"distribution":"{\"name\": \"FloatDistribution\", \"attributes\": {\"step\": null, \"low\": 0.1, \"high\": 100.0, \"log\": true}}"}
{"op_code":0,"worker_id":"44193eca-8e25-42cf-88fa-37b5c8bdc636-23456247935296","study_name":"peter_rcv1_k3","directions":[2]}
{"op_code":4,"worker_id":"44193eca-8e25-42cf-88fa-37b5c8bdc636-23456247935296","study_id":0,"datetime_start":"2026-07-24T13:45:24.019926"}
{"op_code":9,"worker_id":"44193eca-8e25-42cf-88fa-37b5c8bdc636-23456247935296","trial_id":60,"system_attr":{"tpe:relative_params:0":"{\"lr\": 0.020567925852753268, \"ratio\": 1.9657045133112023}"}}
{"op_code":5,"worker_id":"44193eca-8e25-42cf-88fa-37b5c8bdc636-23456247935296","trial_id":60,"param_name":"lr","param_value_internal":0.020567925852753268,"distribution":"{\"name\": \"FloatDistribution\", \"attributes\": {\"step\": null, \"low\": 1e-08, \"high\": 0.5, \"log\": true}}"}
{"op_code":5,"worker_id":"44193eca-8e25-42cf-88fa-37b5c8bdc636-23456247935296","trial_id":60,"param_name":"ratio","param_value_internal":1.9657045133112023,"distribution":"{\"name\": \"FloatDistribution\", \"attributes\": {\"step\": null, \"low\": 0.1, \"high\": 100.0, \"log\": true}}"}
{"op_code":0,"worker_id":"fc819c96-fa8e-477e-9b9e-f76bf46a0542-23456247935296","study_name":"peter_rcv1_k3","directions":[2]}
{"op_code":4,"worker_id":"fc819c96-fa8e-477e-9b9e-f76bf46a0542-23456247935296","study_id":0,"datetime_start":"2026-07-24T13:45:24.804228"}
{"op_code":9,"worker_id":"fc819c96-fa8e-477e-9b9e-f76bf46a0542-23456247935296","trial_id":61,"system_attr":{"tpe:relative_params:0":"{\"lr\": 5.777153269075669e-07, \"ratio\": 1.7846207420165023}"}}
{"op_code":0,"worker_id":"ee4e3bd0-021e-40aa-9e24-c72c44a92b93-23456247935296","study_name":"peter_rcv1_k3","directions":[2]}
{"op_code":5,"worker_id":"fc819c96-fa8e-477e-9b9e-f76bf46a0542-23456247935296","trial_id":61,"param_name":"lr","param_value_internal":5.777153269075669e-07,"distribution":"{\"name\": \"FloatDistribution\", \"attributes\": {\"step\": null, \"low\": 1e-08, \"high\": 0.5, \"log\": true}}"}
{"op_code":5,"worker_id":"fc819c96-fa8e-477e-9b9e-f76bf46a0542-23456247935296","trial_id":61,"param_name":"ratio","param_value_internal":1.7846207420165023,"distribution":"{\"name\": \"FloatDistribution\", \"attributes\": {\"step\": null, \"low\": 0.1, \"high\": 100.0, \"log\": true}}"}
{"op_code":4,"worker_id":"ee4e3bd0-021e-40aa-9e24-c72c44a92b93-23456247935296","study_id":0,"datetime_start":"2026-07-24T13:45:25.095331"}
{"op_code":9,"worker_id":"ee4e3bd0-021e-40aa-9e24-c72c44a92b93-23456247935296","trial_id":62,"system_attr":{"tpe:relative_params:0":"{\"lr\": 0.4117748421771649, \"ratio\": 1.1250546231959537}"}}
{"op_code":5,"worker_id":"ee4e3bd0-021e-40aa-9e24-c72c44a92b93-23456247935296","trial_id":62,"param_name":"lr","param_value_internal":0.4117748421771649,"distribution":"{\"name\": \"FloatDistribution\", \"attributes\": {\"step\": null, \"low\": 1e-08, \"high\": 0.5, \"log\": true}}"}
{"op_code":5,"worker_id":"ee4e3bd0-021e-40aa-9e24-c72c44a92b93-23456247935296","trial_id":62,"param_name":"ratio","param_value_internal":1.1250546231959537,"distribution":"{\"name\": \"FloatDistribution\", \"attributes\": {\"step\": null, \"low\": 0.1, \"high\": 100.0, \"log\": true}}"}
{"op_code":0,"worker_id":"8f7826dc-24af-4e32-b9cb-5f5416a20225-23456247935296","study_name":"peter_rcv1_k3","directions":[2]}
{"op_code":4,"worker_id":"8f7826dc-24af-4e32-b9cb-5f5416a20225-23456247935296","study_id":0,"datetime_start":"2026-07-24T13:45:25.806415"}
{"op_code":9,"worker_id":"8f7826dc-24af-4e32-b9cb-5f5416a20225-23456247935296","trial_id":63,"system_attr":{"tpe:relative_params:0":"{\"lr\": 0.005510237424252873, \"ratio\": 0.3694195897549465}"}}
{"op_code":5,"worker_id":"8f7826dc-24af-4e32-b9cb-5f5416a20225-23456247935296","trial_id":63,"param_name":"lr","param_value_internal":0.005510237424252873,"distribution":"{\"name\": \"FloatDistribution\", \"attributes\": {\"step\": null, \"low\": 1e-08, \"high\": 0.5, \"log\": true}}"}
{"op_code":5,"worker_id":"8f7826dc-24af-4e32-b9cb-5f5416a20225-23456247935296","trial_id":63,"param_name":"ratio","param_value_internal":0.3694195897549465,"distribution":"{\"name\": \"FloatDistribution\", \"attributes\": {\"step\": null, \"low\": 0.1, \"high\": 100.0, \"log\": true}}"}
{"op_code":0,"worker_id":"fcb2fd5f-f57b-41cc-be6e-a4933a35b8fb-23456247935296","study_name":"peter_rcv1_k3","directions":[2]}
{"op_code":4,"worker_id":"fcb2fd5f-f57b-41cc-be6e-a4933a35b8fb-23456247935296","study_id":0,"datetime_start":"2026-07-24T13:45:26.061884"}
{"op_code":9,"worker_id":"fcb2fd5f-f57b-41cc-be6e-a4933a35b8fb-23456247935296","trial_id":64,"system_attr":{"tpe:relative_params:0":"{\"lr\": 0.006830599608474713, \"ratio\": 7.653169220099754}"}}
{"op_code":5,"worker_id":"fcb2fd5f-f57b-41cc-be6e-a4933a35b8fb-23456247935296","trial_id":64,"param_name":"lr","param_value_internal":0.006830599608474713,"distribution":"{\"name\": \"FloatDistribution\", \"attributes\": {\"step\": null, \"low\": 1e-08, \"high\": 0.5, \"log\": true}}"}
{"op_code":5,"worker_id":"fcb2fd5f-f57b-41cc-be6e-a4933a35b8fb-23456247935296","trial_id":64,"param_name":"ratio","param_value_internal":7.653169220099754,"distribution":"{\"name\": \"FloatDistribution\", \"attributes\": {\"step\": null, \"low\": 0.1, \"high\": 100.0, \"log\": true}}"}
{"op_code":0,"worker_id":"ca5ad9b4-8bb7-4bc0-87f7-6f3312f2e633-23456247935296","study_name":"peter_rcv1_k3","directions":[2]}
{"op_code":4,"worker_id":"ca5ad9b4-8bb7-4bc0-87f7-6f3312f2e633-23456247935296","study_id":0,"datetime_start":"2026-07-24T13:45:26.821708"}
{"op_code":9,"worker_id":"ca5ad9b4-8bb7-4bc0-87f7-6f3312f2e633-23456247935296","trial_id":65,"system_attr":{"tpe:relative_params:0":"{\"lr\": 0.009016826460402425, \"ratio\": 0.3924291953316188}"}}
{"op_code":5,"worker_id":"ca5ad9b4-8bb7-4bc0-87f7-6f3312f2e633-23456247935296","trial_id":65,"param_name":"lr","param_value_internal":0.009016826460402425,"distribution":"{\"name\": \"FloatDistribution\", \"attributes\": {\"step\": null, \"low\": 1e-08, \"high\": 0.5, \"log\": true}}"}
{"op_code":5,"worker_id":"ca5ad9b4-8bb7-4bc0-87f7-6f3312f2e633-23456247935296","trial_id":65,"param_name":"ratio","param_value_internal":0.3924291953316188,"distribution":"{\"name\": \"FloatDistribution\", \"attributes\": {\"step\": null, \"low\": 0.1, \"high\": 100.0, \"log\": true}}"}
{"op_code":0,"worker_id":"51f1b89c-15bb-4a5f-a50f-e21f6dd20b52-23456247935296","study_name":"peter_rcv1_k3","directions":[2]}
{"op_code":4,"worker_id":"51f1b89c-15bb-4a5f-a50f-e21f6dd20b52-23456247935296","study_id":0,"datetime_start":"2026-07-24T13:45:27.064508"}
{"op_code":0,"worker_id":"c52cb06c-d520-48bc-94f2-68fd30cfeaf3-23456247935296","study_name":"peter_rcv1_k3","directions":[2]}
{"op_code":9,"worker_id":"51f1b89c-15bb-4a5f-a50f-e21f6dd20b52-23456247935296","trial_id":66,"system_attr":{"tpe:relative_params:0":"{\"lr\": 0.0001093920712207561, \"ratio\": 2.520127865707155}"}}
{"op_code":5,"worker_id":"51f1b89c-15bb-4a5f-a50f-e21f6dd20b52-23456247935296","trial_id":66,"param_name":"lr","param_value_internal":0.0001093920712207561,"distribution":"{\"name\": \"FloatDistribution\", \"attributes\": {\"step\": null, \"low\": 1e-08, \"high\": 0.5, \"log\": true}}"}
{"op_code":5,"worker_id":"51f1b89c-15bb-4a5f-a50f-e21f6dd20b52-23456247935296","trial_id":66,"param_name":"ratio","param_value_internal":2.520127865707155,"distribution":"{\"name\": \"FloatDistribution\", \"attributes\": {\"step\": null, \"low\": 0.1, \"high\": 100.0, \"log\": true}}"}
{"op_code":4,"worker_id":"c52cb06c-d520-48bc-94f2-68fd30cfeaf3-23456247935296","study_id":0,"datetime_start":"2026-07-24T13:45:27.190739"}
{"op_code":9,"worker_id":"c52cb06c-d520-48bc-94f2-68fd30cfeaf3-23456247935296","trial_id":67,"system_attr":{"tpe:relative_params:0":"{\"lr\": 0.2831395596573368, \"ratio\": 0.30603896606321906}"}}
{"op_code":5,"worker_id":"c52cb06c-d520-48bc-94f2-68fd30cfeaf3-23456247935296","trial_id":67,"param_name":"lr","param_value_internal":0.2831395596573368,"distribution":"{\"name\": \"FloatDistribution\", \"attributes\": {\"step\": null, \"low\": 1e-08, \"high\": 0.5, \"log\": true}}"}
{"op_code":5,"worker_id":"c52cb06c-d520-48bc-94f2-68fd30cfeaf3-23456247935296","trial_id":67,"param_name":"ratio","param_value_internal":0.30603896606321906,"distribution":"{\"name\": \"FloatDistribution\", \"attributes\": {\"step\": null, \"low\": 0.1, \"high\": 100.0, \"log\": true}}"}
{"op_code":0,"worker_id":"70ff6bed-0bac-42a6-b46a-96794d8460c8-23456247935296","study_name":"peter_rcv1_k3","directions":[2]}
{"op_code":4,"worker_id":"70ff6bed-0bac-42a6-b46a-96794d8460c8-23456247935296","study_id":0,"datetime_start":"2026-07-24T13:45:27.833286"}
{"op_code":9,"worker_id":"70ff6bed-0bac-42a6-b46a-96794d8460c8-23456247935296","trial_id":68,"system_attr":{"tpe:relative_params:0":"{\"lr\": 0.46465346406284186, \"ratio\": 7.890153309679363}"}}
{"op_code":5,"worker_id":"70ff6bed-0bac-42a6-b46a-96794d8460c8-23456247935296","trial_id":68,"param_name":"lr","param_value_internal":0.46465346406284186,"distribution":"{\"name\": \"FloatDistribution\", \"attributes\": {\"step\": null, \"low\": 1e-08, \"high\": 0.5, \"log\": true}}"}
{"op_code":5,"worker_id":"70ff6bed-0bac-42a6-b46a-96794d8460c8-23456247935296","trial_id":68,"param_name":"ratio","param_value_internal":7.890153309679363,"distribution":"{\"name\": \"FloatDistribution\", \"attributes\": {\"step\": null, \"low\": 0.1, \"high\": 100.0, \"log\": true}}"}
{"op_code":0,"worker_id":"6347820c-83ca-4710-a431-97f61650e175-23456247935296","study_name":"peter_rcv1_k3","directions":[2]}
{"op_code":4,"worker_id":"6347820c-83ca-4710-a431-97f61650e175-23456247935296","study_id":0,"datetime_start":"2026-07-24T13:45:28.888501"}
{"op_code":9,"worker_id":"6347820c-83ca-4710-a431-97f61650e175-23456247935296","trial_id":69,"system_attr":{"tpe:relative_params:0":"{\"lr\": 0.010525245723651279, \"ratio\": 2.6035511367596493}"}}
{"op_code":5,"worker_id":"6347820c-83ca-4710-a431-97f61650e175-23456247935296","trial_id":69,"param_name":"lr","param_value_internal":0.010525245723651279,"distribution":"{\"name\": \"FloatDistribution\", \"attributes\": {\"step\": null, \"low\": 1e-08, \"high\": 0.5, \"log\": true}}"}
{"op_code":5,"worker_id":"6347820c-83ca-4710-a431-97f61650e175-23456247935296","trial_id":69,"param_name":"ratio","param_value_internal":2.6035511367596493,"distribution":"{\"name\": \"FloatDistribution\", \"attributes\": {\"step\": null, \"low\": 0.1, \"high\": 100.0, \"log\": true}}"}
{"op_code":0,"worker_id":"fc64f31e-fa9d-4cea-98b4-b1e8f7e4e6ab-23456247935296","study_name":"peter_rcv1_k3","directions":[2]}
{"op_code":4,"worker_id":"fc64f31e-fa9d-4cea-98b4-b1e8f7e4e6ab-23456247935296","study_id":0,"datetime_start":"2026-07-24T13:45:29.901070"}
{"op_code":9,"worker_id":"fc64f31e-fa9d-4cea-98b4-b1e8f7e4e6ab-23456247935296","trial_id":70,"system_attr":{"tpe:relative_params:0":"{\"lr\": 0.0006891447712732249, \"ratio\": 0.10565633514345486}"}}
{"op_code":5,"worker_id":"fc64f31e-fa9d-4cea-98b4-b1e8f7e4e6ab-23456247935296","trial_id":70,"param_name":"lr","param_value_internal":0.0006891447712732249,"distribution":"{\"name\": \"FloatDistribution\", \"attributes\": {\"step\": null, \"low\": 1e-08, \"high\": 0.5, \"log\": true}}"}
{"op_code":5,"worker_id":"fc64f31e-fa9d-4cea-98b4-b1e8f7e4e6ab-23456247935296","trial_id":70,"param_name":"ratio","param_value_internal":0.10565633514345486,"distribution":"{\"name\": \"FloatDistribution\", \"attributes\": {\"step\": null, \"low\": 0.1, \"high\": 100.0, \"log\": true}}"}
{"op_code":0,"worker_id":"0f81e5c9-a4be-4150-8517-335d4ed6ae61-23456247935296","study_name":"peter_rcv1_k3","directions":[2]}
{"op_code":4,"worker_id":"0f81e5c9-a4be-4150-8517-335d4ed6ae61-23456247935296","study_id":0,"datetime_start":"2026-07-24T13:45:30.925117"}
{"op_code":9,"worker_id":"0f81e5c9-a4be-4150-8517-335d4ed6ae61-23456247935296","trial_id":71,"system_attr":{"tpe:relative_params:0":"{\"lr\": 1.223317347303455e-08, \"ratio\": 0.36313887162595826}"}}
{"op_code":5,"worker_id":"0f81e5c9-a4be-4150-8517-335d4ed6ae61-23456247935296","trial_id":71,"param_name":"lr","param_value_internal":1.223317347303455e-08,"distribution":"{\"name\": \"FloatDistribution\", \"attributes\": {\"step\": null, \"low\": 1e-08, \"high\": 0.5, \"log\": true}}"}
{"op_code":5,"worker_id":"0f81e5c9-a4be-4150-8517-335d4ed6ae61-23456247935296","trial_id":71,"param_name":"ratio","param_value_internal":0.36313887162595826,"distribution":"{\"name\": \"FloatDistribution\", \"attributes\": {\"step\": null, \"low\": 0.1, \"high\": 100.0, \"log\": true}}"}
{"op_code":6,"worker_id":"70ff6bed-0bac-42a6-b46a-96794d8460c8-23456247935296","trial_id":68,"state":3,"values":null,"datetime_complete":"2026-07-24T13:48:09.223554"}
{"op_code":6,"worker_id":"ee4e3bd0-021e-40aa-9e24-c72c44a92b93-23456247935296","trial_id":62,"state":3,"values":null,"datetime_complete":"2026-07-24T13:48:22.022571"}
{"op_code":6,"worker_id":"1507338a-98e7-40ff-a471-aedd7bd539ad-23456247935296","trial_id":56,"state":3,"values":null,"datetime_complete":"2026-07-24T13:53:05.155145"}
{"op_code":6,"worker_id":"c52cb06c-d520-48bc-94f2-68fd30cfeaf3-23456247935296","trial_id":67,"state":3,"values":null,"datetime_complete":"2026-07-24T13:53:09.651834"}
{"op_code":6,"worker_id":"d0074961-2ada-416b-8ef3-52742ce64ae7-23456247935296","trial_id":57,"state":3,"values":null,"datetime_complete":"2026-07-24T13:58:12.121766"}
{"op_code":6,"worker_id":"c49d0058-5566-4a21-8afd-d453fb6be047-23456247935296","trial_id":52,"state":3,"values":null,"datetime_complete":"2026-07-24T14:03:54.742748"}
{"op_code":6,"worker_id":"a91ac0d4-09f9-4a7a-a0a5-1361edf63db8-23456247935296","trial_id":55,"state":1,"values":[-63.0187534426701],"datetime_complete":"2026-07-24T14:50:30.860905"}
{"op_code":6,"worker_id":"fc819c96-fa8e-477e-9b9e-f76bf46a0542-23456247935296","trial_id":61,"state":1,"values":[-64.87902599615673],"datetime_complete":"2026-07-24T14:53:40.223666"}
{"op_code":6,"worker_id":"6f220c4c-bca3-4aa1-979c-71eeaad6c517-23456247935296","trial_id":59,"state":1,"values":[-62.368585640042646],"datetime_complete":"2026-07-24T14:53:45.521468"}
{"op_code":6,"worker_id":"0f81e5c9-a4be-4150-8517-335d4ed6ae61-23456247935296","trial_id":71,"state":1,"values":[-64.8776812287752],"datetime_complete":"2026-07-24T14:53:59.213764"}
{"op_code":6,"worker_id":"421585d6-eb41-48f9-bbf9-0027d54213b4-23456247935296","trial_id":53,"state":1,"values":[-63.01205072831324],"datetime_complete":"2026-07-24T14:54:27.277493"}
{"op_code":6,"worker_id":"ce66165f-5018-4060-b310-0e82c0807fee-23456247935296","trial_id":54,"state":1,"values":[-63.899614364021815],"datetime_complete":"2026-07-24T14:55:10.413053"}
{"op_code":6,"worker_id":"44193eca-8e25-42cf-88fa-37b5c8bdc636-23456247935296","trial_id":60,"state":1,"values":[-62.68025588434285],"datetime_complete":"2026-07-24T15:09:43.468539"}
{"op_code":6,"worker_id":"fe386f5c-6e54-4af3-b6f5-fbf94bb1ed60-23456247935296","trial_id":58,"state":1,"values":[-62.50958564308626],"datetime_complete":"2026-07-24T15:16:58.010580"}
{"op_code":6,"worker_id":"fcb2fd5f-f57b-41cc-be6e-a4933a35b8fb-23456247935296","trial_id":64,"state":1,"values":[-63.066574516300015],"datetime_complete":"2026-07-24T15:23:36.863125"}
{"op_code":6,"worker_id":"6347820c-83ca-4710-a431-97f61650e175-23456247935296","trial_id":69,"state":1,"values":[-62.52706136796032],"datetime_complete":"2026-07-24T15:28:58.662499"}
{"op_code":6,"worker_id":"51f1b89c-15bb-4a5f-a50f-e21f6dd20b52-23456247935296","trial_id":66,"state":1,"values":[-64.29896073239266],"datetime_complete":"2026-07-24T15:35:36.249336"}
{"op_code":6,"worker_id":"ca5ad9b4-8bb7-4bc0-87f7-6f3312f2e633-23456247935296","trial_id":65,"state":1,"values":[-62.41168882816203],"datetime_complete":"2026-07-24T15:37:04.412425"}
{"op_code":6,"worker_id":"fc64f31e-fa9d-4cea-98b4-b1e8f7e4e6ab-23456247935296","trial_id":70,"state":1,"values":[-64.4076850362018],"datetime_complete":"2026-07-24T15:46:29.091608"}
{"op_code":6,"worker_id":"8f7826dc-24af-4e32-b9cb-5f5416a20225-23456247935296","trial_id":63,"state":1,"values":[-62.53645807464354],"datetime_complete":"2026-07-24T15:48:05.603470"}
{"op_code":0,"worker_id":"d64615c0-157a-4c2d-bfe5-d81cab038f96-23456247935296","study_name":"peter_rcv1_k3","directions":[2]}
