{"op_code":0,"worker_id":"868f1122-419b-4693-a71c-236b95b0b7c8-20268","study_name":"peter_tretail_k1","directions":[2]}
{"op_code":0,"worker_id":"1a36a8f9-10cf-4493-8db7-8f2297500bb0-25836","study_name":"peter_tretail_k1","directions":[2]}
{"op_code":4,"worker_id":"1a36a8f9-10cf-4493-8db7-8f2297500bb0-25836","study_id":0,"datetime_start":"2026-07-24T09:09:34.778684"}
{"op_code":5,"worker_id":"1a36a8f9-10cf-4493-8db7-8f2297500bb0-25836","trial_id":0,"param_name":"lr","param_value_internal":2.934532630349327e-08,"distribution":"{\"name\": \"FloatDistribution\", \"attributes\": {\"step\": null, \"low\": 1e-08, \"high\": 0.5, \"log\": true}}"}
{"op_code":5,"worker_id":"1a36a8f9-10cf-4493-8db7-8f2297500bb0-25836","trial_id":0,"param_name":"ratio","param_value_internal":88.36824131615316,"distribution":"{\"name\": \"FloatDistribution\", \"attributes\": {\"step\": null, \"low\": 0.1, \"high\": 100.0, \"log\": true}}"}
{"op_code":6,"worker_id":"1a36a8f9-10cf-4493-8db7-8f2297500bb0-25836","trial_id":0,"state":1,"values":[-18.81209851029051],"datetime_complete":"2026-07-24T09:11:42.726482"}
{"op_code":0,"worker_id":"1272611c-ff67-4410-88b6-05e942030ca5-26800","study_name":"peter_tretail_k1","directions":[2]}
{"op_code":4,"worker_id":"1272611c-ff67-4410-88b6-05e942030ca5-26800","study_id":0,"datetime_start":"2026-07-24T09:13:00.893624"}
{"op_code":5,"worker_id":"1272611c-ff67-4410-88b6-05e942030ca5-26800","trial_id":1,"param_name":"lr","param_value_internal":6.088925023465496e-06,"distribution":"{\"name\": \"FloatDistribution\", \"attributes\": {\"step\": null, \"low\": 1e-08, \"high\": 0.5, \"log\": true}}"}
{"op_code":5,"worker_id":"1272611c-ff67-4410-88b6-05e942030ca5-26800","trial_id":1,"param_name":"ratio","param_value_internal":58.75167535193071,"distribution":"{\"name\": \"FloatDistribution\", \"attributes\": {\"step\": null, \"low\": 0.1, \"high\": 100.0, \"log\": true}}"}
{"op_code":0,"worker_id":"7f77a1ef-b054-490b-9ba2-fda8dbd8717f-26756","study_name":"peter_tretail_k1","directions":[2]}
{"op_code":4,"worker_id":"7f77a1ef-b054-490b-9ba2-fda8dbd8717f-26756","study_id":0,"datetime_start":"2026-07-24T09:13:02.092809"}
{"op_code":5,"worker_id":"7f77a1ef-b054-490b-9ba2-fda8dbd8717f-26756","trial_id":2,"param_name":"lr","param_value_internal":0.42654130366566734,"distribution":"{\"name\": \"FloatDistribution\", \"attributes\": {\"step\": null, \"low\": 1e-08, \"high\": 0.5, \"log\": true}}"}
{"op_code":5,"worker_id":"7f77a1ef-b054-490b-9ba2-fda8dbd8717f-26756","trial_id":2,"param_name":"ratio","param_value_internal":0.2596862421735613,"distribution":"{\"name\": \"FloatDistribution\", \"attributes\": {\"step\": null, \"low\": 0.1, \"high\": 100.0, \"log\": true}}"}
{"op_code":0,"worker_id":"0d38065d-3c67-4363-8af0-8ca5c1542572-23456247935296","study_name":"peter_tretail_k1","directions":[2]}
{"op_code":0,"worker_id":"ebb80c31-aef1-46c0-abd1-a7a718b513d9-23456247935296","study_name":"peter_tretail_k1","directions":[2]}
{"op_code":4,"worker_id":"ebb80c31-aef1-46c0-abd1-a7a718b513d9-23456247935296","study_id":0,"datetime_start":"2026-07-24T10:21:57.192857"}
{"op_code":5,"worker_id":"ebb80c31-aef1-46c0-abd1-a7a718b513d9-23456247935296","trial_id":3,"param_name":"lr","param_value_internal":0.11304431546897487,"distribution":"{\"name\": \"FloatDistribution\", \"attributes\": {\"step\": null, \"low\": 1e-08, \"high\": 0.5, \"log\": true}}"}
{"op_code":5,"worker_id":"ebb80c31-aef1-46c0-abd1-a7a718b513d9-23456247935296","trial_id":3,"param_name":"ratio","param_value_internal":14.413907485107687,"distribution":"{\"name\": \"FloatDistribution\", \"attributes\": {\"step\": null, \"low\": 0.1, \"high\": 100.0, \"log\": true}}"}
{"op_code":6,"worker_id":"ebb80c31-aef1-46c0-abd1-a7a718b513d9-23456247935296","trial_id":3,"state":3,"values":null,"datetime_complete":"2026-07-24T10:22:09.876410"}
{"op_code":0,"worker_id":"5ba6a9f0-aeda-4cc6-8bc2-8f559001a7bf-23456247935296","study_name":"peter_tretail_k1","directions":[2]}
{"op_code":4,"worker_id":"5ba6a9f0-aeda-4cc6-8bc2-8f559001a7bf-23456247935296","study_id":0,"datetime_start":"2026-07-24T10:22:17.280602"}
{"op_code":5,"worker_id":"5ba6a9f0-aeda-4cc6-8bc2-8f559001a7bf-23456247935296","trial_id":4,"param_name":"lr","param_value_internal":1.8157150222508077e-08,"distribution":"{\"name\": \"FloatDistribution\", \"attributes\": {\"step\": null, \"low\": 1e-08, \"high\": 0.5, \"log\": true}}"}
{"op_code":5,"worker_id":"5ba6a9f0-aeda-4cc6-8bc2-8f559001a7bf-23456247935296","trial_id":4,"param_name":"ratio","param_value_internal":1.346191719866478,"distribution":"{\"name\": \"FloatDistribution\", \"attributes\": {\"step\": null, \"low\": 0.1, \"high\": 100.0, \"log\": true}}"}
{"op_code":6,"worker_id":"5ba6a9f0-aeda-4cc6-8bc2-8f559001a7bf-23456247935296","trial_id":4,"state":1,"values":[-18.80892016044763],"datetime_complete":"2026-07-24T10:24:15.346435"}
{"op_code":0,"worker_id":"3c6eeca9-c3d2-456b-a58e-f129f2a4e918-23456247935296","study_name":"peter_tretail_k1","directions":[2]}
{"op_code":4,"worker_id":"3c6eeca9-c3d2-456b-a58e-f129f2a4e918-23456247935296","study_id":0,"datetime_start":"2026-07-24T10:25:25.498456"}
{"op_code":5,"worker_id":"3c6eeca9-c3d2-456b-a58e-f129f2a4e918-23456247935296","trial_id":5,"param_name":"lr","param_value_internal":0.019653685191200063,"distribution":"{\"name\": \"FloatDistribution\", \"attributes\": {\"step\": null, \"low\": 1e-08, \"high\": 0.5, \"log\": true}}"}
{"op_code":5,"worker_id":"3c6eeca9-c3d2-456b-a58e-f129f2a4e918-23456247935296","trial_id":5,"param_name":"ratio","param_value_internal":6.4189261036443375,"distribution":"{\"name\": \"FloatDistribution\", \"attributes\": {\"step\": null, \"low\": 0.1, \"high\": 100.0, \"log\": true}}"}
{"op_code":6,"worker_id":"3c6eeca9-c3d2-456b-a58e-f129f2a4e918-23456247935296","trial_id":5,"state":1,"values":[-16.525511731204546],"datetime_complete":"2026-07-24T10:27:51.734102"}
{"op_code":0,"worker_id":"65f01144-0be9-4195-a991-797249c95131-23456247935296","study_name":"peter_tretail_k1","directions":[2]}
{"op_code":4,"worker_id":"65f01144-0be9-4195-a991-797249c95131-23456247935296","study_id":0,"datetime_start":"2026-07-24T10:28:46.678043"}
{"op_code":5,"worker_id":"65f01144-0be9-4195-a991-797249c95131-23456247935296","trial_id":6,"param_name":"lr","param_value_internal":1.1887780019839604e-06,"distribution":"{\"name\": \"FloatDistribution\", \"attributes\": {\"step\": null, \"low\": 1e-08, \"high\": 0.5, \"log\": true}}"}
{"op_code":5,"worker_id":"65f01144-0be9-4195-a991-797249c95131-23456247935296","trial_id":6,"param_name":"ratio","param_value_internal":0.38430957587009074,"distribution":"{\"name\": \"FloatDistribution\", \"attributes\": {\"step\": null, \"low\": 0.1, \"high\": 100.0, \"log\": true}}"}
{"op_code":6,"worker_id":"65f01144-0be9-4195-a991-797249c95131-23456247935296","trial_id":6,"state":1,"values":[-19.094055977369568],"datetime_complete":"2026-07-24T10:30:47.309365"}
{"op_code":0,"worker_id":"e6ef676b-9f1c-4bdb-bb5f-857ef1376b9e-23456247935296","study_name":"peter_tretail_k1","directions":[2]}
{"op_code":4,"worker_id":"e6ef676b-9f1c-4bdb-bb5f-857ef1376b9e-23456247935296","study_id":0,"datetime_start":"2026-07-24T10:32:34.692412"}
{"op_code":5,"worker_id":"e6ef676b-9f1c-4bdb-bb5f-857ef1376b9e-23456247935296","trial_id":7,"param_name":"lr","param_value_internal":0.028641752971029028,"distribution":"{\"name\": \"FloatDistribution\", \"attributes\": {\"step\": null, \"low\": 1e-08, \"high\": 0.5, \"log\": true}}"}
{"op_code":5,"worker_id":"e6ef676b-9f1c-4bdb-bb5f-857ef1376b9e-23456247935296","trial_id":7,"param_name":"ratio","param_value_internal":8.615831918593411,"distribution":"{\"name\": \"FloatDistribution\", \"attributes\": {\"step\": null, \"low\": 0.1, \"high\": 100.0, \"log\": true}}"}
{"op_code":6,"worker_id":"e6ef676b-9f1c-4bdb-bb5f-857ef1376b9e-23456247935296","trial_id":7,"state":3,"values":null,"datetime_complete":"2026-07-24T10:33:05.498738"}
{"op_code":0,"worker_id":"5bc9a0df-b6fe-4735-ae1f-63464b694b00-23456247935296","study_name":"peter_tretail_k1","directions":[2]}
{"op_code":4,"worker_id":"5bc9a0df-b6fe-4735-ae1f-63464b694b00-23456247935296","study_id":0,"datetime_start":"2026-07-24T10:35:53.491796"}
{"op_code":5,"worker_id":"5bc9a0df-b6fe-4735-ae1f-63464b694b00-23456247935296","trial_id":8,"param_name":"lr","param_value_internal":1.775486925398276e-05,"distribution":"{\"name\": \"FloatDistribution\", \"attributes\": {\"step\": null, \"low\": 1e-08, \"high\": 0.5, \"log\": true}}"}
{"op_code":5,"worker_id":"5bc9a0df-b6fe-4735-ae1f-63464b694b00-23456247935296","trial_id":8,"param_name":"ratio","param_value_internal":1.2821918313485532,"distribution":"{\"name\": \"FloatDistribution\", \"attributes\": {\"step\": null, \"low\": 0.1, \"high\": 100.0, \"log\": true}}"}
{"op_code":6,"worker_id":"5bc9a0df-b6fe-4735-ae1f-63464b694b00-23456247935296","trial_id":8,"state":1,"values":[-18.21155325298562],"datetime_complete":"2026-07-24T10:38:01.241264"}
{"op_code":0,"worker_id":"5472cea5-c5fa-4bea-aa2b-d95bd190b868-23456247935296","study_name":"peter_tretail_k1","directions":[2]}
{"op_code":4,"worker_id":"5472cea5-c5fa-4bea-aa2b-d95bd190b868-23456247935296","study_id":0,"datetime_start":"2026-07-24T10:39:23.762019"}
{"op_code":5,"worker_id":"5472cea5-c5fa-4bea-aa2b-d95bd190b868-23456247935296","trial_id":9,"param_name":"lr","param_value_internal":5.301411741237532e-05,"distribution":"{\"name\": \"FloatDistribution\", \"attributes\": {\"step\": null, \"low\": 1e-08, \"high\": 0.5, \"log\": true}}"}
{"op_code":5,"worker_id":"5472cea5-c5fa-4bea-aa2b-d95bd190b868-23456247935296","trial_id":9,"param_name":"ratio","param_value_internal":68.25228466134871,"distribution":"{\"name\": \"FloatDistribution\", \"attributes\": {\"step\": null, \"low\": 0.1, \"high\": 100.0, \"log\": true}}"}
{"op_code":6,"worker_id":"5472cea5-c5fa-4bea-aa2b-d95bd190b868-23456247935296","trial_id":9,"state":1,"values":[-15.648690911159811],"datetime_complete":"2026-07-24T10:41:49.766265"}
{"op_code":0,"worker_id":"66b63b30-4c36-4bd0-8a95-cbdf4cedb567-23456247935296","study_name":"peter_tretail_k1","directions":[2]}
{"op_code":4,"worker_id":"66b63b30-4c36-4bd0-8a95-cbdf4cedb567-23456247935296","study_id":0,"datetime_start":"2026-07-24T10:43:40.933736"}
{"op_code":5,"worker_id":"66b63b30-4c36-4bd0-8a95-cbdf4cedb567-23456247935296","trial_id":10,"param_name":"lr","param_value_internal":0.04129882947570456,"distribution":"{\"name\": \"FloatDistribution\", \"attributes\": {\"step\": null, \"low\": 1e-08, \"high\": 0.5, \"log\": true}}"}
{"op_code":5,"worker_id":"66b63b30-4c36-4bd0-8a95-cbdf4cedb567-23456247935296","trial_id":10,"param_name":"ratio","param_value_internal":32.61660217592677,"distribution":"{\"name\": \"FloatDistribution\", \"attributes\": {\"step\": null, \"low\": 0.1, \"high\": 100.0, \"log\": true}}"}
{"op_code":6,"worker_id":"66b63b30-4c36-4bd0-8a95-cbdf4cedb567-23456247935296","trial_id":10,"state":3,"values":null,"datetime_complete":"2026-07-24T10:44:42.867716"}
{"op_code":0,"worker_id":"af0c3bbe-b2e3-47f2-8c78-74a3a4a8a2c5-23456247935296","study_name":"peter_tretail_k1","directions":[2]}
{"op_code":4,"worker_id":"af0c3bbe-b2e3-47f2-8c78-74a3a4a8a2c5-23456247935296","study_id":0,"datetime_start":"2026-07-24T10:47:57.273821"}
{"op_code":5,"worker_id":"af0c3bbe-b2e3-47f2-8c78-74a3a4a8a2c5-23456247935296","trial_id":11,"param_name":"lr","param_value_internal":0.002356392770670519,"distribution":"{\"name\": \"FloatDistribution\", \"attributes\": {\"step\": null, \"low\": 1e-08, \"high\": 0.5, \"log\": true}}"}
{"op_code":5,"worker_id":"af0c3bbe-b2e3-47f2-8c78-74a3a4a8a2c5-23456247935296","trial_id":11,"param_name":"ratio","param_value_internal":0.35886749051919026,"distribution":"{\"name\": \"FloatDistribution\", \"attributes\": {\"step\": null, \"low\": 0.1, \"high\": 100.0, \"log\": true}}"}
{"op_code":6,"worker_id":"af0c3bbe-b2e3-47f2-8c78-74a3a4a8a2c5-23456247935296","trial_id":11,"state":1,"values":[-15.523619360339818],"datetime_complete":"2026-07-24T10:50:01.482970"}
{"op_code":0,"worker_id":"a8a39e10-22e3-44a1-8f95-47b8470d5bd0-23456247935296","study_name":"peter_tretail_k1","directions":[2]}
{"op_code":4,"worker_id":"a8a39e10-22e3-44a1-8f95-47b8470d5bd0-23456247935296","study_id":0,"datetime_start":"2026-07-24T10:52:26.694210"}
{"op_code":5,"worker_id":"a8a39e10-22e3-44a1-8f95-47b8470d5bd0-23456247935296","trial_id":12,"param_name":"lr","param_value_internal":0.012857174956976015,"distribution":"{\"name\": \"FloatDistribution\", \"attributes\": {\"step\": null, \"low\": 1e-08, \"high\": 0.5, \"log\": true}}"}
{"op_code":5,"worker_id":"a8a39e10-22e3-44a1-8f95-47b8470d5bd0-23456247935296","trial_id":12,"param_name":"ratio","param_value_internal":19.336428428930045,"distribution":"{\"name\": \"FloatDistribution\", \"attributes\": {\"step\": null, \"low\": 0.1, \"high\": 100.0, \"log\": true}}"}
{"op_code":6,"worker_id":"a8a39e10-22e3-44a1-8f95-47b8470d5bd0-23456247935296","trial_id":12,"state":1,"values":[-15.334940304096742],"datetime_complete":"2026-07-24T10:54:53.938213"}
{"op_code":0,"worker_id":"937b7721-3947-409f-90d0-bf635b9aaf78-23456247935296","study_name":"peter_tretail_k1","directions":[2]}
{"op_code":4,"worker_id":"937b7721-3947-409f-90d0-bf635b9aaf78-23456247935296","study_id":0,"datetime_start":"2026-07-24T10:56:20.230689"}
{"op_code":5,"worker_id":"937b7721-3947-409f-90d0-bf635b9aaf78-23456247935296","trial_id":13,"param_name":"lr","param_value_internal":1.0406647670345254e-08,"distribution":"{\"name\": \"FloatDistribution\", \"attributes\": {\"step\": null, \"low\": 1e-08, \"high\": 0.5, \"log\": true}}"}
{"op_code":5,"worker_id":"937b7721-3947-409f-90d0-bf635b9aaf78-23456247935296","trial_id":13,"param_name":"ratio","param_value_internal":8.985871422051966,"distribution":"{\"name\": \"FloatDistribution\", \"attributes\": {\"step\": null, \"low\": 0.1, \"high\": 100.0, \"log\": true}}"}
{"op_code":6,"worker_id":"937b7721-3947-409f-90d0-bf635b9aaf78-23456247935296","trial_id":13,"state":1,"values":[-18.806714123064296],"datetime_complete":"2026-07-24T10:58:23.445372"}
{"op_code":0,"worker_id":"6d2372f8-9f10-4b72-a06a-c04ab25d281f-23456247935296","study_name":"peter_tretail_k1","directions":[2]}
{"op_code":4,"worker_id":"6d2372f8-9f10-4b72-a06a-c04ab25d281f-23456247935296","study_id":0,"datetime_start":"2026-07-24T11:01:31.333786"}
{"op_code":5,"worker_id":"6d2372f8-9f10-4b72-a06a-c04ab25d281f-23456247935296","trial_id":14,"param_name":"lr","param_value_internal":0.00042474719267563733,"distribution":"{\"name\": \"FloatDistribution\", \"attributes\": {\"step\": null, \"low\": 1e-08, \"high\": 0.5, \"log\": true}}"}
{"op_code":5,"worker_id":"6d2372f8-9f10-4b72-a06a-c04ab25d281f-23456247935296","trial_id":14,"param_name":"ratio","param_value_internal":0.15320335625370068,"distribution":"{\"name\": \"FloatDistribution\", \"attributes\": {\"step\": null, \"low\": 0.1, \"high\": 100.0, \"log\": true}}"}
{"op_code":6,"worker_id":"6d2372f8-9f10-4b72-a06a-c04ab25d281f-23456247935296","trial_id":14,"state":1,"values":[-15.752648641845832],"datetime_complete":"2026-07-24T11:03:36.434526"}
{"op_code":0,"worker_id":"179470bc-95eb-45ee-ad37-ab542ce38aa2-23456247935296","study_name":"peter_tretail_k1","directions":[2]}
{"op_code":4,"worker_id":"179470bc-95eb-45ee-ad37-ab542ce38aa2-23456247935296","study_id":0,"datetime_start":"2026-07-24T11:06:35.433690"}
{"op_code":9,"worker_id":"179470bc-95eb-45ee-ad37-ab542ce38aa2-23456247935296","trial_id":15,"system_attr":{"tpe:relative_params:0":"{\"lr\": 0.06419045081505241, \"ratio\": 30.01624688136266}"}}
{"op_code":5,"worker_id":"179470bc-95eb-45ee-ad37-ab542ce38aa2-23456247935296","trial_id":15,"param_name":"lr","param_value_internal":0.06419045081505241,"distribution":"{\"name\": \"FloatDistribution\", \"attributes\": {\"step\": null, \"low\": 1e-08, \"high\": 0.5, \"log\": true}}"}
{"op_code":5,"worker_id":"179470bc-95eb-45ee-ad37-ab542ce38aa2-23456247935296","trial_id":15,"param_name":"ratio","param_value_internal":30.01624688136266,"distribution":"{\"name\": \"FloatDistribution\", \"attributes\": {\"step\": null, \"low\": 0.1, \"high\": 100.0, \"log\": true}}"}
{"op_code":6,"worker_id":"179470bc-95eb-45ee-ad37-ab542ce38aa2-23456247935296","trial_id":15,"state":3,"values":null,"datetime_complete":"2026-07-24T11:06:55.261165"}
{"op_code":0,"worker_id":"f9cd4785-876a-4567-b2ed-efbc0c922c52-23456247935296","study_name":"peter_tretail_k1","directions":[2]}
{"op_code":4,"worker_id":"f9cd4785-876a-4567-b2ed-efbc0c922c52-23456247935296","study_id":0,"datetime_start":"2026-07-24T11:11:00.000387"}
{"op_code":9,"worker_id":"f9cd4785-876a-4567-b2ed-efbc0c922c52-23456247935296","trial_id":16,"system_attr":{"tpe:relative_params:0":"{\"lr\": 0.10084023516370791, \"ratio\": 61.86782257950633}"}}
{"op_code":5,"worker_id":"f9cd4785-876a-4567-b2ed-efbc0c922c52-23456247935296","trial_id":16,"param_name":"lr","param_value_internal":0.10084023516370791,"distribution":"{\"name\": \"FloatDistribution\", \"attributes\": {\"step\": null, \"low\": 1e-08, \"high\": 0.5, \"log\": true}}"}
{"op_code":5,"worker_id":"f9cd4785-876a-4567-b2ed-efbc0c922c52-23456247935296","trial_id":16,"param_name":"ratio","param_value_internal":61.86782257950633,"distribution":"{\"name\": \"FloatDistribution\", \"attributes\": {\"step\": null, \"low\": 0.1, \"high\": 100.0, \"log\": true}}"}
{"op_code":6,"worker_id":"f9cd4785-876a-4567-b2ed-efbc0c922c52-23456247935296","trial_id":16,"state":3,"values":null,"datetime_complete":"2026-07-24T11:11:08.251762"}
{"op_code":0,"worker_id":"397a524a-c679-47b4-a035-1e5fe29d6aea-23456247935296","study_name":"peter_tretail_k1","directions":[2]}
{"op_code":4,"worker_id":"397a524a-c679-47b4-a035-1e5fe29d6aea-23456247935296","study_id":0,"datetime_start":"2026-07-24T11:14:59.692183"}
{"op_code":9,"worker_id":"397a524a-c679-47b4-a035-1e5fe29d6aea-23456247935296","trial_id":17,"system_attr":{"tpe:relative_params:0":"{\"lr\": 0.010141616067864912, \"ratio\": 51.630303071488285}"}}
{"op_code":5,"worker_id":"397a524a-c679-47b4-a035-1e5fe29d6aea-23456247935296","trial_id":17,"param_name":"lr","param_value_internal":0.010141616067864912,"distribution":"{\"name\": \"FloatDistribution\", \"attributes\": {\"step\": null, \"low\": 1e-08, \"high\": 0.5, \"log\": true}}"}
{"op_code":5,"worker_id":"397a524a-c679-47b4-a035-1e5fe29d6aea-23456247935296","trial_id":17,"param_name":"ratio","param_value_internal":51.630303071488285,"distribution":"{\"name\": \"FloatDistribution\", \"attributes\": {\"step\": null, \"low\": 0.1, \"high\": 100.0, \"log\": true}}"}
{"op_code":6,"worker_id":"397a524a-c679-47b4-a035-1e5fe29d6aea-23456247935296","trial_id":17,"state":1,"values":[-15.397263316746022],"datetime_complete":"2026-07-24T11:17:06.571115"}
{"op_code":0,"worker_id":"abc598c7-06b8-4ad8-b712-6218a7e9c473-23456247935296","study_name":"peter_tretail_k1","directions":[2]}
{"op_code":4,"worker_id":"abc598c7-06b8-4ad8-b712-6218a7e9c473-23456247935296","study_id":0,"datetime_start":"2026-07-24T11:19:38.616931"}
{"op_code":9,"worker_id":"abc598c7-06b8-4ad8-b712-6218a7e9c473-23456247935296","trial_id":18,"system_attr":{"tpe:relative_params:0":"{\"lr\": 0.1306048236248616, \"ratio\": 80.98941406582504}"}}
{"op_code":5,"worker_id":"abc598c7-06b8-4ad8-b712-6218a7e9c473-23456247935296","trial_id":18,"param_name":"lr","param_value_internal":0.1306048236248616,"distribution":"{\"name\": \"FloatDistribution\", \"attributes\": {\"step\": null, \"low\": 1e-08, \"high\": 0.5, \"log\": true}}"}
{"op_code":5,"worker_id":"abc598c7-06b8-4ad8-b712-6218a7e9c473-23456247935296","trial_id":18,"param_name":"ratio","param_value_internal":80.98941406582504,"distribution":"{\"name\": \"FloatDistribution\", \"attributes\": {\"step\": null, \"low\": 0.1, \"high\": 100.0, \"log\": true}}"}
{"op_code":6,"worker_id":"abc598c7-06b8-4ad8-b712-6218a7e9c473-23456247935296","trial_id":18,"state":3,"values":null,"datetime_complete":"2026-07-24T11:19:49.766514"}
{"op_code":0,"worker_id":"f0ef21db-1238-4345-bf86-36682c461e27-23456247935296","study_name":"peter_tretail_k1","directions":[2]}
{"op_code":4,"worker_id":"f0ef21db-1238-4345-bf86-36682c461e27-23456247935296","study_id":0,"datetime_start":"2026-07-24T11:23:37.451866"}
{"op_code":9,"worker_id":"f0ef21db-1238-4345-bf86-36682c461e27-23456247935296","trial_id":19,"system_attr":{"tpe:relative_params:0":"{\"lr\": 0.4676051760064029, \"ratio\": 71.46457024846364}"}}
{"op_code":5,"worker_id":"f0ef21db-1238-4345-bf86-36682c461e27-23456247935296","trial_id":19,"param_name":"lr","param_value_internal":0.4676051760064029,"distribution":"{\"name\": \"FloatDistribution\", \"attributes\": {\"step\": null, \"low\": 1e-08, \"high\": 0.5, \"log\": true}}"}
{"op_code":5,"worker_id":"f0ef21db-1238-4345-bf86-36682c461e27-23456247935296","trial_id":19,"param_name":"ratio","param_value_internal":71.46457024846364,"distribution":"{\"name\": \"FloatDistribution\", \"attributes\": {\"step\": null, \"low\": 0.1, \"high\": 100.0, \"log\": true}}"}
{"op_code":6,"worker_id":"f0ef21db-1238-4345-bf86-36682c461e27-23456247935296","trial_id":19,"state":3,"values":null,"datetime_complete":"2026-07-24T11:23:45.455158"}
{"op_code":0,"worker_id":"f51d9ef9-69f2-49b4-9295-04a9ecd0c280-23456247935296","study_name":"peter_tretail_k1","directions":[2]}
{"op_code":4,"worker_id":"f51d9ef9-69f2-49b4-9295-04a9ecd0c280-23456247935296","study_id":0,"datetime_start":"2026-07-24T11:27:12.835843"}
{"op_code":9,"worker_id":"f51d9ef9-69f2-49b4-9295-04a9ecd0c280-23456247935296","trial_id":20,"system_attr":{"tpe:relative_params:0":"{\"lr\": 0.11616553463588335, \"ratio\": 77.88342673560805}"}}
{"op_code":5,"worker_id":"f51d9ef9-69f2-49b4-9295-04a9ecd0c280-23456247935296","trial_id":20,"param_name":"lr","param_value_internal":0.11616553463588335,"distribution":"{\"name\": \"FloatDistribution\", \"attributes\": {\"step\": null, \"low\": 1e-08, \"high\": 0.5, \"log\": true}}"}
{"op_code":5,"worker_id":"f51d9ef9-69f2-49b4-9295-04a9ecd0c280-23456247935296","trial_id":20,"param_name":"ratio","param_value_internal":77.88342673560805,"distribution":"{\"name\": \"FloatDistribution\", \"attributes\": {\"step\": null, \"low\": 0.1, \"high\": 100.0, \"log\": true}}"}
{"op_code":6,"worker_id":"f51d9ef9-69f2-49b4-9295-04a9ecd0c280-23456247935296","trial_id":20,"state":3,"values":null,"datetime_complete":"2026-07-24T11:27:42.674593"}
{"op_code":0,"worker_id":"12dcf0ea-001e-42dd-a558-561cf9c03e8a-23456247935296","study_name":"peter_tretail_k1","directions":[2]}
{"op_code":4,"worker_id":"12dcf0ea-001e-42dd-a558-561cf9c03e8a-23456247935296","study_id":0,"datetime_start":"2026-07-24T11:31:52.700556"}
{"op_code":9,"worker_id":"12dcf0ea-001e-42dd-a558-561cf9c03e8a-23456247935296","trial_id":21,"system_attr":{"tpe:relative_params:0":"{\"lr\": 0.13497732435088816, \"ratio\": 79.50846895446337}"}}
{"op_code":5,"worker_id":"12dcf0ea-001e-42dd-a558-561cf9c03e8a-23456247935296","trial_id":21,"param_name":"lr","param_value_internal":0.13497732435088816,"distribution":"{\"name\": \"FloatDistribution\", \"attributes\": {\"step\": null, \"low\": 1e-08, \"high\": 0.5, \"log\": true}}"}
{"op_code":5,"worker_id":"12dcf0ea-001e-42dd-a558-561cf9c03e8a-23456247935296","trial_id":21,"param_name":"ratio","param_value_internal":79.50846895446337,"distribution":"{\"name\": \"FloatDistribution\", \"attributes\": {\"step\": null, \"low\": 0.1, \"high\": 100.0, \"log\": true}}"}
{"op_code":6,"worker_id":"12dcf0ea-001e-42dd-a558-561cf9c03e8a-23456247935296","trial_id":21,"state":3,"values":null,"datetime_complete":"2026-07-24T11:32:04.433143"}
{"op_code":0,"worker_id":"fa062c33-6322-4d24-af52-88b9d0e6eeba-23456247935296","study_name":"peter_tretail_k1","directions":[2]}
{"op_code":4,"worker_id":"fa062c33-6322-4d24-af52-88b9d0e6eeba-23456247935296","study_id":0,"datetime_start":"2026-07-24T11:37:02.625960"}
{"op_code":9,"worker_id":"fa062c33-6322-4d24-af52-88b9d0e6eeba-23456247935296","trial_id":22,"system_attr":{"tpe:relative_params:0":"{\"lr\": 0.098803397199697, \"ratio\": 70.1782004164357}"}}
{"op_code":5,"worker_id":"fa062c33-6322-4d24-af52-88b9d0e6eeba-23456247935296","trial_id":22,"param_name":"lr","param_value_internal":0.098803397199697,"distribution":"{\"name\": \"FloatDistribution\", \"attributes\": {\"step\": null, \"low\": 1e-08, \"high\": 0.5, \"log\": true}}"}
{"op_code":5,"worker_id":"fa062c33-6322-4d24-af52-88b9d0e6eeba-23456247935296","trial_id":22,"param_name":"ratio","param_value_internal":70.1782004164357,"distribution":"{\"name\": \"FloatDistribution\", \"attributes\": {\"step\": null, \"low\": 0.1, \"high\": 100.0, \"log\": true}}"}
{"op_code":6,"worker_id":"fa062c33-6322-4d24-af52-88b9d0e6eeba-23456247935296","trial_id":22,"state":3,"values":null,"datetime_complete":"2026-07-24T11:37:15.770037"}
{"op_code":0,"worker_id":"8d0a6262-c784-4326-9f06-eb7e47ab0729-23456247935296","study_name":"peter_tretail_k1","directions":[2]}
{"op_code":4,"worker_id":"8d0a6262-c784-4326-9f06-eb7e47ab0729-23456247935296","study_id":0,"datetime_start":"2026-07-24T11:40:51.017602"}
{"op_code":9,"worker_id":"8d0a6262-c784-4326-9f06-eb7e47ab0729-23456247935296","trial_id":23,"system_attr":{"tpe:relative_params:0":"{\"lr\": 0.29616949152077576, \"ratio\": 12.610638562742395}"}}
{"op_code":5,"worker_id":"8d0a6262-c784-4326-9f06-eb7e47ab0729-23456247935296","trial_id":23,"param_name":"lr","param_value_internal":0.29616949152077576,"distribution":"{\"name\": \"FloatDistribution\", \"attributes\": {\"step\": null, \"low\": 1e-08, \"high\": 0.5, \"log\": true}}"}
{"op_code":5,"worker_id":"8d0a6262-c784-4326-9f06-eb7e47ab0729-23456247935296","trial_id":23,"param_name":"ratio","param_value_internal":12.610638562742395,"distribution":"{\"name\": \"FloatDistribution\", \"attributes\": {\"step\": null, \"low\": 0.1, \"high\": 100.0, \"log\": true}}"}
{"op_code":6,"worker_id":"8d0a6262-c784-4326-9f06-eb7e47ab0729-23456247935296","trial_id":23,"state":3,"values":null,"datetime_complete":"2026-07-24T11:41:02.114146"}
{"op_code":0,"worker_id":"cb4c52ce-b0c6-4d9a-a598-41c1b1432e7b-23456247935296","study_name":"peter_tretail_k1","directions":[2]}
{"op_code":4,"worker_id":"cb4c52ce-b0c6-4d9a-a598-41c1b1432e7b-23456247935296","study_id":0,"datetime_start":"2026-07-24T11:44:11.190884"}
{"op_code":9,"worker_id":"cb4c52ce-b0c6-4d9a-a598-41c1b1432e7b-23456247935296","trial_id":24,"system_attr":{"tpe:relative_params:0":"{\"lr\": 0.34370608623484555, \"ratio\": 56.19281410319473}"}}
{"op_code":5,"worker_id":"cb4c52ce-b0c6-4d9a-a598-41c1b1432e7b-23456247935296","trial_id":24,"param_name":"lr","param_value_internal":0.34370608623484555,"distribution":"{\"name\": \"FloatDistribution\", \"attributes\": {\"step\": null, \"low\": 1e-08, \"high\": 0.5, \"log\": true}}"}
{"op_code":5,"worker_id":"cb4c52ce-b0c6-4d9a-a598-41c1b1432e7b-23456247935296","trial_id":24,"param_name":"ratio","param_value_internal":56.19281410319473,"distribution":"{\"name\": \"FloatDistribution\", \"attributes\": {\"step\": null, \"low\": 0.1, \"high\": 100.0, \"log\": true}}"}
{"op_code":6,"worker_id":"cb4c52ce-b0c6-4d9a-a598-41c1b1432e7b-23456247935296","trial_id":24,"state":3,"values":null,"datetime_complete":"2026-07-24T11:44:24.971214"}
{"op_code":0,"worker_id":"97f6c3a9-7ed5-4b3b-ac8f-5df470ad59c8-23456247935296","study_name":"peter_tretail_k1","directions":[2]}
{"op_code":4,"worker_id":"97f6c3a9-7ed5-4b3b-ac8f-5df470ad59c8-23456247935296","study_id":0,"datetime_start":"2026-07-24T11:47:46.283822"}
{"op_code":9,"worker_id":"97f6c3a9-7ed5-4b3b-ac8f-5df470ad59c8-23456247935296","trial_id":25,"system_attr":{"tpe:relative_params:0":"{\"lr\": 0.01997856451099096, \"ratio\": 88.51906436282994}"}}
{"op_code":5,"worker_id":"97f6c3a9-7ed5-4b3b-ac8f-5df470ad59c8-23456247935296","trial_id":25,"param_name":"lr","param_value_internal":0.01997856451099096,"distribution":"{\"name\": \"FloatDistribution\", \"attributes\": {\"step\": null, \"low\": 1e-08, \"high\": 0.5, \"log\": true}}"}
{"op_code":5,"worker_id":"97f6c3a9-7ed5-4b3b-ac8f-5df470ad59c8-23456247935296","trial_id":25,"param_name":"ratio","param_value_internal":88.51906436282994,"distribution":"{\"name\": \"FloatDistribution\", \"attributes\": {\"step\": null, \"low\": 0.1, \"high\": 100.0, \"log\": true}}"}
{"op_code":6,"worker_id":"97f6c3a9-7ed5-4b3b-ac8f-5df470ad59c8-23456247935296","trial_id":25,"state":3,"values":null,"datetime_complete":"2026-07-24T11:49:41.579940"}
{"op_code":0,"worker_id":"0294ec4d-b48b-4f2c-8e24-c7a22779a340-23456247935296","study_name":"peter_tretail_k1","directions":[2]}
{"op_code":4,"worker_id":"0294ec4d-b48b-4f2c-8e24-c7a22779a340-23456247935296","study_id":0,"datetime_start":"2026-07-24T11:51:32.598524"}
{"op_code":9,"worker_id":"0294ec4d-b48b-4f2c-8e24-c7a22779a340-23456247935296","trial_id":26,"system_attr":{"tpe:relative_params:0":"{\"lr\": 0.03558685584699169, \"ratio\": 81.4345841060866}"}}
{"op_code":5,"worker_id":"0294ec4d-b48b-4f2c-8e24-c7a22779a340-23456247935296","trial_id":26,"param_name":"lr","param_value_internal":0.03558685584699169,"distribution":"{\"name\": \"FloatDistribution\", \"attributes\": {\"step\": null, \"low\": 1e-08, \"high\": 0.5, \"log\": true}}"}
{"op_code":5,"worker_id":"0294ec4d-b48b-4f2c-8e24-c7a22779a340-23456247935296","trial_id":26,"param_name":"ratio","param_value_internal":81.4345841060866,"distribution":"{\"name\": \"FloatDistribution\", \"attributes\": {\"step\": null, \"low\": 0.1, \"high\": 100.0, \"log\": true}}"}
{"op_code":6,"worker_id":"0294ec4d-b48b-4f2c-8e24-c7a22779a340-23456247935296","trial_id":26,"state":3,"values":null,"datetime_complete":"2026-07-24T11:52:36.156844"}
{"op_code":0,"worker_id":"2d88a64f-a66b-47f9-a16c-20bb9ab12a22-23456247935296","study_name":"peter_tretail_k1","directions":[2]}
{"op_code":4,"worker_id":"2d88a64f-a66b-47f9-a16c-20bb9ab12a22-23456247935296","study_id":0,"datetime_start":"2026-07-24T11:54:26.019338"}
{"op_code":9,"worker_id":"2d88a64f-a66b-47f9-a16c-20bb9ab12a22-23456247935296","trial_id":27,"system_attr":{"tpe:relative_params:0":"{\"lr\": 0.11866646984868305, \"ratio\": 72.35437517794561}"}}
{"op_code":5,"worker_id":"2d88a64f-a66b-47f9-a16c-20bb9ab12a22-23456247935296","trial_id":27,"param_name":"lr","param_value_internal":0.11866646984868305,"distribution":"{\"name\": \"FloatDistribution\", \"attributes\": {\"step\": null, \"low\": 1e-08, \"high\": 0.5, \"log\": true}}"}
{"op_code":5,"worker_id":"2d88a64f-a66b-47f9-a16c-20bb9ab12a22-23456247935296","trial_id":27,"param_name":"ratio","param_value_internal":72.35437517794561,"distribution":"{\"name\": \"FloatDistribution\", \"attributes\": {\"step\": null, \"low\": 0.1, \"high\": 100.0, \"log\": true}}"}
{"op_code":6,"worker_id":"2d88a64f-a66b-47f9-a16c-20bb9ab12a22-23456247935296","trial_id":27,"state":3,"values":null,"datetime_complete":"2026-07-24T11:54:35.417621"}
{"op_code":0,"worker_id":"88b296c3-e918-43bc-88fd-5a019906a3fd-23456247935296","study_name":"peter_tretail_k1","directions":[2]}
{"op_code":4,"worker_id":"88b296c3-e918-43bc-88fd-5a019906a3fd-23456247935296","study_id":0,"datetime_start":"2026-07-24T11:58:49.669331"}
{"op_code":9,"worker_id":"88b296c3-e918-43bc-88fd-5a019906a3fd-23456247935296","trial_id":28,"system_attr":{"tpe:relative_params:0":"{\"lr\": 0.009961328719866538, \"ratio\": 41.81908371239078}"}}
{"op_code":5,"worker_id":"88b296c3-e918-43bc-88fd-5a019906a3fd-23456247935296","trial_id":28,"param_name":"lr","param_value_internal":0.009961328719866538,"distribution":"{\"name\": \"FloatDistribution\", \"attributes\": {\"step\": null, \"low\": 1e-08, \"high\": 0.5, \"log\": true}}"}
{"op_code":5,"worker_id":"88b296c3-e918-43bc-88fd-5a019906a3fd-23456247935296","trial_id":28,"param_name":"ratio","param_value_internal":41.81908371239078,"distribution":"{\"name\": \"FloatDistribution\", \"attributes\": {\"step\": null, \"low\": 0.1, \"high\": 100.0, \"log\": true}}"}
{"op_code":6,"worker_id":"88b296c3-e918-43bc-88fd-5a019906a3fd-23456247935296","trial_id":28,"state":1,"values":[-14.735878621317243],"datetime_complete":"2026-07-24T12:01:03.937111"}
{"op_code":0,"worker_id":"6df5280e-d28a-40e4-a188-ba3dfaca7168-23456247935296","study_name":"peter_tretail_k1","directions":[2]}
{"op_code":4,"worker_id":"6df5280e-d28a-40e4-a188-ba3dfaca7168-23456247935296","study_id":0,"datetime_start":"2026-07-24T12:01:49.524263"}
{"op_code":9,"worker_id":"6df5280e-d28a-40e4-a188-ba3dfaca7168-23456247935296","trial_id":29,"system_attr":{"tpe:relative_params:0":"{\"lr\": 0.3895874686337337, \"ratio\": 23.95477460807901}"}}
{"op_code":5,"worker_id":"6df5280e-d28a-40e4-a188-ba3dfaca7168-23456247935296","trial_id":29,"param_name":"lr","param_value_internal":0.3895874686337337,"distribution":"{\"name\": \"FloatDistribution\", \"attributes\": {\"step\": null, \"low\": 1e-08, \"high\": 0.5, \"log\": true}}"}
{"op_code":5,"worker_id":"6df5280e-d28a-40e4-a188-ba3dfaca7168-23456247935296","trial_id":29,"param_name":"ratio","param_value_internal":23.95477460807901,"distribution":"{\"name\": \"FloatDistribution\", \"attributes\": {\"step\": null, \"low\": 0.1, \"high\": 100.0, \"log\": true}}"}
{"op_code":6,"worker_id":"6df5280e-d28a-40e4-a188-ba3dfaca7168-23456247935296","trial_id":29,"state":3,"values":null,"datetime_complete":"2026-07-24T12:01:58.068553"}
{"op_code":0,"worker_id":"3d266e55-2a48-4a3d-a35a-1846c731f28c-23456247935296","study_name":"peter_tretail_k1","directions":[2]}
{"op_code":4,"worker_id":"3d266e55-2a48-4a3d-a35a-1846c731f28c-23456247935296","study_id":0,"datetime_start":"2026-07-24T12:06:18.293201"}
{"op_code":9,"worker_id":"3d266e55-2a48-4a3d-a35a-1846c731f28c-23456247935296","trial_id":30,"system_attr":{"tpe:relative_params:0":"{\"lr\": 0.07667543203047336, \"ratio\": 21.977793125789518}"}}
{"op_code":5,"worker_id":"3d266e55-2a48-4a3d-a35a-1846c731f28c-23456247935296","trial_id":30,"param_name":"lr","param_value_internal":0.07667543203047336,"distribution":"{\"name\": \"FloatDistribution\", \"attributes\": {\"step\": null, \"low\": 1e-08, \"high\": 0.5, \"log\": true}}"}
{"op_code":5,"worker_id":"3d266e55-2a48-4a3d-a35a-1846c731f28c-23456247935296","trial_id":30,"param_name":"ratio","param_value_internal":21.977793125789518,"distribution":"{\"name\": \"FloatDistribution\", \"attributes\": {\"step\": null, \"low\": 0.1, \"high\": 100.0, \"log\": true}}"}
{"op_code":6,"worker_id":"3d266e55-2a48-4a3d-a35a-1846c731f28c-23456247935296","trial_id":30,"state":3,"values":null,"datetime_complete":"2026-07-24T12:06:34.247407"}
{"op_code":0,"worker_id":"3b110b6e-da31-4cd9-a055-898c7910a305-23456247935296","study_name":"peter_tretail_k1","directions":[2]}
{"op_code":4,"worker_id":"3b110b6e-da31-4cd9-a055-898c7910a305-23456247935296","study_id":0,"datetime_start":"2026-07-24T12:09:57.916962"}
{"op_code":9,"worker_id":"3b110b6e-da31-4cd9-a055-898c7910a305-23456247935296","trial_id":31,"system_attr":{"tpe:relative_params:0":"{\"lr\": 0.2510210735551722, \"ratio\": 21.672220299302484}"}}
{"op_code":5,"worker_id":"3b110b6e-da31-4cd9-a055-898c7910a305-23456247935296","trial_id":31,"param_name":"lr","param_value_internal":0.2510210735551722,"distribution":"{\"name\": \"FloatDistribution\", \"attributes\": {\"step\": null, \"low\": 1e-08, \"high\": 0.5, \"log\": true}}"}
{"op_code":5,"worker_id":"3b110b6e-da31-4cd9-a055-898c7910a305-23456247935296","trial_id":31,"param_name":"ratio","param_value_internal":21.672220299302484,"distribution":"{\"name\": \"FloatDistribution\", \"attributes\": {\"step\": null, \"low\": 0.1, \"high\": 100.0, \"log\": true}}"}
{"op_code":6,"worker_id":"3b110b6e-da31-4cd9-a055-898c7910a305-23456247935296","trial_id":31,"state":3,"values":null,"datetime_complete":"2026-07-24T12:10:07.486848"}
{"op_code":0,"worker_id":"6ebe5718-1947-43a5-86f9-0269539c8447-23456247935296","study_name":"peter_tretail_k1","directions":[2]}
{"op_code":4,"worker_id":"6ebe5718-1947-43a5-86f9-0269539c8447-23456247935296","study_id":0,"datetime_start":"2026-07-24T12:13:27.311828"}
{"op_code":9,"worker_id":"6ebe5718-1947-43a5-86f9-0269539c8447-23456247935296","trial_id":32,"system_attr":{"tpe:relative_params:0":"{\"lr\": 0.00021102430138673727, \"ratio\": 13.366448466534795}"}}
{"op_code":5,"worker_id":"6ebe5718-1947-43a5-86f9-0269539c8447-23456247935296","trial_id":32,"param_name":"lr","param_value_internal":0.00021102430138673727,"distribution":"{\"name\": \"FloatDistribution\", \"attributes\": {\"step\": null, \"low\": 1e-08, \"high\": 0.5, \"log\": true}}"}
{"op_code":5,"worker_id":"6ebe5718-1947-43a5-86f9-0269539c8447-23456247935296","trial_id":32,"param_name":"ratio","param_value_internal":13.366448466534795,"distribution":"{\"name\": \"FloatDistribution\", \"attributes\": {\"step\": null, \"low\": 0.1, \"high\": 100.0, \"log\": true}}"}
{"op_code":6,"worker_id":"6ebe5718-1947-43a5-86f9-0269539c8447-23456247935296","trial_id":32,"state":1,"values":[-15.554621281761275],"datetime_complete":"2026-07-24T12:15:59.422030"}
{"op_code":0,"worker_id":"139a8306-175b-4c40-bf9f-e2f9e05a7e7f-23456247935296","study_name":"peter_tretail_k1","directions":[2]}
{"op_code":4,"worker_id":"139a8306-175b-4c40-bf9f-e2f9e05a7e7f-23456247935296","study_id":0,"datetime_start":"2026-07-24T12:17:29.210241"}
{"op_code":9,"worker_id":"139a8306-175b-4c40-bf9f-e2f9e05a7e7f-23456247935296","trial_id":33,"system_attr":{"tpe:relative_params:0":"{\"lr\": 0.15405465469118068, \"ratio\": 12.03447061761717}"}}
{"op_code":5,"worker_id":"139a8306-175b-4c40-bf9f-e2f9e05a7e7f-23456247935296","trial_id":33,"param_name":"lr","param_value_internal":0.15405465469118068,"distribution":"{\"name\": \"FloatDistribution\", \"attributes\": {\"step\": null, \"low\": 1e-08, \"high\": 0.5, \"log\": true}}"}
{"op_code":5,"worker_id":"139a8306-175b-4c40-bf9f-e2f9e05a7e7f-23456247935296","trial_id":33,"param_name":"ratio","param_value_internal":12.03447061761717,"distribution":"{\"name\": \"FloatDistribution\", \"attributes\": {\"step\": null, \"low\": 0.1, \"high\": 100.0, \"log\": true}}"}
{"op_code":6,"worker_id":"139a8306-175b-4c40-bf9f-e2f9e05a7e7f-23456247935296","trial_id":33,"state":3,"values":null,"datetime_complete":"2026-07-24T12:17:38.840179"}
{"op_code":0,"worker_id":"388c9447-22d0-4b9a-ae34-0222bdebd077-23456247935296","study_name":"peter_tretail_k1","directions":[2]}
{"op_code":4,"worker_id":"388c9447-22d0-4b9a-ae34-0222bdebd077-23456247935296","study_id":0,"datetime_start":"2026-07-24T12:20:58.091545"}
{"op_code":9,"worker_id":"388c9447-22d0-4b9a-ae34-0222bdebd077-23456247935296","trial_id":34,"system_attr":{"tpe:relative_params:0":"{\"lr\": 0.2653389379286831, \"ratio\": 14.084486506715669}"}}
{"op_code":5,"worker_id":"388c9447-22d0-4b9a-ae34-0222bdebd077-23456247935296","trial_id":34,"param_name":"lr","param_value_internal":0.2653389379286831,"distribution":"{\"name\": \"FloatDistribution\", \"attributes\": {\"step\": null, \"low\": 1e-08, \"high\": 0.5, \"log\": true}}"}
{"op_code":5,"worker_id":"388c9447-22d0-4b9a-ae34-0222bdebd077-23456247935296","trial_id":34,"param_name":"ratio","param_value_internal":14.084486506715669,"distribution":"{\"name\": \"FloatDistribution\", \"attributes\": {\"step\": null, \"low\": 0.1, \"high\": 100.0, \"log\": true}}"}
{"op_code":6,"worker_id":"388c9447-22d0-4b9a-ae34-0222bdebd077-23456247935296","trial_id":34,"state":3,"values":null,"datetime_complete":"2026-07-24T12:21:09.397509"}
{"op_code":0,"worker_id":"8edcee12-76aa-4869-8649-98afe4a1211f-23456247935296","study_name":"peter_tretail_k1","directions":[2]}
{"op_code":4,"worker_id":"8edcee12-76aa-4869-8649-98afe4a1211f-23456247935296","study_id":0,"datetime_start":"2026-07-24T12:26:21.117228"}
{"op_code":9,"worker_id":"8edcee12-76aa-4869-8649-98afe4a1211f-23456247935296","trial_id":35,"system_attr":{"tpe:relative_params:0":"{\"lr\": 0.45972312660057707, \"ratio\": 22.866142108349674}"}}
{"op_code":5,"worker_id":"8edcee12-76aa-4869-8649-98afe4a1211f-23456247935296","trial_id":35,"param_name":"lr","param_value_internal":0.45972312660057707,"distribution":"{\"name\": \"FloatDistribution\", \"attributes\": {\"step\": null, \"low\": 1e-08, \"high\": 0.5, \"log\": true}}"}
{"op_code":5,"worker_id":"8edcee12-76aa-4869-8649-98afe4a1211f-23456247935296","trial_id":35,"param_name":"ratio","param_value_internal":22.866142108349674,"distribution":"{\"name\": \"FloatDistribution\", \"attributes\": {\"step\": null, \"low\": 0.1, \"high\": 100.0, \"log\": true}}"}
{"op_code":6,"worker_id":"8edcee12-76aa-4869-8649-98afe4a1211f-23456247935296","trial_id":35,"state":3,"values":null,"datetime_complete":"2026-07-24T12:26:34.450287"}
{"op_code":0,"worker_id":"fc97a03f-935b-4fe5-b3fa-bc4347b53001-23456247935296","study_name":"peter_tretail_k1","directions":[2]}
{"op_code":4,"worker_id":"fc97a03f-935b-4fe5-b3fa-bc4347b53001-23456247935296","study_id":0,"datetime_start":"2026-07-24T12:31:25.322553"}
{"op_code":9,"worker_id":"fc97a03f-935b-4fe5-b3fa-bc4347b53001-23456247935296","trial_id":36,"system_attr":{"tpe:relative_params:0":"{\"lr\": 0.2196706627275569, \"ratio\": 80.88231500476532}"}}
{"op_code":5,"worker_id":"fc97a03f-935b-4fe5-b3fa-bc4347b53001-23456247935296","trial_id":36,"param_name":"lr","param_value_internal":0.2196706627275569,"distribution":"{\"name\": \"FloatDistribution\", \"attributes\": {\"step\": null, \"low\": 1e-08, \"high\": 0.5, \"log\": true}}"}
{"op_code":5,"worker_id":"fc97a03f-935b-4fe5-b3fa-bc4347b53001-23456247935296","trial_id":36,"param_name":"ratio","param_value_internal":80.88231500476532,"distribution":"{\"name\": \"FloatDistribution\", \"attributes\": {\"step\": null, \"low\": 0.1, \"high\": 100.0, \"log\": true}}"}
{"op_code":6,"worker_id":"fc97a03f-935b-4fe5-b3fa-bc4347b53001-23456247935296","trial_id":36,"state":3,"values":null,"datetime_complete":"2026-07-24T12:31:38.490389"}
{"op_code":0,"worker_id":"96be1828-502a-4dfb-85a7-090e29fd5d05-23456247935296","study_name":"peter_tretail_k1","directions":[2]}
{"op_code":4,"worker_id":"96be1828-502a-4dfb-85a7-090e29fd5d05-23456247935296","study_id":0,"datetime_start":"2026-07-24T12:35:30.503717"}
{"op_code":9,"worker_id":"96be1828-502a-4dfb-85a7-090e29fd5d05-23456247935296","trial_id":37,"system_attr":{"tpe:relative_params:0":"{\"lr\": 0.14273909650905306, \"ratio\": 22.722663910728137}"}}
{"op_code":5,"worker_id":"96be1828-502a-4dfb-85a7-090e29fd5d05-23456247935296","trial_id":37,"param_name":"lr","param_value_internal":0.14273909650905306,"distribution":"{\"name\": \"FloatDistribution\", \"attributes\": {\"step\": null, \"low\": 1e-08, \"high\": 0.5, \"log\": true}}"}
{"op_code":5,"worker_id":"96be1828-502a-4dfb-85a7-090e29fd5d05-23456247935296","trial_id":37,"param_name":"ratio","param_value_internal":22.722663910728137,"distribution":"{\"name\": \"FloatDistribution\", \"attributes\": {\"step\": null, \"low\": 0.1, \"high\": 100.0, \"log\": true}}"}
{"op_code":6,"worker_id":"96be1828-502a-4dfb-85a7-090e29fd5d05-23456247935296","trial_id":37,"state":3,"values":null,"datetime_complete":"2026-07-24T12:35:40.288581"}
{"op_code":0,"worker_id":"42495bec-8c08-4e8c-96bc-1a7763ee236e-23456247935296","study_name":"peter_tretail_k1","directions":[2]}
{"op_code":4,"worker_id":"42495bec-8c08-4e8c-96bc-1a7763ee236e-23456247935296","study_id":0,"datetime_start":"2026-07-24T12:40:09.105589"}
{"op_code":9,"worker_id":"42495bec-8c08-4e8c-96bc-1a7763ee236e-23456247935296","trial_id":38,"system_attr":{"tpe:relative_params:0":"{\"lr\": 0.25211188813497687, \"ratio\": 17.02206338134701}"}}
{"op_code":5,"worker_id":"42495bec-8c08-4e8c-96bc-1a7763ee236e-23456247935296","trial_id":38,"param_name":"lr","param_value_internal":0.25211188813497687,"distribution":"{\"name\": \"FloatDistribution\", \"attributes\": {\"step\": null, \"low\": 1e-08, \"high\": 0.5, \"log\": true}}"}
{"op_code":5,"worker_id":"42495bec-8c08-4e8c-96bc-1a7763ee236e-23456247935296","trial_id":38,"param_name":"ratio","param_value_internal":17.02206338134701,"distribution":"{\"name\": \"FloatDistribution\", \"attributes\": {\"step\": null, \"low\": 0.1, \"high\": 100.0, \"log\": true}}"}
{"op_code":6,"worker_id":"42495bec-8c08-4e8c-96bc-1a7763ee236e-23456247935296","trial_id":38,"state":3,"values":null,"datetime_complete":"2026-07-24T12:40:20.080982"}
{"op_code":0,"worker_id":"4edb8dcb-e5ea-484b-b002-fdc65dc43ace-23456247935296","study_name":"peter_tretail_k1","directions":[2]}
{"op_code":4,"worker_id":"4edb8dcb-e5ea-484b-b002-fdc65dc43ace-23456247935296","study_id":0,"datetime_start":"2026-07-24T12:45:27.223383"}
{"op_code":9,"worker_id":"4edb8dcb-e5ea-484b-b002-fdc65dc43ace-23456247935296","trial_id":39,"system_attr":{"tpe:relative_params:0":"{\"lr\": 0.14852760551439204, \"ratio\": 32.91689364662724}"}}
{"op_code":5,"worker_id":"4edb8dcb-e5ea-484b-b002-fdc65dc43ace-23456247935296","trial_id":39,"param_name":"lr","param_value_internal":0.14852760551439204,"distribution":"{\"name\": \"FloatDistribution\", \"attributes\": {\"step\": null, \"low\": 1e-08, \"high\": 0.5, \"log\": true}}"}
{"op_code":5,"worker_id":"4edb8dcb-e5ea-484b-b002-fdc65dc43ace-23456247935296","trial_id":39,"param_name":"ratio","param_value_internal":32.91689364662724,"distribution":"{\"name\": \"FloatDistribution\", \"attributes\": {\"step\": null, \"low\": 0.1, \"high\": 100.0, \"log\": true}}"}
{"op_code":6,"worker_id":"4edb8dcb-e5ea-484b-b002-fdc65dc43ace-23456247935296","trial_id":39,"state":3,"values":null,"datetime_complete":"2026-07-24T12:45:36.580962"}
{"op_code":0,"worker_id":"2eecf887-e0f7-450c-8274-1d6177074a8b-23456247935296","study_name":"peter_tretail_k1","directions":[2]}
{"op_code":4,"worker_id":"2eecf887-e0f7-450c-8274-1d6177074a8b-23456247935296","study_id":0,"datetime_start":"2026-07-24T12:50:21.772519"}
{"op_code":9,"worker_id":"2eecf887-e0f7-450c-8274-1d6177074a8b-23456247935296","trial_id":40,"system_attr":{"tpe:relative_params:0":"{\"lr\": 0.2069843726273122, \"ratio\": 45.94214223974247}"}}
{"op_code":5,"worker_id":"2eecf887-e0f7-450c-8274-1d6177074a8b-23456247935296","trial_id":40,"param_name":"lr","param_value_internal":0.2069843726273122,"distribution":"{\"name\": \"FloatDistribution\", \"attributes\": {\"step\": null, \"low\": 1e-08, \"high\": 0.5, \"log\": true}}"}
{"op_code":5,"worker_id":"2eecf887-e0f7-450c-8274-1d6177074a8b-23456247935296","trial_id":40,"param_name":"ratio","param_value_internal":45.94214223974247,"distribution":"{\"name\": \"FloatDistribution\", \"attributes\": {\"step\": null, \"low\": 0.1, \"high\": 100.0, \"log\": true}}"}
{"op_code":6,"worker_id":"2eecf887-e0f7-450c-8274-1d6177074a8b-23456247935296","trial_id":40,"state":3,"values":null,"datetime_complete":"2026-07-24T12:50:35.664715"}
{"op_code":0,"worker_id":"56941fc6-e392-4c4c-9b51-dc062ac219ff-23456247935296","study_name":"peter_tretail_k1","directions":[2]}
{"op_code":4,"worker_id":"56941fc6-e392-4c4c-9b51-dc062ac219ff-23456247935296","study_id":0,"datetime_start":"2026-07-24T12:54:40.120890"}
{"op_code":9,"worker_id":"56941fc6-e392-4c4c-9b51-dc062ac219ff-23456247935296","trial_id":41,"system_attr":{"tpe:relative_params:0":"{\"lr\": 0.11977303075427306, \"ratio\": 24.95769486556411}"}}
{"op_code":5,"worker_id":"56941fc6-e392-4c4c-9b51-dc062ac219ff-23456247935296","trial_id":41,"param_name":"lr","param_value_internal":0.11977303075427306,"distribution":"{\"name\": \"FloatDistribution\", \"attributes\": {\"step\": null, \"low\": 1e-08, \"high\": 0.5, \"log\": true}}"}
{"op_code":5,"worker_id":"56941fc6-e392-4c4c-9b51-dc062ac219ff-23456247935296","trial_id":41,"param_name":"ratio","param_value_internal":24.95769486556411,"distribution":"{\"name\": \"FloatDistribution\", \"attributes\": {\"step\": null, \"low\": 0.1, \"high\": 100.0, \"log\": true}}"}
{"op_code":6,"worker_id":"56941fc6-e392-4c4c-9b51-dc062ac219ff-23456247935296","trial_id":41,"state":3,"values":null,"datetime_complete":"2026-07-24T12:54:54.639449"}
{"op_code":0,"worker_id":"645e92d6-a266-445e-8db6-19db79b6f68c-23456247935296","study_name":"peter_tretail_k1","directions":[2]}
{"op_code":4,"worker_id":"645e92d6-a266-445e-8db6-19db79b6f68c-23456247935296","study_id":0,"datetime_start":"2026-07-24T12:58:54.968371"}
{"op_code":9,"worker_id":"645e92d6-a266-445e-8db6-19db79b6f68c-23456247935296","trial_id":42,"system_attr":{"tpe:relative_params:0":"{\"lr\": 0.1603125873150882, \"ratio\": 20.528957734194574}"}}
{"op_code":5,"worker_id":"645e92d6-a266-445e-8db6-19db79b6f68c-23456247935296","trial_id":42,"param_name":"lr","param_value_internal":0.1603125873150882,"distribution":"{\"name\": \"FloatDistribution\", \"attributes\": {\"step\": null, \"low\": 1e-08, \"high\": 0.5, \"log\": true}}"}
{"op_code":5,"worker_id":"645e92d6-a266-445e-8db6-19db79b6f68c-23456247935296","trial_id":42,"param_name":"ratio","param_value_internal":20.528957734194574,"distribution":"{\"name\": \"FloatDistribution\", \"attributes\": {\"step\": null, \"low\": 0.1, \"high\": 100.0, \"log\": true}}"}
{"op_code":6,"worker_id":"645e92d6-a266-445e-8db6-19db79b6f68c-23456247935296","trial_id":42,"state":3,"values":null,"datetime_complete":"2026-07-24T12:59:04.372475"}
{"op_code":0,"worker_id":"e2d4c30d-3dd3-4e6c-9bca-84a4bf11981a-23456247935296","study_name":"peter_tretail_k1","directions":[2]}
{"op_code":4,"worker_id":"e2d4c30d-3dd3-4e6c-9bca-84a4bf11981a-23456247935296","study_id":0,"datetime_start":"2026-07-24T13:03:10.319430"}
{"op_code":9,"worker_id":"e2d4c30d-3dd3-4e6c-9bca-84a4bf11981a-23456247935296","trial_id":43,"system_attr":{"tpe:relative_params:0":"{\"lr\": 0.35581495301387683, \"ratio\": 47.46192577229095}"}}
{"op_code":5,"worker_id":"e2d4c30d-3dd3-4e6c-9bca-84a4bf11981a-23456247935296","trial_id":43,"param_name":"lr","param_value_internal":0.35581495301387683,"distribution":"{\"name\": \"FloatDistribution\", \"attributes\": {\"step\": null, \"low\": 1e-08, \"high\": 0.5, \"log\": true}}"}
{"op_code":5,"worker_id":"e2d4c30d-3dd3-4e6c-9bca-84a4bf11981a-23456247935296","trial_id":43,"param_name":"ratio","param_value_internal":47.46192577229095,"distribution":"{\"name\": \"FloatDistribution\", \"attributes\": {\"step\": null, \"low\": 0.1, \"high\": 100.0, \"log\": true}}"}
{"op_code":6,"worker_id":"e2d4c30d-3dd3-4e6c-9bca-84a4bf11981a-23456247935296","trial_id":43,"state":3,"values":null,"datetime_complete":"2026-07-24T13:03:18.885382"}
{"op_code":0,"worker_id":"e25665d0-adf9-4fb6-b609-b4471611f91c-23456247935296","study_name":"peter_tretail_k1","directions":[2]}
{"op_code":4,"worker_id":"e25665d0-adf9-4fb6-b609-b4471611f91c-23456247935296","study_id":0,"datetime_start":"2026-07-24T13:07:47.313815"}
{"op_code":9,"worker_id":"e25665d0-adf9-4fb6-b609-b4471611f91c-23456247935296","trial_id":44,"system_attr":{"tpe:relative_params:0":"{\"lr\": 0.1259536457082507, \"ratio\": 3.3721159996010277}"}}
{"op_code":5,"worker_id":"e25665d0-adf9-4fb6-b609-b4471611f91c-23456247935296","trial_id":44,"param_name":"lr","param_value_internal":0.1259536457082507,"distribution":"{\"name\": \"FloatDistribution\", \"attributes\": {\"step\": null, \"low\": 1e-08, \"high\": 0.5, \"log\": true}}"}
{"op_code":5,"worker_id":"e25665d0-adf9-4fb6-b609-b4471611f91c-23456247935296","trial_id":44,"param_name":"ratio","param_value_internal":3.3721159996010277,"distribution":"{\"name\": \"FloatDistribution\", \"attributes\": {\"step\": null, \"low\": 0.1, \"high\": 100.0, \"log\": true}}"}
{"op_code":6,"worker_id":"e25665d0-adf9-4fb6-b609-b4471611f91c-23456247935296","trial_id":44,"state":3,"values":null,"datetime_complete":"2026-07-24T13:08:00.167757"}
{"op_code":0,"worker_id":"8d97f0fd-d555-4e51-832b-c109cb77568f-23456247935296","study_name":"peter_tretail_k1","directions":[2]}
{"op_code":4,"worker_id":"8d97f0fd-d555-4e51-832b-c109cb77568f-23456247935296","study_id":0,"datetime_start":"2026-07-24T13:12:22.401488"}
{"op_code":9,"worker_id":"8d97f0fd-d555-4e51-832b-c109cb77568f-23456247935296","trial_id":45,"system_attr":{"tpe:relative_params:0":"{\"lr\": 0.43151985378717206, \"ratio\": 44.92554882363765}"}}
{"op_code":5,"worker_id":"8d97f0fd-d555-4e51-832b-c109cb77568f-23456247935296","trial_id":45,"param_name":"lr","param_value_internal":0.43151985378717206,"distribution":"{\"name\": \"FloatDistribution\", \"attributes\": {\"step\": null, \"low\": 1e-08, \"high\": 0.5, \"log\": true}}"}
{"op_code":5,"worker_id":"8d97f0fd-d555-4e51-832b-c109cb77568f-23456247935296","trial_id":45,"param_name":"ratio","param_value_internal":44.92554882363765,"distribution":"{\"name\": \"FloatDistribution\", \"attributes\": {\"step\": null, \"low\": 0.1, \"high\": 100.0, \"log\": true}}"}
{"op_code":6,"worker_id":"8d97f0fd-d555-4e51-832b-c109cb77568f-23456247935296","trial_id":45,"state":3,"values":null,"datetime_complete":"2026-07-24T13:12:37.661723"}
{"op_code":0,"worker_id":"fc270bd6-c9b8-45dd-bec1-d70759ee66cb-23456247935296","study_name":"peter_tretail_k1","directions":[2]}
{"op_code":4,"worker_id":"fc270bd6-c9b8-45dd-bec1-d70759ee66cb-23456247935296","study_id":0,"datetime_start":"2026-07-24T13:16:57.583403"}
{"op_code":9,"worker_id":"fc270bd6-c9b8-45dd-bec1-d70759ee66cb-23456247935296","trial_id":46,"system_attr":{"tpe:relative_params:0":"{\"lr\": 0.14873066651501848, \"ratio\": 14.330116921027393}"}}
{"op_code":5,"worker_id":"fc270bd6-c9b8-45dd-bec1-d70759ee66cb-23456247935296","trial_id":46,"param_name":"lr","param_value_internal":0.14873066651501848,"distribution":"{\"name\": \"FloatDistribution\", \"attributes\": {\"step\": null, \"low\": 1e-08, \"high\": 0.5, \"log\": true}}"}
{"op_code":5,"worker_id":"fc270bd6-c9b8-45dd-bec1-d70759ee66cb-23456247935296","trial_id":46,"param_name":"ratio","param_value_internal":14.330116921027393,"distribution":"{\"name\": \"FloatDistribution\", \"attributes\": {\"step\": null, \"low\": 0.1, \"high\": 100.0, \"log\": true}}"}
{"op_code":6,"worker_id":"fc270bd6-c9b8-45dd-bec1-d70759ee66cb-23456247935296","trial_id":46,"state":3,"values":null,"datetime_complete":"2026-07-24T13:17:08.333360"}
{"op_code":0,"worker_id":"6f0997a6-a256-4cbb-955b-f8eea61ccec4-23456247935296","study_name":"peter_tretail_k1","directions":[2]}
{"op_code":4,"worker_id":"6f0997a6-a256-4cbb-955b-f8eea61ccec4-23456247935296","study_id":0,"datetime_start":"2026-07-24T13:20:15.414693"}
{"op_code":9,"worker_id":"6f0997a6-a256-4cbb-955b-f8eea61ccec4-23456247935296","trial_id":47,"system_attr":{"tpe:relative_params:0":"{\"lr\": 0.32347018757908597, \"ratio\": 48.5413510577966}"}}
{"op_code":5,"worker_id":"6f0997a6-a256-4cbb-955b-f8eea61ccec4-23456247935296","trial_id":47,"param_name":"lr","param_value_internal":0.32347018757908597,"distribution":"{\"name\": \"FloatDistribution\", \"attributes\": {\"step\": null, \"low\": 1e-08, \"high\": 0.5, \"log\": true}}"}
{"op_code":5,"worker_id":"6f0997a6-a256-4cbb-955b-f8eea61ccec4-23456247935296","trial_id":47,"param_name":"ratio","param_value_internal":48.5413510577966,"distribution":"{\"name\": \"FloatDistribution\", \"attributes\": {\"step\": null, \"low\": 0.1, \"high\": 100.0, \"log\": true}}"}
{"op_code":6,"worker_id":"6f0997a6-a256-4cbb-955b-f8eea61ccec4-23456247935296","trial_id":47,"state":3,"values":null,"datetime_complete":"2026-07-24T13:20:25.375804"}
{"op_code":0,"worker_id":"c761dd88-1cd3-42d4-9e93-c42c198e9128-23456247935296","study_name":"peter_tretail_k1","directions":[2]}
{"op_code":4,"worker_id":"c761dd88-1cd3-42d4-9e93-c42c198e9128-23456247935296","study_id":0,"datetime_start":"2026-07-24T13:23:09.456413"}
{"op_code":9,"worker_id":"c761dd88-1cd3-42d4-9e93-c42c198e9128-23456247935296","trial_id":48,"system_attr":{"tpe:relative_params:0":"{\"lr\": 0.3094872683070237, \"ratio\": 25.779828046469976}"}}
{"op_code":5,"worker_id":"c761dd88-1cd3-42d4-9e93-c42c198e9128-23456247935296","trial_id":48,"param_name":"lr","param_value_internal":0.3094872683070237,"distribution":"{\"name\": \"FloatDistribution\", \"attributes\": {\"step\": null, \"low\": 1e-08, \"high\": 0.5, \"log\": true}}"}
{"op_code":5,"worker_id":"c761dd88-1cd3-42d4-9e93-c42c198e9128-23456247935296","trial_id":48,"param_name":"ratio","param_value_internal":25.779828046469976,"distribution":"{\"name\": \"FloatDistribution\", \"attributes\": {\"step\": null, \"low\": 0.1, \"high\": 100.0, \"log\": true}}"}
{"op_code":6,"worker_id":"c761dd88-1cd3-42d4-9e93-c42c198e9128-23456247935296","trial_id":48,"state":3,"values":null,"datetime_complete":"2026-07-24T13:23:18.047314"}
{"op_code":0,"worker_id":"4ed2a01b-8123-4cfb-b74c-d26c50f2c3d8-23456247935296","study_name":"peter_tretail_k1","directions":[2]}
{"op_code":4,"worker_id":"4ed2a01b-8123-4cfb-b74c-d26c50f2c3d8-23456247935296","study_id":0,"datetime_start":"2026-07-24T13:25:59.662019"}
{"op_code":9,"worker_id":"4ed2a01b-8123-4cfb-b74c-d26c50f2c3d8-23456247935296","trial_id":49,"system_attr":{"tpe:relative_params:0":"{\"lr\": 0.1236464224318733, \"ratio\": 12.376828796819979}"}}
{"op_code":5,"worker_id":"4ed2a01b-8123-4cfb-b74c-d26c50f2c3d8-23456247935296","trial_id":49,"param_name":"lr","param_value_internal":0.1236464224318733,"distribution":"{\"name\": \"FloatDistribution\", \"attributes\": {\"step\": null, \"low\": 1e-08, \"high\": 0.5, \"log\": true}}"}
{"op_code":5,"worker_id":"4ed2a01b-8123-4cfb-b74c-d26c50f2c3d8-23456247935296","trial_id":49,"param_name":"ratio","param_value_internal":12.376828796819979,"distribution":"{\"name\": \"FloatDistribution\", \"attributes\": {\"step\": null, \"low\": 0.1, \"high\": 100.0, \"log\": true}}"}
{"op_code":6,"worker_id":"4ed2a01b-8123-4cfb-b74c-d26c50f2c3d8-23456247935296","trial_id":49,"state":3,"values":null,"datetime_complete":"2026-07-24T13:26:21.208040"}
{"op_code":0,"worker_id":"d3efc138-3dbc-4ddc-829a-b15bf578f8e5-23456247935296","study_name":"peter_tretail_k1","directions":[2]}
{"op_code":4,"worker_id":"d3efc138-3dbc-4ddc-829a-b15bf578f8e5-23456247935296","study_id":0,"datetime_start":"2026-07-24T13:29:35.224351"}
{"op_code":9,"worker_id":"d3efc138-3dbc-4ddc-829a-b15bf578f8e5-23456247935296","trial_id":50,"system_attr":{"tpe:relative_params:0":"{\"lr\": 0.28537005436659674, \"ratio\": 79.73189575926796}"}}
{"op_code":5,"worker_id":"d3efc138-3dbc-4ddc-829a-b15bf578f8e5-23456247935296","trial_id":50,"param_name":"lr","param_value_internal":0.28537005436659674,"distribution":"{\"name\": \"FloatDistribution\", \"attributes\": {\"step\": null, \"low\": 1e-08, \"high\": 0.5, \"log\": true}}"}
{"op_code":5,"worker_id":"d3efc138-3dbc-4ddc-829a-b15bf578f8e5-23456247935296","trial_id":50,"param_name":"ratio","param_value_internal":79.73189575926796,"distribution":"{\"name\": \"FloatDistribution\", \"attributes\": {\"step\": null, \"low\": 0.1, \"high\": 100.0, \"log\": true}}"}
{"op_code":6,"worker_id":"d3efc138-3dbc-4ddc-829a-b15bf578f8e5-23456247935296","trial_id":50,"state":3,"values":null,"datetime_complete":"2026-07-24T13:29:45.299259"}
{"op_code":0,"worker_id":"c9703b09-9e1e-42d8-9145-c39f45b11095-23456247935296","study_name":"peter_tretail_k1","directions":[2]}
{"op_code":4,"worker_id":"c9703b09-9e1e-42d8-9145-c39f45b11095-23456247935296","study_id":0,"datetime_start":"2026-07-24T13:33:17.004496"}
{"op_code":9,"worker_id":"c9703b09-9e1e-42d8-9145-c39f45b11095-23456247935296","trial_id":51,"system_attr":{"tpe:relative_params:0":"{\"lr\": 0.2143966951432042, \"ratio\": 64.27531039197562}"}}
{"op_code":5,"worker_id":"c9703b09-9e1e-42d8-9145-c39f45b11095-23456247935296","trial_id":51,"param_name":"lr","param_value_internal":0.2143966951432042,"distribution":"{\"name\": \"FloatDistribution\", \"attributes\": {\"step\": null, \"low\": 1e-08, \"high\": 0.5, \"log\": true}}"}
{"op_code":5,"worker_id":"c9703b09-9e1e-42d8-9145-c39f45b11095-23456247935296","trial_id":51,"param_name":"ratio","param_value_internal":64.27531039197562,"distribution":"{\"name\": \"FloatDistribution\", \"attributes\": {\"step\": null, \"low\": 0.1, \"high\": 100.0, \"log\": true}}"}
{"op_code":6,"worker_id":"c9703b09-9e1e-42d8-9145-c39f45b11095-23456247935296","trial_id":51,"state":3,"values":null,"datetime_complete":"2026-07-24T13:33:26.136221"}
{"op_code":0,"worker_id":"9c0b5c53-02e1-4100-a366-b5b5e8fef646-23456247935296","study_name":"peter_tretail_k1","directions":[2]}
{"op_code":0,"worker_id":"a40d46ab-e9e5-4f62-bf73-22b964b916d2-23456247935296","study_name":"peter_tretail_k1","directions":[2]}
