{"op_code":0,"worker_id":"7a0689a2-26c4-44ff-9f1c-b572f887cdb8-20268","study_name":"peter_jester_k5","directions":[2]}
{"op_code":0,"worker_id":"db0c14f9-0bdb-4251-bbc6-5f008282a843-31232","study_name":"peter_jester_k5","directions":[2]}
{"op_code":4,"worker_id":"db0c14f9-0bdb-4251-bbc6-5f008282a843-31232","study_id":0,"datetime_start":"2026-07-24T09:13:00.543427"}
{"op_code":5,"worker_id":"db0c14f9-0bdb-4251-bbc6-5f008282a843-31232","trial_id":0,"param_name":"lr","param_value_internal":8.526423247271415e-05,"distribution":"{\"name\": \"FloatDistribution\", \"attributes\": {\"step\": null, \"low\": 1e-08, \"high\": 0.5, \"log\": true}}"}
{"op_code":5,"worker_id":"db0c14f9-0bdb-4251-bbc6-5f008282a843-31232","trial_id":0,"param_name":"ratio","param_value_internal":7.707062408372511,"distribution":"{\"name\": \"FloatDistribution\", \"attributes\": {\"step\": null, \"low\": 0.1, \"high\": 100.0, \"log\": true}}"}
{"op_code":0,"worker_id":"5824abe2-3441-409d-afa1-c57b2a7fb768-24408","study_name":"peter_jester_k5","directions":[2]}
{"op_code":4,"worker_id":"5824abe2-3441-409d-afa1-c57b2a7fb768-24408","study_id":0,"datetime_start":"2026-07-24T09:13:01.763394"}
{"op_code":5,"worker_id":"5824abe2-3441-409d-afa1-c57b2a7fb768-24408","trial_id":1,"param_name":"lr","param_value_internal":0.0005111580466169761,"distribution":"{\"name\": \"FloatDistribution\", \"attributes\": {\"step\": null, \"low\": 1e-08, \"high\": 0.5, \"log\": true}}"}
{"op_code":5,"worker_id":"5824abe2-3441-409d-afa1-c57b2a7fb768-24408","trial_id":1,"param_name":"ratio","param_value_internal":0.6920768252830055,"distribution":"{\"name\": \"FloatDistribution\", \"attributes\": {\"step\": null, \"low\": 0.1, \"high\": 100.0, \"log\": true}}"}
{"op_code":0,"worker_id":"27ba35e8-9a7c-4242-a151-4f528c116cc1-31232","study_name":"peter_jester_k5","directions":[2]}
{"op_code":4,"worker_id":"27ba35e8-9a7c-4242-a151-4f528c116cc1-31232","study_id":0,"datetime_start":"2026-07-24T09:13:02.650470"}
{"op_code":0,"worker_id":"c3c423c4-d4f2-4f8c-8ae8-7ddb75c0079d-23456247935296","study_name":"peter_jester_k5","directions":[2]}
{"op_code":0,"worker_id":"cbc5726d-a3df-458a-a6bf-6655131f69a0-23456247935296","study_name":"peter_jester_k5","directions":[2]}
{"op_code":4,"worker_id":"cbc5726d-a3df-458a-a6bf-6655131f69a0-23456247935296","study_id":0,"datetime_start":"2026-07-24T10:21:56.673807"}
{"op_code":5,"worker_id":"cbc5726d-a3df-458a-a6bf-6655131f69a0-23456247935296","trial_id":3,"param_name":"lr","param_value_internal":0.021029098273885268,"distribution":"{\"name\": \"FloatDistribution\", \"attributes\": {\"step\": null, \"low\": 1e-08, \"high\": 0.5, \"log\": true}}"}
{"op_code":5,"worker_id":"cbc5726d-a3df-458a-a6bf-6655131f69a0-23456247935296","trial_id":3,"param_name":"ratio","param_value_internal":3.7619706123791476,"distribution":"{\"name\": \"FloatDistribution\", \"attributes\": {\"step\": null, \"low\": 0.1, \"high\": 100.0, \"log\": true}}"}
{"op_code":0,"worker_id":"a424f41a-c79b-4d5b-a4e0-a2b703f637a5-23456247935296","study_name":"peter_jester_k5","directions":[2]}
{"op_code":4,"worker_id":"a424f41a-c79b-4d5b-a4e0-a2b703f637a5-23456247935296","study_id":0,"datetime_start":"2026-07-24T10:23:31.906549"}
{"op_code":5,"worker_id":"a424f41a-c79b-4d5b-a4e0-a2b703f637a5-23456247935296","trial_id":4,"param_name":"lr","param_value_internal":0.024959324182309343,"distribution":"{\"name\": \"FloatDistribution\", \"attributes\": {\"step\": null, \"low\": 1e-08, \"high\": 0.5, \"log\": true}}"}
{"op_code":5,"worker_id":"a424f41a-c79b-4d5b-a4e0-a2b703f637a5-23456247935296","trial_id":4,"param_name":"ratio","param_value_internal":2.356002167883207,"distribution":"{\"name\": \"FloatDistribution\", \"attributes\": {\"step\": null, \"low\": 0.1, \"high\": 100.0, \"log\": true}}"}
{"op_code":6,"worker_id":"cbc5726d-a3df-458a-a6bf-6655131f69a0-23456247935296","trial_id":3,"state":1,"values":[-64.84181944432842],"datetime_complete":"2026-07-24T10:23:49.954458"}
{"op_code":6,"worker_id":"a424f41a-c79b-4d5b-a4e0-a2b703f637a5-23456247935296","trial_id":4,"state":1,"values":[-64.73868177452611],"datetime_complete":"2026-07-24T10:25:06.363961"}
{"op_code":0,"worker_id":"00fe5d5a-bac7-45a7-9877-4b801f91c3a5-23456247935296","study_name":"peter_jester_k5","directions":[2]}
{"op_code":4,"worker_id":"00fe5d5a-bac7-45a7-9877-4b801f91c3a5-23456247935296","study_id":0,"datetime_start":"2026-07-24T10:27:18.701419"}
{"op_code":5,"worker_id":"00fe5d5a-bac7-45a7-9877-4b801f91c3a5-23456247935296","trial_id":5,"param_name":"lr","param_value_internal":5.3913431275052024e-06,"distribution":"{\"name\": \"FloatDistribution\", \"attributes\": {\"step\": null, \"low\": 1e-08, \"high\": 0.5, \"log\": true}}"}
{"op_code":5,"worker_id":"00fe5d5a-bac7-45a7-9877-4b801f91c3a5-23456247935296","trial_id":5,"param_name":"ratio","param_value_internal":1.2645592329885693,"distribution":"{\"name\": \"FloatDistribution\", \"attributes\": {\"step\": null, \"low\": 0.1, \"high\": 100.0, \"log\": true}}"}
{"op_code":6,"worker_id":"00fe5d5a-bac7-45a7-9877-4b801f91c3a5-23456247935296","trial_id":5,"state":1,"values":[-65.67396759844006],"datetime_complete":"2026-07-24T10:29:10.310137"}
{"op_code":0,"worker_id":"eee4114d-77e8-475f-8843-1c030bad9071-23456247935296","study_name":"peter_jester_k5","directions":[2]}
{"op_code":4,"worker_id":"eee4114d-77e8-475f-8843-1c030bad9071-23456247935296","study_id":0,"datetime_start":"2026-07-24T10:30:37.788639"}
{"op_code":5,"worker_id":"eee4114d-77e8-475f-8843-1c030bad9071-23456247935296","trial_id":6,"param_name":"lr","param_value_internal":0.00014008907494295053,"distribution":"{\"name\": \"FloatDistribution\", \"attributes\": {\"step\": null, \"low\": 1e-08, \"high\": 0.5, \"log\": true}}"}
{"op_code":5,"worker_id":"eee4114d-77e8-475f-8843-1c030bad9071-23456247935296","trial_id":6,"param_name":"ratio","param_value_internal":22.81649499934224,"distribution":"{\"name\": \"FloatDistribution\", \"attributes\": {\"step\": null, \"low\": 0.1, \"high\": 100.0, \"log\": true}}"}
{"op_code":6,"worker_id":"eee4114d-77e8-475f-8843-1c030bad9071-23456247935296","trial_id":6,"state":1,"values":[-65.50138777080187],"datetime_complete":"2026-07-24T10:32:30.523643"}
{"op_code":0,"worker_id":"949ea376-4ff3-425e-8195-41a73f0ea11a-23456247935296","study_name":"peter_jester_k5","directions":[2]}
{"op_code":4,"worker_id":"949ea376-4ff3-425e-8195-41a73f0ea11a-23456247935296","study_id":0,"datetime_start":"2026-07-24T10:34:12.497529"}
{"op_code":5,"worker_id":"949ea376-4ff3-425e-8195-41a73f0ea11a-23456247935296","trial_id":7,"param_name":"lr","param_value_internal":0.06492956739898353,"distribution":"{\"name\": \"FloatDistribution\", \"attributes\": {\"step\": null, \"low\": 1e-08, \"high\": 0.5, \"log\": true}}"}
{"op_code":5,"worker_id":"949ea376-4ff3-425e-8195-41a73f0ea11a-23456247935296","trial_id":7,"param_name":"ratio","param_value_internal":2.002657949948457,"distribution":"{\"name\": \"FloatDistribution\", \"attributes\": {\"step\": null, \"low\": 0.1, \"high\": 100.0, \"log\": true}}"}
{"op_code":6,"worker_id":"949ea376-4ff3-425e-8195-41a73f0ea11a-23456247935296","trial_id":7,"state":1,"values":[-66.13529869489952],"datetime_complete":"2026-07-24T10:35:47.837277"}
{"op_code":0,"worker_id":"a19f5760-937d-4df4-b805-bf92f88bde98-23456247935296","study_name":"peter_jester_k5","directions":[2]}
{"op_code":4,"worker_id":"a19f5760-937d-4df4-b805-bf92f88bde98-23456247935296","study_id":0,"datetime_start":"2026-07-24T10:37:32.848422"}
{"op_code":5,"worker_id":"a19f5760-937d-4df4-b805-bf92f88bde98-23456247935296","trial_id":8,"param_name":"lr","param_value_internal":2.431648591390523e-07,"distribution":"{\"name\": \"FloatDistribution\", \"attributes\": {\"step\": null, \"low\": 1e-08, \"high\": 0.5, \"log\": true}}"}
{"op_code":5,"worker_id":"a19f5760-937d-4df4-b805-bf92f88bde98-23456247935296","trial_id":8,"param_name":"ratio","param_value_internal":0.17288682116673917,"distribution":"{\"name\": \"FloatDistribution\", \"attributes\": {\"step\": null, \"low\": 0.1, \"high\": 100.0, \"log\": true}}"}
{"op_code":6,"worker_id":"a19f5760-937d-4df4-b805-bf92f88bde98-23456247935296","trial_id":8,"state":1,"values":[-65.67383484934734],"datetime_complete":"2026-07-24T10:39:26.174429"}
{"op_code":0,"worker_id":"10f80406-8026-4afd-8da5-01c8d84e12ba-23456247935296","study_name":"peter_jester_k5","directions":[2]}
{"op_code":4,"worker_id":"10f80406-8026-4afd-8da5-01c8d84e12ba-23456247935296","study_id":0,"datetime_start":"2026-07-24T10:41:49.826193"}
{"op_code":5,"worker_id":"10f80406-8026-4afd-8da5-01c8d84e12ba-23456247935296","trial_id":9,"param_name":"lr","param_value_internal":1.1429075294701915e-07,"distribution":"{\"name\": \"FloatDistribution\", \"attributes\": {\"step\": null, \"low\": 1e-08, \"high\": 0.5, \"log\": true}}"}
{"op_code":5,"worker_id":"10f80406-8026-4afd-8da5-01c8d84e12ba-23456247935296","trial_id":9,"param_name":"ratio","param_value_internal":0.5949636085566048,"distribution":"{\"name\": \"FloatDistribution\", \"attributes\": {\"step\": null, \"low\": 0.1, \"high\": 100.0, \"log\": true}}"}
{"op_code":6,"worker_id":"10f80406-8026-4afd-8da5-01c8d84e12ba-23456247935296","trial_id":9,"state":1,"values":[-65.67382991516723],"datetime_complete":"2026-07-24T10:43:43.419284"}
{"op_code":0,"worker_id":"7d4c3935-813a-44ef-bcbb-1f7b303e196f-23456247935296","study_name":"peter_jester_k5","directions":[2]}
{"op_code":4,"worker_id":"7d4c3935-813a-44ef-bcbb-1f7b303e196f-23456247935296","study_id":0,"datetime_start":"2026-07-24T10:45:51.047872"}
{"op_code":5,"worker_id":"7d4c3935-813a-44ef-bcbb-1f7b303e196f-23456247935296","trial_id":10,"param_name":"lr","param_value_internal":0.00029301294958294146,"distribution":"{\"name\": \"FloatDistribution\", \"attributes\": {\"step\": null, \"low\": 1e-08, \"high\": 0.5, \"log\": true}}"}
{"op_code":5,"worker_id":"7d4c3935-813a-44ef-bcbb-1f7b303e196f-23456247935296","trial_id":10,"param_name":"ratio","param_value_internal":0.803996965649012,"distribution":"{\"name\": \"FloatDistribution\", \"attributes\": {\"step\": null, \"low\": 0.1, \"high\": 100.0, \"log\": true}}"}
{"op_code":6,"worker_id":"7d4c3935-813a-44ef-bcbb-1f7b303e196f-23456247935296","trial_id":10,"state":1,"values":[-65.60650751530163],"datetime_complete":"2026-07-24T10:47:43.530756"}
{"op_code":0,"worker_id":"b31de143-7a95-4704-8645-30a16bfb40d6-23456247935296","study_name":"peter_jester_k5","directions":[2]}
{"op_code":4,"worker_id":"b31de143-7a95-4704-8645-30a16bfb40d6-23456247935296","study_id":0,"datetime_start":"2026-07-24T10:50:14.057100"}
{"op_code":5,"worker_id":"b31de143-7a95-4704-8645-30a16bfb40d6-23456247935296","trial_id":11,"param_name":"lr","param_value_internal":0.007065708608776227,"distribution":"{\"name\": \"FloatDistribution\", \"attributes\": {\"step\": null, \"low\": 1e-08, \"high\": 0.5, \"log\": true}}"}
{"op_code":5,"worker_id":"b31de143-7a95-4704-8645-30a16bfb40d6-23456247935296","trial_id":11,"param_name":"ratio","param_value_internal":0.6855699045617586,"distribution":"{\"name\": \"FloatDistribution\", \"attributes\": {\"step\": null, \"low\": 0.1, \"high\": 100.0, \"log\": true}}"}
{"op_code":6,"worker_id":"b31de143-7a95-4704-8645-30a16bfb40d6-23456247935296","trial_id":11,"state":1,"values":[-65.18930733857107],"datetime_complete":"2026-07-24T10:52:07.255031"}
{"op_code":0,"worker_id":"0c12e3dc-e6c2-41fc-8d17-19f64848e8fe-23456247935296","study_name":"peter_jester_k5","directions":[2]}
{"op_code":4,"worker_id":"0c12e3dc-e6c2-41fc-8d17-19f64848e8fe-23456247935296","study_id":0,"datetime_start":"2026-07-24T10:54:42.624882"}
{"op_code":5,"worker_id":"0c12e3dc-e6c2-41fc-8d17-19f64848e8fe-23456247935296","trial_id":12,"param_name":"lr","param_value_internal":0.0004309238444084006,"distribution":"{\"name\": \"FloatDistribution\", \"attributes\": {\"step\": null, \"low\": 1e-08, \"high\": 0.5, \"log\": true}}"}
{"op_code":5,"worker_id":"0c12e3dc-e6c2-41fc-8d17-19f64848e8fe-23456247935296","trial_id":12,"param_name":"ratio","param_value_internal":0.7460969886614137,"distribution":"{\"name\": \"FloatDistribution\", \"attributes\": {\"step\": null, \"low\": 0.1, \"high\": 100.0, \"log\": true}}"}
{"op_code":6,"worker_id":"0c12e3dc-e6c2-41fc-8d17-19f64848e8fe-23456247935296","trial_id":12,"state":1,"values":[-65.56668567380824],"datetime_complete":"2026-07-24T10:56:21.548940"}
{"op_code":0,"worker_id":"831e1749-fee6-42cf-8230-f0f2b0190599-23456247935296","study_name":"peter_jester_k5","directions":[2]}
{"op_code":4,"worker_id":"831e1749-fee6-42cf-8230-f0f2b0190599-23456247935296","study_id":0,"datetime_start":"2026-07-24T10:58:59.497682"}
{"op_code":9,"worker_id":"831e1749-fee6-42cf-8230-f0f2b0190599-23456247935296","trial_id":13,"system_attr":{"tpe:relative_params:0":"{\"lr\": 0.14232532937778558, \"ratio\": 52.26507759507849}"}}
{"op_code":5,"worker_id":"831e1749-fee6-42cf-8230-f0f2b0190599-23456247935296","trial_id":13,"param_name":"lr","param_value_internal":0.14232532937778558,"distribution":"{\"name\": \"FloatDistribution\", \"attributes\": {\"step\": null, \"low\": 1e-08, \"high\": 0.5, \"log\": true}}"}
{"op_code":5,"worker_id":"831e1749-fee6-42cf-8230-f0f2b0190599-23456247935296","trial_id":13,"param_name":"ratio","param_value_internal":52.26507759507849,"distribution":"{\"name\": \"FloatDistribution\", \"attributes\": {\"step\": null, \"low\": 0.1, \"high\": 100.0, \"log\": true}}"}
{"op_code":6,"worker_id":"831e1749-fee6-42cf-8230-f0f2b0190599-23456247935296","trial_id":13,"state":1,"values":[-67.14463014404559],"datetime_complete":"2026-07-24T11:00:43.300867"}
{"op_code":0,"worker_id":"bf68c7db-2041-4db1-8610-364bfb071e18-23456247935296","study_name":"peter_jester_k5","directions":[2]}
{"op_code":4,"worker_id":"bf68c7db-2041-4db1-8610-364bfb071e18-23456247935296","study_id":0,"datetime_start":"2026-07-24T11:04:13.435155"}
{"op_code":9,"worker_id":"bf68c7db-2041-4db1-8610-364bfb071e18-23456247935296","trial_id":14,"system_attr":{"tpe:relative_params:0":"{\"lr\": 2.2661657071735006e-08, \"ratio\": 74.5079106352881}"}}
{"op_code":5,"worker_id":"bf68c7db-2041-4db1-8610-364bfb071e18-23456247935296","trial_id":14,"param_name":"lr","param_value_internal":2.2661657071735006e-08,"distribution":"{\"name\": \"FloatDistribution\", \"attributes\": {\"step\": null, \"low\": 1e-08, \"high\": 0.5, \"log\": true}}"}
{"op_code":5,"worker_id":"bf68c7db-2041-4db1-8610-364bfb071e18-23456247935296","trial_id":14,"param_name":"ratio","param_value_internal":74.5079106352881,"distribution":"{\"name\": \"FloatDistribution\", \"attributes\": {\"step\": null, \"low\": 0.1, \"high\": 100.0, \"log\": true}}"}
{"op_code":6,"worker_id":"bf68c7db-2041-4db1-8610-364bfb071e18-23456247935296","trial_id":14,"state":1,"values":[-65.67382639417433],"datetime_complete":"2026-07-24T11:05:55.638208"}
{"op_code":0,"worker_id":"bfbf39a6-ed18-4691-9cef-120bced4efb3-23456247935296","study_name":"peter_jester_k5","directions":[2]}
{"op_code":4,"worker_id":"bfbf39a6-ed18-4691-9cef-120bced4efb3-23456247935296","study_id":0,"datetime_start":"2026-07-24T11:08:38.850645"}
{"op_code":9,"worker_id":"bfbf39a6-ed18-4691-9cef-120bced4efb3-23456247935296","trial_id":15,"system_attr":{"tpe:relative_params:0":"{\"lr\": 0.010231098471638351, \"ratio\": 8.681632587455672}"}}
{"op_code":5,"worker_id":"bfbf39a6-ed18-4691-9cef-120bced4efb3-23456247935296","trial_id":15,"param_name":"lr","param_value_internal":0.010231098471638351,"distribution":"{\"name\": \"FloatDistribution\", \"attributes\": {\"step\": null, \"low\": 1e-08, \"high\": 0.5, \"log\": true}}"}
{"op_code":5,"worker_id":"bfbf39a6-ed18-4691-9cef-120bced4efb3-23456247935296","trial_id":15,"param_name":"ratio","param_value_internal":8.681632587455672,"distribution":"{\"name\": \"FloatDistribution\", \"attributes\": {\"step\": null, \"low\": 0.1, \"high\": 100.0, \"log\": true}}"}
{"op_code":6,"worker_id":"bfbf39a6-ed18-4691-9cef-120bced4efb3-23456247935296","trial_id":15,"state":1,"values":[-65.0106750663472],"datetime_complete":"2026-07-24T11:10:24.078168"}
{"op_code":0,"worker_id":"43ae49fd-7045-4c1b-816e-8d95c877261e-23456247935296","study_name":"peter_jester_k5","directions":[2]}
{"op_code":4,"worker_id":"43ae49fd-7045-4c1b-816e-8d95c877261e-23456247935296","study_id":0,"datetime_start":"2026-07-24T11:13:09.663176"}
{"op_code":9,"worker_id":"43ae49fd-7045-4c1b-816e-8d95c877261e-23456247935296","trial_id":16,"system_attr":{"tpe:relative_params:0":"{\"lr\": 0.47073246399346985, \"ratio\": 8.512677629797984}"}}
{"op_code":5,"worker_id":"43ae49fd-7045-4c1b-816e-8d95c877261e-23456247935296","trial_id":16,"param_name":"lr","param_value_internal":0.47073246399346985,"distribution":"{\"name\": \"FloatDistribution\", \"attributes\": {\"step\": null, \"low\": 1e-08, \"high\": 0.5, \"log\": true}}"}
{"op_code":5,"worker_id":"43ae49fd-7045-4c1b-816e-8d95c877261e-23456247935296","trial_id":16,"param_name":"ratio","param_value_internal":8.512677629797984,"distribution":"{\"name\": \"FloatDistribution\", \"attributes\": {\"step\": null, \"low\": 0.1, \"high\": 100.0, \"log\": true}}"}
{"op_code":6,"worker_id":"43ae49fd-7045-4c1b-816e-8d95c877261e-23456247935296","trial_id":16,"state":3,"values":null,"datetime_complete":"2026-07-24T11:13:18.161406"}
{"op_code":0,"worker_id":"f6efde43-61e8-42a1-a33d-7d5ac3b83157-23456247935296","study_name":"peter_jester_k5","directions":[2]}
{"op_code":4,"worker_id":"f6efde43-61e8-42a1-a33d-7d5ac3b83157-23456247935296","study_id":0,"datetime_start":"2026-07-24T11:17:48.567971"}
{"op_code":9,"worker_id":"f6efde43-61e8-42a1-a33d-7d5ac3b83157-23456247935296","trial_id":17,"system_attr":{"tpe:relative_params:0":"{\"lr\": 0.11827872928870108, \"ratio\": 0.17134466015078187}"}}
{"op_code":5,"worker_id":"f6efde43-61e8-42a1-a33d-7d5ac3b83157-23456247935296","trial_id":17,"param_name":"lr","param_value_internal":0.11827872928870108,"distribution":"{\"name\": \"FloatDistribution\", \"attributes\": {\"step\": null, \"low\": 1e-08, \"high\": 0.5, \"log\": true}}"}
{"op_code":5,"worker_id":"f6efde43-61e8-42a1-a33d-7d5ac3b83157-23456247935296","trial_id":17,"param_name":"ratio","param_value_internal":0.17134466015078187,"distribution":"{\"name\": \"FloatDistribution\", \"attributes\": {\"step\": null, \"low\": 0.1, \"high\": 100.0, \"log\": true}}"}
{"op_code":6,"worker_id":"f6efde43-61e8-42a1-a33d-7d5ac3b83157-23456247935296","trial_id":17,"state":1,"values":[-65.358785032221],"datetime_complete":"2026-07-24T11:19:41.712239"}
{"op_code":0,"worker_id":"970a8ba1-614c-4d3e-9f52-74fff0f5b1da-23456247935296","study_name":"peter_jester_k5","directions":[2]}
{"op_code":4,"worker_id":"970a8ba1-614c-4d3e-9f52-74fff0f5b1da-23456247935296","study_id":0,"datetime_start":"2026-07-24T11:21:27.050182"}
{"op_code":9,"worker_id":"970a8ba1-614c-4d3e-9f52-74fff0f5b1da-23456247935296","trial_id":18,"system_attr":{"tpe:relative_params:0":"{\"lr\": 0.4945477267093081, \"ratio\": 1.6418245339891147}"}}
{"op_code":5,"worker_id":"970a8ba1-614c-4d3e-9f52-74fff0f5b1da-23456247935296","trial_id":18,"param_name":"lr","param_value_internal":0.4945477267093081,"distribution":"{\"name\": \"FloatDistribution\", \"attributes\": {\"step\": null, \"low\": 1e-08, \"high\": 0.5, \"log\": true}}"}
{"op_code":5,"worker_id":"970a8ba1-614c-4d3e-9f52-74fff0f5b1da-23456247935296","trial_id":18,"param_name":"ratio","param_value_internal":1.6418245339891147,"distribution":"{\"name\": \"FloatDistribution\", \"attributes\": {\"step\": null, \"low\": 0.1, \"high\": 100.0, \"log\": true}}"}
{"op_code":6,"worker_id":"970a8ba1-614c-4d3e-9f52-74fff0f5b1da-23456247935296","trial_id":18,"state":3,"values":null,"datetime_complete":"2026-07-24T11:21:35.450275"}
{"op_code":0,"worker_id":"0de33f18-7643-4a09-90ea-49fccea947dc-23456247935296","study_name":"peter_jester_k5","directions":[2]}
{"op_code":4,"worker_id":"0de33f18-7643-4a09-90ea-49fccea947dc-23456247935296","study_id":0,"datetime_start":"2026-07-24T11:25:42.785945"}
{"op_code":9,"worker_id":"0de33f18-7643-4a09-90ea-49fccea947dc-23456247935296","trial_id":19,"system_attr":{"tpe:relative_params:0":"{\"lr\": 0.32572671353881205, \"ratio\": 3.7251231278187458}"}}
{"op_code":5,"worker_id":"0de33f18-7643-4a09-90ea-49fccea947dc-23456247935296","trial_id":19,"param_name":"lr","param_value_internal":0.32572671353881205,"distribution":"{\"name\": \"FloatDistribution\", \"attributes\": {\"step\": null, \"low\": 1e-08, \"high\": 0.5, \"log\": true}}"}
{"op_code":5,"worker_id":"0de33f18-7643-4a09-90ea-49fccea947dc-23456247935296","trial_id":19,"param_name":"ratio","param_value_internal":3.7251231278187458,"distribution":"{\"name\": \"FloatDistribution\", \"attributes\": {\"step\": null, \"low\": 0.1, \"high\": 100.0, \"log\": true}}"}
{"op_code":6,"worker_id":"0de33f18-7643-4a09-90ea-49fccea947dc-23456247935296","trial_id":19,"state":1,"values":[-68.22763335643559],"datetime_complete":"2026-07-24T11:27:35.499457"}
{"op_code":0,"worker_id":"25d4bfaa-143b-4609-ab76-0a0e29ae22b5-23456247935296","study_name":"peter_jester_k5","directions":[2]}
{"op_code":4,"worker_id":"25d4bfaa-143b-4609-ab76-0a0e29ae22b5-23456247935296","study_id":0,"datetime_start":"2026-07-24T11:29:20.115908"}
{"op_code":9,"worker_id":"25d4bfaa-143b-4609-ab76-0a0e29ae22b5-23456247935296","trial_id":20,"system_attr":{"tpe:relative_params:0":"{\"lr\": 0.004913680940649967, \"ratio\": 4.3721868856403034}"}}
{"op_code":5,"worker_id":"25d4bfaa-143b-4609-ab76-0a0e29ae22b5-23456247935296","trial_id":20,"param_name":"lr","param_value_internal":0.004913680940649967,"distribution":"{\"name\": \"FloatDistribution\", \"attributes\": {\"step\": null, \"low\": 1e-08, \"high\": 0.5, \"log\": true}}"}
{"op_code":5,"worker_id":"25d4bfaa-143b-4609-ab76-0a0e29ae22b5-23456247935296","trial_id":20,"param_name":"ratio","param_value_internal":4.3721868856403034,"distribution":"{\"name\": \"FloatDistribution\", \"attributes\": {\"step\": null, \"low\": 0.1, \"high\": 100.0, \"log\": true}}"}
{"op_code":6,"worker_id":"25d4bfaa-143b-4609-ab76-0a0e29ae22b5-23456247935296","trial_id":20,"state":1,"values":[-65.01064114790829],"datetime_complete":"2026-07-24T11:31:16.114146"}
{"op_code":0,"worker_id":"e81f391c-5248-4631-ac0d-54dabf84dc9f-23456247935296","study_name":"peter_jester_k5","directions":[2]}
{"op_code":4,"worker_id":"e81f391c-5248-4631-ac0d-54dabf84dc9f-23456247935296","study_id":0,"datetime_start":"2026-07-24T11:34:46.531440"}
{"op_code":9,"worker_id":"e81f391c-5248-4631-ac0d-54dabf84dc9f-23456247935296","trial_id":21,"system_attr":{"tpe:relative_params:0":"{\"lr\": 0.3290813157755922, \"ratio\": 0.8751934358669617}"}}
{"op_code":5,"worker_id":"e81f391c-5248-4631-ac0d-54dabf84dc9f-23456247935296","trial_id":21,"param_name":"lr","param_value_internal":0.3290813157755922,"distribution":"{\"name\": \"FloatDistribution\", \"attributes\": {\"step\": null, \"low\": 1e-08, \"high\": 0.5, \"log\": true}}"}
{"op_code":5,"worker_id":"e81f391c-5248-4631-ac0d-54dabf84dc9f-23456247935296","trial_id":21,"param_name":"ratio","param_value_internal":0.8751934358669617,"distribution":"{\"name\": \"FloatDistribution\", \"attributes\": {\"step\": null, \"low\": 0.1, \"high\": 100.0, \"log\": true}}"}
{"op_code":6,"worker_id":"e81f391c-5248-4631-ac0d-54dabf84dc9f-23456247935296","trial_id":21,"state":3,"values":null,"datetime_complete":"2026-07-24T11:35:42.242606"}
{"op_code":0,"worker_id":"ba81e842-3991-49c3-9281-2cf45739c11a-23456247935296","study_name":"peter_jester_k5","directions":[2]}
{"op_code":4,"worker_id":"ba81e842-3991-49c3-9281-2cf45739c11a-23456247935296","study_id":0,"datetime_start":"2026-07-24T11:39:01.024102"}
{"op_code":9,"worker_id":"ba81e842-3991-49c3-9281-2cf45739c11a-23456247935296","trial_id":22,"system_attr":{"tpe:relative_params:0":"{\"lr\": 1.3593950187010646e-06, \"ratio\": 7.724125913482964}"}}
{"op_code":5,"worker_id":"ba81e842-3991-49c3-9281-2cf45739c11a-23456247935296","trial_id":22,"param_name":"lr","param_value_internal":1.3593950187010646e-06,"distribution":"{\"name\": \"FloatDistribution\", \"attributes\": {\"step\": null, \"low\": 1e-08, \"high\": 0.5, \"log\": true}}"}
{"op_code":5,"worker_id":"ba81e842-3991-49c3-9281-2cf45739c11a-23456247935296","trial_id":22,"param_name":"ratio","param_value_internal":7.724125913482964,"distribution":"{\"name\": \"FloatDistribution\", \"attributes\": {\"step\": null, \"low\": 0.1, \"high\": 100.0, \"log\": true}}"}
{"op_code":6,"worker_id":"ba81e842-3991-49c3-9281-2cf45739c11a-23456247935296","trial_id":22,"state":1,"values":[-65.67385291335569],"datetime_complete":"2026-07-24T11:41:00.031871"}
{"op_code":0,"worker_id":"e520dc8c-cfa5-4140-b04b-add1ada65946-23456247935296","study_name":"peter_jester_k5","directions":[2]}
{"op_code":4,"worker_id":"e520dc8c-cfa5-4140-b04b-add1ada65946-23456247935296","study_id":0,"datetime_start":"2026-07-24T11:42:47.414126"}
{"op_code":9,"worker_id":"e520dc8c-cfa5-4140-b04b-add1ada65946-23456247935296","trial_id":23,"system_attr":{"tpe:relative_params:0":"{\"lr\": 0.00014762025565968735, \"ratio\": 69.2061769586385}"}}
{"op_code":5,"worker_id":"e520dc8c-cfa5-4140-b04b-add1ada65946-23456247935296","trial_id":23,"param_name":"lr","param_value_internal":0.00014762025565968735,"distribution":"{\"name\": \"FloatDistribution\", \"attributes\": {\"step\": null, \"low\": 1e-08, \"high\": 0.5, \"log\": true}}"}
{"op_code":5,"worker_id":"e520dc8c-cfa5-4140-b04b-add1ada65946-23456247935296","trial_id":23,"param_name":"ratio","param_value_internal":69.2061769586385,"distribution":"{\"name\": \"FloatDistribution\", \"attributes\": {\"step\": null, \"low\": 0.1, \"high\": 100.0, \"log\": true}}"}
{"op_code":6,"worker_id":"e520dc8c-cfa5-4140-b04b-add1ada65946-23456247935296","trial_id":23,"state":1,"values":[-65.47995730428086],"datetime_complete":"2026-07-24T11:44:44.377785"}
{"op_code":0,"worker_id":"33a270c0-e341-41ca-bdf1-8d91dcc37dac-23456247935296","study_name":"peter_jester_k5","directions":[2]}
{"op_code":4,"worker_id":"33a270c0-e341-41ca-bdf1-8d91dcc37dac-23456247935296","study_id":0,"datetime_start":"2026-07-24T11:45:53.756167"}
{"op_code":9,"worker_id":"33a270c0-e341-41ca-bdf1-8d91dcc37dac-23456247935296","trial_id":24,"system_attr":{"tpe:relative_params:0":"{\"lr\": 0.00115819169769998, \"ratio\": 0.106498675649723}"}}
{"op_code":5,"worker_id":"33a270c0-e341-41ca-bdf1-8d91dcc37dac-23456247935296","trial_id":24,"param_name":"lr","param_value_internal":0.00115819169769998,"distribution":"{\"name\": \"FloatDistribution\", \"attributes\": {\"step\": null, \"low\": 1e-08, \"high\": 0.5, \"log\": true}}"}
{"op_code":5,"worker_id":"33a270c0-e341-41ca-bdf1-8d91dcc37dac-23456247935296","trial_id":24,"param_name":"ratio","param_value_internal":0.106498675649723,"distribution":"{\"name\": \"FloatDistribution\", \"attributes\": {\"step\": null, \"low\": 0.1, \"high\": 100.0, \"log\": true}}"}
{"op_code":6,"worker_id":"33a270c0-e341-41ca-bdf1-8d91dcc37dac-23456247935296","trial_id":24,"state":1,"values":[-65.67193428770864],"datetime_complete":"2026-07-24T11:47:44.489588"}
{"op_code":0,"worker_id":"5e5f4599-8c13-49aa-adb4-bb5b0fe2ab41-23456247935296","study_name":"peter_jester_k5","directions":[2]}
{"op_code":4,"worker_id":"5e5f4599-8c13-49aa-adb4-bb5b0fe2ab41-23456247935296","study_id":0,"datetime_start":"2026-07-24T11:49:38.805594"}
{"op_code":9,"worker_id":"5e5f4599-8c13-49aa-adb4-bb5b0fe2ab41-23456247935296","trial_id":25,"system_attr":{"tpe:relative_params:0":"{\"lr\": 0.12239986015857558, \"ratio\": 8.825908787946974}"}}
{"op_code":5,"worker_id":"5e5f4599-8c13-49aa-adb4-bb5b0fe2ab41-23456247935296","trial_id":25,"param_name":"lr","param_value_internal":0.12239986015857558,"distribution":"{\"name\": \"FloatDistribution\", \"attributes\": {\"step\": null, \"low\": 1e-08, \"high\": 0.5, \"log\": true}}"}
{"op_code":5,"worker_id":"5e5f4599-8c13-49aa-adb4-bb5b0fe2ab41-23456247935296","trial_id":25,"param_name":"ratio","param_value_internal":8.825908787946974,"distribution":"{\"name\": \"FloatDistribution\", \"attributes\": {\"step\": null, \"low\": 0.1, \"high\": 100.0, \"log\": true}}"}
{"op_code":6,"worker_id":"5e5f4599-8c13-49aa-adb4-bb5b0fe2ab41-23456247935296","trial_id":25,"state":1,"values":[-65.96607102820813],"datetime_complete":"2026-07-24T11:51:33.677337"}
{"op_code":0,"worker_id":"2fd19e25-14b3-451d-ba62-6a9bdfad14de-23456247935296","study_name":"peter_jester_k5","directions":[2]}
{"op_code":4,"worker_id":"2fd19e25-14b3-451d-ba62-6a9bdfad14de-23456247935296","study_id":0,"datetime_start":"2026-07-24T11:52:58.315859"}
{"op_code":9,"worker_id":"2fd19e25-14b3-451d-ba62-6a9bdfad14de-23456247935296","trial_id":26,"system_attr":{"tpe:relative_params:0":"{\"lr\": 0.15136307487829945, \"ratio\": 0.7620567314143804}"}}
{"op_code":5,"worker_id":"2fd19e25-14b3-451d-ba62-6a9bdfad14de-23456247935296","trial_id":26,"param_name":"lr","param_value_internal":0.15136307487829945,"distribution":"{\"name\": \"FloatDistribution\", \"attributes\": {\"step\": null, \"low\": 1e-08, \"high\": 0.5, \"log\": true}}"}
{"op_code":5,"worker_id":"2fd19e25-14b3-451d-ba62-6a9bdfad14de-23456247935296","trial_id":26,"param_name":"ratio","param_value_internal":0.7620567314143804,"distribution":"{\"name\": \"FloatDistribution\", \"attributes\": {\"step\": null, \"low\": 0.1, \"high\": 100.0, \"log\": true}}"}
{"op_code":6,"worker_id":"2fd19e25-14b3-451d-ba62-6a9bdfad14de-23456247935296","trial_id":26,"state":1,"values":[-66.66921379399501],"datetime_complete":"2026-07-24T11:54:53.362148"}
{"op_code":0,"worker_id":"01c91dc9-fffc-461c-8950-b617e74abbd7-23456247935296","study_name":"peter_jester_k5","directions":[2]}
{"op_code":4,"worker_id":"01c91dc9-fffc-461c-8950-b617e74abbd7-23456247935296","study_id":0,"datetime_start":"2026-07-24T11:56:26.817007"}
{"op_code":9,"worker_id":"01c91dc9-fffc-461c-8950-b617e74abbd7-23456247935296","trial_id":27,"system_attr":{"tpe:relative_params:0":"{\"lr\": 0.0008012508225489679, \"ratio\": 5.980893964694603}"}}
{"op_code":5,"worker_id":"01c91dc9-fffc-461c-8950-b617e74abbd7-23456247935296","trial_id":27,"param_name":"lr","param_value_internal":0.0008012508225489679,"distribution":"{\"name\": \"FloatDistribution\", \"attributes\": {\"step\": null, \"low\": 1e-08, \"high\": 0.5, \"log\": true}}"}
{"op_code":5,"worker_id":"01c91dc9-fffc-461c-8950-b617e74abbd7-23456247935296","trial_id":27,"param_name":"ratio","param_value_internal":5.980893964694603,"distribution":"{\"name\": \"FloatDistribution\", \"attributes\": {\"step\": null, \"low\": 0.1, \"high\": 100.0, \"log\": true}}"}
{"op_code":6,"worker_id":"01c91dc9-fffc-461c-8950-b617e74abbd7-23456247935296","trial_id":27,"state":1,"values":[-65.23072035376143],"datetime_complete":"2026-07-24T11:58:20.712788"}
{"op_code":0,"worker_id":"597fc6f9-182c-4fd5-b180-bea33cc90270-23456247935296","study_name":"peter_jester_k5","directions":[2]}
{"op_code":4,"worker_id":"597fc6f9-182c-4fd5-b180-bea33cc90270-23456247935296","study_id":0,"datetime_start":"2026-07-24T12:00:18.572956"}
{"op_code":9,"worker_id":"597fc6f9-182c-4fd5-b180-bea33cc90270-23456247935296","trial_id":28,"system_attr":{"tpe:relative_params:0":"{\"lr\": 0.0048723038114641334, \"ratio\": 2.99698584804938}"}}
{"op_code":5,"worker_id":"597fc6f9-182c-4fd5-b180-bea33cc90270-23456247935296","trial_id":28,"param_name":"lr","param_value_internal":0.0048723038114641334,"distribution":"{\"name\": \"FloatDistribution\", \"attributes\": {\"step\": null, \"low\": 1e-08, \"high\": 0.5, \"log\": true}}"}
{"op_code":5,"worker_id":"597fc6f9-182c-4fd5-b180-bea33cc90270-23456247935296","trial_id":28,"param_name":"ratio","param_value_internal":2.99698584804938,"distribution":"{\"name\": \"FloatDistribution\", \"attributes\": {\"step\": null, \"low\": 0.1, \"high\": 100.0, \"log\": true}}"}
{"op_code":6,"worker_id":"597fc6f9-182c-4fd5-b180-bea33cc90270-23456247935296","trial_id":28,"state":1,"values":[-65.03441408666924],"datetime_complete":"2026-07-24T12:02:08.640259"}
{"op_code":0,"worker_id":"130a7004-7cce-408e-b494-e31d7df65dcc-23456247935296","study_name":"peter_jester_k5","directions":[2]}
{"op_code":4,"worker_id":"130a7004-7cce-408e-b494-e31d7df65dcc-23456247935296","study_id":0,"datetime_start":"2026-07-24T12:04:14.662527"}
{"op_code":9,"worker_id":"130a7004-7cce-408e-b494-e31d7df65dcc-23456247935296","trial_id":29,"system_attr":{"tpe:relative_params:0":"{\"lr\": 0.009787936890282612, \"ratio\": 3.150497480910768}"}}
{"op_code":5,"worker_id":"130a7004-7cce-408e-b494-e31d7df65dcc-23456247935296","trial_id":29,"param_name":"lr","param_value_internal":0.009787936890282612,"distribution":"{\"name\": \"FloatDistribution\", \"attributes\": {\"step\": null, \"low\": 1e-08, \"high\": 0.5, \"log\": true}}"}
{"op_code":5,"worker_id":"130a7004-7cce-408e-b494-e31d7df65dcc-23456247935296","trial_id":29,"param_name":"ratio","param_value_internal":3.150497480910768,"distribution":"{\"name\": \"FloatDistribution\", \"attributes\": {\"step\": null, \"low\": 0.1, \"high\": 100.0, \"log\": true}}"}
{"op_code":6,"worker_id":"130a7004-7cce-408e-b494-e31d7df65dcc-23456247935296","trial_id":29,"state":1,"values":[-64.29973272934346],"datetime_complete":"2026-07-24T12:06:09.591580"}
{"op_code":0,"worker_id":"4061ece6-b1a4-489f-af5e-48ffb64e348f-23456247935296","study_name":"peter_jester_k5","directions":[2]}
{"op_code":4,"worker_id":"4061ece6-b1a4-489f-af5e-48ffb64e348f-23456247935296","study_id":0,"datetime_start":"2026-07-24T12:07:37.765950"}
{"op_code":9,"worker_id":"4061ece6-b1a4-489f-af5e-48ffb64e348f-23456247935296","trial_id":30,"system_attr":{"tpe:relative_params:0":"{\"lr\": 0.01054152775733278, \"ratio\": 3.777108319288281}"}}
{"op_code":5,"worker_id":"4061ece6-b1a4-489f-af5e-48ffb64e348f-23456247935296","trial_id":30,"param_name":"lr","param_value_internal":0.01054152775733278,"distribution":"{\"name\": \"FloatDistribution\", \"attributes\": {\"step\": null, \"low\": 1e-08, \"high\": 0.5, \"log\": true}}"}
{"op_code":5,"worker_id":"4061ece6-b1a4-489f-af5e-48ffb64e348f-23456247935296","trial_id":30,"param_name":"ratio","param_value_internal":3.777108319288281,"distribution":"{\"name\": \"FloatDistribution\", \"attributes\": {\"step\": null, \"low\": 0.1, \"high\": 100.0, \"log\": true}}"}
{"op_code":6,"worker_id":"4061ece6-b1a4-489f-af5e-48ffb64e348f-23456247935296","trial_id":30,"state":1,"values":[-64.39956971976207],"datetime_complete":"2026-07-24T12:09:31.020639"}
{"op_code":0,"worker_id":"34b4dfcf-e90a-40d7-a063-cd4ebcc18ef1-23456247935296","study_name":"peter_jester_k5","directions":[2]}
{"op_code":4,"worker_id":"34b4dfcf-e90a-40d7-a063-cd4ebcc18ef1-23456247935296","study_id":0,"datetime_start":"2026-07-24T12:11:35.523210"}
{"op_code":9,"worker_id":"34b4dfcf-e90a-40d7-a063-cd4ebcc18ef1-23456247935296","trial_id":31,"system_attr":{"tpe:relative_params:0":"{\"lr\": 0.010610290803391586, \"ratio\": 1.1496145689889707}"}}
{"op_code":5,"worker_id":"34b4dfcf-e90a-40d7-a063-cd4ebcc18ef1-23456247935296","trial_id":31,"param_name":"lr","param_value_internal":0.010610290803391586,"distribution":"{\"name\": \"FloatDistribution\", \"attributes\": {\"step\": null, \"low\": 1e-08, \"high\": 0.5, \"log\": true}}"}
{"op_code":5,"worker_id":"34b4dfcf-e90a-40d7-a063-cd4ebcc18ef1-23456247935296","trial_id":31,"param_name":"ratio","param_value_internal":1.1496145689889707,"distribution":"{\"name\": \"FloatDistribution\", \"attributes\": {\"step\": null, \"low\": 0.1, \"high\": 100.0, \"log\": true}}"}
{"op_code":6,"worker_id":"34b4dfcf-e90a-40d7-a063-cd4ebcc18ef1-23456247935296","trial_id":31,"state":1,"values":[-65.0718571474421],"datetime_complete":"2026-07-24T12:13:27.255612"}
{"op_code":0,"worker_id":"808fc240-c486-4d0b-91b0-87597776df11-23456247935296","study_name":"peter_jester_k5","directions":[2]}
{"op_code":4,"worker_id":"808fc240-c486-4d0b-91b0-87597776df11-23456247935296","study_id":0,"datetime_start":"2026-07-24T12:15:48.731942"}
{"op_code":9,"worker_id":"808fc240-c486-4d0b-91b0-87597776df11-23456247935296","trial_id":32,"system_attr":{"tpe:relative_params:0":"{\"lr\": 0.002986972727555475, \"ratio\": 11.656294910598634}"}}
{"op_code":5,"worker_id":"808fc240-c486-4d0b-91b0-87597776df11-23456247935296","trial_id":32,"param_name":"lr","param_value_internal":0.002986972727555475,"distribution":"{\"name\": \"FloatDistribution\", \"attributes\": {\"step\": null, \"low\": 1e-08, \"high\": 0.5, \"log\": true}}"}
{"op_code":5,"worker_id":"808fc240-c486-4d0b-91b0-87597776df11-23456247935296","trial_id":32,"param_name":"ratio","param_value_internal":11.656294910598634,"distribution":"{\"name\": \"FloatDistribution\", \"attributes\": {\"step\": null, \"low\": 0.1, \"high\": 100.0, \"log\": true}}"}
{"op_code":6,"worker_id":"808fc240-c486-4d0b-91b0-87597776df11-23456247935296","trial_id":32,"state":1,"values":[-64.4214856986901],"datetime_complete":"2026-07-24T12:17:39.877288"}
{"op_code":0,"worker_id":"20138386-acc7-4999-8196-55460884cfdd-23456247935296","study_name":"peter_jester_k5","directions":[2]}
{"op_code":4,"worker_id":"20138386-acc7-4999-8196-55460884cfdd-23456247935296","study_id":0,"datetime_start":"2026-07-24T12:19:00.017797"}
{"op_code":9,"worker_id":"20138386-acc7-4999-8196-55460884cfdd-23456247935296","trial_id":33,"system_attr":{"tpe:relative_params:0":"{\"lr\": 0.010717719748178638, \"ratio\": 25.841972872487986}"}}
{"op_code":5,"worker_id":"20138386-acc7-4999-8196-55460884cfdd-23456247935296","trial_id":33,"param_name":"lr","param_value_internal":0.010717719748178638,"distribution":"{\"name\": \"FloatDistribution\", \"attributes\": {\"step\": null, \"low\": 1e-08, \"high\": 0.5, \"log\": true}}"}
{"op_code":5,"worker_id":"20138386-acc7-4999-8196-55460884cfdd-23456247935296","trial_id":33,"param_name":"ratio","param_value_internal":25.841972872487986,"distribution":"{\"name\": \"FloatDistribution\", \"attributes\": {\"step\": null, \"low\": 0.1, \"high\": 100.0, \"log\": true}}"}
{"op_code":6,"worker_id":"20138386-acc7-4999-8196-55460884cfdd-23456247935296","trial_id":33,"state":1,"values":[-65.85904014422121],"datetime_complete":"2026-07-24T12:20:52.408194"}
{"op_code":0,"worker_id":"e7a0935b-5f9c-49f1-89fa-d5ad24d47def-23456247935296","study_name":"peter_jester_k5","directions":[2]}
{"op_code":4,"worker_id":"e7a0935b-5f9c-49f1-89fa-d5ad24d47def-23456247935296","study_id":0,"datetime_start":"2026-07-24T12:23:12.609769"}
{"op_code":9,"worker_id":"e7a0935b-5f9c-49f1-89fa-d5ad24d47def-23456247935296","trial_id":34,"system_attr":{"tpe:relative_params:0":"{\"lr\": 2.1345975737613685e-05, \"ratio\": 5.229405616688294}"}}
{"op_code":5,"worker_id":"e7a0935b-5f9c-49f1-89fa-d5ad24d47def-23456247935296","trial_id":34,"param_name":"lr","param_value_internal":2.1345975737613685e-05,"distribution":"{\"name\": \"FloatDistribution\", \"attributes\": {\"step\": null, \"low\": 1e-08, \"high\": 0.5, \"log\": true}}"}
{"op_code":5,"worker_id":"e7a0935b-5f9c-49f1-89fa-d5ad24d47def-23456247935296","trial_id":34,"param_name":"ratio","param_value_internal":5.229405616688294,"distribution":"{\"name\": \"FloatDistribution\", \"attributes\": {\"step\": null, \"low\": 0.1, \"high\": 100.0, \"log\": true}}"}
{"op_code":6,"worker_id":"e7a0935b-5f9c-49f1-89fa-d5ad24d47def-23456247935296","trial_id":34,"state":1,"values":[-65.67162630070457],"datetime_complete":"2026-07-24T12:25:01.104989"}
{"op_code":0,"worker_id":"bff8f5e8-c07e-4614-a29c-953036f74f9c-23456247935296","study_name":"peter_jester_k5","directions":[2]}
{"op_code":4,"worker_id":"bff8f5e8-c07e-4614-a29c-953036f74f9c-23456247935296","study_id":0,"datetime_start":"2026-07-24T12:29:25.573009"}
{"op_code":9,"worker_id":"bff8f5e8-c07e-4614-a29c-953036f74f9c-23456247935296","trial_id":35,"system_attr":{"tpe:relative_params:0":"{\"lr\": 0.0002147361038086714, \"ratio\": 4.819170369383689}"}}
{"op_code":5,"worker_id":"bff8f5e8-c07e-4614-a29c-953036f74f9c-23456247935296","trial_id":35,"param_name":"lr","param_value_internal":0.0002147361038086714,"distribution":"{\"name\": \"FloatDistribution\", \"attributes\": {\"step\": null, \"low\": 1e-08, \"high\": 0.5, \"log\": true}}"}
{"op_code":5,"worker_id":"bff8f5e8-c07e-4614-a29c-953036f74f9c-23456247935296","trial_id":35,"param_name":"ratio","param_value_internal":4.819170369383689,"distribution":"{\"name\": \"FloatDistribution\", \"attributes\": {\"step\": null, \"low\": 0.1, \"high\": 100.0, \"log\": true}}"}
{"op_code":6,"worker_id":"bff8f5e8-c07e-4614-a29c-953036f74f9c-23456247935296","trial_id":35,"state":1,"values":[-65.50283956407597],"datetime_complete":"2026-07-24T12:31:18.082424"}
{"op_code":0,"worker_id":"f1ed4e90-4fca-4a74-b899-900f49025fc2-23456247935296","study_name":"peter_jester_k5","directions":[2]}
{"op_code":4,"worker_id":"f1ed4e90-4fca-4a74-b899-900f49025fc2-23456247935296","study_id":0,"datetime_start":"2026-07-24T12:33:29.481405"}
{"op_code":9,"worker_id":"f1ed4e90-4fca-4a74-b899-900f49025fc2-23456247935296","trial_id":36,"system_attr":{"tpe:relative_params:0":"{\"lr\": 0.0008615434700892265, \"ratio\": 13.048797588796528}"}}
{"op_code":5,"worker_id":"f1ed4e90-4fca-4a74-b899-900f49025fc2-23456247935296","trial_id":36,"param_name":"lr","param_value_internal":0.0008615434700892265,"distribution":"{\"name\": \"FloatDistribution\", \"attributes\": {\"step\": null, \"low\": 1e-08, \"high\": 0.5, \"log\": true}}"}
{"op_code":5,"worker_id":"f1ed4e90-4fca-4a74-b899-900f49025fc2-23456247935296","trial_id":36,"param_name":"ratio","param_value_internal":13.048797588796528,"distribution":"{\"name\": \"FloatDistribution\", \"attributes\": {\"step\": null, \"low\": 0.1, \"high\": 100.0, \"log\": true}}"}
{"op_code":6,"worker_id":"f1ed4e90-4fca-4a74-b899-900f49025fc2-23456247935296","trial_id":36,"state":1,"values":[-65.19530330131536],"datetime_complete":"2026-07-24T12:35:33.704064"}
{"op_code":0,"worker_id":"7e33927f-9046-4019-ab6a-81b91bf72b62-23456247935296","study_name":"peter_jester_k5","directions":[2]}
{"op_code":4,"worker_id":"7e33927f-9046-4019-ab6a-81b91bf72b62-23456247935296","study_id":0,"datetime_start":"2026-07-24T12:37:39.577213"}
{"op_code":9,"worker_id":"7e33927f-9046-4019-ab6a-81b91bf72b62-23456247935296","trial_id":37,"system_attr":{"tpe:relative_params:0":"{\"lr\": 0.002688108914152145, \"ratio\": 2.895022727326666}"}}
{"op_code":5,"worker_id":"7e33927f-9046-4019-ab6a-81b91bf72b62-23456247935296","trial_id":37,"param_name":"lr","param_value_internal":0.002688108914152145,"distribution":"{\"name\": \"FloatDistribution\", \"attributes\": {\"step\": null, \"low\": 1e-08, \"high\": 0.5, \"log\": true}}"}
{"op_code":5,"worker_id":"7e33927f-9046-4019-ab6a-81b91bf72b62-23456247935296","trial_id":37,"param_name":"ratio","param_value_internal":2.895022727326666,"distribution":"{\"name\": \"FloatDistribution\", \"attributes\": {\"step\": null, \"low\": 0.1, \"high\": 100.0, \"log\": true}}"}
{"op_code":6,"worker_id":"7e33927f-9046-4019-ab6a-81b91bf72b62-23456247935296","trial_id":37,"state":1,"values":[-65.13854119898849],"datetime_complete":"2026-07-24T12:39:57.240578"}
{"op_code":0,"worker_id":"d3f98834-55ad-4085-a954-a8109762d59d-23456247935296","study_name":"peter_jester_k5","directions":[2]}
{"op_code":4,"worker_id":"d3f98834-55ad-4085-a954-a8109762d59d-23456247935296","study_id":0,"datetime_start":"2026-07-24T12:43:09.799685"}
{"op_code":9,"worker_id":"d3f98834-55ad-4085-a954-a8109762d59d-23456247935296","trial_id":38,"system_attr":{"tpe:relative_params:0":"{\"lr\": 0.013452268446365195, \"ratio\": 4.6807636127356504}"}}
{"op_code":5,"worker_id":"d3f98834-55ad-4085-a954-a8109762d59d-23456247935296","trial_id":38,"param_name":"lr","param_value_internal":0.013452268446365195,"distribution":"{\"name\": \"FloatDistribution\", \"attributes\": {\"step\": null, \"low\": 1e-08, \"high\": 0.5, \"log\": true}}"}
{"op_code":5,"worker_id":"d3f98834-55ad-4085-a954-a8109762d59d-23456247935296","trial_id":38,"param_name":"ratio","param_value_internal":4.6807636127356504,"distribution":"{\"name\": \"FloatDistribution\", \"attributes\": {\"step\": null, \"low\": 0.1, \"high\": 100.0, \"log\": true}}"}
{"op_code":6,"worker_id":"d3f98834-55ad-4085-a954-a8109762d59d-23456247935296","trial_id":38,"state":1,"values":[-64.7628278429809],"datetime_complete":"2026-07-24T12:44:57.497326"}
{"op_code":0,"worker_id":"7e2cfb20-7219-4943-8418-606272fe5d75-23456247935296","study_name":"peter_jester_k5","directions":[2]}
{"op_code":4,"worker_id":"7e2cfb20-7219-4943-8418-606272fe5d75-23456247935296","study_id":0,"datetime_start":"2026-07-24T12:48:08.388718"}
{"op_code":9,"worker_id":"7e2cfb20-7219-4943-8418-606272fe5d75-23456247935296","trial_id":39,"system_attr":{"tpe:relative_params:0":"{\"lr\": 3.2922048115398575e-08, \"ratio\": 3.036169530110945}"}}
{"op_code":5,"worker_id":"7e2cfb20-7219-4943-8418-606272fe5d75-23456247935296","trial_id":39,"param_name":"lr","param_value_internal":3.2922048115398575e-08,"distribution":"{\"name\": \"FloatDistribution\", \"attributes\": {\"step\": null, \"low\": 1e-08, \"high\": 0.5, \"log\": true}}"}
{"op_code":5,"worker_id":"7e2cfb20-7219-4943-8418-606272fe5d75-23456247935296","trial_id":39,"param_name":"ratio","param_value_internal":3.036169530110945,"distribution":"{\"name\": \"FloatDistribution\", \"attributes\": {\"step\": null, \"low\": 0.1, \"high\": 100.0, \"log\": true}}"}
{"op_code":6,"worker_id":"7e2cfb20-7219-4943-8418-606272fe5d75-23456247935296","trial_id":39,"state":1,"values":[-65.67382680754712],"datetime_complete":"2026-07-24T12:49:59.265267"}
{"op_code":0,"worker_id":"76ba1437-70cd-4083-a2f4-9c45709e0ec1-23456247935296","study_name":"peter_jester_k5","directions":[2]}
{"op_code":4,"worker_id":"76ba1437-70cd-4083-a2f4-9c45709e0ec1-23456247935296","study_id":0,"datetime_start":"2026-07-24T12:52:30.010089"}
{"op_code":9,"worker_id":"76ba1437-70cd-4083-a2f4-9c45709e0ec1-23456247935296","trial_id":40,"system_attr":{"tpe:relative_params:0":"{\"lr\": 0.138598405507976, \"ratio\": 2.5609654943465703}"}}
{"op_code":5,"worker_id":"76ba1437-70cd-4083-a2f4-9c45709e0ec1-23456247935296","trial_id":40,"param_name":"lr","param_value_internal":0.138598405507976,"distribution":"{\"name\": \"FloatDistribution\", \"attributes\": {\"step\": null, \"low\": 1e-08, \"high\": 0.5, \"log\": true}}"}
{"op_code":5,"worker_id":"76ba1437-70cd-4083-a2f4-9c45709e0ec1-23456247935296","trial_id":40,"param_name":"ratio","param_value_internal":2.5609654943465703,"distribution":"{\"name\": \"FloatDistribution\", \"attributes\": {\"step\": null, \"low\": 0.1, \"high\": 100.0, \"log\": true}}"}
{"op_code":6,"worker_id":"76ba1437-70cd-4083-a2f4-9c45709e0ec1-23456247935296","trial_id":40,"state":1,"values":[-65.39366571506046],"datetime_complete":"2026-07-24T12:54:19.805591"}
{"op_code":0,"worker_id":"ea8fbaaa-50ef-4e94-a4fb-e73cfd7cb34b-23456247935296","study_name":"peter_jester_k5","directions":[2]}
{"op_code":4,"worker_id":"ea8fbaaa-50ef-4e94-a4fb-e73cfd7cb34b-23456247935296","study_id":0,"datetime_start":"2026-07-24T12:57:01.939044"}
{"op_code":9,"worker_id":"ea8fbaaa-50ef-4e94-a4fb-e73cfd7cb34b-23456247935296","trial_id":41,"system_attr":{"tpe:relative_params:0":"{\"lr\": 0.0037563876748638284, \"ratio\": 17.17644169604163}"}}
{"op_code":5,"worker_id":"ea8fbaaa-50ef-4e94-a4fb-e73cfd7cb34b-23456247935296","trial_id":41,"param_name":"lr","param_value_internal":0.0037563876748638284,"distribution":"{\"name\": \"FloatDistribution\", \"attributes\": {\"step\": null, \"low\": 1e-08, \"high\": 0.5, \"log\": true}}"}
{"op_code":5,"worker_id":"ea8fbaaa-50ef-4e94-a4fb-e73cfd7cb34b-23456247935296","trial_id":41,"param_name":"ratio","param_value_internal":17.17644169604163,"distribution":"{\"name\": \"FloatDistribution\", \"attributes\": {\"step\": null, \"low\": 0.1, \"high\": 100.0, \"log\": true}}"}
{"op_code":6,"worker_id":"ea8fbaaa-50ef-4e94-a4fb-e73cfd7cb34b-23456247935296","trial_id":41,"state":1,"values":[-64.6468614392525],"datetime_complete":"2026-07-24T12:58:51.859229"}
{"op_code":0,"worker_id":"df013370-66d8-43d8-a909-852b4bf2d75d-23456247935296","study_name":"peter_jester_k5","directions":[2]}
{"op_code":4,"worker_id":"df013370-66d8-43d8-a909-852b4bf2d75d-23456247935296","study_id":0,"datetime_start":"2026-07-24T13:01:02.685441"}
{"op_code":9,"worker_id":"df013370-66d8-43d8-a909-852b4bf2d75d-23456247935296","trial_id":42,"system_attr":{"tpe:relative_params:0":"{\"lr\": 0.004536591290937438, \"ratio\": 25.885259562837025}"}}
{"op_code":5,"worker_id":"df013370-66d8-43d8-a909-852b4bf2d75d-23456247935296","trial_id":42,"param_name":"lr","param_value_internal":0.004536591290937438,"distribution":"{\"name\": \"FloatDistribution\", \"attributes\": {\"step\": null, \"low\": 1e-08, \"high\": 0.5, \"log\": true}}"}
{"op_code":5,"worker_id":"df013370-66d8-43d8-a909-852b4bf2d75d-23456247935296","trial_id":42,"param_name":"ratio","param_value_internal":25.885259562837025,"distribution":"{\"name\": \"FloatDistribution\", \"attributes\": {\"step\": null, \"low\": 0.1, \"high\": 100.0, \"log\": true}}"}
{"op_code":6,"worker_id":"df013370-66d8-43d8-a909-852b4bf2d75d-23456247935296","trial_id":42,"state":1,"values":[-65.78735721778749],"datetime_complete":"2026-07-24T13:03:21.318389"}
{"op_code":0,"worker_id":"31e7e6eb-a69a-4445-937c-16f681e04530-23456247935296","study_name":"peter_jester_k5","directions":[2]}
{"op_code":4,"worker_id":"31e7e6eb-a69a-4445-937c-16f681e04530-23456247935296","study_id":0,"datetime_start":"2026-07-24T13:05:19.205709"}
{"op_code":9,"worker_id":"31e7e6eb-a69a-4445-937c-16f681e04530-23456247935296","trial_id":43,"system_attr":{"tpe:relative_params:0":"{\"lr\": 0.002382005738211543, \"ratio\": 16.03423253373027}"}}
{"op_code":5,"worker_id":"31e7e6eb-a69a-4445-937c-16f681e04530-23456247935296","trial_id":43,"param_name":"lr","param_value_internal":0.002382005738211543,"distribution":"{\"name\": \"FloatDistribution\", \"attributes\": {\"step\": null, \"low\": 1e-08, \"high\": 0.5, \"log\": true}}"}
{"op_code":5,"worker_id":"31e7e6eb-a69a-4445-937c-16f681e04530-23456247935296","trial_id":43,"param_name":"ratio","param_value_internal":16.03423253373027,"distribution":"{\"name\": \"FloatDistribution\", \"attributes\": {\"step\": null, \"low\": 0.1, \"high\": 100.0, \"log\": true}}"}
{"op_code":6,"worker_id":"31e7e6eb-a69a-4445-937c-16f681e04530-23456247935296","trial_id":43,"state":1,"values":[-64.45560000941795],"datetime_complete":"2026-07-24T13:07:38.660545"}
{"op_code":0,"worker_id":"312a3adc-7e93-4e13-8839-fb591d4e4fb2-23456247935296","study_name":"peter_jester_k5","directions":[2]}
{"op_code":4,"worker_id":"312a3adc-7e93-4e13-8839-fb591d4e4fb2-23456247935296","study_id":0,"datetime_start":"2026-07-24T13:09:47.951839"}
{"op_code":9,"worker_id":"312a3adc-7e93-4e13-8839-fb591d4e4fb2-23456247935296","trial_id":44,"system_attr":{"tpe:relative_params:0":"{\"lr\": 0.0007298282494269898, \"ratio\": 8.986684174403518}"}}
{"op_code":5,"worker_id":"312a3adc-7e93-4e13-8839-fb591d4e4fb2-23456247935296","trial_id":44,"param_name":"lr","param_value_internal":0.0007298282494269898,"distribution":"{\"name\": \"FloatDistribution\", \"attributes\": {\"step\": null, \"low\": 1e-08, \"high\": 0.5, \"log\": true}}"}
{"op_code":5,"worker_id":"312a3adc-7e93-4e13-8839-fb591d4e4fb2-23456247935296","trial_id":44,"param_name":"ratio","param_value_internal":8.986684174403518,"distribution":"{\"name\": \"FloatDistribution\", \"attributes\": {\"step\": null, \"low\": 0.1, \"high\": 100.0, \"log\": true}}"}
{"op_code":6,"worker_id":"312a3adc-7e93-4e13-8839-fb591d4e4fb2-23456247935296","trial_id":44,"state":1,"values":[-65.23691263865611],"datetime_complete":"2026-07-24T13:11:49.458477"}
{"op_code":0,"worker_id":"99be2757-0b3a-4bc4-8647-152451800b2f-23456247935296","study_name":"peter_jester_k5","directions":[2]}
{"op_code":4,"worker_id":"99be2757-0b3a-4bc4-8647-152451800b2f-23456247935296","study_id":0,"datetime_start":"2026-07-24T13:14:52.129542"}
{"op_code":9,"worker_id":"99be2757-0b3a-4bc4-8647-152451800b2f-23456247935296","trial_id":45,"system_attr":{"tpe:relative_params:0":"{\"lr\": 0.002569202611099177, \"ratio\": 88.98391402822195}"}}
{"op_code":5,"worker_id":"99be2757-0b3a-4bc4-8647-152451800b2f-23456247935296","trial_id":45,"param_name":"lr","param_value_internal":0.002569202611099177,"distribution":"{\"name\": \"FloatDistribution\", \"attributes\": {\"step\": null, \"low\": 1e-08, \"high\": 0.5, \"log\": true}}"}
{"op_code":5,"worker_id":"99be2757-0b3a-4bc4-8647-152451800b2f-23456247935296","trial_id":45,"param_name":"ratio","param_value_internal":88.98391402822195,"distribution":"{\"name\": \"FloatDistribution\", \"attributes\": {\"step\": null, \"low\": 0.1, \"high\": 100.0, \"log\": true}}"}
{"op_code":6,"worker_id":"99be2757-0b3a-4bc4-8647-152451800b2f-23456247935296","trial_id":45,"state":1,"values":[-65.81907866609384],"datetime_complete":"2026-07-24T13:16:40.401601"}
{"op_code":0,"worker_id":"92b127f5-c1f7-42f3-b0fc-51b5fd02168e-23456247935296","study_name":"peter_jester_k5","directions":[2]}
{"op_code":4,"worker_id":"92b127f5-c1f7-42f3-b0fc-51b5fd02168e-23456247935296","study_id":0,"datetime_start":"2026-07-24T13:18:39.399890"}
{"op_code":9,"worker_id":"92b127f5-c1f7-42f3-b0fc-51b5fd02168e-23456247935296","trial_id":46,"system_attr":{"tpe:relative_params:0":"{\"lr\": 2.1900637347993603e-05, \"ratio\": 19.531351821000136}"}}
{"op_code":5,"worker_id":"92b127f5-c1f7-42f3-b0fc-51b5fd02168e-23456247935296","trial_id":46,"param_name":"lr","param_value_internal":2.1900637347993603e-05,"distribution":"{\"name\": \"FloatDistribution\", \"attributes\": {\"step\": null, \"low\": 1e-08, \"high\": 0.5, \"log\": true}}"}
{"op_code":5,"worker_id":"92b127f5-c1f7-42f3-b0fc-51b5fd02168e-23456247935296","trial_id":46,"param_name":"ratio","param_value_internal":19.531351821000136,"distribution":"{\"name\": \"FloatDistribution\", \"attributes\": {\"step\": null, \"low\": 0.1, \"high\": 100.0, \"log\": true}}"}
{"op_code":6,"worker_id":"92b127f5-c1f7-42f3-b0fc-51b5fd02168e-23456247935296","trial_id":46,"state":1,"values":[-65.66323711092124],"datetime_complete":"2026-07-24T13:21:00.983967"}
{"op_code":0,"worker_id":"31ed6de2-cd56-490e-af9c-95e6c44fd1fd-23456247935296","study_name":"peter_jester_k5","directions":[2]}
{"op_code":4,"worker_id":"31ed6de2-cd56-490e-af9c-95e6c44fd1fd-23456247935296","study_id":0,"datetime_start":"2026-07-24T13:21:43.101052"}
{"op_code":9,"worker_id":"31ed6de2-cd56-490e-af9c-95e6c44fd1fd-23456247935296","trial_id":47,"system_attr":{"tpe:relative_params:0":"{\"lr\": 0.005521644374721165, \"ratio\": 12.69305945827555}"}}
{"op_code":5,"worker_id":"31ed6de2-cd56-490e-af9c-95e6c44fd1fd-23456247935296","trial_id":47,"param_name":"lr","param_value_internal":0.005521644374721165,"distribution":"{\"name\": \"FloatDistribution\", \"attributes\": {\"step\": null, \"low\": 1e-08, \"high\": 0.5, \"log\": true}}"}
{"op_code":5,"worker_id":"31ed6de2-cd56-490e-af9c-95e6c44fd1fd-23456247935296","trial_id":47,"param_name":"ratio","param_value_internal":12.69305945827555,"distribution":"{\"name\": \"FloatDistribution\", \"attributes\": {\"step\": null, \"low\": 0.1, \"high\": 100.0, \"log\": true}}"}
{"op_code":6,"worker_id":"31ed6de2-cd56-490e-af9c-95e6c44fd1fd-23456247935296","trial_id":47,"state":1,"values":[-64.70802223017063],"datetime_complete":"2026-07-24T13:23:33.408461"}
{"op_code":0,"worker_id":"5bf8e3f9-1dca-46cc-a6ce-fc4ed90cb7ea-23456247935296","study_name":"peter_jester_k5","directions":[2]}
{"op_code":4,"worker_id":"5bf8e3f9-1dca-46cc-a6ce-fc4ed90cb7ea-23456247935296","study_id":0,"datetime_start":"2026-07-24T13:24:26.815592"}
{"op_code":9,"worker_id":"5bf8e3f9-1dca-46cc-a6ce-fc4ed90cb7ea-23456247935296","trial_id":48,"system_attr":{"tpe:relative_params:0":"{\"lr\": 0.028393580999194378, \"ratio\": 24.401974178097745}"}}
{"op_code":5,"worker_id":"5bf8e3f9-1dca-46cc-a6ce-fc4ed90cb7ea-23456247935296","trial_id":48,"param_name":"lr","param_value_internal":0.028393580999194378,"distribution":"{\"name\": \"FloatDistribution\", \"attributes\": {\"step\": null, \"low\": 1e-08, \"high\": 0.5, \"log\": true}}"}
{"op_code":5,"worker_id":"5bf8e3f9-1dca-46cc-a6ce-fc4ed90cb7ea-23456247935296","trial_id":48,"param_name":"ratio","param_value_internal":24.401974178097745,"distribution":"{\"name\": \"FloatDistribution\", \"attributes\": {\"step\": null, \"low\": 0.1, \"high\": 100.0, \"log\": true}}"}
{"op_code":6,"worker_id":"5bf8e3f9-1dca-46cc-a6ce-fc4ed90cb7ea-23456247935296","trial_id":48,"state":1,"values":[-65.96742856417222],"datetime_complete":"2026-07-24T13:26:58.683869"}
{"op_code":0,"worker_id":"05bca744-1bb9-483a-8b17-de09ed9f9bc8-23456247935296","study_name":"peter_jester_k5","directions":[2]}
{"op_code":4,"worker_id":"05bca744-1bb9-483a-8b17-de09ed9f9bc8-23456247935296","study_id":0,"datetime_start":"2026-07-24T13:27:41.535880"}
{"op_code":9,"worker_id":"05bca744-1bb9-483a-8b17-de09ed9f9bc8-23456247935296","trial_id":49,"system_attr":{"tpe:relative_params:0":"{\"lr\": 0.0016468244304778665, \"ratio\": 11.134194684058516}"}}
{"op_code":5,"worker_id":"05bca744-1bb9-483a-8b17-de09ed9f9bc8-23456247935296","trial_id":49,"param_name":"lr","param_value_internal":0.0016468244304778665,"distribution":"{\"name\": \"FloatDistribution\", \"attributes\": {\"step\": null, \"low\": 1e-08, \"high\": 0.5, \"log\": true}}"}
{"op_code":5,"worker_id":"05bca744-1bb9-483a-8b17-de09ed9f9bc8-23456247935296","trial_id":49,"param_name":"ratio","param_value_internal":11.134194684058516,"distribution":"{\"name\": \"FloatDistribution\", \"attributes\": {\"step\": null, \"low\": 0.1, \"high\": 100.0, \"log\": true}}"}
{"op_code":6,"worker_id":"05bca744-1bb9-483a-8b17-de09ed9f9bc8-23456247935296","trial_id":49,"state":1,"values":[-65.09406595147577],"datetime_complete":"2026-07-24T13:29:26.885517"}
{"op_code":0,"worker_id":"d3ebf8d2-10af-4764-b52f-63cee778ae5c-23456247935296","study_name":"peter_jester_k5","directions":[2]}
{"op_code":4,"worker_id":"d3ebf8d2-10af-4764-b52f-63cee778ae5c-23456247935296","study_id":0,"datetime_start":"2026-07-24T13:31:28.576314"}
{"op_code":9,"worker_id":"d3ebf8d2-10af-4764-b52f-63cee778ae5c-23456247935296","trial_id":50,"system_attr":{"tpe:relative_params:0":"{\"lr\": 0.003475020447575809, \"ratio\": 12.464609375517442}"}}
{"op_code":5,"worker_id":"d3ebf8d2-10af-4764-b52f-63cee778ae5c-23456247935296","trial_id":50,"param_name":"lr","param_value_internal":0.003475020447575809,"distribution":"{\"name\": \"FloatDistribution\", \"attributes\": {\"step\": null, \"low\": 1e-08, \"high\": 0.5, \"log\": true}}"}
{"op_code":5,"worker_id":"d3ebf8d2-10af-4764-b52f-63cee778ae5c-23456247935296","trial_id":50,"param_name":"ratio","param_value_internal":12.464609375517442,"distribution":"{\"name\": \"FloatDistribution\", \"attributes\": {\"step\": null, \"low\": 0.1, \"high\": 100.0, \"log\": true}}"}
{"op_code":6,"worker_id":"d3ebf8d2-10af-4764-b52f-63cee778ae5c-23456247935296","trial_id":50,"state":1,"values":[-64.39360022833581],"datetime_complete":"2026-07-24T13:33:51.150737"}
{"op_code":0,"worker_id":"9cf10e54-8183-4ac8-962e-b92948442beb-23456247935296","study_name":"peter_jester_k5","directions":[2]}
{"op_code":4,"worker_id":"9cf10e54-8183-4ac8-962e-b92948442beb-23456247935296","study_id":0,"datetime_start":"2026-07-24T13:35:10.698400"}
{"op_code":9,"worker_id":"9cf10e54-8183-4ac8-962e-b92948442beb-23456247935296","trial_id":51,"system_attr":{"tpe:relative_params:0":"{\"lr\": 0.005358234201989496, \"ratio\": 9.322672268624766}"}}
{"op_code":5,"worker_id":"9cf10e54-8183-4ac8-962e-b92948442beb-23456247935296","trial_id":51,"param_name":"lr","param_value_internal":0.005358234201989496,"distribution":"{\"name\": \"FloatDistribution\", \"attributes\": {\"step\": null, \"low\": 1e-08, \"high\": 0.5, \"log\": true}}"}
{"op_code":5,"worker_id":"9cf10e54-8183-4ac8-962e-b92948442beb-23456247935296","trial_id":51,"param_name":"ratio","param_value_internal":9.322672268624766,"distribution":"{\"name\": \"FloatDistribution\", \"attributes\": {\"step\": null, \"low\": 0.1, \"high\": 100.0, \"log\": true}}"}
{"op_code":6,"worker_id":"9cf10e54-8183-4ac8-962e-b92948442beb-23456247935296","trial_id":51,"state":1,"values":[-64.53932331690302],"datetime_complete":"2026-07-24T13:37:05.279980"}
{"op_code":0,"worker_id":"32a12c08-1c20-4d1d-b1a5-1d3d28b3f7f0-23456247935296","study_name":"peter_jester_k5","directions":[2]}
{"op_code":4,"worker_id":"32a12c08-1c20-4d1d-b1a5-1d3d28b3f7f0-23456247935296","study_id":0,"datetime_start":"2026-07-24T13:37:45.548751"}
{"op_code":9,"worker_id":"32a12c08-1c20-4d1d-b1a5-1d3d28b3f7f0-23456247935296","trial_id":52,"system_attr":{"tpe:relative_params:0":"{\"lr\": 0.0017644324408862594, \"ratio\": 2.072259539392236}"}}
{"op_code":5,"worker_id":"32a12c08-1c20-4d1d-b1a5-1d3d28b3f7f0-23456247935296","trial_id":52,"param_name":"lr","param_value_internal":0.0017644324408862594,"distribution":"{\"name\": \"FloatDistribution\", \"attributes\": {\"step\": null, \"low\": 1e-08, \"high\": 0.5, \"log\": true}}"}
{"op_code":5,"worker_id":"32a12c08-1c20-4d1d-b1a5-1d3d28b3f7f0-23456247935296","trial_id":52,"param_name":"ratio","param_value_internal":2.072259539392236,"distribution":"{\"name\": \"FloatDistribution\", \"attributes\": {\"step\": null, \"low\": 0.1, \"high\": 100.0, \"log\": true}}"}
{"op_code":6,"worker_id":"32a12c08-1c20-4d1d-b1a5-1d3d28b3f7f0-23456247935296","trial_id":52,"state":1,"values":[-65.18443858941068],"datetime_complete":"2026-07-24T13:39:51.710915"}
{"op_code":0,"worker_id":"0a76710f-f819-46d2-ae01-b22ee09da3d1-23456247935296","study_name":"peter_jester_k5","directions":[2]}
{"op_code":0,"worker_id":"bdc558ee-c116-4bf3-98f5-3ef29bf9bae3-23456247935296","study_name":"peter_jester_k5","directions":[2]}
